
  Failed to load "D:/Work/psycho_app/0.0.1.x_dev/test/services/summary_service_test.dart":
  Compilation failed for 
testPath=D:/Work/psycho_app/0.0.1.x_dev/test/services/summary_service_test.dart: 
test/services/summary_service_test.dart:476:9: Error: Undefined name 'ConfidenceLevel'.
[38;5;196mтФВ тЫФ TestResult.fromJson: Failed to parse factorScores[0m
00:04 +83 -13: Some tests failed.


