
тФМтФАтФАтФАтФАтФАтФАтФАтФАтФАтФАтФАтФАтФАтФАтФАтФАтФАтФАтФАтФАтФАтФАтФАтФАтФАтФАтФАтФАтФАтФАтФАтФАтФАтФАтФАтФАтФАтФАтФАтФАтФАтФАтФАтФАтФАтФАтФАтФАтФАтФАтФАтФАтФАтФАтФАтФАтФАтФР
тФВ A new version of Flutter is available!                  тФВ
тФВ                                                         тФВ
тФВ To update to the latest version, run "flutter upgrade". тФВ
тФФтФАтФАтФАтФАтФАтФАтФАтФАтФАтФАтФАтФАтФАтФАтФАтФАтФАтФАтФАтФАтФАтФАтФАтФАтФАтФАтФАтФАтФАтФАтФАтФАтФАтФАтФАтФАтФАтФАтФАтФАтФАтФАтФАтФАтФАтФАтФАтФАтФАтФАтФАтФАтФАтФАтФАтФАтФАтФШ
00:00 +0: loading D:/Work/psycho_app/0.0.1.x_dev/test/model_validation_test.dart
flutter : test/model_validation_test.dart:376:31: Error: Undefined name 'ConfidenceLevel'.
строка:1 знак:1
+ flutter test > test_output.txt 2>&1
+ ~~~~~~~~~~~~~~~~~~~~~~~~~~~~~~~~~~~
    + CategoryInfo          : NotSpecified: (test/model_vali...nfidenceLevel'.:String) [], RemoteExcept 
   ion
    + FullyQualifiedErrorId : NativeCommandError
 
      expect(data.confidence, ConfidenceLevel.high);
                              ^^^^^^^^^^^^^^^
test/model_validation_test.dart:393:31: Error: Undefined name 'ConfidenceLevel'.
      expect(data.confidence, ConfidenceLevel.low); // Fallback
                              ^^^^^^^^^^^^^^^
00:00 +0 -1: loading D:/Work/psycho_app/0.0.1.x_dev/test/model_validation_test.dart [E]
  Failed to load "D:/Work/psycho_app/0.0.1.x_dev/test/model_validation_test.dart":
  Compilation failed for testPath=D:/Work/psycho_app/0.0.1.x_dev/test/model_validation_test.dart: test/model_validation_test.dart:376:31: Error: Undefined name 'ConfidenceLevel'.
        expect(data.confidence, ConfidenceLevel.high);
                                ^^^^^^^^^^^^^^^
  test/model_validation_test.dart:393:31: Error: Undefined name 'ConfidenceLevel'.
        expect(data.confidence, ConfidenceLevel.low); // Fallback
                                ^^^^^^^^^^^^^^^
  .
  Error: The Dart compiler exited unexpectedly.
  package:flutter_tools/src/base/common.dart 34:3  throwToolExit
  package:flutter_tools/src/compile.dart 910:11    DefaultResidentCompiler._compile.<fn>
  dart:async/zone.dart 1538:47                     _rootRunUnary
  dart:async/zone.dart 1429:19                     _CustomZone.runUnary
  dart:async/future_impl.dart 948:45               Future._propagateToListeners.handleValueCallback
  dart:async/future_impl.dart 977:13               Future._propagateToListeners
  dart:async/future_impl.dart 862:9                Future._propagateToListeners
  dart:async/future_impl.dart 720:5                Future._completeWithValue
  dart:async/future_impl.dart 804:7                Future._asyncCompleteWithValue.<fn>
  dart:async/zone.dart 1525:13                     _rootRun
  dart:async/zone.dart 1422:19                     _CustomZone.run
  dart:async/zone.dart 1321:7                      _CustomZone.runGuarded
  dart:async/zone.dart 1362:23                     _CustomZone.bindCallbackGuarded.<fn>
  dart:async/schedule_microtask.dart 40:35         _microtaskLoop
  dart:async/schedule_microtask.dart 49:5          _startMicrotaskLoop
  dart:isolate-patch/isolate_patch.dart 127:13     _runPendingImmediateCallback
  dart:isolate-patch/isolate_patch.dart 194:5      _RawReceivePort._handleMessage
  
Error: Couldn't resolve the package 'psycho_app' in 
'package:psycho_app/config/summary/personality_type_scales.dart'.
test/personality_type_scales_test.dart:2:8: Error: Not found: 
'package:psycho_app/config/summary/personality_type_scales.dart'
import 'package:psycho_app/config/summary/personality_type_scales.dart';
       ^
test/personality_type_scales_test.dart:21:25: Error: Undefined name 'PersonalityTypeScales'.
        final bipolar = PersonalityTypeScales.convertToBipolarScores(typeScales);
                        ^^^^^^^^^^^^^^^^^^^^^
test/personality_type_scales_test.dart:44:25: Error: Undefined name 'PersonalityTypeScales'.
        final bipolar = PersonalityTypeScales.convertToBipolarScores(typeScales);
                        ^^^^^^^^^^^^^^^^^^^^^
test/personality_type_scales_test.dart:63:25: Error: Undefined name 'PersonalityTypeScales'.
        final bipolar = PersonalityTypeScales.convertToBipolarScores(typeScales);
                        ^^^^^^^^^^^^^^^^^^^^^
test/personality_type_scales_test.dart:88:22: Error: Undefined name 'PersonalityTypeScales'.
        final type = PersonalityTypeScales.determineTypeCode(typeScales);
                     ^^^^^^^^^^^^^^^^^^^^^
test/personality_type_scales_test.dart:108:22: Error: Undefined name 'PersonalityTypeScales'.
        final type = PersonalityTypeScales.determineTypeCode(typeScales);
                     ^^^^^^^^^^^^^^^^^^^^^
test/personality_type_scales_test.dart:128:22: Error: Undefined name 'PersonalityTypeScales'.
        final type = PersonalityTypeScales.determineTypeCode(typeScales);
                     ^^^^^^^^^^^^^^^^^^^^^
test/personality_type_scales_test.dart:148:22: Error: Undefined name 'PersonalityTypeScales'.
        final type = PersonalityTypeScales.determineTypeCode(typeScales);
                     ^^^^^^^^^^^^^^^^^^^^^
test/personality_type_scales_test.dart:164:37: Error: Undefined name 'PersonalityTypeScales'.
        final (scale, percentage) = PersonalityTypeScales.getDominantScale('EI', typeScales);
                                    ^^^^^^^^^^^^^^^^^^^^^
test/personality_type_scales_test.dart:179:37: Error: Undefined name 'PersonalityTypeScales'.
        final (scale, percentage) = PersonalityTypeScales.getDominantScale('EI', typeScales);
                                    ^^^^^^^^^^^^^^^^^^^^^
test/personality_type_scales_test.dart:191:37: Error: Undefined name 'PersonalityTypeScales'.
        final (scale, percentage) = PersonalityTypeScales.getDominantScale('EI', typeScales);
                                    ^^^^^^^^^^^^^^^^^^^^^
test/personality_type_scales_test.dart:214:29: Error: Undefined name 'PersonalityTypeScales'.
        final displayData = PersonalityTypeScales.getUIDisplayData(typeScales, 'ru');
                            ^^^^^^^^^^^^^^^^^^^^^
test/personality_type_scales_test.dart:246:29: Error: Undefined name 'PersonalityTypeScales'.
        final displayData = PersonalityTypeScales.getUIDisplayData(typeScales, 'en');
                            ^^^^^^^^^^^^^^^^^^^^^
test/personality_type_scales_test.dart:263:29: Error: Undefined name 'PersonalityTypeScales'.
        final displayData = PersonalityTypeScales.getUIDisplayData(typeScales, 'ru');
                            ^^^^^^^^^^^^^^^^^^^^^
test/personality_type_scales_test.dart:273:16: Error: Undefined name 'PersonalityTypeUtils'.
        expect(PersonalityTypeUtils.isPersonalityTypeTest('sixteen_types'), isTrue);
               ^^^^^^^^^^^^^^^^^^^^
test/personality_type_scales_test.dart:274:16: Error: Undefined name 'PersonalityTypeUtils'.
        expect(PersonalityTypeUtils.isPersonalityTypeTest('ipip_big_five'), isFalse);
               ^^^^^^^^^^^^^^^^^^^^
test/personality_type_scales_test.dart:275:16: Error: Undefined name 'PersonalityTypeUtils'.
        expect(PersonalityTypeUtils.isPersonalityTypeTest('fisher_temperament'), isFalse);
               ^^^^^^^^^^^^^^^^^^^^
test/personality_type_scales_test.dart:279:26: Error: Undefined name 'PersonalityTypeUtils'.
        final scaleIds = PersonalityTypeUtils.getAllScaleIds();
                         ^^^^^^^^^^^^^^^^^^^^
test/personality_type_scales_test.dart:304:16: Error: Undefined name 'PersonalityTypeUtils'.
        expect(PersonalityTypeUtils.hasCompleteScores(completeScores), isTrue);
               ^^^^^^^^^^^^^^^^^^^^
test/personality_type_scales_test.dart:312:16: Error: Undefined name 'PersonalityTypeUtils'.
        expect(PersonalityTypeUtils.hasCompleteScores(incompleteScores), isFalse);
               ^^^^^^^^^^^^^^^^^^^^
test/personality_type_scales_test.dart:315:16: Error: Undefined name 'PersonalityTypeUtils'.
        expect(PersonalityTypeUtils.hasCompleteScores({}), isFalse);
               ^^^^^^^^^^^^^^^^^^^^
test/personality_type_scales_test.dart:322:26: Error: Undefined name 'PersonalityTypeScales'.
        final eiScales = PersonalityTypeScales.getScalesForDimension('EI');
                         ^^^^^^^^^^^^^^^^^^^^^
test/personality_type_scales_test.dart:328:26: Error: Undefined name 'PersonalityTypeScales'.
        final snScales = PersonalityTypeScales.getScalesForDimension('SN');
                         ^^^^^^^^^^^^^^^^^^^^^
test/personality_type_scales_test.dart:334:26: Error: Undefined name 'PersonalityTypeScales'.
        final tfScales = PersonalityTypeScales.getScalesForDimension('TF');
                         ^^^^^^^^^^^^^^^^^^^^^
test/personality_type_scales_test.dart:340:26: Error: Undefined name 'PersonalityTypeScales'.
        final jpScales = PersonalityTypeScales.getScalesForDimension('JP');
                         ^^^^^^^^^^^^^^^^^^^^^
test/personality_type_scales_test.dart:360:25: Error: Undefined name 'PersonalityTypeScales'.
        final bipolar = PersonalityTypeScales.convertToBipolarScores(typeScales);
                        ^^^^^^^^^^^^^^^^^^^^^
test/personality_type_scales_test.dart:361:22: Error: Undefined name 'PersonalityTypeScales'.
        final type = PersonalityTypeScales.determineTypeCode(typeScales);
                     ^^^^^^^^^^^^^^^^^^^^^
test/personality_type_scales_test.dart:386:25: Error: Undefined name 'PersonalityTypeScales'.
        final bipolar = PersonalityTypeScales.convertToBipolarScores(typeScales);
                        ^^^^^^^^^^^^^^^^^^^^^
test/personality_type_scales_test.dart:387:22: Error: Undefined name 'PersonalityTypeScales'.
        final type = PersonalityTypeScales.determineTypeCode(typeScales);
                     ^^^^^^^^^^^^^^^^^^^^^
00:00 +0 -2: loading D:/Work/psycho_app/0.0.1.x_dev/test/personality_type_scales_test.dart [E]
  Failed to load "D:/Work/psycho_app/0.0.1.x_dev/test/personality_type_scales_test.dart":
  Compilation failed for testPath=D:/Work/psycho_app/0.0.1.x_dev/test/personality_type_scales_test.dart: Error: Couldn't resolve the package 'psycho_app' in 'package:psycho_app/config/summary/personality_type_scales.dart'.
  test/personality_type_scales_test.dart:2:8: Error: Not found: 'package:psycho_app/config/summary/personality_type_scales.dart'
  import 'package:psycho_app/config/summary/personality_type_scales.dart';
         ^
  test/personality_type_scales_test.dart:21:25: Error: Undefined name 'PersonalityTypeScales'.
          final bipolar = PersonalityTypeScales.convertToBipolarScores(typeScales);
                          ^^^^^^^^^^^^^^^^^^^^^
  test/personality_type_scales_test.dart:44:25: Error: Undefined name 'PersonalityTypeScales'.
          final bipolar = PersonalityTypeScales.convertToBipolarScores(typeScales);
                          ^^^^^^^^^^^^^^^^^^^^^
  test/personality_type_scales_test.dart:63:25: Error: Undefined name 'PersonalityTypeScales'.
          final bipolar = PersonalityTypeScales.convertToBipolarScores(typeScales);
                          ^^^^^^^^^^^^^^^^^^^^^
  test/personality_type_scales_test.dart:88:22: Error: Undefined name 'PersonalityTypeScales'.
          final type = PersonalityTypeScales.determineTypeCode(typeScales);
                       ^^^^^^^^^^^^^^^^^^^^^
  test/personality_type_scales_test.dart:108:22: Error: Undefined name 'PersonalityTypeScales'.
          final type = PersonalityTypeScales.determineTypeCode(typeScales);
                       ^^^^^^^^^^^^^^^^^^^^^
  test/personality_type_scales_test.dart:128:22: Error: Undefined name 'PersonalityTypeScales'.
          final type = PersonalityTypeScales.determineTypeCode(typeScales);
                       ^^^^^^^^^^^^^^^^^^^^^
  test/personality_type_scales_test.dart:148:22: Error: Undefined name 'PersonalityTypeScales'.
          final type = PersonalityTypeScales.determineTypeCode(typeScales);
                       ^^^^^^^^^^^^^^^^^^^^^
  test/personality_type_scales_test.dart:164:37: Error: Undefined name 'PersonalityTypeScales'.
          final (scale, percentage) = PersonalityTypeScales.getDominantScale('EI', typeScales);
                                      ^^^^^^^^^^^^^^^^^^^^^
  test/personality_type_scales_test.dart:179:37: Error: Undefined name 'PersonalityTypeScales'.
          final (scale, percentage) = PersonalityTypeScales.getDominantScale('EI', typeScales);
                                      ^^^^^^^^^^^^^^^^^^^^^
  test/personality_type_scales_test.dart:191:37: Error: Undefined name 'PersonalityTypeScales'.
          final (scale, percentage) = PersonalityTypeScales.getDominantScale('EI', typeScales);
                                      ^^^^^^^^^^^^^^^^^^^^^
  test/personality_type_scales_test.dart:214:29: Error: Undefined name 'PersonalityTypeScales'.
          final displayData = PersonalityTypeScales.getUIDisplayData(typeScales, 'ru');
                              ^^^^^^^^^^^^^^^^^^^^^
  test/personality_type_scales_test.dart:246:29: Error: Undefined name 'PersonalityTypeScales'.
          final displayData = PersonalityTypeScales.getUIDisplayData(typeScales, 'en');
                              ^^^^^^^^^^^^^^^^^^^^^
  test/personality_type_scales_test.dart:263:29: Error: Undefined name 'PersonalityTypeScales'.
          final displayData = PersonalityTypeScales.getUIDisplayData(typeScales, 'ru');
                              ^^^^^^^^^^^^^^^^^^^^^
  test/personality_type_scales_test.dart:273:16: Error: Undefined name 'PersonalityTypeUtils'.
          expect(PersonalityTypeUtils.isPersonalityTypeTest('sixteen_types'), isTrue);
                 ^^^^^^^^^^^^^^^^^^^^
  test/personality_type_scales_test.dart:274:16: Error: Undefined name 'PersonalityTypeUtils'.
          expect(PersonalityTypeUtils.isPersonalityTypeTest('ipip_big_five'), isFalse);
                 ^^^^^^^^^^^^^^^^^^^^
  test/personality_type_scales_test.dart:275:16: Error: Undefined name 'PersonalityTypeUtils'.
          expect(PersonalityTypeUtils.isPersonalityTypeTest('fisher_temperament'), isFalse);
                 ^^^^^^^^^^^^^^^^^^^^
  test/personality_type_scales_test.dart:279:26: Error: Undefined name 'PersonalityTypeUtils'.
          final scaleIds = PersonalityTypeUtils.getAllScaleIds();
                           ^^^^^^^^^^^^^^^^^^^^
  test/personality_type_scales_test.dart:304:16: Error: Undefined name 'PersonalityTypeUtils'.
          expect(PersonalityTypeUtils.hasCompleteScores(completeScores), isTrue);
                 ^^^^^^^^^^^^^^^^^^^^
  test/personality_type_scales_test.dart:312:16: Error: Undefined name 'PersonalityTypeUtils'.
          expect(PersonalityTypeUtils.hasCompleteScores(incompleteScores), isFalse);
                 ^^^^^^^^^^^^^^^^^^^^
  test/personality_type_scales_test.dart:315:16: Error: Undefined name 'PersonalityTypeUtils'.
          expect(PersonalityTypeUtils.hasCompleteScores({}), isFalse);
                 ^^^^^^^^^^^^^^^^^^^^
  test/personality_type_scales_test.dart:322:26: Error: Undefined name 'PersonalityTypeScales'.
          final eiScales = PersonalityTypeScales.getScalesForDimension('EI');
                           ^^^^^^^^^^^^^^^^^^^^^
  test/personality_type_scales_test.dart:328:26: Error: Undefined name 'PersonalityTypeScales'.
          final snScales = PersonalityTypeScales.getScalesForDimension('SN');
                           ^^^^^^^^^^^^^^^^^^^^^
  test/personality_type_scales_test.dart:334:26: Error: Undefined name 'PersonalityTypeScales'.
          final tfScales = PersonalityTypeScales.getScalesForDimension('TF');
                           ^^^^^^^^^^^^^^^^^^^^^
  test/personality_type_scales_test.dart:340:26: Error: Undefined name 'PersonalityTypeScales'.
          final jpScales = PersonalityTypeScales.getScalesForDimension('JP');
                           ^^^^^^^^^^^^^^^^^^^^^
  test/personality_type_scales_test.dart:360:25: Error: Undefined name 'PersonalityTypeScales'.
          final bipolar = PersonalityTypeScales.convertToBipolarScores(typeScales);
                          ^^^^^^^^^^^^^^^^^^^^^
  test/personality_type_scales_test.dart:361:22: Error: Undefined name 'PersonalityTypeScales'.
          final type = PersonalityTypeScales.determineTypeCode(typeScales);
                       ^^^^^^^^^^^^^^^^^^^^^
  test/personality_type_scales_test.dart:386:25: Error: Undefined name 'PersonalityTypeScales'.
          final bipolar = PersonalityTypeScales.convertToBipolarScores(typeScales);
                          ^^^^^^^^^^^^^^^^^^^^^
  test/personality_type_scales_test.dart:387:22: Error: Undefined name 'PersonalityTypeScales'.
          final type = PersonalityTypeScales.determineTypeCode(typeScales);
                       ^^^^^^^^^^^^^^^^^^^^^
  .
00:00 +0 -2: loading D:/Work/psycho_app/0.0.1.x_dev/test/model_validation_test.dart [E]
  Error: The Dart compiler exited unexpectedly.
  package:flutter_tools/src/base/common.dart 34:3  throwToolExit
  package:flutter_tools/src/compile.dart 910:11    DefaultResidentCompiler._compile.<fn>
  dart:async/zone.dart 1538:47                     _rootRunUnary
  dart:async/zone.dart 1429:19                     _CustomZone.runUnary
  dart:async/future_impl.dart 948:45               Future._propagateToListeners.handleValueCallback
  dart:async/future_impl.dart 977:13               Future._propagateToListeners
  dart:async/future_impl.dart 862:9                Future._propagateToListeners
  dart:async/future_impl.dart 720:5                Future._completeWithValue
  dart:async/future_impl.dart 804:7                Future._asyncCompleteWithValue.<fn>
  dart:async/zone.dart 1525:13                     _rootRun
  dart:async/zone.dart 1422:19                     _CustomZone.run
  dart:async/zone.dart 1321:7                      _CustomZone.runGuarded
  dart:async/zone.dart 1362:23                     _CustomZone.bindCallbackGuarded.<fn>
  dart:async/schedule_microtask.dart 40:35         _microtaskLoop
  dart:async/schedule_microtask.dart 49:5          _startMicrotaskLoop
  dart:isolate-patch/isolate_patch.dart 127:13     _runPendingImmediateCallback
  dart:isolate-patch/isolate_patch.dart 194:5      _RawReceivePort._handleMessage
  
test/services/summary_service_test.dart:476:9: Error: Undefined name 'ConfidenceLevel'.
        ConfidenceLevel.high,
        ^^^^^^^^^^^^^^^
test/services/summary_service_test.dart:486:9: Error: Undefined name 'ConfidenceLevel'.
        ConfidenceLevel.medium,
        ^^^^^^^^^^^^^^^
test/services/summary_service_test.dart:496:9: Error: Undefined name 'ConfidenceLevel'.
        ConfidenceLevel.low,
        ^^^^^^^^^^^^^^^
test/services/summary_service_test.dart:506:9: Error: Undefined name 'ConfidenceLevel'.
        ConfidenceLevel.high,
        ^^^^^^^^^^^^^^^
00:00 +0 -3: loading D:/Work/psycho_app/0.0.1.x_dev/test/services/summary_service_test.dart [E]
  Failed to load "D:/Work/psycho_app/0.0.1.x_dev/test/services/summary_service_test.dart":
  Compilation failed for testPath=D:/Work/psycho_app/0.0.1.x_dev/test/services/summary_service_test.dart: test/services/summary_service_test.dart:476:9: Error: Undefined name 'ConfidenceLevel'.
          ConfidenceLevel.high,
          ^^^^^^^^^^^^^^^
  test/services/summary_service_test.dart:486:9: Error: Undefined name 'ConfidenceLevel'.
          ConfidenceLevel.medium,
          ^^^^^^^^^^^^^^^
  test/services/summary_service_test.dart:496:9: Error: Undefined name 'ConfidenceLevel'.
          ConfidenceLevel.low,
          ^^^^^^^^^^^^^^^
  test/services/summary_service_test.dart:506:9: Error: Undefined name 'ConfidenceLevel'.
          ConfidenceLevel.high,
          ^^^^^^^^^^^^^^^
  .
00:00 +0 -3: loading D:/Work/psycho_app/0.0.1.x_dev/test/model_validation_test.dart [E]
  Error: The Dart compiler exited unexpectedly.
  package:flutter_tools/src/base/common.dart 34:3  throwToolExit
  package:flutter_tools/src/compile.dart 910:11    DefaultResidentCompiler._compile.<fn>
  dart:async/zone.dart 1538:47                     _rootRunUnary
  dart:async/zone.dart 1429:19                     _CustomZone.runUnary
  dart:async/future_impl.dart 948:45               Future._propagateToListeners.handleValueCallback
  dart:async/future_impl.dart 977:13               Future._propagateToListeners
  dart:async/future_impl.dart 862:9                Future._propagateToListeners
  dart:async/future_impl.dart 720:5                Future._completeWithValue
  dart:async/future_impl.dart 804:7                Future._asyncCompleteWithValue.<fn>
  dart:async/zone.dart 1525:13                     _rootRun
  dart:async/zone.dart 1422:19                     _CustomZone.run
  dart:async/zone.dart 1321:7                      _CustomZone.runGuarded
  dart:async/zone.dart 1362:23                     _CustomZone.bindCallbackGuarded.<fn>
  dart:async/schedule_microtask.dart 40:35         _microtaskLoop
  dart:async/schedule_microtask.dart 49:5          _startMicrotaskLoop
  dart:isolate-patch/isolate_patch.dart 127:13     _runPendingImmediateCallback
  dart:isolate-patch/isolate_patch.dart 194:5      _RawReceivePort._handleMessage
  
00:00 +0 -3: D:/Work/psycho_app/0.0.1.x_dev/test/services/test_service_test.dart: validateAllQuestionsAnswered() returns empty list when all questions are answered
00:00 +1 -3: D:/Work/psycho_app/0.0.1.x_dev/test/services/test_service_test.dart: validateAllQuestionsAnswered() returns list of unanswered question IDs when some questions are missing
00:00 +2 -3: D:/Work/psycho_app/0.0.1.x_dev/test/services/test_service_test.dart: validateAllQuestionsAnswered() returns all question IDs when no questions are answered
00:00 +3 -3: D:/Work/psycho_app/0.0.1.x_dev/test/services/test_service_test.dart: validateAllQuestionsAnswered() handles large test with many questions
00:00 +4 -3: D:/Work/psycho_app/0.0.1.x_dev/test/services/test_service_test.dart: completeTest() - Simple Tests calculates score correctly for simple test
тФМтФАтФАтФАтФАтФАтФАтФАтФАтФАтФАтФАтФАтФАтФАтФАтФАтФАтФАтФАтФАтФАтФАтФАтФАтФАтФАтФАтФАтФАтФАтФАтФАтФАтФАтФАтФАтФАтФАтФАтФАтФАтФАтФАтФАтФАтФАтФАтФАтФАтФАтФАтФАтФАтФАтФАтФАтФАтФАтФАтФАтФАтФАтФАтФАтФАтФАтФАтФАтФАтФАтФАтФАтФАтФАтФАтФАтФАтФАтФАтФАтФАтФАтФАтФАтФАтФАтФАтФАтФАтФАтФАтФАтФАтФАтФАтФАтФАтФАтФАтФАтФАтФАтФАтФАтФАтФАтФАтФАтФАтФАтФАтФАтФАтФАтФАтФАтФАтФАтФА
тФВ #0   TestService.completeTest (package:psycho_tests/services/test_service.dart:43:15)
тФВ #1   main.<anonymous closure>.<anonymous closure> (file:///D:/Work/psycho_app/0.0.1.x_dev/test/services/test_service_test.dart:81:40)
тФЬтФДтФДтФДтФДтФДтФДтФДтФДтФДтФДтФДтФДтФДтФДтФДтФДтФДтФДтФДтФДтФДтФДтФДтФДтФДтФДтФДтФДтФДтФДтФДтФДтФДтФДтФДтФДтФДтФДтФДтФДтФДтФДтФДтФДтФДтФДтФДтФДтФДтФДтФДтФДтФДтФДтФДтФДтФДтФДтФДтФДтФДтФДтФДтФДтФДтФДтФДтФДтФДтФДтФДтФДтФДтФДтФДтФДтФДтФДтФДтФДтФДтФДтФДтФДтФДтФДтФДтФДтФДтФДтФДтФДтФДтФДтФДтФДтФДтФДтФДтФДтФДтФДтФДтФДтФДтФДтФДтФДтФДтФДтФДтФДтФДтФДтФДтФДтФДтФДтФД
тФВ ЁЯРЫ ===== completeTest() CALLED =====
тФФтФАтФАтФАтФАтФАтФАтФАтФАтФАтФАтФАтФАтФАтФАтФАтФАтФАтФАтФАтФАтФАтФАтФАтФАтФАтФАтФАтФАтФАтФАтФАтФАтФАтФАтФАтФАтФАтФАтФАтФАтФАтФАтФАтФАтФАтФАтФАтФАтФАтФАтФАтФАтФАтФАтФАтФАтФАтФАтФАтФАтФАтФАтФАтФАтФАтФАтФАтФАтФАтФАтФАтФАтФАтФАтФАтФАтФАтФАтФАтФАтФАтФАтФАтФАтФАтФАтФАтФАтФАтФАтФАтФАтФАтФАтФАтФАтФАтФАтФАтФАтФАтФАтФАтФАтФАтФАтФАтФАтФАтФАтФАтФАтФАтФАтФАтФАтФАтФАтФА
тФМтФАтФАтФАтФАтФАтФАтФАтФАтФАтФАтФАтФАтФАтФАтФАтФАтФАтФАтФАтФАтФАтФАтФАтФАтФАтФАтФАтФАтФАтФАтФАтФАтФАтФАтФАтФАтФАтФАтФАтФАтФАтФАтФАтФАтФАтФАтФАтФАтФАтФАтФАтФАтФАтФАтФАтФАтФАтФАтФАтФАтФАтФАтФАтФАтФАтФАтФАтФАтФАтФАтФАтФАтФАтФАтФАтФАтФАтФАтФАтФАтФАтФАтФАтФАтФАтФАтФАтФАтФАтФАтФАтФАтФАтФАтФАтФАтФАтФАтФАтФАтФАтФАтФАтФАтФАтФАтФАтФАтФАтФАтФАтФАтФАтФАтФАтФАтФАтФАтФА
тФВ #0   TestService.completeTest (package:psycho_tests/services/test_service.dart:44:15)
тФВ #1   main.<anonymous closure>.<anonymous closure> (file:///D:/Work/psycho_app/0.0.1.x_dev/test/services/test_service_test.dart:81:40)
тФЬтФДтФДтФДтФДтФДтФДтФДтФДтФДтФДтФДтФДтФДтФДтФДтФДтФДтФДтФДтФДтФДтФДтФДтФДтФДтФДтФДтФДтФДтФДтФДтФДтФДтФДтФДтФДтФДтФДтФДтФДтФДтФДтФДтФДтФДтФДтФДтФДтФДтФДтФДтФДтФДтФДтФДтФДтФДтФДтФДтФДтФДтФДтФДтФДтФДтФДтФДтФДтФДтФДтФДтФДтФДтФДтФДтФДтФДтФДтФДтФДтФДтФДтФДтФДтФДтФДтФДтФДтФДтФДтФДтФДтФДтФДтФДтФДтФДтФДтФДтФДтФДтФДтФДтФДтФДтФДтФДтФДтФДтФДтФДтФДтФДтФДтФДтФДтФДтФДтФД
тФВ ЁЯРЫ testId: simple_test
тФФтФАтФАтФАтФАтФАтФАтФАтФАтФАтФАтФАтФАтФАтФАтФАтФАтФАтФАтФАтФАтФАтФАтФАтФАтФАтФАтФАтФАтФАтФАтФАтФАтФАтФАтФАтФАтФАтФАтФАтФАтФАтФАтФАтФАтФАтФАтФАтФАтФАтФАтФАтФАтФАтФАтФАтФАтФАтФАтФАтФАтФАтФАтФАтФАтФАтФАтФАтФАтФАтФАтФАтФАтФАтФАтФАтФАтФАтФАтФАтФАтФАтФАтФАтФАтФАтФАтФАтФАтФАтФАтФАтФАтФАтФАтФАтФАтФАтФАтФАтФАтФАтФАтФАтФАтФАтФАтФАтФАтФАтФАтФАтФАтФАтФАтФАтФАтФАтФАтФА
тФМтФАтФАтФАтФАтФАтФАтФАтФАтФАтФАтФАтФАтФАтФАтФАтФАтФАтФАтФАтФАтФАтФАтФАтФАтФАтФАтФАтФАтФАтФАтФАтФАтФАтФАтФАтФАтФАтФАтФАтФАтФАтФАтФАтФАтФАтФАтФАтФАтФАтФАтФАтФАтФАтФАтФАтФАтФАтФАтФАтФАтФАтФАтФАтФАтФАтФАтФАтФАтФАтФАтФАтФАтФАтФАтФАтФАтФАтФАтФАтФАтФАтФАтФАтФАтФАтФАтФАтФАтФАтФАтФАтФАтФАтФАтФАтФАтФАтФАтФАтФАтФАтФАтФАтФАтФАтФАтФАтФАтФАтФАтФАтФАтФАтФАтФАтФАтФАтФАтФА
тФВ #0   TestService.completeTest (package:psycho_tests/services/test_service.dart:45:15)
тФВ #1   main.<anonymous closure>.<anonymous closure> (file:///D:/Work/psycho_app/0.0.1.x_dev/test/services/test_service_test.dart:81:40)
тФЬтФДтФДтФДтФДтФДтФДтФДтФДтФДтФДтФДтФДтФДтФДтФДтФДтФДтФДтФДтФДтФДтФДтФДтФДтФДтФДтФДтФДтФДтФДтФДтФДтФДтФДтФДтФДтФДтФДтФДтФДтФДтФДтФДтФДтФДтФДтФДтФДтФДтФДтФДтФДтФДтФДтФДтФДтФДтФДтФДтФДтФДтФДтФДтФДтФДтФДтФДтФДтФДтФДтФДтФДтФДтФДтФДтФДтФДтФДтФДтФДтФДтФДтФДтФДтФДтФДтФДтФДтФДтФДтФДтФДтФДтФДтФДтФДтФДтФДтФДтФДтФДтФДтФДтФДтФДтФДтФДтФДтФДтФДтФДтФДтФДтФДтФДтФДтФДтФДтФД
тФВ ЁЯРЫ type: TestType.simple
тФФтФАтФАтФАтФАтФАтФАтФАтФАтФАтФАтФАтФАтФАтФАтФАтФАтФАтФАтФАтФАтФАтФАтФАтФАтФАтФАтФАтФАтФАтФАтФАтФАтФАтФАтФАтФАтФАтФАтФАтФАтФАтФАтФАтФАтФАтФАтФАтФАтФАтФАтФАтФАтФАтФАтФАтФАтФАтФАтФАтФАтФАтФАтФАтФАтФАтФАтФАтФАтФАтФАтФАтФАтФАтФАтФАтФАтФАтФАтФАтФАтФАтФАтФАтФАтФАтФАтФАтФАтФАтФАтФАтФАтФАтФАтФАтФАтФАтФАтФАтФАтФАтФАтФАтФАтФАтФАтФАтФАтФАтФАтФАтФАтФАтФАтФАтФАтФАтФАтФА
тФМтФАтФАтФАтФАтФАтФАтФАтФАтФАтФАтФАтФАтФАтФАтФАтФАтФАтФАтФАтФАтФАтФАтФАтФАтФАтФАтФАтФАтФАтФАтФАтФАтФАтФАтФАтФАтФАтФАтФАтФАтФАтФАтФАтФАтФАтФАтФАтФАтФАтФАтФАтФАтФАтФАтФАтФАтФАтФАтФАтФАтФАтФАтФАтФАтФАтФАтФАтФАтФАтФАтФАтФАтФАтФАтФАтФАтФАтФАтФАтФАтФАтФАтФАтФАтФАтФАтФАтФАтФАтФАтФАтФАтФАтФАтФАтФАтФАтФАтФАтФАтФАтФАтФАтФАтФАтФАтФАтФАтФАтФАтФАтФАтФАтФАтФАтФАтФАтФАтФА
тФВ #0   TestService.completeTest (package:psycho_tests/services/test_service.dart:46:15)
тФВ #1   main.<anonymous closure>.<anonymous closure> (file:///D:/Work/psycho_app/0.0.1.x_dev/test/services/test_service_test.dart:81:40)
тФЬтФДтФДтФДтФДтФДтФДтФДтФДтФДтФДтФДтФДтФДтФДтФДтФДтФДтФДтФДтФДтФДтФДтФДтФДтФДтФДтФДтФДтФДтФДтФДтФДтФДтФДтФДтФДтФДтФДтФДтФДтФДтФДтФДтФДтФДтФДтФДтФДтФДтФДтФДтФДтФДтФДтФДтФДтФДтФДтФДтФДтФДтФДтФДтФДтФДтФДтФДтФДтФДтФДтФДтФДтФДтФДтФДтФДтФДтФДтФДтФДтФДтФДтФДтФДтФДтФДтФДтФДтФДтФДтФДтФДтФДтФДтФДтФДтФДтФДтФДтФДтФДтФДтФДтФДтФДтФДтФДтФДтФДтФДтФДтФДтФДтФДтФДтФДтФДтФДтФД
тФВ ЁЯРЫ isBipolar: false
тФФтФАтФАтФАтФАтФАтФАтФАтФАтФАтФАтФАтФАтФАтФАтФАтФАтФАтФАтФАтФАтФАтФАтФАтФАтФАтФАтФАтФАтФАтФАтФАтФАтФАтФАтФАтФАтФАтФАтФАтФАтФАтФАтФАтФАтФАтФАтФАтФАтФАтФАтФАтФАтФАтФАтФАтФАтФАтФАтФАтФАтФАтФАтФАтФАтФАтФАтФАтФАтФАтФАтФАтФАтФАтФАтФАтФАтФАтФАтФАтФАтФАтФАтФАтФАтФАтФАтФАтФАтФАтФАтФАтФАтФАтФАтФАтФАтФАтФАтФАтФАтФАтФАтФАтФАтФАтФАтФАтФАтФАтФАтФАтФАтФАтФАтФАтФАтФАтФАтФА
тФМтФАтФАтФАтФАтФАтФАтФАтФАтФАтФАтФАтФАтФАтФАтФАтФАтФАтФАтФАтФАтФАтФАтФАтФАтФАтФАтФАтФАтФАтФАтФАтФАтФАтФАтФАтФАтФАтФАтФАтФАтФАтФАтФАтФАтФАтФАтФАтФАтФАтФАтФАтФАтФАтФАтФАтФАтФАтФАтФАтФАтФАтФАтФАтФАтФАтФАтФАтФАтФАтФАтФАтФАтФАтФАтФАтФАтФАтФАтФАтФАтФАтФАтФАтФАтФАтФАтФАтФАтФАтФАтФАтФАтФАтФАтФАтФАтФАтФАтФАтФАтФАтФАтФАтФАтФАтФАтФАтФАтФАтФАтФАтФАтФАтФАтФАтФАтФАтФАтФА
тФВ #0   TestService.completeTest (package:psycho_tests/services/test_service.dart:47:15)
тФВ #1   main.<anonymous closure>.<anonymous closure> (file:///D:/Work/psycho_app/0.0.1.x_dev/test/services/test_service_test.dart:81:40)
тФЬтФДтФДтФДтФДтФДтФДтФДтФДтФДтФДтФДтФДтФДтФДтФДтФДтФДтФДтФДтФДтФДтФДтФДтФДтФДтФДтФДтФДтФДтФДтФДтФДтФДтФДтФДтФДтФДтФДтФДтФДтФДтФДтФДтФДтФДтФДтФДтФДтФДтФДтФДтФДтФДтФДтФДтФДтФДтФДтФДтФДтФДтФДтФДтФДтФДтФДтФДтФДтФДтФДтФДтФДтФДтФДтФДтФДтФДтФДтФДтФДтФДтФДтФДтФДтФДтФДтФДтФДтФДтФДтФДтФДтФДтФДтФДтФДтФДтФДтФДтФДтФДтФДтФДтФДтФДтФДтФДтФДтФДтФДтФДтФДтФДтФДтФДтФДтФДтФДтФД
тФВ ЁЯРЫ bipolarDimensions: null
тФФтФАтФАтФАтФАтФАтФАтФАтФАтФАтФАтФАтФАтФАтФАтФАтФАтФАтФАтФАтФАтФАтФАтФАтФАтФАтФАтФАтФАтФАтФАтФАтФАтФАтФАтФАтФАтФАтФАтФАтФАтФАтФАтФАтФАтФАтФАтФАтФАтФАтФАтФАтФАтФАтФАтФАтФАтФАтФАтФАтФАтФАтФАтФАтФАтФАтФАтФАтФАтФАтФАтФАтФАтФАтФАтФАтФАтФАтФАтФАтФАтФАтФАтФАтФАтФАтФАтФАтФАтФАтФАтФАтФАтФАтФАтФАтФАтФАтФАтФАтФАтФАтФАтФАтФАтФАтФАтФАтФАтФАтФАтФАтФАтФАтФАтФАтФАтФАтФАтФА
тФМтФАтФАтФАтФАтФАтФАтФАтФАтФАтФАтФАтФАтФАтФАтФАтФАтФАтФАтФАтФАтФАтФАтФАтФАтФАтФАтФАтФАтФАтФАтФАтФАтФАтФАтФАтФАтФАтФАтФАтФАтФАтФАтФАтФАтФАтФАтФАтФАтФАтФАтФАтФАтФАтФАтФАтФАтФАтФАтФАтФАтФАтФАтФАтФАтФАтФАтФАтФАтФАтФАтФАтФАтФАтФАтФАтФАтФАтФАтФАтФАтФАтФАтФАтФАтФАтФАтФАтФАтФАтФАтФАтФАтФАтФАтФАтФАтФАтФАтФАтФАтФАтФАтФАтФАтФАтФАтФАтФАтФАтФАтФАтФАтФАтФАтФАтФАтФАтФАтФА
тФВ #0   TestService.completeTest (package:psycho_tests/services/test_service.dart:62:17)
тФВ #1   main.<anonymous closure>.<anonymous closure> (file:///D:/Work/psycho_app/0.0.1.x_dev/test/services/test_service_test.dart:81:40)
тФЬтФДтФДтФДтФДтФДтФДтФДтФДтФДтФДтФДтФДтФДтФДтФДтФДтФДтФДтФДтФДтФДтФДтФДтФДтФДтФДтФДтФДтФДтФДтФДтФДтФДтФДтФДтФДтФДтФДтФДтФДтФДтФДтФДтФДтФДтФДтФДтФДтФДтФДтФДтФДтФДтФДтФДтФДтФДтФДтФДтФДтФДтФДтФДтФДтФДтФДтФДтФДтФДтФДтФДтФДтФДтФДтФДтФДтФДтФДтФДтФДтФДтФДтФДтФДтФДтФДтФДтФДтФДтФДтФДтФДтФДтФДтФДтФДтФДтФДтФДтФДтФДтФДтФДтФДтФДтФДтФДтФДтФДтФДтФДтФДтФДтФДтФДтФДтФДтФДтФД
тФВ ЁЯРЫ Calling _completeSimpleTest()
тФФтФАтФАтФАтФАтФАтФАтФАтФАтФАтФАтФАтФАтФАтФАтФАтФАтФАтФАтФАтФАтФАтФАтФАтФАтФАтФАтФАтФАтФАтФАтФАтФАтФАтФАтФАтФАтФАтФАтФАтФАтФАтФАтФАтФАтФАтФАтФАтФАтФАтФАтФАтФАтФАтФАтФАтФАтФАтФАтФАтФАтФАтФАтФАтФАтФАтФАтФАтФАтФАтФАтФАтФАтФАтФАтФАтФАтФАтФАтФАтФАтФАтФАтФАтФАтФАтФАтФАтФАтФАтФАтФАтФАтФАтФАтФАтФАтФАтФАтФАтФАтФАтФАтФАтФАтФАтФАтФАтФАтФАтФАтФАтФАтФАтФАтФАтФАтФАтФАтФА
тФМтФАтФАтФАтФАтФАтФАтФАтФАтФАтФАтФАтФАтФАтФАтФАтФАтФАтФАтФАтФАтФАтФАтФАтФАтФАтФАтФАтФАтФАтФАтФАтФАтФАтФАтФАтФАтФАтФАтФАтФАтФАтФАтФАтФАтФАтФАтФАтФАтФАтФАтФАтФАтФАтФАтФАтФАтФАтФАтФАтФАтФАтФАтФАтФАтФАтФАтФАтФАтФАтФАтФАтФАтФАтФАтФАтФАтФАтФАтФАтФАтФАтФАтФАтФАтФАтФАтФАтФАтФАтФАтФАтФАтФАтФАтФАтФАтФАтФАтФАтФАтФАтФАтФАтФАтФАтФАтФАтФАтФАтФАтФАтФАтФАтФАтФАтФАтФАтФАтФА
тФВ #0   TestService._completeSimpleTest (package:psycho_tests/services/test_service.dart:325:15)
тФВ #1   TestService.completeTest (package:psycho_tests/services/test_service.dart:63:14)
тФЬтФДтФДтФДтФДтФДтФДтФДтФДтФДтФДтФДтФДтФДтФДтФДтФДтФДтФДтФДтФДтФДтФДтФДтФДтФДтФДтФДтФДтФДтФДтФДтФДтФДтФДтФДтФДтФДтФДтФДтФДтФДтФДтФДтФДтФДтФДтФДтФДтФДтФДтФДтФДтФДтФДтФДтФДтФДтФДтФДтФДтФДтФДтФДтФДтФДтФДтФДтФДтФДтФДтФДтФДтФДтФДтФДтФДтФДтФДтФДтФДтФДтФДтФДтФДтФДтФДтФДтФДтФДтФДтФДтФДтФДтФДтФДтФДтФДтФДтФДтФДтФДтФДтФДтФДтФДтФДтФДтФДтФДтФДтФДтФДтФДтФДтФДтФДтФДтФДтФД
тФВ ЁЯРЫ Simple test - Created 0 scale scores
тФФтФАтФАтФАтФАтФАтФАтФАтФАтФАтФАтФАтФАтФАтФАтФАтФАтФАтФАтФАтФАтФАтФАтФАтФАтФАтФАтФАтФАтФАтФАтФАтФАтФАтФАтФАтФАтФАтФАтФАтФАтФАтФАтФАтФАтФАтФАтФАтФАтФАтФАтФАтФАтФАтФАтФАтФАтФАтФАтФАтФАтФАтФАтФАтФАтФАтФАтФАтФАтФАтФАтФАтФАтФАтФАтФАтФАтФАтФАтФАтФАтФАтФАтФАтФАтФАтФАтФАтФАтФАтФАтФАтФАтФАтФАтФАтФАтФАтФАтФАтФАтФАтФАтФАтФАтФАтФАтФАтФАтФАтФАтФАтФАтФАтФАтФАтФАтФАтФАтФА
тФМтФАтФАтФАтФАтФАтФАтФАтФАтФАтФАтФАтФАтФАтФАтФАтФАтФАтФАтФАтФАтФАтФАтФАтФАтФАтФАтФАтФАтФАтФАтФАтФАтФАтФАтФАтФАтФАтФАтФАтФАтФАтФАтФАтФАтФАтФАтФАтФАтФАтФАтФАтФАтФАтФАтФАтФАтФАтФАтФАтФАтФАтФАтФАтФАтФАтФАтФАтФАтФАтФАтФАтФАтФАтФАтФАтФАтФАтФАтФАтФАтФАтФАтФАтФАтФАтФАтФАтФАтФАтФАтФАтФАтФАтФАтФАтФАтФАтФАтФАтФАтФАтФАтФАтФАтФАтФАтФАтФАтФАтФАтФАтФАтФАтФАтФАтФАтФАтФАтФА
тФВ #0   TestService._completeSimpleTest (package:psycho_tests/services/test_service.dart:326:15)
тФВ #1   TestService.completeTest (package:psycho_tests/services/test_service.dart:63:14)
тФЬтФДтФДтФДтФДтФДтФДтФДтФДтФДтФДтФДтФДтФДтФДтФДтФДтФДтФДтФДтФДтФДтФДтФДтФДтФДтФДтФДтФДтФДтФДтФДтФДтФДтФДтФДтФДтФДтФДтФДтФДтФДтФДтФДтФДтФДтФДтФДтФДтФДтФДтФДтФДтФДтФДтФДтФДтФДтФДтФДтФДтФДтФДтФДтФДтФДтФДтФДтФДтФДтФДтФДтФДтФДтФДтФДтФДтФДтФДтФДтФДтФДтФДтФДтФДтФДтФДтФДтФДтФДтФДтФДтФДтФДтФДтФДтФДтФДтФДтФДтФДтФДтФДтФДтФДтФДтФДтФДтФДтФДтФДтФДтФДтФДтФДтФДтФДтФДтФДтФД
тФВ ЁЯРЫ Simple test - Created 0 scales with contributions
тФФтФАтФАтФАтФАтФАтФАтФАтФАтФАтФАтФАтФАтФАтФАтФАтФАтФАтФАтФАтФАтФАтФАтФАтФАтФАтФАтФАтФАтФАтФАтФАтФАтФАтФАтФАтФАтФАтФАтФАтФАтФАтФАтФАтФАтФАтФАтФАтФАтФАтФАтФАтФАтФАтФАтФАтФАтФАтФАтФАтФАтФАтФАтФАтФАтФАтФАтФАтФАтФАтФАтФАтФАтФАтФАтФАтФАтФАтФАтФАтФАтФАтФАтФАтФАтФАтФАтФАтФАтФАтФАтФАтФАтФАтФАтФАтФАтФАтФАтФАтФАтФАтФАтФАтФАтФАтФАтФАтФАтФАтФАтФАтФАтФАтФАтФАтФАтФАтФАтФА
00:00 +5 -3: D:/Work/psycho_app/0.0.1.x_dev/test/services/test_service_test.dart: completeTest() - Simple Tests stores user answers in result
тФМтФАтФАтФАтФАтФАтФАтФАтФАтФАтФАтФАтФАтФАтФАтФАтФАтФАтФАтФАтФАтФАтФАтФАтФАтФАтФАтФАтФАтФАтФАтФАтФАтФАтФАтФАтФАтФАтФАтФАтФАтФАтФАтФАтФАтФАтФАтФАтФАтФАтФАтФАтФАтФАтФАтФАтФАтФАтФАтФАтФАтФАтФАтФАтФАтФАтФАтФАтФАтФАтФАтФАтФАтФАтФАтФАтФАтФАтФАтФАтФАтФАтФАтФАтФАтФАтФАтФАтФАтФАтФАтФАтФАтФАтФАтФАтФАтФАтФАтФАтФАтФАтФАтФАтФАтФАтФАтФАтФАтФАтФАтФАтФАтФАтФАтФАтФАтФАтФАтФА
тФВ #0   TestService.completeTest (package:psycho_tests/services/test_service.dart:43:15)
тФВ #1   main.<anonymous closure>.<anonymous closure> (file:///D:/Work/psycho_app/0.0.1.x_dev/test/services/test_service_test.dart:98:40)
тФЬтФДтФДтФДтФДтФДтФДтФДтФДтФДтФДтФДтФДтФДтФДтФДтФДтФДтФДтФДтФДтФДтФДтФДтФДтФДтФДтФДтФДтФДтФДтФДтФДтФДтФДтФДтФДтФДтФДтФДтФДтФДтФДтФДтФДтФДтФДтФДтФДтФДтФДтФДтФДтФДтФДтФДтФДтФДтФДтФДтФДтФДтФДтФДтФДтФДтФДтФДтФДтФДтФДтФДтФДтФДтФДтФДтФДтФДтФДтФДтФДтФДтФДтФДтФДтФДтФДтФДтФДтФДтФДтФДтФДтФДтФДтФДтФДтФДтФДтФДтФДтФДтФДтФДтФДтФДтФДтФДтФДтФДтФДтФДтФДтФДтФДтФДтФДтФДтФДтФД
тФВ ЁЯРЫ ===== completeTest() CALLED =====
тФФтФАтФАтФАтФАтФАтФАтФАтФАтФАтФАтФАтФАтФАтФАтФАтФАтФАтФАтФАтФАтФАтФАтФАтФАтФАтФАтФАтФАтФАтФАтФАтФАтФАтФАтФАтФАтФАтФАтФАтФАтФАтФАтФАтФАтФАтФАтФАтФАтФАтФАтФАтФАтФАтФАтФАтФАтФАтФАтФАтФАтФАтФАтФАтФАтФАтФАтФАтФАтФАтФАтФАтФАтФАтФАтФАтФАтФАтФАтФАтФАтФАтФАтФАтФАтФАтФАтФАтФАтФАтФАтФАтФАтФАтФАтФАтФАтФАтФАтФАтФАтФАтФАтФАтФАтФАтФАтФАтФАтФАтФАтФАтФАтФАтФАтФАтФАтФАтФАтФА
тФМтФАтФАтФАтФАтФАтФАтФАтФАтФАтФАтФАтФАтФАтФАтФАтФАтФАтФАтФАтФАтФАтФАтФАтФАтФАтФАтФАтФАтФАтФАтФАтФАтФАтФАтФАтФАтФАтФАтФАтФАтФАтФАтФАтФАтФАтФАтФАтФАтФАтФАтФАтФАтФАтФАтФАтФАтФАтФАтФАтФАтФАтФАтФАтФАтФАтФАтФАтФАтФАтФАтФАтФАтФАтФАтФАтФАтФАтФАтФАтФАтФАтФАтФАтФАтФАтФАтФАтФАтФАтФАтФАтФАтФАтФАтФАтФАтФАтФАтФАтФАтФАтФАтФАтФАтФАтФАтФАтФАтФАтФАтФАтФАтФАтФАтФАтФАтФАтФАтФА
тФВ #0   TestService.completeTest (package:psycho_tests/services/test_service.dart:44:15)
тФВ #1   main.<anonymous closure>.<anonymous closure> (file:///D:/Work/psycho_app/0.0.1.x_dev/test/services/test_service_test.dart:98:40)
тФЬтФДтФДтФДтФДтФДтФДтФДтФДтФДтФДтФДтФДтФДтФДтФДтФДтФДтФДтФДтФДтФДтФДтФДтФДтФДтФДтФДтФДтФДтФДтФДтФДтФДтФДтФДтФДтФДтФДтФДтФДтФДтФДтФДтФДтФДтФДтФДтФДтФДтФДтФДтФДтФДтФДтФДтФДтФДтФДтФДтФДтФДтФДтФДтФДтФДтФДтФДтФДтФДтФДтФДтФДтФДтФДтФДтФДтФДтФДтФДтФДтФДтФДтФДтФДтФДтФДтФДтФДтФДтФДтФДтФДтФДтФДтФДтФДтФДтФДтФДтФДтФДтФДтФДтФДтФДтФДтФДтФДтФДтФДтФДтФДтФДтФДтФДтФДтФДтФДтФД
тФВ ЁЯРЫ testId: simple_test
тФФтФАтФАтФАтФАтФАтФАтФАтФАтФАтФАтФАтФАтФАтФАтФАтФАтФАтФАтФАтФАтФАтФАтФАтФАтФАтФАтФАтФАтФАтФАтФАтФАтФАтФАтФАтФАтФАтФАтФАтФАтФАтФАтФАтФАтФАтФАтФАтФАтФАтФАтФАтФАтФАтФАтФАтФАтФАтФАтФАтФАтФАтФАтФАтФАтФАтФАтФАтФАтФАтФАтФАтФАтФАтФАтФАтФАтФАтФАтФАтФАтФАтФАтФАтФАтФАтФАтФАтФАтФАтФАтФАтФАтФАтФАтФАтФАтФАтФАтФАтФАтФАтФАтФАтФАтФАтФАтФАтФАтФАтФАтФАтФАтФАтФАтФАтФАтФАтФАтФА
тФМтФАтФАтФАтФАтФАтФАтФАтФАтФАтФАтФАтФАтФАтФАтФАтФАтФАтФАтФАтФАтФАтФАтФАтФАтФАтФАтФАтФАтФАтФАтФАтФАтФАтФАтФАтФАтФАтФАтФАтФАтФАтФАтФАтФАтФАтФАтФАтФАтФАтФАтФАтФАтФАтФАтФАтФАтФАтФАтФАтФАтФАтФАтФАтФАтФАтФАтФАтФАтФАтФАтФАтФАтФАтФАтФАтФАтФАтФАтФАтФАтФАтФАтФАтФАтФАтФАтФАтФАтФАтФАтФАтФАтФАтФАтФАтФАтФАтФАтФАтФАтФАтФАтФАтФАтФАтФАтФАтФАтФАтФАтФАтФАтФАтФАтФАтФАтФАтФАтФА
тФВ #0   TestService.completeTest (package:psycho_tests/services/test_service.dart:45:15)
тФВ #1   main.<anonymous closure>.<anonymous closure> (file:///D:/Work/psycho_app/0.0.1.x_dev/test/services/test_service_test.dart:98:40)
тФЬтФДтФДтФДтФДтФДтФДтФДтФДтФДтФДтФДтФДтФДтФДтФДтФДтФДтФДтФДтФДтФДтФДтФДтФДтФДтФДтФДтФДтФДтФДтФДтФДтФДтФДтФДтФДтФДтФДтФДтФДтФДтФДтФДтФДтФДтФДтФДтФДтФДтФДтФДтФДтФДтФДтФДтФДтФДтФДтФДтФДтФДтФДтФДтФДтФДтФДтФДтФДтФДтФДтФДтФДтФДтФДтФДтФДтФДтФДтФДтФДтФДтФДтФДтФДтФДтФДтФДтФДтФДтФДтФДтФДтФДтФДтФДтФДтФДтФДтФДтФДтФДтФДтФДтФДтФДтФДтФДтФДтФДтФДтФДтФДтФДтФДтФДтФДтФДтФДтФД
тФВ ЁЯРЫ type: TestType.simple
тФФтФАтФАтФАтФАтФАтФАтФАтФАтФАтФАтФАтФАтФАтФАтФАтФАтФАтФАтФАтФАтФАтФАтФАтФАтФАтФАтФАтФАтФАтФАтФАтФАтФАтФАтФАтФАтФАтФАтФАтФАтФАтФАтФАтФАтФАтФАтФАтФАтФАтФАтФАтФАтФАтФАтФАтФАтФАтФАтФАтФАтФАтФАтФАтФАтФАтФАтФАтФАтФАтФАтФАтФАтФАтФАтФАтФАтФАтФАтФАтФАтФАтФАтФАтФАтФАтФАтФАтФАтФАтФАтФАтФАтФАтФАтФАтФАтФАтФАтФАтФАтФАтФАтФАтФАтФАтФАтФАтФАтФАтФАтФАтФАтФАтФАтФАтФАтФАтФАтФА
тФМтФАтФАтФАтФАтФАтФАтФАтФАтФАтФАтФАтФАтФАтФАтФАтФАтФАтФАтФАтФАтФАтФАтФАтФАтФАтФАтФАтФАтФАтФАтФАтФАтФАтФАтФАтФАтФАтФАтФАтФАтФАтФАтФАтФАтФАтФАтФАтФАтФАтФАтФАтФАтФАтФАтФАтФАтФАтФАтФАтФАтФАтФАтФАтФАтФАтФАтФАтФАтФАтФАтФАтФАтФАтФАтФАтФАтФАтФАтФАтФАтФАтФАтФАтФАтФАтФАтФАтФАтФАтФАтФАтФАтФАтФАтФАтФАтФАтФАтФАтФАтФАтФАтФАтФАтФАтФАтФАтФАтФАтФАтФАтФАтФАтФАтФАтФАтФАтФАтФА
тФВ #0   TestService.completeTest (package:psycho_tests/services/test_service.dart:46:15)
тФВ #1   main.<anonymous closure>.<anonymous closure> (file:///D:/Work/psycho_app/0.0.1.x_dev/test/services/test_service_test.dart:98:40)
тФЬтФДтФДтФДтФДтФДтФДтФДтФДтФДтФДтФДтФДтФДтФДтФДтФДтФДтФДтФДтФДтФДтФДтФДтФДтФДтФДтФДтФДтФДтФДтФДтФДтФДтФДтФДтФДтФДтФДтФДтФДтФДтФДтФДтФДтФДтФДтФДтФДтФДтФДтФДтФДтФДтФДтФДтФДтФДтФДтФДтФДтФДтФДтФДтФДтФДтФДтФДтФДтФДтФДтФДтФДтФДтФДтФДтФДтФДтФДтФДтФДтФДтФДтФДтФДтФДтФДтФДтФДтФДтФДтФДтФДтФДтФДтФДтФДтФДтФДтФДтФДтФДтФДтФДтФДтФДтФДтФДтФДтФДтФДтФДтФДтФДтФДтФДтФДтФДтФДтФД
тФВ ЁЯРЫ isBipolar: false
тФФтФАтФАтФАтФАтФАтФАтФАтФАтФАтФАтФАтФАтФАтФАтФАтФАтФАтФАтФАтФАтФАтФАтФАтФАтФАтФАтФАтФАтФАтФАтФАтФАтФАтФАтФАтФАтФАтФАтФАтФАтФАтФАтФАтФАтФАтФАтФАтФАтФАтФАтФАтФАтФАтФАтФАтФАтФАтФАтФАтФАтФАтФАтФАтФАтФАтФАтФАтФАтФАтФАтФАтФАтФАтФАтФАтФАтФАтФАтФАтФАтФАтФАтФАтФАтФАтФАтФАтФАтФАтФАтФАтФАтФАтФАтФАтФАтФАтФАтФАтФАтФАтФАтФАтФАтФАтФАтФАтФАтФАтФАтФАтФАтФАтФАтФАтФАтФАтФАтФА
тФМтФАтФАтФАтФАтФАтФАтФАтФАтФАтФАтФАтФАтФАтФАтФАтФАтФАтФАтФАтФАтФАтФАтФАтФАтФАтФАтФАтФАтФАтФАтФАтФАтФАтФАтФАтФАтФАтФАтФАтФАтФАтФАтФАтФАтФАтФАтФАтФАтФАтФАтФАтФАтФАтФАтФАтФАтФАтФАтФАтФАтФАтФАтФАтФАтФАтФАтФАтФАтФАтФАтФАтФАтФАтФАтФАтФАтФАтФАтФАтФАтФАтФАтФАтФАтФАтФАтФАтФАтФАтФАтФАтФАтФАтФАтФАтФАтФАтФАтФАтФАтФАтФАтФАтФАтФАтФАтФАтФАтФАтФАтФАтФАтФАтФАтФАтФАтФАтФАтФА
тФВ #0   TestService.completeTest (package:psycho_tests/services/test_service.dart:47:15)
тФВ #1   main.<anonymous closure>.<anonymous closure> (file:///D:/Work/psycho_app/0.0.1.x_dev/test/services/test_service_test.dart:98:40)
тФЬтФДтФДтФДтФДтФДтФДтФДтФДтФДтФДтФДтФДтФДтФДтФДтФДтФДтФДтФДтФДтФДтФДтФДтФДтФДтФДтФДтФДтФДтФДтФДтФДтФДтФДтФДтФДтФДтФДтФДтФДтФДтФДтФДтФДтФДтФДтФДтФДтФДтФДтФДтФДтФДтФДтФДтФДтФДтФДтФДтФДтФДтФДтФДтФДтФДтФДтФДтФДтФДтФДтФДтФДтФДтФДтФДтФДтФДтФДтФДтФДтФДтФДтФДтФДтФДтФДтФДтФДтФДтФДтФДтФДтФДтФДтФДтФДтФДтФДтФДтФДтФДтФДтФДтФДтФДтФДтФДтФДтФДтФДтФДтФДтФДтФДтФДтФДтФДтФДтФД
тФВ ЁЯРЫ bipolarDimensions: null
тФФтФАтФАтФАтФАтФАтФАтФАтФАтФАтФАтФАтФАтФАтФАтФАтФАтФАтФАтФАтФАтФАтФАтФАтФАтФАтФАтФАтФАтФАтФАтФАтФАтФАтФАтФАтФАтФАтФАтФАтФАтФАтФАтФАтФАтФАтФАтФАтФАтФАтФАтФАтФАтФАтФАтФАтФАтФАтФАтФАтФАтФАтФАтФАтФАтФАтФАтФАтФАтФАтФАтФАтФАтФАтФАтФАтФАтФАтФАтФАтФАтФАтФАтФАтФАтФАтФАтФАтФАтФАтФАтФАтФАтФАтФАтФАтФАтФАтФАтФАтФАтФАтФАтФАтФАтФАтФАтФАтФАтФАтФАтФАтФАтФАтФАтФАтФАтФАтФАтФА
тФМтФАтФАтФАтФАтФАтФАтФАтФАтФАтФАтФАтФАтФАтФАтФАтФАтФАтФАтФАтФАтФАтФАтФАтФАтФАтФАтФАтФАтФАтФАтФАтФАтФАтФАтФАтФАтФАтФАтФАтФАтФАтФАтФАтФАтФАтФАтФАтФАтФАтФАтФАтФАтФАтФАтФАтФАтФАтФАтФАтФАтФАтФАтФАтФАтФАтФАтФАтФАтФАтФАтФАтФАтФАтФАтФАтФАтФАтФАтФАтФАтФАтФАтФАтФАтФАтФАтФАтФАтФАтФАтФАтФАтФАтФАтФАтФАтФАтФАтФАтФАтФАтФАтФАтФАтФАтФАтФАтФАтФАтФАтФАтФАтФАтФАтФАтФАтФАтФАтФА
тФВ #0   TestService.completeTest (package:psycho_tests/services/test_service.dart:62:17)
тФВ #1   main.<anonymous closure>.<anonymous closure> (file:///D:/Work/psycho_app/0.0.1.x_dev/test/services/test_service_test.dart:98:40)
тФЬтФДтФДтФДтФДтФДтФДтФДтФДтФДтФДтФДтФДтФДтФДтФДтФДтФДтФДтФДтФДтФДтФДтФДтФДтФДтФДтФДтФДтФДтФДтФДтФДтФДтФДтФДтФДтФДтФДтФДтФДтФДтФДтФДтФДтФДтФДтФДтФДтФДтФДтФДтФДтФДтФДтФДтФДтФДтФДтФДтФДтФДтФДтФДтФДтФДтФДтФДтФДтФДтФДтФДтФДтФДтФДтФДтФДтФДтФДтФДтФДтФДтФДтФДтФДтФДтФДтФДтФДтФДтФДтФДтФДтФДтФДтФДтФДтФДтФДтФДтФДтФДтФДтФДтФДтФДтФДтФДтФДтФДтФДтФДтФДтФДтФДтФДтФДтФДтФДтФД
тФВ ЁЯРЫ Calling _completeSimpleTest()
тФФтФАтФАтФАтФАтФАтФАтФАтФАтФАтФАтФАтФАтФАтФАтФАтФАтФАтФАтФАтФАтФАтФАтФАтФАтФАтФАтФАтФАтФАтФАтФАтФАтФАтФАтФАтФАтФАтФАтФАтФАтФАтФАтФАтФАтФАтФАтФАтФАтФАтФАтФАтФАтФАтФАтФАтФАтФАтФАтФАтФАтФАтФАтФАтФАтФАтФАтФАтФАтФАтФАтФАтФАтФАтФАтФАтФАтФАтФАтФАтФАтФАтФАтФАтФАтФАтФАтФАтФАтФАтФАтФАтФАтФАтФАтФАтФАтФАтФАтФАтФАтФАтФАтФАтФАтФАтФАтФАтФАтФАтФАтФАтФАтФАтФАтФАтФАтФАтФАтФА
тФМтФАтФАтФАтФАтФАтФАтФАтФАтФАтФАтФАтФАтФАтФАтФАтФАтФАтФАтФАтФАтФАтФАтФАтФАтФАтФАтФАтФАтФАтФАтФАтФАтФАтФАтФАтФАтФАтФАтФАтФАтФАтФАтФАтФАтФАтФАтФАтФАтФАтФАтФАтФАтФАтФАтФАтФАтФАтФАтФАтФАтФАтФАтФАтФАтФАтФАтФАтФАтФАтФАтФАтФАтФАтФАтФАтФАтФАтФАтФАтФАтФАтФАтФАтФАтФАтФАтФАтФАтФАтФАтФАтФАтФАтФАтФАтФАтФАтФАтФАтФАтФАтФАтФАтФАтФАтФАтФАтФАтФАтФАтФАтФАтФАтФАтФАтФАтФАтФАтФА
тФВ #0   TestService._completeSimpleTest (package:psycho_tests/services/test_service.dart:325:15)
тФВ #1   TestService.completeTest (package:psycho_tests/services/test_service.dart:63:14)
тФЬтФДтФДтФДтФДтФДтФДтФДтФДтФДтФДтФДтФДтФДтФДтФДтФДтФДтФДтФДтФДтФДтФДтФДтФДтФДтФДтФДтФДтФДтФДтФДтФДтФДтФДтФДтФДтФДтФДтФДтФДтФДтФДтФДтФДтФДтФДтФДтФДтФДтФДтФДтФДтФДтФДтФДтФДтФДтФДтФДтФДтФДтФДтФДтФДтФДтФДтФДтФДтФДтФДтФДтФДтФДтФДтФДтФДтФДтФДтФДтФДтФДтФДтФДтФДтФДтФДтФДтФДтФДтФДтФДтФДтФДтФДтФДтФДтФДтФДтФДтФДтФДтФДтФДтФДтФДтФДтФДтФДтФДтФДтФДтФДтФДтФДтФДтФДтФДтФДтФД
тФВ ЁЯРЫ Simple test - Created 0 scale scores
тФФтФАтФАтФАтФАтФАтФАтФАтФАтФАтФАтФАтФАтФАтФАтФАтФАтФАтФАтФАтФАтФАтФАтФАтФАтФАтФАтФАтФАтФАтФАтФАтФАтФАтФАтФАтФАтФАтФАтФАтФАтФАтФАтФАтФАтФАтФАтФАтФАтФАтФАтФАтФАтФАтФАтФАтФАтФАтФАтФАтФАтФАтФАтФАтФАтФАтФАтФАтФАтФАтФАтФАтФАтФАтФАтФАтФАтФАтФАтФАтФАтФАтФАтФАтФАтФАтФАтФАтФАтФАтФАтФАтФАтФАтФАтФАтФАтФАтФАтФАтФАтФАтФАтФАтФАтФАтФАтФАтФАтФАтФАтФАтФАтФАтФАтФАтФАтФАтФАтФА
тФМтФАтФАтФАтФАтФАтФАтФАтФАтФАтФАтФАтФАтФАтФАтФАтФАтФАтФАтФАтФАтФАтФАтФАтФАтФАтФАтФАтФАтФАтФАтФАтФАтФАтФАтФАтФАтФАтФАтФАтФАтФАтФАтФАтФАтФАтФАтФАтФАтФАтФАтФАтФАтФАтФАтФАтФАтФАтФАтФАтФАтФАтФАтФАтФАтФАтФАтФАтФАтФАтФАтФАтФАтФАтФАтФАтФАтФАтФАтФАтФАтФАтФАтФАтФАтФАтФАтФАтФАтФАтФАтФАтФАтФАтФАтФАтФАтФАтФАтФАтФАтФАтФАтФАтФАтФАтФАтФАтФАтФАтФАтФАтФАтФАтФАтФАтФАтФАтФАтФА
тФВ #0   TestService._completeSimpleTest (package:psycho_tests/services/test_service.dart:326:15)
тФВ #1   TestService.completeTest (package:psycho_tests/services/test_service.dart:63:14)
тФЬтФДтФДтФДтФДтФДтФДтФДтФДтФДтФДтФДтФДтФДтФДтФДтФДтФДтФДтФДтФДтФДтФДтФДтФДтФДтФДтФДтФДтФДтФДтФДтФДтФДтФДтФДтФДтФДтФДтФДтФДтФДтФДтФДтФДтФДтФДтФДтФДтФДтФДтФДтФДтФДтФДтФДтФДтФДтФДтФДтФДтФДтФДтФДтФДтФДтФДтФДтФДтФДтФДтФДтФДтФДтФДтФДтФДтФДтФДтФДтФДтФДтФДтФДтФДтФДтФДтФДтФДтФДтФДтФДтФДтФДтФДтФДтФДтФДтФДтФДтФДтФДтФДтФДтФДтФДтФДтФДтФДтФДтФДтФДтФДтФДтФДтФДтФДтФДтФДтФД
тФВ ЁЯРЫ Simple test - Created 0 scales with contributions
тФФтФАтФАтФАтФАтФАтФАтФАтФАтФАтФАтФАтФАтФАтФАтФАтФАтФАтФАтФАтФАтФАтФАтФАтФАтФАтФАтФАтФАтФАтФАтФАтФАтФАтФАтФАтФАтФАтФАтФАтФАтФАтФАтФАтФАтФАтФАтФАтФАтФАтФАтФАтФАтФАтФАтФАтФАтФАтФАтФАтФАтФАтФАтФАтФАтФАтФАтФАтФАтФАтФАтФАтФАтФАтФАтФАтФАтФАтФАтФАтФАтФАтФАтФАтФАтФАтФАтФАтФАтФАтФАтФАтФАтФАтФАтФАтФАтФАтФАтФАтФАтФАтФАтФАтФАтФАтФАтФАтФАтФАтФАтФАтФАтФАтФАтФАтФАтФАтФАтФА
00:00 +6 -3: D:/Work/psycho_app/0.0.1.x_dev/test/summary_test.dart: SummaryCalculator Tests should calculate summary with Big Five test results
00:00 +6 -3: D:/Work/psycho_app/0.0.1.x_dev/test/services/test_service_test.dart: completeTest() - Simple Tests generates interpretation for simple test
тФМтФАтФАтФАтФАтФАтФАтФАтФАтФАтФАтФАтФАтФАтФАтФАтФАтФАтФАтФАтФАтФАтФАтФАтФАтФАтФАтФАтФАтФАтФАтФАтФАтФАтФАтФАтФАтФАтФАтФАтФАтФАтФАтФАтФАтФАтФАтФАтФАтФАтФАтФАтФАтФАтФАтФАтФАтФАтФАтФАтФАтФАтФАтФАтФАтФАтФАтФАтФАтФАтФАтФАтФАтФАтФАтФАтФАтФАтФАтФАтФАтФАтФАтФАтФАтФАтФАтФАтФАтФАтФАтФАтФАтФАтФАтФАтФАтФАтФАтФАтФАтФАтФАтФАтФАтФАтФАтФАтФАтФАтФАтФАтФАтФАтФАтФАтФАтФАтФАтФА
тФВ #0   TestService.completeTest (package:psycho_tests/services/test_service.dart:43:15)
тФВ #1   main.<anonymous closure>.<anonymous closure> (file:///D:/Work/psycho_app/0.0.1.x_dev/test/services/test_service_test.dart:116:40)
тФЬтФДтФДтФДтФДтФДтФДтФДтФДтФДтФДтФДтФДтФДтФДтФДтФДтФДтФДтФДтФДтФДтФДтФДтФДтФДтФДтФДтФДтФДтФДтФДтФДтФДтФДтФДтФДтФДтФДтФДтФДтФДтФДтФДтФДтФДтФДтФДтФДтФДтФДтФДтФДтФДтФДтФДтФДтФДтФДтФДтФДтФДтФДтФДтФДтФДтФДтФДтФДтФДтФДтФДтФДтФДтФДтФДтФДтФДтФДтФДтФДтФДтФДтФДтФДтФДтФДтФДтФДтФДтФДтФДтФДтФДтФДтФДтФДтФДтФДтФДтФДтФДтФДтФДтФДтФДтФДтФДтФДтФДтФДтФДтФДтФДтФДтФДтФДтФДтФДтФД
тФВ ЁЯРЫ ===== completeTest() CALLED =====
тФФтФАтФАтФАтФАтФАтФАтФАтФАтФАтФАтФАтФАтФАтФАтФАтФАтФАтФАтФАтФАтФАтФАтФАтФАтФАтФАтФАтФАтФАтФАтФАтФАтФАтФАтФАтФАтФАтФАтФАтФАтФАтФАтФАтФАтФАтФАтФАтФАтФАтФАтФАтФАтФАтФАтФАтФАтФАтФАтФАтФАтФАтФАтФАтФАтФАтФАтФАтФАтФАтФАтФАтФАтФАтФАтФАтФАтФАтФАтФАтФАтФАтФАтФАтФАтФАтФАтФАтФАтФАтФАтФАтФАтФАтФАтФАтФАтФАтФАтФАтФАтФАтФАтФАтФАтФАтФАтФАтФАтФАтФАтФАтФАтФАтФАтФАтФАтФАтФАтФА
тФМтФАтФАтФАтФАтФАтФАтФАтФАтФАтФАтФАтФАтФАтФАтФАтФАтФАтФАтФАтФАтФАтФАтФАтФАтФАтФАтФАтФАтФАтФАтФАтФАтФАтФАтФАтФАтФАтФАтФАтФАтФАтФАтФАтФАтФАтФАтФАтФАтФАтФАтФАтФАтФАтФАтФАтФАтФАтФАтФАтФАтФАтФАтФАтФАтФАтФАтФАтФАтФАтФАтФАтФАтФАтФАтФАтФАтФАтФАтФАтФАтФАтФАтФАтФАтФАтФАтФАтФАтФАтФАтФАтФАтФАтФАтФАтФАтФАтФАтФАтФАтФАтФАтФАтФАтФАтФАтФАтФАтФАтФАтФАтФАтФАтФАтФАтФАтФАтФАтФА
тФВ #0   TestService.completeTest (package:psycho_tests/services/test_service.dart:44:15)
тФВ #1   main.<anonymous closure>.<anonymous closure> (file:///D:/Work/psycho_app/0.0.1.x_dev/test/services/test_service_test.dart:116:40)
тФЬтФДтФДтФДтФДтФДтФДтФДтФДтФДтФДтФДтФДтФДтФДтФДтФДтФДтФДтФДтФДтФДтФДтФДтФДтФДтФДтФДтФДтФДтФДтФДтФДтФДтФДтФДтФДтФДтФДтФДтФДтФДтФДтФДтФДтФДтФДтФДтФДтФДтФДтФДтФДтФДтФДтФДтФДтФДтФДтФДтФДтФДтФДтФДтФДтФДтФДтФДтФДтФДтФДтФДтФДтФДтФДтФДтФДтФДтФДтФДтФДтФДтФДтФДтФДтФДтФДтФДтФДтФДтФДтФДтФДтФДтФДтФДтФДтФДтФДтФДтФДтФДтФДтФДтФДтФДтФДтФДтФДтФДтФДтФДтФДтФДтФДтФДтФДтФДтФДтФД
тФВ ЁЯРЫ testId: simple_test
тФФтФАтФАтФАтФАтФАтФАтФАтФАтФАтФАтФАтФАтФАтФАтФАтФАтФАтФАтФАтФАтФАтФАтФАтФАтФАтФАтФАтФАтФАтФАтФАтФАтФАтФАтФАтФАтФАтФАтФАтФАтФАтФАтФАтФАтФАтФАтФАтФАтФАтФАтФАтФАтФАтФАтФАтФАтФАтФАтФАтФАтФАтФАтФАтФАтФАтФАтФАтФАтФАтФАтФАтФАтФАтФАтФАтФАтФАтФАтФАтФАтФАтФАтФАтФАтФАтФАтФАтФАтФАтФАтФАтФАтФАтФАтФАтФАтФАтФАтФАтФАтФАтФАтФАтФАтФАтФАтФАтФАтФАтФАтФАтФАтФАтФАтФАтФАтФАтФАтФА
тФМтФАтФАтФАтФАтФАтФАтФАтФАтФАтФАтФАтФАтФАтФАтФАтФАтФАтФАтФАтФАтФАтФАтФАтФАтФАтФАтФАтФАтФАтФАтФАтФАтФАтФАтФАтФАтФАтФАтФАтФАтФАтФАтФАтФАтФАтФАтФАтФАтФАтФАтФАтФАтФАтФАтФАтФАтФАтФАтФАтФАтФАтФАтФАтФАтФАтФАтФАтФАтФАтФАтФАтФАтФАтФАтФАтФАтФАтФАтФАтФАтФАтФАтФАтФАтФАтФАтФАтФАтФАтФАтФАтФАтФАтФАтФАтФАтФАтФАтФАтФАтФАтФАтФАтФАтФАтФАтФАтФАтФАтФАтФАтФАтФАтФАтФАтФАтФАтФАтФА
тФВ #0   TestService.completeTest (package:psycho_tests/services/test_service.dart:45:15)
тФВ #1   main.<anonymous closure>.<anonymous closure> (file:///D:/Work/psycho_app/0.0.1.x_dev/test/services/test_service_test.dart:116:40)
тФЬтФДтФДтФДтФДтФДтФДтФДтФДтФДтФДтФДтФДтФДтФДтФДтФДтФДтФДтФДтФДтФДтФДтФДтФДтФДтФДтФДтФДтФДтФДтФДтФДтФДтФДтФДтФДтФДтФДтФДтФДтФДтФДтФДтФДтФДтФДтФДтФДтФДтФДтФДтФДтФДтФДтФДтФДтФДтФДтФДтФДтФДтФДтФДтФДтФДтФДтФДтФДтФДтФДтФДтФДтФДтФДтФДтФДтФДтФДтФДтФДтФДтФДтФДтФДтФДтФДтФДтФДтФДтФДтФДтФДтФДтФДтФДтФДтФДтФДтФДтФДтФДтФДтФДтФДтФДтФДтФДтФДтФДтФДтФДтФДтФДтФДтФДтФДтФДтФДтФД
тФВ ЁЯРЫ type: TestType.simple
тФФтФАтФАтФАтФАтФАтФАтФАтФАтФАтФАтФАтФАтФАтФАтФАтФАтФАтФАтФАтФАтФАтФАтФАтФАтФАтФАтФАтФАтФАтФАтФАтФАтФАтФАтФАтФАтФАтФАтФАтФАтФАтФАтФАтФАтФАтФАтФАтФАтФАтФАтФАтФАтФАтФАтФАтФАтФАтФАтФАтФАтФАтФАтФАтФАтФАтФАтФАтФАтФАтФАтФАтФАтФАтФАтФАтФАтФАтФАтФАтФАтФАтФАтФАтФАтФАтФАтФАтФАтФАтФАтФАтФАтФАтФАтФАтФАтФАтФАтФАтФАтФАтФАтФАтФАтФАтФАтФАтФАтФАтФАтФАтФАтФАтФАтФАтФАтФАтФАтФА
тФМтФАтФАтФАтФАтФАтФАтФАтФАтФАтФАтФАтФАтФАтФАтФАтФАтФАтФАтФАтФАтФАтФАтФАтФАтФАтФАтФАтФАтФАтФАтФАтФАтФАтФАтФАтФАтФАтФАтФАтФАтФАтФАтФАтФАтФАтФАтФАтФАтФАтФАтФАтФАтФАтФАтФАтФАтФАтФАтФАтФАтФАтФАтФАтФАтФАтФАтФАтФАтФАтФАтФАтФАтФАтФАтФАтФАтФАтФАтФАтФАтФАтФАтФАтФАтФАтФАтФАтФАтФАтФАтФАтФАтФАтФАтФАтФАтФАтФАтФАтФАтФАтФАтФАтФАтФАтФАтФАтФАтФАтФАтФАтФАтФАтФАтФАтФАтФАтФАтФА
тФВ #0   TestService.completeTest (package:psycho_tests/services/test_service.dart:46:15)
тФВ #1   main.<anonymous closure>.<anonymous closure> (file:///D:/Work/psycho_app/0.0.1.x_dev/test/services/test_service_test.dart:116:40)
тФЬтФДтФДтФДтФДтФДтФДтФДтФДтФДтФДтФДтФДтФДтФДтФДтФДтФДтФДтФДтФДтФДтФДтФДтФДтФДтФДтФДтФДтФДтФДтФДтФДтФДтФДтФДтФДтФДтФДтФДтФДтФДтФДтФДтФДтФДтФДтФДтФДтФДтФДтФДтФДтФДтФДтФДтФДтФДтФДтФДтФДтФДтФДтФДтФДтФДтФДтФДтФДтФДтФДтФДтФДтФДтФДтФДтФДтФДтФДтФДтФДтФДтФДтФДтФДтФДтФДтФДтФДтФДтФДтФДтФДтФДтФДтФДтФДтФДтФДтФДтФДтФДтФДтФДтФДтФДтФДтФДтФДтФДтФДтФДтФДтФДтФДтФДтФДтФДтФДтФД
тФВ ЁЯРЫ isBipolar: false
тФФтФАтФАтФАтФАтФАтФАтФАтФАтФАтФАтФАтФАтФАтФАтФАтФАтФАтФАтФАтФАтФАтФАтФАтФАтФАтФАтФАтФАтФАтФАтФАтФАтФАтФАтФАтФАтФАтФАтФАтФАтФАтФАтФАтФАтФАтФАтФАтФАтФАтФАтФАтФАтФАтФАтФАтФАтФАтФАтФАтФАтФАтФАтФАтФАтФАтФАтФАтФАтФАтФАтФАтФАтФАтФАтФАтФАтФАтФАтФАтФАтФАтФАтФАтФАтФАтФАтФАтФАтФАтФАтФАтФАтФАтФАтФАтФАтФАтФАтФАтФАтФАтФАтФАтФАтФАтФАтФАтФАтФАтФАтФАтФАтФАтФАтФАтФАтФАтФАтФА
тФМтФАтФАтФАтФАтФАтФАтФАтФАтФАтФАтФАтФАтФАтФАтФАтФАтФАтФАтФАтФАтФАтФАтФАтФАтФАтФАтФАтФАтФАтФАтФАтФАтФАтФАтФАтФАтФАтФАтФАтФАтФАтФАтФАтФАтФАтФАтФАтФАтФАтФАтФАтФАтФАтФАтФАтФАтФАтФАтФАтФАтФАтФАтФАтФАтФАтФАтФАтФАтФАтФАтФАтФАтФАтФАтФАтФАтФАтФАтФАтФАтФАтФАтФАтФАтФАтФАтФАтФАтФАтФАтФАтФАтФАтФАтФАтФАтФАтФАтФАтФАтФАтФАтФАтФАтФАтФАтФАтФАтФАтФАтФАтФАтФАтФАтФАтФАтФАтФАтФА
тФВ #0   TestService.completeTest (package:psycho_tests/services/test_service.dart:47:15)
тФВ #1   main.<anonymous closure>.<anonymous closure> (file:///D:/Work/psycho_app/0.0.1.x_dev/test/services/test_service_test.dart:116:40)
тФЬтФДтФДтФДтФДтФДтФДтФДтФДтФДтФДтФДтФДтФДтФДтФДтФДтФДтФДтФДтФДтФДтФДтФДтФДтФДтФДтФДтФДтФДтФДтФДтФДтФДтФДтФДтФДтФДтФДтФДтФДтФДтФДтФДтФДтФДтФДтФДтФДтФДтФДтФДтФДтФДтФДтФДтФДтФДтФДтФДтФДтФДтФДтФДтФДтФДтФДтФДтФДтФДтФДтФДтФДтФДтФДтФДтФДтФДтФДтФДтФДтФДтФДтФДтФДтФДтФДтФДтФДтФДтФДтФДтФДтФДтФДтФДтФДтФДтФДтФДтФДтФДтФДтФДтФДтФДтФДтФДтФДтФДтФДтФДтФДтФДтФДтФДтФДтФДтФДтФД
тФВ ЁЯРЫ bipolarDimensions: null
тФФтФАтФАтФАтФАтФАтФАтФАтФАтФАтФАтФАтФАтФАтФАтФАтФАтФАтФАтФАтФАтФАтФАтФАтФАтФАтФАтФАтФАтФАтФАтФАтФАтФАтФАтФАтФАтФАтФАтФАтФАтФАтФАтФАтФАтФАтФАтФАтФАтФАтФАтФАтФАтФАтФАтФАтФАтФАтФАтФАтФАтФАтФАтФАтФАтФАтФАтФАтФАтФАтФАтФАтФАтФАтФАтФАтФАтФАтФАтФАтФАтФАтФАтФАтФАтФАтФАтФАтФАтФАтФАтФАтФАтФАтФАтФАтФАтФАтФАтФАтФАтФАтФАтФАтФАтФАтФАтФАтФАтФАтФАтФАтФАтФАтФАтФАтФАтФАтФАтФА
тФМтФАтФАтФАтФАтФАтФАтФАтФАтФАтФАтФАтФАтФАтФАтФАтФАтФАтФАтФАтФАтФАтФАтФАтФАтФАтФАтФАтФАтФАтФАтФАтФАтФАтФАтФАтФАтФАтФАтФАтФАтФАтФАтФАтФАтФАтФАтФАтФАтФАтФАтФАтФАтФАтФАтФАтФАтФАтФАтФАтФАтФАтФАтФАтФАтФАтФАтФАтФАтФАтФАтФАтФАтФАтФАтФАтФАтФАтФАтФАтФАтФАтФАтФАтФАтФАтФАтФАтФАтФАтФАтФАтФАтФАтФАтФАтФАтФАтФАтФАтФАтФАтФАтФАтФАтФАтФАтФАтФАтФАтФАтФАтФАтФАтФАтФАтФАтФАтФАтФА
тФВ #0   TestService.completeTest (package:psycho_tests/services/test_service.dart:62:17)
тФВ #1   main.<anonymous closure>.<anonymous closure> (file:///D:/Work/psycho_app/0.0.1.x_dev/test/services/test_service_test.dart:116:40)
тФЬтФДтФДтФДтФДтФДтФДтФДтФДтФДтФДтФДтФДтФДтФДтФДтФДтФДтФДтФДтФДтФДтФДтФДтФДтФДтФДтФДтФДтФДтФДтФДтФДтФДтФДтФДтФДтФДтФДтФДтФДтФДтФДтФДтФДтФДтФДтФДтФДтФДтФДтФДтФДтФДтФДтФДтФДтФДтФДтФДтФДтФДтФДтФДтФДтФДтФДтФДтФДтФДтФДтФДтФДтФДтФДтФДтФДтФДтФДтФДтФДтФДтФДтФДтФДтФДтФДтФДтФДтФДтФДтФДтФДтФДтФДтФДтФДтФДтФДтФДтФДтФДтФДтФДтФДтФДтФДтФДтФДтФДтФДтФДтФДтФДтФДтФДтФДтФДтФДтФД
тФВ ЁЯРЫ Calling _completeSimpleTest()
тФФтФАтФАтФАтФАтФАтФАтФАтФАтФАтФАтФАтФАтФАтФАтФАтФАтФАтФАтФАтФАтФАтФАтФАтФАтФАтФАтФАтФАтФАтФАтФАтФАтФАтФАтФАтФАтФАтФАтФАтФАтФАтФАтФАтФАтФАтФАтФАтФАтФАтФАтФАтФАтФАтФАтФАтФАтФАтФАтФАтФАтФАтФАтФАтФАтФАтФАтФАтФАтФАтФАтФАтФАтФАтФАтФАтФАтФАтФАтФАтФАтФАтФАтФАтФАтФАтФАтФАтФАтФАтФАтФАтФАтФАтФАтФАтФАтФАтФАтФАтФАтФАтФАтФАтФАтФАтФАтФАтФАтФАтФАтФАтФАтФАтФАтФАтФАтФАтФАтФА
тФМтФАтФАтФАтФАтФАтФАтФАтФАтФАтФАтФАтФАтФАтФАтФАтФАтФАтФАтФАтФАтФАтФАтФАтФАтФАтФАтФАтФАтФАтФАтФАтФАтФАтФАтФАтФАтФАтФАтФАтФАтФАтФАтФАтФАтФАтФАтФАтФАтФАтФАтФАтФАтФАтФАтФАтФАтФАтФАтФАтФАтФАтФАтФАтФАтФАтФАтФАтФАтФАтФАтФАтФАтФАтФАтФАтФАтФАтФАтФАтФАтФАтФАтФАтФАтФАтФАтФАтФАтФАтФАтФАтФАтФАтФАтФАтФАтФАтФАтФАтФАтФАтФАтФАтФАтФАтФАтФАтФАтФАтФАтФАтФАтФАтФАтФАтФАтФАтФАтФА
тФВ #0   TestService._completeSimpleTest (package:psycho_tests/services/test_service.dart:325:15)
тФВ #1   TestService.completeTest (package:psycho_tests/services/test_service.dart:63:14)
тФЬтФДтФДтФДтФДтФДтФДтФДтФДтФДтФДтФДтФДтФДтФДтФДтФДтФДтФДтФДтФДтФДтФДтФДтФДтФДтФДтФДтФДтФДтФДтФДтФДтФДтФДтФДтФДтФДтФДтФДтФДтФДтФДтФДтФДтФДтФДтФДтФДтФДтФДтФДтФДтФДтФДтФДтФДтФДтФДтФДтФДтФДтФДтФДтФДтФДтФДтФДтФДтФДтФДтФДтФДтФДтФДтФДтФДтФДтФДтФДтФДтФДтФДтФДтФДтФДтФДтФДтФДтФДтФДтФДтФДтФДтФДтФДтФДтФДтФДтФДтФДтФДтФДтФДтФДтФДтФДтФДтФДтФДтФДтФДтФДтФДтФДтФДтФДтФДтФДтФД
тФВ ЁЯРЫ Simple test - Created 0 scale scores
тФФтФАтФАтФАтФАтФАтФАтФАтФАтФАтФАтФАтФАтФАтФАтФАтФАтФАтФАтФАтФАтФАтФАтФАтФАтФАтФАтФАтФАтФАтФАтФАтФАтФАтФАтФАтФАтФАтФАтФАтФАтФАтФАтФАтФАтФАтФАтФАтФАтФАтФАтФАтФАтФАтФАтФАтФАтФАтФАтФАтФАтФАтФАтФАтФАтФАтФАтФАтФАтФАтФАтФАтФАтФАтФАтФАтФАтФАтФАтФАтФАтФАтФАтФАтФАтФАтФАтФАтФАтФАтФАтФАтФАтФАтФАтФАтФАтФАтФАтФАтФАтФАтФАтФАтФАтФАтФАтФАтФАтФАтФАтФАтФАтФАтФАтФАтФАтФАтФАтФА
тФМтФАтФАтФАтФАтФАтФАтФАтФАтФАтФАтФАтФАтФАтФАтФАтФАтФАтФАтФАтФАтФАтФАтФАтФАтФАтФАтФАтФАтФАтФАтФАтФАтФАтФАтФАтФАтФАтФАтФАтФАтФАтФАтФАтФАтФАтФАтФАтФАтФАтФАтФАтФАтФАтФАтФАтФАтФАтФАтФАтФАтФАтФАтФАтФАтФАтФАтФАтФАтФАтФАтФАтФАтФАтФАтФАтФАтФАтФАтФАтФАтФАтФАтФАтФАтФАтФАтФАтФАтФАтФАтФАтФАтФАтФАтФАтФАтФАтФАтФАтФАтФАтФАтФАтФАтФАтФАтФАтФАтФАтФАтФАтФАтФАтФАтФАтФАтФАтФАтФА
тФВ #0   TestService._completeSimpleTest (package:psycho_tests/services/test_service.dart:326:15)
тФВ #1   TestService.completeTest (package:psycho_tests/services/test_service.dart:63:14)
тФЬтФДтФДтФДтФДтФДтФДтФДтФДтФДтФДтФДтФДтФДтФДтФДтФДтФДтФДтФДтФДтФДтФДтФДтФДтФДтФДтФДтФДтФДтФДтФДтФДтФДтФДтФДтФДтФДтФДтФДтФДтФДтФДтФДтФДтФДтФДтФДтФДтФДтФДтФДтФДтФДтФДтФДтФДтФДтФДтФДтФДтФДтФДтФДтФДтФДтФДтФДтФДтФДтФДтФДтФДтФДтФДтФДтФДтФДтФДтФДтФДтФДтФДтФДтФДтФДтФДтФДтФДтФДтФДтФДтФДтФДтФДтФДтФДтФДтФДтФДтФДтФДтФДтФДтФДтФДтФДтФДтФДтФДтФДтФДтФДтФДтФДтФДтФДтФДтФДтФД
тФВ ЁЯРЫ Simple test - Created 0 scales with contributions
тФФтФАтФАтФАтФАтФАтФАтФАтФАтФАтФАтФАтФАтФАтФАтФАтФАтФАтФАтФАтФАтФАтФАтФАтФАтФАтФАтФАтФАтФАтФАтФАтФАтФАтФАтФАтФАтФАтФАтФАтФАтФАтФАтФАтФАтФАтФАтФАтФАтФАтФАтФАтФАтФАтФАтФАтФАтФАтФАтФАтФАтФАтФАтФАтФАтФАтФАтФАтФАтФАтФАтФАтФАтФАтФАтФАтФАтФАтФАтФАтФАтФАтФАтФАтФАтФАтФАтФАтФАтФАтФАтФАтФАтФАтФАтФАтФАтФАтФАтФАтФАтФАтФАтФАтФАтФАтФАтФАтФАтФАтФАтФАтФАтФАтФАтФАтФАтФАтФАтФА
00:00 +7 -3: D:/Work/psycho_app/0.0.1.x_dev/test/summary_test.dart: SummaryCalculator Tests should calculate summary with Big Five test results
00:00 +7 -3: D:/Work/psycho_app/0.0.1.x_dev/test/services/test_service_test.dart: completeTest() - Simple Tests handles test with zero score
тФМтФАтФАтФАтФАтФАтФАтФАтФАтФАтФАтФАтФАтФАтФАтФАтФАтФАтФАтФАтФАтФАтФАтФАтФАтФАтФАтФАтФАтФАтФАтФАтФАтФАтФАтФАтФАтФАтФАтФАтФАтФАтФАтФАтФАтФАтФАтФАтФАтФАтФАтФАтФАтФАтФАтФАтФАтФАтФАтФАтФАтФАтФАтФАтФАтФАтФАтФАтФАтФАтФАтФАтФАтФАтФАтФАтФАтФАтФАтФАтФАтФАтФАтФАтФАтФАтФАтФАтФАтФАтФАтФАтФАтФАтФАтФАтФАтФАтФАтФАтФАтФАтФАтФАтФАтФАтФАтФАтФАтФАтФАтФАтФАтФАтФАтФАтФАтФАтФАтФА
тФВ #0   TestService.completeTest (package:psycho_tests/services/test_service.dart:43:15)
тФВ #1   main.<anonymous closure>.<anonymous closure> (file:///D:/Work/psycho_app/0.0.1.x_dev/test/services/test_service_test.dart:129:40)
тФЬтФДтФДтФДтФДтФДтФДтФДтФДтФДтФДтФДтФДтФДтФДтФДтФДтФДтФДтФДтФДтФДтФДтФДтФДтФДтФДтФДтФДтФДтФДтФДтФДтФДтФДтФДтФДтФДтФДтФДтФДтФДтФДтФДтФДтФДтФДтФДтФДтФДтФДтФДтФДтФДтФДтФДтФДтФДтФДтФДтФДтФДтФДтФДтФДтФДтФДтФДтФДтФДтФДтФДтФДтФДтФДтФДтФДтФДтФДтФДтФДтФДтФДтФДтФДтФДтФДтФДтФДтФДтФДтФДтФДтФДтФДтФДтФДтФДтФДтФДтФДтФДтФДтФДтФДтФДтФДтФДтФДтФДтФДтФДтФДтФДтФДтФДтФДтФДтФДтФД
тФВ ЁЯРЫ ===== completeTest() CALLED =====
тФФтФАтФАтФАтФАтФАтФАтФАтФАтФАтФАтФАтФАтФАтФАтФАтФАтФАтФАтФАтФАтФАтФАтФАтФАтФАтФАтФАтФАтФАтФАтФАтФАтФАтФАтФАтФАтФАтФАтФАтФАтФАтФАтФАтФАтФАтФАтФАтФАтФАтФАтФАтФАтФАтФАтФАтФАтФАтФАтФАтФАтФАтФАтФАтФАтФАтФАтФАтФАтФАтФАтФАтФАтФАтФАтФАтФАтФАтФАтФАтФАтФАтФАтФАтФАтФАтФАтФАтФАтФАтФАтФАтФАтФАтФАтФАтФАтФАтФАтФАтФАтФАтФАтФАтФАтФАтФАтФАтФАтФАтФАтФАтФАтФАтФАтФАтФАтФАтФАтФА
тФМтФАтФАтФАтФАтФАтФАтФАтФАтФАтФАтФАтФАтФАтФАтФАтФАтФАтФАтФАтФАтФАтФАтФАтФАтФАтФАтФАтФАтФАтФАтФАтФАтФАтФАтФАтФАтФАтФАтФАтФАтФАтФАтФАтФАтФАтФАтФАтФАтФАтФАтФАтФАтФАтФАтФАтФАтФАтФАтФАтФАтФАтФАтФАтФАтФАтФАтФАтФАтФАтФАтФАтФАтФАтФАтФАтФАтФАтФАтФАтФАтФАтФАтФАтФАтФАтФАтФАтФАтФАтФАтФАтФАтФАтФАтФАтФАтФАтФАтФАтФАтФАтФАтФАтФАтФАтФАтФАтФАтФАтФАтФАтФАтФАтФАтФАтФАтФАтФАтФА
тФВ #0   TestService.completeTest (package:psycho_tests/services/test_service.dart:44:15)
тФВ #1   main.<anonymous closure>.<anonymous closure> (file:///D:/Work/psycho_app/0.0.1.x_dev/test/services/test_service_test.dart:129:40)
тФЬтФДтФДтФДтФДтФДтФДтФДтФДтФДтФДтФДтФДтФДтФДтФДтФДтФДтФДтФДтФДтФДтФДтФДтФДтФДтФДтФДтФДтФДтФДтФДтФДтФДтФДтФДтФДтФДтФДтФДтФДтФДтФДтФДтФДтФДтФДтФДтФДтФДтФДтФДтФДтФДтФДтФДтФДтФДтФДтФДтФДтФДтФДтФДтФДтФДтФДтФДтФДтФДтФДтФДтФДтФДтФДтФДтФДтФДтФДтФДтФДтФДтФДтФДтФДтФДтФДтФДтФДтФДтФДтФДтФДтФДтФДтФДтФДтФДтФДтФДтФДтФДтФДтФДтФДтФДтФДтФДтФДтФДтФДтФДтФДтФДтФДтФДтФДтФДтФДтФД
тФВ ЁЯРЫ testId: simple_test
тФФтФАтФАтФАтФАтФАтФАтФАтФАтФАтФАтФАтФАтФАтФАтФАтФАтФАтФАтФАтФАтФАтФАтФАтФАтФАтФАтФАтФАтФАтФАтФАтФАтФАтФАтФАтФАтФАтФАтФАтФАтФАтФАтФАтФАтФАтФАтФАтФАтФАтФАтФАтФАтФАтФАтФАтФАтФАтФАтФАтФАтФАтФАтФАтФАтФАтФАтФАтФАтФАтФАтФАтФАтФАтФАтФАтФАтФАтФАтФАтФАтФАтФАтФАтФАтФАтФАтФАтФАтФАтФАтФАтФАтФАтФАтФАтФАтФАтФАтФАтФАтФАтФАтФАтФАтФАтФАтФАтФАтФАтФАтФАтФАтФАтФАтФАтФАтФАтФАтФА
тФМтФАтФАтФАтФАтФАтФАтФАтФАтФАтФАтФАтФАтФАтФАтФАтФАтФАтФАтФАтФАтФАтФАтФАтФАтФАтФАтФАтФАтФАтФАтФАтФАтФАтФАтФАтФАтФАтФАтФАтФАтФАтФАтФАтФАтФАтФАтФАтФАтФАтФАтФАтФАтФАтФАтФАтФАтФАтФАтФАтФАтФАтФАтФАтФАтФАтФАтФАтФАтФАтФАтФАтФАтФАтФАтФАтФАтФАтФАтФАтФАтФАтФАтФАтФАтФАтФАтФАтФАтФАтФАтФАтФАтФАтФАтФАтФАтФАтФАтФАтФАтФАтФАтФАтФАтФАтФАтФАтФАтФАтФАтФАтФАтФАтФАтФАтФАтФАтФАтФА
тФВ #0   TestService.completeTest (package:psycho_tests/services/test_service.dart:45:15)
тФВ #1   main.<anonymous closure>.<anonymous closure> (file:///D:/Work/psycho_app/0.0.1.x_dev/test/services/test_service_test.dart:129:40)
тФЬтФДтФДтФДтФДтФДтФДтФДтФДтФДтФДтФДтФДтФДтФДтФДтФДтФДтФДтФДтФДтФДтФДтФДтФДтФДтФДтФДтФДтФДтФДтФДтФДтФДтФДтФДтФДтФДтФДтФДтФДтФДтФДтФДтФДтФДтФДтФДтФДтФДтФДтФДтФДтФДтФДтФДтФДтФДтФДтФДтФДтФДтФДтФДтФДтФДтФДтФДтФДтФДтФДтФДтФДтФДтФДтФДтФДтФДтФДтФДтФДтФДтФДтФДтФДтФДтФДтФДтФДтФДтФДтФДтФДтФДтФДтФДтФДтФДтФДтФДтФДтФДтФДтФДтФДтФДтФДтФДтФДтФДтФДтФДтФДтФДтФДтФДтФДтФДтФДтФД
тФВ ЁЯРЫ type: TestType.simple
тФФтФАтФАтФАтФАтФАтФАтФАтФАтФАтФАтФАтФАтФАтФАтФАтФАтФАтФАтФАтФАтФАтФАтФАтФАтФАтФАтФАтФАтФАтФАтФАтФАтФАтФАтФАтФАтФАтФАтФАтФАтФАтФАтФАтФАтФАтФАтФАтФАтФАтФАтФАтФАтФАтФАтФАтФАтФАтФАтФАтФАтФАтФАтФАтФАтФАтФАтФАтФАтФАтФАтФАтФАтФАтФАтФАтФАтФАтФАтФАтФАтФАтФАтФАтФАтФАтФАтФАтФАтФАтФАтФАтФАтФАтФАтФАтФАтФАтФАтФАтФАтФАтФАтФАтФАтФАтФАтФАтФАтФАтФАтФАтФАтФАтФАтФАтФАтФАтФАтФА
тФМтФАтФАтФАтФАтФАтФАтФАтФАтФАтФАтФАтФАтФАтФАтФАтФАтФАтФАтФАтФАтФАтФАтФАтФАтФАтФАтФАтФАтФАтФАтФАтФАтФАтФАтФАтФАтФАтФАтФАтФАтФАтФАтФАтФАтФАтФАтФАтФАтФАтФАтФАтФАтФАтФАтФАтФАтФАтФАтФАтФАтФАтФАтФАтФАтФАтФАтФАтФАтФАтФАтФАтФАтФАтФАтФАтФАтФАтФАтФАтФАтФАтФАтФАтФАтФАтФАтФАтФАтФАтФАтФАтФАтФАтФАтФАтФАтФАтФАтФАтФАтФАтФАтФАтФАтФАтФАтФАтФАтФАтФАтФАтФАтФАтФАтФАтФАтФАтФАтФА
тФВ #0   TestService.completeTest (package:psycho_tests/services/test_service.dart:46:15)
тФВ #1   main.<anonymous closure>.<anonymous closure> (file:///D:/Work/psycho_app/0.0.1.x_dev/test/services/test_service_test.dart:129:40)
тФЬтФДтФДтФДтФДтФДтФДтФДтФДтФДтФДтФДтФДтФДтФДтФДтФДтФДтФДтФДтФДтФДтФДтФДтФДтФДтФДтФДтФДтФДтФДтФДтФДтФДтФДтФДтФДтФДтФДтФДтФДтФДтФДтФДтФДтФДтФДтФДтФДтФДтФДтФДтФДтФДтФДтФДтФДтФДтФДтФДтФДтФДтФДтФДтФДтФДтФДтФДтФДтФДтФДтФДтФДтФДтФДтФДтФДтФДтФДтФДтФДтФДтФДтФДтФДтФДтФДтФДтФДтФДтФДтФДтФДтФДтФДтФДтФДтФДтФДтФДтФДтФДтФДтФДтФДтФДтФДтФДтФДтФДтФДтФДтФДтФДтФДтФДтФДтФДтФДтФД
тФВ ЁЯРЫ isBipolar: false
тФФтФАтФАтФАтФАтФАтФАтФАтФАтФАтФАтФАтФАтФАтФАтФАтФАтФАтФАтФАтФАтФАтФАтФАтФАтФАтФАтФАтФАтФАтФАтФАтФАтФАтФАтФАтФАтФАтФАтФАтФАтФАтФАтФАтФАтФАтФАтФАтФАтФАтФАтФАтФАтФАтФАтФАтФАтФАтФАтФАтФАтФАтФАтФАтФАтФАтФАтФАтФАтФАтФАтФАтФАтФАтФАтФАтФАтФАтФАтФАтФАтФАтФАтФАтФАтФАтФАтФАтФАтФАтФАтФАтФАтФАтФАтФАтФАтФАтФАтФАтФАтФАтФАтФАтФАтФАтФАтФАтФАтФАтФАтФАтФАтФАтФАтФАтФАтФАтФАтФА
тФМтФАтФАтФАтФАтФАтФАтФАтФАтФАтФАтФАтФАтФАтФАтФАтФАтФАтФАтФАтФАтФАтФАтФАтФАтФАтФАтФАтФАтФАтФАтФАтФАтФАтФАтФАтФАтФАтФАтФАтФАтФАтФАтФАтФАтФАтФАтФАтФАтФАтФАтФАтФАтФАтФАтФАтФАтФАтФАтФАтФАтФАтФАтФАтФАтФАтФАтФАтФАтФАтФАтФАтФАтФАтФАтФАтФАтФАтФАтФАтФАтФАтФАтФАтФАтФАтФАтФАтФАтФАтФАтФАтФАтФАтФАтФАтФАтФАтФАтФАтФАтФАтФАтФАтФАтФАтФАтФАтФАтФАтФАтФАтФАтФАтФАтФАтФАтФАтФАтФА
тФВ #0   TestService.completeTest (package:psycho_tests/services/test_service.dart:47:15)
тФВ #1   main.<anonymous closure>.<anonymous closure> (file:///D:/Work/psycho_app/0.0.1.x_dev/test/services/test_service_test.dart:129:40)
тФЬтФДтФДтФДтФДтФДтФДтФДтФДтФДтФДтФДтФДтФДтФДтФДтФДтФДтФДтФДтФДтФДтФДтФДтФДтФДтФДтФДтФДтФДтФДтФДтФДтФДтФДтФДтФДтФДтФДтФДтФДтФДтФДтФДтФДтФДтФДтФДтФДтФДтФДтФДтФДтФДтФДтФДтФДтФДтФДтФДтФДтФДтФДтФДтФДтФДтФДтФДтФДтФДтФДтФДтФДтФДтФДтФДтФДтФДтФДтФДтФДтФДтФДтФДтФДтФДтФДтФДтФДтФДтФДтФДтФДтФДтФДтФДтФДтФДтФДтФДтФДтФДтФДтФДтФДтФДтФДтФДтФДтФДтФДтФДтФДтФДтФДтФДтФДтФДтФДтФД
тФВ ЁЯРЫ bipolarDimensions: null
тФФтФАтФАтФАтФАтФАтФАтФАтФАтФАтФАтФАтФАтФАтФАтФАтФАтФАтФАтФАтФАтФАтФАтФАтФАтФАтФАтФАтФАтФАтФАтФАтФАтФАтФАтФАтФАтФАтФАтФАтФАтФАтФАтФАтФАтФАтФАтФАтФАтФАтФАтФАтФАтФАтФАтФАтФАтФАтФАтФАтФАтФАтФАтФАтФАтФАтФАтФАтФАтФАтФАтФАтФАтФАтФАтФАтФАтФАтФАтФАтФАтФАтФАтФАтФАтФАтФАтФАтФАтФАтФАтФАтФАтФАтФАтФАтФАтФАтФАтФАтФАтФАтФАтФАтФАтФАтФАтФАтФАтФАтФАтФАтФАтФАтФАтФАтФАтФАтФАтФА
тФМтФАтФАтФАтФАтФАтФАтФАтФАтФАтФАтФАтФАтФАтФАтФАтФАтФАтФАтФАтФАтФАтФАтФАтФАтФАтФАтФАтФАтФАтФАтФАтФАтФАтФАтФАтФАтФАтФАтФАтФАтФАтФАтФАтФАтФАтФАтФАтФАтФАтФАтФАтФАтФАтФАтФАтФАтФАтФАтФАтФАтФАтФАтФАтФАтФАтФАтФАтФАтФАтФАтФАтФАтФАтФАтФАтФАтФАтФАтФАтФАтФАтФАтФАтФАтФАтФАтФАтФАтФАтФАтФАтФАтФАтФАтФАтФАтФАтФАтФАтФАтФАтФАтФАтФАтФАтФАтФАтФАтФАтФАтФАтФАтФАтФАтФАтФАтФАтФАтФА
тФВ #0   TestService.completeTest (package:psycho_tests/services/test_service.dart:62:17)
тФВ #1   main.<anonymous closure>.<anonymous closure> (file:///D:/Work/psycho_app/0.0.1.x_dev/test/services/test_service_test.dart:129:40)
тФЬтФДтФДтФДтФДтФДтФДтФДтФДтФДтФДтФДтФДтФДтФДтФДтФДтФДтФДтФДтФДтФДтФДтФДтФДтФДтФДтФДтФДтФДтФДтФДтФДтФДтФДтФДтФДтФДтФДтФДтФДтФДтФДтФДтФДтФДтФДтФДтФДтФДтФДтФДтФДтФДтФДтФДтФДтФДтФДтФДтФДтФДтФДтФДтФДтФДтФДтФДтФДтФДтФДтФДтФДтФДтФДтФДтФДтФДтФДтФДтФДтФДтФДтФДтФДтФДтФДтФДтФДтФДтФДтФДтФДтФДтФДтФДтФДтФДтФДтФДтФДтФДтФДтФДтФДтФДтФДтФДтФДтФДтФДтФДтФДтФДтФДтФДтФДтФДтФДтФД
тФВ ЁЯРЫ Calling _completeSimpleTest()
тФФтФАтФАтФАтФАтФАтФАтФАтФАтФАтФАтФАтФАтФАтФАтФАтФАтФАтФАтФАтФАтФАтФАтФАтФАтФАтФАтФАтФАтФАтФАтФАтФАтФАтФАтФАтФАтФАтФАтФАтФАтФАтФАтФАтФАтФАтФАтФАтФАтФАтФАтФАтФАтФАтФАтФАтФАтФАтФАтФАтФАтФАтФАтФАтФАтФАтФАтФАтФАтФАтФАтФАтФАтФАтФАтФАтФАтФАтФАтФАтФАтФАтФАтФАтФАтФАтФАтФАтФАтФАтФАтФАтФАтФАтФАтФАтФАтФАтФАтФАтФАтФАтФАтФАтФАтФАтФАтФАтФАтФАтФАтФАтФАтФАтФАтФАтФАтФАтФАтФА
тФМтФАтФАтФАтФАтФАтФАтФАтФАтФАтФАтФАтФАтФАтФАтФАтФАтФАтФАтФАтФАтФАтФАтФАтФАтФАтФАтФАтФАтФАтФАтФАтФАтФАтФАтФАтФАтФАтФАтФАтФАтФАтФАтФАтФАтФАтФАтФАтФАтФАтФАтФАтФАтФАтФАтФАтФАтФАтФАтФАтФАтФАтФАтФАтФАтФАтФАтФАтФАтФАтФАтФАтФАтФАтФАтФАтФАтФАтФАтФАтФАтФАтФАтФАтФАтФАтФАтФАтФАтФАтФАтФАтФАтФАтФАтФАтФАтФАтФАтФАтФАтФАтФАтФАтФАтФАтФАтФАтФАтФАтФАтФАтФАтФАтФАтФАтФАтФАтФАтФА
тФВ #0   TestService._completeSimpleTest (package:psycho_tests/services/test_service.dart:325:15)
тФВ #1   TestService.completeTest (package:psycho_tests/services/test_service.dart:63:14)
тФЬтФДтФДтФДтФДтФДтФДтФДтФДтФДтФДтФДтФДтФДтФДтФДтФДтФДтФДтФДтФДтФДтФДтФДтФДтФДтФДтФДтФДтФДтФДтФДтФДтФДтФДтФДтФДтФДтФДтФДтФДтФДтФДтФДтФДтФДтФДтФДтФДтФДтФДтФДтФДтФДтФДтФДтФДтФДтФДтФДтФДтФДтФДтФДтФДтФДтФДтФДтФДтФДтФДтФДтФДтФДтФДтФДтФДтФДтФДтФДтФДтФДтФДтФДтФДтФДтФДтФДтФДтФДтФДтФДтФДтФДтФДтФДтФДтФДтФДтФДтФДтФДтФДтФДтФДтФДтФДтФДтФДтФДтФДтФДтФДтФДтФДтФДтФДтФДтФДтФД
тФВ ЁЯРЫ Simple test - Created 0 scale scores
тФФтФАтФАтФАтФАтФАтФАтФАтФАтФАтФАтФАтФАтФАтФАтФАтФАтФАтФАтФАтФАтФАтФАтФАтФАтФАтФАтФАтФАтФАтФАтФАтФАтФАтФАтФАтФАтФАтФАтФАтФАтФАтФАтФАтФАтФАтФАтФАтФАтФАтФАтФАтФАтФАтФАтФАтФАтФАтФАтФАтФАтФАтФАтФАтФАтФАтФАтФАтФАтФАтФАтФАтФАтФАтФАтФАтФАтФАтФАтФАтФАтФАтФАтФАтФАтФАтФАтФАтФАтФАтФАтФАтФАтФАтФАтФАтФАтФАтФАтФАтФАтФАтФАтФАтФАтФАтФАтФАтФАтФАтФАтФАтФАтФАтФАтФАтФАтФАтФАтФА
тФМтФАтФАтФАтФАтФАтФАтФАтФАтФАтФАтФАтФАтФАтФАтФАтФАтФАтФАтФАтФАтФАтФАтФАтФАтФАтФАтФАтФАтФАтФАтФАтФАтФАтФАтФАтФАтФАтФАтФАтФАтФАтФАтФАтФАтФАтФАтФАтФАтФАтФАтФАтФАтФАтФАтФАтФАтФАтФАтФАтФАтФАтФАтФАтФАтФАтФАтФАтФАтФАтФАтФАтФАтФАтФАтФАтФАтФАтФАтФАтФАтФАтФАтФАтФАтФАтФАтФАтФАтФАтФАтФАтФАтФАтФАтФАтФАтФАтФАтФАтФАтФАтФАтФАтФАтФАтФАтФАтФАтФАтФАтФАтФАтФАтФАтФАтФАтФАтФАтФА
тФВ #0   TestService._completeSimpleTest (package:psycho_tests/services/test_service.dart:326:15)
тФВ #1   TestService.completeTest (package:psycho_tests/services/test_service.dart:63:14)
тФЬтФДтФДтФДтФДтФДтФДтФДтФДтФДтФДтФДтФДтФДтФДтФДтФДтФДтФДтФДтФДтФДтФДтФДтФДтФДтФДтФДтФДтФДтФДтФДтФДтФДтФДтФДтФДтФДтФДтФДтФДтФДтФДтФДтФДтФДтФДтФДтФДтФДтФДтФДтФДтФДтФДтФДтФДтФДтФДтФДтФДтФДтФДтФДтФДтФДтФДтФДтФДтФДтФДтФДтФДтФДтФДтФДтФДтФДтФДтФДтФДтФДтФДтФДтФДтФДтФДтФДтФДтФДтФДтФДтФДтФДтФДтФДтФДтФДтФДтФДтФДтФДтФДтФДтФДтФДтФДтФДтФДтФДтФДтФДтФДтФДтФДтФДтФДтФДтФДтФД
тФВ ЁЯРЫ Simple test - Created 0 scales with contributions
тФФтФАтФАтФАтФАтФАтФАтФАтФАтФАтФАтФАтФАтФАтФАтФАтФАтФАтФАтФАтФАтФАтФАтФАтФАтФАтФАтФАтФАтФАтФАтФАтФАтФАтФАтФАтФАтФАтФАтФАтФАтФАтФАтФАтФАтФАтФАтФАтФАтФАтФАтФАтФАтФАтФАтФАтФАтФАтФАтФАтФАтФАтФАтФАтФАтФАтФАтФАтФАтФАтФАтФАтФАтФАтФАтФАтФАтФАтФАтФАтФАтФАтФАтФАтФАтФАтФАтФАтФАтФАтФАтФАтФАтФАтФАтФАтФАтФАтФАтФАтФАтФАтФАтФАтФАтФАтФАтФАтФАтФАтФАтФАтФАтФАтФАтФАтФАтФАтФАтФА
00:00 +8 -3: D:/Work/psycho_app/0.0.1.x_dev/test/summary_test.dart: SummaryCalculator Tests should calculate summary with Big Five test results
00:00 +9 -3: D:/Work/psycho_app/0.0.1.x_dev/test/services/test_service_test.dart: completeTest() - Multi-Factor Tests calculates factor scores for IPIP Big Five test
тФМтФАтФАтФАтФАтФАтФАтФАтФАтФАтФАтФАтФАтФАтФАтФАтФАтФАтФАтФАтФАтФАтФАтФАтФАтФАтФАтФАтФАтФАтФАтФАтФАтФАтФАтФАтФАтФАтФАтФАтФАтФАтФАтФАтФАтФАтФАтФАтФАтФАтФАтФАтФАтФАтФАтФАтФАтФАтФАтФАтФАтФАтФАтФАтФАтФАтФАтФАтФАтФАтФАтФАтФАтФАтФАтФАтФАтФАтФАтФАтФАтФАтФАтФАтФАтФАтФАтФАтФАтФАтФАтФАтФАтФАтФАтФАтФАтФАтФАтФАтФАтФАтФАтФАтФАтФАтФАтФАтФАтФАтФАтФАтФАтФАтФАтФАтФАтФАтФАтФА
тФВ #0   TestService.completeTest (package:psycho_tests/services/test_service.dart:43:15)
тФВ #1   main.<anonymous closure>.<anonymous closure> (file:///D:/Work/psycho_app/0.0.1.x_dev/test/services/test_service_test.dart:141:40)
тФЬтФДтФДтФДтФДтФДтФДтФДтФДтФДтФДтФДтФДтФДтФДтФДтФДтФДтФДтФДтФДтФДтФДтФДтФДтФДтФДтФДтФДтФДтФДтФДтФДтФДтФДтФДтФДтФДтФДтФДтФДтФДтФДтФДтФДтФДтФДтФДтФДтФДтФДтФДтФДтФДтФДтФДтФДтФДтФДтФДтФДтФДтФДтФДтФДтФДтФДтФДтФДтФДтФДтФДтФДтФДтФДтФДтФДтФДтФДтФДтФДтФДтФДтФДтФДтФДтФДтФДтФДтФДтФДтФДтФДтФДтФДтФДтФДтФДтФДтФДтФДтФДтФДтФДтФДтФДтФДтФДтФДтФДтФДтФДтФДтФДтФДтФДтФДтФДтФДтФД
тФВ ЁЯРЫ ===== completeTest() CALLED =====
тФФтФАтФАтФАтФАтФАтФАтФАтФАтФАтФАтФАтФАтФАтФАтФАтФАтФАтФАтФАтФАтФАтФАтФАтФАтФАтФАтФАтФАтФАтФАтФАтФАтФАтФАтФАтФАтФАтФАтФАтФАтФАтФАтФАтФАтФАтФАтФАтФАтФАтФАтФАтФАтФАтФАтФАтФАтФАтФАтФАтФАтФАтФАтФАтФАтФАтФАтФАтФАтФАтФАтФАтФАтФАтФАтФАтФАтФАтФАтФАтФАтФАтФАтФАтФАтФАтФАтФАтФАтФАтФАтФАтФАтФАтФАтФАтФАтФАтФАтФАтФАтФАтФАтФАтФАтФАтФАтФАтФАтФАтФАтФАтФАтФАтФАтФАтФАтФАтФАтФА
тФМтФАтФАтФАтФАтФАтФАтФАтФАтФАтФАтФАтФАтФАтФАтФАтФАтФАтФАтФАтФАтФАтФАтФАтФАтФАтФАтФАтФАтФАтФАтФАтФАтФАтФАтФАтФАтФАтФАтФАтФАтФАтФАтФАтФАтФАтФАтФАтФАтФАтФАтФАтФАтФАтФАтФАтФАтФАтФАтФАтФАтФАтФАтФАтФАтФАтФАтФАтФАтФАтФАтФАтФАтФАтФАтФАтФАтФАтФАтФАтФАтФАтФАтФАтФАтФАтФАтФАтФАтФАтФАтФАтФАтФАтФАтФАтФАтФАтФАтФАтФАтФАтФАтФАтФАтФАтФАтФАтФАтФАтФАтФАтФАтФАтФАтФАтФАтФАтФАтФА
тФВ #0   TestService.completeTest (package:psycho_tests/services/test_service.dart:44:15)
тФВ #1   main.<anonymous closure>.<anonymous closure> (file:///D:/Work/psycho_app/0.0.1.x_dev/test/services/test_service_test.dart:141:40)
тФЬтФДтФДтФДтФДтФДтФДтФДтФДтФДтФДтФДтФДтФДтФДтФДтФДтФДтФДтФДтФДтФДтФДтФДтФДтФДтФДтФДтФДтФДтФДтФДтФДтФДтФДтФДтФДтФДтФДтФДтФДтФДтФДтФДтФДтФДтФДтФДтФДтФДтФДтФДтФДтФДтФДтФДтФДтФДтФДтФДтФДтФДтФДтФДтФДтФДтФДтФДтФДтФДтФДтФДтФДтФДтФДтФДтФДтФДтФДтФДтФДтФДтФДтФДтФДтФДтФДтФДтФДтФДтФДтФДтФДтФДтФДтФДтФДтФДтФДтФДтФДтФДтФДтФДтФДтФДтФДтФДтФДтФДтФДтФДтФДтФДтФДтФДтФДтФДтФДтФД
тФВ ЁЯРЫ testId: ipip_big_five
тФФтФАтФАтФАтФАтФАтФАтФАтФАтФАтФАтФАтФАтФАтФАтФАтФАтФАтФАтФАтФАтФАтФАтФАтФАтФАтФАтФАтФАтФАтФАтФАтФАтФАтФАтФАтФАтФАтФАтФАтФАтФАтФАтФАтФАтФАтФАтФАтФАтФАтФАтФАтФАтФАтФАтФАтФАтФАтФАтФАтФАтФАтФАтФАтФАтФАтФАтФАтФАтФАтФАтФАтФАтФАтФАтФАтФАтФАтФАтФАтФАтФАтФАтФАтФАтФАтФАтФАтФАтФАтФАтФАтФАтФАтФАтФАтФАтФАтФАтФАтФАтФАтФАтФАтФАтФАтФАтФАтФАтФАтФАтФАтФАтФАтФАтФАтФАтФАтФАтФА
тФМтФАтФАтФАтФАтФАтФАтФАтФАтФАтФАтФАтФАтФАтФАтФАтФАтФАтФАтФАтФАтФАтФАтФАтФАтФАтФАтФАтФАтФАтФАтФАтФАтФАтФАтФАтФАтФАтФАтФАтФАтФАтФАтФАтФАтФАтФАтФАтФАтФАтФАтФАтФАтФАтФАтФАтФАтФАтФАтФАтФАтФАтФАтФАтФАтФАтФАтФАтФАтФАтФАтФАтФАтФАтФАтФАтФАтФАтФАтФАтФАтФАтФАтФАтФАтФАтФАтФАтФАтФАтФАтФАтФАтФАтФАтФАтФАтФАтФАтФАтФАтФАтФАтФАтФАтФАтФАтФАтФАтФАтФАтФАтФАтФАтФАтФАтФАтФАтФАтФА
тФВ #0   TestService.completeTest (package:psycho_tests/services/test_service.dart:45:15)
тФВ #1   main.<anonymous closure>.<anonymous closure> (file:///D:/Work/psycho_app/0.0.1.x_dev/test/services/test_service_test.dart:141:40)
тФЬтФДтФДтФДтФДтФДтФДтФДтФДтФДтФДтФДтФДтФДтФДтФДтФДтФДтФДтФДтФДтФДтФДтФДтФДтФДтФДтФДтФДтФДтФДтФДтФДтФДтФДтФДтФДтФДтФДтФДтФДтФДтФДтФДтФДтФДтФДтФДтФДтФДтФДтФДтФДтФДтФДтФДтФДтФДтФДтФДтФДтФДтФДтФДтФДтФДтФДтФДтФДтФДтФДтФДтФДтФДтФДтФДтФДтФДтФДтФДтФДтФДтФДтФДтФДтФДтФДтФДтФДтФДтФДтФДтФДтФДтФДтФДтФДтФДтФДтФДтФДтФДтФДтФДтФДтФДтФДтФДтФДтФДтФДтФДтФДтФДтФДтФДтФДтФДтФДтФД
тФВ ЁЯРЫ type: TestType.multiFactor
тФФтФАтФАтФАтФАтФАтФАтФАтФАтФАтФАтФАтФАтФАтФАтФАтФАтФАтФАтФАтФАтФАтФАтФАтФАтФАтФАтФАтФАтФАтФАтФАтФАтФАтФАтФАтФАтФАтФАтФАтФАтФАтФАтФАтФАтФАтФАтФАтФАтФАтФАтФАтФАтФАтФАтФАтФАтФАтФАтФАтФАтФАтФАтФАтФАтФАтФАтФАтФАтФАтФАтФАтФАтФАтФАтФАтФАтФАтФАтФАтФАтФАтФАтФАтФАтФАтФАтФАтФАтФАтФАтФАтФАтФАтФАтФАтФАтФАтФАтФАтФАтФАтФАтФАтФАтФАтФАтФАтФАтФАтФАтФАтФАтФАтФАтФАтФАтФАтФАтФА
тФМтФАтФАтФАтФАтФАтФАтФАтФАтФАтФАтФАтФАтФАтФАтФАтФАтФАтФАтФАтФАтФАтФАтФАтФАтФАтФАтФАтФАтФАтФАтФАтФАтФАтФАтФАтФАтФАтФАтФАтФАтФАтФАтФАтФАтФАтФАтФАтФАтФАтФАтФАтФАтФАтФАтФАтФАтФАтФАтФАтФАтФАтФАтФАтФАтФАтФАтФАтФАтФАтФАтФАтФАтФАтФАтФАтФАтФАтФАтФАтФАтФАтФАтФАтФАтФАтФАтФАтФАтФАтФАтФАтФАтФАтФАтФАтФАтФАтФАтФАтФАтФАтФАтФАтФАтФАтФАтФАтФАтФАтФАтФАтФАтФАтФАтФАтФАтФАтФАтФА
тФВ #0   TestService.completeTest (package:psycho_tests/services/test_service.dart:46:15)
тФВ #1   main.<anonymous closure>.<anonymous closure> (file:///D:/Work/psycho_app/0.0.1.x_dev/test/services/test_service_test.dart:141:40)
тФЬтФДтФДтФДтФДтФДтФДтФДтФДтФДтФДтФДтФДтФДтФДтФДтФДтФДтФДтФДтФДтФДтФДтФДтФДтФДтФДтФДтФДтФДтФДтФДтФДтФДтФДтФДтФДтФДтФДтФДтФДтФДтФДтФДтФДтФДтФДтФДтФДтФДтФДтФДтФДтФДтФДтФДтФДтФДтФДтФДтФДтФДтФДтФДтФДтФДтФДтФДтФДтФДтФДтФДтФДтФДтФДтФДтФДтФДтФДтФДтФДтФДтФДтФДтФДтФДтФДтФДтФДтФДтФДтФДтФДтФДтФДтФДтФДтФДтФДтФДтФДтФДтФДтФДтФДтФДтФДтФДтФДтФДтФДтФДтФДтФДтФДтФДтФДтФДтФДтФД
тФВ ЁЯРЫ isBipolar: false
тФФтФАтФАтФАтФАтФАтФАтФАтФАтФАтФАтФАтФАтФАтФАтФАтФАтФАтФАтФАтФАтФАтФАтФАтФАтФАтФАтФАтФАтФАтФАтФАтФАтФАтФАтФАтФАтФАтФАтФАтФАтФАтФАтФАтФАтФАтФАтФАтФАтФАтФАтФАтФАтФАтФАтФАтФАтФАтФАтФАтФАтФАтФАтФАтФАтФАтФАтФАтФАтФАтФАтФАтФАтФАтФАтФАтФАтФАтФАтФАтФАтФАтФАтФАтФАтФАтФАтФАтФАтФАтФАтФАтФАтФАтФАтФАтФАтФАтФАтФАтФАтФАтФАтФАтФАтФАтФАтФАтФАтФАтФАтФАтФАтФАтФАтФАтФАтФАтФАтФА
тФМтФАтФАтФАтФАтФАтФАтФАтФАтФАтФАтФАтФАтФАтФАтФАтФАтФАтФАтФАтФАтФАтФАтФАтФАтФАтФАтФАтФАтФАтФАтФАтФАтФАтФАтФАтФАтФАтФАтФАтФАтФАтФАтФАтФАтФАтФАтФАтФАтФАтФАтФАтФАтФАтФАтФАтФАтФАтФАтФАтФАтФАтФАтФАтФАтФАтФАтФАтФАтФАтФАтФАтФАтФАтФАтФАтФАтФАтФАтФАтФАтФАтФАтФАтФАтФАтФАтФАтФАтФАтФАтФАтФАтФАтФАтФАтФАтФАтФАтФАтФАтФАтФАтФАтФАтФАтФАтФАтФАтФАтФАтФАтФАтФАтФАтФАтФАтФАтФАтФА
тФВ #0   TestService.completeTest (package:psycho_tests/services/test_service.dart:47:15)
тФВ #1   main.<anonymous closure>.<anonymous closure> (file:///D:/Work/psycho_app/0.0.1.x_dev/test/services/test_service_test.dart:141:40)
тФЬтФДтФДтФДтФДтФДтФДтФДтФДтФДтФДтФДтФДтФДтФДтФДтФДтФДтФДтФДтФДтФДтФДтФДтФДтФДтФДтФДтФДтФДтФДтФДтФДтФДтФДтФДтФДтФДтФДтФДтФДтФДтФДтФДтФДтФДтФДтФДтФДтФДтФДтФДтФДтФДтФДтФДтФДтФДтФДтФДтФДтФДтФДтФДтФДтФДтФДтФДтФДтФДтФДтФДтФДтФДтФДтФДтФДтФДтФДтФДтФДтФДтФДтФДтФДтФДтФДтФДтФДтФДтФДтФДтФДтФДтФДтФДтФДтФДтФДтФДтФДтФДтФДтФДтФДтФДтФДтФДтФДтФДтФДтФДтФДтФДтФДтФДтФДтФДтФДтФД
тФВ ЁЯРЫ bipolarDimensions: null
тФФтФАтФАтФАтФАтФАтФАтФАтФАтФАтФАтФАтФАтФАтФАтФАтФАтФАтФАтФАтФАтФАтФАтФАтФАтФАтФАтФАтФАтФАтФАтФАтФАтФАтФАтФАтФАтФАтФАтФАтФАтФАтФАтФАтФАтФАтФАтФАтФАтФАтФАтФАтФАтФАтФАтФАтФАтФАтФАтФАтФАтФАтФАтФАтФАтФАтФАтФАтФАтФАтФАтФАтФАтФАтФАтФАтФАтФАтФАтФАтФАтФАтФАтФАтФАтФАтФАтФАтФАтФАтФАтФАтФАтФАтФАтФАтФАтФАтФАтФАтФАтФАтФАтФАтФАтФАтФАтФАтФАтФАтФАтФАтФАтФАтФАтФАтФАтФАтФАтФА
тФМтФАтФАтФАтФАтФАтФАтФАтФАтФАтФАтФАтФАтФАтФАтФАтФАтФАтФАтФАтФАтФАтФАтФАтФАтФАтФАтФАтФАтФАтФАтФАтФАтФАтФАтФАтФАтФАтФАтФАтФАтФАтФАтФАтФАтФАтФАтФАтФАтФАтФАтФАтФАтФАтФАтФАтФАтФАтФАтФАтФАтФАтФАтФАтФАтФАтФАтФАтФАтФАтФАтФАтФАтФАтФАтФАтФАтФАтФАтФАтФАтФАтФАтФАтФАтФАтФАтФАтФАтФАтФАтФАтФАтФАтФАтФАтФАтФАтФАтФАтФАтФАтФАтФАтФАтФАтФАтФАтФАтФАтФАтФАтФАтФАтФАтФАтФАтФАтФАтФА
тФВ #0   TestService.completeTest (package:psycho_tests/services/test_service.dart:51:17)
тФВ #1   main.<anonymous closure>.<anonymous closure> (file:///D:/Work/psycho_app/0.0.1.x_dev/test/services/test_service_test.dart:141:40)
тФЬтФДтФДтФДтФДтФДтФДтФДтФДтФДтФДтФДтФДтФДтФДтФДтФДтФДтФДтФДтФДтФДтФДтФДтФДтФДтФДтФДтФДтФДтФДтФДтФДтФДтФДтФДтФДтФДтФДтФДтФДтФДтФДтФДтФДтФДтФДтФДтФДтФДтФДтФДтФДтФДтФДтФДтФДтФДтФДтФДтФДтФДтФДтФДтФДтФДтФДтФДтФДтФДтФДтФДтФДтФДтФДтФДтФДтФДтФДтФДтФДтФДтФДтФДтФДтФДтФДтФДтФДтФДтФДтФДтФДтФДтФДтФДтФДтФДтФДтФДтФДтФДтФДтФДтФДтФДтФДтФДтФДтФДтФДтФДтФДтФДтФДтФДтФДтФДтФДтФД
тФВ ЁЯРЫ Multi-factor test detected
тФФтФАтФАтФАтФАтФАтФАтФАтФАтФАтФАтФАтФАтФАтФАтФАтФАтФАтФАтФАтФАтФАтФАтФАтФАтФАтФАтФАтФАтФАтФАтФАтФАтФАтФАтФАтФАтФАтФАтФАтФАтФАтФАтФАтФАтФАтФАтФАтФАтФАтФАтФАтФАтФАтФАтФАтФАтФАтФАтФАтФАтФАтФАтФАтФАтФАтФАтФАтФАтФАтФАтФАтФАтФАтФАтФАтФАтФАтФАтФАтФАтФАтФАтФАтФАтФАтФАтФАтФАтФАтФАтФАтФАтФАтФАтФАтФАтФАтФАтФАтФАтФАтФАтФАтФАтФАтФАтФАтФАтФАтФАтФАтФАтФАтФАтФАтФАтФАтФАтФА
тФМтФАтФАтФАтФАтФАтФАтФАтФАтФАтФАтФАтФАтФАтФАтФАтФАтФАтФАтФАтФАтФАтФАтФАтФАтФАтФАтФАтФАтФАтФАтФАтФАтФАтФАтФАтФАтФАтФАтФАтФАтФАтФАтФАтФАтФАтФАтФАтФАтФАтФАтФАтФАтФАтФАтФАтФАтФАтФАтФАтФАтФАтФАтФАтФАтФАтФАтФАтФАтФАтФАтФАтФАтФАтФАтФАтФАтФАтФАтФАтФАтФАтФАтФАтФАтФАтФАтФАтФАтФАтФАтФАтФАтФАтФАтФАтФАтФАтФАтФАтФАтФАтФАтФАтФАтФАтФАтФАтФАтФАтФАтФАтФАтФАтФАтФАтФАтФАтФАтФА
тФВ #0   TestService.completeTest (package:psycho_tests/services/test_service.dart:57:19)
тФВ #1   main.<anonymous closure>.<anonymous closure> (file:///D:/Work/psycho_app/0.0.1.x_dev/test/services/test_service_test.dart:141:40)
тФЬтФДтФДтФДтФДтФДтФДтФДтФДтФДтФДтФДтФДтФДтФДтФДтФДтФДтФДтФДтФДтФДтФДтФДтФДтФДтФДтФДтФДтФДтФДтФДтФДтФДтФДтФДтФДтФДтФДтФДтФДтФДтФДтФДтФДтФДтФДтФДтФДтФДтФДтФДтФДтФДтФДтФДтФДтФДтФДтФДтФДтФДтФДтФДтФДтФДтФДтФДтФДтФДтФДтФДтФДтФДтФДтФДтФДтФДтФДтФДтФДтФДтФДтФДтФДтФДтФДтФДтФДтФДтФДтФДтФДтФДтФДтФДтФДтФДтФДтФДтФДтФДтФДтФДтФДтФДтФДтФДтФДтФДтФДтФДтФДтФДтФДтФДтФДтФДтФДтФД
тФВ ЁЯРЫ Calling _completeMultiFactorTest()
тФФтФАтФАтФАтФАтФАтФАтФАтФАтФАтФАтФАтФАтФАтФАтФАтФАтФАтФАтФАтФАтФАтФАтФАтФАтФАтФАтФАтФАтФАтФАтФАтФАтФАтФАтФАтФАтФАтФАтФАтФАтФАтФАтФАтФАтФАтФАтФАтФАтФАтФАтФАтФАтФАтФАтФАтФАтФАтФАтФАтФАтФАтФАтФАтФАтФАтФАтФАтФАтФАтФАтФАтФАтФАтФАтФАтФАтФАтФАтФАтФАтФАтФАтФАтФАтФАтФАтФАтФАтФАтФАтФАтФАтФАтФАтФАтФАтФАтФАтФАтФАтФАтФАтФАтФАтФАтФАтФАтФАтФАтФАтФАтФАтФАтФАтФАтФАтФАтФАтФА
00:00 +9 -4: D:/Work/psycho_app/0.0.1.x_dev/test/summary_test.dart: SummaryCalculator Tests should handle empty test results
00:00 +9 -4: D:/Work/psycho_app/0.0.1.x_dev/test/services/test_service_test.dart: completeTest() - Multi-Factor Tests calculates factor scores for IPIP Big Five test [E]
  Bad state: No element
  dart:collection                                        ListBase.firstWhere
  package:psycho_tests/services/test_service.dart 92:49  TestService._completeMultiFactorTest
  package:psycho_tests/services/test_service.dart 59:16  TestService.completeTest
  test\services\test_service_test.dart 141:40            main.<fn>.<fn>
  
00:00 +9 -5: D:/Work/psycho_app/0.0.1.x_dev/test/services/test_service_test.dart: completeTest() - Multi-Factor Tests handles reversed questions correctly for IPIP Big Five
00:00 +9 -5: D:/Work/psycho_app/0.0.1.x_dev/test/summary_test.dart: SummaryCalculator Tests should handle empty test results [E]
  Expected: <6>
    Actual: <10>
  
  package:matcher                                     expect
  package:flutter_test/src/widget_tester.dart 473:18  expect
  test\summary_test.dart 89:7                         main.<fn>.<fn>
  
00:00 +9 -5: D:/Work/psycho_app/0.0.1.x_dev/test/services/test_service_test.dart: completeTest() - Multi-Factor Tests handles reversed questions correctly for IPIP Big Five
тФМтФАтФАтФАтФАтФАтФАтФАтФАтФАтФАтФАтФАтФАтФАтФАтФАтФАтФАтФАтФАтФАтФАтФАтФАтФАтФАтФАтФАтФАтФАтФАтФАтФАтФАтФАтФАтФАтФАтФАтФАтФАтФАтФАтФАтФАтФАтФАтФАтФАтФАтФАтФАтФАтФАтФАтФАтФАтФАтФАтФАтФАтФАтФАтФАтФАтФАтФАтФАтФАтФАтФАтФАтФАтФАтФАтФАтФАтФАтФАтФАтФАтФАтФАтФАтФАтФАтФАтФАтФАтФАтФАтФАтФАтФАтФАтФАтФАтФАтФАтФАтФАтФАтФАтФАтФАтФАтФАтФАтФАтФАтФАтФАтФАтФАтФАтФАтФАтФАтФА
тФВ #0   TestService.completeTest (package:psycho_tests/services/test_service.dart:43:15)
тФВ #1   main.<anonymous closure>.<anonymous closure> (file:///D:/Work/psycho_app/0.0.1.x_dev/test/services/test_service_test.dart:162:40)
тФЬтФДтФДтФДтФДтФДтФДтФДтФДтФДтФДтФДтФДтФДтФДтФДтФДтФДтФДтФДтФДтФДтФДтФДтФДтФДтФДтФДтФДтФДтФДтФДтФДтФДтФДтФДтФДтФДтФДтФДтФДтФДтФДтФДтФДтФДтФДтФДтФДтФДтФДтФДтФДтФДтФДтФДтФДтФДтФДтФДтФДтФДтФДтФДтФДтФДтФДтФДтФДтФДтФДтФДтФДтФДтФДтФДтФДтФДтФДтФДтФДтФДтФДтФДтФДтФДтФДтФДтФДтФДтФДтФДтФДтФДтФДтФДтФДтФДтФДтФДтФДтФДтФДтФДтФДтФДтФДтФДтФДтФДтФДтФДтФДтФДтФДтФДтФДтФДтФДтФД
тФВ ЁЯРЫ ===== completeTest() CALLED =====
тФФтФАтФАтФАтФАтФАтФАтФАтФАтФАтФАтФАтФАтФАтФАтФАтФАтФАтФАтФАтФАтФАтФАтФАтФАтФАтФАтФАтФАтФАтФАтФАтФАтФАтФАтФАтФАтФАтФАтФАтФАтФАтФАтФАтФАтФАтФАтФАтФАтФАтФАтФАтФАтФАтФАтФАтФАтФАтФАтФАтФАтФАтФАтФАтФАтФАтФАтФАтФАтФАтФАтФАтФАтФАтФАтФАтФАтФАтФАтФАтФАтФАтФАтФАтФАтФАтФАтФАтФАтФАтФАтФАтФАтФАтФАтФАтФАтФАтФАтФАтФАтФАтФАтФАтФАтФАтФАтФАтФАтФАтФАтФАтФАтФАтФАтФАтФАтФАтФАтФА
тФМтФАтФАтФАтФАтФАтФАтФАтФАтФАтФАтФАтФАтФАтФАтФАтФАтФАтФАтФАтФАтФАтФАтФАтФАтФАтФАтФАтФАтФАтФАтФАтФАтФАтФАтФАтФАтФАтФАтФАтФАтФАтФАтФАтФАтФАтФАтФАтФАтФАтФАтФАтФАтФАтФАтФАтФАтФАтФАтФАтФАтФАтФАтФАтФАтФАтФАтФАтФАтФАтФАтФАтФАтФАтФАтФАтФАтФАтФАтФАтФАтФАтФАтФАтФАтФАтФАтФАтФАтФАтФАтФАтФАтФАтФАтФАтФАтФАтФАтФАтФАтФАтФАтФАтФАтФАтФАтФАтФАтФАтФАтФАтФАтФАтФАтФАтФАтФАтФАтФА
тФВ #0   TestService.completeTest (package:psycho_tests/services/test_service.dart:44:15)
тФВ #1   main.<anonymous closure>.<anonymous closure> (file:///D:/Work/psycho_app/0.0.1.x_dev/test/services/test_service_test.dart:162:40)
тФЬтФДтФДтФДтФДтФДтФДтФДтФДтФДтФДтФДтФДтФДтФДтФДтФДтФДтФДтФДтФДтФДтФДтФДтФДтФДтФДтФДтФДтФДтФДтФДтФДтФДтФДтФДтФДтФДтФДтФДтФДтФДтФДтФДтФДтФДтФДтФДтФДтФДтФДтФДтФДтФДтФДтФДтФДтФДтФДтФДтФДтФДтФДтФДтФДтФДтФДтФДтФДтФДтФДтФДтФДтФДтФДтФДтФДтФДтФДтФДтФДтФДтФДтФДтФДтФДтФДтФДтФДтФДтФДтФДтФДтФДтФДтФДтФДтФДтФДтФДтФДтФДтФДтФДтФДтФДтФДтФДтФДтФДтФДтФДтФДтФДтФДтФДтФДтФДтФДтФД
тФВ ЁЯРЫ testId: ipip_big_five
тФФтФАтФАтФАтФАтФАтФАтФАтФАтФАтФАтФАтФАтФАтФАтФАтФАтФАтФАтФАтФАтФАтФАтФАтФАтФАтФАтФАтФАтФАтФАтФАтФАтФАтФАтФАтФАтФАтФАтФАтФАтФАтФАтФАтФАтФАтФАтФАтФАтФАтФАтФАтФАтФАтФАтФАтФАтФАтФАтФАтФАтФАтФАтФАтФАтФАтФАтФАтФАтФАтФАтФАтФАтФАтФАтФАтФАтФАтФАтФАтФАтФАтФАтФАтФАтФАтФАтФАтФАтФАтФАтФАтФАтФАтФАтФАтФАтФАтФАтФАтФАтФАтФАтФАтФАтФАтФАтФАтФАтФАтФАтФАтФАтФАтФАтФАтФАтФАтФАтФА
тФМтФАтФАтФАтФАтФАтФАтФАтФАтФАтФАтФАтФАтФАтФАтФАтФАтФАтФАтФАтФАтФАтФАтФАтФАтФАтФАтФАтФАтФАтФАтФАтФАтФАтФАтФАтФАтФАтФАтФАтФАтФАтФАтФАтФАтФАтФАтФАтФАтФАтФАтФАтФАтФАтФАтФАтФАтФАтФАтФАтФАтФАтФАтФАтФАтФАтФАтФАтФАтФАтФАтФАтФАтФАтФАтФАтФАтФАтФАтФАтФАтФАтФАтФАтФАтФАтФАтФАтФАтФАтФАтФАтФАтФАтФАтФАтФАтФАтФАтФАтФАтФАтФАтФАтФАтФАтФАтФАтФАтФАтФАтФАтФАтФАтФАтФАтФАтФАтФАтФА
тФВ #0   TestService.completeTest (package:psycho_tests/services/test_service.dart:45:15)
тФВ #1   main.<anonymous closure>.<anonymous closure> (file:///D:/Work/psycho_app/0.0.1.x_dev/test/services/test_service_test.dart:162:40)
тФЬтФДтФДтФДтФДтФДтФДтФДтФДтФДтФДтФДтФДтФДтФДтФДтФДтФДтФДтФДтФДтФДтФДтФДтФДтФДтФДтФДтФДтФДтФДтФДтФДтФДтФДтФДтФДтФДтФДтФДтФДтФДтФДтФДтФДтФДтФДтФДтФДтФДтФДтФДтФДтФДтФДтФДтФДтФДтФДтФДтФДтФДтФДтФДтФДтФДтФДтФДтФДтФДтФДтФДтФДтФДтФДтФДтФДтФДтФДтФДтФДтФДтФДтФДтФДтФДтФДтФДтФДтФДтФДтФДтФДтФДтФДтФДтФДтФДтФДтФДтФДтФДтФДтФДтФДтФДтФДтФДтФДтФДтФДтФДтФДтФДтФДтФДтФДтФДтФДтФД
тФВ ЁЯРЫ type: TestType.multiFactor
тФФтФАтФАтФАтФАтФАтФАтФАтФАтФАтФАтФАтФАтФАтФАтФАтФАтФАтФАтФАтФАтФАтФАтФАтФАтФАтФАтФАтФАтФАтФАтФАтФАтФАтФАтФАтФАтФАтФАтФАтФАтФАтФАтФАтФАтФАтФАтФАтФАтФАтФАтФАтФАтФАтФАтФАтФАтФАтФАтФАтФАтФАтФАтФАтФАтФАтФАтФАтФАтФАтФАтФАтФАтФАтФАтФАтФАтФАтФАтФАтФАтФАтФАтФАтФАтФАтФАтФАтФАтФАтФАтФАтФАтФАтФАтФАтФАтФАтФАтФАтФАтФАтФАтФАтФАтФАтФАтФАтФАтФАтФАтФАтФАтФАтФАтФАтФАтФАтФАтФА
тФМтФАтФАтФАтФАтФАтФАтФАтФАтФАтФАтФАтФАтФАтФАтФАтФАтФАтФАтФАтФАтФАтФАтФАтФАтФАтФАтФАтФАтФАтФАтФАтФАтФАтФАтФАтФАтФАтФАтФАтФАтФАтФАтФАтФАтФАтФАтФАтФАтФАтФАтФАтФАтФАтФАтФАтФАтФАтФАтФАтФАтФАтФАтФАтФАтФАтФАтФАтФАтФАтФАтФАтФАтФАтФАтФАтФАтФАтФАтФАтФАтФАтФАтФАтФАтФАтФАтФАтФАтФАтФАтФАтФАтФАтФАтФАтФАтФАтФАтФАтФАтФАтФАтФАтФАтФАтФАтФАтФАтФАтФАтФАтФАтФАтФАтФАтФАтФАтФАтФА
тФВ #0   TestService.completeTest (package:psycho_tests/services/test_service.dart:46:15)
тФВ #1   main.<anonymous closure>.<anonymous closure> (file:///D:/Work/psycho_app/0.0.1.x_dev/test/services/test_service_test.dart:162:40)
тФЬтФДтФДтФДтФДтФДтФДтФДтФДтФДтФДтФДтФДтФДтФДтФДтФДтФДтФДтФДтФДтФДтФДтФДтФДтФДтФДтФДтФДтФДтФДтФДтФДтФДтФДтФДтФДтФДтФДтФДтФДтФДтФДтФДтФДтФДтФДтФДтФДтФДтФДтФДтФДтФДтФДтФДтФДтФДтФДтФДтФДтФДтФДтФДтФДтФДтФДтФДтФДтФДтФДтФДтФДтФДтФДтФДтФДтФДтФДтФДтФДтФДтФДтФДтФДтФДтФДтФДтФДтФДтФДтФДтФДтФДтФДтФДтФДтФДтФДтФДтФДтФДтФДтФДтФДтФДтФДтФДтФДтФДтФДтФДтФДтФДтФДтФДтФДтФДтФДтФД
тФВ ЁЯРЫ isBipolar: false
тФФтФАтФАтФАтФАтФАтФАтФАтФАтФАтФАтФАтФАтФАтФАтФАтФАтФАтФАтФАтФАтФАтФАтФАтФАтФАтФАтФАтФАтФАтФАтФАтФАтФАтФАтФАтФАтФАтФАтФАтФАтФАтФАтФАтФАтФАтФАтФАтФАтФАтФАтФАтФАтФАтФАтФАтФАтФАтФАтФАтФАтФАтФАтФАтФАтФАтФАтФАтФАтФАтФАтФАтФАтФАтФАтФАтФАтФАтФАтФАтФАтФАтФАтФАтФАтФАтФАтФАтФАтФАтФАтФАтФАтФАтФАтФАтФАтФАтФАтФАтФАтФАтФАтФАтФАтФАтФАтФАтФАтФАтФАтФАтФАтФАтФАтФАтФАтФАтФАтФА
тФМтФАтФАтФАтФАтФАтФАтФАтФАтФАтФАтФАтФАтФАтФАтФАтФАтФАтФАтФАтФАтФАтФАтФАтФАтФАтФАтФАтФАтФАтФАтФАтФАтФАтФАтФАтФАтФАтФАтФАтФАтФАтФАтФАтФАтФАтФАтФАтФАтФАтФАтФАтФАтФАтФАтФАтФАтФАтФАтФАтФАтФАтФАтФАтФАтФАтФАтФАтФАтФАтФАтФАтФАтФАтФАтФАтФАтФАтФАтФАтФАтФАтФАтФАтФАтФАтФАтФАтФАтФАтФАтФАтФАтФАтФАтФАтФАтФАтФАтФАтФАтФАтФАтФАтФАтФАтФАтФАтФАтФАтФАтФАтФАтФАтФАтФАтФАтФАтФАтФА
тФВ #0   TestService.completeTest (package:psycho_tests/services/test_service.dart:47:15)
тФВ #1   main.<anonymous closure>.<anonymous closure> (file:///D:/Work/psycho_app/0.0.1.x_dev/test/services/test_service_test.dart:162:40)
тФЬтФДтФДтФДтФДтФДтФДтФДтФДтФДтФДтФДтФДтФДтФДтФДтФДтФДтФДтФДтФДтФДтФДтФДтФДтФДтФДтФДтФДтФДтФДтФДтФДтФДтФДтФДтФДтФДтФДтФДтФДтФДтФДтФДтФДтФДтФДтФДтФДтФДтФДтФДтФДтФДтФДтФДтФДтФДтФДтФДтФДтФДтФДтФДтФДтФДтФДтФДтФДтФДтФДтФДтФДтФДтФДтФДтФДтФДтФДтФДтФДтФДтФДтФДтФДтФДтФДтФДтФДтФДтФДтФДтФДтФДтФДтФДтФДтФДтФДтФДтФДтФДтФДтФДтФДтФДтФДтФДтФДтФДтФДтФДтФДтФДтФДтФДтФДтФДтФДтФД
тФВ ЁЯРЫ bipolarDimensions: null
тФФтФАтФАтФАтФАтФАтФАтФАтФАтФАтФАтФАтФАтФАтФАтФАтФАтФАтФАтФАтФАтФАтФАтФАтФАтФАтФАтФАтФАтФАтФАтФАтФАтФАтФАтФАтФАтФАтФАтФАтФАтФАтФАтФАтФАтФАтФАтФАтФАтФАтФАтФАтФАтФАтФАтФАтФАтФАтФАтФАтФАтФАтФАтФАтФАтФАтФАтФАтФАтФАтФАтФАтФАтФАтФАтФАтФАтФАтФАтФАтФАтФАтФАтФАтФАтФАтФАтФАтФАтФАтФАтФАтФАтФАтФАтФАтФАтФАтФАтФАтФАтФАтФАтФАтФАтФАтФАтФАтФАтФАтФАтФАтФАтФАтФАтФАтФАтФАтФАтФА
тФМтФАтФАтФАтФАтФАтФАтФАтФАтФАтФАтФАтФАтФАтФАтФАтФАтФАтФАтФАтФАтФАтФАтФАтФАтФАтФАтФАтФАтФАтФАтФАтФАтФАтФАтФАтФАтФАтФАтФАтФАтФАтФАтФАтФАтФАтФАтФАтФАтФАтФАтФАтФАтФАтФАтФАтФАтФАтФАтФАтФАтФАтФАтФАтФАтФАтФАтФАтФАтФАтФАтФАтФАтФАтФАтФАтФАтФАтФАтФАтФАтФАтФАтФАтФАтФАтФАтФАтФАтФАтФАтФАтФАтФАтФАтФАтФАтФАтФАтФАтФАтФАтФАтФАтФАтФАтФАтФАтФАтФАтФАтФАтФАтФАтФАтФАтФАтФАтФАтФА
тФВ #0   TestService.completeTest (package:psycho_tests/services/test_service.dart:51:17)
тФВ #1   main.<anonymous closure>.<anonymous closure> (file:///D:/Work/psycho_app/0.0.1.x_dev/test/services/test_service_test.dart:162:40)
тФЬтФДтФДтФДтФДтФДтФДтФДтФДтФДтФДтФДтФДтФДтФДтФДтФДтФДтФДтФДтФДтФДтФДтФДтФДтФДтФДтФДтФДтФДтФДтФДтФДтФДтФДтФДтФДтФДтФДтФДтФДтФДтФДтФДтФДтФДтФДтФДтФДтФДтФДтФДтФДтФДтФДтФДтФДтФДтФДтФДтФДтФДтФДтФДтФДтФДтФДтФДтФДтФДтФДтФДтФДтФДтФДтФДтФДтФДтФДтФДтФДтФДтФДтФДтФДтФДтФДтФДтФДтФДтФДтФДтФДтФДтФДтФДтФДтФДтФДтФДтФДтФДтФДтФДтФДтФДтФДтФДтФДтФДтФДтФДтФДтФДтФДтФДтФДтФДтФДтФД
тФВ ЁЯРЫ Multi-factor test detected
тФФтФАтФАтФАтФАтФАтФАтФАтФАтФАтФАтФАтФАтФАтФАтФАтФАтФАтФАтФАтФАтФАтФАтФАтФАтФАтФАтФАтФАтФАтФАтФАтФАтФАтФАтФАтФАтФАтФАтФАтФАтФАтФАтФАтФАтФАтФАтФАтФАтФАтФАтФАтФАтФАтФАтФАтФАтФАтФАтФАтФАтФАтФАтФАтФАтФАтФАтФАтФАтФАтФАтФАтФАтФАтФАтФАтФАтФАтФАтФАтФАтФАтФАтФАтФАтФАтФАтФАтФАтФАтФАтФАтФАтФАтФАтФАтФАтФАтФАтФАтФАтФАтФАтФАтФАтФАтФАтФАтФАтФАтФАтФАтФАтФАтФАтФАтФАтФАтФАтФА
тФМтФАтФАтФАтФАтФАтФАтФАтФАтФАтФАтФАтФАтФАтФАтФАтФАтФАтФАтФАтФАтФАтФАтФАтФАтФАтФАтФАтФАтФАтФАтФАтФАтФАтФАтФАтФАтФАтФАтФАтФАтФАтФАтФАтФАтФАтФАтФАтФАтФАтФАтФАтФАтФАтФАтФАтФАтФАтФАтФАтФАтФАтФАтФАтФАтФАтФАтФАтФАтФАтФАтФАтФАтФАтФАтФАтФАтФАтФАтФАтФАтФАтФАтФАтФАтФАтФАтФАтФАтФАтФАтФАтФАтФАтФАтФАтФАтФАтФАтФАтФАтФАтФАтФАтФАтФАтФАтФАтФАтФАтФАтФАтФАтФАтФАтФАтФАтФАтФАтФА
тФВ #0   TestService.completeTest (package:psycho_tests/services/test_service.dart:57:19)
тФВ #1   main.<anonymous closure>.<anonymous closure> (file:///D:/Work/psycho_app/0.0.1.x_dev/test/services/test_service_test.dart:162:40)
тФЬтФДтФДтФДтФДтФДтФДтФДтФДтФДтФДтФДтФДтФДтФДтФДтФДтФДтФДтФДтФДтФДтФДтФДтФДтФДтФДтФДтФДтФДтФДтФДтФДтФДтФДтФДтФДтФДтФДтФДтФДтФДтФДтФДтФДтФДтФДтФДтФДтФДтФДтФДтФДтФДтФДтФДтФДтФДтФДтФДтФДтФДтФДтФДтФДтФДтФДтФДтФДтФДтФДтФДтФДтФДтФДтФДтФДтФДтФДтФДтФДтФДтФДтФДтФДтФДтФДтФДтФДтФДтФДтФДтФДтФДтФДтФДтФДтФДтФДтФДтФДтФДтФДтФДтФДтФДтФДтФДтФДтФДтФДтФДтФДтФДтФДтФДтФДтФДтФДтФД
тФВ ЁЯРЫ Calling _completeMultiFactorTest()
тФФтФАтФАтФАтФАтФАтФАтФАтФАтФАтФАтФАтФАтФАтФАтФАтФАтФАтФАтФАтФАтФАтФАтФАтФАтФАтФАтФАтФАтФАтФАтФАтФАтФАтФАтФАтФАтФАтФАтФАтФАтФАтФАтФАтФАтФАтФАтФАтФАтФАтФАтФАтФАтФАтФАтФАтФАтФАтФАтФАтФАтФАтФАтФАтФАтФАтФАтФАтФАтФАтФАтФАтФАтФАтФАтФАтФАтФАтФАтФАтФАтФАтФАтФАтФАтФАтФАтФАтФАтФАтФАтФАтФАтФАтФАтФАтФАтФАтФАтФАтФАтФАтФАтФАтФАтФАтФАтФАтФАтФАтФАтФАтФАтФАтФАтФАтФАтФАтФАтФА
тФМтФАтФАтФАтФАтФАтФАтФАтФАтФАтФАтФАтФАтФАтФАтФАтФАтФАтФАтФАтФАтФАтФАтФАтФАтФАтФАтФАтФАтФАтФАтФАтФАтФАтФАтФАтФАтФАтФАтФАтФАтФАтФАтФАтФАтФАтФАтФАтФАтФАтФАтФАтФАтФАтФАтФАтФАтФАтФАтФАтФАтФАтФАтФАтФАтФАтФАтФАтФАтФАтФАтФАтФАтФАтФАтФАтФАтФАтФАтФАтФАтФАтФАтФАтФАтФАтФАтФАтФАтФАтФАтФАтФАтФАтФАтФАтФАтФАтФАтФАтФАтФАтФАтФАтФАтФАтФАтФАтФАтФАтФАтФАтФАтФАтФАтФАтФАтФАтФАтФА
тФВ #0   TestService._completeMultiFactorTest (package:psycho_tests/services/test_service.dart:179:15)
тФВ #1   TestService.completeTest (package:psycho_tests/services/test_service.dart:59:16)
тФЬтФДтФДтФДтФДтФДтФДтФДтФДтФДтФДтФДтФДтФДтФДтФДтФДтФДтФДтФДтФДтФДтФДтФДтФДтФДтФДтФДтФДтФДтФДтФДтФДтФДтФДтФДтФДтФДтФДтФДтФДтФДтФДтФДтФДтФДтФДтФДтФДтФДтФДтФДтФДтФДтФДтФДтФДтФДтФДтФДтФДтФДтФДтФДтФДтФДтФДтФДтФДтФДтФДтФДтФДтФДтФДтФДтФДтФДтФДтФДтФДтФДтФДтФДтФДтФДтФДтФДтФДтФДтФДтФДтФДтФДтФДтФДтФДтФДтФДтФДтФДтФДтФДтФДтФДтФДтФДтФДтФДтФДтФДтФДтФДтФДтФДтФДтФДтФДтФДтФД
тФВ ЁЯРЫ Multi-factor test - Created 15 scale scores
тФФтФАтФАтФАтФАтФАтФАтФАтФАтФАтФАтФАтФАтФАтФАтФАтФАтФАтФАтФАтФАтФАтФАтФАтФАтФАтФАтФАтФАтФАтФАтФАтФАтФАтФАтФАтФАтФАтФАтФАтФАтФАтФАтФАтФАтФАтФАтФАтФАтФАтФАтФАтФАтФАтФАтФАтФАтФАтФАтФАтФАтФАтФАтФАтФАтФАтФАтФАтФАтФАтФАтФАтФАтФАтФАтФАтФАтФАтФАтФАтФАтФАтФАтФАтФАтФАтФАтФАтФАтФАтФАтФАтФАтФАтФАтФАтФАтФАтФАтФАтФАтФАтФАтФАтФАтФАтФАтФАтФАтФАтФАтФАтФАтФАтФАтФАтФАтФАтФАтФА
тФМтФАтФАтФАтФАтФАтФАтФАтФАтФАтФАтФАтФАтФАтФАтФАтФАтФАтФАтФАтФАтФАтФАтФАтФАтФАтФАтФАтФАтФАтФАтФАтФАтФАтФАтФАтФАтФАтФАтФАтФАтФАтФАтФАтФАтФАтФАтФАтФАтФАтФАтФАтФАтФАтФАтФАтФАтФАтФАтФАтФАтФАтФАтФАтФАтФАтФАтФАтФАтФАтФАтФАтФАтФАтФАтФАтФАтФАтФАтФАтФАтФАтФАтФАтФАтФАтФАтФАтФАтФАтФАтФАтФАтФАтФАтФАтФАтФАтФАтФАтФАтФАтФАтФАтФАтФАтФАтФАтФАтФАтФАтФАтФАтФАтФАтФАтФАтФАтФАтФА
тФВ #0   TestService._completeMultiFactorTest (package:psycho_tests/services/test_service.dart:180:15)
тФВ #1   TestService.completeTest (package:psycho_tests/services/test_service.dart:59:16)
тФЬтФДтФДтФДтФДтФДтФДтФДтФДтФДтФДтФДтФДтФДтФДтФДтФДтФДтФДтФДтФДтФДтФДтФДтФДтФДтФДтФДтФДтФДтФДтФДтФДтФДтФДтФДтФДтФДтФДтФДтФДтФДтФДтФДтФДтФДтФДтФДтФДтФДтФДтФДтФДтФДтФДтФДтФДтФДтФДтФДтФДтФДтФДтФДтФДтФДтФДтФДтФДтФДтФДтФДтФДтФДтФДтФДтФДтФДтФДтФДтФДтФДтФДтФДтФДтФДтФДтФДтФДтФДтФДтФДтФДтФДтФДтФДтФДтФДтФДтФДтФДтФДтФДтФДтФДтФДтФДтФДтФДтФДтФДтФДтФДтФДтФДтФДтФДтФДтФДтФД
тФВ ЁЯРЫ Multi-factor test - Created 15 scales with contributions
тФФтФАтФАтФАтФАтФАтФАтФАтФАтФАтФАтФАтФАтФАтФАтФАтФАтФАтФАтФАтФАтФАтФАтФАтФАтФАтФАтФАтФАтФАтФАтФАтФАтФАтФАтФАтФАтФАтФАтФАтФАтФАтФАтФАтФАтФАтФАтФАтФАтФАтФАтФАтФАтФАтФАтФАтФАтФАтФАтФАтФАтФАтФАтФАтФАтФАтФАтФАтФАтФАтФАтФАтФАтФАтФАтФАтФАтФАтФАтФАтФАтФАтФАтФАтФАтФАтФАтФАтФАтФАтФАтФАтФАтФАтФАтФАтФАтФАтФАтФАтФАтФАтФАтФАтФАтФАтФАтФАтФАтФАтФАтФАтФАтФАтФАтФАтФАтФАтФАтФА
тФМтФАтФАтФАтФАтФАтФАтФАтФАтФАтФАтФАтФАтФАтФАтФАтФАтФАтФАтФАтФАтФАтФАтФАтФАтФАтФАтФАтФАтФАтФАтФАтФАтФАтФАтФАтФАтФАтФАтФАтФАтФАтФАтФАтФАтФАтФАтФАтФАтФАтФАтФАтФАтФАтФАтФАтФАтФАтФАтФАтФАтФАтФАтФАтФАтФАтФАтФАтФАтФАтФАтФАтФАтФАтФАтФАтФАтФАтФАтФАтФАтФАтФАтФАтФАтФАтФАтФАтФАтФАтФАтФАтФАтФАтФАтФАтФАтФАтФАтФАтФАтФАтФАтФАтФАтФАтФАтФАтФАтФАтФАтФАтФАтФАтФАтФАтФАтФАтФАтФА
тФВ #0   TestService._completeMultiFactorTest.<anonymous closure> (package:psycho_tests/services/test_service.dart:183:17)
тФВ #1   _LinkedHashMapMixin.forEach (dart:_compact_hash:764:13)
тФЬтФДтФДтФДтФДтФДтФДтФДтФДтФДтФДтФДтФДтФДтФДтФДтФДтФДтФДтФДтФДтФДтФДтФДтФДтФДтФДтФДтФДтФДтФДтФДтФДтФДтФДтФДтФДтФДтФДтФДтФДтФДтФДтФДтФДтФДтФДтФДтФДтФДтФДтФДтФДтФДтФДтФДтФДтФДтФДтФДтФДтФДтФДтФДтФДтФДтФДтФДтФДтФДтФДтФДтФДтФДтФДтФДтФДтФДтФДтФДтФДтФДтФДтФДтФДтФДтФДтФДтФДтФДтФДтФДтФДтФДтФДтФДтФДтФДтФДтФДтФДтФДтФДтФДтФДтФДтФДтФДтФДтФДтФДтФДтФДтФДтФДтФДтФДтФДтФДтФД
тФВ ЁЯРЫ   - Scale gregariousness: 1 questions
тФФтФАтФАтФАтФАтФАтФАтФАтФАтФАтФАтФАтФАтФАтФАтФАтФАтФАтФАтФАтФАтФАтФАтФАтФАтФАтФАтФАтФАтФАтФАтФАтФАтФАтФАтФАтФАтФАтФАтФАтФАтФАтФАтФАтФАтФАтФАтФАтФАтФАтФАтФАтФАтФАтФАтФАтФАтФАтФАтФАтФАтФАтФАтФАтФАтФАтФАтФАтФАтФАтФАтФАтФАтФАтФАтФАтФАтФАтФАтФАтФАтФАтФАтФАтФАтФАтФАтФАтФАтФАтФАтФАтФАтФАтФАтФАтФАтФАтФАтФАтФАтФАтФАтФАтФАтФАтФАтФАтФАтФАтФАтФАтФАтФАтФАтФАтФАтФАтФАтФА
тФМтФАтФАтФАтФАтФАтФАтФАтФАтФАтФАтФАтФАтФАтФАтФАтФАтФАтФАтФАтФАтФАтФАтФАтФАтФАтФАтФАтФАтФАтФАтФАтФАтФАтФАтФАтФАтФАтФАтФАтФАтФАтФАтФАтФАтФАтФАтФАтФАтФАтФАтФАтФАтФАтФАтФАтФАтФАтФАтФАтФАтФАтФАтФАтФАтФАтФАтФАтФАтФАтФАтФАтФАтФАтФАтФАтФАтФАтФАтФАтФАтФАтФАтФАтФАтФАтФАтФАтФАтФАтФАтФАтФАтФАтФАтФАтФАтФАтФАтФАтФАтФАтФАтФАтФАтФАтФАтФАтФАтФАтФАтФАтФАтФАтФАтФАтФАтФАтФАтФА
тФВ #0   TestService._completeMultiFactorTest.<anonymous closure> (package:psycho_tests/services/test_service.dart:183:17)
тФВ #1   _LinkedHashMapMixin.forEach (dart:_compact_hash:764:13)
тФЬтФДтФДтФДтФДтФДтФДтФДтФДтФДтФДтФДтФДтФДтФДтФДтФДтФДтФДтФДтФДтФДтФДтФДтФДтФДтФДтФДтФДтФДтФДтФДтФДтФДтФДтФДтФДтФДтФДтФДтФДтФДтФДтФДтФДтФДтФДтФДтФДтФДтФДтФДтФДтФДтФДтФДтФДтФДтФДтФДтФДтФДтФДтФДтФДтФДтФДтФДтФДтФДтФДтФДтФДтФДтФДтФДтФДтФДтФДтФДтФДтФДтФДтФДтФДтФДтФДтФДтФДтФДтФДтФДтФДтФДтФДтФДтФДтФДтФДтФДтФДтФДтФДтФДтФДтФДтФДтФДтФДтФДтФДтФДтФДтФДтФДтФДтФДтФДтФДтФД
тФВ ЁЯРЫ   - Scale warmth: 1 questions
тФФтФАтФАтФАтФАтФАтФАтФАтФАтФАтФАтФАтФАтФАтФАтФАтФАтФАтФАтФАтФАтФАтФАтФАтФАтФАтФАтФАтФАтФАтФАтФАтФАтФАтФАтФАтФАтФАтФАтФАтФАтФАтФАтФАтФАтФАтФАтФАтФАтФАтФАтФАтФАтФАтФАтФАтФАтФАтФАтФАтФАтФАтФАтФАтФАтФАтФАтФАтФАтФАтФАтФАтФАтФАтФАтФАтФАтФАтФАтФАтФАтФАтФАтФАтФАтФАтФАтФАтФАтФАтФАтФАтФАтФАтФАтФАтФАтФАтФАтФАтФАтФАтФАтФАтФАтФАтФАтФАтФАтФАтФАтФАтФАтФАтФАтФАтФАтФАтФАтФА
тФМтФАтФАтФАтФАтФАтФАтФАтФАтФАтФАтФАтФАтФАтФАтФАтФАтФАтФАтФАтФАтФАтФАтФАтФАтФАтФАтФАтФАтФАтФАтФАтФАтФАтФАтФАтФАтФАтФАтФАтФАтФАтФАтФАтФАтФАтФАтФАтФАтФАтФАтФАтФАтФАтФАтФАтФАтФАтФАтФАтФАтФАтФАтФАтФАтФАтФАтФАтФАтФАтФАтФАтФАтФАтФАтФАтФАтФАтФАтФАтФАтФАтФАтФАтФАтФАтФАтФАтФАтФАтФАтФАтФАтФАтФАтФАтФАтФАтФАтФАтФАтФАтФАтФАтФАтФАтФАтФАтФАтФАтФАтФАтФАтФАтФАтФАтФАтФАтФАтФА
тФВ #0   TestService._completeMultiFactorTest.<anonymous closure> (package:psycho_tests/services/test_service.dart:183:17)
тФВ #1   _LinkedHashMapMixin.forEach (dart:_compact_hash:764:13)
тФЬтФДтФДтФДтФДтФДтФДтФДтФДтФДтФДтФДтФДтФДтФДтФДтФДтФДтФДтФДтФДтФДтФДтФДтФДтФДтФДтФДтФДтФДтФДтФДтФДтФДтФДтФДтФДтФДтФДтФДтФДтФДтФДтФДтФДтФДтФДтФДтФДтФДтФДтФДтФДтФДтФДтФДтФДтФДтФДтФДтФДтФДтФДтФДтФДтФДтФДтФДтФДтФДтФДтФДтФДтФДтФДтФДтФДтФДтФДтФДтФДтФДтФДтФДтФДтФДтФДтФДтФДтФДтФДтФДтФДтФДтФДтФДтФДтФДтФДтФДтФДтФДтФДтФДтФДтФДтФДтФДтФДтФДтФДтФДтФДтФДтФДтФДтФДтФДтФДтФД
тФВ ЁЯРЫ   - Scale positive_emotions: 1 questions
тФФтФАтФАтФАтФАтФАтФАтФАтФАтФАтФАтФАтФАтФАтФАтФАтФАтФАтФАтФАтФАтФАтФАтФАтФАтФАтФАтФАтФАтФАтФАтФАтФАтФАтФАтФАтФАтФАтФАтФАтФАтФАтФАтФАтФАтФАтФАтФАтФАтФАтФАтФАтФАтФАтФАтФАтФАтФАтФАтФАтФАтФАтФАтФАтФАтФАтФАтФАтФАтФАтФАтФАтФАтФАтФАтФАтФАтФАтФАтФАтФАтФАтФАтФАтФАтФАтФАтФАтФАтФАтФАтФАтФАтФАтФАтФАтФАтФАтФАтФАтФАтФАтФАтФАтФАтФАтФАтФАтФАтФАтФАтФАтФАтФАтФАтФАтФАтФАтФАтФА
тФМтФАтФАтФАтФАтФАтФАтФАтФАтФАтФАтФАтФАтФАтФАтФАтФАтФАтФАтФАтФАтФАтФАтФАтФАтФАтФАтФАтФАтФАтФАтФАтФАтФАтФАтФАтФАтФАтФАтФАтФАтФАтФАтФАтФАтФАтФАтФАтФАтФАтФАтФАтФАтФАтФАтФАтФАтФАтФАтФАтФАтФАтФАтФАтФАтФАтФАтФАтФАтФАтФАтФАтФАтФАтФАтФАтФАтФАтФАтФАтФАтФАтФАтФАтФАтФАтФАтФАтФАтФАтФАтФАтФАтФАтФАтФАтФАтФАтФАтФАтФАтФАтФАтФАтФАтФАтФАтФАтФАтФАтФАтФАтФАтФАтФАтФАтФАтФАтФАтФА
тФВ #0   TestService._completeMultiFactorTest.<anonymous closure> (package:psycho_tests/services/test_service.dart:183:17)
00:00 +9 -6: D:/Work/psycho_app/0.0.1.x_dev/test/services/test_service_test.dart: completeTest() - Multi-Factor Tests handles reversed questions correctly for IPIP Big Five
тФВ #1   _LinkedHashMapMixin.forEach (dart:_compact_hash:764:13)
тФЬтФДтФДтФДтФДтФДтФДтФДтФДтФДтФДтФДтФДтФДтФДтФДтФДтФДтФДтФДтФДтФДтФДтФДтФДтФДтФДтФДтФДтФДтФДтФДтФДтФДтФДтФДтФДтФДтФДтФДтФДтФДтФДтФДтФДтФДтФДтФДтФДтФДтФДтФДтФДтФДтФДтФДтФДтФДтФДтФДтФДтФДтФДтФДтФДтФДтФДтФДтФДтФДтФДтФДтФДтФДтФДтФДтФДтФДтФДтФДтФДтФДтФДтФДтФДтФДтФДтФДтФДтФДтФДтФДтФДтФДтФДтФДтФДтФДтФДтФДтФДтФДтФДтФДтФДтФДтФДтФДтФДтФДтФДтФДтФДтФДтФДтФДтФДтФДтФДтФД
00:00 +9 -6: D:/Work/psycho_app/0.0.1.x_dev/test/summary_test.dart: SummaryCalculator Tests should calculate confidence based on test count [E]
  Expected: ConfidenceLevel:<ConfidenceLevel.medium>
    Actual: ConfidenceLevel:<ConfidenceLevel.low>
  
  package:matcher                                     expect
  package:flutter_test/src/widget_tester.dart 473:18  expect
  test\summary_test.dart 136:7                        main.<fn>.<fn>
  
00:00 +9 -6: D:/Work/psycho_app/0.0.1.x_dev/test/services/test_service_test.dart: completeTest() - Multi-Factor Tests handles reversed questions correctly for IPIP Big Five
тФВ ЁЯРЫ   - Scale social_confidence: 1 questions
тФФтФАтФАтФАтФАтФАтФАтФАтФАтФАтФАтФАтФАтФАтФАтФАтФАтФАтФАтФАтФАтФАтФАтФАтФАтФАтФАтФАтФАтФАтФАтФАтФАтФАтФАтФАтФАтФАтФАтФАтФАтФАтФАтФАтФАтФАтФАтФАтФАтФАтФАтФАтФАтФАтФАтФАтФАтФАтФАтФАтФАтФАтФАтФАтФАтФАтФАтФАтФАтФАтФАтФАтФАтФАтФАтФАтФАтФАтФАтФАтФАтФАтФАтФАтФАтФАтФАтФАтФАтФАтФАтФАтФАтФАтФАтФАтФАтФАтФАтФАтФАтФАтФАтФАтФАтФАтФАтФАтФАтФАтФАтФАтФАтФАтФАтФАтФАтФАтФАтФА
тФМтФАтФАтФАтФАтФАтФАтФАтФАтФАтФАтФАтФАтФАтФАтФАтФАтФАтФАтФАтФАтФАтФАтФАтФАтФАтФАтФАтФАтФАтФАтФАтФАтФАтФАтФАтФАтФАтФАтФАтФАтФАтФАтФАтФАтФАтФАтФАтФАтФАтФАтФАтФАтФАтФАтФАтФАтФАтФАтФАтФАтФАтФАтФАтФАтФАтФАтФАтФАтФАтФАтФАтФАтФАтФАтФАтФАтФАтФАтФАтФАтФАтФАтФАтФАтФАтФАтФАтФАтФАтФАтФАтФАтФАтФАтФАтФАтФАтФАтФАтФАтФАтФАтФАтФАтФАтФАтФАтФАтФАтФАтФАтФАтФАтФАтФАтФАтФАтФАтФА
тФВ #0   TestService._completeMultiFactorTest.<anonymous closure> (package:psycho_tests/services/test_service.dart:183:17)
тФВ #1   _LinkedHashMapMixin.forEach (dart:_compact_hash:764:13)
тФЬтФДтФДтФДтФДтФДтФДтФДтФДтФДтФДтФДтФДтФДтФДтФДтФДтФДтФДтФДтФДтФДтФДтФДтФДтФДтФДтФДтФДтФДтФДтФДтФДтФДтФДтФДтФДтФДтФДтФДтФДтФДтФДтФДтФДтФДтФДтФДтФДтФДтФДтФДтФДтФДтФДтФДтФДтФДтФДтФДтФДтФДтФДтФДтФДтФДтФДтФДтФДтФДтФДтФДтФДтФДтФДтФДтФДтФДтФДтФДтФДтФДтФДтФДтФДтФДтФДтФДтФДтФДтФДтФДтФДтФДтФДтФДтФДтФДтФДтФДтФДтФДтФДтФДтФДтФДтФДтФДтФДтФДтФДтФДтФДтФДтФДтФДтФДтФДтФДтФД
тФВ ЁЯРЫ   - Scale liveliness: 1 questions
тФФтФАтФАтФАтФАтФАтФАтФАтФАтФАтФАтФАтФАтФАтФАтФАтФАтФАтФАтФАтФАтФАтФАтФАтФАтФАтФАтФАтФАтФАтФАтФАтФАтФАтФАтФАтФАтФАтФАтФАтФАтФАтФАтФАтФАтФАтФАтФАтФАтФАтФАтФАтФАтФАтФАтФАтФАтФАтФАтФАтФАтФАтФАтФАтФАтФАтФАтФАтФАтФАтФАтФАтФАтФАтФАтФАтФАтФАтФАтФАтФАтФАтФАтФАтФАтФАтФАтФАтФАтФАтФАтФАтФАтФАтФАтФАтФАтФАтФАтФАтФАтФАтФАтФАтФАтФАтФАтФАтФАтФАтФАтФАтФАтФАтФАтФАтФАтФАтФАтФА
тФМтФАтФАтФАтФАтФАтФАтФАтФАтФАтФАтФАтФАтФАтФАтФАтФАтФАтФАтФАтФАтФАтФАтФАтФАтФАтФАтФАтФАтФАтФАтФАтФАтФАтФАтФАтФАтФАтФАтФАтФАтФАтФАтФАтФАтФАтФАтФАтФАтФАтФАтФАтФАтФАтФАтФАтФАтФАтФАтФАтФАтФАтФАтФАтФАтФАтФАтФАтФАтФАтФАтФАтФАтФАтФАтФАтФАтФАтФАтФАтФАтФАтФАтФАтФАтФАтФАтФАтФАтФАтФАтФАтФАтФАтФАтФАтФАтФАтФАтФАтФАтФАтФАтФАтФАтФАтФАтФАтФАтФАтФАтФАтФАтФАтФАтФАтФАтФАтФАтФА
тФВ #0   TestService._completeMultiFactorTest.<anonymous closure> (package:psycho_tests/services/test_service.dart:183:17)
тФВ #1   _LinkedHashMapMixin.forEach (dart:_compact_hash:764:13)
тФЬтФДтФДтФДтФДтФДтФДтФДтФДтФДтФДтФДтФДтФДтФДтФДтФДтФДтФДтФДтФДтФДтФДтФДтФДтФДтФДтФДтФДтФДтФДтФДтФДтФДтФДтФДтФДтФДтФДтФДтФДтФДтФДтФДтФДтФДтФДтФДтФДтФДтФДтФДтФДтФДтФДтФДтФДтФДтФДтФДтФДтФДтФДтФДтФДтФДтФДтФДтФДтФДтФДтФДтФДтФДтФДтФДтФДтФДтФДтФДтФДтФДтФДтФДтФДтФДтФДтФДтФДтФДтФДтФДтФДтФДтФДтФДтФДтФДтФДтФДтФДтФДтФДтФДтФДтФДтФДтФДтФДтФДтФДтФДтФДтФДтФДтФДтФДтФДтФДтФД
тФВ ЁЯРЫ   - Scale social_boldness: 1 questions
тФФтФАтФАтФАтФАтФАтФАтФАтФАтФАтФАтФАтФАтФАтФАтФАтФАтФАтФАтФАтФАтФАтФАтФАтФАтФАтФАтФАтФАтФАтФАтФАтФАтФАтФАтФАтФАтФАтФАтФАтФАтФАтФАтФАтФАтФАтФАтФАтФАтФАтФАтФАтФАтФАтФАтФАтФАтФАтФАтФАтФАтФАтФАтФАтФАтФАтФАтФАтФАтФАтФАтФАтФАтФАтФАтФАтФАтФАтФАтФАтФАтФАтФАтФАтФАтФАтФАтФАтФАтФАтФАтФАтФАтФАтФАтФАтФАтФАтФАтФАтФАтФАтФАтФАтФАтФАтФАтФАтФАтФАтФАтФАтФАтФАтФАтФАтФАтФАтФАтФА
тФМтФАтФАтФАтФАтФАтФАтФАтФАтФАтФАтФАтФАтФАтФАтФАтФАтФАтФАтФАтФАтФАтФАтФАтФАтФАтФАтФАтФАтФАтФАтФАтФАтФАтФАтФАтФАтФАтФАтФАтФАтФАтФАтФАтФАтФАтФАтФАтФАтФАтФАтФАтФАтФАтФАтФАтФАтФАтФАтФАтФАтФАтФАтФАтФАтФАтФАтФАтФАтФАтФАтФАтФАтФАтФАтФАтФАтФАтФАтФАтФАтФАтФАтФАтФАтФАтФАтФАтФАтФАтФАтФАтФАтФАтФАтФАтФАтФАтФАтФАтФАтФАтФАтФАтФАтФАтФАтФАтФАтФАтФАтФАтФАтФАтФАтФАтФАтФАтФАтФА
тФВ #0   TestService._completeMultiFactorTest.<anonymous closure> (package:psycho_tests/services/test_service.dart:183:17)
тФВ #1   _LinkedHashMapMixin.forEach (dart:_compact_hash:764:13)
тФЬтФДтФДтФДтФДтФДтФДтФДтФДтФДтФДтФДтФДтФДтФДтФДтФДтФДтФДтФДтФДтФДтФДтФДтФДтФДтФДтФДтФДтФДтФДтФДтФДтФДтФДтФДтФДтФДтФДтФДтФДтФДтФДтФДтФДтФДтФДтФДтФДтФДтФДтФДтФДтФДтФДтФДтФДтФДтФДтФДтФДтФДтФДтФДтФДтФДтФДтФДтФДтФДтФДтФДтФДтФДтФДтФДтФДтФДтФДтФДтФДтФДтФДтФДтФДтФДтФДтФДтФДтФДтФДтФДтФДтФДтФДтФДтФДтФДтФДтФДтФДтФДтФДтФДтФДтФДтФДтФДтФДтФДтФДтФДтФДтФДтФДтФДтФДтФДтФДтФД
тФВ ЁЯРЫ   - Scale expressiveness: 1 questions
тФФтФАтФАтФАтФАтФАтФАтФАтФАтФАтФАтФАтФАтФАтФАтФАтФАтФАтФАтФАтФАтФАтФАтФАтФАтФАтФАтФАтФАтФАтФАтФАтФАтФАтФАтФАтФАтФАтФАтФАтФАтФАтФАтФАтФАтФАтФАтФАтФАтФАтФАтФАтФАтФАтФАтФАтФАтФАтФАтФАтФАтФАтФАтФАтФАтФАтФАтФАтФАтФАтФАтФАтФАтФАтФАтФАтФАтФАтФАтФАтФАтФАтФАтФАтФАтФАтФАтФАтФАтФАтФАтФАтФАтФАтФАтФАтФАтФАтФАтФАтФАтФАтФАтФАтФАтФАтФАтФАтФАтФАтФАтФАтФАтФАтФАтФАтФАтФАтФАтФА
тФМтФАтФАтФАтФАтФАтФАтФАтФАтФАтФАтФАтФАтФАтФАтФАтФАтФАтФАтФАтФАтФАтФАтФАтФАтФАтФАтФАтФАтФАтФАтФАтФАтФАтФАтФАтФАтФАтФАтФАтФАтФАтФАтФАтФАтФАтФАтФАтФАтФАтФАтФАтФАтФАтФАтФАтФАтФАтФАтФАтФАтФАтФАтФАтФАтФАтФАтФАтФАтФАтФАтФАтФАтФАтФАтФАтФАтФАтФАтФАтФАтФАтФАтФАтФАтФАтФАтФАтФАтФАтФАтФАтФАтФАтФАтФАтФАтФАтФАтФАтФАтФАтФАтФАтФАтФАтФАтФАтФАтФАтФАтФАтФАтФАтФАтФАтФАтФАтФАтФА
тФВ #0   TestService._completeMultiFactorTest.<anonymous closure> (package:psycho_tests/services/test_service.dart:183:17)
тФВ #1   _LinkedHashMapMixin.forEach (dart:_compact_hash:764:13)
тФЬтФДтФДтФДтФДтФДтФДтФДтФДтФДтФДтФДтФДтФДтФДтФДтФДтФДтФДтФДтФДтФДтФДтФДтФДтФДтФДтФДтФДтФДтФДтФДтФДтФДтФДтФДтФДтФДтФДтФДтФДтФДтФДтФДтФДтФДтФДтФДтФДтФДтФДтФДтФДтФДтФДтФДтФДтФДтФДтФДтФДтФДтФДтФДтФДтФДтФДтФДтФДтФДтФДтФДтФДтФДтФДтФДтФДтФДтФДтФДтФДтФДтФДтФДтФДтФДтФДтФДтФДтФДтФДтФДтФДтФДтФДтФДтФДтФДтФДтФДтФДтФДтФДтФДтФДтФДтФДтФДтФДтФДтФДтФДтФДтФДтФДтФДтФДтФДтФДтФД
тФВ ЁЯРЫ   - Scale intrinsic_motivation: 1 questions
тФФтФАтФАтФАтФАтФАтФАтФАтФАтФАтФАтФАтФАтФАтФАтФАтФАтФАтФАтФАтФАтФАтФАтФАтФАтФАтФАтФАтФАтФАтФАтФАтФАтФАтФАтФАтФАтФАтФАтФАтФАтФАтФАтФАтФАтФАтФАтФАтФАтФАтФАтФАтФАтФАтФАтФАтФАтФАтФАтФАтФАтФАтФАтФАтФАтФАтФАтФАтФАтФАтФАтФАтФАтФАтФАтФАтФАтФАтФАтФАтФАтФАтФАтФАтФАтФАтФАтФАтФАтФАтФАтФАтФАтФАтФАтФАтФАтФАтФАтФАтФАтФАтФАтФАтФАтФАтФАтФАтФАтФАтФАтФАтФАтФАтФАтФАтФАтФАтФАтФА
тФМтФАтФАтФАтФАтФАтФАтФАтФАтФАтФАтФАтФАтФАтФАтФАтФАтФАтФАтФАтФАтФАтФАтФАтФАтФАтФАтФАтФАтФАтФАтФАтФАтФАтФАтФАтФАтФАтФАтФАтФАтФАтФАтФАтФАтФАтФАтФАтФАтФАтФАтФАтФАтФАтФАтФАтФАтФАтФАтФАтФАтФАтФАтФАтФАтФАтФАтФАтФАтФАтФАтФАтФАтФАтФАтФАтФАтФАтФАтФАтФАтФАтФАтФАтФАтФАтФАтФАтФАтФАтФАтФАтФАтФАтФАтФАтФАтФАтФАтФАтФАтФАтФАтФАтФАтФАтФАтФАтФАтФАтФАтФАтФАтФАтФАтФАтФАтФАтФАтФА
тФВ #0   TestService._completeMultiFactorTest.<anonymous closure> (package:psycho_tests/services/test_service.dart:183:17)
тФВ #1   _LinkedHashMapMixin.forEach (dart:_compact_hash:764:13)
тФЬтФДтФДтФДтФДтФДтФДтФДтФДтФДтФДтФДтФДтФДтФДтФДтФДтФДтФДтФДтФДтФДтФДтФДтФДтФДтФДтФДтФДтФДтФДтФДтФДтФДтФДтФДтФДтФДтФДтФДтФДтФДтФДтФДтФДтФДтФДтФДтФДтФДтФДтФДтФДтФДтФДтФДтФДтФДтФДтФДтФДтФДтФДтФДтФДтФДтФДтФДтФДтФДтФДтФДтФДтФДтФДтФДтФДтФДтФДтФДтФДтФДтФДтФДтФДтФДтФДтФДтФДтФДтФДтФДтФДтФДтФДтФДтФДтФДтФДтФДтФДтФДтФДтФДтФДтФДтФДтФДтФДтФДтФДтФДтФДтФДтФДтФДтФДтФДтФДтФД
тФВ ЁЯРЫ   - Scale empathy: 1 questions
тФФтФАтФАтФАтФАтФАтФАтФАтФАтФАтФАтФАтФАтФАтФАтФАтФАтФАтФАтФАтФАтФАтФАтФАтФАтФАтФАтФАтФАтФАтФАтФАтФАтФАтФАтФАтФАтФАтФАтФАтФАтФАтФАтФАтФАтФАтФАтФАтФАтФАтФАтФАтФАтФАтФАтФАтФАтФАтФАтФАтФАтФАтФАтФАтФАтФАтФАтФАтФАтФАтФАтФАтФАтФАтФАтФАтФАтФАтФАтФАтФАтФАтФАтФАтФАтФАтФАтФАтФАтФАтФАтФАтФАтФАтФАтФАтФАтФАтФАтФАтФАтФАтФАтФАтФАтФАтФАтФАтФАтФАтФАтФАтФАтФАтФАтФАтФАтФАтФАтФА
тФМтФАтФАтФАтФАтФАтФАтФАтФАтФАтФАтФАтФАтФАтФАтФАтФАтФАтФАтФАтФАтФАтФАтФАтФАтФАтФАтФАтФАтФАтФАтФАтФАтФАтФАтФАтФАтФАтФАтФАтФАтФАтФАтФАтФАтФАтФАтФАтФАтФАтФАтФАтФАтФАтФАтФАтФАтФАтФАтФАтФАтФАтФАтФАтФАтФАтФАтФАтФАтФАтФАтФАтФАтФАтФАтФАтФАтФАтФАтФАтФАтФАтФАтФАтФАтФАтФАтФАтФАтФАтФАтФАтФАтФАтФАтФАтФАтФАтФАтФАтФАтФАтФАтФАтФАтФАтФАтФАтФАтФАтФАтФАтФАтФАтФАтФАтФАтФАтФАтФА
тФВ #0   TestService._completeMultiFactorTest.<anonymous closure> (package:psycho_tests/services/test_service.dart:183:17)
тФВ #1   _LinkedHashMapMixin.forEach (dart:_compact_hash:764:13)
тФЬтФДтФДтФДтФДтФДтФДтФДтФДтФДтФДтФДтФДтФДтФДтФДтФДтФДтФДтФДтФДтФДтФДтФДтФДтФДтФДтФДтФДтФДтФДтФДтФДтФДтФДтФДтФДтФДтФДтФДтФДтФДтФДтФДтФДтФДтФДтФДтФДтФДтФДтФДтФДтФДтФДтФДтФДтФДтФДтФДтФДтФДтФДтФДтФДтФДтФДтФДтФДтФДтФДтФДтФДтФДтФДтФДтФДтФДтФДтФДтФДтФДтФДтФДтФДтФДтФДтФДтФДтФДтФДтФДтФДтФДтФДтФДтФДтФДтФДтФДтФДтФДтФДтФДтФДтФДтФДтФДтФДтФДтФДтФДтФДтФДтФДтФДтФДтФДтФДтФД
тФВ ЁЯРЫ   - Scale compassion: 1 questions
тФФтФАтФАтФАтФАтФАтФАтФАтФАтФАтФАтФАтФАтФАтФАтФАтФАтФАтФАтФАтФАтФАтФАтФАтФАтФАтФАтФАтФАтФАтФАтФАтФАтФАтФАтФАтФАтФАтФАтФАтФАтФАтФАтФАтФАтФАтФАтФАтФАтФАтФАтФАтФАтФАтФАтФАтФАтФАтФАтФАтФАтФАтФАтФАтФАтФАтФАтФАтФАтФАтФАтФАтФАтФАтФАтФАтФАтФАтФАтФАтФАтФАтФАтФАтФАтФАтФАтФАтФАтФАтФАтФАтФАтФАтФАтФАтФАтФАтФАтФАтФАтФАтФАтФАтФАтФАтФАтФАтФАтФАтФАтФАтФАтФАтФАтФАтФАтФАтФАтФА
тФМтФАтФАтФАтФАтФАтФАтФАтФАтФАтФАтФАтФАтФАтФАтФАтФАтФАтФАтФАтФАтФАтФАтФАтФАтФАтФАтФАтФАтФАтФАтФАтФАтФАтФАтФАтФАтФАтФАтФАтФАтФАтФАтФАтФАтФАтФАтФАтФАтФАтФАтФАтФАтФАтФАтФАтФАтФАтФАтФАтФАтФАтФАтФАтФАтФАтФАтФАтФАтФАтФАтФАтФАтФАтФАтФАтФАтФАтФАтФАтФАтФАтФАтФАтФАтФАтФАтФАтФАтФАтФАтФАтФАтФАтФАтФАтФАтФАтФАтФАтФАтФАтФАтФАтФАтФАтФАтФАтФАтФАтФАтФАтФАтФАтФАтФАтФАтФАтФАтФА
тФВ #0   TestService._completeMultiFactorTest.<anonymous closure> (package:psycho_tests/services/test_service.dart:183:17)
тФВ #1   _LinkedHashMapMixin.forEach (dart:_compact_hash:764:13)
тФЬтФДтФДтФДтФДтФДтФДтФДтФДтФДтФДтФДтФДтФДтФДтФДтФДтФДтФДтФДтФДтФДтФДтФДтФДтФДтФДтФДтФДтФДтФДтФДтФДтФДтФДтФДтФДтФДтФДтФДтФДтФДтФДтФДтФДтФДтФДтФДтФДтФДтФДтФДтФДтФДтФДтФДтФДтФДтФДтФДтФДтФДтФДтФДтФДтФДтФДтФДтФДтФДтФДтФДтФДтФДтФДтФДтФДтФДтФДтФДтФДтФДтФДтФДтФДтФДтФДтФДтФДтФДтФДтФДтФДтФДтФДтФДтФДтФДтФДтФДтФДтФДтФДтФДтФДтФДтФДтФДтФДтФДтФДтФДтФДтФДтФДтФДтФДтФДтФДтФД
тФВ ЁЯРЫ   - Scale tender_mindedness: 1 questions
тФФтФАтФАтФАтФАтФАтФАтФАтФАтФАтФАтФАтФАтФАтФАтФАтФАтФАтФАтФАтФАтФАтФАтФАтФАтФАтФАтФАтФАтФАтФАтФАтФАтФАтФАтФАтФАтФАтФАтФАтФАтФАтФАтФАтФАтФАтФАтФАтФАтФАтФАтФАтФАтФАтФАтФАтФАтФАтФАтФАтФАтФАтФАтФАтФАтФАтФАтФАтФАтФАтФАтФАтФАтФАтФАтФАтФАтФАтФАтФАтФАтФАтФАтФАтФАтФАтФАтФАтФАтФАтФАтФАтФАтФАтФАтФАтФАтФАтФАтФАтФАтФАтФАтФАтФАтФАтФАтФАтФАтФАтФАтФАтФАтФАтФАтФАтФАтФАтФАтФА
тФМтФАтФАтФАтФАтФАтФАтФАтФАтФАтФАтФАтФАтФАтФАтФАтФАтФАтФАтФАтФАтФАтФАтФАтФАтФАтФАтФАтФАтФАтФАтФАтФАтФАтФАтФАтФАтФАтФАтФАтФАтФАтФАтФАтФАтФАтФАтФАтФАтФАтФАтФАтФАтФАтФАтФАтФАтФАтФАтФАтФАтФАтФАтФАтФАтФАтФАтФАтФАтФАтФАтФАтФАтФАтФАтФАтФАтФАтФАтФАтФАтФАтФАтФАтФАтФАтФАтФАтФАтФАтФАтФАтФАтФАтФАтФАтФАтФАтФАтФАтФАтФАтФАтФАтФАтФАтФАтФАтФАтФАтФАтФАтФАтФАтФАтФАтФАтФАтФАтФА
тФВ #0   TestService._completeMultiFactorTest.<anonymous closure> (package:psycho_tests/services/test_service.dart:183:17)
тФВ #1   _LinkedHashMapMixin.forEach (dart:_compact_hash:764:13)
тФЬтФДтФДтФДтФДтФДтФДтФДтФДтФДтФДтФДтФДтФДтФДтФДтФДтФДтФДтФДтФДтФДтФДтФДтФДтФДтФДтФДтФДтФДтФДтФДтФДтФДтФДтФДтФДтФДтФДтФДтФДтФДтФДтФДтФДтФДтФДтФДтФДтФДтФДтФДтФДтФДтФДтФДтФДтФДтФДтФДтФДтФДтФДтФДтФДтФДтФДтФДтФДтФДтФДтФДтФДтФДтФДтФДтФДтФДтФДтФДтФДтФДтФДтФДтФДтФДтФДтФДтФДтФДтФДтФДтФДтФДтФДтФДтФДтФДтФДтФДтФДтФДтФДтФДтФДтФДтФДтФДтФДтФДтФДтФДтФДтФДтФДтФДтФДтФДтФДтФД
тФВ ЁЯРЫ   - Scale emotional_intelligence: 1 questions
тФФтФАтФАтФАтФАтФАтФАтФАтФАтФАтФАтФАтФАтФАтФАтФАтФАтФАтФАтФАтФАтФАтФАтФАтФАтФАтФАтФАтФАтФАтФАтФАтФАтФАтФАтФАтФАтФАтФАтФАтФАтФАтФАтФАтФАтФАтФАтФАтФАтФАтФАтФАтФАтФАтФАтФАтФАтФАтФАтФАтФАтФАтФАтФАтФАтФАтФАтФАтФАтФАтФАтФАтФАтФАтФАтФАтФАтФАтФАтФАтФАтФАтФАтФАтФАтФАтФАтФАтФАтФАтФАтФАтФАтФАтФАтФАтФАтФАтФАтФАтФАтФАтФАтФАтФАтФАтФАтФАтФАтФАтФАтФАтФАтФАтФАтФАтФАтФАтФАтФА
тФМтФАтФАтФАтФАтФАтФАтФАтФАтФАтФАтФАтФАтФАтФАтФАтФАтФАтФАтФАтФАтФАтФАтФАтФАтФАтФАтФАтФАтФАтФАтФАтФАтФАтФАтФАтФАтФАтФАтФАтФАтФАтФАтФАтФАтФАтФАтФАтФАтФАтФАтФАтФАтФАтФАтФАтФАтФАтФАтФАтФАтФАтФАтФАтФАтФАтФАтФАтФАтФАтФАтФАтФАтФАтФАтФАтФАтФАтФАтФАтФАтФАтФАтФАтФАтФАтФАтФАтФАтФАтФАтФАтФАтФАтФАтФАтФАтФАтФАтФАтФАтФАтФАтФАтФАтФАтФАтФАтФАтФАтФАтФАтФАтФАтФАтФАтФАтФАтФАтФА
тФВ #0   TestService._completeMultiFactorTest.<anonymous closure> (package:psycho_tests/services/test_service.dart:183:17)
тФВ #1   _LinkedHashMapMixin.forEach (dart:_compact_hash:764:13)
тФЬтФДтФДтФДтФДтФДтФДтФДтФДтФДтФДтФДтФДтФДтФДтФДтФДтФДтФДтФДтФДтФДтФДтФДтФДтФДтФДтФДтФДтФДтФДтФДтФДтФДтФДтФДтФДтФДтФДтФДтФДтФДтФДтФДтФДтФДтФДтФДтФДтФДтФДтФДтФДтФДтФДтФДтФДтФДтФДтФДтФДтФДтФДтФДтФДтФДтФДтФДтФДтФДтФДтФДтФДтФДтФДтФДтФДтФДтФДтФДтФДтФДтФДтФДтФДтФДтФДтФДтФДтФДтФДтФДтФДтФДтФДтФДтФДтФДтФДтФДтФДтФДтФДтФДтФДтФДтФДтФДтФДтФДтФДтФДтФДтФДтФДтФДтФДтФДтФДтФД
тФВ ЁЯРЫ   - Scale trust: 1 questions
тФФтФАтФАтФАтФАтФАтФАтФАтФАтФАтФАтФАтФАтФАтФАтФАтФАтФАтФАтФАтФАтФАтФАтФАтФАтФАтФАтФАтФАтФАтФАтФАтФАтФАтФАтФАтФАтФАтФАтФАтФАтФАтФАтФАтФАтФАтФАтФАтФАтФАтФАтФАтФАтФАтФАтФАтФАтФАтФАтФАтФАтФАтФАтФАтФАтФАтФАтФАтФАтФАтФАтФАтФАтФАтФАтФАтФАтФАтФАтФАтФАтФАтФАтФАтФАтФАтФАтФАтФАтФАтФАтФАтФАтФАтФАтФАтФАтФАтФАтФАтФАтФАтФАтФАтФАтФАтФАтФАтФАтФАтФАтФАтФАтФАтФАтФАтФАтФАтФАтФА
тФМтФАтФАтФАтФАтФАтФАтФАтФАтФАтФАтФАтФАтФАтФАтФАтФАтФАтФАтФАтФАтФАтФАтФАтФАтФАтФАтФАтФАтФАтФАтФАтФАтФАтФАтФАтФАтФАтФАтФАтФАтФАтФАтФАтФАтФАтФАтФАтФАтФАтФАтФАтФАтФАтФАтФАтФАтФАтФАтФАтФАтФАтФАтФАтФАтФАтФАтФАтФАтФАтФАтФАтФАтФАтФАтФАтФАтФАтФАтФАтФАтФАтФАтФАтФАтФАтФАтФАтФАтФАтФАтФАтФАтФАтФАтФАтФАтФАтФАтФАтФАтФАтФАтФАтФАтФАтФАтФАтФАтФАтФАтФАтФАтФАтФАтФАтФАтФАтФАтФА
тФВ #0   TestService._completeMultiFactorTest.<anonymous closure> (package:psycho_tests/services/test_service.dart:183:17)
тФВ #1   _LinkedHashMapMixin.forEach (dart:_compact_hash:764:13)
тФЬтФДтФДтФДтФДтФДтФДтФДтФДтФДтФДтФДтФДтФДтФДтФДтФДтФДтФДтФДтФДтФДтФДтФДтФДтФДтФДтФДтФДтФДтФДтФДтФДтФДтФДтФДтФДтФДтФДтФДтФДтФДтФДтФДтФДтФДтФДтФДтФДтФДтФДтФДтФДтФДтФДтФДтФДтФДтФДтФДтФДтФДтФДтФДтФДтФДтФДтФДтФДтФДтФДтФДтФДтФДтФДтФДтФДтФДтФДтФДтФДтФДтФДтФДтФДтФДтФДтФДтФДтФДтФДтФДтФДтФДтФДтФДтФДтФДтФДтФДтФДтФДтФДтФДтФДтФДтФДтФДтФДтФДтФДтФДтФДтФДтФДтФДтФДтФДтФДтФД
тФВ ЁЯРЫ   - Scale altruism: 1 questions
тФФтФАтФАтФАтФАтФАтФАтФАтФАтФАтФАтФАтФАтФАтФАтФАтФАтФАтФАтФАтФАтФАтФАтФАтФАтФАтФАтФАтФАтФАтФАтФАтФАтФАтФАтФАтФАтФАтФАтФАтФАтФАтФАтФАтФАтФАтФАтФАтФАтФАтФАтФАтФАтФАтФАтФАтФАтФАтФАтФАтФАтФАтФАтФАтФАтФАтФАтФАтФАтФАтФАтФАтФАтФАтФАтФАтФАтФАтФАтФАтФАтФАтФАтФАтФАтФАтФАтФАтФАтФАтФАтФАтФАтФАтФАтФАтФАтФАтФАтФАтФАтФАтФАтФАтФАтФАтФАтФАтФАтФАтФАтФАтФАтФАтФАтФАтФАтФАтФАтФА
тФМтФАтФАтФАтФАтФАтФАтФАтФАтФАтФАтФАтФАтФАтФАтФАтФАтФАтФАтФАтФАтФАтФАтФАтФАтФАтФАтФАтФАтФАтФАтФАтФАтФАтФАтФАтФАтФАтФАтФАтФАтФАтФАтФАтФАтФАтФАтФАтФАтФАтФАтФАтФАтФАтФАтФАтФАтФАтФАтФАтФАтФАтФАтФАтФАтФАтФАтФАтФАтФАтФАтФАтФАтФАтФАтФАтФАтФАтФАтФАтФАтФАтФАтФАтФАтФАтФАтФАтФАтФАтФАтФАтФАтФАтФАтФАтФАтФАтФАтФАтФАтФАтФАтФАтФАтФАтФАтФАтФАтФАтФАтФАтФАтФАтФАтФАтФАтФАтФАтФА
тФВ #0   TestService._completeMultiFactorTest.<anonymous closure> (package:psycho_tests/services/test_service.dart:183:17)
тФВ #1   _LinkedHashMapMixin.forEach (dart:_compact_hash:764:13)
тФЬтФДтФДтФДтФДтФДтФДтФДтФДтФДтФДтФДтФДтФДтФДтФДтФДтФДтФДтФДтФДтФДтФДтФДтФДтФДтФДтФДтФДтФДтФДтФДтФДтФДтФДтФДтФДтФДтФДтФДтФДтФДтФДтФДтФДтФДтФДтФДтФДтФДтФДтФДтФДтФДтФДтФДтФДтФДтФДтФДтФДтФДтФДтФДтФДтФДтФДтФДтФДтФДтФДтФДтФДтФДтФДтФДтФДтФДтФДтФДтФДтФДтФДтФДтФДтФДтФДтФДтФДтФДтФДтФДтФДтФДтФДтФДтФДтФДтФДтФДтФДтФДтФДтФДтФДтФДтФДтФДтФДтФДтФДтФДтФДтФДтФДтФДтФДтФДтФДтФД
тФВ ЁЯРЫ   - Scale callousness: 1 questions
тФФтФАтФАтФАтФАтФАтФАтФАтФАтФАтФАтФАтФАтФАтФАтФАтФАтФАтФАтФАтФАтФАтФАтФАтФАтФАтФАтФАтФАтФАтФАтФАтФАтФАтФАтФАтФАтФАтФАтФАтФАтФАтФАтФАтФАтФАтФАтФАтФАтФАтФАтФАтФАтФАтФАтФАтФАтФАтФАтФАтФАтФАтФАтФАтФАтФАтФАтФАтФАтФАтФАтФАтФАтФАтФАтФАтФАтФАтФАтФАтФАтФАтФАтФАтФАтФАтФАтФАтФАтФАтФАтФАтФАтФАтФАтФАтФАтФАтФАтФАтФАтФАтФАтФАтФАтФАтФАтФАтФАтФАтФАтФАтФАтФАтФАтФАтФАтФАтФАтФА
тФМтФАтФАтФАтФАтФАтФАтФАтФАтФАтФАтФАтФАтФАтФАтФАтФАтФАтФАтФАтФАтФАтФАтФАтФАтФАтФАтФАтФАтФАтФАтФАтФАтФАтФАтФАтФАтФАтФАтФАтФАтФАтФАтФАтФАтФАтФАтФАтФАтФАтФАтФАтФАтФАтФАтФАтФАтФАтФАтФАтФАтФАтФАтФАтФАтФАтФАтФАтФАтФАтФАтФАтФАтФАтФАтФАтФАтФАтФАтФАтФАтФАтФАтФАтФАтФАтФАтФАтФАтФАтФАтФАтФАтФАтФАтФАтФАтФАтФАтФАтФАтФАтФАтФАтФАтФАтФАтФАтФАтФАтФАтФАтФАтФАтФАтФАтФАтФАтФАтФА
тФВ #0   TestService._completeMultiFactorTest (package:psycho_tests/services/test_service.dart:250:15)
тФВ #1   TestService.completeTest (package:psycho_tests/services/test_service.dart:59:16)
тФЬтФДтФДтФДтФДтФДтФДтФДтФДтФДтФДтФДтФДтФДтФДтФДтФДтФДтФДтФДтФДтФДтФДтФДтФДтФДтФДтФДтФДтФДтФДтФДтФДтФДтФДтФДтФДтФДтФДтФДтФДтФДтФДтФДтФДтФДтФДтФДтФДтФДтФДтФДтФДтФДтФДтФДтФДтФДтФДтФДтФДтФДтФДтФДтФДтФДтФДтФДтФДтФДтФДтФДтФДтФДтФДтФДтФДтФДтФДтФДтФДтФДтФДтФДтФДтФДтФДтФДтФДтФДтФДтФДтФДтФДтФДтФДтФДтФДтФДтФДтФДтФДтФДтФДтФДтФДтФДтФДтФДтФДтФДтФДтФДтФДтФДтФДтФДтФДтФДтФД
тФВ ЁЯРЫ Created TestResult for ipip_big_five
тФФтФАтФАтФАтФАтФАтФАтФАтФАтФАтФАтФАтФАтФАтФАтФАтФАтФАтФАтФАтФАтФАтФАтФАтФАтФАтФАтФАтФАтФАтФАтФАтФАтФАтФАтФАтФАтФАтФАтФАтФАтФАтФАтФАтФАтФАтФАтФАтФАтФАтФАтФАтФАтФАтФАтФАтФАтФАтФАтФАтФАтФАтФАтФАтФАтФАтФАтФАтФАтФАтФАтФАтФАтФАтФАтФАтФАтФАтФАтФАтФАтФАтФАтФАтФАтФАтФАтФАтФАтФАтФАтФАтФАтФАтФАтФАтФАтФАтФАтФАтФАтФАтФАтФАтФАтФАтФАтФАтФАтФАтФАтФАтФАтФАтФАтФАтФАтФАтФАтФА
тФМтФАтФАтФАтФАтФАтФАтФАтФАтФАтФАтФАтФАтФАтФАтФАтФАтФАтФАтФАтФАтФАтФАтФАтФАтФАтФАтФАтФАтФАтФАтФАтФАтФАтФАтФАтФАтФАтФАтФАтФАтФАтФАтФАтФАтФАтФАтФАтФАтФАтФАтФАтФАтФАтФАтФАтФАтФАтФАтФАтФАтФАтФАтФАтФАтФАтФАтФАтФАтФАтФАтФАтФАтФАтФАтФАтФАтФАтФАтФАтФАтФАтФАтФАтФАтФАтФАтФАтФАтФАтФАтФАтФАтФАтФАтФАтФАтФАтФАтФАтФАтФАтФАтФАтФАтФАтФАтФАтФАтФАтФАтФАтФАтФАтФАтФАтФАтФАтФАтФА
тФВ #0   TestService._completeMultiFactorTest (package:psycho_tests/services/test_service.dart:251:15)
тФВ #1   TestService.completeTest (package:psycho_tests/services/test_service.dart:59:16)
тФЬтФДтФДтФДтФДтФДтФДтФДтФДтФДтФДтФДтФДтФДтФДтФДтФДтФДтФДтФДтФДтФДтФДтФДтФДтФДтФДтФДтФДтФДтФДтФДтФДтФДтФДтФДтФДтФДтФДтФДтФДтФДтФДтФДтФДтФДтФДтФДтФДтФДтФДтФДтФДтФДтФДтФДтФДтФДтФДтФДтФДтФДтФДтФДтФДтФДтФДтФДтФДтФДтФДтФДтФДтФДтФДтФДтФДтФДтФДтФДтФДтФДтФДтФДтФДтФДтФДтФДтФДтФДтФДтФДтФДтФДтФДтФДтФДтФДтФДтФДтФДтФДтФДтФДтФДтФДтФДтФДтФДтФДтФДтФДтФДтФДтФДтФДтФДтФДтФДтФД
тФВ ЁЯРЫ   - questionContributions is not null (15 scales)
тФФтФАтФАтФАтФАтФАтФАтФАтФАтФАтФАтФАтФАтФАтФАтФАтФАтФАтФАтФАтФАтФАтФАтФАтФАтФАтФАтФАтФАтФАтФАтФАтФАтФАтФАтФАтФАтФАтФАтФАтФАтФАтФАтФАтФАтФАтФАтФАтФАтФАтФАтФАтФАтФАтФАтФАтФАтФАтФАтФАтФАтФАтФАтФАтФАтФАтФАтФАтФАтФАтФАтФАтФАтФАтФАтФАтФАтФАтФАтФАтФАтФАтФАтФАтФАтФАтФАтФАтФАтФАтФАтФАтФАтФАтФАтФАтФАтФАтФАтФАтФАтФАтФАтФАтФАтФАтФАтФАтФАтФАтФАтФАтФАтФАтФАтФАтФАтФАтФАтФА
00:00 +10 -6: D:/Work/psycho_app/0.0.1.x_dev/test/summary_test.dart: SummaryCalculator Tests should generate localized text
00:00 +10 -7: D:/Work/psycho_app/0.0.1.x_dev/test/services/test_service_test.dart: completeTest() - Multi-Factor Tests calculates Fisher Temperament scores correctly
00:00 +10 -7: D:/Work/psycho_app/0.0.1.x_dev/test/summary_test.dart: SummaryCalculator Tests should generate localized text [E]
  Expected: contains '╤Г ╨▓╨░╤Б'
    Actual: '╨Т╤Л ╤Ж╨╡╨╜╨╕╤В╨╡ ╨│╨╗╤Г╨▒╨╛╨║╨╕╨╡ ╤Б╨▓╤П╨╖╨╕ ╤Б ╨▒╨╗╨╕╨╖╨║╨╕╨╝╨╕ ╨╗╤О╨┤╤М╨╝╨╕ ╨▒╨╛╨╗╤М╤И╨╡, ╤З╨╡╨╝ ╤И╨╕╤А╨╛╨║╨╕╨╣ ╨║╤А╤Г╨│ ╨╖╨╜╨░╨║╨╛╨╝╤Б╤В╨▓ тАФ ╨┐╤А╨╡╨┤╨┐╨╛╤З╨╕╤В╨░╨╡╤В╨╡ ╨║╨░╤З╨╡╤Б╤В╨▓╨╛ ╨╛╨▒╤Й╨╡╨╜╨╕╤П ╨║╨╛╨╗╨╕╤З╨╡╤Б╤В╨▓╤Г. ╨Т╤Л ╤Ж╨╡╨╜╨╕╤В╨╡ ╨┐╤А╨╛╨▓╨╡╤А╨╡╨╜╨╜╤Л╨╡ ╨┐╨╛╨┤╤Е╨╛╨┤╤Л ╨╕ ╤Б╤В╨░╨▒╨╕╨╗╤М╨╜╨╛╤Б╤В╤М тАФ ╨┐╤А╨╡╨┤╨┐╨╛╤З╨╕╤В╨░╨╡╤В╨╡ ╨╜╨░╨┤╤С╨╢╨╜╨╛╤Б╤В╤М ╤Н╨║╤Б╨┐╨╡╤А╨╕╨╝╨╡╨╜╤В╨░╨╝, ╤З╤В╨╛ ╨┐╨╛╨╝╨╛╨│╨░╨╡╤В ╨▓╨░╨╝ ╨▒╤Л╤В╤М ╨┐╨╛╤Б╨╗╨╡╨┤╨╛╨▓╨░╤В╨╡╨╗╤М╨╜╤Л╨╝. ╨Я╤А╨╛╨╣╨┤╨╕╤В╨╡ ╨▒╨╛╨╗╤М╤И╨╡ ╤В╨╡╤Б╤В╨╛╨▓ ╨┤╨╗╤П ╨▒╨╛╨╗╨╡╨╡ ╤В╨╛╤З╨╜╨╛╨│╨╛ ╨┐╤А╨╛╤Д╨╕╨╗╤П!'
     Which: does not contain '╤Г ╨▓╨░╤Б'
  
  package:matcher                                     expect
  package:flutter_test/src/widget_tester.dart 473:18  expect
  test\summary_test.dart 214:7                        main.<fn>.<fn>
  
00:00 +10 -7: D:/Work/psycho_app/0.0.1.x_dev/test/services/test_service_test.dart: completeTest() - Multi-Factor Tests calculates Fisher Temperament scores correctly
тФМтФАтФАтФАтФАтФАтФАтФАтФАтФАтФАтФАтФАтФАтФАтФАтФАтФАтФАтФАтФАтФАтФАтФАтФАтФАтФАтФАтФАтФАтФАтФАтФАтФАтФАтФАтФАтФАтФАтФАтФАтФАтФАтФАтФАтФАтФАтФАтФАтФАтФАтФАтФАтФАтФАтФАтФАтФАтФАтФАтФАтФАтФАтФАтФАтФАтФАтФАтФАтФАтФАтФАтФАтФАтФАтФАтФАтФАтФАтФАтФАтФАтФАтФАтФАтФАтФАтФАтФАтФАтФАтФАтФАтФАтФАтФАтФАтФАтФАтФАтФАтФАтФАтФАтФАтФАтФАтФАтФАтФАтФАтФАтФАтФАтФАтФАтФАтФАтФАтФА
тФВ #0   TestService.completeTest (package:psycho_tests/services/test_service.dart:43:15)
тФВ #1   main.<anonymous closure>.<anonymous closure> (file:///D:/Work/psycho_app/0.0.1.x_dev/test/services/test_service_test.dart:172:40)
тФЬтФДтФДтФДтФДтФДтФДтФДтФДтФДтФДтФДтФДтФДтФДтФДтФДтФДтФДтФДтФДтФДтФДтФДтФДтФДтФДтФДтФДтФДтФДтФДтФДтФДтФДтФДтФДтФДтФДтФДтФДтФДтФДтФДтФДтФДтФДтФДтФДтФДтФДтФДтФДтФДтФДтФДтФДтФДтФДтФДтФДтФДтФДтФДтФДтФДтФДтФДтФДтФДтФДтФДтФДтФДтФДтФДтФДтФДтФДтФДтФДтФДтФДтФДтФДтФДтФДтФДтФДтФДтФДтФДтФДтФДтФДтФДтФДтФДтФДтФДтФДтФДтФДтФДтФДтФДтФДтФДтФДтФДтФДтФДтФДтФДтФДтФДтФДтФДтФДтФД
тФВ ЁЯРЫ ===== completeTest() CALLED =====
тФФтФАтФАтФАтФАтФАтФАтФАтФАтФАтФАтФАтФАтФАтФАтФАтФАтФАтФАтФАтФАтФАтФАтФАтФАтФАтФАтФАтФАтФАтФАтФАтФАтФАтФАтФАтФАтФАтФАтФАтФАтФАтФАтФАтФАтФАтФАтФАтФАтФАтФАтФАтФАтФАтФАтФАтФАтФАтФАтФАтФАтФАтФАтФАтФАтФАтФАтФАтФАтФАтФАтФАтФАтФАтФАтФАтФАтФАтФАтФАтФАтФАтФАтФАтФАтФАтФАтФАтФАтФАтФАтФАтФАтФАтФАтФАтФАтФАтФАтФАтФАтФАтФАтФАтФАтФАтФАтФАтФАтФАтФАтФАтФАтФАтФАтФАтФАтФАтФАтФА
тФМтФАтФАтФАтФАтФАтФАтФАтФАтФАтФАтФАтФАтФАтФАтФАтФАтФАтФАтФАтФАтФАтФАтФАтФАтФАтФАтФАтФАтФАтФАтФАтФАтФАтФАтФАтФАтФАтФАтФАтФАтФАтФАтФАтФАтФАтФАтФАтФАтФАтФАтФАтФАтФАтФАтФАтФАтФАтФАтФАтФАтФАтФАтФАтФАтФАтФАтФАтФАтФАтФАтФАтФАтФАтФАтФАтФАтФАтФАтФАтФАтФАтФАтФАтФАтФАтФАтФАтФАтФАтФАтФАтФАтФАтФАтФАтФАтФАтФАтФАтФАтФАтФАтФАтФАтФАтФАтФАтФАтФАтФАтФАтФАтФАтФАтФАтФАтФАтФАтФА
тФВ #0   TestService.completeTest (package:psycho_tests/services/test_service.dart:44:15)
тФВ #1   main.<anonymous closure>.<anonymous closure> (file:///D:/Work/psycho_app/0.0.1.x_dev/test/services/test_service_test.dart:172:40)
тФЬтФДтФДтФДтФДтФДтФДтФДтФДтФДтФДтФДтФДтФДтФДтФДтФДтФДтФДтФДтФДтФДтФДтФДтФДтФДтФДтФДтФДтФДтФДтФДтФДтФДтФДтФДтФДтФДтФДтФДтФДтФДтФДтФДтФДтФДтФДтФДтФДтФДтФДтФДтФДтФДтФДтФДтФДтФДтФДтФДтФДтФДтФДтФДтФДтФДтФДтФДтФДтФДтФДтФДтФДтФДтФДтФДтФДтФДтФДтФДтФДтФДтФДтФДтФДтФДтФДтФДтФДтФДтФДтФДтФДтФДтФДтФДтФДтФДтФДтФДтФДтФДтФДтФДтФДтФДтФДтФДтФДтФДтФДтФДтФДтФДтФДтФДтФДтФДтФДтФД
тФВ ЁЯРЫ testId: fisher_temperament
тФФтФАтФАтФАтФАтФАтФАтФАтФАтФАтФАтФАтФАтФАтФАтФАтФАтФАтФАтФАтФАтФАтФАтФАтФАтФАтФАтФАтФАтФАтФАтФАтФАтФАтФАтФАтФАтФАтФАтФАтФАтФАтФАтФАтФАтФАтФАтФАтФАтФАтФАтФАтФАтФАтФАтФАтФАтФАтФАтФАтФАтФАтФАтФАтФАтФАтФАтФАтФАтФАтФАтФАтФАтФАтФАтФАтФАтФАтФАтФАтФАтФАтФАтФАтФАтФАтФАтФАтФАтФАтФАтФАтФАтФАтФАтФАтФАтФАтФАтФАтФАтФАтФАтФАтФАтФАтФАтФАтФАтФАтФАтФАтФАтФАтФАтФАтФАтФАтФАтФА
тФМтФАтФАтФАтФАтФАтФАтФАтФАтФАтФАтФАтФАтФАтФАтФАтФАтФАтФАтФАтФАтФАтФАтФАтФАтФАтФАтФАтФАтФАтФАтФАтФАтФАтФАтФАтФАтФАтФАтФАтФАтФАтФАтФАтФАтФАтФАтФАтФАтФАтФАтФАтФАтФАтФАтФАтФАтФАтФАтФАтФАтФАтФАтФАтФАтФАтФАтФАтФАтФАтФАтФАтФАтФАтФАтФАтФАтФАтФАтФАтФАтФАтФАтФАтФАтФАтФАтФАтФАтФАтФАтФАтФАтФАтФАтФАтФАтФАтФАтФАтФАтФАтФАтФАтФАтФАтФАтФАтФАтФАтФАтФАтФАтФАтФАтФАтФАтФАтФАтФА
тФВ #0   TestService.completeTest (package:psycho_tests/services/test_service.dart:45:15)
тФВ #1   main.<anonymous closure>.<anonymous closure> (file:///D:/Work/psycho_app/0.0.1.x_dev/test/services/test_service_test.dart:172:40)
тФЬтФДтФДтФДтФДтФДтФДтФДтФДтФДтФДтФДтФДтФДтФДтФДтФДтФДтФДтФДтФДтФДтФДтФДтФДтФДтФДтФДтФДтФДтФДтФДтФДтФДтФДтФДтФДтФДтФДтФДтФДтФДтФДтФДтФДтФДтФДтФДтФДтФДтФДтФДтФДтФДтФДтФДтФДтФДтФДтФДтФДтФДтФДтФДтФДтФДтФДтФДтФДтФДтФДтФДтФДтФДтФДтФДтФДтФДтФДтФДтФДтФДтФДтФДтФДтФДтФДтФДтФДтФДтФДтФДтФДтФДтФДтФДтФДтФДтФДтФДтФДтФДтФДтФДтФДтФДтФДтФДтФДтФДтФДтФДтФДтФДтФДтФДтФДтФДтФДтФД
тФВ ЁЯРЫ type: TestType.multiFactor
тФФтФАтФАтФАтФАтФАтФАтФАтФАтФАтФАтФАтФАтФАтФАтФАтФАтФАтФАтФАтФАтФАтФАтФАтФАтФАтФАтФАтФАтФАтФАтФАтФАтФАтФАтФАтФАтФАтФАтФАтФАтФАтФАтФАтФАтФАтФАтФАтФАтФАтФАтФАтФАтФАтФАтФАтФАтФАтФАтФАтФАтФАтФАтФАтФАтФАтФАтФАтФАтФАтФАтФАтФАтФАтФАтФАтФАтФАтФАтФАтФАтФАтФАтФАтФАтФАтФАтФАтФАтФАтФАтФАтФАтФАтФАтФАтФАтФАтФАтФАтФАтФАтФАтФАтФАтФАтФАтФАтФАтФАтФАтФАтФАтФАтФАтФАтФАтФАтФАтФА
тФМтФАтФАтФАтФАтФАтФАтФАтФАтФАтФАтФАтФАтФАтФАтФАтФАтФАтФАтФАтФАтФАтФАтФАтФАтФАтФАтФАтФАтФАтФАтФАтФАтФАтФАтФАтФАтФАтФАтФАтФАтФАтФАтФАтФАтФАтФАтФАтФАтФАтФАтФАтФАтФАтФАтФАтФАтФАтФАтФАтФАтФАтФАтФАтФАтФАтФАтФАтФАтФАтФАтФАтФАтФАтФАтФАтФАтФАтФАтФАтФАтФАтФАтФАтФАтФАтФАтФАтФАтФАтФАтФАтФАтФАтФАтФАтФАтФАтФАтФАтФАтФАтФАтФАтФАтФАтФАтФАтФАтФАтФАтФАтФАтФАтФАтФАтФАтФАтФАтФА
тФВ #0   TestService.completeTest (package:psycho_tests/services/test_service.dart:46:15)
тФВ #1   main.<anonymous closure>.<anonymous closure> (file:///D:/Work/psycho_app/0.0.1.x_dev/test/services/test_service_test.dart:172:40)
тФЬтФДтФДтФДтФДтФДтФДтФДтФДтФДтФДтФДтФДтФДтФДтФДтФДтФДтФДтФДтФДтФДтФДтФДтФДтФДтФДтФДтФДтФДтФДтФДтФДтФДтФДтФДтФДтФДтФДтФДтФДтФДтФДтФДтФДтФДтФДтФДтФДтФДтФДтФДтФДтФДтФДтФДтФДтФДтФДтФДтФДтФДтФДтФДтФДтФДтФДтФДтФДтФДтФДтФДтФДтФДтФДтФДтФДтФДтФДтФДтФДтФДтФДтФДтФДтФДтФДтФДтФДтФДтФДтФДтФДтФДтФДтФДтФДтФДтФДтФДтФДтФДтФДтФДтФДтФДтФДтФДтФДтФДтФДтФДтФДтФДтФДтФДтФДтФДтФДтФД
тФВ ЁЯРЫ isBipolar: false
тФФтФАтФАтФАтФАтФАтФАтФАтФАтФАтФАтФАтФАтФАтФАтФАтФАтФАтФАтФАтФАтФАтФАтФАтФАтФАтФАтФАтФАтФАтФАтФАтФАтФАтФАтФАтФАтФАтФАтФАтФАтФАтФАтФАтФАтФАтФАтФАтФАтФАтФАтФАтФАтФАтФАтФАтФАтФАтФАтФАтФАтФАтФАтФАтФАтФАтФАтФАтФАтФАтФАтФАтФАтФАтФАтФАтФАтФАтФАтФАтФАтФАтФАтФАтФАтФАтФАтФАтФАтФАтФАтФАтФАтФАтФАтФАтФАтФАтФАтФАтФАтФАтФАтФАтФАтФАтФАтФАтФАтФАтФАтФАтФАтФАтФАтФАтФАтФАтФАтФА
тФМтФАтФАтФАтФАтФАтФАтФАтФАтФАтФАтФАтФАтФАтФАтФАтФАтФАтФАтФАтФАтФАтФАтФАтФАтФАтФАтФАтФАтФАтФАтФАтФАтФАтФАтФАтФАтФАтФАтФАтФАтФАтФАтФАтФАтФАтФАтФАтФАтФАтФАтФАтФАтФАтФАтФАтФАтФАтФАтФАтФАтФАтФАтФАтФАтФАтФАтФАтФАтФАтФАтФАтФАтФАтФАтФАтФАтФАтФАтФАтФАтФАтФАтФАтФАтФАтФАтФАтФАтФАтФАтФАтФАтФАтФАтФАтФАтФАтФАтФАтФАтФАтФАтФАтФАтФАтФАтФАтФАтФАтФАтФАтФАтФАтФАтФАтФАтФАтФАтФА
тФВ #0   TestService.completeTest (package:psycho_tests/services/test_service.dart:47:15)
тФВ #1   main.<anonymous closure>.<anonymous closure> (file:///D:/Work/psycho_app/0.0.1.x_dev/test/services/test_service_test.dart:172:40)
тФЬтФДтФДтФДтФДтФДтФДтФДтФДтФДтФДтФДтФДтФДтФДтФДтФДтФДтФДтФДтФДтФДтФДтФДтФДтФДтФДтФДтФДтФДтФДтФДтФДтФДтФДтФДтФДтФДтФДтФДтФДтФДтФДтФДтФДтФДтФДтФДтФДтФДтФДтФДтФДтФДтФДтФДтФДтФДтФДтФДтФДтФДтФДтФДтФДтФДтФДтФДтФДтФДтФДтФДтФДтФДтФДтФДтФДтФДтФДтФДтФДтФДтФДтФДтФДтФДтФДтФДтФДтФДтФДтФДтФДтФДтФДтФДтФДтФДтФДтФДтФДтФДтФДтФДтФДтФДтФДтФДтФДтФДтФДтФДтФДтФДтФДтФДтФДтФДтФДтФД
тФВ ЁЯРЫ bipolarDimensions: null
тФФтФАтФАтФАтФАтФАтФАтФАтФАтФАтФАтФАтФАтФАтФАтФАтФАтФАтФАтФАтФАтФАтФАтФАтФАтФАтФАтФАтФАтФАтФАтФАтФАтФАтФАтФАтФАтФАтФАтФАтФАтФАтФАтФАтФАтФАтФАтФАтФАтФАтФАтФАтФАтФАтФАтФАтФАтФАтФАтФАтФАтФАтФАтФАтФАтФАтФАтФАтФАтФАтФАтФАтФАтФАтФАтФАтФАтФАтФАтФАтФАтФАтФАтФАтФАтФАтФАтФАтФАтФАтФАтФАтФАтФАтФАтФАтФАтФАтФАтФАтФАтФАтФАтФАтФАтФАтФАтФАтФАтФАтФАтФАтФАтФАтФАтФАтФАтФАтФАтФА
тФМтФАтФАтФАтФАтФАтФАтФАтФАтФАтФАтФАтФАтФАтФАтФАтФАтФАтФАтФАтФАтФАтФАтФАтФАтФАтФАтФАтФАтФАтФАтФАтФАтФАтФАтФАтФАтФАтФАтФАтФАтФАтФАтФАтФАтФАтФАтФАтФАтФАтФАтФАтФАтФАтФАтФАтФАтФАтФАтФАтФАтФАтФАтФАтФАтФАтФАтФАтФАтФАтФАтФАтФАтФАтФАтФАтФАтФАтФАтФАтФАтФАтФАтФАтФАтФАтФАтФАтФАтФАтФАтФАтФАтФАтФАтФАтФАтФАтФАтФАтФАтФАтФАтФАтФАтФАтФАтФАтФАтФАтФАтФАтФАтФАтФАтФАтФАтФАтФАтФА
тФВ #0   TestService.completeTest (package:psycho_tests/services/test_service.dart:51:17)
тФВ #1   main.<anonymous closure>.<anonymous closure> (file:///D:/Work/psycho_app/0.0.1.x_dev/test/services/test_service_test.dart:172:40)
тФЬтФДтФДтФДтФДтФДтФДтФДтФДтФДтФДтФДтФДтФДтФДтФДтФДтФДтФДтФДтФДтФДтФДтФДтФДтФДтФДтФДтФДтФДтФДтФДтФДтФДтФДтФДтФДтФДтФДтФДтФДтФДтФДтФДтФДтФДтФДтФДтФДтФДтФДтФДтФДтФДтФДтФДтФДтФДтФДтФДтФДтФДтФДтФДтФДтФДтФДтФДтФДтФДтФДтФДтФДтФДтФДтФДтФДтФДтФДтФДтФДтФДтФДтФДтФДтФДтФДтФДтФДтФДтФДтФДтФДтФДтФДтФДтФДтФДтФДтФДтФДтФДтФДтФДтФДтФДтФДтФДтФДтФДтФДтФДтФДтФДтФДтФДтФДтФДтФДтФД
тФВ ЁЯРЫ Multi-factor test detected
тФФтФАтФАтФАтФАтФАтФАтФАтФАтФАтФАтФАтФАтФАтФАтФАтФАтФАтФАтФАтФАтФАтФАтФАтФАтФАтФАтФАтФАтФАтФАтФАтФАтФАтФАтФАтФАтФАтФАтФАтФАтФАтФАтФАтФАтФАтФАтФАтФАтФАтФАтФАтФАтФАтФАтФАтФАтФАтФАтФАтФАтФАтФАтФАтФАтФАтФАтФАтФАтФАтФАтФАтФАтФАтФАтФАтФАтФАтФАтФАтФАтФАтФАтФАтФАтФАтФАтФАтФАтФАтФАтФАтФАтФАтФАтФАтФАтФАтФАтФАтФАтФАтФАтФАтФАтФАтФАтФАтФАтФАтФАтФАтФАтФАтФАтФАтФАтФАтФАтФА
тФМтФАтФАтФАтФАтФАтФАтФАтФАтФАтФАтФАтФАтФАтФАтФАтФАтФАтФАтФАтФАтФАтФАтФАтФАтФАтФАтФАтФАтФАтФАтФАтФАтФАтФАтФАтФАтФАтФАтФАтФАтФАтФАтФАтФАтФАтФАтФАтФАтФАтФАтФАтФАтФАтФАтФАтФАтФАтФАтФАтФАтФАтФАтФАтФАтФАтФАтФАтФАтФАтФАтФАтФАтФАтФАтФАтФАтФАтФАтФАтФАтФАтФАтФАтФАтФАтФАтФАтФАтФАтФАтФАтФАтФАтФАтФАтФАтФАтФАтФАтФАтФАтФАтФАтФАтФАтФАтФАтФАтФАтФАтФАтФАтФАтФАтФАтФАтФАтФАтФА
тФВ #0   TestService.completeTest (package:psycho_tests/services/test_service.dart:57:19)
тФВ #1   main.<anonymous closure>.<anonymous closure> (file:///D:/Work/psycho_app/0.0.1.x_dev/test/services/test_service_test.dart:172:40)
тФЬтФДтФДтФДтФДтФДтФДтФДтФДтФДтФДтФДтФДтФДтФДтФДтФДтФДтФДтФДтФДтФДтФДтФДтФДтФДтФДтФДтФДтФДтФДтФДтФДтФДтФДтФДтФДтФДтФДтФДтФДтФДтФДтФДтФДтФДтФДтФДтФДтФДтФДтФДтФДтФДтФДтФДтФДтФДтФДтФДтФДтФДтФДтФДтФДтФДтФДтФДтФДтФДтФДтФДтФДтФДтФДтФДтФДтФДтФДтФДтФДтФДтФДтФДтФДтФДтФДтФДтФДтФДтФДтФДтФДтФДтФДтФДтФДтФДтФДтФДтФДтФДтФДтФДтФДтФДтФДтФДтФДтФДтФДтФДтФДтФДтФДтФДтФДтФДтФДтФД
тФВ ЁЯРЫ Calling _completeMultiFactorTest()
тФФтФАтФАтФАтФАтФАтФАтФАтФАтФАтФАтФАтФАтФАтФАтФАтФАтФАтФАтФАтФАтФАтФАтФАтФАтФАтФАтФАтФАтФАтФАтФАтФАтФАтФАтФАтФАтФАтФАтФАтФАтФАтФАтФАтФАтФАтФАтФАтФАтФАтФАтФАтФАтФАтФАтФАтФАтФАтФАтФАтФАтФАтФАтФАтФАтФАтФАтФАтФАтФАтФАтФАтФАтФАтФАтФАтФАтФАтФАтФАтФАтФАтФАтФАтФАтФАтФАтФАтФАтФАтФАтФАтФАтФАтФАтФАтФАтФАтФАтФАтФАтФАтФАтФАтФАтФАтФАтФАтФАтФАтФАтФАтФАтФАтФАтФАтФАтФАтФАтФА
00:00 +10 -8: D:/Work/psycho_app/0.0.1.x_dev/test/summary_test.dart: SummaryCalculator Tests should serialize and deserialize correctly
00:00 +10 -8: D:/Work/psycho_app/0.0.1.x_dev/test/services/test_service_test.dart: completeTest() - Multi-Factor Tests calculates Fisher Temperament scores correctly [E]
  Bad state: No element
  dart:collection                                        ListBase.firstWhere
  package:psycho_tests/services/test_service.dart 92:49  TestService._completeMultiFactorTest
  package:psycho_tests/services/test_service.dart 59:16  TestService.completeTest
  test\services\test_service_test.dart 172:40            main.<fn>.<fn>
  
00:00 +11 -8: D:/Work/psycho_app/0.0.1.x_dev/test/services/test_service_test.dart: completeTest() - Multi-Factor Tests calculates Love Profile scores with reversed questions
тФМтФАтФАтФАтФАтФАтФАтФАтФАтФАтФАтФАтФАтФАтФАтФАтФАтФАтФАтФАтФАтФАтФАтФАтФАтФАтФАтФАтФАтФАтФАтФАтФАтФАтФАтФАтФАтФАтФАтФАтФАтФАтФАтФАтФАтФАтФАтФАтФАтФАтФАтФАтФАтФАтФАтФАтФАтФАтФАтФАтФАтФАтФАтФАтФАтФАтФАтФАтФАтФАтФАтФАтФАтФАтФАтФАтФАтФАтФАтФАтФАтФАтФАтФАтФАтФАтФАтФАтФАтФАтФАтФАтФАтФАтФАтФАтФАтФАтФАтФАтФАтФАтФАтФАтФАтФАтФАтФАтФАтФАтФАтФАтФАтФАтФАтФАтФАтФАтФАтФА
тФВ #0   TestService.completeTest (package:psycho_tests/services/test_service.dart:43:15)
тФВ #1   main.<anonymous closure>.<anonymous closure> (file:///D:/Work/psycho_app/0.0.1.x_dev/test/services/test_service_test.dart:183:40)
тФЬтФДтФДтФДтФДтФДтФДтФДтФДтФДтФДтФДтФДтФДтФДтФДтФДтФДтФДтФДтФДтФДтФДтФДтФДтФДтФДтФДтФДтФДтФДтФДтФДтФДтФДтФДтФДтФДтФДтФДтФДтФДтФДтФДтФДтФДтФДтФДтФДтФДтФДтФДтФДтФДтФДтФДтФДтФДтФДтФДтФДтФДтФДтФДтФДтФДтФДтФДтФДтФДтФДтФДтФДтФДтФДтФДтФДтФДтФДтФДтФДтФДтФДтФДтФДтФДтФДтФДтФДтФДтФДтФДтФДтФДтФДтФДтФДтФДтФДтФДтФДтФДтФДтФДтФДтФДтФДтФДтФДтФДтФДтФДтФДтФДтФДтФДтФДтФДтФДтФД
тФВ ЁЯРЫ ===== completeTest() CALLED =====
тФФтФАтФАтФАтФАтФАтФАтФАтФАтФАтФАтФАтФАтФАтФАтФАтФАтФАтФАтФАтФАтФАтФАтФАтФАтФАтФАтФАтФАтФАтФАтФАтФАтФАтФАтФАтФАтФАтФАтФАтФАтФАтФАтФАтФАтФАтФАтФАтФАтФАтФАтФАтФАтФАтФАтФАтФАтФАтФАтФАтФАтФАтФАтФАтФАтФАтФАтФАтФАтФАтФАтФАтФАтФАтФАтФАтФАтФАтФАтФАтФАтФАтФАтФАтФАтФАтФАтФАтФАтФАтФАтФАтФАтФАтФАтФАтФАтФАтФАтФАтФАтФАтФАтФАтФАтФАтФАтФАтФАтФАтФАтФАтФАтФАтФАтФАтФАтФАтФАтФА
тФМтФАтФАтФАтФАтФАтФАтФАтФАтФАтФАтФАтФАтФАтФАтФАтФАтФАтФАтФАтФАтФАтФАтФАтФАтФАтФАтФАтФАтФАтФАтФАтФАтФАтФАтФАтФАтФАтФАтФАтФАтФАтФАтФАтФАтФАтФАтФАтФАтФАтФАтФАтФАтФАтФАтФАтФАтФАтФАтФАтФАтФАтФАтФАтФАтФАтФАтФАтФАтФАтФАтФАтФАтФАтФАтФАтФАтФАтФАтФАтФАтФАтФАтФАтФАтФАтФАтФАтФАтФАтФАтФАтФАтФАтФАтФАтФАтФАтФАтФАтФАтФАтФАтФАтФАтФАтФАтФАтФАтФАтФАтФАтФАтФАтФАтФАтФАтФАтФАтФА
тФВ #0   TestService.completeTest (package:psycho_tests/services/test_service.dart:44:15)
тФВ #1   main.<anonymous closure>.<anonymous closure> (file:///D:/Work/psycho_app/0.0.1.x_dev/test/services/test_service_test.dart:183:40)
тФЬтФДтФДтФДтФДтФДтФДтФДтФДтФДтФДтФДтФДтФДтФДтФДтФДтФДтФДтФДтФДтФДтФДтФДтФДтФДтФДтФДтФДтФДтФДтФДтФДтФДтФДтФДтФДтФДтФДтФДтФДтФДтФДтФДтФДтФДтФДтФДтФДтФДтФДтФДтФДтФДтФДтФДтФДтФДтФДтФДтФДтФДтФДтФДтФДтФДтФДтФДтФДтФДтФДтФДтФДтФДтФДтФДтФДтФДтФДтФДтФДтФДтФДтФДтФДтФДтФДтФДтФДтФДтФДтФДтФДтФДтФДтФДтФДтФДтФДтФДтФДтФДтФДтФДтФДтФДтФДтФДтФДтФДтФДтФДтФДтФДтФДтФДтФДтФДтФДтФД
тФВ ЁЯРЫ testId: love_profile
00:00 +11 -9: D:/Work/psycho_app/0.0.1.x_dev/test/services/test_service_test.dart: completeTest() - Multi-Factor Tests calculates Love Profile scores with reversed questions
00:00 +11 -9: D:/Work/psycho_app/0.0.1.x_dev/test/summary_test.dart: SummaryConfig Tests should have all required axes [E]
  Expected: <6>
    Actual: <10>
  
  package:matcher                                     expect
  package:flutter_test/src/widget_tester.dart 473:18  expect
  test\summary_test.dart 263:7                        main.<fn>.<fn>
  
00:00 +11 -9: D:/Work/psycho_app/0.0.1.x_dev/test/services/test_service_test.dart: completeTest() - Multi-Factor Tests calculates Love Profile scores with reversed questions
тФФтФАтФАтФАтФАтФАтФАтФАтФАтФАтФАтФАтФАтФАтФАтФАтФАтФАтФАтФАтФАтФАтФАтФАтФАтФАтФАтФАтФАтФАтФАтФАтФАтФАтФАтФАтФАтФАтФАтФАтФАтФАтФАтФАтФАтФАтФАтФАтФАтФАтФАтФАтФАтФАтФАтФАтФАтФАтФАтФАтФАтФАтФАтФАтФАтФАтФАтФАтФАтФАтФАтФАтФАтФАтФАтФАтФАтФАтФАтФАтФАтФАтФАтФАтФАтФАтФАтФАтФАтФАтФАтФАтФАтФАтФАтФАтФАтФАтФАтФАтФАтФАтФАтФАтФАтФАтФАтФАтФАтФАтФАтФАтФАтФАтФАтФАтФАтФАтФАтФА
тФМтФАтФАтФАтФАтФАтФАтФАтФАтФАтФАтФАтФАтФАтФАтФАтФАтФАтФАтФАтФАтФАтФАтФАтФАтФАтФАтФАтФАтФАтФАтФАтФАтФАтФАтФАтФАтФАтФАтФАтФАтФАтФАтФАтФАтФАтФАтФАтФАтФАтФАтФАтФАтФАтФАтФАтФАтФАтФАтФАтФАтФАтФАтФАтФАтФАтФАтФАтФАтФАтФАтФАтФАтФАтФАтФАтФАтФАтФАтФАтФАтФАтФАтФАтФАтФАтФАтФАтФАтФАтФАтФАтФАтФАтФАтФАтФАтФАтФАтФАтФАтФАтФАтФАтФАтФАтФАтФАтФАтФАтФАтФАтФАтФАтФАтФАтФАтФАтФАтФА
тФВ #0   TestService.completeTest (package:psycho_tests/services/test_service.dart:45:15)
тФВ #1   main.<anonymous closure>.<anonymous closure> (file:///D:/Work/psycho_app/0.0.1.x_dev/test/services/test_service_test.dart:183:40)
тФЬтФДтФДтФДтФДтФДтФДтФДтФДтФДтФДтФДтФДтФДтФДтФДтФДтФДтФДтФДтФДтФДтФДтФДтФДтФДтФДтФДтФДтФДтФДтФДтФДтФДтФДтФДтФДтФДтФДтФДтФДтФДтФДтФДтФДтФДтФДтФДтФДтФДтФДтФДтФДтФДтФДтФДтФДтФДтФДтФДтФДтФДтФДтФДтФДтФДтФДтФДтФДтФДтФДтФДтФДтФДтФДтФДтФДтФДтФДтФДтФДтФДтФДтФДтФДтФДтФДтФДтФДтФДтФДтФДтФДтФДтФДтФДтФДтФДтФДтФДтФДтФДтФДтФДтФДтФДтФДтФДтФДтФДтФДтФДтФДтФДтФДтФДтФДтФДтФДтФД
тФВ ЁЯРЫ type: TestType.multiFactor
тФФтФАтФАтФАтФАтФАтФАтФАтФАтФАтФАтФАтФАтФАтФАтФАтФАтФАтФАтФАтФАтФАтФАтФАтФАтФАтФАтФАтФАтФАтФАтФАтФАтФАтФАтФАтФАтФАтФАтФАтФАтФАтФАтФАтФАтФАтФАтФАтФАтФАтФАтФАтФАтФАтФАтФАтФАтФАтФАтФАтФАтФАтФАтФАтФАтФАтФАтФАтФАтФАтФАтФАтФАтФАтФАтФАтФАтФАтФАтФАтФАтФАтФАтФАтФАтФАтФАтФАтФАтФАтФАтФАтФАтФАтФАтФАтФАтФАтФАтФАтФАтФАтФАтФАтФАтФАтФАтФАтФАтФАтФАтФАтФАтФАтФАтФАтФАтФАтФАтФА
тФМтФАтФАтФАтФАтФАтФАтФАтФАтФАтФАтФАтФАтФАтФАтФАтФАтФАтФАтФАтФАтФАтФАтФАтФАтФАтФАтФАтФАтФАтФАтФАтФАтФАтФАтФАтФАтФАтФАтФАтФАтФАтФАтФАтФАтФАтФАтФАтФАтФАтФАтФАтФАтФАтФАтФАтФАтФАтФАтФАтФАтФАтФАтФАтФАтФАтФАтФАтФАтФАтФАтФАтФАтФАтФАтФАтФАтФАтФАтФАтФАтФАтФАтФАтФАтФАтФАтФАтФАтФАтФАтФАтФАтФАтФАтФАтФАтФАтФАтФАтФАтФАтФАтФАтФАтФАтФАтФАтФАтФАтФАтФАтФАтФАтФАтФАтФАтФАтФАтФА
тФВ #0   TestService.completeTest (package:psycho_tests/services/test_service.dart:46:15)
тФВ #1   main.<anonymous closure>.<anonymous closure> (file:///D:/Work/psycho_app/0.0.1.x_dev/test/services/test_service_test.dart:183:40)
тФЬтФДтФДтФДтФДтФДтФДтФДтФДтФДтФДтФДтФДтФДтФДтФДтФДтФДтФДтФДтФДтФДтФДтФДтФДтФДтФДтФДтФДтФДтФДтФДтФДтФДтФДтФДтФДтФДтФДтФДтФДтФДтФДтФДтФДтФДтФДтФДтФДтФДтФДтФДтФДтФДтФДтФДтФДтФДтФДтФДтФДтФДтФДтФДтФДтФДтФДтФДтФДтФДтФДтФДтФДтФДтФДтФДтФДтФДтФДтФДтФДтФДтФДтФДтФДтФДтФДтФДтФДтФДтФДтФДтФДтФДтФДтФДтФДтФДтФДтФДтФДтФДтФДтФДтФДтФДтФДтФДтФДтФДтФДтФДтФДтФДтФДтФДтФДтФДтФДтФД
тФВ ЁЯРЫ isBipolar: false
тФФтФАтФАтФАтФАтФАтФАтФАтФАтФАтФАтФАтФАтФАтФАтФАтФАтФАтФАтФАтФАтФАтФАтФАтФАтФАтФАтФАтФАтФАтФАтФАтФАтФАтФАтФАтФАтФАтФАтФАтФАтФАтФАтФАтФАтФАтФАтФАтФАтФАтФАтФАтФАтФАтФАтФАтФАтФАтФАтФАтФАтФАтФАтФАтФАтФАтФАтФАтФАтФАтФАтФАтФАтФАтФАтФАтФАтФАтФАтФАтФАтФАтФАтФАтФАтФАтФАтФАтФАтФАтФАтФАтФАтФАтФАтФАтФАтФАтФАтФАтФАтФАтФАтФАтФАтФАтФАтФАтФАтФАтФАтФАтФАтФАтФАтФАтФАтФАтФАтФА
тФМтФАтФАтФАтФАтФАтФАтФАтФАтФАтФАтФАтФАтФАтФАтФАтФАтФАтФАтФАтФАтФАтФАтФАтФАтФАтФАтФАтФАтФАтФАтФАтФАтФАтФАтФАтФАтФАтФАтФАтФАтФАтФАтФАтФАтФАтФАтФАтФАтФАтФАтФАтФАтФАтФАтФАтФАтФАтФАтФАтФАтФАтФАтФАтФАтФАтФАтФАтФАтФАтФАтФАтФАтФАтФАтФАтФАтФАтФАтФАтФАтФАтФАтФАтФАтФАтФАтФАтФАтФАтФАтФАтФАтФАтФАтФАтФАтФАтФАтФАтФАтФАтФАтФАтФАтФАтФАтФАтФАтФАтФАтФАтФАтФАтФАтФАтФАтФАтФАтФА
тФВ #0   TestService.completeTest (package:psycho_tests/services/test_service.dart:47:15)
тФВ #1   main.<anonymous closure>.<anonymous closure> (file:///D:/Work/psycho_app/0.0.1.x_dev/test/services/test_service_test.dart:183:40)
тФЬтФДтФДтФДтФДтФДтФДтФДтФДтФДтФДтФДтФДтФДтФДтФДтФДтФДтФДтФДтФДтФДтФДтФДтФДтФДтФДтФДтФДтФДтФДтФДтФДтФДтФДтФДтФДтФДтФДтФДтФДтФДтФДтФДтФДтФДтФДтФДтФДтФДтФДтФДтФДтФДтФДтФДтФДтФДтФДтФДтФДтФДтФДтФДтФДтФДтФДтФДтФДтФДтФДтФДтФДтФДтФДтФДтФДтФДтФДтФДтФДтФДтФДтФДтФДтФДтФДтФДтФДтФДтФДтФДтФДтФДтФДтФДтФДтФДтФДтФДтФДтФДтФДтФДтФДтФДтФДтФДтФДтФДтФДтФДтФДтФДтФДтФДтФДтФДтФДтФД
тФВ ЁЯРЫ bipolarDimensions: null
тФФтФАтФАтФАтФАтФАтФАтФАтФАтФАтФАтФАтФАтФАтФАтФАтФАтФАтФАтФАтФАтФАтФАтФАтФАтФАтФАтФАтФАтФАтФАтФАтФАтФАтФАтФАтФАтФАтФАтФАтФАтФАтФАтФАтФАтФАтФАтФАтФАтФАтФАтФАтФАтФАтФАтФАтФАтФАтФАтФАтФАтФАтФАтФАтФАтФАтФАтФАтФАтФАтФАтФАтФАтФАтФАтФАтФАтФАтФАтФАтФАтФАтФАтФАтФАтФАтФАтФАтФАтФАтФАтФАтФАтФАтФАтФАтФАтФАтФАтФАтФАтФАтФАтФАтФАтФАтФАтФАтФАтФАтФАтФАтФАтФАтФАтФАтФАтФАтФАтФА
тФМтФАтФАтФАтФАтФАтФАтФАтФАтФАтФАтФАтФАтФАтФАтФАтФАтФАтФАтФАтФАтФАтФАтФАтФАтФАтФАтФАтФАтФАтФАтФАтФАтФАтФАтФАтФАтФАтФАтФАтФАтФАтФАтФАтФАтФАтФАтФАтФАтФАтФАтФАтФАтФАтФАтФАтФАтФАтФАтФАтФАтФАтФАтФАтФАтФАтФАтФАтФАтФАтФАтФАтФАтФАтФАтФАтФАтФАтФАтФАтФАтФАтФАтФАтФАтФАтФАтФАтФАтФАтФАтФАтФАтФАтФАтФАтФАтФАтФАтФАтФАтФАтФАтФАтФАтФАтФАтФАтФАтФАтФАтФАтФАтФАтФАтФАтФАтФАтФАтФА
тФВ #0   TestService.completeTest (package:psycho_tests/services/test_service.dart:51:17)
тФВ #1   main.<anonymous closure>.<anonymous closure> (file:///D:/Work/psycho_app/0.0.1.x_dev/test/services/test_service_test.dart:183:40)
тФЬтФДтФДтФДтФДтФДтФДтФДтФДтФДтФДтФДтФДтФДтФДтФДтФДтФДтФДтФДтФДтФДтФДтФДтФДтФДтФДтФДтФДтФДтФДтФДтФДтФДтФДтФДтФДтФДтФДтФДтФДтФДтФДтФДтФДтФДтФДтФДтФДтФДтФДтФДтФДтФДтФДтФДтФДтФДтФДтФДтФДтФДтФДтФДтФДтФДтФДтФДтФДтФДтФДтФДтФДтФДтФДтФДтФДтФДтФДтФДтФДтФДтФДтФДтФДтФДтФДтФДтФДтФДтФДтФДтФДтФДтФДтФДтФДтФДтФДтФДтФДтФДтФДтФДтФДтФДтФДтФДтФДтФДтФДтФДтФДтФДтФДтФДтФДтФДтФДтФД
тФВ ЁЯРЫ Multi-factor test detected
тФФтФАтФАтФАтФАтФАтФАтФАтФАтФАтФАтФАтФАтФАтФАтФАтФАтФАтФАтФАтФАтФАтФАтФАтФАтФАтФАтФАтФАтФАтФАтФАтФАтФАтФАтФАтФАтФАтФАтФАтФАтФАтФАтФАтФАтФАтФАтФАтФАтФАтФАтФАтФАтФАтФАтФАтФАтФАтФАтФАтФАтФАтФАтФАтФАтФАтФАтФАтФАтФАтФАтФАтФАтФАтФАтФАтФАтФАтФАтФАтФАтФАтФАтФАтФАтФАтФАтФАтФАтФАтФАтФАтФАтФАтФАтФАтФАтФАтФАтФАтФАтФАтФАтФАтФАтФАтФАтФАтФАтФАтФАтФАтФАтФАтФАтФАтФАтФАтФАтФА
тФМтФАтФАтФАтФАтФАтФАтФАтФАтФАтФАтФАтФАтФАтФАтФАтФАтФАтФАтФАтФАтФАтФАтФАтФАтФАтФАтФАтФАтФАтФАтФАтФАтФАтФАтФАтФАтФАтФАтФАтФАтФАтФАтФАтФАтФАтФАтФАтФАтФАтФАтФАтФАтФАтФАтФАтФАтФАтФАтФАтФАтФАтФАтФАтФАтФАтФАтФАтФАтФАтФАтФАтФАтФАтФАтФАтФАтФАтФАтФАтФАтФАтФАтФАтФАтФАтФАтФАтФАтФАтФАтФАтФАтФАтФАтФАтФАтФАтФАтФАтФАтФАтФАтФАтФАтФАтФАтФАтФАтФАтФАтФАтФАтФАтФАтФАтФАтФАтФАтФА
тФВ #0   TestService.completeTest (package:psycho_tests/services/test_service.dart:57:19)
тФВ #1   main.<anonymous closure>.<anonymous closure> (file:///D:/Work/psycho_app/0.0.1.x_dev/test/services/test_service_test.dart:183:40)
тФЬтФДтФДтФДтФДтФДтФДтФДтФДтФДтФДтФДтФДтФДтФДтФДтФДтФДтФДтФДтФДтФДтФДтФДтФДтФДтФДтФДтФДтФДтФДтФДтФДтФДтФДтФДтФДтФДтФДтФДтФДтФДтФДтФДтФДтФДтФДтФДтФДтФДтФДтФДтФДтФДтФДтФДтФДтФДтФДтФДтФДтФДтФДтФДтФДтФДтФДтФДтФДтФДтФДтФДтФДтФДтФДтФДтФДтФДтФДтФДтФДтФДтФДтФДтФДтФДтФДтФДтФДтФДтФДтФДтФДтФДтФДтФДтФДтФДтФДтФДтФДтФДтФДтФДтФДтФДтФДтФДтФДтФДтФДтФДтФДтФДтФДтФДтФДтФДтФДтФД
тФВ ЁЯРЫ Calling _completeMultiFactorTest()
тФФтФАтФАтФАтФАтФАтФАтФАтФАтФАтФАтФАтФАтФАтФАтФАтФАтФАтФАтФАтФАтФАтФАтФАтФАтФАтФАтФАтФАтФАтФАтФАтФАтФАтФАтФАтФАтФАтФАтФАтФАтФАтФАтФАтФАтФАтФАтФАтФАтФАтФАтФАтФАтФАтФАтФАтФАтФАтФАтФАтФАтФАтФАтФАтФАтФАтФАтФАтФАтФАтФАтФАтФАтФАтФАтФАтФАтФАтФАтФАтФАтФАтФАтФАтФАтФАтФАтФАтФАтФАтФАтФАтФАтФАтФАтФАтФАтФАтФАтФАтФАтФАтФАтФАтФАтФАтФАтФАтФАтФАтФАтФАтФАтФАтФАтФАтФАтФАтФАтФА
00:00 +11 -10: D:/Work/psycho_app/0.0.1.x_dev/test/summary_test.dart: SummaryConfig Tests should have test mappings
00:00 +11 -10: D:/Work/psycho_app/0.0.1.x_dev/test/services/test_service_test.dart: completeTest() - Multi-Factor Tests calculates Love Profile scores with reversed questions [E]
  Bad state: No element
  dart:collection                                        ListBase.firstWhere
  package:psycho_tests/services/test_service.dart 92:49  TestService._completeMultiFactorTest
  package:psycho_tests/services/test_service.dart 59:16  TestService.completeTest
  test\services\test_service_test.dart 183:40            main.<fn>.<fn>
  
00:00 +12 -10: D:/Work/psycho_app/0.0.1.x_dev/test/services/test_service_test.dart: completeTest() - Multi-Factor Tests stores scale scores (v2 hierarchical scoring)
00:00 +13 -10: D:/Work/psycho_app/0.0.1.x_dev/test/services/test_service_test.dart: completeTest() - Multi-Factor Tests stores scale scores (v2 hierarchical scoring)
тФМтФАтФАтФАтФАтФАтФАтФАтФАтФАтФАтФАтФАтФАтФАтФАтФАтФАтФАтФАтФАтФАтФАтФАтФАтФАтФАтФАтФАтФАтФАтФАтФАтФАтФАтФАтФАтФАтФАтФАтФАтФАтФАтФАтФАтФАтФАтФАтФАтФАтФАтФАтФАтФАтФАтФАтФАтФАтФАтФАтФАтФАтФАтФАтФАтФАтФАтФАтФАтФАтФАтФАтФАтФАтФАтФАтФАтФАтФАтФАтФАтФАтФАтФАтФАтФАтФАтФАтФАтФАтФАтФАтФАтФАтФАтФАтФАтФАтФАтФАтФАтФАтФАтФАтФАтФАтФАтФАтФАтФАтФАтФАтФАтФАтФАтФАтФАтФАтФАтФА
00:00 +14 -10: D:/Work/psycho_app/0.0.1.x_dev/test/services/test_service_test.dart: completeTest() - Multi-Factor Tests stores scale scores (v2 hierarchical scoring)
тФВ #0   TestService.completeTest (package:psycho_tests/services/test_service.dart:43:15)
тФВ #1   main.<anonymous closure>.<anonymous closure> (file:///D:/Work/psycho_app/0.0.1.x_dev/test/services/test_service_test.dart:194:40)
тФЬтФДтФДтФДтФДтФДтФДтФДтФДтФДтФДтФДтФДтФДтФДтФДтФДтФДтФДтФДтФДтФДтФДтФДтФДтФДтФДтФДтФДтФДтФДтФДтФДтФДтФДтФДтФДтФДтФДтФДтФДтФДтФДтФДтФДтФДтФДтФДтФДтФДтФДтФДтФДтФДтФДтФДтФДтФДтФДтФДтФДтФДтФДтФДтФДтФДтФДтФДтФДтФДтФДтФДтФДтФДтФДтФДтФДтФДтФДтФДтФДтФДтФДтФДтФДтФДтФДтФДтФДтФДтФДтФДтФДтФДтФДтФДтФДтФДтФДтФДтФДтФДтФДтФДтФДтФДтФДтФДтФДтФДтФДтФДтФДтФДтФДтФДтФДтФДтФДтФД
тФВ ЁЯРЫ ===== completeTest() CALLED =====
тФФтФАтФАтФАтФАтФАтФАтФАтФАтФАтФАтФАтФАтФАтФАтФАтФАтФАтФАтФАтФАтФАтФАтФАтФАтФАтФАтФАтФАтФАтФАтФАтФАтФАтФАтФАтФАтФАтФАтФАтФАтФАтФАтФАтФАтФАтФАтФАтФАтФАтФАтФАтФАтФАтФАтФАтФАтФАтФАтФАтФАтФАтФАтФАтФАтФАтФАтФАтФАтФАтФАтФАтФАтФАтФАтФАтФАтФАтФАтФАтФАтФАтФАтФАтФАтФАтФАтФАтФАтФАтФАтФАтФАтФАтФАтФАтФАтФАтФАтФАтФАтФАтФАтФАтФАтФАтФАтФАтФАтФАтФАтФАтФАтФАтФАтФАтФАтФАтФАтФА
тФМтФАтФАтФАтФАтФАтФАтФАтФАтФАтФАтФАтФАтФАтФАтФАтФАтФАтФАтФАтФАтФАтФАтФАтФАтФАтФАтФАтФАтФАтФАтФАтФАтФАтФАтФАтФАтФАтФАтФАтФАтФАтФАтФАтФАтФАтФАтФАтФАтФАтФАтФАтФАтФАтФАтФАтФАтФАтФАтФАтФАтФАтФАтФАтФАтФАтФАтФАтФАтФАтФАтФАтФАтФАтФАтФАтФАтФАтФАтФАтФАтФАтФАтФАтФАтФАтФАтФАтФАтФАтФАтФАтФАтФАтФАтФАтФАтФАтФАтФАтФАтФАтФАтФАтФАтФАтФАтФАтФАтФАтФАтФАтФАтФАтФАтФАтФАтФАтФАтФА
тФВ #0   TestService.completeTest (package:psycho_tests/services/test_service.dart:44:15)
тФВ #1   main.<anonymous closure>.<anonymous closure> (file:///D:/Work/psycho_app/0.0.1.x_dev/test/services/test_service_test.dart:194:40)
тФЬтФДтФДтФДтФДтФДтФДтФДтФДтФДтФДтФДтФДтФДтФДтФДтФДтФДтФДтФДтФДтФДтФДтФДтФДтФДтФДтФДтФДтФДтФДтФДтФДтФДтФДтФДтФДтФДтФДтФДтФДтФДтФДтФДтФДтФДтФДтФДтФДтФДтФДтФДтФДтФДтФДтФДтФДтФДтФДтФДтФДтФДтФДтФДтФДтФДтФДтФДтФДтФДтФДтФДтФДтФДтФДтФДтФДтФДтФДтФДтФДтФДтФДтФДтФДтФДтФДтФДтФДтФДтФДтФДтФДтФДтФДтФДтФДтФДтФДтФДтФДтФДтФДтФДтФДтФДтФДтФДтФДтФДтФДтФДтФДтФДтФДтФДтФДтФДтФДтФД
тФВ ЁЯРЫ testId: ipip_big_five
тФФтФАтФАтФАтФАтФАтФАтФАтФАтФАтФАтФАтФАтФАтФАтФАтФАтФАтФАтФАтФАтФАтФАтФАтФАтФАтФАтФАтФАтФАтФАтФАтФАтФАтФАтФАтФАтФАтФАтФАтФАтФАтФАтФАтФАтФАтФАтФАтФАтФАтФАтФАтФАтФАтФАтФАтФАтФАтФАтФАтФАтФАтФАтФАтФАтФАтФАтФАтФАтФАтФАтФАтФАтФАтФАтФАтФАтФАтФАтФАтФАтФАтФАтФАтФАтФАтФАтФАтФАтФАтФАтФАтФАтФАтФАтФАтФАтФАтФАтФАтФАтФАтФАтФАтФАтФАтФАтФАтФАтФАтФАтФАтФАтФАтФАтФАтФАтФАтФАтФА
тФМтФАтФАтФАтФАтФАтФАтФАтФАтФАтФАтФАтФАтФАтФАтФАтФАтФАтФАтФАтФАтФАтФАтФАтФАтФАтФАтФАтФАтФАтФАтФАтФАтФАтФАтФАтФАтФАтФАтФАтФАтФАтФАтФАтФАтФАтФАтФАтФАтФАтФАтФАтФАтФАтФАтФАтФАтФАтФАтФАтФАтФАтФАтФАтФАтФАтФАтФАтФАтФАтФАтФАтФАтФАтФАтФАтФАтФАтФАтФАтФАтФАтФАтФАтФАтФАтФАтФАтФАтФАтФАтФАтФАтФАтФАтФАтФАтФАтФАтФАтФАтФАтФАтФАтФАтФАтФАтФАтФАтФАтФАтФАтФАтФАтФАтФАтФАтФАтФАтФА
тФВ #0   TestService.completeTest (package:psycho_tests/services/test_service.dart:45:15)
тФВ #1   main.<anonymous closure>.<anonymous closure> (file:///D:/Work/psycho_app/0.0.1.x_dev/test/services/test_service_test.dart:194:40)
тФЬтФДтФДтФДтФДтФДтФДтФДтФДтФДтФДтФДтФДтФДтФДтФДтФДтФДтФДтФДтФДтФДтФДтФДтФДтФДтФДтФДтФДтФДтФДтФДтФДтФДтФДтФДтФДтФДтФДтФДтФДтФДтФДтФДтФДтФДтФДтФДтФДтФДтФДтФДтФДтФДтФДтФДтФДтФДтФДтФДтФДтФДтФДтФДтФДтФДтФДтФДтФДтФДтФДтФДтФДтФДтФДтФДтФДтФДтФДтФДтФДтФДтФДтФДтФДтФДтФДтФДтФДтФДтФДтФДтФДтФДтФДтФДтФДтФДтФДтФДтФДтФДтФДтФДтФДтФДтФДтФДтФДтФДтФДтФДтФДтФДтФДтФДтФДтФДтФДтФД
тФВ ЁЯРЫ type: TestType.multiFactor
тФФтФАтФАтФАтФАтФАтФАтФАтФАтФАтФАтФАтФАтФАтФАтФАтФАтФАтФАтФАтФАтФАтФАтФАтФАтФАтФАтФАтФАтФАтФАтФАтФАтФАтФАтФАтФАтФАтФАтФАтФАтФАтФАтФАтФАтФАтФАтФАтФАтФАтФАтФАтФАтФАтФАтФАтФАтФАтФАтФАтФАтФАтФАтФАтФАтФАтФАтФАтФАтФАтФАтФАтФАтФАтФАтФАтФАтФАтФАтФАтФАтФАтФАтФАтФАтФАтФАтФАтФАтФАтФАтФАтФАтФАтФАтФАтФАтФАтФАтФАтФАтФАтФАтФАтФАтФАтФАтФАтФАтФАтФАтФАтФАтФАтФАтФАтФАтФАтФАтФА
тФМтФАтФАтФАтФАтФАтФАтФАтФАтФАтФАтФАтФАтФАтФАтФАтФАтФАтФАтФАтФАтФАтФАтФАтФАтФАтФАтФАтФАтФАтФАтФАтФАтФАтФАтФАтФАтФАтФАтФАтФАтФАтФАтФАтФАтФАтФАтФАтФАтФАтФАтФАтФАтФАтФАтФАтФАтФАтФАтФАтФАтФАтФАтФАтФАтФАтФАтФАтФАтФАтФАтФАтФАтФАтФАтФАтФАтФАтФАтФАтФАтФАтФАтФАтФАтФАтФАтФАтФАтФАтФАтФАтФАтФАтФАтФАтФАтФАтФАтФАтФАтФАтФАтФАтФАтФАтФАтФАтФАтФАтФАтФАтФАтФАтФАтФАтФАтФАтФАтФА
тФВ #0   TestService.completeTest (package:psycho_tests/services/test_service.dart:46:15)
тФВ #1   main.<anonymous closure>.<anonymous closure> (file:///D:/Work/psycho_app/0.0.1.x_dev/test/services/test_service_test.dart:194:40)
тФЬтФДтФДтФДтФДтФДтФДтФДтФДтФДтФДтФДтФДтФДтФДтФДтФДтФДтФДтФДтФДтФДтФДтФДтФДтФДтФДтФДтФДтФДтФДтФДтФДтФДтФДтФДтФДтФДтФДтФДтФДтФДтФДтФДтФДтФДтФДтФДтФДтФДтФДтФДтФДтФДтФДтФДтФДтФДтФДтФДтФДтФДтФДтФДтФДтФДтФДтФДтФДтФДтФДтФДтФДтФДтФДтФДтФДтФДтФДтФДтФДтФДтФДтФДтФДтФДтФДтФДтФДтФДтФДтФДтФДтФДтФДтФДтФДтФДтФДтФДтФДтФДтФДтФДтФДтФДтФДтФДтФДтФДтФДтФДтФДтФДтФДтФДтФДтФДтФДтФД
тФВ ЁЯРЫ isBipolar: false
тФФтФАтФАтФАтФАтФАтФАтФАтФАтФАтФАтФАтФАтФАтФАтФАтФАтФАтФАтФАтФАтФАтФАтФАтФАтФАтФАтФАтФАтФАтФАтФАтФАтФАтФАтФАтФАтФАтФАтФАтФАтФАтФАтФАтФАтФАтФАтФАтФАтФАтФАтФАтФАтФАтФАтФАтФАтФАтФАтФАтФАтФАтФАтФАтФАтФАтФАтФАтФАтФАтФАтФАтФАтФАтФАтФАтФАтФАтФАтФАтФАтФАтФАтФАтФАтФАтФАтФАтФАтФАтФАтФАтФАтФАтФАтФАтФАтФАтФАтФАтФАтФАтФАтФАтФАтФАтФАтФАтФАтФАтФАтФАтФАтФАтФАтФАтФАтФАтФАтФА
тФМтФАтФАтФАтФАтФАтФАтФАтФАтФАтФАтФАтФАтФАтФАтФАтФАтФАтФАтФАтФАтФАтФАтФАтФАтФАтФАтФАтФАтФАтФАтФАтФАтФАтФАтФАтФАтФАтФАтФАтФАтФАтФАтФАтФАтФАтФАтФАтФАтФАтФАтФАтФАтФАтФАтФАтФАтФАтФАтФАтФАтФАтФАтФАтФАтФАтФАтФАтФАтФАтФАтФАтФАтФАтФАтФАтФАтФАтФАтФАтФАтФАтФАтФАтФАтФАтФАтФАтФАтФАтФАтФАтФАтФАтФАтФАтФАтФАтФАтФАтФАтФАтФАтФАтФАтФАтФАтФАтФАтФАтФАтФАтФАтФАтФАтФАтФАтФАтФАтФА
тФВ #0   TestService.completeTest (package:psycho_tests/services/test_service.dart:47:15)
тФВ #1   main.<anonymous closure>.<anonymous closure> (file:///D:/Work/psycho_app/0.0.1.x_dev/test/services/test_service_test.dart:194:40)
00:00 +15 -10: D:/Work/psycho_app/0.0.1.x_dev/test/services/test_service_test.dart: completeTest() - Multi-Factor Tests stores scale scores (v2 hierarchical scoring)
тФЬтФДтФДтФДтФДтФДтФДтФДтФДтФДтФДтФДтФДтФДтФДтФДтФДтФДтФДтФДтФДтФДтФДтФДтФДтФДтФДтФДтФДтФДтФДтФДтФДтФДтФДтФДтФДтФДтФДтФДтФДтФДтФДтФДтФДтФДтФДтФДтФДтФДтФДтФДтФДтФДтФДтФДтФДтФДтФДтФДтФДтФДтФДтФДтФДтФДтФДтФДтФДтФДтФДтФДтФДтФДтФДтФДтФДтФДтФДтФДтФДтФДтФДтФДтФДтФДтФДтФДтФДтФДтФДтФДтФДтФДтФДтФДтФДтФДтФДтФДтФДтФДтФДтФДтФДтФДтФДтФДтФДтФДтФДтФДтФДтФДтФДтФДтФДтФДтФДтФД
тФВ ЁЯРЫ bipolarDimensions: null
тФФтФАтФАтФАтФАтФАтФАтФАтФАтФАтФАтФАтФАтФАтФАтФАтФАтФАтФАтФАтФАтФАтФАтФАтФАтФАтФАтФАтФАтФАтФАтФАтФАтФАтФАтФАтФАтФАтФАтФАтФАтФАтФАтФАтФАтФАтФАтФАтФАтФАтФАтФАтФАтФАтФАтФАтФАтФАтФАтФАтФАтФАтФАтФАтФАтФАтФАтФАтФАтФАтФАтФАтФАтФАтФАтФАтФАтФАтФАтФАтФАтФАтФАтФАтФАтФАтФАтФАтФАтФАтФАтФАтФАтФАтФАтФАтФАтФАтФАтФАтФАтФАтФАтФАтФАтФАтФАтФАтФАтФАтФАтФАтФАтФАтФАтФАтФАтФАтФАтФА
тФМтФАтФАтФАтФАтФАтФАтФАтФАтФАтФАтФАтФАтФАтФАтФАтФАтФАтФАтФАтФАтФАтФАтФАтФАтФАтФАтФАтФАтФАтФАтФАтФАтФАтФАтФАтФАтФАтФАтФАтФАтФАтФАтФАтФАтФАтФАтФАтФАтФАтФАтФАтФАтФАтФАтФАтФАтФАтФАтФАтФАтФАтФАтФАтФАтФАтФАтФАтФАтФАтФАтФАтФАтФАтФАтФАтФАтФАтФАтФАтФАтФАтФАтФАтФАтФАтФАтФАтФАтФАтФАтФАтФАтФАтФАтФАтФАтФАтФАтФАтФАтФАтФАтФАтФАтФАтФАтФАтФАтФАтФАтФАтФАтФАтФАтФАтФАтФАтФАтФА
тФВ #0   TestService.completeTest (package:psycho_tests/services/test_service.dart:51:17)
тФВ #1   main.<anonymous closure>.<anonymous closure> (file:///D:/Work/psycho_app/0.0.1.x_dev/test/services/test_service_test.dart:194:40)
тФЬтФДтФДтФДтФДтФДтФДтФДтФДтФДтФДтФДтФДтФДтФДтФДтФДтФДтФДтФДтФДтФДтФДтФДтФДтФДтФДтФДтФДтФДтФДтФДтФДтФДтФДтФДтФДтФДтФДтФДтФДтФДтФДтФДтФДтФДтФДтФДтФДтФДтФДтФДтФДтФДтФДтФДтФДтФДтФДтФДтФДтФДтФДтФДтФДтФДтФДтФДтФДтФДтФДтФДтФДтФДтФДтФДтФДтФДтФДтФДтФДтФДтФДтФДтФДтФДтФДтФДтФДтФДтФДтФДтФДтФДтФДтФДтФДтФДтФДтФДтФДтФДтФДтФДтФДтФДтФДтФДтФДтФДтФДтФДтФДтФДтФДтФДтФДтФДтФДтФД
тФВ ЁЯРЫ Multi-factor test detected
тФФтФАтФАтФАтФАтФАтФАтФАтФАтФАтФАтФАтФАтФАтФАтФАтФАтФАтФАтФАтФАтФАтФАтФАтФАтФАтФАтФАтФАтФАтФАтФАтФАтФАтФАтФАтФАтФАтФАтФАтФАтФАтФАтФАтФАтФАтФАтФАтФАтФАтФАтФАтФАтФАтФАтФАтФАтФАтФАтФАтФАтФАтФАтФАтФАтФАтФАтФАтФАтФАтФАтФАтФАтФАтФАтФАтФАтФАтФАтФАтФАтФАтФАтФАтФАтФАтФАтФАтФАтФАтФАтФАтФАтФАтФАтФАтФАтФАтФАтФАтФАтФАтФАтФАтФАтФАтФАтФАтФАтФАтФАтФАтФАтФАтФАтФАтФАтФАтФАтФА
тФМтФАтФАтФАтФАтФАтФАтФАтФАтФАтФАтФАтФАтФАтФАтФАтФАтФАтФАтФАтФАтФАтФАтФАтФАтФАтФАтФАтФАтФАтФАтФАтФАтФАтФАтФАтФАтФАтФАтФАтФАтФАтФАтФАтФАтФАтФАтФАтФАтФАтФАтФАтФАтФАтФАтФАтФАтФАтФАтФАтФАтФАтФАтФАтФАтФАтФАтФАтФАтФАтФАтФАтФАтФАтФАтФАтФАтФАтФАтФАтФАтФАтФАтФАтФАтФАтФАтФАтФАтФАтФАтФАтФАтФАтФАтФАтФАтФАтФАтФАтФАтФАтФАтФАтФАтФАтФАтФАтФАтФАтФАтФАтФАтФАтФАтФАтФАтФАтФАтФА
тФВ #0   TestService.completeTest (package:psycho_tests/services/test_service.dart:57:19)
тФВ #1   main.<anonymous closure>.<anonymous closure> (file:///D:/Work/psycho_app/0.0.1.x_dev/test/services/test_service_test.dart:194:40)
тФЬтФДтФДтФДтФДтФДтФДтФДтФДтФДтФДтФДтФДтФДтФДтФДтФДтФДтФДтФДтФДтФДтФДтФДтФДтФДтФДтФДтФДтФДтФДтФДтФДтФДтФДтФДтФДтФДтФДтФДтФДтФДтФДтФДтФДтФДтФДтФДтФДтФДтФДтФДтФДтФДтФДтФДтФДтФДтФДтФДтФДтФДтФДтФДтФДтФДтФДтФДтФДтФДтФДтФДтФДтФДтФДтФДтФДтФДтФДтФДтФДтФДтФДтФДтФДтФДтФДтФДтФДтФДтФДтФДтФДтФДтФДтФДтФДтФДтФДтФДтФДтФДтФДтФДтФДтФДтФДтФДтФДтФДтФДтФДтФДтФДтФДтФДтФДтФДтФДтФД
тФВ ЁЯРЫ Calling _completeMultiFactorTest()
тФФтФАтФАтФАтФАтФАтФАтФАтФАтФАтФАтФАтФАтФАтФАтФАтФАтФАтФАтФАтФАтФАтФАтФАтФАтФАтФАтФАтФАтФАтФАтФАтФАтФАтФАтФАтФАтФАтФАтФАтФАтФАтФАтФАтФАтФАтФАтФАтФАтФАтФАтФАтФАтФАтФАтФАтФАтФАтФАтФАтФАтФАтФАтФАтФАтФАтФАтФАтФАтФАтФАтФАтФАтФАтФАтФАтФАтФАтФАтФАтФАтФАтФАтФАтФАтФАтФАтФАтФАтФАтФАтФАтФАтФАтФАтФАтФАтФАтФАтФАтФАтФАтФАтФАтФАтФАтФАтФАтФАтФАтФАтФАтФАтФАтФАтФАтФАтФАтФАтФА
00:00 +15 -11: D:/Work/psycho_app/0.0.1.x_dev/test/summary_test.dart: ConfidenceLevel Tests should provide localized descriptions
00:00 +15 -11: D:/Work/psycho_app/0.0.1.x_dev/test/services/test_service_test.dart: completeTest() - Multi-Factor Tests stores scale scores (v2 hierarchical scoring) [E]
  Bad state: No element
  dart:collection                                        ListBase.firstWhere
  package:psycho_tests/services/test_service.dart 92:49  TestService._completeMultiFactorTest
  package:psycho_tests/services/test_service.dart 59:16  TestService.completeTest
  test\services\test_service_test.dart 194:40            main.<fn>.<fn>
  
00:00 +15 -12: D:/Work/psycho_app/0.0.1.x_dev/test/services/test_service_test.dart: completeTest() - Multi-Factor Tests stores question contributions for transparency
00:00 +15 -12: D:/Work/psycho_app/0.0.1.x_dev/test/summary_test.dart: ConfidenceLevel Tests should provide localized descriptions [E]
  Expected: contains '╨▓╤Л╤Б╨╛╨║╨░╤П ╤В╨╛╤З╨╜╨╛╤Б╤В╤М'
    Actual: '╨Ф╨░╨╜╨╜╤Л╨╡ ╨╛╤З╨╡╨╜╤М ╤А╨╡╨┐╤А╨╡╨╖╨╡╨╜╤В╨░╤В╨╕╨▓╨╜╤Л. ╨Я╤А╨╛╤Д╨╕╨╗╤М ╨╛╤В╤А╨░╨╢╨░╨╡╤В ╨▓╨░╤И╤Г ╨╗╨╕╤З╨╜╨╛╤Б╤В╤М ╤Б ╨▓╤Л╤Б╨╛╨║╨╛╨╣ ╤В╨╛╤З╨╜╨╛╤Б╤В╤М╤О.'
     Which: does not contain '╨▓╤Л╤Б╨╛╨║╨░╤П ╤В╨╛╤З╨╜╨╛╤Б╤В╤М'
  
  package:matcher                                     expect
  package:flutter_test/src/widget_tester.dart 473:18  expect
  test\summary_test.dart 305:7                        main.<fn>.<fn>
  
00:00 +15 -12: D:/Work/psycho_app/0.0.1.x_dev/test/services/test_service_test.dart: completeTest() - Multi-Factor Tests stores question contributions for transparency
тФМтФАтФАтФАтФАтФАтФАтФАтФАтФАтФАтФАтФАтФАтФАтФАтФАтФАтФАтФАтФАтФАтФАтФАтФАтФАтФАтФАтФАтФАтФАтФАтФАтФАтФАтФАтФАтФАтФАтФАтФАтФАтФАтФАтФАтФАтФАтФАтФАтФАтФАтФАтФАтФАтФАтФАтФАтФАтФАтФАтФАтФАтФАтФАтФАтФАтФАтФАтФАтФАтФАтФАтФАтФАтФАтФАтФАтФАтФАтФАтФАтФАтФАтФАтФАтФАтФАтФАтФАтФАтФАтФАтФАтФАтФАтФАтФАтФАтФАтФАтФАтФАтФАтФАтФАтФАтФАтФАтФАтФАтФАтФАтФАтФАтФАтФАтФАтФАтФАтФА
тФВ #0   TestService.completeTest (package:psycho_tests/services/test_service.dart:43:15)
тФВ #1   main.<anonymous closure>.<anonymous closure> (file:///D:/Work/psycho_app/0.0.1.x_dev/test/services/test_service_test.dart:210:40)
тФЬтФДтФДтФДтФДтФДтФДтФДтФДтФДтФДтФДтФДтФДтФДтФДтФДтФДтФДтФДтФДтФДтФДтФДтФДтФДтФДтФДтФДтФДтФДтФДтФДтФДтФДтФДтФДтФДтФДтФДтФДтФДтФДтФДтФДтФДтФДтФДтФДтФДтФДтФДтФДтФДтФДтФДтФДтФДтФДтФДтФДтФДтФДтФДтФДтФДтФДтФДтФДтФДтФДтФДтФДтФДтФДтФДтФДтФДтФДтФДтФДтФДтФДтФДтФДтФДтФДтФДтФДтФДтФДтФДтФДтФДтФДтФДтФДтФДтФДтФДтФДтФДтФДтФДтФДтФДтФДтФДтФДтФДтФДтФДтФДтФДтФДтФДтФДтФДтФДтФД
тФВ ЁЯРЫ ===== completeTest() CALLED =====
тФФтФАтФАтФАтФАтФАтФАтФАтФАтФАтФАтФАтФАтФАтФАтФАтФАтФАтФАтФАтФАтФАтФАтФАтФАтФАтФАтФАтФАтФАтФАтФАтФАтФАтФАтФАтФАтФАтФАтФАтФАтФАтФАтФАтФАтФАтФАтФАтФАтФАтФАтФАтФАтФАтФАтФАтФАтФАтФАтФАтФАтФАтФАтФАтФАтФАтФАтФАтФАтФАтФАтФАтФАтФАтФАтФАтФАтФАтФАтФАтФАтФАтФАтФАтФАтФАтФАтФАтФАтФАтФАтФАтФАтФАтФАтФАтФАтФАтФАтФАтФАтФАтФАтФАтФАтФАтФАтФАтФАтФАтФАтФАтФАтФАтФАтФАтФАтФАтФАтФА
тФМтФАтФАтФАтФАтФАтФАтФАтФАтФАтФАтФАтФАтФАтФАтФАтФАтФАтФАтФАтФАтФАтФАтФАтФАтФАтФАтФАтФАтФАтФАтФАтФАтФАтФАтФАтФАтФАтФАтФАтФАтФАтФАтФАтФАтФАтФАтФАтФАтФАтФАтФАтФАтФАтФАтФАтФАтФАтФАтФАтФАтФАтФАтФАтФАтФАтФАтФАтФАтФАтФАтФАтФАтФАтФАтФАтФАтФАтФАтФАтФАтФАтФАтФАтФАтФАтФАтФАтФАтФАтФАтФАтФАтФАтФАтФАтФАтФАтФАтФАтФАтФАтФАтФАтФАтФАтФАтФАтФАтФАтФАтФАтФАтФАтФАтФАтФАтФАтФАтФА
тФВ #0   TestService.completeTest (package:psycho_tests/services/test_service.dart:44:15)
тФВ #1   main.<anonymous closure>.<anonymous closure> (file:///D:/Work/psycho_app/0.0.1.x_dev/test/services/test_service_test.dart:210:40)
тФЬтФДтФДтФДтФДтФДтФДтФДтФДтФДтФДтФДтФДтФДтФДтФДтФДтФДтФДтФДтФДтФДтФДтФДтФДтФДтФДтФДтФДтФДтФДтФДтФДтФДтФДтФДтФДтФДтФДтФДтФДтФДтФДтФДтФДтФДтФДтФДтФДтФДтФДтФДтФДтФДтФДтФДтФДтФДтФДтФДтФДтФДтФДтФДтФДтФДтФДтФДтФДтФДтФДтФДтФДтФДтФДтФДтФДтФДтФДтФДтФДтФДтФДтФДтФДтФДтФДтФДтФДтФДтФДтФДтФДтФДтФДтФДтФДтФДтФДтФДтФДтФДтФДтФДтФДтФДтФДтФДтФДтФДтФДтФДтФДтФДтФДтФДтФДтФДтФДтФД
тФВ ЁЯРЫ testId: ipip_big_five
тФФтФАтФАтФАтФАтФАтФАтФАтФАтФАтФАтФАтФАтФАтФАтФАтФАтФАтФАтФАтФАтФАтФАтФАтФАтФАтФАтФАтФАтФАтФАтФАтФАтФАтФАтФАтФАтФАтФАтФАтФАтФАтФАтФАтФАтФАтФАтФАтФАтФАтФАтФАтФАтФАтФАтФАтФАтФАтФАтФАтФАтФАтФАтФАтФАтФАтФАтФАтФАтФАтФАтФАтФАтФАтФАтФАтФАтФАтФАтФАтФАтФАтФАтФАтФАтФАтФАтФАтФАтФАтФАтФАтФАтФАтФАтФАтФАтФАтФАтФАтФАтФАтФАтФАтФАтФАтФАтФАтФАтФАтФАтФАтФАтФАтФАтФАтФАтФАтФАтФА
тФМтФАтФАтФАтФАтФАтФАтФАтФАтФАтФАтФАтФАтФАтФАтФАтФАтФАтФАтФАтФАтФАтФАтФАтФАтФАтФАтФАтФАтФАтФАтФАтФАтФАтФАтФАтФАтФАтФАтФАтФАтФАтФАтФАтФАтФАтФАтФАтФАтФАтФАтФАтФАтФАтФАтФАтФАтФАтФАтФАтФАтФАтФАтФАтФАтФАтФАтФАтФАтФАтФАтФАтФАтФАтФАтФАтФАтФАтФАтФАтФАтФАтФАтФАтФАтФАтФАтФАтФАтФАтФАтФАтФАтФАтФАтФАтФАтФАтФАтФАтФАтФАтФАтФАтФАтФАтФАтФАтФАтФАтФАтФАтФАтФАтФАтФАтФАтФАтФАтФА
тФВ #0   TestService.completeTest (package:psycho_tests/services/test_service.dart:45:15)
тФВ #1   main.<anonymous closure>.<anonymous closure> (file:///D:/Work/psycho_app/0.0.1.x_dev/test/services/test_service_test.dart:210:40)
тФЬтФДтФДтФДтФДтФДтФДтФДтФДтФДтФДтФДтФДтФДтФДтФДтФДтФДтФДтФДтФДтФДтФДтФДтФДтФДтФДтФДтФДтФДтФДтФДтФДтФДтФДтФДтФДтФДтФДтФДтФДтФДтФДтФДтФДтФДтФДтФДтФДтФДтФДтФДтФДтФДтФДтФДтФДтФДтФДтФДтФДтФДтФДтФДтФДтФДтФДтФДтФДтФДтФДтФДтФДтФДтФДтФДтФДтФДтФДтФДтФДтФДтФДтФДтФДтФДтФДтФДтФДтФДтФДтФДтФДтФДтФДтФДтФДтФДтФДтФДтФДтФДтФДтФДтФДтФДтФДтФДтФДтФДтФДтФДтФДтФДтФДтФДтФДтФДтФДтФД
тФВ ЁЯРЫ type: TestType.multiFactor
тФФтФАтФАтФАтФАтФАтФАтФАтФАтФАтФАтФАтФАтФАтФАтФАтФАтФАтФАтФАтФАтФАтФАтФАтФАтФАтФАтФАтФАтФАтФАтФАтФАтФАтФАтФАтФАтФАтФАтФАтФАтФАтФАтФАтФАтФАтФАтФАтФАтФАтФАтФАтФАтФАтФАтФАтФАтФАтФАтФАтФАтФАтФАтФАтФАтФАтФАтФАтФАтФАтФАтФАтФАтФАтФАтФАтФАтФАтФАтФАтФАтФАтФАтФАтФАтФАтФАтФАтФАтФАтФАтФАтФАтФАтФАтФАтФАтФАтФАтФАтФАтФАтФАтФАтФАтФАтФАтФАтФАтФАтФАтФАтФАтФАтФАтФАтФАтФАтФАтФА
тФМтФАтФАтФАтФАтФАтФАтФАтФАтФАтФАтФАтФАтФАтФАтФАтФАтФАтФАтФАтФАтФАтФАтФАтФАтФАтФАтФАтФАтФАтФАтФАтФАтФАтФАтФАтФАтФАтФАтФАтФАтФАтФАтФАтФАтФАтФАтФАтФАтФАтФАтФАтФАтФАтФАтФАтФАтФАтФАтФАтФАтФАтФАтФАтФАтФАтФАтФАтФАтФАтФАтФАтФАтФАтФАтФАтФАтФАтФАтФАтФАтФАтФАтФАтФАтФАтФАтФАтФАтФАтФАтФАтФАтФАтФАтФАтФАтФАтФАтФАтФАтФАтФАтФАтФАтФАтФАтФАтФАтФАтФАтФАтФАтФАтФАтФАтФАтФАтФАтФА
тФВ #0   TestService.completeTest (package:psycho_tests/services/test_service.dart:46:15)
тФВ #1   main.<anonymous closure>.<anonymous closure> (file:///D:/Work/psycho_app/0.0.1.x_dev/test/services/test_service_test.dart:210:40)
тФЬтФДтФДтФДтФДтФДтФДтФДтФДтФДтФДтФДтФДтФДтФДтФДтФДтФДтФДтФДтФДтФДтФДтФДтФДтФДтФДтФДтФДтФДтФДтФДтФДтФДтФДтФДтФДтФДтФДтФДтФДтФДтФДтФДтФДтФДтФДтФДтФДтФДтФДтФДтФДтФДтФДтФДтФДтФДтФДтФДтФДтФДтФДтФДтФДтФДтФДтФДтФДтФДтФДтФДтФДтФДтФДтФДтФДтФДтФДтФДтФДтФДтФДтФДтФДтФДтФДтФДтФДтФДтФДтФДтФДтФДтФДтФДтФДтФДтФДтФДтФДтФДтФДтФДтФДтФДтФДтФДтФДтФДтФДтФДтФДтФДтФДтФДтФДтФДтФДтФД
тФВ ЁЯРЫ isBipolar: false
тФФтФАтФАтФАтФАтФАтФАтФАтФАтФАтФАтФАтФАтФАтФАтФАтФАтФАтФАтФАтФАтФАтФАтФАтФАтФАтФАтФАтФАтФАтФАтФАтФАтФАтФАтФАтФАтФАтФАтФАтФАтФАтФАтФАтФАтФАтФАтФАтФАтФАтФАтФАтФАтФАтФАтФАтФАтФАтФАтФАтФАтФАтФАтФАтФАтФАтФАтФАтФАтФАтФАтФАтФАтФАтФАтФАтФАтФАтФАтФАтФАтФАтФАтФАтФАтФАтФАтФАтФАтФАтФАтФАтФАтФАтФАтФАтФАтФАтФАтФАтФАтФАтФАтФАтФАтФАтФАтФАтФАтФАтФАтФАтФАтФАтФАтФАтФАтФАтФАтФА
тФМтФАтФАтФАтФАтФАтФАтФАтФАтФАтФАтФАтФАтФАтФАтФАтФАтФАтФАтФАтФАтФАтФАтФАтФАтФАтФАтФАтФАтФАтФАтФАтФАтФАтФАтФАтФАтФАтФАтФАтФАтФАтФАтФАтФАтФАтФАтФАтФАтФАтФАтФАтФАтФАтФАтФАтФАтФАтФАтФАтФАтФАтФАтФАтФАтФАтФАтФАтФАтФАтФАтФАтФАтФАтФАтФАтФАтФАтФАтФАтФАтФАтФАтФАтФАтФАтФАтФАтФАтФАтФАтФАтФАтФАтФАтФАтФАтФАтФАтФАтФАтФАтФАтФАтФАтФАтФАтФАтФАтФАтФАтФАтФАтФАтФАтФАтФАтФАтФАтФА
тФВ #0   TestService.completeTest (package:psycho_tests/services/test_service.dart:47:15)
тФВ #1   main.<anonymous closure>.<anonymous closure> (file:///D:/Work/psycho_app/0.0.1.x_dev/test/services/test_service_test.dart:210:40)
тФЬтФДтФДтФДтФДтФДтФДтФДтФДтФДтФДтФДтФДтФДтФДтФДтФДтФДтФДтФДтФДтФДтФДтФДтФДтФДтФДтФДтФДтФДтФДтФДтФДтФДтФДтФДтФДтФДтФДтФДтФДтФДтФДтФДтФДтФДтФДтФДтФДтФДтФДтФДтФДтФДтФДтФДтФДтФДтФДтФДтФДтФДтФДтФДтФДтФДтФДтФДтФДтФДтФДтФДтФДтФДтФДтФДтФДтФДтФДтФДтФДтФДтФДтФДтФДтФДтФДтФДтФДтФДтФДтФДтФДтФДтФДтФДтФДтФДтФДтФДтФДтФДтФДтФДтФДтФДтФДтФДтФДтФДтФДтФДтФДтФДтФДтФДтФДтФДтФДтФД
тФВ ЁЯРЫ bipolarDimensions: null
тФФтФАтФАтФАтФАтФАтФАтФАтФАтФАтФАтФАтФАтФАтФАтФАтФАтФАтФАтФАтФАтФАтФАтФАтФАтФАтФАтФАтФАтФАтФАтФАтФАтФАтФАтФАтФАтФАтФАтФАтФАтФАтФАтФАтФАтФАтФАтФАтФАтФАтФАтФАтФАтФАтФАтФАтФАтФАтФАтФАтФАтФАтФАтФАтФАтФАтФАтФАтФАтФАтФАтФАтФАтФАтФАтФАтФАтФАтФАтФАтФАтФАтФАтФАтФАтФАтФАтФАтФАтФАтФАтФАтФАтФАтФАтФАтФАтФАтФАтФАтФАтФАтФАтФАтФАтФАтФАтФАтФАтФАтФАтФАтФАтФАтФАтФАтФАтФАтФАтФА
тФМтФАтФАтФАтФАтФАтФАтФАтФАтФАтФАтФАтФАтФАтФАтФАтФАтФАтФАтФАтФАтФАтФАтФАтФАтФАтФАтФАтФАтФАтФАтФАтФАтФАтФАтФАтФАтФАтФАтФАтФАтФАтФАтФАтФАтФАтФАтФАтФАтФАтФАтФАтФАтФАтФАтФАтФАтФАтФАтФАтФАтФАтФАтФАтФАтФАтФАтФАтФАтФАтФАтФАтФАтФАтФАтФАтФАтФАтФАтФАтФАтФАтФАтФАтФАтФАтФАтФАтФАтФАтФАтФАтФАтФАтФАтФАтФАтФАтФАтФАтФАтФАтФАтФАтФАтФАтФАтФАтФАтФАтФАтФАтФАтФАтФАтФАтФАтФАтФАтФА
тФВ #0   TestService.completeTest (package:psycho_tests/services/test_service.dart:51:17)
тФВ #1   main.<anonymous closure>.<anonymous closure> (file:///D:/Work/psycho_app/0.0.1.x_dev/test/services/test_service_test.dart:210:40)
тФЬтФДтФДтФДтФДтФДтФДтФДтФДтФДтФДтФДтФДтФДтФДтФДтФДтФДтФДтФДтФДтФДтФДтФДтФДтФДтФДтФДтФДтФДтФДтФДтФДтФДтФДтФДтФДтФДтФДтФДтФДтФДтФДтФДтФДтФДтФДтФДтФДтФДтФДтФДтФДтФДтФДтФДтФДтФДтФДтФДтФДтФДтФДтФДтФДтФДтФДтФДтФДтФДтФДтФДтФДтФДтФДтФДтФДтФДтФДтФДтФДтФДтФДтФДтФДтФДтФДтФДтФДтФДтФДтФДтФДтФДтФДтФДтФДтФДтФДтФДтФДтФДтФДтФДтФДтФДтФДтФДтФДтФДтФДтФДтФДтФДтФДтФДтФДтФДтФДтФД
тФВ ЁЯРЫ Multi-factor test detected
тФФтФАтФАтФАтФАтФАтФАтФАтФАтФАтФАтФАтФАтФАтФАтФАтФАтФАтФАтФАтФАтФАтФАтФАтФАтФАтФАтФАтФАтФАтФАтФАтФАтФАтФАтФАтФАтФАтФАтФАтФАтФАтФАтФАтФАтФАтФАтФАтФАтФАтФАтФАтФАтФАтФАтФАтФАтФАтФАтФАтФАтФАтФАтФАтФАтФАтФАтФАтФАтФАтФАтФАтФАтФАтФАтФАтФАтФАтФАтФАтФАтФАтФАтФАтФАтФАтФАтФАтФАтФАтФАтФАтФАтФАтФАтФАтФАтФАтФАтФАтФАтФАтФАтФАтФАтФАтФАтФАтФАтФАтФАтФАтФАтФАтФАтФАтФАтФАтФАтФА
тФМтФАтФАтФАтФАтФАтФАтФАтФАтФАтФАтФАтФАтФАтФАтФАтФАтФАтФАтФАтФАтФАтФАтФАтФАтФАтФАтФАтФАтФАтФАтФАтФАтФАтФАтФАтФАтФАтФАтФАтФАтФАтФАтФАтФАтФАтФАтФАтФАтФАтФАтФАтФАтФАтФАтФАтФАтФАтФАтФАтФАтФАтФАтФАтФАтФАтФАтФАтФАтФАтФАтФАтФАтФАтФАтФАтФАтФАтФАтФАтФАтФАтФАтФАтФАтФАтФАтФАтФАтФАтФАтФАтФАтФАтФАтФАтФАтФАтФАтФАтФАтФАтФАтФАтФАтФАтФАтФАтФАтФАтФАтФАтФАтФАтФАтФАтФАтФАтФАтФА
тФВ #0   TestService.completeTest (package:psycho_tests/services/test_service.dart:57:19)
тФВ #1   main.<anonymous closure>.<anonymous closure> (file:///D:/Work/psycho_app/0.0.1.x_dev/test/services/test_service_test.dart:210:40)
тФЬтФДтФДтФДтФДтФДтФДтФДтФДтФДтФДтФДтФДтФДтФДтФДтФДтФДтФДтФДтФДтФДтФДтФДтФДтФДтФДтФДтФДтФДтФДтФДтФДтФДтФДтФДтФДтФДтФДтФДтФДтФДтФДтФДтФДтФДтФДтФДтФДтФДтФДтФДтФДтФДтФДтФДтФДтФДтФДтФДтФДтФДтФДтФДтФДтФДтФДтФДтФДтФДтФДтФДтФДтФДтФДтФДтФДтФДтФДтФДтФДтФДтФДтФДтФДтФДтФДтФДтФДтФДтФДтФДтФДтФДтФДтФДтФДтФДтФДтФДтФДтФДтФДтФДтФДтФДтФДтФДтФДтФДтФДтФДтФДтФДтФДтФДтФДтФДтФДтФД
тФВ ЁЯРЫ Calling _completeMultiFactorTest()
тФФтФАтФАтФАтФАтФАтФАтФАтФАтФАтФАтФАтФАтФАтФАтФАтФАтФАтФАтФАтФАтФАтФАтФАтФАтФАтФАтФАтФАтФАтФАтФАтФАтФАтФАтФАтФАтФАтФАтФАтФАтФАтФАтФАтФАтФАтФАтФАтФАтФАтФАтФАтФАтФАтФАтФАтФАтФАтФАтФАтФАтФАтФАтФАтФАтФАтФАтФАтФАтФАтФАтФАтФАтФАтФАтФАтФАтФАтФАтФАтФАтФАтФАтФАтФАтФАтФАтФАтФАтФАтФАтФАтФАтФАтФАтФАтФАтФАтФАтФАтФАтФАтФАтФАтФАтФАтФАтФАтФАтФАтФАтФАтФАтФАтФАтФАтФАтФАтФАтФА
00:00 +15 -13: D:/Work/psycho_app/0.0.1.x_dev/test/services/test_service_test.dart: completeTest() - Multi-Factor Tests stores question contributions for transparency [E]
  Bad state: No element
  dart:collection                                        ListBase.firstWhere
  package:psycho_tests/services/test_service.dart 92:49  TestService._completeMultiFactorTest
  package:psycho_tests/services/test_service.dart 59:16  TestService.completeTest
  test\services\test_service_test.dart 210:40            main.<fn>.<fn>
  
00:00 +15 -13: D:/Work/psycho_app/0.0.1.x_dev/test/services/test_service_test.dart: completeTest() - Multi-Factor Tests each factor score has valid interpretation
тФМтФАтФАтФАтФАтФАтФАтФАтФАтФАтФАтФАтФАтФАтФАтФАтФАтФАтФАтФАтФАтФАтФАтФАтФАтФАтФАтФАтФАтФАтФАтФАтФАтФАтФАтФАтФАтФАтФАтФАтФАтФАтФАтФАтФАтФАтФАтФАтФАтФАтФАтФАтФАтФАтФАтФАтФАтФАтФАтФАтФАтФАтФАтФАтФАтФАтФАтФАтФАтФАтФАтФАтФАтФАтФАтФАтФАтФАтФАтФАтФАтФАтФАтФАтФАтФАтФАтФАтФАтФАтФАтФАтФАтФАтФАтФАтФАтФАтФАтФАтФАтФАтФАтФАтФАтФАтФАтФАтФАтФАтФАтФАтФАтФАтФАтФАтФАтФАтФАтФА
тФВ #0   TestService.completeTest (package:psycho_tests/services/test_service.dart:43:15)
тФВ #1   main.<anonymous closure>.<anonymous closure> (file:///D:/Work/psycho_app/0.0.1.x_dev/test/services/test_service_test.dart:229:40)
тФЬтФДтФДтФДтФДтФДтФДтФДтФДтФДтФДтФДтФДтФДтФДтФДтФДтФДтФДтФДтФДтФДтФДтФДтФДтФДтФДтФДтФДтФДтФДтФДтФДтФДтФДтФДтФДтФДтФДтФДтФДтФДтФДтФДтФДтФДтФДтФДтФДтФДтФДтФДтФДтФДтФДтФДтФДтФДтФДтФДтФДтФДтФДтФДтФДтФДтФДтФДтФДтФДтФДтФДтФДтФДтФДтФДтФДтФДтФДтФДтФДтФДтФДтФДтФДтФДтФДтФДтФДтФДтФДтФДтФДтФДтФДтФДтФДтФДтФДтФДтФДтФДтФДтФДтФДтФДтФДтФДтФДтФДтФДтФДтФДтФДтФДтФДтФДтФДтФДтФД
тФВ ЁЯРЫ ===== completeTest() CALLED =====
тФФтФАтФАтФАтФАтФАтФАтФАтФАтФАтФАтФАтФАтФАтФАтФАтФАтФАтФАтФАтФАтФАтФАтФАтФАтФАтФАтФАтФАтФАтФАтФАтФАтФАтФАтФАтФАтФАтФАтФАтФАтФАтФАтФАтФАтФАтФАтФАтФАтФАтФАтФАтФАтФАтФАтФАтФАтФАтФАтФАтФАтФАтФАтФАтФАтФАтФАтФАтФАтФАтФАтФАтФАтФАтФАтФАтФАтФАтФАтФАтФАтФАтФАтФАтФАтФАтФАтФАтФАтФАтФАтФАтФАтФАтФАтФАтФАтФАтФАтФАтФАтФАтФАтФАтФАтФАтФАтФАтФАтФАтФАтФАтФАтФАтФАтФАтФАтФАтФАтФА
тФМтФАтФАтФАтФАтФАтФАтФАтФАтФАтФАтФАтФАтФАтФАтФАтФАтФАтФАтФАтФАтФАтФАтФАтФАтФАтФАтФАтФАтФАтФАтФАтФАтФАтФАтФАтФАтФАтФАтФАтФАтФАтФАтФАтФАтФАтФАтФАтФАтФАтФАтФАтФАтФАтФАтФАтФАтФАтФАтФАтФАтФАтФАтФАтФАтФАтФАтФАтФАтФАтФАтФАтФАтФАтФАтФАтФАтФАтФАтФАтФАтФАтФАтФАтФАтФАтФАтФАтФАтФАтФАтФАтФАтФАтФАтФАтФАтФАтФАтФАтФАтФАтФАтФАтФАтФАтФАтФАтФАтФАтФАтФАтФАтФАтФАтФАтФАтФАтФАтФА
тФВ #0   TestService.completeTest (package:psycho_tests/services/test_service.dart:44:15)
тФВ #1   main.<anonymous closure>.<anonymous closure> (file:///D:/Work/psycho_app/0.0.1.x_dev/test/services/test_service_test.dart:229:40)
тФЬтФДтФДтФДтФДтФДтФДтФДтФДтФДтФДтФДтФДтФДтФДтФДтФДтФДтФДтФДтФДтФДтФДтФДтФДтФДтФДтФДтФДтФДтФДтФДтФДтФДтФДтФДтФДтФДтФДтФДтФДтФДтФДтФДтФДтФДтФДтФДтФДтФДтФДтФДтФДтФДтФДтФДтФДтФДтФДтФДтФДтФДтФДтФДтФДтФДтФДтФДтФДтФДтФДтФДтФДтФДтФДтФДтФДтФДтФДтФДтФДтФДтФДтФДтФДтФДтФДтФДтФДтФДтФДтФДтФДтФДтФДтФДтФДтФДтФДтФДтФДтФДтФДтФДтФДтФДтФДтФДтФДтФДтФДтФДтФДтФДтФДтФДтФДтФДтФДтФД
тФВ ЁЯРЫ testId: ipip_big_five
тФФтФАтФАтФАтФАтФАтФАтФАтФАтФАтФАтФАтФАтФАтФАтФАтФАтФАтФАтФАтФАтФАтФАтФАтФАтФАтФАтФАтФАтФАтФАтФАтФАтФАтФАтФАтФАтФАтФАтФАтФАтФАтФАтФАтФАтФАтФАтФАтФАтФАтФАтФАтФАтФАтФАтФАтФАтФАтФАтФАтФАтФАтФАтФАтФАтФАтФАтФАтФАтФАтФАтФАтФАтФАтФАтФАтФАтФАтФАтФАтФАтФАтФАтФАтФАтФАтФАтФАтФАтФАтФАтФАтФАтФАтФАтФАтФАтФАтФАтФАтФАтФАтФАтФАтФАтФАтФАтФАтФАтФАтФАтФАтФАтФАтФАтФАтФАтФАтФАтФА
тФМтФАтФАтФАтФАтФАтФАтФАтФАтФАтФАтФАтФАтФАтФАтФАтФАтФАтФАтФАтФАтФАтФАтФАтФАтФАтФАтФАтФАтФАтФАтФАтФАтФАтФАтФАтФАтФАтФАтФАтФАтФАтФАтФАтФАтФАтФАтФАтФАтФАтФАтФАтФАтФАтФАтФАтФАтФАтФАтФАтФАтФАтФАтФАтФАтФАтФАтФАтФАтФАтФАтФАтФАтФАтФАтФАтФАтФАтФАтФАтФАтФАтФАтФАтФАтФАтФАтФАтФАтФАтФАтФАтФАтФАтФАтФАтФАтФАтФАтФАтФАтФАтФАтФАтФАтФАтФАтФАтФАтФАтФАтФАтФАтФАтФАтФАтФАтФАтФАтФА
тФВ #0   TestService.completeTest (package:psycho_tests/services/test_service.dart:45:15)
тФВ #1   main.<anonymous closure>.<anonymous closure> (file:///D:/Work/psycho_app/0.0.1.x_dev/test/services/test_service_test.dart:229:40)
тФЬтФДтФДтФДтФДтФДтФДтФДтФДтФДтФДтФДтФДтФДтФДтФДтФДтФДтФДтФДтФДтФДтФДтФДтФДтФДтФДтФДтФДтФДтФДтФДтФДтФДтФДтФДтФДтФДтФДтФДтФДтФДтФДтФДтФДтФДтФДтФДтФДтФДтФДтФДтФДтФДтФДтФДтФДтФДтФДтФДтФДтФДтФДтФДтФДтФДтФДтФДтФДтФДтФДтФДтФДтФДтФДтФДтФДтФДтФДтФДтФДтФДтФДтФДтФДтФДтФДтФДтФДтФДтФДтФДтФДтФДтФДтФДтФДтФДтФДтФДтФДтФДтФДтФДтФДтФДтФДтФДтФДтФДтФДтФДтФДтФДтФДтФДтФДтФДтФДтФД
тФВ ЁЯРЫ type: TestType.multiFactor
тФФтФАтФАтФАтФАтФАтФАтФАтФАтФАтФАтФАтФАтФАтФАтФАтФАтФАтФАтФАтФАтФАтФАтФАтФАтФАтФАтФАтФАтФАтФАтФАтФАтФАтФАтФАтФАтФАтФАтФАтФАтФАтФАтФАтФАтФАтФАтФАтФАтФАтФАтФАтФАтФАтФАтФАтФАтФАтФАтФАтФАтФАтФАтФАтФАтФАтФАтФАтФАтФАтФАтФАтФАтФАтФАтФАтФАтФАтФАтФАтФАтФАтФАтФАтФАтФАтФАтФАтФАтФАтФАтФАтФАтФАтФАтФАтФАтФАтФАтФАтФАтФАтФАтФАтФАтФАтФАтФАтФАтФАтФАтФАтФАтФАтФАтФАтФАтФАтФАтФА
тФМтФАтФАтФАтФАтФАтФАтФАтФАтФАтФАтФАтФАтФАтФАтФАтФАтФАтФАтФАтФАтФАтФАтФАтФАтФАтФАтФАтФАтФАтФАтФАтФАтФАтФАтФАтФАтФАтФАтФАтФАтФАтФАтФАтФАтФАтФАтФАтФАтФАтФАтФАтФАтФАтФАтФАтФАтФАтФАтФАтФАтФАтФАтФАтФАтФАтФАтФАтФАтФАтФАтФАтФАтФАтФАтФАтФАтФАтФАтФАтФАтФАтФАтФАтФАтФАтФАтФАтФАтФАтФАтФАтФАтФАтФАтФАтФАтФАтФАтФАтФАтФАтФАтФАтФАтФАтФАтФАтФАтФАтФАтФАтФАтФАтФАтФАтФАтФАтФАтФА
тФВ #0   TestService.completeTest (package:psycho_tests/services/test_service.dart:46:15)
тФВ #1   main.<anonymous closure>.<anonymous closure> (file:///D:/Work/psycho_app/0.0.1.x_dev/test/services/test_service_test.dart:229:40)
тФЬтФДтФДтФДтФДтФДтФДтФДтФДтФДтФДтФДтФДтФДтФДтФДтФДтФДтФДтФДтФДтФДтФДтФДтФДтФДтФДтФДтФДтФДтФДтФДтФДтФДтФДтФДтФДтФДтФДтФДтФДтФДтФДтФДтФДтФДтФДтФДтФДтФДтФДтФДтФДтФДтФДтФДтФДтФДтФДтФДтФДтФДтФДтФДтФДтФДтФДтФДтФДтФДтФДтФДтФДтФДтФДтФДтФДтФДтФДтФДтФДтФДтФДтФДтФДтФДтФДтФДтФДтФДтФДтФДтФДтФДтФДтФДтФДтФДтФДтФДтФДтФДтФДтФДтФДтФДтФДтФДтФДтФДтФДтФДтФДтФДтФДтФДтФДтФДтФДтФД
тФВ ЁЯРЫ isBipolar: false
тФФтФАтФАтФАтФАтФАтФАтФАтФАтФАтФАтФАтФАтФАтФАтФАтФАтФАтФАтФАтФАтФАтФАтФАтФАтФАтФАтФАтФАтФАтФАтФАтФАтФАтФАтФАтФАтФАтФАтФАтФАтФАтФАтФАтФАтФАтФАтФАтФАтФАтФАтФАтФАтФАтФАтФАтФАтФАтФАтФАтФАтФАтФАтФАтФАтФАтФАтФАтФАтФАтФАтФАтФАтФАтФАтФАтФАтФАтФАтФАтФАтФАтФАтФАтФАтФАтФАтФАтФАтФАтФАтФАтФАтФАтФАтФАтФАтФАтФАтФАтФАтФАтФАтФАтФАтФАтФАтФАтФАтФАтФАтФАтФАтФАтФАтФАтФАтФАтФАтФА
тФМтФАтФАтФАтФАтФАтФАтФАтФАтФАтФАтФАтФАтФАтФАтФАтФАтФАтФАтФАтФАтФАтФАтФАтФАтФАтФАтФАтФАтФАтФАтФАтФАтФАтФАтФАтФАтФАтФАтФАтФАтФАтФАтФАтФАтФАтФАтФАтФАтФАтФАтФАтФАтФАтФАтФАтФАтФАтФАтФАтФАтФАтФАтФАтФАтФАтФАтФАтФАтФАтФАтФАтФАтФАтФАтФАтФАтФАтФАтФАтФАтФАтФАтФАтФАтФАтФАтФАтФАтФАтФАтФАтФАтФАтФАтФАтФАтФАтФАтФАтФАтФАтФАтФАтФАтФАтФАтФАтФАтФАтФАтФАтФАтФАтФАтФАтФАтФАтФАтФА
тФВ #0   TestService.completeTest (package:psycho_tests/services/test_service.dart:47:15)
тФВ #1   main.<anonymous closure>.<anonymous closure> (file:///D:/Work/psycho_app/0.0.1.x_dev/test/services/test_service_test.dart:229:40)
тФЬтФДтФДтФДтФДтФДтФДтФДтФДтФДтФДтФДтФДтФДтФДтФДтФДтФДтФДтФДтФДтФДтФДтФДтФДтФДтФДтФДтФДтФДтФДтФДтФДтФДтФДтФДтФДтФДтФДтФДтФДтФДтФДтФДтФДтФДтФДтФДтФДтФДтФДтФДтФДтФДтФДтФДтФДтФДтФДтФДтФДтФДтФДтФДтФДтФДтФДтФДтФДтФДтФДтФДтФДтФДтФДтФДтФДтФДтФДтФДтФДтФДтФДтФДтФДтФДтФДтФДтФДтФДтФДтФДтФДтФДтФДтФДтФДтФДтФДтФДтФДтФДтФДтФДтФДтФДтФДтФДтФДтФДтФДтФДтФДтФДтФДтФДтФДтФДтФДтФД
тФВ ЁЯРЫ bipolarDimensions: null
тФФтФАтФАтФАтФАтФАтФАтФАтФАтФАтФАтФАтФАтФАтФАтФАтФАтФАтФАтФАтФАтФАтФАтФАтФАтФАтФАтФАтФАтФАтФАтФАтФАтФАтФАтФАтФАтФАтФАтФАтФАтФАтФАтФАтФАтФАтФАтФАтФАтФАтФАтФАтФАтФАтФАтФАтФАтФАтФАтФАтФАтФАтФАтФАтФАтФАтФАтФАтФАтФАтФАтФАтФАтФАтФАтФАтФАтФАтФАтФАтФАтФАтФАтФАтФАтФАтФАтФАтФАтФАтФАтФАтФАтФАтФАтФАтФАтФАтФАтФАтФАтФАтФАтФАтФАтФАтФАтФАтФАтФАтФАтФАтФАтФАтФАтФАтФАтФАтФАтФА
тФМтФАтФАтФАтФАтФАтФАтФАтФАтФАтФАтФАтФАтФАтФАтФАтФАтФАтФАтФАтФАтФАтФАтФАтФАтФАтФАтФАтФАтФАтФАтФАтФАтФАтФАтФАтФАтФАтФАтФАтФАтФАтФАтФАтФАтФАтФАтФАтФАтФАтФАтФАтФАтФАтФАтФАтФАтФАтФАтФАтФАтФАтФАтФАтФАтФАтФАтФАтФАтФАтФАтФАтФАтФАтФАтФАтФАтФАтФАтФАтФАтФАтФАтФАтФАтФАтФАтФАтФАтФАтФАтФАтФАтФАтФАтФАтФАтФАтФАтФАтФАтФАтФАтФАтФАтФАтФАтФАтФАтФАтФАтФАтФАтФАтФАтФАтФАтФАтФАтФА
тФВ #0   TestService.completeTest (package:psycho_tests/services/test_service.dart:51:17)
тФВ #1   main.<anonymous closure>.<anonymous closure> (file:///D:/Work/psycho_app/0.0.1.x_dev/test/services/test_service_test.dart:229:40)
тФЬтФДтФДтФДтФДтФДтФДтФДтФДтФДтФДтФДтФДтФДтФДтФДтФДтФДтФДтФДтФДтФДтФДтФДтФДтФДтФДтФДтФДтФДтФДтФДтФДтФДтФДтФДтФДтФДтФДтФДтФДтФДтФДтФДтФДтФДтФДтФДтФДтФДтФДтФДтФДтФДтФДтФДтФДтФДтФДтФДтФДтФДтФДтФДтФДтФДтФДтФДтФДтФДтФДтФДтФДтФДтФДтФДтФДтФДтФДтФДтФДтФДтФДтФДтФДтФДтФДтФДтФДтФДтФДтФДтФДтФДтФДтФДтФДтФДтФДтФДтФДтФДтФДтФДтФДтФДтФДтФДтФДтФДтФДтФДтФДтФДтФДтФДтФДтФДтФДтФД
тФВ ЁЯРЫ Multi-factor test detected
тФФтФАтФАтФАтФАтФАтФАтФАтФАтФАтФАтФАтФАтФАтФАтФАтФАтФАтФАтФАтФАтФАтФАтФАтФАтФАтФАтФАтФАтФАтФАтФАтФАтФАтФАтФАтФАтФАтФАтФАтФАтФАтФАтФАтФАтФАтФАтФАтФАтФАтФАтФАтФАтФАтФАтФАтФАтФАтФАтФАтФАтФАтФАтФАтФАтФАтФАтФАтФАтФАтФАтФАтФАтФАтФАтФАтФАтФАтФАтФАтФАтФАтФАтФАтФАтФАтФАтФАтФАтФАтФАтФАтФАтФАтФАтФАтФАтФАтФАтФАтФАтФАтФАтФАтФАтФАтФАтФАтФАтФАтФАтФАтФАтФАтФАтФАтФАтФАтФАтФА
тФМтФАтФАтФАтФАтФАтФАтФАтФАтФАтФАтФАтФАтФАтФАтФАтФАтФАтФАтФАтФАтФАтФАтФАтФАтФАтФАтФАтФАтФАтФАтФАтФАтФАтФАтФАтФАтФАтФАтФАтФАтФАтФАтФАтФАтФАтФАтФАтФАтФАтФАтФАтФАтФАтФАтФАтФАтФАтФАтФАтФАтФАтФАтФАтФАтФАтФАтФАтФАтФАтФАтФАтФАтФАтФАтФАтФАтФАтФАтФАтФАтФАтФАтФАтФАтФАтФАтФАтФАтФАтФАтФАтФАтФАтФАтФАтФАтФАтФАтФАтФАтФАтФАтФАтФАтФАтФАтФАтФАтФАтФАтФАтФАтФАтФАтФАтФАтФАтФАтФА
тФВ #0   TestService.completeTest (package:psycho_tests/services/test_service.dart:57:19)
тФВ #1   main.<anonymous closure>.<anonymous closure> (file:///D:/Work/psycho_app/0.0.1.x_dev/test/services/test_service_test.dart:229:40)
тФЬтФДтФДтФДтФДтФДтФДтФДтФДтФДтФДтФДтФДтФДтФДтФДтФДтФДтФДтФДтФДтФДтФДтФДтФДтФДтФДтФДтФДтФДтФДтФДтФДтФДтФДтФДтФДтФДтФДтФДтФДтФДтФДтФДтФДтФДтФДтФДтФДтФДтФДтФДтФДтФДтФДтФДтФДтФДтФДтФДтФДтФДтФДтФДтФДтФДтФДтФДтФДтФДтФДтФДтФДтФДтФДтФДтФДтФДтФДтФДтФДтФДтФДтФДтФДтФДтФДтФДтФДтФДтФДтФДтФДтФДтФДтФДтФДтФДтФДтФДтФДтФДтФДтФДтФДтФДтФДтФДтФДтФДтФДтФДтФДтФДтФДтФДтФДтФДтФДтФД
тФВ ЁЯРЫ Calling _completeMultiFactorTest()
тФФтФАтФАтФАтФАтФАтФАтФАтФАтФАтФАтФАтФАтФАтФАтФАтФАтФАтФАтФАтФАтФАтФАтФАтФАтФАтФАтФАтФАтФАтФАтФАтФАтФАтФАтФАтФАтФАтФАтФАтФАтФАтФАтФАтФАтФАтФАтФАтФАтФАтФАтФАтФАтФАтФАтФАтФАтФАтФАтФАтФАтФАтФАтФАтФАтФАтФАтФАтФАтФАтФАтФАтФАтФАтФАтФАтФАтФАтФАтФАтФАтФАтФАтФАтФАтФАтФАтФАтФАтФАтФАтФАтФАтФАтФАтФАтФАтФАтФАтФАтФАтФАтФАтФАтФАтФАтФАтФАтФАтФАтФАтФАтФАтФАтФАтФАтФАтФАтФАтФА
00:00 +15 -14: D:/Work/psycho_app/0.0.1.x_dev/test/services/test_service_test.dart: completeTest() - Multi-Factor Tests each factor score has valid interpretation [E]
  Bad state: No element
  dart:collection                                        ListBase.firstWhere
  package:psycho_tests/services/test_service.dart 92:49  TestService._completeMultiFactorTest
  package:psycho_tests/services/test_service.dart 59:16  TestService.completeTest
  test\services\test_service_test.dart 229:40            main.<fn>.<fn>
  
00:00 +15 -14: D:/Work/psycho_app/0.0.1.x_dev/test/services/test_service_test.dart: completeTest() - Bipolar Tests (16 Types) calculates bipolar dimension scores correctly
тФМтФАтФАтФАтФАтФАтФАтФАтФАтФАтФАтФАтФАтФАтФАтФАтФАтФАтФАтФАтФАтФАтФАтФАтФАтФАтФАтФАтФАтФАтФАтФАтФАтФАтФАтФАтФАтФАтФАтФАтФАтФАтФАтФАтФАтФАтФАтФАтФАтФАтФАтФАтФАтФАтФАтФАтФАтФАтФАтФАтФАтФАтФАтФАтФАтФАтФАтФАтФАтФАтФАтФАтФАтФАтФАтФАтФАтФАтФАтФАтФАтФАтФАтФАтФАтФАтФАтФАтФАтФАтФАтФАтФАтФАтФАтФАтФАтФАтФАтФАтФАтФАтФАтФАтФАтФАтФАтФАтФАтФАтФАтФАтФАтФАтФАтФАтФАтФАтФАтФА
тФВ #0   TestService.completeTest (package:psycho_tests/services/test_service.dart:43:15)
тФВ #1   main.<anonymous closure>.<anonymous closure> (file:///D:/Work/psycho_app/0.0.1.x_dev/test/services/test_service_test.dart:246:40)
тФЬтФДтФДтФДтФДтФДтФДтФДтФДтФДтФДтФДтФДтФДтФДтФДтФДтФДтФДтФДтФДтФДтФДтФДтФДтФДтФДтФДтФДтФДтФДтФДтФДтФДтФДтФДтФДтФДтФДтФДтФДтФДтФДтФДтФДтФДтФДтФДтФДтФДтФДтФДтФДтФДтФДтФДтФДтФДтФДтФДтФДтФДтФДтФДтФДтФДтФДтФДтФДтФДтФДтФДтФДтФДтФДтФДтФДтФДтФДтФДтФДтФДтФДтФДтФДтФДтФДтФДтФДтФДтФДтФДтФДтФДтФДтФДтФДтФДтФДтФДтФДтФДтФДтФДтФДтФДтФДтФДтФДтФДтФДтФДтФДтФДтФДтФДтФДтФДтФДтФД
тФВ ЁЯРЫ ===== completeTest() CALLED =====
тФФтФАтФАтФАтФАтФАтФАтФАтФАтФАтФАтФАтФАтФАтФАтФАтФАтФАтФАтФАтФАтФАтФАтФАтФАтФАтФАтФАтФАтФАтФАтФАтФАтФАтФАтФАтФАтФАтФАтФАтФАтФАтФАтФАтФАтФАтФАтФАтФАтФАтФАтФАтФАтФАтФАтФАтФАтФАтФАтФАтФАтФАтФАтФАтФАтФАтФАтФАтФАтФАтФАтФАтФАтФАтФАтФАтФАтФАтФАтФАтФАтФАтФАтФАтФАтФАтФАтФАтФАтФАтФАтФАтФАтФАтФАтФАтФАтФАтФАтФАтФАтФАтФАтФАтФАтФАтФАтФАтФАтФАтФАтФАтФАтФАтФАтФАтФАтФАтФАтФА
тФМтФАтФАтФАтФАтФАтФАтФАтФАтФАтФАтФАтФАтФАтФАтФАтФАтФАтФАтФАтФАтФАтФАтФАтФАтФАтФАтФАтФАтФАтФАтФАтФАтФАтФАтФАтФАтФАтФАтФАтФАтФАтФАтФАтФАтФАтФАтФАтФАтФАтФАтФАтФАтФАтФАтФАтФАтФАтФАтФАтФАтФАтФАтФАтФАтФАтФАтФАтФАтФАтФАтФАтФАтФАтФАтФАтФАтФАтФАтФАтФАтФАтФАтФАтФАтФАтФАтФАтФАтФАтФАтФАтФАтФАтФАтФАтФАтФАтФАтФАтФАтФАтФАтФАтФАтФАтФАтФАтФАтФАтФАтФАтФАтФАтФАтФАтФАтФАтФАтФА
тФВ #0   TestService.completeTest (package:psycho_tests/services/test_service.dart:44:15)
тФВ #1   main.<anonymous closure>.<anonymous closure> (file:///D:/Work/psycho_app/0.0.1.x_dev/test/services/test_service_test.dart:246:40)
тФЬтФДтФДтФДтФДтФДтФДтФДтФДтФДтФДтФДтФДтФДтФДтФДтФДтФДтФДтФДтФДтФДтФДтФДтФДтФДтФДтФДтФДтФДтФДтФДтФДтФДтФДтФДтФДтФДтФДтФДтФДтФДтФДтФДтФДтФДтФДтФДтФДтФДтФДтФДтФДтФДтФДтФДтФДтФДтФДтФДтФДтФДтФДтФДтФДтФДтФДтФДтФДтФДтФДтФДтФДтФДтФДтФДтФДтФДтФДтФДтФДтФДтФДтФДтФДтФДтФДтФДтФДтФДтФДтФДтФДтФДтФДтФДтФДтФДтФДтФДтФДтФДтФДтФДтФДтФДтФДтФДтФДтФДтФДтФДтФДтФДтФДтФДтФДтФДтФДтФД
тФВ ЁЯРЫ testId: sixteen_types
тФФтФАтФАтФАтФАтФАтФАтФАтФАтФАтФАтФАтФАтФАтФАтФАтФАтФАтФАтФАтФАтФАтФАтФАтФАтФАтФАтФАтФАтФАтФАтФАтФАтФАтФАтФАтФАтФАтФАтФАтФАтФАтФАтФАтФАтФАтФАтФАтФАтФАтФАтФАтФАтФАтФАтФАтФАтФАтФАтФАтФАтФАтФАтФАтФАтФАтФАтФАтФАтФАтФАтФАтФАтФАтФАтФАтФАтФАтФАтФАтФАтФАтФАтФАтФАтФАтФАтФАтФАтФАтФАтФАтФАтФАтФАтФАтФАтФАтФАтФАтФАтФАтФАтФАтФАтФАтФАтФАтФАтФАтФАтФАтФАтФАтФАтФАтФАтФАтФАтФА
тФМтФАтФАтФАтФАтФАтФАтФАтФАтФАтФАтФАтФАтФАтФАтФАтФАтФАтФАтФАтФАтФАтФАтФАтФАтФАтФАтФАтФАтФАтФАтФАтФАтФАтФАтФАтФАтФАтФАтФАтФАтФАтФАтФАтФАтФАтФАтФАтФАтФАтФАтФАтФАтФАтФАтФАтФАтФАтФАтФАтФАтФАтФАтФАтФАтФАтФАтФАтФАтФАтФАтФАтФАтФАтФАтФАтФАтФАтФАтФАтФАтФАтФАтФАтФАтФАтФАтФАтФАтФАтФАтФАтФАтФАтФАтФАтФАтФАтФАтФАтФАтФАтФАтФАтФАтФАтФАтФАтФАтФАтФАтФАтФАтФАтФАтФАтФАтФАтФАтФА
тФВ #0   TestService.completeTest (package:psycho_tests/services/test_service.dart:45:15)
тФВ #1   main.<anonymous closure>.<anonymous closure> (file:///D:/Work/psycho_app/0.0.1.x_dev/test/services/test_service_test.dart:246:40)
тФЬтФДтФДтФДтФДтФДтФДтФДтФДтФДтФДтФДтФДтФДтФДтФДтФДтФДтФДтФДтФДтФДтФДтФДтФДтФДтФДтФДтФДтФДтФДтФДтФДтФДтФДтФДтФДтФДтФДтФДтФДтФДтФДтФДтФДтФДтФДтФДтФДтФДтФДтФДтФДтФДтФДтФДтФДтФДтФДтФДтФДтФДтФДтФДтФДтФДтФДтФДтФДтФДтФДтФДтФДтФДтФДтФДтФДтФДтФДтФДтФДтФДтФДтФДтФДтФДтФДтФДтФДтФДтФДтФДтФДтФДтФДтФДтФДтФДтФДтФДтФДтФДтФДтФДтФДтФДтФДтФДтФДтФДтФДтФДтФДтФДтФДтФДтФДтФДтФДтФД
тФВ ЁЯРЫ type: TestType.multiFactor
тФФтФАтФАтФАтФАтФАтФАтФАтФАтФАтФАтФАтФАтФАтФАтФАтФАтФАтФАтФАтФАтФАтФАтФАтФАтФАтФАтФАтФАтФАтФАтФАтФАтФАтФАтФАтФАтФАтФАтФАтФАтФАтФАтФАтФАтФАтФАтФАтФАтФАтФАтФАтФАтФАтФАтФАтФАтФАтФАтФАтФАтФАтФАтФАтФАтФАтФАтФАтФАтФАтФАтФАтФАтФАтФАтФАтФАтФАтФАтФАтФАтФАтФАтФАтФАтФАтФАтФАтФАтФАтФАтФАтФАтФАтФАтФАтФАтФАтФАтФАтФАтФАтФАтФАтФАтФАтФАтФАтФАтФАтФАтФАтФАтФАтФАтФАтФАтФАтФАтФА
тФМтФАтФАтФАтФАтФАтФАтФАтФАтФАтФАтФАтФАтФАтФАтФАтФАтФАтФАтФАтФАтФАтФАтФАтФАтФАтФАтФАтФАтФАтФАтФАтФАтФАтФАтФАтФАтФАтФАтФАтФАтФАтФАтФАтФАтФАтФАтФАтФАтФАтФАтФАтФАтФАтФАтФАтФАтФАтФАтФАтФАтФАтФАтФАтФАтФАтФАтФАтФАтФАтФАтФАтФАтФАтФАтФАтФАтФАтФАтФАтФАтФАтФАтФАтФАтФАтФАтФАтФАтФАтФАтФАтФАтФАтФАтФАтФАтФАтФАтФАтФАтФАтФАтФАтФАтФАтФАтФАтФАтФАтФАтФАтФАтФАтФАтФАтФАтФАтФАтФА
тФВ #0   TestService.completeTest (package:psycho_tests/services/test_service.dart:46:15)
тФВ #1   main.<anonymous closure>.<anonymous closure> (file:///D:/Work/psycho_app/0.0.1.x_dev/test/services/test_service_test.dart:246:40)
тФЬтФДтФДтФДтФДтФДтФДтФДтФДтФДтФДтФДтФДтФДтФДтФДтФДтФДтФДтФДтФДтФДтФДтФДтФДтФДтФДтФДтФДтФДтФДтФДтФДтФДтФДтФДтФДтФДтФДтФДтФДтФДтФДтФДтФДтФДтФДтФДтФДтФДтФДтФДтФДтФДтФДтФДтФДтФДтФДтФДтФДтФДтФДтФДтФДтФДтФДтФДтФДтФДтФДтФДтФДтФДтФДтФДтФДтФДтФДтФДтФДтФДтФДтФДтФДтФДтФДтФДтФДтФДтФДтФДтФДтФДтФДтФДтФДтФДтФДтФДтФДтФДтФДтФДтФДтФДтФДтФДтФДтФДтФДтФДтФДтФДтФДтФДтФДтФДтФДтФД
тФВ ЁЯРЫ isBipolar: true
тФФтФАтФАтФАтФАтФАтФАтФАтФАтФАтФАтФАтФАтФАтФАтФАтФАтФАтФАтФАтФАтФАтФАтФАтФАтФАтФАтФАтФАтФАтФАтФАтФАтФАтФАтФАтФАтФАтФАтФАтФАтФАтФАтФАтФАтФАтФАтФАтФАтФАтФАтФАтФАтФАтФАтФАтФАтФАтФАтФАтФАтФАтФАтФАтФАтФАтФАтФАтФАтФАтФАтФАтФАтФАтФАтФАтФАтФАтФАтФАтФАтФАтФАтФАтФАтФАтФАтФАтФАтФАтФАтФАтФАтФАтФАтФАтФАтФАтФАтФАтФАтФАтФАтФАтФАтФАтФАтФАтФАтФАтФАтФАтФАтФАтФАтФАтФАтФАтФАтФА
тФМтФАтФАтФАтФАтФАтФАтФАтФАтФАтФАтФАтФАтФАтФАтФАтФАтФАтФАтФАтФАтФАтФАтФАтФАтФАтФАтФАтФАтФАтФАтФАтФАтФАтФАтФАтФАтФАтФАтФАтФАтФАтФАтФАтФАтФАтФАтФАтФАтФАтФАтФАтФАтФАтФАтФАтФАтФАтФАтФАтФАтФАтФАтФАтФАтФАтФАтФАтФАтФАтФАтФАтФАтФАтФАтФАтФАтФАтФАтФАтФАтФАтФАтФАтФАтФАтФАтФАтФАтФАтФАтФАтФАтФАтФАтФАтФАтФАтФАтФАтФАтФАтФАтФАтФАтФАтФАтФАтФАтФАтФАтФАтФАтФАтФАтФАтФАтФАтФАтФА
тФВ #0   TestService.completeTest (package:psycho_tests/services/test_service.dart:47:15)
тФВ #1   main.<anonymous closure>.<anonymous closure> (file:///D:/Work/psycho_app/0.0.1.x_dev/test/services/test_service_test.dart:246:40)
тФЬтФДтФДтФДтФДтФДтФДтФДтФДтФДтФДтФДтФДтФДтФДтФДтФДтФДтФДтФДтФДтФДтФДтФДтФДтФДтФДтФДтФДтФДтФДтФДтФДтФДтФДтФДтФДтФДтФДтФДтФДтФДтФДтФДтФДтФДтФДтФДтФДтФДтФДтФДтФДтФДтФДтФДтФДтФДтФДтФДтФДтФДтФДтФДтФДтФДтФДтФДтФДтФДтФДтФДтФДтФДтФДтФДтФДтФДтФДтФДтФДтФДтФДтФДтФДтФДтФДтФДтФДтФДтФДтФДтФДтФДтФДтФДтФДтФДтФДтФДтФДтФДтФДтФДтФДтФДтФДтФДтФДтФДтФДтФДтФДтФДтФДтФДтФДтФДтФДтФД
тФВ ЁЯРЫ bipolarDimensions: [mbti_ei, mbti_sn, mbti_tf, mbti_jp]
тФФтФАтФАтФАтФАтФАтФАтФАтФАтФАтФАтФАтФАтФАтФАтФАтФАтФАтФАтФАтФАтФАтФАтФАтФАтФАтФАтФАтФАтФАтФАтФАтФАтФАтФАтФАтФАтФАтФАтФАтФАтФАтФАтФАтФАтФАтФАтФАтФАтФАтФАтФАтФАтФАтФАтФАтФАтФАтФАтФАтФАтФАтФАтФАтФАтФАтФАтФАтФАтФАтФАтФАтФАтФАтФАтФАтФАтФАтФАтФАтФАтФАтФАтФАтФАтФАтФАтФАтФАтФАтФАтФАтФАтФАтФАтФАтФАтФАтФАтФАтФАтФАтФАтФАтФАтФАтФАтФАтФАтФАтФАтФАтФАтФАтФАтФАтФАтФАтФАтФА
тФМтФАтФАтФАтФАтФАтФАтФАтФАтФАтФАтФАтФАтФАтФАтФАтФАтФАтФАтФАтФАтФАтФАтФАтФАтФАтФАтФАтФАтФАтФАтФАтФАтФАтФАтФАтФАтФАтФАтФАтФАтФАтФАтФАтФАтФАтФАтФАтФАтФАтФАтФАтФАтФАтФАтФАтФАтФАтФАтФАтФАтФАтФАтФАтФАтФАтФАтФАтФАтФАтФАтФАтФАтФАтФАтФАтФАтФАтФАтФАтФАтФАтФАтФАтФАтФАтФАтФАтФАтФАтФАтФАтФАтФАтФАтФАтФАтФАтФАтФАтФАтФАтФАтФАтФАтФАтФАтФАтФАтФАтФАтФАтФАтФАтФАтФАтФАтФАтФАтФА
тФВ #0   TestService.completeTest (package:psycho_tests/services/test_service.dart:51:17)
тФВ #1   main.<anonymous closure>.<anonymous closure> (file:///D:/Work/psycho_app/0.0.1.x_dev/test/services/test_service_test.dart:246:40)
тФЬтФДтФДтФДтФДтФДтФДтФДтФДтФДтФДтФДтФДтФДтФДтФДтФДтФДтФДтФДтФДтФДтФДтФДтФДтФДтФДтФДтФДтФДтФДтФДтФДтФДтФДтФДтФДтФДтФДтФДтФДтФДтФДтФДтФДтФДтФДтФДтФДтФДтФДтФДтФДтФДтФДтФДтФДтФДтФДтФДтФДтФДтФДтФДтФДтФДтФДтФДтФДтФДтФДтФДтФДтФДтФДтФДтФДтФДтФДтФДтФДтФДтФДтФДтФДтФДтФДтФДтФДтФДтФДтФДтФДтФДтФДтФДтФДтФДтФДтФДтФДтФДтФДтФДтФДтФДтФДтФДтФДтФДтФДтФДтФДтФДтФДтФДтФДтФДтФДтФД
тФВ ЁЯРЫ Multi-factor test detected
тФФтФАтФАтФАтФАтФАтФАтФАтФАтФАтФАтФАтФАтФАтФАтФАтФАтФАтФАтФАтФАтФАтФАтФАтФАтФАтФАтФАтФАтФАтФАтФАтФАтФАтФАтФАтФАтФАтФАтФАтФАтФАтФАтФАтФАтФАтФАтФАтФАтФАтФАтФАтФАтФАтФАтФАтФАтФАтФАтФАтФАтФАтФАтФАтФАтФАтФАтФАтФАтФАтФАтФАтФАтФАтФАтФАтФАтФАтФАтФАтФАтФАтФАтФАтФАтФАтФАтФАтФАтФАтФАтФАтФАтФАтФАтФАтФАтФАтФАтФАтФАтФАтФАтФАтФАтФАтФАтФАтФАтФАтФАтФАтФАтФАтФАтФАтФАтФАтФАтФА
тФМтФАтФАтФАтФАтФАтФАтФАтФАтФАтФАтФАтФАтФАтФАтФАтФАтФАтФАтФАтФАтФАтФАтФАтФАтФАтФАтФАтФАтФАтФАтФАтФАтФАтФАтФАтФАтФАтФАтФАтФАтФАтФАтФАтФАтФАтФАтФАтФАтФАтФАтФАтФАтФАтФАтФАтФАтФАтФАтФАтФАтФАтФАтФАтФАтФАтФАтФАтФАтФАтФАтФАтФАтФАтФАтФАтФАтФАтФАтФАтФАтФАтФАтФАтФАтФАтФАтФАтФАтФАтФАтФАтФАтФАтФАтФАтФАтФАтФАтФАтФАтФАтФАтФАтФАтФАтФАтФАтФАтФАтФАтФАтФАтФАтФАтФАтФАтФАтФАтФА
тФВ #0   TestService.completeTest (package:psycho_tests/services/test_service.dart:54:19)
тФВ #1   main.<anonymous closure>.<anonymous closure> (file:///D:/Work/psycho_app/0.0.1.x_dev/test/services/test_service_test.dart:246:40)
тФЬтФДтФДтФДтФДтФДтФДтФДтФДтФДтФДтФДтФДтФДтФДтФДтФДтФДтФДтФДтФДтФДтФДтФДтФДтФДтФДтФДтФДтФДтФДтФДтФДтФДтФДтФДтФДтФДтФДтФДтФДтФДтФДтФДтФДтФДтФДтФДтФДтФДтФДтФДтФДтФДтФДтФДтФДтФДтФДтФДтФДтФДтФДтФДтФДтФДтФДтФДтФДтФДтФДтФДтФДтФДтФДтФДтФДтФДтФДтФДтФДтФДтФДтФДтФДтФДтФДтФДтФДтФДтФДтФДтФДтФДтФДтФДтФДтФДтФДтФДтФДтФДтФДтФДтФДтФДтФДтФДтФДтФДтФДтФДтФДтФДтФДтФДтФДтФДтФДтФД
тФВ ЁЯРЫ Calling _completeBipolarTest()
тФФтФАтФАтФАтФАтФАтФАтФАтФАтФАтФАтФАтФАтФАтФАтФАтФАтФАтФАтФАтФАтФАтФАтФАтФАтФАтФАтФАтФАтФАтФАтФАтФАтФАтФАтФАтФАтФАтФАтФАтФАтФАтФАтФАтФАтФАтФАтФАтФАтФАтФАтФАтФАтФАтФАтФАтФАтФАтФАтФАтФАтФАтФАтФАтФАтФАтФАтФАтФАтФАтФАтФАтФАтФАтФАтФАтФАтФАтФАтФАтФАтФАтФАтФАтФАтФАтФАтФАтФАтФАтФАтФАтФАтФАтФАтФАтФАтФАтФАтФАтФАтФАтФАтФАтФАтФАтФАтФАтФАтФАтФАтФАтФАтФАтФАтФАтФАтФАтФАтФА
тФМтФАтФАтФАтФАтФАтФАтФАтФАтФАтФАтФАтФАтФАтФАтФАтФАтФАтФАтФАтФАтФАтФАтФАтФАтФАтФАтФАтФАтФАтФАтФАтФАтФАтФАтФАтФАтФАтФАтФАтФАтФАтФАтФАтФАтФАтФАтФАтФАтФАтФАтФАтФАтФАтФАтФАтФАтФАтФАтФАтФАтФАтФАтФАтФАтФАтФАтФАтФАтФАтФАтФАтФАтФАтФАтФАтФАтФАтФАтФАтФАтФАтФАтФАтФАтФАтФАтФАтФАтФАтФАтФАтФАтФАтФАтФАтФАтФАтФАтФАтФАтФАтФАтФАтФАтФАтФАтФАтФАтФАтФАтФАтФАтФАтФАтФАтФАтФАтФАтФА
тФВ #0   TestService._completeBipolarTest (package:psycho_tests/services/test_service.dart:366:15)
тФВ #1   TestService.completeTest (package:psycho_tests/services/test_service.dart:55:16)
тФЬтФДтФДтФДтФДтФДтФДтФДтФДтФДтФДтФДтФДтФДтФДтФДтФДтФДтФДтФДтФДтФДтФДтФДтФДтФДтФДтФДтФДтФДтФДтФДтФДтФДтФДтФДтФДтФДтФДтФДтФДтФДтФДтФДтФДтФДтФДтФДтФДтФДтФДтФДтФДтФДтФДтФДтФДтФДтФДтФДтФДтФДтФДтФДтФДтФДтФДтФДтФДтФДтФДтФДтФДтФДтФДтФДтФДтФДтФДтФДтФДтФДтФДтФДтФДтФДтФДтФДтФДтФДтФДтФДтФДтФДтФДтФДтФДтФДтФДтФДтФДтФДтФДтФДтФДтФДтФДтФДтФДтФДтФДтФДтФДтФДтФДтФДтФДтФДтФДтФД
тФВ ЁЯРЫ ===== START _completeBipolarTest() (UNIPOLAR V2 ALGORITHM) =====
тФФтФАтФАтФАтФАтФАтФАтФАтФАтФАтФАтФАтФАтФАтФАтФАтФАтФАтФАтФАтФАтФАтФАтФАтФАтФАтФАтФАтФАтФАтФАтФАтФАтФАтФАтФАтФАтФАтФАтФАтФАтФАтФАтФАтФАтФАтФАтФАтФАтФАтФАтФАтФАтФАтФАтФАтФАтФАтФАтФАтФАтФАтФАтФАтФАтФАтФАтФАтФАтФАтФАтФАтФАтФАтФАтФАтФАтФАтФАтФАтФАтФАтФАтФАтФАтФАтФАтФАтФАтФАтФАтФАтФАтФАтФАтФАтФАтФАтФАтФАтФАтФАтФАтФАтФАтФАтФАтФАтФАтФАтФАтФАтФАтФАтФАтФАтФАтФАтФАтФА
тФМтФАтФАтФАтФАтФАтФАтФАтФАтФАтФАтФАтФАтФАтФАтФАтФАтФАтФАтФАтФАтФАтФАтФАтФАтФАтФАтФАтФАтФАтФАтФАтФАтФАтФАтФАтФАтФАтФАтФАтФАтФАтФАтФАтФАтФАтФАтФАтФАтФАтФАтФАтФАтФАтФАтФАтФАтФАтФАтФАтФАтФАтФАтФАтФАтФАтФАтФАтФАтФАтФАтФАтФАтФАтФАтФАтФАтФАтФАтФАтФАтФАтФАтФАтФАтФАтФАтФАтФАтФАтФАтФАтФАтФАтФАтФАтФАтФАтФАтФАтФАтФАтФАтФАтФАтФАтФАтФАтФАтФАтФАтФАтФАтФАтФАтФАтФАтФАтФАтФА
тФВ #0   TestService._completeBipolarTest (package:psycho_tests/services/test_service.dart:367:15)
тФВ #1   TestService.completeTest (package:psycho_tests/services/test_service.dart:55:16)
тФЬтФДтФДтФДтФДтФДтФДтФДтФДтФДтФДтФДтФДтФДтФДтФДтФДтФДтФДтФДтФДтФДтФДтФДтФДтФДтФДтФДтФДтФДтФДтФДтФДтФДтФДтФДтФДтФДтФДтФДтФДтФДтФДтФДтФДтФДтФДтФДтФДтФДтФДтФДтФДтФДтФДтФДтФДтФДтФДтФДтФДтФДтФДтФДтФДтФДтФДтФДтФДтФДтФДтФДтФДтФДтФДтФДтФДтФДтФДтФДтФДтФДтФДтФДтФДтФДтФДтФДтФДтФДтФДтФДтФДтФДтФДтФДтФДтФДтФДтФДтФДтФДтФДтФДтФДтФДтФДтФДтФДтФДтФДтФДтФДтФДтФДтФДтФДтФДтФДтФД
тФВ ЁЯРЫ Total questions in test: 80
тФФтФАтФАтФАтФАтФАтФАтФАтФАтФАтФАтФАтФАтФАтФАтФАтФАтФАтФАтФАтФАтФАтФАтФАтФАтФАтФАтФАтФАтФАтФАтФАтФАтФАтФАтФАтФАтФАтФАтФАтФАтФАтФАтФАтФАтФАтФАтФАтФАтФАтФАтФАтФАтФАтФАтФАтФАтФАтФАтФАтФАтФАтФАтФАтФАтФАтФАтФАтФАтФАтФАтФАтФАтФАтФАтФАтФАтФАтФАтФАтФАтФАтФАтФАтФАтФАтФАтФАтФАтФАтФАтФАтФАтФАтФАтФАтФАтФАтФАтФАтФАтФАтФАтФАтФАтФАтФАтФАтФАтФАтФАтФАтФАтФАтФАтФАтФАтФАтФАтФА
тФМтФАтФАтФАтФАтФАтФАтФАтФАтФАтФАтФАтФАтФАтФАтФАтФАтФАтФАтФАтФАтФАтФАтФАтФАтФАтФАтФАтФАтФАтФАтФАтФАтФАтФАтФАтФАтФАтФАтФАтФАтФАтФАтФАтФАтФАтФАтФАтФАтФАтФАтФАтФАтФАтФАтФАтФАтФАтФАтФАтФАтФАтФАтФАтФАтФАтФАтФАтФАтФАтФАтФАтФАтФАтФАтФАтФАтФАтФАтФАтФАтФАтФАтФАтФАтФАтФАтФАтФАтФАтФАтФАтФАтФАтФАтФАтФАтФАтФАтФАтФАтФАтФАтФАтФАтФАтФАтФАтФАтФАтФАтФАтФАтФАтФАтФАтФАтФАтФАтФА
тФВ #0   TestService._completeBipolarTest (package:psycho_tests/services/test_service.dart:368:15)
тФВ #1   TestService.completeTest (package:psycho_tests/services/test_service.dart:55:16)
тФЬтФДтФДтФДтФДтФДтФДтФДтФДтФДтФДтФДтФДтФДтФДтФДтФДтФДтФДтФДтФДтФДтФДтФДтФДтФДтФДтФДтФДтФДтФДтФДтФДтФДтФДтФДтФДтФДтФДтФДтФДтФДтФДтФДтФДтФДтФДтФДтФДтФДтФДтФДтФДтФДтФДтФДтФДтФДтФДтФДтФДтФДтФДтФДтФДтФДтФДтФДтФДтФДтФДтФДтФДтФДтФДтФДтФДтФДтФДтФДтФДтФДтФДтФДтФДтФДтФДтФДтФДтФДтФДтФДтФДтФДтФДтФДтФДтФДтФДтФДтФДтФДтФДтФДтФДтФДтФДтФДтФДтФДтФДтФДтФДтФДтФДтФДтФДтФДтФДтФД
тФВ ЁЯРЫ Total answers: 80
тФФтФАтФАтФАтФАтФАтФАтФАтФАтФАтФАтФАтФАтФАтФАтФАтФАтФАтФАтФАтФАтФАтФАтФАтФАтФАтФАтФАтФАтФАтФАтФАтФАтФАтФАтФАтФАтФАтФАтФАтФАтФАтФАтФАтФАтФАтФАтФАтФАтФАтФАтФАтФАтФАтФАтФАтФАтФАтФАтФАтФАтФАтФАтФАтФАтФАтФАтФАтФАтФАтФАтФАтФАтФАтФАтФАтФАтФАтФАтФАтФАтФАтФАтФАтФАтФАтФАтФАтФАтФАтФАтФАтФАтФАтФАтФАтФАтФАтФАтФАтФАтФАтФАтФАтФАтФАтФАтФАтФАтФАтФАтФАтФАтФАтФАтФАтФАтФАтФАтФА
тФМтФАтФАтФАтФАтФАтФАтФАтФАтФАтФАтФАтФАтФАтФАтФАтФАтФАтФАтФАтФАтФАтФАтФАтФАтФАтФАтФАтФАтФАтФАтФАтФАтФАтФАтФАтФАтФАтФАтФАтФАтФАтФАтФАтФАтФАтФАтФАтФАтФАтФАтФАтФАтФАтФАтФАтФАтФАтФАтФАтФАтФАтФАтФАтФАтФАтФАтФАтФАтФАтФАтФАтФАтФАтФАтФАтФАтФАтФАтФАтФАтФАтФАтФАтФАтФАтФАтФАтФАтФАтФАтФАтФАтФАтФАтФАтФАтФАтФАтФАтФАтФАтФАтФАтФАтФАтФАтФАтФАтФАтФАтФАтФАтФАтФАтФАтФАтФАтФАтФА
тФВ #0   TestService._completeBipolarTest (package:psycho_tests/services/test_service.dart:400:15)
тФВ #1   TestService.completeTest (package:psycho_tests/services/test_service.dart:55:16)
тФЬтФДтФДтФДтФДтФДтФДтФДтФДтФДтФДтФДтФДтФДтФДтФДтФДтФДтФДтФДтФДтФДтФДтФДтФДтФДтФДтФДтФДтФДтФДтФДтФДтФДтФДтФДтФДтФДтФДтФДтФДтФДтФДтФДтФДтФДтФДтФДтФДтФДтФДтФДтФДтФДтФДтФДтФДтФДтФДтФДтФДтФДтФДтФДтФДтФДтФДтФДтФДтФДтФДтФДтФДтФДтФДтФДтФДтФДтФДтФДтФДтФДтФДтФДтФДтФДтФДтФДтФДтФДтФДтФДтФДтФДтФДтФДтФДтФДтФДтФДтФДтФДтФДтФДтФДтФДтФДтФДтФДтФДтФДтФДтФДтФДтФДтФДтФДтФДтФДтФД
тФВ ЁЯРЫ Starting question loop with targetScale method...
тФФтФАтФАтФАтФАтФАтФАтФАтФАтФАтФАтФАтФАтФАтФАтФАтФАтФАтФАтФАтФАтФАтФАтФАтФАтФАтФАтФАтФАтФАтФАтФАтФАтФАтФАтФАтФАтФАтФАтФАтФАтФАтФАтФАтФАтФАтФАтФАтФАтФАтФАтФАтФАтФАтФАтФАтФАтФАтФАтФАтФАтФАтФАтФАтФАтФАтФАтФАтФАтФАтФАтФАтФАтФАтФАтФАтФАтФАтФАтФАтФАтФАтФАтФАтФАтФАтФАтФАтФАтФАтФАтФАтФАтФАтФАтФАтФАтФАтФАтФАтФАтФАтФАтФАтФАтФАтФАтФАтФАтФАтФАтФАтФАтФАтФАтФАтФАтФАтФАтФА
тФМтФАтФАтФАтФАтФАтФАтФАтФАтФАтФАтФАтФАтФАтФАтФАтФАтФАтФАтФАтФАтФАтФАтФАтФАтФАтФАтФАтФАтФАтФАтФАтФАтФАтФАтФАтФАтФАтФАтФАтФАтФАтФАтФАтФАтФАтФАтФАтФАтФАтФАтФАтФАтФАтФАтФАтФАтФАтФАтФАтФАтФАтФАтФАтФАтФАтФАтФАтФАтФАтФАтФАтФАтФАтФАтФАтФАтФАтФАтФАтФАтФАтФАтФАтФАтФАтФАтФАтФАтФАтФАтФАтФАтФАтФАтФАтФАтФАтФАтФАтФАтФАтФАтФАтФАтФАтФАтФАтФАтФАтФАтФАтФАтФАтФАтФАтФАтФАтФАтФА
тФВ #0   TestService._completeBipolarTest (package:psycho_tests/services/test_service.dart:425:23)
тФВ #1   TestService.completeTest (package:psycho_tests/services/test_service.dart:55:16)
тФЬтФДтФДтФДтФДтФДтФДтФДтФДтФДтФДтФДтФДтФДтФДтФДтФДтФДтФДтФДтФДтФДтФДтФДтФДтФДтФДтФДтФДтФДтФДтФДтФДтФДтФДтФДтФДтФДтФДтФДтФДтФДтФДтФДтФДтФДтФДтФДтФДтФДтФДтФДтФДтФДтФДтФДтФДтФДтФДтФДтФДтФДтФДтФДтФДтФДтФДтФДтФДтФДтФДтФДтФДтФДтФДтФДтФДтФДтФДтФДтФДтФДтФДтФДтФДтФДтФДтФДтФДтФДтФДтФДтФДтФДтФДтФДтФДтФДтФДтФДтФДтФДтФДтФДтФДтФДтФДтФДтФДтФДтФДтФДтФДтФДтФДтФДтФДтФДтФДтФД
тФВ ЁЯРЫ Qq1: targetScale=extraversion, score=3
тФФтФАтФАтФАтФАтФАтФАтФАтФАтФАтФАтФАтФАтФАтФАтФАтФАтФАтФАтФАтФАтФАтФАтФАтФАтФАтФАтФАтФАтФАтФАтФАтФАтФАтФАтФАтФАтФАтФАтФАтФАтФАтФАтФАтФАтФАтФАтФАтФАтФАтФАтФАтФАтФАтФАтФАтФАтФАтФАтФАтФАтФАтФАтФАтФАтФАтФАтФАтФАтФАтФАтФАтФАтФАтФАтФАтФАтФАтФАтФАтФАтФАтФАтФАтФАтФАтФАтФАтФАтФАтФАтФАтФАтФАтФАтФАтФАтФАтФАтФАтФАтФАтФАтФАтФАтФАтФАтФАтФАтФАтФАтФАтФАтФАтФАтФАтФАтФАтФАтФА
тФМтФАтФАтФАтФАтФАтФАтФАтФАтФАтФАтФАтФАтФАтФАтФАтФАтФАтФАтФАтФАтФАтФАтФАтФАтФАтФАтФАтФАтФАтФАтФАтФАтФАтФАтФАтФАтФАтФАтФАтФАтФАтФАтФАтФАтФАтФАтФАтФАтФАтФАтФАтФАтФАтФАтФАтФАтФАтФАтФАтФАтФАтФАтФАтФАтФАтФАтФАтФАтФАтФАтФАтФАтФАтФАтФАтФАтФАтФАтФАтФАтФАтФАтФАтФАтФАтФАтФАтФАтФАтФАтФАтФАтФАтФАтФАтФАтФАтФАтФАтФАтФАтФАтФАтФАтФАтФАтФАтФАтФАтФАтФАтФАтФАтФАтФАтФАтФАтФАтФА
тФВ #0   TestService._completeBipolarTest (package:psycho_tests/services/test_service.dart:425:23)
тФВ #1   TestService.completeTest (package:psycho_tests/services/test_service.dart:55:16)
тФЬтФДтФДтФДтФДтФДтФДтФДтФДтФДтФДтФДтФДтФДтФДтФДтФДтФДтФДтФДтФДтФДтФДтФДтФДтФДтФДтФДтФДтФДтФДтФДтФДтФДтФДтФДтФДтФДтФДтФДтФДтФДтФДтФДтФДтФДтФДтФДтФДтФДтФДтФДтФДтФДтФДтФДтФДтФДтФДтФДтФДтФДтФДтФДтФДтФДтФДтФДтФДтФДтФДтФДтФДтФДтФДтФДтФДтФДтФДтФДтФДтФДтФДтФДтФДтФДтФДтФДтФДтФДтФДтФДтФДтФДтФДтФДтФДтФДтФДтФДтФДтФДтФДтФДтФДтФДтФДтФДтФДтФДтФДтФДтФДтФДтФДтФДтФДтФДтФДтФД
тФВ ЁЯРЫ Qq2: targetScale=extraversion, score=3
тФФтФАтФАтФАтФАтФАтФАтФАтФАтФАтФАтФАтФАтФАтФАтФАтФАтФАтФАтФАтФАтФАтФАтФАтФАтФАтФАтФАтФАтФАтФАтФАтФАтФАтФАтФАтФАтФАтФАтФАтФАтФАтФАтФАтФАтФАтФАтФАтФАтФАтФАтФАтФАтФАтФАтФАтФАтФАтФАтФАтФАтФАтФАтФАтФАтФАтФАтФАтФАтФАтФАтФАтФАтФАтФАтФАтФАтФАтФАтФАтФАтФАтФАтФАтФАтФАтФАтФАтФАтФАтФАтФАтФАтФАтФАтФАтФАтФАтФАтФАтФАтФАтФАтФАтФАтФАтФАтФАтФАтФАтФАтФАтФАтФАтФАтФАтФАтФАтФАтФА
тФМтФАтФАтФАтФАтФАтФАтФАтФАтФАтФАтФАтФАтФАтФАтФАтФАтФАтФАтФАтФАтФАтФАтФАтФАтФАтФАтФАтФАтФАтФАтФАтФАтФАтФАтФАтФАтФАтФАтФАтФАтФАтФАтФАтФАтФАтФАтФАтФАтФАтФАтФАтФАтФАтФАтФАтФАтФАтФАтФАтФАтФАтФАтФАтФАтФАтФАтФАтФАтФАтФАтФАтФАтФАтФАтФАтФАтФАтФАтФАтФАтФАтФАтФАтФАтФАтФАтФАтФАтФАтФАтФАтФАтФАтФАтФАтФАтФАтФАтФАтФАтФАтФАтФАтФАтФАтФАтФАтФАтФАтФАтФАтФАтФАтФАтФАтФАтФАтФАтФА
тФВ #0   TestService._completeBipolarTest (package:psycho_tests/services/test_service.dart:425:23)
тФВ #1   TestService.completeTest (package:psycho_tests/services/test_service.dart:55:16)
тФЬтФДтФДтФДтФДтФДтФДтФДтФДтФДтФДтФДтФДтФДтФДтФДтФДтФДтФДтФДтФДтФДтФДтФДтФДтФДтФДтФДтФДтФДтФДтФДтФДтФДтФДтФДтФДтФДтФДтФДтФДтФДтФДтФДтФДтФДтФДтФДтФДтФДтФДтФДтФДтФДтФДтФДтФДтФДтФДтФДтФДтФДтФДтФДтФДтФДтФДтФДтФДтФДтФДтФДтФДтФДтФДтФДтФДтФДтФДтФДтФДтФДтФДтФДтФДтФДтФДтФДтФДтФДтФДтФДтФДтФДтФДтФДтФДтФДтФДтФДтФДтФДтФДтФДтФДтФДтФДтФДтФДтФДтФДтФДтФДтФДтФДтФДтФДтФДтФДтФД
тФВ ЁЯРЫ Qq3: targetScale=extraversion, score=3
тФФтФАтФАтФАтФАтФАтФАтФАтФАтФАтФАтФАтФАтФАтФАтФАтФАтФАтФАтФАтФАтФАтФАтФАтФАтФАтФАтФАтФАтФАтФАтФАтФАтФАтФАтФАтФАтФАтФАтФАтФАтФАтФАтФАтФАтФАтФАтФАтФАтФАтФАтФАтФАтФАтФАтФАтФАтФАтФАтФАтФАтФАтФАтФАтФАтФАтФАтФАтФАтФАтФАтФАтФАтФАтФАтФАтФАтФАтФАтФАтФАтФАтФАтФАтФАтФАтФАтФАтФАтФАтФАтФАтФАтФАтФАтФАтФАтФАтФАтФАтФАтФАтФАтФАтФАтФАтФАтФАтФАтФАтФАтФАтФАтФАтФАтФАтФАтФАтФАтФА
тФМтФАтФАтФАтФАтФАтФАтФАтФАтФАтФАтФАтФАтФАтФАтФАтФАтФАтФАтФАтФАтФАтФАтФАтФАтФАтФАтФАтФАтФАтФАтФАтФАтФАтФАтФАтФАтФАтФАтФАтФАтФАтФАтФАтФАтФАтФАтФАтФАтФАтФАтФАтФАтФАтФАтФАтФАтФАтФАтФАтФАтФАтФАтФАтФАтФАтФАтФАтФАтФАтФАтФАтФАтФАтФАтФАтФАтФАтФАтФАтФАтФАтФАтФАтФАтФАтФАтФАтФАтФАтФАтФАтФАтФАтФАтФАтФАтФАтФАтФАтФАтФАтФАтФАтФАтФАтФАтФАтФАтФАтФАтФАтФАтФАтФАтФАтФАтФАтФАтФА
тФВ #0   TestService._completeBipolarTest (package:psycho_tests/services/test_service.dart:425:23)
тФВ #1   TestService.completeTest (package:psycho_tests/services/test_service.dart:55:16)
тФЬтФДтФДтФДтФДтФДтФДтФДтФДтФДтФДтФДтФДтФДтФДтФДтФДтФДтФДтФДтФДтФДтФДтФДтФДтФДтФДтФДтФДтФДтФДтФДтФДтФДтФДтФДтФДтФДтФДтФДтФДтФДтФДтФДтФДтФДтФДтФДтФДтФДтФДтФДтФДтФДтФДтФДтФДтФДтФДтФДтФДтФДтФДтФДтФДтФДтФДтФДтФДтФДтФДтФДтФДтФДтФДтФДтФДтФДтФДтФДтФДтФДтФДтФДтФДтФДтФДтФДтФДтФДтФДтФДтФДтФДтФДтФДтФДтФДтФДтФДтФДтФДтФДтФДтФДтФДтФДтФДтФДтФДтФДтФДтФДтФДтФДтФДтФДтФДтФДтФД
тФВ ЁЯРЫ Qq4: targetScale=introversion, score=3
тФФтФАтФАтФАтФАтФАтФАтФАтФАтФАтФАтФАтФАтФАтФАтФАтФАтФАтФАтФАтФАтФАтФАтФАтФАтФАтФАтФАтФАтФАтФАтФАтФАтФАтФАтФАтФАтФАтФАтФАтФАтФАтФАтФАтФАтФАтФАтФАтФАтФАтФАтФАтФАтФАтФАтФАтФАтФАтФАтФАтФАтФАтФАтФАтФАтФАтФАтФАтФАтФАтФАтФАтФАтФАтФАтФАтФАтФАтФАтФАтФАтФАтФАтФАтФАтФАтФАтФАтФАтФАтФАтФАтФАтФАтФАтФАтФАтФАтФАтФАтФАтФАтФАтФАтФАтФАтФАтФАтФАтФАтФАтФАтФАтФАтФАтФАтФАтФАтФАтФА
тФМтФАтФАтФАтФАтФАтФАтФАтФАтФАтФАтФАтФАтФАтФАтФАтФАтФАтФАтФАтФАтФАтФАтФАтФАтФАтФАтФАтФАтФАтФАтФАтФАтФАтФАтФАтФАтФАтФАтФАтФАтФАтФАтФАтФАтФАтФАтФАтФАтФАтФАтФАтФАтФАтФАтФАтФАтФАтФАтФАтФАтФАтФАтФАтФАтФАтФАтФАтФАтФАтФАтФАтФАтФАтФАтФАтФАтФАтФАтФАтФАтФАтФАтФАтФАтФАтФАтФАтФАтФАтФАтФАтФАтФАтФАтФАтФАтФАтФАтФАтФАтФАтФАтФАтФАтФАтФАтФАтФАтФАтФАтФАтФАтФАтФАтФАтФАтФАтФАтФА
тФВ #0   TestService._completeBipolarTest (package:psycho_tests/services/test_service.dart:425:23)
тФВ #1   TestService.completeTest (package:psycho_tests/services/test_service.dart:55:16)
тФЬтФДтФДтФДтФДтФДтФДтФДтФДтФДтФДтФДтФДтФДтФДтФДтФДтФДтФДтФДтФДтФДтФДтФДтФДтФДтФДтФДтФДтФДтФДтФДтФДтФДтФДтФДтФДтФДтФДтФДтФДтФДтФДтФДтФДтФДтФДтФДтФДтФДтФДтФДтФДтФДтФДтФДтФДтФДтФДтФДтФДтФДтФДтФДтФДтФДтФДтФДтФДтФДтФДтФДтФДтФДтФДтФДтФДтФДтФДтФДтФДтФДтФДтФДтФДтФДтФДтФДтФДтФДтФДтФДтФДтФДтФДтФДтФДтФДтФДтФДтФДтФДтФДтФДтФДтФДтФДтФДтФДтФДтФДтФДтФДтФДтФДтФДтФДтФДтФДтФД
тФВ ЁЯРЫ Qq5: targetScale=introversion, score=3
тФФтФАтФАтФАтФАтФАтФАтФАтФАтФАтФАтФАтФАтФАтФАтФАтФАтФАтФАтФАтФАтФАтФАтФАтФАтФАтФАтФАтФАтФАтФАтФАтФАтФАтФАтФАтФАтФАтФАтФАтФАтФАтФАтФАтФАтФАтФАтФАтФАтФАтФАтФАтФАтФАтФАтФАтФАтФАтФАтФАтФАтФАтФАтФАтФАтФАтФАтФАтФАтФАтФАтФАтФАтФАтФАтФАтФАтФАтФАтФАтФАтФАтФАтФАтФАтФАтФАтФАтФАтФАтФАтФАтФАтФАтФАтФАтФАтФАтФАтФАтФАтФАтФАтФАтФАтФАтФАтФАтФАтФАтФАтФАтФАтФАтФАтФАтФАтФАтФАтФА
тФМтФАтФАтФАтФАтФАтФАтФАтФАтФАтФАтФАтФАтФАтФАтФАтФАтФАтФАтФАтФАтФАтФАтФАтФАтФАтФАтФАтФАтФАтФАтФАтФАтФАтФАтФАтФАтФАтФАтФАтФАтФАтФАтФАтФАтФАтФАтФАтФАтФАтФАтФАтФАтФАтФАтФАтФАтФАтФАтФАтФАтФАтФАтФАтФАтФАтФАтФАтФАтФАтФАтФАтФАтФАтФАтФАтФАтФАтФАтФАтФАтФАтФАтФАтФАтФАтФАтФАтФАтФАтФАтФАтФАтФАтФАтФАтФАтФАтФАтФАтФАтФАтФАтФАтФАтФАтФАтФАтФАтФАтФАтФАтФАтФАтФАтФАтФАтФАтФАтФА
тФВ #0   TestService._completeBipolarTest (package:psycho_tests/services/test_service.dart:425:23)
тФВ #1   TestService.completeTest (package:psycho_tests/services/test_service.dart:55:16)
тФЬтФДтФДтФДтФДтФДтФДтФДтФДтФДтФДтФДтФДтФДтФДтФДтФДтФДтФДтФДтФДтФДтФДтФДтФДтФДтФДтФДтФДтФДтФДтФДтФДтФДтФДтФДтФДтФДтФДтФДтФДтФДтФДтФДтФДтФДтФДтФДтФДтФДтФДтФДтФДтФДтФДтФДтФДтФДтФДтФДтФДтФДтФДтФДтФДтФДтФДтФДтФДтФДтФДтФДтФДтФДтФДтФДтФДтФДтФДтФДтФДтФДтФДтФДтФДтФДтФДтФДтФДтФДтФДтФДтФДтФДтФДтФДтФДтФДтФДтФДтФДтФДтФДтФДтФДтФДтФДтФДтФДтФДтФДтФДтФДтФДтФДтФДтФДтФДтФДтФД
тФВ ЁЯРЫ Qq6: targetScale=introversion, score=3
тФФтФАтФАтФАтФАтФАтФАтФАтФАтФАтФАтФАтФАтФАтФАтФАтФАтФАтФАтФАтФАтФАтФАтФАтФАтФАтФАтФАтФАтФАтФАтФАтФАтФАтФАтФАтФАтФАтФАтФАтФАтФАтФАтФАтФАтФАтФАтФАтФАтФАтФАтФАтФАтФАтФАтФАтФАтФАтФАтФАтФАтФАтФАтФАтФАтФАтФАтФАтФАтФАтФАтФАтФАтФАтФАтФАтФАтФАтФАтФАтФАтФАтФАтФАтФАтФАтФАтФАтФАтФАтФАтФАтФАтФАтФАтФАтФАтФАтФАтФАтФАтФАтФАтФАтФАтФАтФАтФАтФАтФАтФАтФАтФАтФАтФАтФАтФАтФАтФАтФА
тФМтФАтФАтФАтФАтФАтФАтФАтФАтФАтФАтФАтФАтФАтФАтФАтФАтФАтФАтФАтФАтФАтФАтФАтФАтФАтФАтФАтФАтФАтФАтФАтФАтФАтФАтФАтФАтФАтФАтФАтФАтФАтФАтФАтФАтФАтФАтФАтФАтФАтФАтФАтФАтФАтФАтФАтФАтФАтФАтФАтФАтФАтФАтФАтФАтФАтФАтФАтФАтФАтФАтФАтФАтФАтФАтФАтФАтФАтФАтФАтФАтФАтФАтФАтФАтФАтФАтФАтФАтФАтФАтФАтФАтФАтФАтФАтФАтФАтФАтФАтФАтФАтФАтФАтФАтФАтФАтФАтФАтФАтФАтФАтФАтФАтФАтФАтФАтФАтФАтФА
тФВ #0   TestService._completeBipolarTest (package:psycho_tests/services/test_service.dart:425:23)
тФВ #1   TestService.completeTest (package:psycho_tests/services/test_service.dart:55:16)
тФЬтФДтФДтФДтФДтФДтФДтФДтФДтФДтФДтФДтФДтФДтФДтФДтФДтФДтФДтФДтФДтФДтФДтФДтФДтФДтФДтФДтФДтФДтФДтФДтФДтФДтФДтФДтФДтФДтФДтФДтФДтФДтФДтФДтФДтФДтФДтФДтФДтФДтФДтФДтФДтФДтФДтФДтФДтФДтФДтФДтФДтФДтФДтФДтФДтФДтФДтФДтФДтФДтФДтФДтФДтФДтФДтФДтФДтФДтФДтФДтФДтФДтФДтФДтФДтФДтФДтФДтФДтФДтФДтФДтФДтФДтФДтФДтФДтФДтФДтФДтФДтФДтФДтФДтФДтФДтФДтФДтФДтФДтФДтФДтФДтФДтФДтФДтФДтФДтФДтФД
тФВ ЁЯРЫ Qq7: targetScale=extraversion, score=3
тФФтФАтФАтФАтФАтФАтФАтФАтФАтФАтФАтФАтФАтФАтФАтФАтФАтФАтФАтФАтФАтФАтФАтФАтФАтФАтФАтФАтФАтФАтФАтФАтФАтФАтФАтФАтФАтФАтФАтФАтФАтФАтФАтФАтФАтФАтФАтФАтФАтФАтФАтФАтФАтФАтФАтФАтФАтФАтФАтФАтФАтФАтФАтФАтФАтФАтФАтФАтФАтФАтФАтФАтФАтФАтФАтФАтФАтФАтФАтФАтФАтФАтФАтФАтФАтФАтФАтФАтФАтФАтФАтФАтФАтФАтФАтФАтФАтФАтФАтФАтФАтФАтФАтФАтФАтФАтФАтФАтФАтФАтФАтФАтФАтФАтФАтФАтФАтФАтФАтФА
тФМтФАтФАтФАтФАтФАтФАтФАтФАтФАтФАтФАтФАтФАтФАтФАтФАтФАтФАтФАтФАтФАтФАтФАтФАтФАтФАтФАтФАтФАтФАтФАтФАтФАтФАтФАтФАтФАтФАтФАтФАтФАтФАтФАтФАтФАтФАтФАтФАтФАтФАтФАтФАтФАтФАтФАтФАтФАтФАтФАтФАтФАтФАтФАтФАтФАтФАтФАтФАтФАтФАтФАтФАтФАтФАтФАтФАтФАтФАтФАтФАтФАтФАтФАтФАтФАтФАтФАтФАтФАтФАтФАтФАтФАтФАтФАтФАтФАтФАтФАтФАтФАтФАтФАтФАтФАтФАтФАтФАтФАтФАтФАтФАтФАтФАтФАтФАтФАтФАтФА
тФВ #0   TestService._completeBipolarTest (package:psycho_tests/services/test_service.dart:425:23)
тФВ #1   TestService.completeTest (package:psycho_tests/services/test_service.dart:55:16)
тФЬтФДтФДтФДтФДтФДтФДтФДтФДтФДтФДтФДтФДтФДтФДтФДтФДтФДтФДтФДтФДтФДтФДтФДтФДтФДтФДтФДтФДтФДтФДтФДтФДтФДтФДтФДтФДтФДтФДтФДтФДтФДтФДтФДтФДтФДтФДтФДтФДтФДтФДтФДтФДтФДтФДтФДтФДтФДтФДтФДтФДтФДтФДтФДтФДтФДтФДтФДтФДтФДтФДтФДтФДтФДтФДтФДтФДтФДтФДтФДтФДтФДтФДтФДтФДтФДтФДтФДтФДтФДтФДтФДтФДтФДтФДтФДтФДтФДтФДтФДтФДтФДтФДтФДтФДтФДтФДтФДтФДтФДтФДтФДтФДтФДтФДтФДтФДтФДтФДтФД
тФВ ЁЯРЫ Qq8: targetScale=extraversion, score=3
тФФтФАтФАтФАтФАтФАтФАтФАтФАтФАтФАтФАтФАтФАтФАтФАтФАтФАтФАтФАтФАтФАтФАтФАтФАтФАтФАтФАтФАтФАтФАтФАтФАтФАтФАтФАтФАтФАтФАтФАтФАтФАтФАтФАтФАтФАтФАтФАтФАтФАтФАтФАтФАтФАтФАтФАтФАтФАтФАтФАтФАтФАтФАтФАтФАтФАтФАтФАтФАтФАтФАтФАтФАтФАтФАтФАтФАтФАтФАтФАтФАтФАтФАтФАтФАтФАтФАтФАтФАтФАтФАтФАтФАтФАтФАтФАтФАтФАтФАтФАтФАтФАтФАтФАтФАтФАтФАтФАтФАтФАтФАтФАтФАтФАтФАтФАтФАтФАтФАтФА
тФМтФАтФАтФАтФАтФАтФАтФАтФАтФАтФАтФАтФАтФАтФАтФАтФАтФАтФАтФАтФАтФАтФАтФАтФАтФАтФАтФАтФАтФАтФАтФАтФАтФАтФАтФАтФАтФАтФАтФАтФАтФАтФАтФАтФАтФАтФАтФАтФАтФАтФАтФАтФАтФАтФАтФАтФАтФАтФАтФАтФАтФАтФАтФАтФАтФАтФАтФАтФАтФАтФАтФАтФАтФАтФАтФАтФАтФАтФАтФАтФАтФАтФАтФАтФАтФАтФАтФАтФАтФАтФАтФАтФАтФАтФАтФАтФАтФАтФАтФАтФАтФАтФАтФАтФАтФАтФАтФАтФАтФАтФАтФАтФАтФАтФАтФАтФАтФАтФАтФА
тФВ #0   TestService._completeBipolarTest (package:psycho_tests/services/test_service.dart:425:23)
тФВ #1   TestService.completeTest (package:psycho_tests/services/test_service.dart:55:16)
тФЬтФДтФДтФДтФДтФДтФДтФДтФДтФДтФДтФДтФДтФДтФДтФДтФДтФДтФДтФДтФДтФДтФДтФДтФДтФДтФДтФДтФДтФДтФДтФДтФДтФДтФДтФДтФДтФДтФДтФДтФДтФДтФДтФДтФДтФДтФДтФДтФДтФДтФДтФДтФДтФДтФДтФДтФДтФДтФДтФДтФДтФДтФДтФДтФДтФДтФДтФДтФДтФДтФДтФДтФДтФДтФДтФДтФДтФДтФДтФДтФДтФДтФДтФДтФДтФДтФДтФДтФДтФДтФДтФДтФДтФДтФДтФДтФДтФДтФДтФДтФДтФДтФДтФДтФДтФДтФДтФДтФДтФДтФДтФДтФДтФДтФДтФДтФДтФДтФДтФД
тФВ ЁЯРЫ Qq9: targetScale=introversion, score=3
тФФтФАтФАтФАтФАтФАтФАтФАтФАтФАтФАтФАтФАтФАтФАтФАтФАтФАтФАтФАтФАтФАтФАтФАтФАтФАтФАтФАтФАтФАтФАтФАтФАтФАтФАтФАтФАтФАтФАтФАтФАтФАтФАтФАтФАтФАтФАтФАтФАтФАтФАтФАтФАтФАтФАтФАтФАтФАтФАтФАтФАтФАтФАтФАтФАтФАтФАтФАтФАтФАтФАтФАтФАтФАтФАтФАтФАтФАтФАтФАтФАтФАтФАтФАтФАтФАтФАтФАтФАтФАтФАтФАтФАтФАтФАтФАтФАтФАтФАтФАтФАтФАтФАтФАтФАтФАтФАтФАтФАтФАтФАтФАтФАтФАтФАтФАтФАтФАтФАтФА
тФМтФАтФАтФАтФАтФАтФАтФАтФАтФАтФАтФАтФАтФАтФАтФАтФАтФАтФАтФАтФАтФАтФАтФАтФАтФАтФАтФАтФАтФАтФАтФАтФАтФАтФАтФАтФАтФАтФАтФАтФАтФАтФАтФАтФАтФАтФАтФАтФАтФАтФАтФАтФАтФАтФАтФАтФАтФАтФАтФАтФАтФАтФАтФАтФАтФАтФАтФАтФАтФАтФАтФАтФАтФАтФАтФАтФАтФАтФАтФАтФАтФАтФАтФАтФАтФАтФАтФАтФАтФАтФАтФАтФАтФАтФАтФАтФАтФАтФАтФАтФАтФАтФАтФАтФАтФАтФАтФАтФАтФАтФАтФАтФАтФАтФАтФАтФАтФАтФАтФА
тФВ #0   TestService._completeBipolarTest (package:psycho_tests/services/test_service.dart:425:23)
тФВ #1   TestService.completeTest (package:psycho_tests/services/test_service.dart:55:16)
тФЬтФДтФДтФДтФДтФДтФДтФДтФДтФДтФДтФДтФДтФДтФДтФДтФДтФДтФДтФДтФДтФДтФДтФДтФДтФДтФДтФДтФДтФДтФДтФДтФДтФДтФДтФДтФДтФДтФДтФДтФДтФДтФДтФДтФДтФДтФДтФДтФДтФДтФДтФДтФДтФДтФДтФДтФДтФДтФДтФДтФДтФДтФДтФДтФДтФДтФДтФДтФДтФДтФДтФДтФДтФДтФДтФДтФДтФДтФДтФДтФДтФДтФДтФДтФДтФДтФДтФДтФДтФДтФДтФДтФДтФДтФДтФДтФДтФДтФДтФДтФДтФДтФДтФДтФДтФДтФДтФДтФДтФДтФДтФДтФДтФДтФДтФДтФДтФДтФДтФД
тФВ ЁЯРЫ Qq10: targetScale=introversion, score=3
тФФтФАтФАтФАтФАтФАтФАтФАтФАтФАтФАтФАтФАтФАтФАтФАтФАтФАтФАтФАтФАтФАтФАтФАтФАтФАтФАтФАтФАтФАтФАтФАтФАтФАтФАтФАтФАтФАтФАтФАтФАтФАтФАтФАтФАтФАтФАтФАтФАтФАтФАтФАтФАтФАтФАтФАтФАтФАтФАтФАтФАтФАтФАтФАтФАтФАтФАтФАтФАтФАтФАтФАтФАтФАтФАтФАтФАтФАтФАтФАтФАтФАтФАтФАтФАтФАтФАтФАтФАтФАтФАтФАтФАтФАтФАтФАтФАтФАтФАтФАтФАтФАтФАтФАтФАтФАтФАтФАтФАтФАтФАтФАтФАтФАтФАтФАтФАтФАтФАтФА
тФМтФАтФАтФАтФАтФАтФАтФАтФАтФАтФАтФАтФАтФАтФАтФАтФАтФАтФАтФАтФАтФАтФАтФАтФАтФАтФАтФАтФАтФАтФАтФАтФАтФАтФАтФАтФАтФАтФАтФАтФАтФАтФАтФАтФАтФАтФАтФАтФАтФАтФАтФАтФАтФАтФАтФАтФАтФАтФАтФАтФАтФАтФАтФАтФАтФАтФАтФАтФАтФАтФАтФАтФАтФАтФАтФАтФАтФАтФАтФАтФАтФАтФАтФАтФАтФАтФАтФАтФАтФАтФАтФАтФАтФАтФАтФАтФАтФАтФАтФАтФАтФАтФАтФАтФАтФАтФАтФАтФАтФАтФАтФАтФАтФАтФАтФАтФАтФАтФАтФА
тФВ #0   TestService._completeBipolarTest (package:psycho_tests/services/test_service.dart:425:23)
тФВ #1   TestService.completeTest (package:psycho_tests/services/test_service.dart:55:16)
тФЬтФДтФДтФДтФДтФДтФДтФДтФДтФДтФДтФДтФДтФДтФДтФДтФДтФДтФДтФДтФДтФДтФДтФДтФДтФДтФДтФДтФДтФДтФДтФДтФДтФДтФДтФДтФДтФДтФДтФДтФДтФДтФДтФДтФДтФДтФДтФДтФДтФДтФДтФДтФДтФДтФДтФДтФДтФДтФДтФДтФДтФДтФДтФДтФДтФДтФДтФДтФДтФДтФДтФДтФДтФДтФДтФДтФДтФДтФДтФДтФДтФДтФДтФДтФДтФДтФДтФДтФДтФДтФДтФДтФДтФДтФДтФДтФДтФДтФДтФДтФДтФДтФДтФДтФДтФДтФДтФДтФДтФДтФДтФДтФДтФДтФДтФДтФДтФДтФДтФД
тФВ ЁЯРЫ Qq11: targetScale=extraversion, score=3
тФФтФАтФАтФАтФАтФАтФАтФАтФАтФАтФАтФАтФАтФАтФАтФАтФАтФАтФАтФАтФАтФАтФАтФАтФАтФАтФАтФАтФАтФАтФАтФАтФАтФАтФАтФАтФАтФАтФАтФАтФАтФАтФАтФАтФАтФАтФАтФАтФАтФАтФАтФАтФАтФАтФАтФАтФАтФАтФАтФАтФАтФАтФАтФАтФАтФАтФАтФАтФАтФАтФАтФАтФАтФАтФАтФАтФАтФАтФАтФАтФАтФАтФАтФАтФАтФАтФАтФАтФАтФАтФАтФАтФАтФАтФАтФАтФАтФАтФАтФАтФАтФАтФАтФАтФАтФАтФАтФАтФАтФАтФАтФАтФАтФАтФАтФАтФАтФАтФАтФА
тФМтФАтФАтФАтФАтФАтФАтФАтФАтФАтФАтФАтФАтФАтФАтФАтФАтФАтФАтФАтФАтФАтФАтФАтФАтФАтФАтФАтФАтФАтФАтФАтФАтФАтФАтФАтФАтФАтФАтФАтФАтФАтФАтФАтФАтФАтФАтФАтФАтФАтФАтФАтФАтФАтФАтФАтФАтФАтФАтФАтФАтФАтФАтФАтФАтФАтФАтФАтФАтФАтФАтФАтФАтФАтФАтФАтФАтФАтФАтФАтФАтФАтФАтФАтФАтФАтФАтФАтФАтФАтФАтФАтФАтФАтФАтФАтФАтФАтФАтФАтФАтФАтФАтФАтФАтФАтФАтФАтФАтФАтФАтФАтФАтФАтФАтФАтФАтФАтФАтФА
тФВ #0   TestService._completeBipolarTest (package:psycho_tests/services/test_service.dart:425:23)
тФВ #1   TestService.completeTest (package:psycho_tests/services/test_service.dart:55:16)
тФЬтФДтФДтФДтФДтФДтФДтФДтФДтФДтФДтФДтФДтФДтФДтФДтФДтФДтФДтФДтФДтФДтФДтФДтФДтФДтФДтФДтФДтФДтФДтФДтФДтФДтФДтФДтФДтФДтФДтФДтФДтФДтФДтФДтФДтФДтФДтФДтФДтФДтФДтФДтФДтФДтФДтФДтФДтФДтФДтФДтФДтФДтФДтФДтФДтФДтФДтФДтФДтФДтФДтФДтФДтФДтФДтФДтФДтФДтФДтФДтФДтФДтФДтФДтФДтФДтФДтФДтФДтФДтФДтФДтФДтФДтФДтФДтФДтФДтФДтФДтФДтФДтФДтФДтФДтФДтФДтФДтФДтФДтФДтФДтФДтФДтФДтФДтФДтФДтФДтФД
тФВ ЁЯРЫ Qq12: targetScale=introversion, score=3
тФФтФАтФАтФАтФАтФАтФАтФАтФАтФАтФАтФАтФАтФАтФАтФАтФАтФАтФАтФАтФАтФАтФАтФАтФАтФАтФАтФАтФАтФАтФАтФАтФАтФАтФАтФАтФАтФАтФАтФАтФАтФАтФАтФАтФАтФАтФАтФАтФАтФАтФАтФАтФАтФАтФАтФАтФАтФАтФАтФАтФАтФАтФАтФАтФАтФАтФАтФАтФАтФАтФАтФАтФАтФАтФАтФАтФАтФАтФАтФАтФАтФАтФАтФАтФАтФАтФАтФАтФАтФАтФАтФАтФАтФАтФАтФАтФАтФАтФАтФАтФАтФАтФАтФАтФАтФАтФАтФАтФАтФАтФАтФАтФАтФАтФАтФАтФАтФАтФАтФА
тФМтФАтФАтФАтФАтФАтФАтФАтФАтФАтФАтФАтФАтФАтФАтФАтФАтФАтФАтФАтФАтФАтФАтФАтФАтФАтФАтФАтФАтФАтФАтФАтФАтФАтФАтФАтФАтФАтФАтФАтФАтФАтФАтФАтФАтФАтФАтФАтФАтФАтФАтФАтФАтФАтФАтФАтФАтФАтФАтФАтФАтФАтФАтФАтФАтФАтФАтФАтФАтФАтФАтФАтФАтФАтФАтФАтФАтФАтФАтФАтФАтФАтФАтФАтФАтФАтФАтФАтФАтФАтФАтФАтФАтФАтФАтФАтФАтФАтФАтФАтФАтФАтФАтФАтФАтФАтФАтФАтФАтФАтФАтФАтФАтФАтФАтФАтФАтФАтФАтФА
тФВ #0   TestService._completeBipolarTest (package:psycho_tests/services/test_service.dart:425:23)
тФВ #1   TestService.completeTest (package:psycho_tests/services/test_service.dart:55:16)
тФЬтФДтФДтФДтФДтФДтФДтФДтФДтФДтФДтФДтФДтФДтФДтФДтФДтФДтФДтФДтФДтФДтФДтФДтФДтФДтФДтФДтФДтФДтФДтФДтФДтФДтФДтФДтФДтФДтФДтФДтФДтФДтФДтФДтФДтФДтФДтФДтФДтФДтФДтФДтФДтФДтФДтФДтФДтФДтФДтФДтФДтФДтФДтФДтФДтФДтФДтФДтФДтФДтФДтФДтФДтФДтФДтФДтФДтФДтФДтФДтФДтФДтФДтФДтФДтФДтФДтФДтФДтФДтФДтФДтФДтФДтФДтФДтФДтФДтФДтФДтФДтФДтФДтФДтФДтФДтФДтФДтФДтФДтФДтФДтФДтФДтФДтФДтФДтФДтФДтФД
тФВ ЁЯРЫ Qq13: targetScale=extraversion, score=3
тФФтФАтФАтФАтФАтФАтФАтФАтФАтФАтФАтФАтФАтФАтФАтФАтФАтФАтФАтФАтФАтФАтФАтФАтФАтФАтФАтФАтФАтФАтФАтФАтФАтФАтФАтФАтФАтФАтФАтФАтФАтФАтФАтФАтФАтФАтФАтФАтФАтФАтФАтФАтФАтФАтФАтФАтФАтФАтФАтФАтФАтФАтФАтФАтФАтФАтФАтФАтФАтФАтФАтФАтФАтФАтФАтФАтФАтФАтФАтФАтФАтФАтФАтФАтФАтФАтФАтФАтФАтФАтФАтФАтФАтФАтФАтФАтФАтФАтФАтФАтФАтФАтФАтФАтФАтФАтФАтФАтФАтФАтФАтФАтФАтФАтФАтФАтФАтФАтФАтФА
тФМтФАтФАтФАтФАтФАтФАтФАтФАтФАтФАтФАтФАтФАтФАтФАтФАтФАтФАтФАтФАтФАтФАтФАтФАтФАтФАтФАтФАтФАтФАтФАтФАтФАтФАтФАтФАтФАтФАтФАтФАтФАтФАтФАтФАтФАтФАтФАтФАтФАтФАтФАтФАтФАтФАтФАтФАтФАтФАтФАтФАтФАтФАтФАтФАтФАтФАтФАтФАтФАтФАтФАтФАтФАтФАтФАтФАтФАтФАтФАтФАтФАтФАтФАтФАтФАтФАтФАтФАтФАтФАтФАтФАтФАтФАтФАтФАтФАтФАтФАтФАтФАтФАтФАтФАтФАтФАтФАтФАтФАтФАтФАтФАтФАтФАтФАтФАтФАтФАтФА
тФВ #0   TestService._completeBipolarTest (package:psycho_tests/services/test_service.dart:425:23)
тФВ #1   TestService.completeTest (package:psycho_tests/services/test_service.dart:55:16)
тФЬтФДтФДтФДтФДтФДтФДтФДтФДтФДтФДтФДтФДтФДтФДтФДтФДтФДтФДтФДтФДтФДтФДтФДтФДтФДтФДтФДтФДтФДтФДтФДтФДтФДтФДтФДтФДтФДтФДтФДтФДтФДтФДтФДтФДтФДтФДтФДтФДтФДтФДтФДтФДтФДтФДтФДтФДтФДтФДтФДтФДтФДтФДтФДтФДтФДтФДтФДтФДтФДтФДтФДтФДтФДтФДтФДтФДтФДтФДтФДтФДтФДтФДтФДтФДтФДтФДтФДтФДтФДтФДтФДтФДтФДтФДтФДтФДтФДтФДтФДтФДтФДтФДтФДтФДтФДтФДтФДтФДтФДтФДтФДтФДтФДтФДтФДтФДтФДтФДтФД
тФВ ЁЯРЫ Qq14: targetScale=introversion, score=3
тФФтФАтФАтФАтФАтФАтФАтФАтФАтФАтФАтФАтФАтФАтФАтФАтФАтФАтФАтФАтФАтФАтФАтФАтФАтФАтФАтФАтФАтФАтФАтФАтФАтФАтФАтФАтФАтФАтФАтФАтФАтФАтФАтФАтФАтФАтФАтФАтФАтФАтФАтФАтФАтФАтФАтФАтФАтФАтФАтФАтФАтФАтФАтФАтФАтФАтФАтФАтФАтФАтФАтФАтФАтФАтФАтФАтФАтФАтФАтФАтФАтФАтФАтФАтФАтФАтФАтФАтФАтФАтФАтФАтФАтФАтФАтФАтФАтФАтФАтФАтФАтФАтФАтФАтФАтФАтФАтФАтФАтФАтФАтФАтФАтФАтФАтФАтФАтФАтФАтФА
тФМтФАтФАтФАтФАтФАтФАтФАтФАтФАтФАтФАтФАтФАтФАтФАтФАтФАтФАтФАтФАтФАтФАтФАтФАтФАтФАтФАтФАтФАтФАтФАтФАтФАтФАтФАтФАтФАтФАтФАтФАтФАтФАтФАтФАтФАтФАтФАтФАтФАтФАтФАтФАтФАтФАтФАтФАтФАтФАтФАтФАтФАтФАтФАтФАтФАтФАтФАтФАтФАтФАтФАтФАтФАтФАтФАтФАтФАтФАтФАтФАтФАтФАтФАтФАтФАтФАтФАтФАтФАтФАтФАтФАтФАтФАтФАтФАтФАтФАтФАтФАтФАтФАтФАтФАтФАтФАтФАтФАтФАтФАтФАтФАтФАтФАтФАтФАтФАтФАтФА
тФВ #0   TestService._completeBipolarTest (package:psycho_tests/services/test_service.dart:425:23)
тФВ #1   TestService.completeTest (package:psycho_tests/services/test_service.dart:55:16)
тФЬтФДтФДтФДтФДтФДтФДтФДтФДтФДтФДтФДтФДтФДтФДтФДтФДтФДтФДтФДтФДтФДтФДтФДтФДтФДтФДтФДтФДтФДтФДтФДтФДтФДтФДтФДтФДтФДтФДтФДтФДтФДтФДтФДтФДтФДтФДтФДтФДтФДтФДтФДтФДтФДтФДтФДтФДтФДтФДтФДтФДтФДтФДтФДтФДтФДтФДтФДтФДтФДтФДтФДтФДтФДтФДтФДтФДтФДтФДтФДтФДтФДтФДтФДтФДтФДтФДтФДтФДтФДтФДтФДтФДтФДтФДтФДтФДтФДтФДтФДтФДтФДтФДтФДтФДтФДтФДтФДтФДтФДтФДтФДтФДтФДтФДтФДтФДтФДтФДтФД
тФВ ЁЯРЫ Qq15: targetScale=extraversion, score=3
тФФтФАтФАтФАтФАтФАтФАтФАтФАтФАтФАтФАтФАтФАтФАтФАтФАтФАтФАтФАтФАтФАтФАтФАтФАтФАтФАтФАтФАтФАтФАтФАтФАтФАтФАтФАтФАтФАтФАтФАтФАтФАтФАтФАтФАтФАтФАтФАтФАтФАтФАтФАтФАтФАтФАтФАтФАтФАтФАтФАтФАтФАтФАтФАтФАтФАтФАтФАтФАтФАтФАтФАтФАтФАтФАтФАтФАтФАтФАтФАтФАтФАтФАтФАтФАтФАтФАтФАтФАтФАтФАтФАтФАтФАтФАтФАтФАтФАтФАтФАтФАтФАтФАтФАтФАтФАтФАтФАтФАтФАтФАтФАтФАтФАтФАтФАтФАтФАтФАтФА
тФМтФАтФАтФАтФАтФАтФАтФАтФАтФАтФАтФАтФАтФАтФАтФАтФАтФАтФАтФАтФАтФАтФАтФАтФАтФАтФАтФАтФАтФАтФАтФАтФАтФАтФАтФАтФАтФАтФАтФАтФАтФАтФАтФАтФАтФАтФАтФАтФАтФАтФАтФАтФАтФАтФАтФАтФАтФАтФАтФАтФАтФАтФАтФАтФАтФАтФАтФАтФАтФАтФАтФАтФАтФАтФАтФАтФАтФАтФАтФАтФАтФАтФАтФАтФАтФАтФАтФАтФАтФАтФАтФАтФАтФАтФАтФАтФАтФАтФАтФАтФАтФАтФАтФАтФАтФАтФАтФАтФАтФАтФАтФАтФАтФАтФАтФАтФАтФАтФАтФА
тФВ #0   TestService._completeBipolarTest (package:psycho_tests/services/test_service.dart:425:23)
тФВ #1   TestService.completeTest (package:psycho_tests/services/test_service.dart:55:16)
тФЬтФДтФДтФДтФДтФДтФДтФДтФДтФДтФДтФДтФДтФДтФДтФДтФДтФДтФДтФДтФДтФДтФДтФДтФДтФДтФДтФДтФДтФДтФДтФДтФДтФДтФДтФДтФДтФДтФДтФДтФДтФДтФДтФДтФДтФДтФДтФДтФДтФДтФДтФДтФДтФДтФДтФДтФДтФДтФДтФДтФДтФДтФДтФДтФДтФДтФДтФДтФДтФДтФДтФДтФДтФДтФДтФДтФДтФДтФДтФДтФДтФДтФДтФДтФДтФДтФДтФДтФДтФДтФДтФДтФДтФДтФДтФДтФДтФДтФДтФДтФДтФДтФДтФДтФДтФДтФДтФДтФДтФДтФДтФДтФДтФДтФДтФДтФДтФДтФДтФД
тФВ ЁЯРЫ Qq16: targetScale=introversion, score=3
тФФтФАтФАтФАтФАтФАтФАтФАтФАтФАтФАтФАтФАтФАтФАтФАтФАтФАтФАтФАтФАтФАтФАтФАтФАтФАтФАтФАтФАтФАтФАтФАтФАтФАтФАтФАтФАтФАтФАтФАтФАтФАтФАтФАтФАтФАтФАтФАтФАтФАтФАтФАтФАтФАтФАтФАтФАтФАтФАтФАтФАтФАтФАтФАтФАтФАтФАтФАтФАтФАтФАтФАтФАтФАтФАтФАтФАтФАтФАтФАтФАтФАтФАтФАтФАтФАтФАтФАтФАтФАтФАтФАтФАтФАтФАтФАтФАтФАтФАтФАтФАтФАтФАтФАтФАтФАтФАтФАтФАтФАтФАтФАтФАтФАтФАтФАтФАтФАтФАтФА
тФМтФАтФАтФАтФАтФАтФАтФАтФАтФАтФАтФАтФАтФАтФАтФАтФАтФАтФАтФАтФАтФАтФАтФАтФАтФАтФАтФАтФАтФАтФАтФАтФАтФАтФАтФАтФАтФАтФАтФАтФАтФАтФАтФАтФАтФАтФАтФАтФАтФАтФАтФАтФАтФАтФАтФАтФАтФАтФАтФАтФАтФАтФАтФАтФАтФАтФАтФАтФАтФАтФАтФАтФАтФАтФАтФАтФАтФАтФАтФАтФАтФАтФАтФАтФАтФАтФАтФАтФАтФАтФАтФАтФАтФАтФАтФАтФАтФАтФАтФАтФАтФАтФАтФАтФАтФАтФАтФАтФАтФАтФАтФАтФАтФАтФАтФАтФАтФАтФАтФА
тФВ #0   TestService._completeBipolarTest (package:psycho_tests/services/test_service.dart:425:23)
тФВ #1   TestService.completeTest (package:psycho_tests/services/test_service.dart:55:16)
тФЬтФДтФДтФДтФДтФДтФДтФДтФДтФДтФДтФДтФДтФДтФДтФДтФДтФДтФДтФДтФДтФДтФДтФДтФДтФДтФДтФДтФДтФДтФДтФДтФДтФДтФДтФДтФДтФДтФДтФДтФДтФДтФДтФДтФДтФДтФДтФДтФДтФДтФДтФДтФДтФДтФДтФДтФДтФДтФДтФДтФДтФДтФДтФДтФДтФДтФДтФДтФДтФДтФДтФДтФДтФДтФДтФДтФДтФДтФДтФДтФДтФДтФДтФДтФДтФДтФДтФДтФДтФДтФДтФДтФДтФДтФДтФДтФДтФДтФДтФДтФДтФДтФДтФДтФДтФДтФДтФДтФДтФДтФДтФДтФДтФДтФДтФДтФДтФДтФДтФД
тФВ ЁЯРЫ Qq17: targetScale=extraversion, score=3
тФФтФАтФАтФАтФАтФАтФАтФАтФАтФАтФАтФАтФАтФАтФАтФАтФАтФАтФАтФАтФАтФАтФАтФАтФАтФАтФАтФАтФАтФАтФАтФАтФАтФАтФАтФАтФАтФАтФАтФАтФАтФАтФАтФАтФАтФАтФАтФАтФАтФАтФАтФАтФАтФАтФАтФАтФАтФАтФАтФАтФАтФАтФАтФАтФАтФАтФАтФАтФАтФАтФАтФАтФАтФАтФАтФАтФАтФАтФАтФАтФАтФАтФАтФАтФАтФАтФАтФАтФАтФАтФАтФАтФАтФАтФАтФАтФАтФАтФАтФАтФАтФАтФАтФАтФАтФАтФАтФАтФАтФАтФАтФАтФАтФАтФАтФАтФАтФАтФАтФА
тФМтФАтФАтФАтФАтФАтФАтФАтФАтФАтФАтФАтФАтФАтФАтФАтФАтФАтФАтФАтФАтФАтФАтФАтФАтФАтФАтФАтФАтФАтФАтФАтФАтФАтФАтФАтФАтФАтФАтФАтФАтФАтФАтФАтФАтФАтФАтФАтФАтФАтФАтФАтФАтФАтФАтФАтФАтФАтФАтФАтФАтФАтФАтФАтФАтФАтФАтФАтФАтФАтФАтФАтФАтФАтФАтФАтФАтФАтФАтФАтФАтФАтФАтФАтФАтФАтФАтФАтФАтФАтФАтФАтФАтФАтФАтФАтФАтФАтФАтФАтФАтФАтФАтФАтФАтФАтФАтФАтФАтФАтФАтФАтФАтФАтФАтФАтФАтФАтФАтФА
тФВ #0   TestService._completeBipolarTest (package:psycho_tests/services/test_service.dart:425:23)
тФВ #1   TestService.completeTest (package:psycho_tests/services/test_service.dart:55:16)
тФЬтФДтФДтФДтФДтФДтФДтФДтФДтФДтФДтФДтФДтФДтФДтФДтФДтФДтФДтФДтФДтФДтФДтФДтФДтФДтФДтФДтФДтФДтФДтФДтФДтФДтФДтФДтФДтФДтФДтФДтФДтФДтФДтФДтФДтФДтФДтФДтФДтФДтФДтФДтФДтФДтФДтФДтФДтФДтФДтФДтФДтФДтФДтФДтФДтФДтФДтФДтФДтФДтФДтФДтФДтФДтФДтФДтФДтФДтФДтФДтФДтФДтФДтФДтФДтФДтФДтФДтФДтФДтФДтФДтФДтФДтФДтФДтФДтФДтФДтФДтФДтФДтФДтФДтФДтФДтФДтФДтФДтФДтФДтФДтФДтФДтФДтФДтФДтФДтФДтФД
тФВ ЁЯРЫ Qq18: targetScale=introversion, score=3
тФФтФАтФАтФАтФАтФАтФАтФАтФАтФАтФАтФАтФАтФАтФАтФАтФАтФАтФАтФАтФАтФАтФАтФАтФАтФАтФАтФАтФАтФАтФАтФАтФАтФАтФАтФАтФАтФАтФАтФАтФАтФАтФАтФАтФАтФАтФАтФАтФАтФАтФАтФАтФАтФАтФАтФАтФАтФАтФАтФАтФАтФАтФАтФАтФАтФАтФАтФАтФАтФАтФАтФАтФАтФАтФАтФАтФАтФАтФАтФАтФАтФАтФАтФАтФАтФАтФАтФАтФАтФАтФАтФАтФАтФАтФАтФАтФАтФАтФАтФАтФАтФАтФАтФАтФАтФАтФАтФАтФАтФАтФАтФАтФАтФАтФАтФАтФАтФАтФАтФА
тФМтФАтФАтФАтФАтФАтФАтФАтФАтФАтФАтФАтФАтФАтФАтФАтФАтФАтФАтФАтФАтФАтФАтФАтФАтФАтФАтФАтФАтФАтФАтФАтФАтФАтФАтФАтФАтФАтФАтФАтФАтФАтФАтФАтФАтФАтФАтФАтФАтФАтФАтФАтФАтФАтФАтФАтФАтФАтФАтФАтФАтФАтФАтФАтФАтФАтФАтФАтФАтФАтФАтФАтФАтФАтФАтФАтФАтФАтФАтФАтФАтФАтФАтФАтФАтФАтФАтФАтФАтФАтФАтФАтФАтФАтФАтФАтФАтФАтФАтФАтФАтФАтФАтФАтФАтФАтФАтФАтФАтФАтФАтФАтФАтФАтФАтФАтФАтФАтФАтФА
тФВ #0   TestService._completeBipolarTest (package:psycho_tests/services/test_service.dart:425:23)
тФВ #1   TestService.completeTest (package:psycho_tests/services/test_service.dart:55:16)
тФЬтФДтФДтФДтФДтФДтФДтФДтФДтФДтФДтФДтФДтФДтФДтФДтФДтФДтФДтФДтФДтФДтФДтФДтФДтФДтФДтФДтФДтФДтФДтФДтФДтФДтФДтФДтФДтФДтФДтФДтФДтФДтФДтФДтФДтФДтФДтФДтФДтФДтФДтФДтФДтФДтФДтФДтФДтФДтФДтФДтФДтФДтФДтФДтФДтФДтФДтФДтФДтФДтФДтФДтФДтФДтФДтФДтФДтФДтФДтФДтФДтФДтФДтФДтФДтФДтФДтФДтФДтФДтФДтФДтФДтФДтФДтФДтФДтФДтФДтФДтФДтФДтФДтФДтФДтФДтФДтФДтФДтФДтФДтФДтФДтФДтФДтФДтФДтФДтФДтФД
тФВ ЁЯРЫ Qq19: targetScale=extraversion, score=3
тФФтФАтФАтФАтФАтФАтФАтФАтФАтФАтФАтФАтФАтФАтФАтФАтФАтФАтФАтФАтФАтФАтФАтФАтФАтФАтФАтФАтФАтФАтФАтФАтФАтФАтФАтФАтФАтФАтФАтФАтФАтФАтФАтФАтФАтФАтФАтФАтФАтФАтФАтФАтФАтФАтФАтФАтФАтФАтФАтФАтФАтФАтФАтФАтФАтФАтФАтФАтФАтФАтФАтФАтФАтФАтФАтФАтФАтФАтФАтФАтФАтФАтФАтФАтФАтФАтФАтФАтФАтФАтФАтФАтФАтФАтФАтФАтФАтФАтФАтФАтФАтФАтФАтФАтФАтФАтФАтФАтФАтФАтФАтФАтФАтФАтФАтФАтФАтФАтФАтФА
тФМтФАтФАтФАтФАтФАтФАтФАтФАтФАтФАтФАтФАтФАтФАтФАтФАтФАтФАтФАтФАтФАтФАтФАтФАтФАтФАтФАтФАтФАтФАтФАтФАтФАтФАтФАтФАтФАтФАтФАтФАтФАтФАтФАтФАтФАтФАтФАтФАтФАтФАтФАтФАтФАтФАтФАтФАтФАтФАтФАтФАтФАтФАтФАтФАтФАтФАтФАтФАтФАтФАтФАтФАтФАтФАтФАтФАтФАтФАтФАтФАтФАтФАтФАтФАтФАтФАтФАтФАтФАтФАтФАтФАтФАтФАтФАтФАтФАтФАтФАтФАтФАтФАтФАтФАтФАтФАтФАтФАтФАтФАтФАтФАтФАтФАтФАтФАтФАтФАтФА
тФВ #0   TestService._completeBipolarTest (package:psycho_tests/services/test_service.dart:425:23)
тФВ #1   TestService.completeTest (package:psycho_tests/services/test_service.dart:55:16)
тФЬтФДтФДтФДтФДтФДтФДтФДтФДтФДтФДтФДтФДтФДтФДтФДтФДтФДтФДтФДтФДтФДтФДтФДтФДтФДтФДтФДтФДтФДтФДтФДтФДтФДтФДтФДтФДтФДтФДтФДтФДтФДтФДтФДтФДтФДтФДтФДтФДтФДтФДтФДтФДтФДтФДтФДтФДтФДтФДтФДтФДтФДтФДтФДтФДтФДтФДтФДтФДтФДтФДтФДтФДтФДтФДтФДтФДтФДтФДтФДтФДтФДтФДтФДтФДтФДтФДтФДтФДтФДтФДтФДтФДтФДтФДтФДтФДтФДтФДтФДтФДтФДтФДтФДтФДтФДтФДтФДтФДтФДтФДтФДтФДтФДтФДтФДтФДтФДтФДтФД
тФВ ЁЯРЫ Qq20: targetScale=introversion, score=3
тФФтФАтФАтФАтФАтФАтФАтФАтФАтФАтФАтФАтФАтФАтФАтФАтФАтФАтФАтФАтФАтФАтФАтФАтФАтФАтФАтФАтФАтФАтФАтФАтФАтФАтФАтФАтФАтФАтФАтФАтФАтФАтФАтФАтФАтФАтФАтФАтФАтФАтФАтФАтФАтФАтФАтФАтФАтФАтФАтФАтФАтФАтФАтФАтФАтФАтФАтФАтФАтФАтФАтФАтФАтФАтФАтФАтФАтФАтФАтФАтФАтФАтФАтФАтФАтФАтФАтФАтФАтФАтФАтФАтФАтФАтФАтФАтФАтФАтФАтФАтФАтФАтФАтФАтФАтФАтФАтФАтФАтФАтФАтФАтФАтФАтФАтФАтФАтФАтФАтФА
тФМтФАтФАтФАтФАтФАтФАтФАтФАтФАтФАтФАтФАтФАтФАтФАтФАтФАтФАтФАтФАтФАтФАтФАтФАтФАтФАтФАтФАтФАтФАтФАтФАтФАтФАтФАтФАтФАтФАтФАтФАтФАтФАтФАтФАтФАтФАтФАтФАтФАтФАтФАтФАтФАтФАтФАтФАтФАтФАтФАтФАтФАтФАтФАтФАтФАтФАтФАтФАтФАтФАтФАтФАтФАтФАтФАтФАтФАтФАтФАтФАтФАтФАтФАтФАтФАтФАтФАтФАтФАтФАтФАтФАтФАтФАтФАтФАтФАтФАтФАтФАтФАтФАтФАтФАтФАтФАтФАтФАтФАтФАтФАтФАтФАтФАтФАтФАтФАтФАтФА
тФВ #0   TestService._completeBipolarTest (package:psycho_tests/services/test_service.dart:425:23)
тФВ #1   TestService.completeTest (package:psycho_tests/services/test_service.dart:55:16)
тФЬтФДтФДтФДтФДтФДтФДтФДтФДтФДтФДтФДтФДтФДтФДтФДтФДтФДтФДтФДтФДтФДтФДтФДтФДтФДтФДтФДтФДтФДтФДтФДтФДтФДтФДтФДтФДтФДтФДтФДтФДтФДтФДтФДтФДтФДтФДтФДтФДтФДтФДтФДтФДтФДтФДтФДтФДтФДтФДтФДтФДтФДтФДтФДтФДтФДтФДтФДтФДтФДтФДтФДтФДтФДтФДтФДтФДтФДтФДтФДтФДтФДтФДтФДтФДтФДтФДтФДтФДтФДтФДтФДтФДтФДтФДтФДтФДтФДтФДтФДтФДтФДтФДтФДтФДтФДтФДтФДтФДтФДтФДтФДтФДтФДтФДтФДтФДтФДтФДтФД
тФВ ЁЯРЫ Qq21: targetScale=sensing, score=3
тФФтФАтФАтФАтФАтФАтФАтФАтФАтФАтФАтФАтФАтФАтФАтФАтФАтФАтФАтФАтФАтФАтФАтФАтФАтФАтФАтФАтФАтФАтФАтФАтФАтФАтФАтФАтФАтФАтФАтФАтФАтФАтФАтФАтФАтФАтФАтФАтФАтФАтФАтФАтФАтФАтФАтФАтФАтФАтФАтФАтФАтФАтФАтФАтФАтФАтФАтФАтФАтФАтФАтФАтФАтФАтФАтФАтФАтФАтФАтФАтФАтФАтФАтФАтФАтФАтФАтФАтФАтФАтФАтФАтФАтФАтФАтФАтФАтФАтФАтФАтФАтФАтФАтФАтФАтФАтФАтФАтФАтФАтФАтФАтФАтФАтФАтФАтФАтФАтФАтФА
тФМтФАтФАтФАтФАтФАтФАтФАтФАтФАтФАтФАтФАтФАтФАтФАтФАтФАтФАтФАтФАтФАтФАтФАтФАтФАтФАтФАтФАтФАтФАтФАтФАтФАтФАтФАтФАтФАтФАтФАтФАтФАтФАтФАтФАтФАтФАтФАтФАтФАтФАтФАтФАтФАтФАтФАтФАтФАтФАтФАтФАтФАтФАтФАтФАтФАтФАтФАтФАтФАтФАтФАтФАтФАтФАтФАтФАтФАтФАтФАтФАтФАтФАтФАтФАтФАтФАтФАтФАтФАтФАтФАтФАтФАтФАтФАтФАтФАтФАтФАтФАтФАтФАтФАтФАтФАтФАтФАтФАтФАтФАтФАтФАтФАтФАтФАтФАтФАтФАтФА
тФВ #0   TestService._completeBipolarTest (package:psycho_tests/services/test_service.dart:425:23)
тФВ #1   TestService.completeTest (package:psycho_tests/services/test_service.dart:55:16)
тФЬтФДтФДтФДтФДтФДтФДтФДтФДтФДтФДтФДтФДтФДтФДтФДтФДтФДтФДтФДтФДтФДтФДтФДтФДтФДтФДтФДтФДтФДтФДтФДтФДтФДтФДтФДтФДтФДтФДтФДтФДтФДтФДтФДтФДтФДтФДтФДтФДтФДтФДтФДтФДтФДтФДтФДтФДтФДтФДтФДтФДтФДтФДтФДтФДтФДтФДтФДтФДтФДтФДтФДтФДтФДтФДтФДтФДтФДтФДтФДтФДтФДтФДтФДтФДтФДтФДтФДтФДтФДтФДтФДтФДтФДтФДтФДтФДтФДтФДтФДтФДтФДтФДтФДтФДтФДтФДтФДтФДтФДтФДтФДтФДтФДтФДтФДтФДтФДтФДтФД
тФВ ЁЯРЫ Qq22: targetScale=sensing, score=3
тФФтФАтФАтФАтФАтФАтФАтФАтФАтФАтФАтФАтФАтФАтФАтФАтФАтФАтФАтФАтФАтФАтФАтФАтФАтФАтФАтФАтФАтФАтФАтФАтФАтФАтФАтФАтФАтФАтФАтФАтФАтФАтФАтФАтФАтФАтФАтФАтФАтФАтФАтФАтФАтФАтФАтФАтФАтФАтФАтФАтФАтФАтФАтФАтФАтФАтФАтФАтФАтФАтФАтФАтФАтФАтФАтФАтФАтФАтФАтФАтФАтФАтФАтФАтФАтФАтФАтФАтФАтФАтФАтФАтФАтФАтФАтФАтФАтФАтФАтФАтФАтФАтФАтФАтФАтФАтФАтФАтФАтФАтФАтФАтФАтФАтФАтФАтФАтФАтФАтФА
тФМтФАтФАтФАтФАтФАтФАтФАтФАтФАтФАтФАтФАтФАтФАтФАтФАтФАтФАтФАтФАтФАтФАтФАтФАтФАтФАтФАтФАтФАтФАтФАтФАтФАтФАтФАтФАтФАтФАтФАтФАтФАтФАтФАтФАтФАтФАтФАтФАтФАтФАтФАтФАтФАтФАтФАтФАтФАтФАтФАтФАтФАтФАтФАтФАтФАтФАтФАтФАтФАтФАтФАтФАтФАтФАтФАтФАтФАтФАтФАтФАтФАтФАтФАтФАтФАтФАтФАтФАтФАтФАтФАтФАтФАтФАтФАтФАтФАтФАтФАтФАтФАтФАтФАтФАтФАтФАтФАтФАтФАтФАтФАтФАтФАтФАтФАтФАтФАтФАтФА
тФВ #0   TestService._completeBipolarTest (package:psycho_tests/services/test_service.dart:425:23)
тФВ #1   TestService.completeTest (package:psycho_tests/services/test_service.dart:55:16)
тФЬтФДтФДтФДтФДтФДтФДтФДтФДтФДтФДтФДтФДтФДтФДтФДтФДтФДтФДтФДтФДтФДтФДтФДтФДтФДтФДтФДтФДтФДтФДтФДтФДтФДтФДтФДтФДтФДтФДтФДтФДтФДтФДтФДтФДтФДтФДтФДтФДтФДтФДтФДтФДтФДтФДтФДтФДтФДтФДтФДтФДтФДтФДтФДтФДтФДтФДтФДтФДтФДтФДтФДтФДтФДтФДтФДтФДтФДтФДтФДтФДтФДтФДтФДтФДтФДтФДтФДтФДтФДтФДтФДтФДтФДтФДтФДтФДтФДтФДтФДтФДтФДтФДтФДтФДтФДтФДтФДтФДтФДтФДтФДтФДтФДтФДтФДтФДтФДтФДтФД
тФВ ЁЯРЫ Qq23: targetScale=sensing, score=3
тФФтФАтФАтФАтФАтФАтФАтФАтФАтФАтФАтФАтФАтФАтФАтФАтФАтФАтФАтФАтФАтФАтФАтФАтФАтФАтФАтФАтФАтФАтФАтФАтФАтФАтФАтФАтФАтФАтФАтФАтФАтФАтФАтФАтФАтФАтФАтФАтФАтФАтФАтФАтФАтФАтФАтФАтФАтФАтФАтФАтФАтФАтФАтФАтФАтФАтФАтФАтФАтФАтФАтФАтФАтФАтФАтФАтФАтФАтФАтФАтФАтФАтФАтФАтФАтФАтФАтФАтФАтФАтФАтФАтФАтФАтФАтФАтФАтФАтФАтФАтФАтФАтФАтФАтФАтФАтФАтФАтФАтФАтФАтФАтФАтФАтФАтФАтФАтФАтФАтФА
тФМтФАтФАтФАтФАтФАтФАтФАтФАтФАтФАтФАтФАтФАтФАтФАтФАтФАтФАтФАтФАтФАтФАтФАтФАтФАтФАтФАтФАтФАтФАтФАтФАтФАтФАтФАтФАтФАтФАтФАтФАтФАтФАтФАтФАтФАтФАтФАтФАтФАтФАтФАтФАтФАтФАтФАтФАтФАтФАтФАтФАтФАтФАтФАтФАтФАтФАтФАтФАтФАтФАтФАтФАтФАтФАтФАтФАтФАтФАтФАтФАтФАтФАтФАтФАтФАтФАтФАтФАтФАтФАтФАтФАтФАтФАтФАтФАтФАтФАтФАтФАтФАтФАтФАтФАтФАтФАтФАтФАтФАтФАтФАтФАтФАтФАтФАтФАтФАтФАтФА
тФВ #0   TestService._completeBipolarTest (package:psycho_tests/services/test_service.dart:425:23)
тФВ #1   TestService.completeTest (package:psycho_tests/services/test_service.dart:55:16)
тФЬтФДтФДтФДтФДтФДтФДтФДтФДтФДтФДтФДтФДтФДтФДтФДтФДтФДтФДтФДтФДтФДтФДтФДтФДтФДтФДтФДтФДтФДтФДтФДтФДтФДтФДтФДтФДтФДтФДтФДтФДтФДтФДтФДтФДтФДтФДтФДтФДтФДтФДтФДтФДтФДтФДтФДтФДтФДтФДтФДтФДтФДтФДтФДтФДтФДтФДтФДтФДтФДтФДтФДтФДтФДтФДтФДтФДтФДтФДтФДтФДтФДтФДтФДтФДтФДтФДтФДтФДтФДтФДтФДтФДтФДтФДтФДтФДтФДтФДтФДтФДтФДтФДтФДтФДтФДтФДтФДтФДтФДтФДтФДтФДтФДтФДтФДтФДтФДтФДтФД
тФВ ЁЯРЫ Qq24: targetScale=sensing, score=3
тФФтФАтФАтФАтФАтФАтФАтФАтФАтФАтФАтФАтФАтФАтФАтФАтФАтФАтФАтФАтФАтФАтФАтФАтФАтФАтФАтФАтФАтФАтФАтФАтФАтФАтФАтФАтФАтФАтФАтФАтФАтФАтФАтФАтФАтФАтФАтФАтФАтФАтФАтФАтФАтФАтФАтФАтФАтФАтФАтФАтФАтФАтФАтФАтФАтФАтФАтФАтФАтФАтФАтФАтФАтФАтФАтФАтФАтФАтФАтФАтФАтФАтФАтФАтФАтФАтФАтФАтФАтФАтФАтФАтФАтФАтФАтФАтФАтФАтФАтФАтФАтФАтФАтФАтФАтФАтФАтФАтФАтФАтФАтФАтФАтФАтФАтФАтФАтФАтФАтФА
тФМтФАтФАтФАтФАтФАтФАтФАтФАтФАтФАтФАтФАтФАтФАтФАтФАтФАтФАтФАтФАтФАтФАтФАтФАтФАтФАтФАтФАтФАтФАтФАтФАтФАтФАтФАтФАтФАтФАтФАтФАтФАтФАтФАтФАтФАтФАтФАтФАтФАтФАтФАтФАтФАтФАтФАтФАтФАтФАтФАтФАтФАтФАтФАтФАтФАтФАтФАтФАтФАтФАтФАтФАтФАтФАтФАтФАтФАтФАтФАтФАтФАтФАтФАтФАтФАтФАтФАтФАтФАтФАтФАтФАтФАтФАтФАтФАтФАтФАтФАтФАтФАтФАтФАтФАтФАтФАтФАтФАтФАтФАтФАтФАтФАтФАтФАтФАтФАтФАтФА
тФВ #0   TestService._completeBipolarTest (package:psycho_tests/services/test_service.dart:425:23)
тФВ #1   TestService.completeTest (package:psycho_tests/services/test_service.dart:55:16)
тФЬтФДтФДтФДтФДтФДтФДтФДтФДтФДтФДтФДтФДтФДтФДтФДтФДтФДтФДтФДтФДтФДтФДтФДтФДтФДтФДтФДтФДтФДтФДтФДтФДтФДтФДтФДтФДтФДтФДтФДтФДтФДтФДтФДтФДтФДтФДтФДтФДтФДтФДтФДтФДтФДтФДтФДтФДтФДтФДтФДтФДтФДтФДтФДтФДтФДтФДтФДтФДтФДтФДтФДтФДтФДтФДтФДтФДтФДтФДтФДтФДтФДтФДтФДтФДтФДтФДтФДтФДтФДтФДтФДтФДтФДтФДтФДтФДтФДтФДтФДтФДтФДтФДтФДтФДтФДтФДтФДтФДтФДтФДтФДтФДтФДтФДтФДтФДтФДтФДтФД
тФВ ЁЯРЫ Qq25: targetScale=sensing, score=3
тФФтФАтФАтФАтФАтФАтФАтФАтФАтФАтФАтФАтФАтФАтФАтФАтФАтФАтФАтФАтФАтФАтФАтФАтФАтФАтФАтФАтФАтФАтФАтФАтФАтФАтФАтФАтФАтФАтФАтФАтФАтФАтФАтФАтФАтФАтФАтФАтФАтФАтФАтФАтФАтФАтФАтФАтФАтФАтФАтФАтФАтФАтФАтФАтФАтФАтФАтФАтФАтФАтФАтФАтФАтФАтФАтФАтФАтФАтФАтФАтФАтФАтФАтФАтФАтФАтФАтФАтФАтФАтФАтФАтФАтФАтФАтФАтФАтФАтФАтФАтФАтФАтФАтФАтФАтФАтФАтФАтФАтФАтФАтФАтФАтФАтФАтФАтФАтФАтФАтФА
тФМтФАтФАтФАтФАтФАтФАтФАтФАтФАтФАтФАтФАтФАтФАтФАтФАтФАтФАтФАтФАтФАтФАтФАтФАтФАтФАтФАтФАтФАтФАтФАтФАтФАтФАтФАтФАтФАтФАтФАтФАтФАтФАтФАтФАтФАтФАтФАтФАтФАтФАтФАтФАтФАтФАтФАтФАтФАтФАтФАтФАтФАтФАтФАтФАтФАтФАтФАтФАтФАтФАтФАтФАтФАтФАтФАтФАтФАтФАтФАтФАтФАтФАтФАтФАтФАтФАтФАтФАтФАтФАтФАтФАтФАтФАтФАтФАтФАтФАтФАтФАтФАтФАтФАтФАтФАтФАтФАтФАтФАтФАтФАтФАтФАтФАтФАтФАтФАтФАтФА
тФВ #0   TestService._completeBipolarTest (package:psycho_tests/services/test_service.dart:425:23)
тФВ #1   TestService.completeTest (package:psycho_tests/services/test_service.dart:55:16)
тФЬтФДтФДтФДтФДтФДтФДтФДтФДтФДтФДтФДтФДтФДтФДтФДтФДтФДтФДтФДтФДтФДтФДтФДтФДтФДтФДтФДтФДтФДтФДтФДтФДтФДтФДтФДтФДтФДтФДтФДтФДтФДтФДтФДтФДтФДтФДтФДтФДтФДтФДтФДтФДтФДтФДтФДтФДтФДтФДтФДтФДтФДтФДтФДтФДтФДтФДтФДтФДтФДтФДтФДтФДтФДтФДтФДтФДтФДтФДтФДтФДтФДтФДтФДтФДтФДтФДтФДтФДтФДтФДтФДтФДтФДтФДтФДтФДтФДтФДтФДтФДтФДтФДтФДтФДтФДтФДтФДтФДтФДтФДтФДтФДтФДтФДтФДтФДтФДтФДтФД
тФВ ЁЯРЫ Qq26: targetScale=intuition, score=3
тФФтФАтФАтФАтФАтФАтФАтФАтФАтФАтФАтФАтФАтФАтФАтФАтФАтФАтФАтФАтФАтФАтФАтФАтФАтФАтФАтФАтФАтФАтФАтФАтФАтФАтФАтФАтФАтФАтФАтФАтФАтФАтФАтФАтФАтФАтФАтФАтФАтФАтФАтФАтФАтФАтФАтФАтФАтФАтФАтФАтФАтФАтФАтФАтФАтФАтФАтФАтФАтФАтФАтФАтФАтФАтФАтФАтФАтФАтФАтФАтФАтФАтФАтФАтФАтФАтФАтФАтФАтФАтФАтФАтФАтФАтФАтФАтФАтФАтФАтФАтФАтФАтФАтФАтФАтФАтФАтФАтФАтФАтФАтФАтФАтФАтФАтФАтФАтФАтФАтФА
тФМтФАтФАтФАтФАтФАтФАтФАтФАтФАтФАтФАтФАтФАтФАтФАтФАтФАтФАтФАтФАтФАтФАтФАтФАтФАтФАтФАтФАтФАтФАтФАтФАтФАтФАтФАтФАтФАтФАтФАтФАтФАтФАтФАтФАтФАтФАтФАтФАтФАтФАтФАтФАтФАтФАтФАтФАтФАтФАтФАтФАтФАтФАтФАтФАтФАтФАтФАтФАтФАтФАтФАтФАтФАтФАтФАтФАтФАтФАтФАтФАтФАтФАтФАтФАтФАтФАтФАтФАтФАтФАтФАтФАтФАтФАтФАтФАтФАтФАтФАтФАтФАтФАтФАтФАтФАтФАтФАтФАтФАтФАтФАтФАтФАтФАтФАтФАтФАтФАтФА
тФВ #0   TestService._completeBipolarTest (package:psycho_tests/services/test_service.dart:425:23)
тФВ #1   TestService.completeTest (package:psycho_tests/services/test_service.dart:55:16)
тФЬтФДтФДтФДтФДтФДтФДтФДтФДтФДтФДтФДтФДтФДтФДтФДтФДтФДтФДтФДтФДтФДтФДтФДтФДтФДтФДтФДтФДтФДтФДтФДтФДтФДтФДтФДтФДтФДтФДтФДтФДтФДтФДтФДтФДтФДтФДтФДтФДтФДтФДтФДтФДтФДтФДтФДтФДтФДтФДтФДтФДтФДтФДтФДтФДтФДтФДтФДтФДтФДтФДтФДтФДтФДтФДтФДтФДтФДтФДтФДтФДтФДтФДтФДтФДтФДтФДтФДтФДтФДтФДтФДтФДтФДтФДтФДтФДтФДтФДтФДтФДтФДтФДтФДтФДтФДтФДтФДтФДтФДтФДтФДтФДтФДтФДтФДтФДтФДтФДтФД
тФВ ЁЯРЫ Qq27: targetScale=intuition, score=3
тФФтФАтФАтФАтФАтФАтФАтФАтФАтФАтФАтФАтФАтФАтФАтФАтФАтФАтФАтФАтФАтФАтФАтФАтФАтФАтФАтФАтФАтФАтФАтФАтФАтФАтФАтФАтФАтФАтФАтФАтФАтФАтФАтФАтФАтФАтФАтФАтФАтФАтФАтФАтФАтФАтФАтФАтФАтФАтФАтФАтФАтФАтФАтФАтФАтФАтФАтФАтФАтФАтФАтФАтФАтФАтФАтФАтФАтФАтФАтФАтФАтФАтФАтФАтФАтФАтФАтФАтФАтФАтФАтФАтФАтФАтФАтФАтФАтФАтФАтФАтФАтФАтФАтФАтФАтФАтФАтФАтФАтФАтФАтФАтФАтФАтФАтФАтФАтФАтФАтФА
тФМтФАтФАтФАтФАтФАтФАтФАтФАтФАтФАтФАтФАтФАтФАтФАтФАтФАтФАтФАтФАтФАтФАтФАтФАтФАтФАтФАтФАтФАтФАтФАтФАтФАтФАтФАтФАтФАтФАтФАтФАтФАтФАтФАтФАтФАтФАтФАтФАтФАтФАтФАтФАтФАтФАтФАтФАтФАтФАтФАтФАтФАтФАтФАтФАтФАтФАтФАтФАтФАтФАтФАтФАтФАтФАтФАтФАтФАтФАтФАтФАтФАтФАтФАтФАтФАтФАтФАтФАтФАтФАтФАтФАтФАтФАтФАтФАтФАтФАтФАтФАтФАтФАтФАтФАтФАтФАтФАтФАтФАтФАтФАтФАтФАтФАтФАтФАтФАтФАтФА
тФВ #0   TestService._completeBipolarTest (package:psycho_tests/services/test_service.dart:425:23)
тФВ #1   TestService.completeTest (package:psycho_tests/services/test_service.dart:55:16)
тФЬтФДтФДтФДтФДтФДтФДтФДтФДтФДтФДтФДтФДтФДтФДтФДтФДтФДтФДтФДтФДтФДтФДтФДтФДтФДтФДтФДтФДтФДтФДтФДтФДтФДтФДтФДтФДтФДтФДтФДтФДтФДтФДтФДтФДтФДтФДтФДтФДтФДтФДтФДтФДтФДтФДтФДтФДтФДтФДтФДтФДтФДтФДтФДтФДтФДтФДтФДтФДтФДтФДтФДтФДтФДтФДтФДтФДтФДтФДтФДтФДтФДтФДтФДтФДтФДтФДтФДтФДтФДтФДтФДтФДтФДтФДтФДтФДтФДтФДтФДтФДтФДтФДтФДтФДтФДтФДтФДтФДтФДтФДтФДтФДтФДтФДтФДтФДтФДтФДтФД
тФВ ЁЯРЫ Qq28: targetScale=intuition, score=3
тФФтФАтФАтФАтФАтФАтФАтФАтФАтФАтФАтФАтФАтФАтФАтФАтФАтФАтФАтФАтФАтФАтФАтФАтФАтФАтФАтФАтФАтФАтФАтФАтФАтФАтФАтФАтФАтФАтФАтФАтФАтФАтФАтФАтФАтФАтФАтФАтФАтФАтФАтФАтФАтФАтФАтФАтФАтФАтФАтФАтФАтФАтФАтФАтФАтФАтФАтФАтФАтФАтФАтФАтФАтФАтФАтФАтФАтФАтФАтФАтФАтФАтФАтФАтФАтФАтФАтФАтФАтФАтФАтФАтФАтФАтФАтФАтФАтФАтФАтФАтФАтФАтФАтФАтФАтФАтФАтФАтФАтФАтФАтФАтФАтФАтФАтФАтФАтФАтФАтФА
тФМтФАтФАтФАтФАтФАтФАтФАтФАтФАтФАтФАтФАтФАтФАтФАтФАтФАтФАтФАтФАтФАтФАтФАтФАтФАтФАтФАтФАтФАтФАтФАтФАтФАтФАтФАтФАтФАтФАтФАтФАтФАтФАтФАтФАтФАтФАтФАтФАтФАтФАтФАтФАтФАтФАтФАтФАтФАтФАтФАтФАтФАтФАтФАтФАтФАтФАтФАтФАтФАтФАтФАтФАтФАтФАтФАтФАтФАтФАтФАтФАтФАтФАтФАтФАтФАтФАтФАтФАтФАтФАтФАтФАтФАтФАтФАтФАтФАтФАтФАтФАтФАтФАтФАтФАтФАтФАтФАтФАтФАтФАтФАтФАтФАтФАтФАтФАтФАтФАтФА
тФВ #0   TestService._completeBipolarTest (package:psycho_tests/services/test_service.dart:425:23)
тФВ #1   TestService.completeTest (package:psycho_tests/services/test_service.dart:55:16)
тФЬтФДтФДтФДтФДтФДтФДтФДтФДтФДтФДтФДтФДтФДтФДтФДтФДтФДтФДтФДтФДтФДтФДтФДтФДтФДтФДтФДтФДтФДтФДтФДтФДтФДтФДтФДтФДтФДтФДтФДтФДтФДтФДтФДтФДтФДтФДтФДтФДтФДтФДтФДтФДтФДтФДтФДтФДтФДтФДтФДтФДтФДтФДтФДтФДтФДтФДтФДтФДтФДтФДтФДтФДтФДтФДтФДтФДтФДтФДтФДтФДтФДтФДтФДтФДтФДтФДтФДтФДтФДтФДтФДтФДтФДтФДтФДтФДтФДтФДтФДтФДтФДтФДтФДтФДтФДтФДтФДтФДтФДтФДтФДтФДтФДтФДтФДтФДтФДтФДтФД
тФВ ЁЯРЫ Qq29: targetScale=intuition, score=3
тФФтФАтФАтФАтФАтФАтФАтФАтФАтФАтФАтФАтФАтФАтФАтФАтФАтФАтФАтФАтФАтФАтФАтФАтФАтФАтФАтФАтФАтФАтФАтФАтФАтФАтФАтФАтФАтФАтФАтФАтФАтФАтФАтФАтФАтФАтФАтФАтФАтФАтФАтФАтФАтФАтФАтФАтФАтФАтФАтФАтФАтФАтФАтФАтФАтФАтФАтФАтФАтФАтФАтФАтФАтФАтФАтФАтФАтФАтФАтФАтФАтФАтФАтФАтФАтФАтФАтФАтФАтФАтФАтФАтФАтФАтФАтФАтФАтФАтФАтФАтФАтФАтФАтФАтФАтФАтФАтФАтФАтФАтФАтФАтФАтФАтФАтФАтФАтФАтФАтФА
тФМтФАтФАтФАтФАтФАтФАтФАтФАтФАтФАтФАтФАтФАтФАтФАтФАтФАтФАтФАтФАтФАтФАтФАтФАтФАтФАтФАтФАтФАтФАтФАтФАтФАтФАтФАтФАтФАтФАтФАтФАтФАтФАтФАтФАтФАтФАтФАтФАтФАтФАтФАтФАтФАтФАтФАтФАтФАтФАтФАтФАтФАтФАтФАтФАтФАтФАтФАтФАтФАтФАтФАтФАтФАтФАтФАтФАтФАтФАтФАтФАтФАтФАтФАтФАтФАтФАтФАтФАтФАтФАтФАтФАтФАтФАтФАтФАтФАтФАтФАтФАтФАтФАтФАтФАтФАтФАтФАтФАтФАтФАтФАтФАтФАтФАтФАтФАтФАтФАтФА
тФВ #0   TestService._completeBipolarTest (package:psycho_tests/services/test_service.dart:425:23)
тФВ #1   TestService.completeTest (package:psycho_tests/services/test_service.dart:55:16)
тФЬтФДтФДтФДтФДтФДтФДтФДтФДтФДтФДтФДтФДтФДтФДтФДтФДтФДтФДтФДтФДтФДтФДтФДтФДтФДтФДтФДтФДтФДтФДтФДтФДтФДтФДтФДтФДтФДтФДтФДтФДтФДтФДтФДтФДтФДтФДтФДтФДтФДтФДтФДтФДтФДтФДтФДтФДтФДтФДтФДтФДтФДтФДтФДтФДтФДтФДтФДтФДтФДтФДтФДтФДтФДтФДтФДтФДтФДтФДтФДтФДтФДтФДтФДтФДтФДтФДтФДтФДтФДтФДтФДтФДтФДтФДтФДтФДтФДтФДтФДтФДтФДтФДтФДтФДтФДтФДтФДтФДтФДтФДтФДтФДтФДтФДтФДтФДтФДтФДтФД
тФВ ЁЯРЫ Qq30: targetScale=sensing, score=3
тФФтФАтФАтФАтФАтФАтФАтФАтФАтФАтФАтФАтФАтФАтФАтФАтФАтФАтФАтФАтФАтФАтФАтФАтФАтФАтФАтФАтФАтФАтФАтФАтФАтФАтФАтФАтФАтФАтФАтФАтФАтФАтФАтФАтФАтФАтФАтФАтФАтФАтФАтФАтФАтФАтФАтФАтФАтФАтФАтФАтФАтФАтФАтФАтФАтФАтФАтФАтФАтФАтФАтФАтФАтФАтФАтФАтФАтФАтФАтФАтФАтФАтФАтФАтФАтФАтФАтФАтФАтФАтФАтФАтФАтФАтФАтФАтФАтФАтФАтФАтФАтФАтФАтФАтФАтФАтФАтФАтФАтФАтФАтФАтФАтФАтФАтФАтФАтФАтФАтФА
тФМтФАтФАтФАтФАтФАтФАтФАтФАтФАтФАтФАтФАтФАтФАтФАтФАтФАтФАтФАтФАтФАтФАтФАтФАтФАтФАтФАтФАтФАтФАтФАтФАтФАтФАтФАтФАтФАтФАтФАтФАтФАтФАтФАтФАтФАтФАтФАтФАтФАтФАтФАтФАтФАтФАтФАтФАтФАтФАтФАтФАтФАтФАтФАтФАтФАтФАтФАтФАтФАтФАтФАтФАтФАтФАтФАтФАтФАтФАтФАтФАтФАтФАтФАтФАтФАтФАтФАтФАтФАтФАтФАтФАтФАтФАтФАтФАтФАтФАтФАтФАтФАтФАтФАтФАтФАтФАтФАтФАтФАтФАтФАтФАтФАтФАтФАтФАтФАтФАтФА
тФВ #0   TestService._completeBipolarTest (package:psycho_tests/services/test_service.dart:425:23)
тФВ #1   TestService.completeTest (package:psycho_tests/services/test_service.dart:55:16)
тФЬтФДтФДтФДтФДтФДтФДтФДтФДтФДтФДтФДтФДтФДтФДтФДтФДтФДтФДтФДтФДтФДтФДтФДтФДтФДтФДтФДтФДтФДтФДтФДтФДтФДтФДтФДтФДтФДтФДтФДтФДтФДтФДтФДтФДтФДтФДтФДтФДтФДтФДтФДтФДтФДтФДтФДтФДтФДтФДтФДтФДтФДтФДтФДтФДтФДтФДтФДтФДтФДтФДтФДтФДтФДтФДтФДтФДтФДтФДтФДтФДтФДтФДтФДтФДтФДтФДтФДтФДтФДтФДтФДтФДтФДтФДтФДтФДтФДтФДтФДтФДтФДтФДтФДтФДтФДтФДтФДтФДтФДтФДтФДтФДтФДтФДтФДтФДтФДтФДтФД
тФВ ЁЯРЫ Qq31: targetScale=sensing, score=3
тФФтФАтФАтФАтФАтФАтФАтФАтФАтФАтФАтФАтФАтФАтФАтФАтФАтФАтФАтФАтФАтФАтФАтФАтФАтФАтФАтФАтФАтФАтФАтФАтФАтФАтФАтФАтФАтФАтФАтФАтФАтФАтФАтФАтФАтФАтФАтФАтФАтФАтФАтФАтФАтФАтФАтФАтФАтФАтФАтФАтФАтФАтФАтФАтФАтФАтФАтФАтФАтФАтФАтФАтФАтФАтФАтФАтФАтФАтФАтФАтФАтФАтФАтФАтФАтФАтФАтФАтФАтФАтФАтФАтФАтФАтФАтФАтФАтФАтФАтФАтФАтФАтФАтФАтФАтФАтФАтФАтФАтФАтФАтФАтФАтФАтФАтФАтФАтФАтФАтФА
тФМтФАтФАтФАтФАтФАтФАтФАтФАтФАтФАтФАтФАтФАтФАтФАтФАтФАтФАтФАтФАтФАтФАтФАтФАтФАтФАтФАтФАтФАтФАтФАтФАтФАтФАтФАтФАтФАтФАтФАтФАтФАтФАтФАтФАтФАтФАтФАтФАтФАтФАтФАтФАтФАтФАтФАтФАтФАтФАтФАтФАтФАтФАтФАтФАтФАтФАтФАтФАтФАтФАтФАтФАтФАтФАтФАтФАтФАтФАтФАтФАтФАтФАтФАтФАтФАтФАтФАтФАтФАтФАтФАтФАтФАтФАтФАтФАтФАтФАтФАтФАтФАтФАтФАтФАтФАтФАтФАтФАтФАтФАтФАтФАтФАтФАтФАтФАтФАтФАтФА
тФВ #0   TestService._completeBipolarTest (package:psycho_tests/services/test_service.dart:425:23)
тФВ #1   TestService.completeTest (package:psycho_tests/services/test_service.dart:55:16)
тФЬтФДтФДтФДтФДтФДтФДтФДтФДтФДтФДтФДтФДтФДтФДтФДтФДтФДтФДтФДтФДтФДтФДтФДтФДтФДтФДтФДтФДтФДтФДтФДтФДтФДтФДтФДтФДтФДтФДтФДтФДтФДтФДтФДтФДтФДтФДтФДтФДтФДтФДтФДтФДтФДтФДтФДтФДтФДтФДтФДтФДтФДтФДтФДтФДтФДтФДтФДтФДтФДтФДтФДтФДтФДтФДтФДтФДтФДтФДтФДтФДтФДтФДтФДтФДтФДтФДтФДтФДтФДтФДтФДтФДтФДтФДтФДтФДтФДтФДтФДтФДтФДтФДтФДтФДтФДтФДтФДтФДтФДтФДтФДтФДтФДтФДтФДтФДтФДтФДтФД
тФВ ЁЯРЫ Qq32: targetScale=intuition, score=3
тФФтФАтФАтФАтФАтФАтФАтФАтФАтФАтФАтФАтФАтФАтФАтФАтФАтФАтФАтФАтФАтФАтФАтФАтФАтФАтФАтФАтФАтФАтФАтФАтФАтФАтФАтФАтФАтФАтФАтФАтФАтФАтФАтФАтФАтФАтФАтФАтФАтФАтФАтФАтФАтФАтФАтФАтФАтФАтФАтФАтФАтФАтФАтФАтФАтФАтФАтФАтФАтФАтФАтФАтФАтФАтФАтФАтФАтФАтФАтФАтФАтФАтФАтФАтФАтФАтФАтФАтФАтФАтФАтФАтФАтФАтФАтФАтФАтФАтФАтФАтФАтФАтФАтФАтФАтФАтФАтФАтФАтФАтФАтФАтФАтФАтФАтФАтФАтФАтФАтФА
тФМтФАтФАтФАтФАтФАтФАтФАтФАтФАтФАтФАтФАтФАтФАтФАтФАтФАтФАтФАтФАтФАтФАтФАтФАтФАтФАтФАтФАтФАтФАтФАтФАтФАтФАтФАтФАтФАтФАтФАтФАтФАтФАтФАтФАтФАтФАтФАтФАтФАтФАтФАтФАтФАтФАтФАтФАтФАтФАтФАтФАтФАтФАтФАтФАтФАтФАтФАтФАтФАтФАтФАтФАтФАтФАтФАтФАтФАтФАтФАтФАтФАтФАтФАтФАтФАтФАтФАтФАтФАтФАтФАтФАтФАтФАтФАтФАтФАтФАтФАтФАтФАтФАтФАтФАтФАтФАтФАтФАтФАтФАтФАтФАтФАтФАтФАтФАтФАтФАтФА
тФВ #0   TestService._completeBipolarTest (package:psycho_tests/services/test_service.dart:425:23)
тФВ #1   TestService.completeTest (package:psycho_tests/services/test_service.dart:55:16)
тФЬтФДтФДтФДтФДтФДтФДтФДтФДтФДтФДтФДтФДтФДтФДтФДтФДтФДтФДтФДтФДтФДтФДтФДтФДтФДтФДтФДтФДтФДтФДтФДтФДтФДтФДтФДтФДтФДтФДтФДтФДтФДтФДтФДтФДтФДтФДтФДтФДтФДтФДтФДтФДтФДтФДтФДтФДтФДтФДтФДтФДтФДтФДтФДтФДтФДтФДтФДтФДтФДтФДтФДтФДтФДтФДтФДтФДтФДтФДтФДтФДтФДтФДтФДтФДтФДтФДтФДтФДтФДтФДтФДтФДтФДтФДтФДтФДтФДтФДтФДтФДтФДтФДтФДтФДтФДтФДтФДтФДтФДтФДтФДтФДтФДтФДтФДтФДтФДтФДтФД
тФВ ЁЯРЫ Qq33: targetScale=intuition, score=3
тФФтФАтФАтФАтФАтФАтФАтФАтФАтФАтФАтФАтФАтФАтФАтФАтФАтФАтФАтФАтФАтФАтФАтФАтФАтФАтФАтФАтФАтФАтФАтФАтФАтФАтФАтФАтФАтФАтФАтФАтФАтФАтФАтФАтФАтФАтФАтФАтФАтФАтФАтФАтФАтФАтФАтФАтФАтФАтФАтФАтФАтФАтФАтФАтФАтФАтФАтФАтФАтФАтФАтФАтФАтФАтФАтФАтФАтФАтФАтФАтФАтФАтФАтФАтФАтФАтФАтФАтФАтФАтФАтФАтФАтФАтФАтФАтФАтФАтФАтФАтФАтФАтФАтФАтФАтФАтФАтФАтФАтФАтФАтФАтФАтФАтФАтФАтФАтФАтФАтФА
тФМтФАтФАтФАтФАтФАтФАтФАтФАтФАтФАтФАтФАтФАтФАтФАтФАтФАтФАтФАтФАтФАтФАтФАтФАтФАтФАтФАтФАтФАтФАтФАтФАтФАтФАтФАтФАтФАтФАтФАтФАтФАтФАтФАтФАтФАтФАтФАтФАтФАтФАтФАтФАтФАтФАтФАтФАтФАтФАтФАтФАтФАтФАтФАтФАтФАтФАтФАтФАтФАтФАтФАтФАтФАтФАтФАтФАтФАтФАтФАтФАтФАтФАтФАтФАтФАтФАтФАтФАтФАтФАтФАтФАтФАтФАтФАтФАтФАтФАтФАтФАтФАтФАтФАтФАтФАтФАтФАтФАтФАтФАтФАтФАтФАтФАтФАтФАтФАтФАтФА
тФВ #0   TestService._completeBipolarTest (package:psycho_tests/services/test_service.dart:425:23)
тФВ #1   TestService.completeTest (package:psycho_tests/services/test_service.dart:55:16)
тФЬтФДтФДтФДтФДтФДтФДтФДтФДтФДтФДтФДтФДтФДтФДтФДтФДтФДтФДтФДтФДтФДтФДтФДтФДтФДтФДтФДтФДтФДтФДтФДтФДтФДтФДтФДтФДтФДтФДтФДтФДтФДтФДтФДтФДтФДтФДтФДтФДтФДтФДтФДтФДтФДтФДтФДтФДтФДтФДтФДтФДтФДтФДтФДтФДтФДтФДтФДтФДтФДтФДтФДтФДтФДтФДтФДтФДтФДтФДтФДтФДтФДтФДтФДтФДтФДтФДтФДтФДтФДтФДтФДтФДтФДтФДтФДтФДтФДтФДтФДтФДтФДтФДтФДтФДтФДтФДтФДтФДтФДтФДтФДтФДтФДтФДтФДтФДтФДтФДтФД
тФВ ЁЯРЫ Qq34: targetScale=sensing, score=3
тФФтФАтФАтФАтФАтФАтФАтФАтФАтФАтФАтФАтФАтФАтФАтФАтФАтФАтФАтФАтФАтФАтФАтФАтФАтФАтФАтФАтФАтФАтФАтФАтФАтФАтФАтФАтФАтФАтФАтФАтФАтФАтФАтФАтФАтФАтФАтФАтФАтФАтФАтФАтФАтФАтФАтФАтФАтФАтФАтФАтФАтФАтФАтФАтФАтФАтФАтФАтФАтФАтФАтФАтФАтФАтФАтФАтФАтФАтФАтФАтФАтФАтФАтФАтФАтФАтФАтФАтФАтФАтФАтФАтФАтФАтФАтФАтФАтФАтФАтФАтФАтФАтФАтФАтФАтФАтФАтФАтФАтФАтФАтФАтФАтФАтФАтФАтФАтФАтФАтФА
тФМтФАтФАтФАтФАтФАтФАтФАтФАтФАтФАтФАтФАтФАтФАтФАтФАтФАтФАтФАтФАтФАтФАтФАтФАтФАтФАтФАтФАтФАтФАтФАтФАтФАтФАтФАтФАтФАтФАтФАтФАтФАтФАтФАтФАтФАтФАтФАтФАтФАтФАтФАтФАтФАтФАтФАтФАтФАтФАтФАтФАтФАтФАтФАтФАтФАтФАтФАтФАтФАтФАтФАтФАтФАтФАтФАтФАтФАтФАтФАтФАтФАтФАтФАтФАтФАтФАтФАтФАтФАтФАтФАтФАтФАтФАтФАтФАтФАтФАтФАтФАтФАтФАтФАтФАтФАтФАтФАтФАтФАтФАтФАтФАтФАтФАтФАтФАтФАтФАтФА
тФВ #0   TestService._completeBipolarTest (package:psycho_tests/services/test_service.dart:425:23)
тФВ #1   TestService.completeTest (package:psycho_tests/services/test_service.dart:55:16)
тФЬтФДтФДтФДтФДтФДтФДтФДтФДтФДтФДтФДтФДтФДтФДтФДтФДтФДтФДтФДтФДтФДтФДтФДтФДтФДтФДтФДтФДтФДтФДтФДтФДтФДтФДтФДтФДтФДтФДтФДтФДтФДтФДтФДтФДтФДтФДтФДтФДтФДтФДтФДтФДтФДтФДтФДтФДтФДтФДтФДтФДтФДтФДтФДтФДтФДтФДтФДтФДтФДтФДтФДтФДтФДтФДтФДтФДтФДтФДтФДтФДтФДтФДтФДтФДтФДтФДтФДтФДтФДтФДтФДтФДтФДтФДтФДтФДтФДтФДтФДтФДтФДтФДтФДтФДтФДтФДтФДтФДтФДтФДтФДтФДтФДтФДтФДтФДтФДтФДтФД
тФВ ЁЯРЫ Qq35: targetScale=sensing, score=3
тФФтФАтФАтФАтФАтФАтФАтФАтФАтФАтФАтФАтФАтФАтФАтФАтФАтФАтФАтФАтФАтФАтФАтФАтФАтФАтФАтФАтФАтФАтФАтФАтФАтФАтФАтФАтФАтФАтФАтФАтФАтФАтФАтФАтФАтФАтФАтФАтФАтФАтФАтФАтФАтФАтФАтФАтФАтФАтФАтФАтФАтФАтФАтФАтФАтФАтФАтФАтФАтФАтФАтФАтФАтФАтФАтФАтФАтФАтФАтФАтФАтФАтФАтФАтФАтФАтФАтФАтФАтФАтФАтФАтФАтФАтФАтФАтФАтФАтФАтФАтФАтФАтФАтФАтФАтФАтФАтФАтФАтФАтФАтФАтФАтФАтФАтФАтФАтФАтФАтФА
тФМтФАтФАтФАтФАтФАтФАтФАтФАтФАтФАтФАтФАтФАтФАтФАтФАтФАтФАтФАтФАтФАтФАтФАтФАтФАтФАтФАтФАтФАтФАтФАтФАтФАтФАтФАтФАтФАтФАтФАтФАтФАтФАтФАтФАтФАтФАтФАтФАтФАтФАтФАтФАтФАтФАтФАтФАтФАтФАтФАтФАтФАтФАтФАтФАтФАтФАтФАтФАтФАтФАтФАтФАтФАтФАтФАтФАтФАтФАтФАтФАтФАтФАтФАтФАтФАтФАтФАтФАтФАтФАтФАтФАтФАтФАтФАтФАтФАтФАтФАтФАтФАтФАтФАтФАтФАтФАтФАтФАтФАтФАтФАтФАтФАтФАтФАтФАтФАтФАтФА
тФВ #0   TestService._completeBipolarTest (package:psycho_tests/services/test_service.dart:425:23)
тФВ #1   TestService.completeTest (package:psycho_tests/services/test_service.dart:55:16)
тФЬтФДтФДтФДтФДтФДтФДтФДтФДтФДтФДтФДтФДтФДтФДтФДтФДтФДтФДтФДтФДтФДтФДтФДтФДтФДтФДтФДтФДтФДтФДтФДтФДтФДтФДтФДтФДтФДтФДтФДтФДтФДтФДтФДтФДтФДтФДтФДтФДтФДтФДтФДтФДтФДтФДтФДтФДтФДтФДтФДтФДтФДтФДтФДтФДтФДтФДтФДтФДтФДтФДтФДтФДтФДтФДтФДтФДтФДтФДтФДтФДтФДтФДтФДтФДтФДтФДтФДтФДтФДтФДтФДтФДтФДтФДтФДтФДтФДтФДтФДтФДтФДтФДтФДтФДтФДтФДтФДтФДтФДтФДтФДтФДтФДтФДтФДтФДтФДтФДтФД
тФВ ЁЯРЫ Qq36: targetScale=intuition, score=3
тФФтФАтФАтФАтФАтФАтФАтФАтФАтФАтФАтФАтФАтФАтФАтФАтФАтФАтФАтФАтФАтФАтФАтФАтФАтФАтФАтФАтФАтФАтФАтФАтФАтФАтФАтФАтФАтФАтФАтФАтФАтФАтФАтФАтФАтФАтФАтФАтФАтФАтФАтФАтФАтФАтФАтФАтФАтФАтФАтФАтФАтФАтФАтФАтФАтФАтФАтФАтФАтФАтФАтФАтФАтФАтФАтФАтФАтФАтФАтФАтФАтФАтФАтФАтФАтФАтФАтФАтФАтФАтФАтФАтФАтФАтФАтФАтФАтФАтФАтФАтФАтФАтФАтФАтФАтФАтФАтФАтФАтФАтФАтФАтФАтФАтФАтФАтФАтФАтФАтФА
тФМтФАтФАтФАтФАтФАтФАтФАтФАтФАтФАтФАтФАтФАтФАтФАтФАтФАтФАтФАтФАтФАтФАтФАтФАтФАтФАтФАтФАтФАтФАтФАтФАтФАтФАтФАтФАтФАтФАтФАтФАтФАтФАтФАтФАтФАтФАтФАтФАтФАтФАтФАтФАтФАтФАтФАтФАтФАтФАтФАтФАтФАтФАтФАтФАтФАтФАтФАтФАтФАтФАтФАтФАтФАтФАтФАтФАтФАтФАтФАтФАтФАтФАтФАтФАтФАтФАтФАтФАтФАтФАтФАтФАтФАтФАтФАтФАтФАтФАтФАтФАтФАтФАтФАтФАтФАтФАтФАтФАтФАтФАтФАтФАтФАтФАтФАтФАтФАтФАтФА
тФВ #0   TestService._completeBipolarTest (package:psycho_tests/services/test_service.dart:425:23)
тФВ #1   TestService.completeTest (package:psycho_tests/services/test_service.dart:55:16)
тФЬтФДтФДтФДтФДтФДтФДтФДтФДтФДтФДтФДтФДтФДтФДтФДтФДтФДтФДтФДтФДтФДтФДтФДтФДтФДтФДтФДтФДтФДтФДтФДтФДтФДтФДтФДтФДтФДтФДтФДтФДтФДтФДтФДтФДтФДтФДтФДтФДтФДтФДтФДтФДтФДтФДтФДтФДтФДтФДтФДтФДтФДтФДтФДтФДтФДтФДтФДтФДтФДтФДтФДтФДтФДтФДтФДтФДтФДтФДтФДтФДтФДтФДтФДтФДтФДтФДтФДтФДтФДтФДтФДтФДтФДтФДтФДтФДтФДтФДтФДтФДтФДтФДтФДтФДтФДтФДтФДтФДтФДтФДтФДтФДтФДтФДтФДтФДтФДтФДтФД
тФВ ЁЯРЫ Qq37: targetScale=intuition, score=3
тФФтФАтФАтФАтФАтФАтФАтФАтФАтФАтФАтФАтФАтФАтФАтФАтФАтФАтФАтФАтФАтФАтФАтФАтФАтФАтФАтФАтФАтФАтФАтФАтФАтФАтФАтФАтФАтФАтФАтФАтФАтФАтФАтФАтФАтФАтФАтФАтФАтФАтФАтФАтФАтФАтФАтФАтФАтФАтФАтФАтФАтФАтФАтФАтФАтФАтФАтФАтФАтФАтФАтФАтФАтФАтФАтФАтФАтФАтФАтФАтФАтФАтФАтФАтФАтФАтФАтФАтФАтФАтФАтФАтФАтФАтФАтФАтФАтФАтФАтФАтФАтФАтФАтФАтФАтФАтФАтФАтФАтФАтФАтФАтФАтФАтФАтФАтФАтФАтФАтФА
тФМтФАтФАтФАтФАтФАтФАтФАтФАтФАтФАтФАтФАтФАтФАтФАтФАтФАтФАтФАтФАтФАтФАтФАтФАтФАтФАтФАтФАтФАтФАтФАтФАтФАтФАтФАтФАтФАтФАтФАтФАтФАтФАтФАтФАтФАтФАтФАтФАтФАтФАтФАтФАтФАтФАтФАтФАтФАтФАтФАтФАтФАтФАтФАтФАтФАтФАтФАтФАтФАтФАтФАтФАтФАтФАтФАтФАтФАтФАтФАтФАтФАтФАтФАтФАтФАтФАтФАтФАтФАтФАтФАтФАтФАтФАтФАтФАтФАтФАтФАтФАтФАтФАтФАтФАтФАтФАтФАтФАтФАтФАтФАтФАтФАтФАтФАтФАтФАтФАтФА
тФВ #0   TestService._completeBipolarTest (package:psycho_tests/services/test_service.dart:425:23)
тФВ #1   TestService.completeTest (package:psycho_tests/services/test_service.dart:55:16)
тФЬтФДтФДтФДтФДтФДтФДтФДтФДтФДтФДтФДтФДтФДтФДтФДтФДтФДтФДтФДтФДтФДтФДтФДтФДтФДтФДтФДтФДтФДтФДтФДтФДтФДтФДтФДтФДтФДтФДтФДтФДтФДтФДтФДтФДтФДтФДтФДтФДтФДтФДтФДтФДтФДтФДтФДтФДтФДтФДтФДтФДтФДтФДтФДтФДтФДтФДтФДтФДтФДтФДтФДтФДтФДтФДтФДтФДтФДтФДтФДтФДтФДтФДтФДтФДтФДтФДтФДтФДтФДтФДтФДтФДтФДтФДтФДтФДтФДтФДтФДтФДтФДтФДтФДтФДтФДтФДтФДтФДтФДтФДтФДтФДтФДтФДтФДтФДтФДтФДтФД
тФВ ЁЯРЫ Qq38: targetScale=sensing, score=3
тФФтФАтФАтФАтФАтФАтФАтФАтФАтФАтФАтФАтФАтФАтФАтФАтФАтФАтФАтФАтФАтФАтФАтФАтФАтФАтФАтФАтФАтФАтФАтФАтФАтФАтФАтФАтФАтФАтФАтФАтФАтФАтФАтФАтФАтФАтФАтФАтФАтФАтФАтФАтФАтФАтФАтФАтФАтФАтФАтФАтФАтФАтФАтФАтФАтФАтФАтФАтФАтФАтФАтФАтФАтФАтФАтФАтФАтФАтФАтФАтФАтФАтФАтФАтФАтФАтФАтФАтФАтФАтФАтФАтФАтФАтФАтФАтФАтФАтФАтФАтФАтФАтФАтФАтФАтФАтФАтФАтФАтФАтФАтФАтФАтФАтФАтФАтФАтФАтФАтФА
тФМтФАтФАтФАтФАтФАтФАтФАтФАтФАтФАтФАтФАтФАтФАтФАтФАтФАтФАтФАтФАтФАтФАтФАтФАтФАтФАтФАтФАтФАтФАтФАтФАтФАтФАтФАтФАтФАтФАтФАтФАтФАтФАтФАтФАтФАтФАтФАтФАтФАтФАтФАтФАтФАтФАтФАтФАтФАтФАтФАтФАтФАтФАтФАтФАтФАтФАтФАтФАтФАтФАтФАтФАтФАтФАтФАтФАтФАтФАтФАтФАтФАтФАтФАтФАтФАтФАтФАтФАтФАтФАтФАтФАтФАтФАтФАтФАтФАтФАтФАтФАтФАтФАтФАтФАтФАтФАтФАтФАтФАтФАтФАтФАтФАтФАтФАтФАтФАтФАтФА
тФВ #0   TestService._completeBipolarTest (package:psycho_tests/services/test_service.dart:425:23)
тФВ #1   TestService.completeTest (package:psycho_tests/services/test_service.dart:55:16)
тФЬтФДтФДтФДтФДтФДтФДтФДтФДтФДтФДтФДтФДтФДтФДтФДтФДтФДтФДтФДтФДтФДтФДтФДтФДтФДтФДтФДтФДтФДтФДтФДтФДтФДтФДтФДтФДтФДтФДтФДтФДтФДтФДтФДтФДтФДтФДтФДтФДтФДтФДтФДтФДтФДтФДтФДтФДтФДтФДтФДтФДтФДтФДтФДтФДтФДтФДтФДтФДтФДтФДтФДтФДтФДтФДтФДтФДтФДтФДтФДтФДтФДтФДтФДтФДтФДтФДтФДтФДтФДтФДтФДтФДтФДтФДтФДтФДтФДтФДтФДтФДтФДтФДтФДтФДтФДтФДтФДтФДтФДтФДтФДтФДтФДтФДтФДтФДтФДтФДтФД
тФВ ЁЯРЫ Qq39: targetScale=intuition, score=3
тФФтФАтФАтФАтФАтФАтФАтФАтФАтФАтФАтФАтФАтФАтФАтФАтФАтФАтФАтФАтФАтФАтФАтФАтФАтФАтФАтФАтФАтФАтФАтФАтФАтФАтФАтФАтФАтФАтФАтФАтФАтФАтФАтФАтФАтФАтФАтФАтФАтФАтФАтФАтФАтФАтФАтФАтФАтФАтФАтФАтФАтФАтФАтФАтФАтФАтФАтФАтФАтФАтФАтФАтФАтФАтФАтФАтФАтФАтФАтФАтФАтФАтФАтФАтФАтФАтФАтФАтФАтФАтФАтФАтФАтФАтФАтФАтФАтФАтФАтФАтФАтФАтФАтФАтФАтФАтФАтФАтФАтФАтФАтФАтФАтФАтФАтФАтФАтФАтФАтФА
тФМтФАтФАтФАтФАтФАтФАтФАтФАтФАтФАтФАтФАтФАтФАтФАтФАтФАтФАтФАтФАтФАтФАтФАтФАтФАтФАтФАтФАтФАтФАтФАтФАтФАтФАтФАтФАтФАтФАтФАтФАтФАтФАтФАтФАтФАтФАтФАтФАтФАтФАтФАтФАтФАтФАтФАтФАтФАтФАтФАтФАтФАтФАтФАтФАтФАтФАтФАтФАтФАтФАтФАтФАтФАтФАтФАтФАтФАтФАтФАтФАтФАтФАтФАтФАтФАтФАтФАтФАтФАтФАтФАтФАтФАтФАтФАтФАтФАтФАтФАтФАтФАтФАтФАтФАтФАтФАтФАтФАтФАтФАтФАтФАтФАтФАтФАтФАтФАтФАтФА
тФВ #0   TestService._completeBipolarTest (package:psycho_tests/services/test_service.dart:425:23)
тФВ #1   TestService.completeTest (package:psycho_tests/services/test_service.dart:55:16)
тФЬтФДтФДтФДтФДтФДтФДтФДтФДтФДтФДтФДтФДтФДтФДтФДтФДтФДтФДтФДтФДтФДтФДтФДтФДтФДтФДтФДтФДтФДтФДтФДтФДтФДтФДтФДтФДтФДтФДтФДтФДтФДтФДтФДтФДтФДтФДтФДтФДтФДтФДтФДтФДтФДтФДтФДтФДтФДтФДтФДтФДтФДтФДтФДтФДтФДтФДтФДтФДтФДтФДтФДтФДтФДтФДтФДтФДтФДтФДтФДтФДтФДтФДтФДтФДтФДтФДтФДтФДтФДтФДтФДтФДтФДтФДтФДтФДтФДтФДтФДтФДтФДтФДтФДтФДтФДтФДтФДтФДтФДтФДтФДтФДтФДтФДтФДтФДтФДтФДтФД
тФВ ЁЯРЫ Qq40: targetScale=sensing, score=3
тФФтФАтФАтФАтФАтФАтФАтФАтФАтФАтФАтФАтФАтФАтФАтФАтФАтФАтФАтФАтФАтФАтФАтФАтФАтФАтФАтФАтФАтФАтФАтФАтФАтФАтФАтФАтФАтФАтФАтФАтФАтФАтФАтФАтФАтФАтФАтФАтФАтФАтФАтФАтФАтФАтФАтФАтФАтФАтФАтФАтФАтФАтФАтФАтФАтФАтФАтФАтФАтФАтФАтФАтФАтФАтФАтФАтФАтФАтФАтФАтФАтФАтФАтФАтФАтФАтФАтФАтФАтФАтФАтФАтФАтФАтФАтФАтФАтФАтФАтФАтФАтФАтФАтФАтФАтФАтФАтФАтФАтФАтФАтФАтФАтФАтФАтФАтФАтФАтФАтФА
тФМтФАтФАтФАтФАтФАтФАтФАтФАтФАтФАтФАтФАтФАтФАтФАтФАтФАтФАтФАтФАтФАтФАтФАтФАтФАтФАтФАтФАтФАтФАтФАтФАтФАтФАтФАтФАтФАтФАтФАтФАтФАтФАтФАтФАтФАтФАтФАтФАтФАтФАтФАтФАтФАтФАтФАтФАтФАтФАтФАтФАтФАтФАтФАтФАтФАтФАтФАтФАтФАтФАтФАтФАтФАтФАтФАтФАтФАтФАтФАтФАтФАтФАтФАтФАтФАтФАтФАтФАтФАтФАтФАтФАтФАтФАтФАтФАтФАтФАтФАтФАтФАтФАтФАтФАтФАтФАтФАтФАтФАтФАтФАтФАтФАтФАтФАтФАтФАтФАтФА
тФВ #0   TestService._completeBipolarTest (package:psycho_tests/services/test_service.dart:425:23)
тФВ #1   TestService.completeTest (package:psycho_tests/services/test_service.dart:55:16)
тФЬтФДтФДтФДтФДтФДтФДтФДтФДтФДтФДтФДтФДтФДтФДтФДтФДтФДтФДтФДтФДтФДтФДтФДтФДтФДтФДтФДтФДтФДтФДтФДтФДтФДтФДтФДтФДтФДтФДтФДтФДтФДтФДтФДтФДтФДтФДтФДтФДтФДтФДтФДтФДтФДтФДтФДтФДтФДтФДтФДтФДтФДтФДтФДтФДтФДтФДтФДтФДтФДтФДтФДтФДтФДтФДтФДтФДтФДтФДтФДтФДтФДтФДтФДтФДтФДтФДтФДтФДтФДтФДтФДтФДтФДтФДтФДтФДтФДтФДтФДтФДтФДтФДтФДтФДтФДтФДтФДтФДтФДтФДтФДтФДтФДтФДтФДтФДтФДтФДтФД
тФВ ЁЯРЫ Qq41: targetScale=thinking, score=3
тФФтФАтФАтФАтФАтФАтФАтФАтФАтФАтФАтФАтФАтФАтФАтФАтФАтФАтФАтФАтФАтФАтФАтФАтФАтФАтФАтФАтФАтФАтФАтФАтФАтФАтФАтФАтФАтФАтФАтФАтФАтФАтФАтФАтФАтФАтФАтФАтФАтФАтФАтФАтФАтФАтФАтФАтФАтФАтФАтФАтФАтФАтФАтФАтФАтФАтФАтФАтФАтФАтФАтФАтФАтФАтФАтФАтФАтФАтФАтФАтФАтФАтФАтФАтФАтФАтФАтФАтФАтФАтФАтФАтФАтФАтФАтФАтФАтФАтФАтФАтФАтФАтФАтФАтФАтФАтФАтФАтФАтФАтФАтФАтФАтФАтФАтФАтФАтФАтФАтФА
тФМтФАтФАтФАтФАтФАтФАтФАтФАтФАтФАтФАтФАтФАтФАтФАтФАтФАтФАтФАтФАтФАтФАтФАтФАтФАтФАтФАтФАтФАтФАтФАтФАтФАтФАтФАтФАтФАтФАтФАтФАтФАтФАтФАтФАтФАтФАтФАтФАтФАтФАтФАтФАтФАтФАтФАтФАтФАтФАтФАтФАтФАтФАтФАтФАтФАтФАтФАтФАтФАтФАтФАтФАтФАтФАтФАтФАтФАтФАтФАтФАтФАтФАтФАтФАтФАтФАтФАтФАтФАтФАтФАтФАтФАтФАтФАтФАтФАтФАтФАтФАтФАтФАтФАтФАтФАтФАтФАтФАтФАтФАтФАтФАтФАтФАтФАтФАтФАтФАтФА
тФВ #0   TestService._completeBipolarTest (package:psycho_tests/services/test_service.dart:425:23)
тФВ #1   TestService.completeTest (package:psycho_tests/services/test_service.dart:55:16)
тФЬтФДтФДтФДтФДтФДтФДтФДтФДтФДтФДтФДтФДтФДтФДтФДтФДтФДтФДтФДтФДтФДтФДтФДтФДтФДтФДтФДтФДтФДтФДтФДтФДтФДтФДтФДтФДтФДтФДтФДтФДтФДтФДтФДтФДтФДтФДтФДтФДтФДтФДтФДтФДтФДтФДтФДтФДтФДтФДтФДтФДтФДтФДтФДтФДтФДтФДтФДтФДтФДтФДтФДтФДтФДтФДтФДтФДтФДтФДтФДтФДтФДтФДтФДтФДтФДтФДтФДтФДтФДтФДтФДтФДтФДтФДтФДтФДтФДтФДтФДтФДтФДтФДтФДтФДтФДтФДтФДтФДтФДтФДтФДтФДтФДтФДтФДтФДтФДтФДтФД
тФВ ЁЯРЫ Qq42: targetScale=thinking, score=3
тФФтФАтФАтФАтФАтФАтФАтФАтФАтФАтФАтФАтФАтФАтФАтФАтФАтФАтФАтФАтФАтФАтФАтФАтФАтФАтФАтФАтФАтФАтФАтФАтФАтФАтФАтФАтФАтФАтФАтФАтФАтФАтФАтФАтФАтФАтФАтФАтФАтФАтФАтФАтФАтФАтФАтФАтФАтФАтФАтФАтФАтФАтФАтФАтФАтФАтФАтФАтФАтФАтФАтФАтФАтФАтФАтФАтФАтФАтФАтФАтФАтФАтФАтФАтФАтФАтФАтФАтФАтФАтФАтФАтФАтФАтФАтФАтФАтФАтФАтФАтФАтФАтФАтФАтФАтФАтФАтФАтФАтФАтФАтФАтФАтФАтФАтФАтФАтФАтФАтФА
тФМтФАтФАтФАтФАтФАтФАтФАтФАтФАтФАтФАтФАтФАтФАтФАтФАтФАтФАтФАтФАтФАтФАтФАтФАтФАтФАтФАтФАтФАтФАтФАтФАтФАтФАтФАтФАтФАтФАтФАтФАтФАтФАтФАтФАтФАтФАтФАтФАтФАтФАтФАтФАтФАтФАтФАтФАтФАтФАтФАтФАтФАтФАтФАтФАтФАтФАтФАтФАтФАтФАтФАтФАтФАтФАтФАтФАтФАтФАтФАтФАтФАтФАтФАтФАтФАтФАтФАтФАтФАтФАтФАтФАтФАтФАтФАтФАтФАтФАтФАтФАтФАтФАтФАтФАтФАтФАтФАтФАтФАтФАтФАтФАтФАтФАтФАтФАтФАтФАтФА
тФВ #0   TestService._completeBipolarTest (package:psycho_tests/services/test_service.dart:425:23)
тФВ #1   TestService.completeTest (package:psycho_tests/services/test_service.dart:55:16)
тФЬтФДтФДтФДтФДтФДтФДтФДтФДтФДтФДтФДтФДтФДтФДтФДтФДтФДтФДтФДтФДтФДтФДтФДтФДтФДтФДтФДтФДтФДтФДтФДтФДтФДтФДтФДтФДтФДтФДтФДтФДтФДтФДтФДтФДтФДтФДтФДтФДтФДтФДтФДтФДтФДтФДтФДтФДтФДтФДтФДтФДтФДтФДтФДтФДтФДтФДтФДтФДтФДтФДтФДтФДтФДтФДтФДтФДтФДтФДтФДтФДтФДтФДтФДтФДтФДтФДтФДтФДтФДтФДтФДтФДтФДтФДтФДтФДтФДтФДтФДтФДтФДтФДтФДтФДтФДтФДтФДтФДтФДтФДтФДтФДтФДтФДтФДтФДтФДтФДтФД
тФВ ЁЯРЫ Qq43: targetScale=thinking, score=3
тФФтФАтФАтФАтФАтФАтФАтФАтФАтФАтФАтФАтФАтФАтФАтФАтФАтФАтФАтФАтФАтФАтФАтФАтФАтФАтФАтФАтФАтФАтФАтФАтФАтФАтФАтФАтФАтФАтФАтФАтФАтФАтФАтФАтФАтФАтФАтФАтФАтФАтФАтФАтФАтФАтФАтФАтФАтФАтФАтФАтФАтФАтФАтФАтФАтФАтФАтФАтФАтФАтФАтФАтФАтФАтФАтФАтФАтФАтФАтФАтФАтФАтФАтФАтФАтФАтФАтФАтФАтФАтФАтФАтФАтФАтФАтФАтФАтФАтФАтФАтФАтФАтФАтФАтФАтФАтФАтФАтФАтФАтФАтФАтФАтФАтФАтФАтФАтФАтФАтФА
тФМтФАтФАтФАтФАтФАтФАтФАтФАтФАтФАтФАтФАтФАтФАтФАтФАтФАтФАтФАтФАтФАтФАтФАтФАтФАтФАтФАтФАтФАтФАтФАтФАтФАтФАтФАтФАтФАтФАтФАтФАтФАтФАтФАтФАтФАтФАтФАтФАтФАтФАтФАтФАтФАтФАтФАтФАтФАтФАтФАтФАтФАтФАтФАтФАтФАтФАтФАтФАтФАтФАтФАтФАтФАтФАтФАтФАтФАтФАтФАтФАтФАтФАтФАтФАтФАтФАтФАтФАтФАтФАтФАтФАтФАтФАтФАтФАтФАтФАтФАтФАтФАтФАтФАтФАтФАтФАтФАтФАтФАтФАтФАтФАтФАтФАтФАтФАтФАтФАтФА
тФВ #0   TestService._completeBipolarTest (package:psycho_tests/services/test_service.dart:425:23)
тФВ #1   TestService.completeTest (package:psycho_tests/services/test_service.dart:55:16)
тФЬтФДтФДтФДтФДтФДтФДтФДтФДтФДтФДтФДтФДтФДтФДтФДтФДтФДтФДтФДтФДтФДтФДтФДтФДтФДтФДтФДтФДтФДтФДтФДтФДтФДтФДтФДтФДтФДтФДтФДтФДтФДтФДтФДтФДтФДтФДтФДтФДтФДтФДтФДтФДтФДтФДтФДтФДтФДтФДтФДтФДтФДтФДтФДтФДтФДтФДтФДтФДтФДтФДтФДтФДтФДтФДтФДтФДтФДтФДтФДтФДтФДтФДтФДтФДтФДтФДтФДтФДтФДтФДтФДтФДтФДтФДтФДтФДтФДтФДтФДтФДтФДтФДтФДтФДтФДтФДтФДтФДтФДтФДтФДтФДтФДтФДтФДтФДтФДтФДтФД
тФВ ЁЯРЫ Qq44: targetScale=feeling, score=3
тФФтФАтФАтФАтФАтФАтФАтФАтФАтФАтФАтФАтФАтФАтФАтФАтФАтФАтФАтФАтФАтФАтФАтФАтФАтФАтФАтФАтФАтФАтФАтФАтФАтФАтФАтФАтФАтФАтФАтФАтФАтФАтФАтФАтФАтФАтФАтФАтФАтФАтФАтФАтФАтФАтФАтФАтФАтФАтФАтФАтФАтФАтФАтФАтФАтФАтФАтФАтФАтФАтФАтФАтФАтФАтФАтФАтФАтФАтФАтФАтФАтФАтФАтФАтФАтФАтФАтФАтФАтФАтФАтФАтФАтФАтФАтФАтФАтФАтФАтФАтФАтФАтФАтФАтФАтФАтФАтФАтФАтФАтФАтФАтФАтФАтФАтФАтФАтФАтФАтФА
тФМтФАтФАтФАтФАтФАтФАтФАтФАтФАтФАтФАтФАтФАтФАтФАтФАтФАтФАтФАтФАтФАтФАтФАтФАтФАтФАтФАтФАтФАтФАтФАтФАтФАтФАтФАтФАтФАтФАтФАтФАтФАтФАтФАтФАтФАтФАтФАтФАтФАтФАтФАтФАтФАтФАтФАтФАтФАтФАтФАтФАтФАтФАтФАтФАтФАтФАтФАтФАтФАтФАтФАтФАтФАтФАтФАтФАтФАтФАтФАтФАтФАтФАтФАтФАтФАтФАтФАтФАтФАтФАтФАтФАтФАтФАтФАтФАтФАтФАтФАтФАтФАтФАтФАтФАтФАтФАтФАтФАтФАтФАтФАтФАтФАтФАтФАтФАтФАтФАтФА
тФВ #0   TestService._completeBipolarTest (package:psycho_tests/services/test_service.dart:425:23)
тФВ #1   TestService.completeTest (package:psycho_tests/services/test_service.dart:55:16)
тФЬтФДтФДтФДтФДтФДтФДтФДтФДтФДтФДтФДтФДтФДтФДтФДтФДтФДтФДтФДтФДтФДтФДтФДтФДтФДтФДтФДтФДтФДтФДтФДтФДтФДтФДтФДтФДтФДтФДтФДтФДтФДтФДтФДтФДтФДтФДтФДтФДтФДтФДтФДтФДтФДтФДтФДтФДтФДтФДтФДтФДтФДтФДтФДтФДтФДтФДтФДтФДтФДтФДтФДтФДтФДтФДтФДтФДтФДтФДтФДтФДтФДтФДтФДтФДтФДтФДтФДтФДтФДтФДтФДтФДтФДтФДтФДтФДтФДтФДтФДтФДтФДтФДтФДтФДтФДтФДтФДтФДтФДтФДтФДтФДтФДтФДтФДтФДтФДтФДтФД
тФВ ЁЯРЫ Qq45: targetScale=feeling, score=3
тФФтФАтФАтФАтФАтФАтФАтФАтФАтФАтФАтФАтФАтФАтФАтФАтФАтФАтФАтФАтФАтФАтФАтФАтФАтФАтФАтФАтФАтФАтФАтФАтФАтФАтФАтФАтФАтФАтФАтФАтФАтФАтФАтФАтФАтФАтФАтФАтФАтФАтФАтФАтФАтФАтФАтФАтФАтФАтФАтФАтФАтФАтФАтФАтФАтФАтФАтФАтФАтФАтФАтФАтФАтФАтФАтФАтФАтФАтФАтФАтФАтФАтФАтФАтФАтФАтФАтФАтФАтФАтФАтФАтФАтФАтФАтФАтФАтФАтФАтФАтФАтФАтФАтФАтФАтФАтФАтФАтФАтФАтФАтФАтФАтФАтФАтФАтФАтФАтФАтФА
тФМтФАтФАтФАтФАтФАтФАтФАтФАтФАтФАтФАтФАтФАтФАтФАтФАтФАтФАтФАтФАтФАтФАтФАтФАтФАтФАтФАтФАтФАтФАтФАтФАтФАтФАтФАтФАтФАтФАтФАтФАтФАтФАтФАтФАтФАтФАтФАтФАтФАтФАтФАтФАтФАтФАтФАтФАтФАтФАтФАтФАтФАтФАтФАтФАтФАтФАтФАтФАтФАтФАтФАтФАтФАтФАтФАтФАтФАтФАтФАтФАтФАтФАтФАтФАтФАтФАтФАтФАтФАтФАтФАтФАтФАтФАтФАтФАтФАтФАтФАтФАтФАтФАтФАтФАтФАтФАтФАтФАтФАтФАтФАтФАтФАтФАтФАтФАтФАтФАтФА
тФВ #0   TestService._completeBipolarTest (package:psycho_tests/services/test_service.dart:425:23)
тФВ #1   TestService.completeTest (package:psycho_tests/services/test_service.dart:55:16)
тФЬтФДтФДтФДтФДтФДтФДтФДтФДтФДтФДтФДтФДтФДтФДтФДтФДтФДтФДтФДтФДтФДтФДтФДтФДтФДтФДтФДтФДтФДтФДтФДтФДтФДтФДтФДтФДтФДтФДтФДтФДтФДтФДтФДтФДтФДтФДтФДтФДтФДтФДтФДтФДтФДтФДтФДтФДтФДтФДтФДтФДтФДтФДтФДтФДтФДтФДтФДтФДтФДтФДтФДтФДтФДтФДтФДтФДтФДтФДтФДтФДтФДтФДтФДтФДтФДтФДтФДтФДтФДтФДтФДтФДтФДтФДтФДтФДтФДтФДтФДтФДтФДтФДтФДтФДтФДтФДтФДтФДтФДтФДтФДтФДтФДтФДтФДтФДтФДтФДтФД
тФВ ЁЯРЫ Qq46: targetScale=feeling, score=3
тФФтФАтФАтФАтФАтФАтФАтФАтФАтФАтФАтФАтФАтФАтФАтФАтФАтФАтФАтФАтФАтФАтФАтФАтФАтФАтФАтФАтФАтФАтФАтФАтФАтФАтФАтФАтФАтФАтФАтФАтФАтФАтФАтФАтФАтФАтФАтФАтФАтФАтФАтФАтФАтФАтФАтФАтФАтФАтФАтФАтФАтФАтФАтФАтФАтФАтФАтФАтФАтФАтФАтФАтФАтФАтФАтФАтФАтФАтФАтФАтФАтФАтФАтФАтФАтФАтФАтФАтФАтФАтФАтФАтФАтФАтФАтФАтФАтФАтФАтФАтФАтФАтФАтФАтФАтФАтФАтФАтФАтФАтФАтФАтФАтФАтФАтФАтФАтФАтФАтФА
тФМтФАтФАтФАтФАтФАтФАтФАтФАтФАтФАтФАтФАтФАтФАтФАтФАтФАтФАтФАтФАтФАтФАтФАтФАтФАтФАтФАтФАтФАтФАтФАтФАтФАтФАтФАтФАтФАтФАтФАтФАтФАтФАтФАтФАтФАтФАтФАтФАтФАтФАтФАтФАтФАтФАтФАтФАтФАтФАтФАтФАтФАтФАтФАтФАтФАтФАтФАтФАтФАтФАтФАтФАтФАтФАтФАтФАтФАтФАтФАтФАтФАтФАтФАтФАтФАтФАтФАтФАтФАтФАтФАтФАтФАтФАтФАтФАтФАтФАтФАтФАтФАтФАтФАтФАтФАтФАтФАтФАтФАтФАтФАтФАтФАтФАтФАтФАтФАтФАтФА
тФВ #0   TestService._completeBipolarTest (package:psycho_tests/services/test_service.dart:425:23)
тФВ #1   TestService.completeTest (package:psycho_tests/services/test_service.dart:55:16)
тФЬтФДтФДтФДтФДтФДтФДтФДтФДтФДтФДтФДтФДтФДтФДтФДтФДтФДтФДтФДтФДтФДтФДтФДтФДтФДтФДтФДтФДтФДтФДтФДтФДтФДтФДтФДтФДтФДтФДтФДтФДтФДтФДтФДтФДтФДтФДтФДтФДтФДтФДтФДтФДтФДтФДтФДтФДтФДтФДтФДтФДтФДтФДтФДтФДтФДтФДтФДтФДтФДтФДтФДтФДтФДтФДтФДтФДтФДтФДтФДтФДтФДтФДтФДтФДтФДтФДтФДтФДтФДтФДтФДтФДтФДтФДтФДтФДтФДтФДтФДтФДтФДтФДтФДтФДтФДтФДтФДтФДтФДтФДтФДтФДтФДтФДтФДтФДтФДтФДтФД
тФВ ЁЯРЫ Qq47: targetScale=thinking, score=3
тФФтФАтФАтФАтФАтФАтФАтФАтФАтФАтФАтФАтФАтФАтФАтФАтФАтФАтФАтФАтФАтФАтФАтФАтФАтФАтФАтФАтФАтФАтФАтФАтФАтФАтФАтФАтФАтФАтФАтФАтФАтФАтФАтФАтФАтФАтФАтФАтФАтФАтФАтФАтФАтФАтФАтФАтФАтФАтФАтФАтФАтФАтФАтФАтФАтФАтФАтФАтФАтФАтФАтФАтФАтФАтФАтФАтФАтФАтФАтФАтФАтФАтФАтФАтФАтФАтФАтФАтФАтФАтФАтФАтФАтФАтФАтФАтФАтФАтФАтФАтФАтФАтФАтФАтФАтФАтФАтФАтФАтФАтФАтФАтФАтФАтФАтФАтФАтФАтФАтФА
тФМтФАтФАтФАтФАтФАтФАтФАтФАтФАтФАтФАтФАтФАтФАтФАтФАтФАтФАтФАтФАтФАтФАтФАтФАтФАтФАтФАтФАтФАтФАтФАтФАтФАтФАтФАтФАтФАтФАтФАтФАтФАтФАтФАтФАтФАтФАтФАтФАтФАтФАтФАтФАтФАтФАтФАтФАтФАтФАтФАтФАтФАтФАтФАтФАтФАтФАтФАтФАтФАтФАтФАтФАтФАтФАтФАтФАтФАтФАтФАтФАтФАтФАтФАтФАтФАтФАтФАтФАтФАтФАтФАтФАтФАтФАтФАтФАтФАтФАтФАтФАтФАтФАтФАтФАтФАтФАтФАтФАтФАтФАтФАтФАтФАтФАтФАтФАтФАтФАтФА
тФВ #0   TestService._completeBipolarTest (package:psycho_tests/services/test_service.dart:425:23)
тФВ #1   TestService.completeTest (package:psycho_tests/services/test_service.dart:55:16)
тФЬтФДтФДтФДтФДтФДтФДтФДтФДтФДтФДтФДтФДтФДтФДтФДтФДтФДтФДтФДтФДтФДтФДтФДтФДтФДтФДтФДтФДтФДтФДтФДтФДтФДтФДтФДтФДтФДтФДтФДтФДтФДтФДтФДтФДтФДтФДтФДтФДтФДтФДтФДтФДтФДтФДтФДтФДтФДтФДтФДтФДтФДтФДтФДтФДтФДтФДтФДтФДтФДтФДтФДтФДтФДтФДтФДтФДтФДтФДтФДтФДтФДтФДтФДтФДтФДтФДтФДтФДтФДтФДтФДтФДтФДтФДтФДтФДтФДтФДтФДтФДтФДтФДтФДтФДтФДтФДтФДтФДтФДтФДтФДтФДтФДтФДтФДтФДтФДтФДтФД
тФВ ЁЯРЫ Qq48: targetScale=feeling, score=3
тФФтФАтФАтФАтФАтФАтФАтФАтФАтФАтФАтФАтФАтФАтФАтФАтФАтФАтФАтФАтФАтФАтФАтФАтФАтФАтФАтФАтФАтФАтФАтФАтФАтФАтФАтФАтФАтФАтФАтФАтФАтФАтФАтФАтФАтФАтФАтФАтФАтФАтФАтФАтФАтФАтФАтФАтФАтФАтФАтФАтФАтФАтФАтФАтФАтФАтФАтФАтФАтФАтФАтФАтФАтФАтФАтФАтФАтФАтФАтФАтФАтФАтФАтФАтФАтФАтФАтФАтФАтФАтФАтФАтФАтФАтФАтФАтФАтФАтФАтФАтФАтФАтФАтФАтФАтФАтФАтФАтФАтФАтФАтФАтФАтФАтФАтФАтФАтФАтФАтФА
тФМтФАтФАтФАтФАтФАтФАтФАтФАтФАтФАтФАтФАтФАтФАтФАтФАтФАтФАтФАтФАтФАтФАтФАтФАтФАтФАтФАтФАтФАтФАтФАтФАтФАтФАтФАтФАтФАтФАтФАтФАтФАтФАтФАтФАтФАтФАтФАтФАтФАтФАтФАтФАтФАтФАтФАтФАтФАтФАтФАтФАтФАтФАтФАтФАтФАтФАтФАтФАтФАтФАтФАтФАтФАтФАтФАтФАтФАтФАтФАтФАтФАтФАтФАтФАтФАтФАтФАтФАтФАтФАтФАтФАтФАтФАтФАтФАтФАтФАтФАтФАтФАтФАтФАтФАтФАтФАтФАтФАтФАтФАтФАтФАтФАтФАтФАтФАтФАтФАтФА
тФВ #0   TestService._completeBipolarTest (package:psycho_tests/services/test_service.dart:425:23)
тФВ #1   TestService.completeTest (package:psycho_tests/services/test_service.dart:55:16)
тФЬтФДтФДтФДтФДтФДтФДтФДтФДтФДтФДтФДтФДтФДтФДтФДтФДтФДтФДтФДтФДтФДтФДтФДтФДтФДтФДтФДтФДтФДтФДтФДтФДтФДтФДтФДтФДтФДтФДтФДтФДтФДтФДтФДтФДтФДтФДтФДтФДтФДтФДтФДтФДтФДтФДтФДтФДтФДтФДтФДтФДтФДтФДтФДтФДтФДтФДтФДтФДтФДтФДтФДтФДтФДтФДтФДтФДтФДтФДтФДтФДтФДтФДтФДтФДтФДтФДтФДтФДтФДтФДтФДтФДтФДтФДтФДтФДтФДтФДтФДтФДтФДтФДтФДтФДтФДтФДтФДтФДтФДтФДтФДтФДтФДтФДтФДтФДтФДтФДтФД
тФВ ЁЯРЫ Qq49: targetScale=thinking, score=3
тФФтФАтФАтФАтФАтФАтФАтФАтФАтФАтФАтФАтФАтФАтФАтФАтФАтФАтФАтФАтФАтФАтФАтФАтФАтФАтФАтФАтФАтФАтФАтФАтФАтФАтФАтФАтФАтФАтФАтФАтФАтФАтФАтФАтФАтФАтФАтФАтФАтФАтФАтФАтФАтФАтФАтФАтФАтФАтФАтФАтФАтФАтФАтФАтФАтФАтФАтФАтФАтФАтФАтФАтФАтФАтФАтФАтФАтФАтФАтФАтФАтФАтФАтФАтФАтФАтФАтФАтФАтФАтФАтФАтФАтФАтФАтФАтФАтФАтФАтФАтФАтФАтФАтФАтФАтФАтФАтФАтФАтФАтФАтФАтФАтФАтФАтФАтФАтФАтФАтФА
тФМтФАтФАтФАтФАтФАтФАтФАтФАтФАтФАтФАтФАтФАтФАтФАтФАтФАтФАтФАтФАтФАтФАтФАтФАтФАтФАтФАтФАтФАтФАтФАтФАтФАтФАтФАтФАтФАтФАтФАтФАтФАтФАтФАтФАтФАтФАтФАтФАтФАтФАтФАтФАтФАтФАтФАтФАтФАтФАтФАтФАтФАтФАтФАтФАтФАтФАтФАтФАтФАтФАтФАтФАтФАтФАтФАтФАтФАтФАтФАтФАтФАтФАтФАтФАтФАтФАтФАтФАтФАтФАтФАтФАтФАтФАтФАтФАтФАтФАтФАтФАтФАтФАтФАтФАтФАтФАтФАтФАтФАтФАтФАтФАтФАтФАтФАтФАтФАтФАтФА
тФВ #0   TestService._completeBipolarTest (package:psycho_tests/services/test_service.dart:425:23)
тФВ #1   TestService.completeTest (package:psycho_tests/services/test_service.dart:55:16)
тФЬтФДтФДтФДтФДтФДтФДтФДтФДтФДтФДтФДтФДтФДтФДтФДтФДтФДтФДтФДтФДтФДтФДтФДтФДтФДтФДтФДтФДтФДтФДтФДтФДтФДтФДтФДтФДтФДтФДтФДтФДтФДтФДтФДтФДтФДтФДтФДтФДтФДтФДтФДтФДтФДтФДтФДтФДтФДтФДтФДтФДтФДтФДтФДтФДтФДтФДтФДтФДтФДтФДтФДтФДтФДтФДтФДтФДтФДтФДтФДтФДтФДтФДтФДтФДтФДтФДтФДтФДтФДтФДтФДтФДтФДтФДтФДтФДтФДтФДтФДтФДтФДтФДтФДтФДтФДтФДтФДтФДтФДтФДтФДтФДтФДтФДтФДтФДтФДтФДтФД
тФВ ЁЯРЫ Qq50: targetScale=feeling, score=3
тФФтФАтФАтФАтФАтФАтФАтФАтФАтФАтФАтФАтФАтФАтФАтФАтФАтФАтФАтФАтФАтФАтФАтФАтФАтФАтФАтФАтФАтФАтФАтФАтФАтФАтФАтФАтФАтФАтФАтФАтФАтФАтФАтФАтФАтФАтФАтФАтФАтФАтФАтФАтФАтФАтФАтФАтФАтФАтФАтФАтФАтФАтФАтФАтФАтФАтФАтФАтФАтФАтФАтФАтФАтФАтФАтФАтФАтФАтФАтФАтФАтФАтФАтФАтФАтФАтФАтФАтФАтФАтФАтФАтФАтФАтФАтФАтФАтФАтФАтФАтФАтФАтФАтФАтФАтФАтФАтФАтФАтФАтФАтФАтФАтФАтФАтФАтФАтФАтФАтФА
тФМтФАтФАтФАтФАтФАтФАтФАтФАтФАтФАтФАтФАтФАтФАтФАтФАтФАтФАтФАтФАтФАтФАтФАтФАтФАтФАтФАтФАтФАтФАтФАтФАтФАтФАтФАтФАтФАтФАтФАтФАтФАтФАтФАтФАтФАтФАтФАтФАтФАтФАтФАтФАтФАтФАтФАтФАтФАтФАтФАтФАтФАтФАтФАтФАтФАтФАтФАтФАтФАтФАтФАтФАтФАтФАтФАтФАтФАтФАтФАтФАтФАтФАтФАтФАтФАтФАтФАтФАтФАтФАтФАтФАтФАтФАтФАтФАтФАтФАтФАтФАтФАтФАтФАтФАтФАтФАтФАтФАтФАтФАтФАтФАтФАтФАтФАтФАтФАтФАтФА
тФВ #0   TestService._completeBipolarTest (package:psycho_tests/services/test_service.dart:425:23)
тФВ #1   TestService.completeTest (package:psycho_tests/services/test_service.dart:55:16)
тФЬтФДтФДтФДтФДтФДтФДтФДтФДтФДтФДтФДтФДтФДтФДтФДтФДтФДтФДтФДтФДтФДтФДтФДтФДтФДтФДтФДтФДтФДтФДтФДтФДтФДтФДтФДтФДтФДтФДтФДтФДтФДтФДтФДтФДтФДтФДтФДтФДтФДтФДтФДтФДтФДтФДтФДтФДтФДтФДтФДтФДтФДтФДтФДтФДтФДтФДтФДтФДтФДтФДтФДтФДтФДтФДтФДтФДтФДтФДтФДтФДтФДтФДтФДтФДтФДтФДтФДтФДтФДтФДтФДтФДтФДтФДтФДтФДтФДтФДтФДтФДтФДтФДтФДтФДтФДтФДтФДтФДтФДтФДтФДтФДтФДтФДтФДтФДтФДтФДтФД
тФВ ЁЯРЫ Qq51: targetScale=thinking, score=3
тФФтФАтФАтФАтФАтФАтФАтФАтФАтФАтФАтФАтФАтФАтФАтФАтФАтФАтФАтФАтФАтФАтФАтФАтФАтФАтФАтФАтФАтФАтФАтФАтФАтФАтФАтФАтФАтФАтФАтФАтФАтФАтФАтФАтФАтФАтФАтФАтФАтФАтФАтФАтФАтФАтФАтФАтФАтФАтФАтФАтФАтФАтФАтФАтФАтФАтФАтФАтФАтФАтФАтФАтФАтФАтФАтФАтФАтФАтФАтФАтФАтФАтФАтФАтФАтФАтФАтФАтФАтФАтФАтФАтФАтФАтФАтФАтФАтФАтФАтФАтФАтФАтФАтФАтФАтФАтФАтФАтФАтФАтФАтФАтФАтФАтФАтФАтФАтФАтФАтФА
тФМтФАтФАтФАтФАтФАтФАтФАтФАтФАтФАтФАтФАтФАтФАтФАтФАтФАтФАтФАтФАтФАтФАтФАтФАтФАтФАтФАтФАтФАтФАтФАтФАтФАтФАтФАтФАтФАтФАтФАтФАтФАтФАтФАтФАтФАтФАтФАтФАтФАтФАтФАтФАтФАтФАтФАтФАтФАтФАтФАтФАтФАтФАтФАтФАтФАтФАтФАтФАтФАтФАтФАтФАтФАтФАтФАтФАтФАтФАтФАтФАтФАтФАтФАтФАтФАтФАтФАтФАтФАтФАтФАтФАтФАтФАтФАтФАтФАтФАтФАтФАтФАтФАтФАтФАтФАтФАтФАтФАтФАтФАтФАтФАтФАтФАтФАтФАтФАтФАтФА
тФВ #0   TestService._completeBipolarTest (package:psycho_tests/services/test_service.dart:425:23)
тФВ #1   TestService.completeTest (package:psycho_tests/services/test_service.dart:55:16)
тФЬтФДтФДтФДтФДтФДтФДтФДтФДтФДтФДтФДтФДтФДтФДтФДтФДтФДтФДтФДтФДтФДтФДтФДтФДтФДтФДтФДтФДтФДтФДтФДтФДтФДтФДтФДтФДтФДтФДтФДтФДтФДтФДтФДтФДтФДтФДтФДтФДтФДтФДтФДтФДтФДтФДтФДтФДтФДтФДтФДтФДтФДтФДтФДтФДтФДтФДтФДтФДтФДтФДтФДтФДтФДтФДтФДтФДтФДтФДтФДтФДтФДтФДтФДтФДтФДтФДтФДтФДтФДтФДтФДтФДтФДтФДтФДтФДтФДтФДтФДтФДтФДтФДтФДтФДтФДтФДтФДтФДтФДтФДтФДтФДтФДтФДтФДтФДтФДтФДтФД
тФВ ЁЯРЫ Qq52: targetScale=feeling, score=3
тФФтФАтФАтФАтФАтФАтФАтФАтФАтФАтФАтФАтФАтФАтФАтФАтФАтФАтФАтФАтФАтФАтФАтФАтФАтФАтФАтФАтФАтФАтФАтФАтФАтФАтФАтФАтФАтФАтФАтФАтФАтФАтФАтФАтФАтФАтФАтФАтФАтФАтФАтФАтФАтФАтФАтФАтФАтФАтФАтФАтФАтФАтФАтФАтФАтФАтФАтФАтФАтФАтФАтФАтФАтФАтФАтФАтФАтФАтФАтФАтФАтФАтФАтФАтФАтФАтФАтФАтФАтФАтФАтФАтФАтФАтФАтФАтФАтФАтФАтФАтФАтФАтФАтФАтФАтФАтФАтФАтФАтФАтФАтФАтФАтФАтФАтФАтФАтФАтФАтФА
тФМтФАтФАтФАтФАтФАтФАтФАтФАтФАтФАтФАтФАтФАтФАтФАтФАтФАтФАтФАтФАтФАтФАтФАтФАтФАтФАтФАтФАтФАтФАтФАтФАтФАтФАтФАтФАтФАтФАтФАтФАтФАтФАтФАтФАтФАтФАтФАтФАтФАтФАтФАтФАтФАтФАтФАтФАтФАтФАтФАтФАтФАтФАтФАтФАтФАтФАтФАтФАтФАтФАтФАтФАтФАтФАтФАтФАтФАтФАтФАтФАтФАтФАтФАтФАтФАтФАтФАтФАтФАтФАтФАтФАтФАтФАтФАтФАтФАтФАтФАтФАтФАтФАтФАтФАтФАтФАтФАтФАтФАтФАтФАтФАтФАтФАтФАтФАтФАтФАтФА
тФВ #0   TestService._completeBipolarTest (package:psycho_tests/services/test_service.dart:425:23)
тФВ #1   TestService.completeTest (package:psycho_tests/services/test_service.dart:55:16)
тФЬтФДтФДтФДтФДтФДтФДтФДтФДтФДтФДтФДтФДтФДтФДтФДтФДтФДтФДтФДтФДтФДтФДтФДтФДтФДтФДтФДтФДтФДтФДтФДтФДтФДтФДтФДтФДтФДтФДтФДтФДтФДтФДтФДтФДтФДтФДтФДтФДтФДтФДтФДтФДтФДтФДтФДтФДтФДтФДтФДтФДтФДтФДтФДтФДтФДтФДтФДтФДтФДтФДтФДтФДтФДтФДтФДтФДтФДтФДтФДтФДтФДтФДтФДтФДтФДтФДтФДтФДтФДтФДтФДтФДтФДтФДтФДтФДтФДтФДтФДтФДтФДтФДтФДтФДтФДтФДтФДтФДтФДтФДтФДтФДтФДтФДтФДтФДтФДтФДтФД
тФВ ЁЯРЫ Qq53: targetScale=thinking, score=3
тФФтФАтФАтФАтФАтФАтФАтФАтФАтФАтФАтФАтФАтФАтФАтФАтФАтФАтФАтФАтФАтФАтФАтФАтФАтФАтФАтФАтФАтФАтФАтФАтФАтФАтФАтФАтФАтФАтФАтФАтФАтФАтФАтФАтФАтФАтФАтФАтФАтФАтФАтФАтФАтФАтФАтФАтФАтФАтФАтФАтФАтФАтФАтФАтФАтФАтФАтФАтФАтФАтФАтФАтФАтФАтФАтФАтФАтФАтФАтФАтФАтФАтФАтФАтФАтФАтФАтФАтФАтФАтФАтФАтФАтФАтФАтФАтФАтФАтФАтФАтФАтФАтФАтФАтФАтФАтФАтФАтФАтФАтФАтФАтФАтФАтФАтФАтФАтФАтФАтФА
тФМтФАтФАтФАтФАтФАтФАтФАтФАтФАтФАтФАтФАтФАтФАтФАтФАтФАтФАтФАтФАтФАтФАтФАтФАтФАтФАтФАтФАтФАтФАтФАтФАтФАтФАтФАтФАтФАтФАтФАтФАтФАтФАтФАтФАтФАтФАтФАтФАтФАтФАтФАтФАтФАтФАтФАтФАтФАтФАтФАтФАтФАтФАтФАтФАтФАтФАтФАтФАтФАтФАтФАтФАтФАтФАтФАтФАтФАтФАтФАтФАтФАтФАтФАтФАтФАтФАтФАтФАтФАтФАтФАтФАтФАтФАтФАтФАтФАтФАтФАтФАтФАтФАтФАтФАтФАтФАтФАтФАтФАтФАтФАтФАтФАтФАтФАтФАтФАтФАтФА
тФВ #0   TestService._completeBipolarTest (package:psycho_tests/services/test_service.dart:425:23)
тФВ #1   TestService.completeTest (package:psycho_tests/services/test_service.dart:55:16)
тФЬтФДтФДтФДтФДтФДтФДтФДтФДтФДтФДтФДтФДтФДтФДтФДтФДтФДтФДтФДтФДтФДтФДтФДтФДтФДтФДтФДтФДтФДтФДтФДтФДтФДтФДтФДтФДтФДтФДтФДтФДтФДтФДтФДтФДтФДтФДтФДтФДтФДтФДтФДтФДтФДтФДтФДтФДтФДтФДтФДтФДтФДтФДтФДтФДтФДтФДтФДтФДтФДтФДтФДтФДтФДтФДтФДтФДтФДтФДтФДтФДтФДтФДтФДтФДтФДтФДтФДтФДтФДтФДтФДтФДтФДтФДтФДтФДтФДтФДтФДтФДтФДтФДтФДтФДтФДтФДтФДтФДтФДтФДтФДтФДтФДтФДтФДтФДтФДтФДтФД
тФВ ЁЯРЫ Qq54: targetScale=feeling, score=3
тФФтФАтФАтФАтФАтФАтФАтФАтФАтФАтФАтФАтФАтФАтФАтФАтФАтФАтФАтФАтФАтФАтФАтФАтФАтФАтФАтФАтФАтФАтФАтФАтФАтФАтФАтФАтФАтФАтФАтФАтФАтФАтФАтФАтФАтФАтФАтФАтФАтФАтФАтФАтФАтФАтФАтФАтФАтФАтФАтФАтФАтФАтФАтФАтФАтФАтФАтФАтФАтФАтФАтФАтФАтФАтФАтФАтФАтФАтФАтФАтФАтФАтФАтФАтФАтФАтФАтФАтФАтФАтФАтФАтФАтФАтФАтФАтФАтФАтФАтФАтФАтФАтФАтФАтФАтФАтФАтФАтФАтФАтФАтФАтФАтФАтФАтФАтФАтФАтФАтФА
тФМтФАтФАтФАтФАтФАтФАтФАтФАтФАтФАтФАтФАтФАтФАтФАтФАтФАтФАтФАтФАтФАтФАтФАтФАтФАтФАтФАтФАтФАтФАтФАтФАтФАтФАтФАтФАтФАтФАтФАтФАтФАтФАтФАтФАтФАтФАтФАтФАтФАтФАтФАтФАтФАтФАтФАтФАтФАтФАтФАтФАтФАтФАтФАтФАтФАтФАтФАтФАтФАтФАтФАтФАтФАтФАтФАтФАтФАтФАтФАтФАтФАтФАтФАтФАтФАтФАтФАтФАтФАтФАтФАтФАтФАтФАтФАтФАтФАтФАтФАтФАтФАтФАтФАтФАтФАтФАтФАтФАтФАтФАтФАтФАтФАтФАтФАтФАтФАтФАтФА
тФВ #0   TestService._completeBipolarTest (package:psycho_tests/services/test_service.dart:425:23)
тФВ #1   TestService.completeTest (package:psycho_tests/services/test_service.dart:55:16)
тФЬтФДтФДтФДтФДтФДтФДтФДтФДтФДтФДтФДтФДтФДтФДтФДтФДтФДтФДтФДтФДтФДтФДтФДтФДтФДтФДтФДтФДтФДтФДтФДтФДтФДтФДтФДтФДтФДтФДтФДтФДтФДтФДтФДтФДтФДтФДтФДтФДтФДтФДтФДтФДтФДтФДтФДтФДтФДтФДтФДтФДтФДтФДтФДтФДтФДтФДтФДтФДтФДтФДтФДтФДтФДтФДтФДтФДтФДтФДтФДтФДтФДтФДтФДтФДтФДтФДтФДтФДтФДтФДтФДтФДтФДтФДтФДтФДтФДтФДтФДтФДтФДтФДтФДтФДтФДтФДтФДтФДтФДтФДтФДтФДтФДтФДтФДтФДтФДтФДтФД
тФВ ЁЯРЫ Qq55: targetScale=thinking, score=3
тФФтФАтФАтФАтФАтФАтФАтФАтФАтФАтФАтФАтФАтФАтФАтФАтФАтФАтФАтФАтФАтФАтФАтФАтФАтФАтФАтФАтФАтФАтФАтФАтФАтФАтФАтФАтФАтФАтФАтФАтФАтФАтФАтФАтФАтФАтФАтФАтФАтФАтФАтФАтФАтФАтФАтФАтФАтФАтФАтФАтФАтФАтФАтФАтФАтФАтФАтФАтФАтФАтФАтФАтФАтФАтФАтФАтФАтФАтФАтФАтФАтФАтФАтФАтФАтФАтФАтФАтФАтФАтФАтФАтФАтФАтФАтФАтФАтФАтФАтФАтФАтФАтФАтФАтФАтФАтФАтФАтФАтФАтФАтФАтФАтФАтФАтФАтФАтФАтФАтФА
тФМтФАтФАтФАтФАтФАтФАтФАтФАтФАтФАтФАтФАтФАтФАтФАтФАтФАтФАтФАтФАтФАтФАтФАтФАтФАтФАтФАтФАтФАтФАтФАтФАтФАтФАтФАтФАтФАтФАтФАтФАтФАтФАтФАтФАтФАтФАтФАтФАтФАтФАтФАтФАтФАтФАтФАтФАтФАтФАтФАтФАтФАтФАтФАтФАтФАтФАтФАтФАтФАтФАтФАтФАтФАтФАтФАтФАтФАтФАтФАтФАтФАтФАтФАтФАтФАтФАтФАтФАтФАтФАтФАтФАтФАтФАтФАтФАтФАтФАтФАтФАтФАтФАтФАтФАтФАтФАтФАтФАтФАтФАтФАтФАтФАтФАтФАтФАтФАтФАтФА
тФВ #0   TestService._completeBipolarTest (package:psycho_tests/services/test_service.dart:425:23)
тФВ #1   TestService.completeTest (package:psycho_tests/services/test_service.dart:55:16)
тФЬтФДтФДтФДтФДтФДтФДтФДтФДтФДтФДтФДтФДтФДтФДтФДтФДтФДтФДтФДтФДтФДтФДтФДтФДтФДтФДтФДтФДтФДтФДтФДтФДтФДтФДтФДтФДтФДтФДтФДтФДтФДтФДтФДтФДтФДтФДтФДтФДтФДтФДтФДтФДтФДтФДтФДтФДтФДтФДтФДтФДтФДтФДтФДтФДтФДтФДтФДтФДтФДтФДтФДтФДтФДтФДтФДтФДтФДтФДтФДтФДтФДтФДтФДтФДтФДтФДтФДтФДтФДтФДтФДтФДтФДтФДтФДтФДтФДтФДтФДтФДтФДтФДтФДтФДтФДтФДтФДтФДтФДтФДтФДтФДтФДтФДтФДтФДтФДтФДтФД
тФВ ЁЯРЫ Qq56: targetScale=feeling, score=3
тФФтФАтФАтФАтФАтФАтФАтФАтФАтФАтФАтФАтФАтФАтФАтФАтФАтФАтФАтФАтФАтФАтФАтФАтФАтФАтФАтФАтФАтФАтФАтФАтФАтФАтФАтФАтФАтФАтФАтФАтФАтФАтФАтФАтФАтФАтФАтФАтФАтФАтФАтФАтФАтФАтФАтФАтФАтФАтФАтФАтФАтФАтФАтФАтФАтФАтФАтФАтФАтФАтФАтФАтФАтФАтФАтФАтФАтФАтФАтФАтФАтФАтФАтФАтФАтФАтФАтФАтФАтФАтФАтФАтФАтФАтФАтФАтФАтФАтФАтФАтФАтФАтФАтФАтФАтФАтФАтФАтФАтФАтФАтФАтФАтФАтФАтФАтФАтФАтФАтФА
тФМтФАтФАтФАтФАтФАтФАтФАтФАтФАтФАтФАтФАтФАтФАтФАтФАтФАтФАтФАтФАтФАтФАтФАтФАтФАтФАтФАтФАтФАтФАтФАтФАтФАтФАтФАтФАтФАтФАтФАтФАтФАтФАтФАтФАтФАтФАтФАтФАтФАтФАтФАтФАтФАтФАтФАтФАтФАтФАтФАтФАтФАтФАтФАтФАтФАтФАтФАтФАтФАтФАтФАтФАтФАтФАтФАтФАтФАтФАтФАтФАтФАтФАтФАтФАтФАтФАтФАтФАтФАтФАтФАтФАтФАтФАтФАтФАтФАтФАтФАтФАтФАтФАтФАтФАтФАтФАтФАтФАтФАтФАтФАтФАтФАтФАтФАтФАтФАтФАтФА
тФВ #0   TestService._completeBipolarTest (package:psycho_tests/services/test_service.dart:425:23)
тФВ #1   TestService.completeTest (package:psycho_tests/services/test_service.dart:55:16)
тФЬтФДтФДтФДтФДтФДтФДтФДтФДтФДтФДтФДтФДтФДтФДтФДтФДтФДтФДтФДтФДтФДтФДтФДтФДтФДтФДтФДтФДтФДтФДтФДтФДтФДтФДтФДтФДтФДтФДтФДтФДтФДтФДтФДтФДтФДтФДтФДтФДтФДтФДтФДтФДтФДтФДтФДтФДтФДтФДтФДтФДтФДтФДтФДтФДтФДтФДтФДтФДтФДтФДтФДтФДтФДтФДтФДтФДтФДтФДтФДтФДтФДтФДтФДтФДтФДтФДтФДтФДтФДтФДтФДтФДтФДтФДтФДтФДтФДтФДтФДтФДтФДтФДтФДтФДтФДтФДтФДтФДтФДтФДтФДтФДтФДтФДтФДтФДтФДтФДтФД
тФВ ЁЯРЫ Qq57: targetScale=thinking, score=3
тФФтФАтФАтФАтФАтФАтФАтФАтФАтФАтФАтФАтФАтФАтФАтФАтФАтФАтФАтФАтФАтФАтФАтФАтФАтФАтФАтФАтФАтФАтФАтФАтФАтФАтФАтФАтФАтФАтФАтФАтФАтФАтФАтФАтФАтФАтФАтФАтФАтФАтФАтФАтФАтФАтФАтФАтФАтФАтФАтФАтФАтФАтФАтФАтФАтФАтФАтФАтФАтФАтФАтФАтФАтФАтФАтФАтФАтФАтФАтФАтФАтФАтФАтФАтФАтФАтФАтФАтФАтФАтФАтФАтФАтФАтФАтФАтФАтФАтФАтФАтФАтФАтФАтФАтФАтФАтФАтФАтФАтФАтФАтФАтФАтФАтФАтФАтФАтФАтФАтФА
тФМтФАтФАтФАтФАтФАтФАтФАтФАтФАтФАтФАтФАтФАтФАтФАтФАтФАтФАтФАтФАтФАтФАтФАтФАтФАтФАтФАтФАтФАтФАтФАтФАтФАтФАтФАтФАтФАтФАтФАтФАтФАтФАтФАтФАтФАтФАтФАтФАтФАтФАтФАтФАтФАтФАтФАтФАтФАтФАтФАтФАтФАтФАтФАтФАтФАтФАтФАтФАтФАтФАтФАтФАтФАтФАтФАтФАтФАтФАтФАтФАтФАтФАтФАтФАтФАтФАтФАтФАтФАтФАтФАтФАтФАтФАтФАтФАтФАтФАтФАтФАтФАтФАтФАтФАтФАтФАтФАтФАтФАтФАтФАтФАтФАтФАтФАтФАтФАтФАтФА
тФВ #0   TestService._completeBipolarTest (package:psycho_tests/services/test_service.dart:425:23)
тФВ #1   TestService.completeTest (package:psycho_tests/services/test_service.dart:55:16)
тФЬтФДтФДтФДтФДтФДтФДтФДтФДтФДтФДтФДтФДтФДтФДтФДтФДтФДтФДтФДтФДтФДтФДтФДтФДтФДтФДтФДтФДтФДтФДтФДтФДтФДтФДтФДтФДтФДтФДтФДтФДтФДтФДтФДтФДтФДтФДтФДтФДтФДтФДтФДтФДтФДтФДтФДтФДтФДтФДтФДтФДтФДтФДтФДтФДтФДтФДтФДтФДтФДтФДтФДтФДтФДтФДтФДтФДтФДтФДтФДтФДтФДтФДтФДтФДтФДтФДтФДтФДтФДтФДтФДтФДтФДтФДтФДтФДтФДтФДтФДтФДтФДтФДтФДтФДтФДтФДтФДтФДтФДтФДтФДтФДтФДтФДтФДтФДтФДтФДтФД
тФВ ЁЯРЫ Qq58: targetScale=feeling, score=3
тФФтФАтФАтФАтФАтФАтФАтФАтФАтФАтФАтФАтФАтФАтФАтФАтФАтФАтФАтФАтФАтФАтФАтФАтФАтФАтФАтФАтФАтФАтФАтФАтФАтФАтФАтФАтФАтФАтФАтФАтФАтФАтФАтФАтФАтФАтФАтФАтФАтФАтФАтФАтФАтФАтФАтФАтФАтФАтФАтФАтФАтФАтФАтФАтФАтФАтФАтФАтФАтФАтФАтФАтФАтФАтФАтФАтФАтФАтФАтФАтФАтФАтФАтФАтФАтФАтФАтФАтФАтФАтФАтФАтФАтФАтФАтФАтФАтФАтФАтФАтФАтФАтФАтФАтФАтФАтФАтФАтФАтФАтФАтФАтФАтФАтФАтФАтФАтФАтФАтФА
тФМтФАтФАтФАтФАтФАтФАтФАтФАтФАтФАтФАтФАтФАтФАтФАтФАтФАтФАтФАтФАтФАтФАтФАтФАтФАтФАтФАтФАтФАтФАтФАтФАтФАтФАтФАтФАтФАтФАтФАтФАтФАтФАтФАтФАтФАтФАтФАтФАтФАтФАтФАтФАтФАтФАтФАтФАтФАтФАтФАтФАтФАтФАтФАтФАтФАтФАтФАтФАтФАтФАтФАтФАтФАтФАтФАтФАтФАтФАтФАтФАтФАтФАтФАтФАтФАтФАтФАтФАтФАтФАтФАтФАтФАтФАтФАтФАтФАтФАтФАтФАтФАтФАтФАтФАтФАтФАтФАтФАтФАтФАтФАтФАтФАтФАтФАтФАтФАтФАтФА
тФВ #0   TestService._completeBipolarTest (package:psycho_tests/services/test_service.dart:425:23)
тФВ #1   TestService.completeTest (package:psycho_tests/services/test_service.dart:55:16)
тФЬтФДтФДтФДтФДтФДтФДтФДтФДтФДтФДтФДтФДтФДтФДтФДтФДтФДтФДтФДтФДтФДтФДтФДтФДтФДтФДтФДтФДтФДтФДтФДтФДтФДтФДтФДтФДтФДтФДтФДтФДтФДтФДтФДтФДтФДтФДтФДтФДтФДтФДтФДтФДтФДтФДтФДтФДтФДтФДтФДтФДтФДтФДтФДтФДтФДтФДтФДтФДтФДтФДтФДтФДтФДтФДтФДтФДтФДтФДтФДтФДтФДтФДтФДтФДтФДтФДтФДтФДтФДтФДтФДтФДтФДтФДтФДтФДтФДтФДтФДтФДтФДтФДтФДтФДтФДтФДтФДтФДтФДтФДтФДтФДтФДтФДтФДтФДтФДтФДтФД
тФВ ЁЯРЫ Qq59: targetScale=feeling, score=3
тФФтФАтФАтФАтФАтФАтФАтФАтФАтФАтФАтФАтФАтФАтФАтФАтФАтФАтФАтФАтФАтФАтФАтФАтФАтФАтФАтФАтФАтФАтФАтФАтФАтФАтФАтФАтФАтФАтФАтФАтФАтФАтФАтФАтФАтФАтФАтФАтФАтФАтФАтФАтФАтФАтФАтФАтФАтФАтФАтФАтФАтФАтФАтФАтФАтФАтФАтФАтФАтФАтФАтФАтФАтФАтФАтФАтФАтФАтФАтФАтФАтФАтФАтФАтФАтФАтФАтФАтФАтФАтФАтФАтФАтФАтФАтФАтФАтФАтФАтФАтФАтФАтФАтФАтФАтФАтФАтФАтФАтФАтФАтФАтФАтФАтФАтФАтФАтФАтФАтФА
тФМтФАтФАтФАтФАтФАтФАтФАтФАтФАтФАтФАтФАтФАтФАтФАтФАтФАтФАтФАтФАтФАтФАтФАтФАтФАтФАтФАтФАтФАтФАтФАтФАтФАтФАтФАтФАтФАтФАтФАтФАтФАтФАтФАтФАтФАтФАтФАтФАтФАтФАтФАтФАтФАтФАтФАтФАтФАтФАтФАтФАтФАтФАтФАтФАтФАтФАтФАтФАтФАтФАтФАтФАтФАтФАтФАтФАтФАтФАтФАтФАтФАтФАтФАтФАтФАтФАтФАтФАтФАтФАтФАтФАтФАтФАтФАтФАтФАтФАтФАтФАтФАтФАтФАтФАтФАтФАтФАтФАтФАтФАтФАтФАтФАтФАтФАтФАтФАтФАтФА
тФВ #0   TestService._completeBipolarTest (package:psycho_tests/services/test_service.dart:425:23)
тФВ #1   TestService.completeTest (package:psycho_tests/services/test_service.dart:55:16)
тФЬтФДтФДтФДтФДтФДтФДтФДтФДтФДтФДтФДтФДтФДтФДтФДтФДтФДтФДтФДтФДтФДтФДтФДтФДтФДтФДтФДтФДтФДтФДтФДтФДтФДтФДтФДтФДтФДтФДтФДтФДтФДтФДтФДтФДтФДтФДтФДтФДтФДтФДтФДтФДтФДтФДтФДтФДтФДтФДтФДтФДтФДтФДтФДтФДтФДтФДтФДтФДтФДтФДтФДтФДтФДтФДтФДтФДтФДтФДтФДтФДтФДтФДтФДтФДтФДтФДтФДтФДтФДтФДтФДтФДтФДтФДтФДтФДтФДтФДтФДтФДтФДтФДтФДтФДтФДтФДтФДтФДтФДтФДтФДтФДтФДтФДтФДтФДтФДтФДтФД
тФВ ЁЯРЫ Qq60: targetScale=thinking, score=3
тФФтФАтФАтФАтФАтФАтФАтФАтФАтФАтФАтФАтФАтФАтФАтФАтФАтФАтФАтФАтФАтФАтФАтФАтФАтФАтФАтФАтФАтФАтФАтФАтФАтФАтФАтФАтФАтФАтФАтФАтФАтФАтФАтФАтФАтФАтФАтФАтФАтФАтФАтФАтФАтФАтФАтФАтФАтФАтФАтФАтФАтФАтФАтФАтФАтФАтФАтФАтФАтФАтФАтФАтФАтФАтФАтФАтФАтФАтФАтФАтФАтФАтФАтФАтФАтФАтФАтФАтФАтФАтФАтФАтФАтФАтФАтФАтФАтФАтФАтФАтФАтФАтФАтФАтФАтФАтФАтФАтФАтФАтФАтФАтФАтФАтФАтФАтФАтФАтФАтФА
тФМтФАтФАтФАтФАтФАтФАтФАтФАтФАтФАтФАтФАтФАтФАтФАтФАтФАтФАтФАтФАтФАтФАтФАтФАтФАтФАтФАтФАтФАтФАтФАтФАтФАтФАтФАтФАтФАтФАтФАтФАтФАтФАтФАтФАтФАтФАтФАтФАтФАтФАтФАтФАтФАтФАтФАтФАтФАтФАтФАтФАтФАтФАтФАтФАтФАтФАтФАтФАтФАтФАтФАтФАтФАтФАтФАтФАтФАтФАтФАтФАтФАтФАтФАтФАтФАтФАтФАтФАтФАтФАтФАтФАтФАтФАтФАтФАтФАтФАтФАтФАтФАтФАтФАтФАтФАтФАтФАтФАтФАтФАтФАтФАтФАтФАтФАтФАтФАтФАтФА
тФВ #0   TestService._completeBipolarTest (package:psycho_tests/services/test_service.dart:425:23)
тФВ #1   TestService.completeTest (package:psycho_tests/services/test_service.dart:55:16)
тФЬтФДтФДтФДтФДтФДтФДтФДтФДтФДтФДтФДтФДтФДтФДтФДтФДтФДтФДтФДтФДтФДтФДтФДтФДтФДтФДтФДтФДтФДтФДтФДтФДтФДтФДтФДтФДтФДтФДтФДтФДтФДтФДтФДтФДтФДтФДтФДтФДтФДтФДтФДтФДтФДтФДтФДтФДтФДтФДтФДтФДтФДтФДтФДтФДтФДтФДтФДтФДтФДтФДтФДтФДтФДтФДтФДтФДтФДтФДтФДтФДтФДтФДтФДтФДтФДтФДтФДтФДтФДтФДтФДтФДтФДтФДтФДтФДтФДтФДтФДтФДтФДтФДтФДтФДтФДтФДтФДтФДтФДтФДтФДтФДтФДтФДтФДтФДтФДтФДтФД
тФВ ЁЯРЫ Qq61: targetScale=judging, score=3
тФФтФАтФАтФАтФАтФАтФАтФАтФАтФАтФАтФАтФАтФАтФАтФАтФАтФАтФАтФАтФАтФАтФАтФАтФАтФАтФАтФАтФАтФАтФАтФАтФАтФАтФАтФАтФАтФАтФАтФАтФАтФАтФАтФАтФАтФАтФАтФАтФАтФАтФАтФАтФАтФАтФАтФАтФАтФАтФАтФАтФАтФАтФАтФАтФАтФАтФАтФАтФАтФАтФАтФАтФАтФАтФАтФАтФАтФАтФАтФАтФАтФАтФАтФАтФАтФАтФАтФАтФАтФАтФАтФАтФАтФАтФАтФАтФАтФАтФАтФАтФАтФАтФАтФАтФАтФАтФАтФАтФАтФАтФАтФАтФАтФАтФАтФАтФАтФАтФАтФА
тФМтФАтФАтФАтФАтФАтФАтФАтФАтФАтФАтФАтФАтФАтФАтФАтФАтФАтФАтФАтФАтФАтФАтФАтФАтФАтФАтФАтФАтФАтФАтФАтФАтФАтФАтФАтФАтФАтФАтФАтФАтФАтФАтФАтФАтФАтФАтФАтФАтФАтФАтФАтФАтФАтФАтФАтФАтФАтФАтФАтФАтФАтФАтФАтФАтФАтФАтФАтФАтФАтФАтФАтФАтФАтФАтФАтФАтФАтФАтФАтФАтФАтФАтФАтФАтФАтФАтФАтФАтФАтФАтФАтФАтФАтФАтФАтФАтФАтФАтФАтФАтФАтФАтФАтФАтФАтФАтФАтФАтФАтФАтФАтФАтФАтФАтФАтФАтФАтФАтФА
тФВ #0   TestService._completeBipolarTest (package:psycho_tests/services/test_service.dart:425:23)
тФВ #1   TestService.completeTest (package:psycho_tests/services/test_service.dart:55:16)
тФЬтФДтФДтФДтФДтФДтФДтФДтФДтФДтФДтФДтФДтФДтФДтФДтФДтФДтФДтФДтФДтФДтФДтФДтФДтФДтФДтФДтФДтФДтФДтФДтФДтФДтФДтФДтФДтФДтФДтФДтФДтФДтФДтФДтФДтФДтФДтФДтФДтФДтФДтФДтФДтФДтФДтФДтФДтФДтФДтФДтФДтФДтФДтФДтФДтФДтФДтФДтФДтФДтФДтФДтФДтФДтФДтФДтФДтФДтФДтФДтФДтФДтФДтФДтФДтФДтФДтФДтФДтФДтФДтФДтФДтФДтФДтФДтФДтФДтФДтФДтФДтФДтФДтФДтФДтФДтФДтФДтФДтФДтФДтФДтФДтФДтФДтФДтФДтФДтФДтФД
тФВ ЁЯРЫ Qq62: targetScale=judging, score=3
тФФтФАтФАтФАтФАтФАтФАтФАтФАтФАтФАтФАтФАтФАтФАтФАтФАтФАтФАтФАтФАтФАтФАтФАтФАтФАтФАтФАтФАтФАтФАтФАтФАтФАтФАтФАтФАтФАтФАтФАтФАтФАтФАтФАтФАтФАтФАтФАтФАтФАтФАтФАтФАтФАтФАтФАтФАтФАтФАтФАтФАтФАтФАтФАтФАтФАтФАтФАтФАтФАтФАтФАтФАтФАтФАтФАтФАтФАтФАтФАтФАтФАтФАтФАтФАтФАтФАтФАтФАтФАтФАтФАтФАтФАтФАтФАтФАтФАтФАтФАтФАтФАтФАтФАтФАтФАтФАтФАтФАтФАтФАтФАтФАтФАтФАтФАтФАтФАтФАтФА
тФМтФАтФАтФАтФАтФАтФАтФАтФАтФАтФАтФАтФАтФАтФАтФАтФАтФАтФАтФАтФАтФАтФАтФАтФАтФАтФАтФАтФАтФАтФАтФАтФАтФАтФАтФАтФАтФАтФАтФАтФАтФАтФАтФАтФАтФАтФАтФАтФАтФАтФАтФАтФАтФАтФАтФАтФАтФАтФАтФАтФАтФАтФАтФАтФАтФАтФАтФАтФАтФАтФАтФАтФАтФАтФАтФАтФАтФАтФАтФАтФАтФАтФАтФАтФАтФАтФАтФАтФАтФАтФАтФАтФАтФАтФАтФАтФАтФАтФАтФАтФАтФАтФАтФАтФАтФАтФАтФАтФАтФАтФАтФАтФАтФАтФАтФАтФАтФАтФАтФА
тФВ #0   TestService._completeBipolarTest (package:psycho_tests/services/test_service.dart:425:23)
тФВ #1   TestService.completeTest (package:psycho_tests/services/test_service.dart:55:16)
тФЬтФДтФДтФДтФДтФДтФДтФДтФДтФДтФДтФДтФДтФДтФДтФДтФДтФДтФДтФДтФДтФДтФДтФДтФДтФДтФДтФДтФДтФДтФДтФДтФДтФДтФДтФДтФДтФДтФДтФДтФДтФДтФДтФДтФДтФДтФДтФДтФДтФДтФДтФДтФДтФДтФДтФДтФДтФДтФДтФДтФДтФДтФДтФДтФДтФДтФДтФДтФДтФДтФДтФДтФДтФДтФДтФДтФДтФДтФДтФДтФДтФДтФДтФДтФДтФДтФДтФДтФДтФДтФДтФДтФДтФДтФДтФДтФДтФДтФДтФДтФДтФДтФДтФДтФДтФДтФДтФДтФДтФДтФДтФДтФДтФДтФДтФДтФДтФДтФДтФД
тФВ ЁЯРЫ Qq63: targetScale=judging, score=3
тФФтФАтФАтФАтФАтФАтФАтФАтФАтФАтФАтФАтФАтФАтФАтФАтФАтФАтФАтФАтФАтФАтФАтФАтФАтФАтФАтФАтФАтФАтФАтФАтФАтФАтФАтФАтФАтФАтФАтФАтФАтФАтФАтФАтФАтФАтФАтФАтФАтФАтФАтФАтФАтФАтФАтФАтФАтФАтФАтФАтФАтФАтФАтФАтФАтФАтФАтФАтФАтФАтФАтФАтФАтФАтФАтФАтФАтФАтФАтФАтФАтФАтФАтФАтФАтФАтФАтФАтФАтФАтФАтФАтФАтФАтФАтФАтФАтФАтФАтФАтФАтФАтФАтФАтФАтФАтФАтФАтФАтФАтФАтФАтФАтФАтФАтФАтФАтФАтФАтФА
тФМтФАтФАтФАтФАтФАтФАтФАтФАтФАтФАтФАтФАтФАтФАтФАтФАтФАтФАтФАтФАтФАтФАтФАтФАтФАтФАтФАтФАтФАтФАтФАтФАтФАтФАтФАтФАтФАтФАтФАтФАтФАтФАтФАтФАтФАтФАтФАтФАтФАтФАтФАтФАтФАтФАтФАтФАтФАтФАтФАтФАтФАтФАтФАтФАтФАтФАтФАтФАтФАтФАтФАтФАтФАтФАтФАтФАтФАтФАтФАтФАтФАтФАтФАтФАтФАтФАтФАтФАтФАтФАтФАтФАтФАтФАтФАтФАтФАтФАтФАтФАтФАтФАтФАтФАтФАтФАтФАтФАтФАтФАтФАтФАтФАтФАтФАтФАтФАтФАтФА
тФВ #0   TestService._completeBipolarTest (package:psycho_tests/services/test_service.dart:425:23)
тФВ #1   TestService.completeTest (package:psycho_tests/services/test_service.dart:55:16)
тФЬтФДтФДтФДтФДтФДтФДтФДтФДтФДтФДтФДтФДтФДтФДтФДтФДтФДтФДтФДтФДтФДтФДтФДтФДтФДтФДтФДтФДтФДтФДтФДтФДтФДтФДтФДтФДтФДтФДтФДтФДтФДтФДтФДтФДтФДтФДтФДтФДтФДтФДтФДтФДтФДтФДтФДтФДтФДтФДтФДтФДтФДтФДтФДтФДтФДтФДтФДтФДтФДтФДтФДтФДтФДтФДтФДтФДтФДтФДтФДтФДтФДтФДтФДтФДтФДтФДтФДтФДтФДтФДтФДтФДтФДтФДтФДтФДтФДтФДтФДтФДтФДтФДтФДтФДтФДтФДтФДтФДтФДтФДтФДтФДтФДтФДтФДтФДтФДтФДтФД
тФВ ЁЯРЫ Qq64: targetScale=judging, score=3
тФФтФАтФАтФАтФАтФАтФАтФАтФАтФАтФАтФАтФАтФАтФАтФАтФАтФАтФАтФАтФАтФАтФАтФАтФАтФАтФАтФАтФАтФАтФАтФАтФАтФАтФАтФАтФАтФАтФАтФАтФАтФАтФАтФАтФАтФАтФАтФАтФАтФАтФАтФАтФАтФАтФАтФАтФАтФАтФАтФАтФАтФАтФАтФАтФАтФАтФАтФАтФАтФАтФАтФАтФАтФАтФАтФАтФАтФАтФАтФАтФАтФАтФАтФАтФАтФАтФАтФАтФАтФАтФАтФАтФАтФАтФАтФАтФАтФАтФАтФАтФАтФАтФАтФАтФАтФАтФАтФАтФАтФАтФАтФАтФАтФАтФАтФАтФАтФАтФАтФА
тФМтФАтФАтФАтФАтФАтФАтФАтФАтФАтФАтФАтФАтФАтФАтФАтФАтФАтФАтФАтФАтФАтФАтФАтФАтФАтФАтФАтФАтФАтФАтФАтФАтФАтФАтФАтФАтФАтФАтФАтФАтФАтФАтФАтФАтФАтФАтФАтФАтФАтФАтФАтФАтФАтФАтФАтФАтФАтФАтФАтФАтФАтФАтФАтФАтФАтФАтФАтФАтФАтФАтФАтФАтФАтФАтФАтФАтФАтФАтФАтФАтФАтФАтФАтФАтФАтФАтФАтФАтФАтФАтФАтФАтФАтФАтФАтФАтФАтФАтФАтФАтФАтФАтФАтФАтФАтФАтФАтФАтФАтФАтФАтФАтФАтФАтФАтФАтФАтФАтФА
тФВ #0   TestService._completeBipolarTest (package:psycho_tests/services/test_service.dart:425:23)
тФВ #1   TestService.completeTest (package:psycho_tests/services/test_service.dart:55:16)
тФЬтФДтФДтФДтФДтФДтФДтФДтФДтФДтФДтФДтФДтФДтФДтФДтФДтФДтФДтФДтФДтФДтФДтФДтФДтФДтФДтФДтФДтФДтФДтФДтФДтФДтФДтФДтФДтФДтФДтФДтФДтФДтФДтФДтФДтФДтФДтФДтФДтФДтФДтФДтФДтФДтФДтФДтФДтФДтФДтФДтФДтФДтФДтФДтФДтФДтФДтФДтФДтФДтФДтФДтФДтФДтФДтФДтФДтФДтФДтФДтФДтФДтФДтФДтФДтФДтФДтФДтФДтФДтФДтФДтФДтФДтФДтФДтФДтФДтФДтФДтФДтФДтФДтФДтФДтФДтФДтФДтФДтФДтФДтФДтФДтФДтФДтФДтФДтФДтФДтФД
тФВ ЁЯРЫ Qq65: targetScale=perceiving, score=3
тФФтФАтФАтФАтФАтФАтФАтФАтФАтФАтФАтФАтФАтФАтФАтФАтФАтФАтФАтФАтФАтФАтФАтФАтФАтФАтФАтФАтФАтФАтФАтФАтФАтФАтФАтФАтФАтФАтФАтФАтФАтФАтФАтФАтФАтФАтФАтФАтФАтФАтФАтФАтФАтФАтФАтФАтФАтФАтФАтФАтФАтФАтФАтФАтФАтФАтФАтФАтФАтФАтФАтФАтФАтФАтФАтФАтФАтФАтФАтФАтФАтФАтФАтФАтФАтФАтФАтФАтФАтФАтФАтФАтФАтФАтФАтФАтФАтФАтФАтФАтФАтФАтФАтФАтФАтФАтФАтФАтФАтФАтФАтФАтФАтФАтФАтФАтФАтФАтФАтФА
тФМтФАтФАтФАтФАтФАтФАтФАтФАтФАтФАтФАтФАтФАтФАтФАтФАтФАтФАтФАтФАтФАтФАтФАтФАтФАтФАтФАтФАтФАтФАтФАтФАтФАтФАтФАтФАтФАтФАтФАтФАтФАтФАтФАтФАтФАтФАтФАтФАтФАтФАтФАтФАтФАтФАтФАтФАтФАтФАтФАтФАтФАтФАтФАтФАтФАтФАтФАтФАтФАтФАтФАтФАтФАтФАтФАтФАтФАтФАтФАтФАтФАтФАтФАтФАтФАтФАтФАтФАтФАтФАтФАтФАтФАтФАтФАтФАтФАтФАтФАтФАтФАтФАтФАтФАтФАтФАтФАтФАтФАтФАтФАтФАтФАтФАтФАтФАтФАтФАтФА
тФВ #0   TestService._completeBipolarTest (package:psycho_tests/services/test_service.dart:425:23)
тФВ #1   TestService.completeTest (package:psycho_tests/services/test_service.dart:55:16)
тФЬтФДтФДтФДтФДтФДтФДтФДтФДтФДтФДтФДтФДтФДтФДтФДтФДтФДтФДтФДтФДтФДтФДтФДтФДтФДтФДтФДтФДтФДтФДтФДтФДтФДтФДтФДтФДтФДтФДтФДтФДтФДтФДтФДтФДтФДтФДтФДтФДтФДтФДтФДтФДтФДтФДтФДтФДтФДтФДтФДтФДтФДтФДтФДтФДтФДтФДтФДтФДтФДтФДтФДтФДтФДтФДтФДтФДтФДтФДтФДтФДтФДтФДтФДтФДтФДтФДтФДтФДтФДтФДтФДтФДтФДтФДтФДтФДтФДтФДтФДтФДтФДтФДтФДтФДтФДтФДтФДтФДтФДтФДтФДтФДтФДтФДтФДтФДтФДтФДтФД
тФВ ЁЯРЫ Qq66: targetScale=perceiving, score=3
тФФтФАтФАтФАтФАтФАтФАтФАтФАтФАтФАтФАтФАтФАтФАтФАтФАтФАтФАтФАтФАтФАтФАтФАтФАтФАтФАтФАтФАтФАтФАтФАтФАтФАтФАтФАтФАтФАтФАтФАтФАтФАтФАтФАтФАтФАтФАтФАтФАтФАтФАтФАтФАтФАтФАтФАтФАтФАтФАтФАтФАтФАтФАтФАтФАтФАтФАтФАтФАтФАтФАтФАтФАтФАтФАтФАтФАтФАтФАтФАтФАтФАтФАтФАтФАтФАтФАтФАтФАтФАтФАтФАтФАтФАтФАтФАтФАтФАтФАтФАтФАтФАтФАтФАтФАтФАтФАтФАтФАтФАтФАтФАтФАтФАтФАтФАтФАтФАтФАтФА
тФМтФАтФАтФАтФАтФАтФАтФАтФАтФАтФАтФАтФАтФАтФАтФАтФАтФАтФАтФАтФАтФАтФАтФАтФАтФАтФАтФАтФАтФАтФАтФАтФАтФАтФАтФАтФАтФАтФАтФАтФАтФАтФАтФАтФАтФАтФАтФАтФАтФАтФАтФАтФАтФАтФАтФАтФАтФАтФАтФАтФАтФАтФАтФАтФАтФАтФАтФАтФАтФАтФАтФАтФАтФАтФАтФАтФАтФАтФАтФАтФАтФАтФАтФАтФАтФАтФАтФАтФАтФАтФАтФАтФАтФАтФАтФАтФАтФАтФАтФАтФАтФАтФАтФАтФАтФАтФАтФАтФАтФАтФАтФАтФАтФАтФАтФАтФАтФАтФАтФА
тФВ #0   TestService._completeBipolarTest (package:psycho_tests/services/test_service.dart:425:23)
тФВ #1   TestService.completeTest (package:psycho_tests/services/test_service.dart:55:16)
тФЬтФДтФДтФДтФДтФДтФДтФДтФДтФДтФДтФДтФДтФДтФДтФДтФДтФДтФДтФДтФДтФДтФДтФДтФДтФДтФДтФДтФДтФДтФДтФДтФДтФДтФДтФДтФДтФДтФДтФДтФДтФДтФДтФДтФДтФДтФДтФДтФДтФДтФДтФДтФДтФДтФДтФДтФДтФДтФДтФДтФДтФДтФДтФДтФДтФДтФДтФДтФДтФДтФДтФДтФДтФДтФДтФДтФДтФДтФДтФДтФДтФДтФДтФДтФДтФДтФДтФДтФДтФДтФДтФДтФДтФДтФДтФДтФДтФДтФДтФДтФДтФДтФДтФДтФДтФДтФДтФДтФДтФДтФДтФДтФДтФДтФДтФДтФДтФДтФДтФД
тФВ ЁЯРЫ Qq67: targetScale=perceiving, score=3
тФФтФАтФАтФАтФАтФАтФАтФАтФАтФАтФАтФАтФАтФАтФАтФАтФАтФАтФАтФАтФАтФАтФАтФАтФАтФАтФАтФАтФАтФАтФАтФАтФАтФАтФАтФАтФАтФАтФАтФАтФАтФАтФАтФАтФАтФАтФАтФАтФАтФАтФАтФАтФАтФАтФАтФАтФАтФАтФАтФАтФАтФАтФАтФАтФАтФАтФАтФАтФАтФАтФАтФАтФАтФАтФАтФАтФАтФАтФАтФАтФАтФАтФАтФАтФАтФАтФАтФАтФАтФАтФАтФАтФАтФАтФАтФАтФАтФАтФАтФАтФАтФАтФАтФАтФАтФАтФАтФАтФАтФАтФАтФАтФАтФАтФАтФАтФАтФАтФАтФА
тФМтФАтФАтФАтФАтФАтФАтФАтФАтФАтФАтФАтФАтФАтФАтФАтФАтФАтФАтФАтФАтФАтФАтФАтФАтФАтФАтФАтФАтФАтФАтФАтФАтФАтФАтФАтФАтФАтФАтФАтФАтФАтФАтФАтФАтФАтФАтФАтФАтФАтФАтФАтФАтФАтФАтФАтФАтФАтФАтФАтФАтФАтФАтФАтФАтФАтФАтФАтФАтФАтФАтФАтФАтФАтФАтФАтФАтФАтФАтФАтФАтФАтФАтФАтФАтФАтФАтФАтФАтФАтФАтФАтФАтФАтФАтФАтФАтФАтФАтФАтФАтФАтФАтФАтФАтФАтФАтФАтФАтФАтФАтФАтФАтФАтФАтФАтФАтФАтФАтФА
тФВ #0   TestService._completeBipolarTest (package:psycho_tests/services/test_service.dart:425:23)
тФВ #1   TestService.completeTest (package:psycho_tests/services/test_service.dart:55:16)
тФЬтФДтФДтФДтФДтФДтФДтФДтФДтФДтФДтФДтФДтФДтФДтФДтФДтФДтФДтФДтФДтФДтФДтФДтФДтФДтФДтФДтФДтФДтФДтФДтФДтФДтФДтФДтФДтФДтФДтФДтФДтФДтФДтФДтФДтФДтФДтФДтФДтФДтФДтФДтФДтФДтФДтФДтФДтФДтФДтФДтФДтФДтФДтФДтФДтФДтФДтФДтФДтФДтФДтФДтФДтФДтФДтФДтФДтФДтФДтФДтФДтФДтФДтФДтФДтФДтФДтФДтФДтФДтФДтФДтФДтФДтФДтФДтФДтФДтФДтФДтФДтФДтФДтФДтФДтФДтФДтФДтФДтФДтФДтФДтФДтФДтФДтФДтФДтФДтФДтФД
тФВ ЁЯРЫ Qq68: targetScale=perceiving, score=3
тФФтФАтФАтФАтФАтФАтФАтФАтФАтФАтФАтФАтФАтФАтФАтФАтФАтФАтФАтФАтФАтФАтФАтФАтФАтФАтФАтФАтФАтФАтФАтФАтФАтФАтФАтФАтФАтФАтФАтФАтФАтФАтФАтФАтФАтФАтФАтФАтФАтФАтФАтФАтФАтФАтФАтФАтФАтФАтФАтФАтФАтФАтФАтФАтФАтФАтФАтФАтФАтФАтФАтФАтФАтФАтФАтФАтФАтФАтФАтФАтФАтФАтФАтФАтФАтФАтФАтФАтФАтФАтФАтФАтФАтФАтФАтФАтФАтФАтФАтФАтФАтФАтФАтФАтФАтФАтФАтФАтФАтФАтФАтФАтФАтФАтФАтФАтФАтФАтФАтФА
тФМтФАтФАтФАтФАтФАтФАтФАтФАтФАтФАтФАтФАтФАтФАтФАтФАтФАтФАтФАтФАтФАтФАтФАтФАтФАтФАтФАтФАтФАтФАтФАтФАтФАтФАтФАтФАтФАтФАтФАтФАтФАтФАтФАтФАтФАтФАтФАтФАтФАтФАтФАтФАтФАтФАтФАтФАтФАтФАтФАтФАтФАтФАтФАтФАтФАтФАтФАтФАтФАтФАтФАтФАтФАтФАтФАтФАтФАтФАтФАтФАтФАтФАтФАтФАтФАтФАтФАтФАтФАтФАтФАтФАтФАтФАтФАтФАтФАтФАтФАтФАтФАтФАтФАтФАтФАтФАтФАтФАтФАтФАтФАтФАтФАтФАтФАтФАтФАтФАтФА
тФВ #0   TestService._completeBipolarTest (package:psycho_tests/services/test_service.dart:425:23)
тФВ #1   TestService.completeTest (package:psycho_tests/services/test_service.dart:55:16)
тФЬтФДтФДтФДтФДтФДтФДтФДтФДтФДтФДтФДтФДтФДтФДтФДтФДтФДтФДтФДтФДтФДтФДтФДтФДтФДтФДтФДтФДтФДтФДтФДтФДтФДтФДтФДтФДтФДтФДтФДтФДтФДтФДтФДтФДтФДтФДтФДтФДтФДтФДтФДтФДтФДтФДтФДтФДтФДтФДтФДтФДтФДтФДтФДтФДтФДтФДтФДтФДтФДтФДтФДтФДтФДтФДтФДтФДтФДтФДтФДтФДтФДтФДтФДтФДтФДтФДтФДтФДтФДтФДтФДтФДтФДтФДтФДтФДтФДтФДтФДтФДтФДтФДтФДтФДтФДтФДтФДтФДтФДтФДтФДтФДтФДтФДтФДтФДтФДтФДтФД
тФВ ЁЯРЫ Qq69: targetScale=judging, score=3
тФФтФАтФАтФАтФАтФАтФАтФАтФАтФАтФАтФАтФАтФАтФАтФАтФАтФАтФАтФАтФАтФАтФАтФАтФАтФАтФАтФАтФАтФАтФАтФАтФАтФАтФАтФАтФАтФАтФАтФАтФАтФАтФАтФАтФАтФАтФАтФАтФАтФАтФАтФАтФАтФАтФАтФАтФАтФАтФАтФАтФАтФАтФАтФАтФАтФАтФАтФАтФАтФАтФАтФАтФАтФАтФАтФАтФАтФАтФАтФАтФАтФАтФАтФАтФАтФАтФАтФАтФАтФАтФАтФАтФАтФАтФАтФАтФАтФАтФАтФАтФАтФАтФАтФАтФАтФАтФАтФАтФАтФАтФАтФАтФАтФАтФАтФАтФАтФАтФАтФА
тФМтФАтФАтФАтФАтФАтФАтФАтФАтФАтФАтФАтФАтФАтФАтФАтФАтФАтФАтФАтФАтФАтФАтФАтФАтФАтФАтФАтФАтФАтФАтФАтФАтФАтФАтФАтФАтФАтФАтФАтФАтФАтФАтФАтФАтФАтФАтФАтФАтФАтФАтФАтФАтФАтФАтФАтФАтФАтФАтФАтФАтФАтФАтФАтФАтФАтФАтФАтФАтФАтФАтФАтФАтФАтФАтФАтФАтФАтФАтФАтФАтФАтФАтФАтФАтФАтФАтФАтФАтФАтФАтФАтФАтФАтФАтФАтФАтФАтФАтФАтФАтФАтФАтФАтФАтФАтФАтФАтФАтФАтФАтФАтФАтФАтФАтФАтФАтФАтФАтФА
тФВ #0   TestService._completeBipolarTest (package:psycho_tests/services/test_service.dart:425:23)
тФВ #1   TestService.completeTest (package:psycho_tests/services/test_service.dart:55:16)
тФЬтФДтФДтФДтФДтФДтФДтФДтФДтФДтФДтФДтФДтФДтФДтФДтФДтФДтФДтФДтФДтФДтФДтФДтФДтФДтФДтФДтФДтФДтФДтФДтФДтФДтФДтФДтФДтФДтФДтФДтФДтФДтФДтФДтФДтФДтФДтФДтФДтФДтФДтФДтФДтФДтФДтФДтФДтФДтФДтФДтФДтФДтФДтФДтФДтФДтФДтФДтФДтФДтФДтФДтФДтФДтФДтФДтФДтФДтФДтФДтФДтФДтФДтФДтФДтФДтФДтФДтФДтФДтФДтФДтФДтФДтФДтФДтФДтФДтФДтФДтФДтФДтФДтФДтФДтФДтФДтФДтФДтФДтФДтФДтФДтФДтФДтФДтФДтФДтФДтФД
тФВ ЁЯРЫ Qq70: targetScale=perceiving, score=3
тФФтФАтФАтФАтФАтФАтФАтФАтФАтФАтФАтФАтФАтФАтФАтФАтФАтФАтФАтФАтФАтФАтФАтФАтФАтФАтФАтФАтФАтФАтФАтФАтФАтФАтФАтФАтФАтФАтФАтФАтФАтФАтФАтФАтФАтФАтФАтФАтФАтФАтФАтФАтФАтФАтФАтФАтФАтФАтФАтФАтФАтФАтФАтФАтФАтФАтФАтФАтФАтФАтФАтФАтФАтФАтФАтФАтФАтФАтФАтФАтФАтФАтФАтФАтФАтФАтФАтФАтФАтФАтФАтФАтФАтФАтФАтФАтФАтФАтФАтФАтФАтФАтФАтФАтФАтФАтФАтФАтФАтФАтФАтФАтФАтФАтФАтФАтФАтФАтФАтФА
тФМтФАтФАтФАтФАтФАтФАтФАтФАтФАтФАтФАтФАтФАтФАтФАтФАтФАтФАтФАтФАтФАтФАтФАтФАтФАтФАтФАтФАтФАтФАтФАтФАтФАтФАтФАтФАтФАтФАтФАтФАтФАтФАтФАтФАтФАтФАтФАтФАтФАтФАтФАтФАтФАтФАтФАтФАтФАтФАтФАтФАтФАтФАтФАтФАтФАтФАтФАтФАтФАтФАтФАтФАтФАтФАтФАтФАтФАтФАтФАтФАтФАтФАтФАтФАтФАтФАтФАтФАтФАтФАтФАтФАтФАтФАтФАтФАтФАтФАтФАтФАтФАтФАтФАтФАтФАтФАтФАтФАтФАтФАтФАтФАтФАтФАтФАтФАтФАтФАтФА
тФВ #0   TestService._completeBipolarTest (package:psycho_tests/services/test_service.dart:425:23)
тФВ #1   TestService.completeTest (package:psycho_tests/services/test_service.dart:55:16)
тФЬтФДтФДтФДтФДтФДтФДтФДтФДтФДтФДтФДтФДтФДтФДтФДтФДтФДтФДтФДтФДтФДтФДтФДтФДтФДтФДтФДтФДтФДтФДтФДтФДтФДтФДтФДтФДтФДтФДтФДтФДтФДтФДтФДтФДтФДтФДтФДтФДтФДтФДтФДтФДтФДтФДтФДтФДтФДтФДтФДтФДтФДтФДтФДтФДтФДтФДтФДтФДтФДтФДтФДтФДтФДтФДтФДтФДтФДтФДтФДтФДтФДтФДтФДтФДтФДтФДтФДтФДтФДтФДтФДтФДтФДтФДтФДтФДтФДтФДтФДтФДтФДтФДтФДтФДтФДтФДтФДтФДтФДтФДтФДтФДтФДтФДтФДтФДтФДтФДтФД
тФВ ЁЯРЫ Qq71: targetScale=judging, score=3
тФФтФАтФАтФАтФАтФАтФАтФАтФАтФАтФАтФАтФАтФАтФАтФАтФАтФАтФАтФАтФАтФАтФАтФАтФАтФАтФАтФАтФАтФАтФАтФАтФАтФАтФАтФАтФАтФАтФАтФАтФАтФАтФАтФАтФАтФАтФАтФАтФАтФАтФАтФАтФАтФАтФАтФАтФАтФАтФАтФАтФАтФАтФАтФАтФАтФАтФАтФАтФАтФАтФАтФАтФАтФАтФАтФАтФАтФАтФАтФАтФАтФАтФАтФАтФАтФАтФАтФАтФАтФАтФАтФАтФАтФАтФАтФАтФАтФАтФАтФАтФАтФАтФАтФАтФАтФАтФАтФАтФАтФАтФАтФАтФАтФАтФАтФАтФАтФАтФАтФА
тФМтФАтФАтФАтФАтФАтФАтФАтФАтФАтФАтФАтФАтФАтФАтФАтФАтФАтФАтФАтФАтФАтФАтФАтФАтФАтФАтФАтФАтФАтФАтФАтФАтФАтФАтФАтФАтФАтФАтФАтФАтФАтФАтФАтФАтФАтФАтФАтФАтФАтФАтФАтФАтФАтФАтФАтФАтФАтФАтФАтФАтФАтФАтФАтФАтФАтФАтФАтФАтФАтФАтФАтФАтФАтФАтФАтФАтФАтФАтФАтФАтФАтФАтФАтФАтФАтФАтФАтФАтФАтФАтФАтФАтФАтФАтФАтФАтФАтФАтФАтФАтФАтФАтФАтФАтФАтФАтФАтФАтФАтФАтФАтФАтФАтФАтФАтФАтФАтФАтФА
тФВ #0   TestService._completeBipolarTest (package:psycho_tests/services/test_service.dart:425:23)
тФВ #1   TestService.completeTest (package:psycho_tests/services/test_service.dart:55:16)
тФЬтФДтФДтФДтФДтФДтФДтФДтФДтФДтФДтФДтФДтФДтФДтФДтФДтФДтФДтФДтФДтФДтФДтФДтФДтФДтФДтФДтФДтФДтФДтФДтФДтФДтФДтФДтФДтФДтФДтФДтФДтФДтФДтФДтФДтФДтФДтФДтФДтФДтФДтФДтФДтФДтФДтФДтФДтФДтФДтФДтФДтФДтФДтФДтФДтФДтФДтФДтФДтФДтФДтФДтФДтФДтФДтФДтФДтФДтФДтФДтФДтФДтФДтФДтФДтФДтФДтФДтФДтФДтФДтФДтФДтФДтФДтФДтФДтФДтФДтФДтФДтФДтФДтФДтФДтФДтФДтФДтФДтФДтФДтФДтФДтФДтФДтФДтФДтФДтФДтФД
тФВ ЁЯРЫ Qq72: targetScale=perceiving, score=3
тФФтФАтФАтФАтФАтФАтФАтФАтФАтФАтФАтФАтФАтФАтФАтФАтФАтФАтФАтФАтФАтФАтФАтФАтФАтФАтФАтФАтФАтФАтФАтФАтФАтФАтФАтФАтФАтФАтФАтФАтФАтФАтФАтФАтФАтФАтФАтФАтФАтФАтФАтФАтФАтФАтФАтФАтФАтФАтФАтФАтФАтФАтФАтФАтФАтФАтФАтФАтФАтФАтФАтФАтФАтФАтФАтФАтФАтФАтФАтФАтФАтФАтФАтФАтФАтФАтФАтФАтФАтФАтФАтФАтФАтФАтФАтФАтФАтФАтФАтФАтФАтФАтФАтФАтФАтФАтФАтФАтФАтФАтФАтФАтФАтФАтФАтФАтФАтФАтФАтФА
тФМтФАтФАтФАтФАтФАтФАтФАтФАтФАтФАтФАтФАтФАтФАтФАтФАтФАтФАтФАтФАтФАтФАтФАтФАтФАтФАтФАтФАтФАтФАтФАтФАтФАтФАтФАтФАтФАтФАтФАтФАтФАтФАтФАтФАтФАтФАтФАтФАтФАтФАтФАтФАтФАтФАтФАтФАтФАтФАтФАтФАтФАтФАтФАтФАтФАтФАтФАтФАтФАтФАтФАтФАтФАтФАтФАтФАтФАтФАтФАтФАтФАтФАтФАтФАтФАтФАтФАтФАтФАтФАтФАтФАтФАтФАтФАтФАтФАтФАтФАтФАтФАтФАтФАтФАтФАтФАтФАтФАтФАтФАтФАтФАтФАтФАтФАтФАтФАтФАтФА
тФВ #0   TestService._completeBipolarTest (package:psycho_tests/services/test_service.dart:425:23)
тФВ #1   TestService.completeTest (package:psycho_tests/services/test_service.dart:55:16)
тФЬтФДтФДтФДтФДтФДтФДтФДтФДтФДтФДтФДтФДтФДтФДтФДтФДтФДтФДтФДтФДтФДтФДтФДтФДтФДтФДтФДтФДтФДтФДтФДтФДтФДтФДтФДтФДтФДтФДтФДтФДтФДтФДтФДтФДтФДтФДтФДтФДтФДтФДтФДтФДтФДтФДтФДтФДтФДтФДтФДтФДтФДтФДтФДтФДтФДтФДтФДтФДтФДтФДтФДтФДтФДтФДтФДтФДтФДтФДтФДтФДтФДтФДтФДтФДтФДтФДтФДтФДтФДтФДтФДтФДтФДтФДтФДтФДтФДтФДтФДтФДтФДтФДтФДтФДтФДтФДтФДтФДтФДтФДтФДтФДтФДтФДтФДтФДтФДтФДтФД
тФВ ЁЯРЫ Qq73: targetScale=judging, score=3
тФФтФАтФАтФАтФАтФАтФАтФАтФАтФАтФАтФАтФАтФАтФАтФАтФАтФАтФАтФАтФАтФАтФАтФАтФАтФАтФАтФАтФАтФАтФАтФАтФАтФАтФАтФАтФАтФАтФАтФАтФАтФАтФАтФАтФАтФАтФАтФАтФАтФАтФАтФАтФАтФАтФАтФАтФАтФАтФАтФАтФАтФАтФАтФАтФАтФАтФАтФАтФАтФАтФАтФАтФАтФАтФАтФАтФАтФАтФАтФАтФАтФАтФАтФАтФАтФАтФАтФАтФАтФАтФАтФАтФАтФАтФАтФАтФАтФАтФАтФАтФАтФАтФАтФАтФАтФАтФАтФАтФАтФАтФАтФАтФАтФАтФАтФАтФАтФАтФАтФА
тФМтФАтФАтФАтФАтФАтФАтФАтФАтФАтФАтФАтФАтФАтФАтФАтФАтФАтФАтФАтФАтФАтФАтФАтФАтФАтФАтФАтФАтФАтФАтФАтФАтФАтФАтФАтФАтФАтФАтФАтФАтФАтФАтФАтФАтФАтФАтФАтФАтФАтФАтФАтФАтФАтФАтФАтФАтФАтФАтФАтФАтФАтФАтФАтФАтФАтФАтФАтФАтФАтФАтФАтФАтФАтФАтФАтФАтФАтФАтФАтФАтФАтФАтФАтФАтФАтФАтФАтФАтФАтФАтФАтФАтФАтФАтФАтФАтФАтФАтФАтФАтФАтФАтФАтФАтФАтФАтФАтФАтФАтФАтФАтФАтФАтФАтФАтФАтФАтФАтФА
тФВ #0   TestService._completeBipolarTest (package:psycho_tests/services/test_service.dart:425:23)
тФВ #1   TestService.completeTest (package:psycho_tests/services/test_service.dart:55:16)
тФЬтФДтФДтФДтФДтФДтФДтФДтФДтФДтФДтФДтФДтФДтФДтФДтФДтФДтФДтФДтФДтФДтФДтФДтФДтФДтФДтФДтФДтФДтФДтФДтФДтФДтФДтФДтФДтФДтФДтФДтФДтФДтФДтФДтФДтФДтФДтФДтФДтФДтФДтФДтФДтФДтФДтФДтФДтФДтФДтФДтФДтФДтФДтФДтФДтФДтФДтФДтФДтФДтФДтФДтФДтФДтФДтФДтФДтФДтФДтФДтФДтФДтФДтФДтФДтФДтФДтФДтФДтФДтФДтФДтФДтФДтФДтФДтФДтФДтФДтФДтФДтФДтФДтФДтФДтФДтФДтФДтФДтФДтФДтФДтФДтФДтФДтФДтФДтФДтФДтФД
тФВ ЁЯРЫ Qq74: targetScale=perceiving, score=3
тФФтФАтФАтФАтФАтФАтФАтФАтФАтФАтФАтФАтФАтФАтФАтФАтФАтФАтФАтФАтФАтФАтФАтФАтФАтФАтФАтФАтФАтФАтФАтФАтФАтФАтФАтФАтФАтФАтФАтФАтФАтФАтФАтФАтФАтФАтФАтФАтФАтФАтФАтФАтФАтФАтФАтФАтФАтФАтФАтФАтФАтФАтФАтФАтФАтФАтФАтФАтФАтФАтФАтФАтФАтФАтФАтФАтФАтФАтФАтФАтФАтФАтФАтФАтФАтФАтФАтФАтФАтФАтФАтФАтФАтФАтФАтФАтФАтФАтФАтФАтФАтФАтФАтФАтФАтФАтФАтФАтФАтФАтФАтФАтФАтФАтФАтФАтФАтФАтФАтФА
тФМтФАтФАтФАтФАтФАтФАтФАтФАтФАтФАтФАтФАтФАтФАтФАтФАтФАтФАтФАтФАтФАтФАтФАтФАтФАтФАтФАтФАтФАтФАтФАтФАтФАтФАтФАтФАтФАтФАтФАтФАтФАтФАтФАтФАтФАтФАтФАтФАтФАтФАтФАтФАтФАтФАтФАтФАтФАтФАтФАтФАтФАтФАтФАтФАтФАтФАтФАтФАтФАтФАтФАтФАтФАтФАтФАтФАтФАтФАтФАтФАтФАтФАтФАтФАтФАтФАтФАтФАтФАтФАтФАтФАтФАтФАтФАтФАтФАтФАтФАтФАтФАтФАтФАтФАтФАтФАтФАтФАтФАтФАтФАтФАтФАтФАтФАтФАтФАтФАтФА
тФВ #0   TestService._completeBipolarTest (package:psycho_tests/services/test_service.dart:425:23)
тФВ #1   TestService.completeTest (package:psycho_tests/services/test_service.dart:55:16)
тФЬтФДтФДтФДтФДтФДтФДтФДтФДтФДтФДтФДтФДтФДтФДтФДтФДтФДтФДтФДтФДтФДтФДтФДтФДтФДтФДтФДтФДтФДтФДтФДтФДтФДтФДтФДтФДтФДтФДтФДтФДтФДтФДтФДтФДтФДтФДтФДтФДтФДтФДтФДтФДтФДтФДтФДтФДтФДтФДтФДтФДтФДтФДтФДтФДтФДтФДтФДтФДтФДтФДтФДтФДтФДтФДтФДтФДтФДтФДтФДтФДтФДтФДтФДтФДтФДтФДтФДтФДтФДтФДтФДтФДтФДтФДтФДтФДтФДтФДтФДтФДтФДтФДтФДтФДтФДтФДтФДтФДтФДтФДтФДтФДтФДтФДтФДтФДтФДтФДтФД
тФВ ЁЯРЫ Qq75: targetScale=judging, score=3
тФФтФАтФАтФАтФАтФАтФАтФАтФАтФАтФАтФАтФАтФАтФАтФАтФАтФАтФАтФАтФАтФАтФАтФАтФАтФАтФАтФАтФАтФАтФАтФАтФАтФАтФАтФАтФАтФАтФАтФАтФАтФАтФАтФАтФАтФАтФАтФАтФАтФАтФАтФАтФАтФАтФАтФАтФАтФАтФАтФАтФАтФАтФАтФАтФАтФАтФАтФАтФАтФАтФАтФАтФАтФАтФАтФАтФАтФАтФАтФАтФАтФАтФАтФАтФАтФАтФАтФАтФАтФАтФАтФАтФАтФАтФАтФАтФАтФАтФАтФАтФАтФАтФАтФАтФАтФАтФАтФАтФАтФАтФАтФАтФАтФАтФАтФАтФАтФАтФАтФА
тФМтФАтФАтФАтФАтФАтФАтФАтФАтФАтФАтФАтФАтФАтФАтФАтФАтФАтФАтФАтФАтФАтФАтФАтФАтФАтФАтФАтФАтФАтФАтФАтФАтФАтФАтФАтФАтФАтФАтФАтФАтФАтФАтФАтФАтФАтФАтФАтФАтФАтФАтФАтФАтФАтФАтФАтФАтФАтФАтФАтФАтФАтФАтФАтФАтФАтФАтФАтФАтФАтФАтФАтФАтФАтФАтФАтФАтФАтФАтФАтФАтФАтФАтФАтФАтФАтФАтФАтФАтФАтФАтФАтФАтФАтФАтФАтФАтФАтФАтФАтФАтФАтФАтФАтФАтФАтФАтФАтФАтФАтФАтФАтФАтФАтФАтФАтФАтФАтФАтФА
тФВ #0   TestService._completeBipolarTest (package:psycho_tests/services/test_service.dart:425:23)
тФВ #1   TestService.completeTest (package:psycho_tests/services/test_service.dart:55:16)
тФЬтФДтФДтФДтФДтФДтФДтФДтФДтФДтФДтФДтФДтФДтФДтФДтФДтФДтФДтФДтФДтФДтФДтФДтФДтФДтФДтФДтФДтФДтФДтФДтФДтФДтФДтФДтФДтФДтФДтФДтФДтФДтФДтФДтФДтФДтФДтФДтФДтФДтФДтФДтФДтФДтФДтФДтФДтФДтФДтФДтФДтФДтФДтФДтФДтФДтФДтФДтФДтФДтФДтФДтФДтФДтФДтФДтФДтФДтФДтФДтФДтФДтФДтФДтФДтФДтФДтФДтФДтФДтФДтФДтФДтФДтФДтФДтФДтФДтФДтФДтФДтФДтФДтФДтФДтФДтФДтФДтФДтФДтФДтФДтФДтФДтФДтФДтФДтФДтФДтФД
тФВ ЁЯРЫ Qq76: targetScale=perceiving, score=3
тФФтФАтФАтФАтФАтФАтФАтФАтФАтФАтФАтФАтФАтФАтФАтФАтФАтФАтФАтФАтФАтФАтФАтФАтФАтФАтФАтФАтФАтФАтФАтФАтФАтФАтФАтФАтФАтФАтФАтФАтФАтФАтФАтФАтФАтФАтФАтФАтФАтФАтФАтФАтФАтФАтФАтФАтФАтФАтФАтФАтФАтФАтФАтФАтФАтФАтФАтФАтФАтФАтФАтФАтФАтФАтФАтФАтФАтФАтФАтФАтФАтФАтФАтФАтФАтФАтФАтФАтФАтФАтФАтФАтФАтФАтФАтФАтФАтФАтФАтФАтФАтФАтФАтФАтФАтФАтФАтФАтФАтФАтФАтФАтФАтФАтФАтФАтФАтФАтФАтФА
тФМтФАтФАтФАтФАтФАтФАтФАтФАтФАтФАтФАтФАтФАтФАтФАтФАтФАтФАтФАтФАтФАтФАтФАтФАтФАтФАтФАтФАтФАтФАтФАтФАтФАтФАтФАтФАтФАтФАтФАтФАтФАтФАтФАтФАтФАтФАтФАтФАтФАтФАтФАтФАтФАтФАтФАтФАтФАтФАтФАтФАтФАтФАтФАтФАтФАтФАтФАтФАтФАтФАтФАтФАтФАтФАтФАтФАтФАтФАтФАтФАтФАтФАтФАтФАтФАтФАтФАтФАтФАтФАтФАтФАтФАтФАтФАтФАтФАтФАтФАтФАтФАтФАтФАтФАтФАтФАтФАтФАтФАтФАтФАтФАтФАтФАтФАтФАтФАтФАтФА
тФВ #0   TestService._completeBipolarTest (package:psycho_tests/services/test_service.dart:425:23)
тФВ #1   TestService.completeTest (package:psycho_tests/services/test_service.dart:55:16)
тФЬтФДтФДтФДтФДтФДтФДтФДтФДтФДтФДтФДтФДтФДтФДтФДтФДтФДтФДтФДтФДтФДтФДтФДтФДтФДтФДтФДтФДтФДтФДтФДтФДтФДтФДтФДтФДтФДтФДтФДтФДтФДтФДтФДтФДтФДтФДтФДтФДтФДтФДтФДтФДтФДтФДтФДтФДтФДтФДтФДтФДтФДтФДтФДтФДтФДтФДтФДтФДтФДтФДтФДтФДтФДтФДтФДтФДтФДтФДтФДтФДтФДтФДтФДтФДтФДтФДтФДтФДтФДтФДтФДтФДтФДтФДтФДтФДтФДтФДтФДтФДтФДтФДтФДтФДтФДтФДтФДтФДтФДтФДтФДтФДтФДтФДтФДтФДтФДтФДтФД
тФВ ЁЯРЫ Qq77: targetScale=judging, score=3
тФФтФАтФАтФАтФАтФАтФАтФАтФАтФАтФАтФАтФАтФАтФАтФАтФАтФАтФАтФАтФАтФАтФАтФАтФАтФАтФАтФАтФАтФАтФАтФАтФАтФАтФАтФАтФАтФАтФАтФАтФАтФАтФАтФАтФАтФАтФАтФАтФАтФАтФАтФАтФАтФАтФАтФАтФАтФАтФАтФАтФАтФАтФАтФАтФАтФАтФАтФАтФАтФАтФАтФАтФАтФАтФАтФАтФАтФАтФАтФАтФАтФАтФАтФАтФАтФАтФАтФАтФАтФАтФАтФАтФАтФАтФАтФАтФАтФАтФАтФАтФАтФАтФАтФАтФАтФАтФАтФАтФАтФАтФАтФАтФАтФАтФАтФАтФАтФАтФАтФА
тФМтФАтФАтФАтФАтФАтФАтФАтФАтФАтФАтФАтФАтФАтФАтФАтФАтФАтФАтФАтФАтФАтФАтФАтФАтФАтФАтФАтФАтФАтФАтФАтФАтФАтФАтФАтФАтФАтФАтФАтФАтФАтФАтФАтФАтФАтФАтФАтФАтФАтФАтФАтФАтФАтФАтФАтФАтФАтФАтФАтФАтФАтФАтФАтФАтФАтФАтФАтФАтФАтФАтФАтФАтФАтФАтФАтФАтФАтФАтФАтФАтФАтФАтФАтФАтФАтФАтФАтФАтФАтФАтФАтФАтФАтФАтФАтФАтФАтФАтФАтФАтФАтФАтФАтФАтФАтФАтФАтФАтФАтФАтФАтФАтФАтФАтФАтФАтФАтФАтФА
тФВ #0   TestService._completeBipolarTest (package:psycho_tests/services/test_service.dart:425:23)
тФВ #1   TestService.completeTest (package:psycho_tests/services/test_service.dart:55:16)
тФЬтФДтФДтФДтФДтФДтФДтФДтФДтФДтФДтФДтФДтФДтФДтФДтФДтФДтФДтФДтФДтФДтФДтФДтФДтФДтФДтФДтФДтФДтФДтФДтФДтФДтФДтФДтФДтФДтФДтФДтФДтФДтФДтФДтФДтФДтФДтФДтФДтФДтФДтФДтФДтФДтФДтФДтФДтФДтФДтФДтФДтФДтФДтФДтФДтФДтФДтФДтФДтФДтФДтФДтФДтФДтФДтФДтФДтФДтФДтФДтФДтФДтФДтФДтФДтФДтФДтФДтФДтФДтФДтФДтФДтФДтФДтФДтФДтФДтФДтФДтФДтФДтФДтФДтФДтФДтФДтФДтФДтФДтФДтФДтФДтФДтФДтФДтФДтФДтФДтФД
тФВ ЁЯРЫ Qq78: targetScale=perceiving, score=3
тФФтФАтФАтФАтФАтФАтФАтФАтФАтФАтФАтФАтФАтФАтФАтФАтФАтФАтФАтФАтФАтФАтФАтФАтФАтФАтФАтФАтФАтФАтФАтФАтФАтФАтФАтФАтФАтФАтФАтФАтФАтФАтФАтФАтФАтФАтФАтФАтФАтФАтФАтФАтФАтФАтФАтФАтФАтФАтФАтФАтФАтФАтФАтФАтФАтФАтФАтФАтФАтФАтФАтФАтФАтФАтФАтФАтФАтФАтФАтФАтФАтФАтФАтФАтФАтФАтФАтФАтФАтФАтФАтФАтФАтФАтФАтФАтФАтФАтФАтФАтФАтФАтФАтФАтФАтФАтФАтФАтФАтФАтФАтФАтФАтФАтФАтФАтФАтФАтФАтФА
тФМтФАтФАтФАтФАтФАтФАтФАтФАтФАтФАтФАтФАтФАтФАтФАтФАтФАтФАтФАтФАтФАтФАтФАтФАтФАтФАтФАтФАтФАтФАтФАтФАтФАтФАтФАтФАтФАтФАтФАтФАтФАтФАтФАтФАтФАтФАтФАтФАтФАтФАтФАтФАтФАтФАтФАтФАтФАтФАтФАтФАтФАтФАтФАтФАтФАтФАтФАтФАтФАтФАтФАтФАтФАтФАтФАтФАтФАтФАтФАтФАтФАтФАтФАтФАтФАтФАтФАтФАтФАтФАтФАтФАтФАтФАтФАтФАтФАтФАтФАтФАтФАтФАтФАтФАтФАтФАтФАтФАтФАтФАтФАтФАтФАтФАтФАтФАтФАтФАтФА
тФВ #0   TestService._completeBipolarTest (package:psycho_tests/services/test_service.dart:425:23)
тФВ #1   TestService.completeTest (package:psycho_tests/services/test_service.dart:55:16)
тФЬтФДтФДтФДтФДтФДтФДтФДтФДтФДтФДтФДтФДтФДтФДтФДтФДтФДтФДтФДтФДтФДтФДтФДтФДтФДтФДтФДтФДтФДтФДтФДтФДтФДтФДтФДтФДтФДтФДтФДтФДтФДтФДтФДтФДтФДтФДтФДтФДтФДтФДтФДтФДтФДтФДтФДтФДтФДтФДтФДтФДтФДтФДтФДтФДтФДтФДтФДтФДтФДтФДтФДтФДтФДтФДтФДтФДтФДтФДтФДтФДтФДтФДтФДтФДтФДтФДтФДтФДтФДтФДтФДтФДтФДтФДтФДтФДтФДтФДтФДтФДтФДтФДтФДтФДтФДтФДтФДтФДтФДтФДтФДтФДтФДтФДтФДтФДтФДтФДтФД
тФВ ЁЯРЫ Qq79: targetScale=judging, score=3
тФФтФАтФАтФАтФАтФАтФАтФАтФАтФАтФАтФАтФАтФАтФАтФАтФАтФАтФАтФАтФАтФАтФАтФАтФАтФАтФАтФАтФАтФАтФАтФАтФАтФАтФАтФАтФАтФАтФАтФАтФАтФАтФАтФАтФАтФАтФАтФАтФАтФАтФАтФАтФАтФАтФАтФАтФАтФАтФАтФАтФАтФАтФАтФАтФАтФАтФАтФАтФАтФАтФАтФАтФАтФАтФАтФАтФАтФАтФАтФАтФАтФАтФАтФАтФАтФАтФАтФАтФАтФАтФАтФАтФАтФАтФАтФАтФАтФАтФАтФАтФАтФАтФАтФАтФАтФАтФАтФАтФАтФАтФАтФАтФАтФАтФАтФАтФАтФАтФАтФА
тФМтФАтФАтФАтФАтФАтФАтФАтФАтФАтФАтФАтФАтФАтФАтФАтФАтФАтФАтФАтФАтФАтФАтФАтФАтФАтФАтФАтФАтФАтФАтФАтФАтФАтФАтФАтФАтФАтФАтФАтФАтФАтФАтФАтФАтФАтФАтФАтФАтФАтФАтФАтФАтФАтФАтФАтФАтФАтФАтФАтФАтФАтФАтФАтФАтФАтФАтФАтФАтФАтФАтФАтФАтФАтФАтФАтФАтФАтФАтФАтФАтФАтФАтФАтФАтФАтФАтФАтФАтФАтФАтФАтФАтФАтФАтФАтФАтФАтФАтФАтФАтФАтФАтФАтФАтФАтФАтФАтФАтФАтФАтФАтФАтФАтФАтФАтФАтФАтФАтФА
тФВ #0   TestService._completeBipolarTest (package:psycho_tests/services/test_service.dart:425:23)
тФВ #1   TestService.completeTest (package:psycho_tests/services/test_service.dart:55:16)
тФЬтФДтФДтФДтФДтФДтФДтФДтФДтФДтФДтФДтФДтФДтФДтФДтФДтФДтФДтФДтФДтФДтФДтФДтФДтФДтФДтФДтФДтФДтФДтФДтФДтФДтФДтФДтФДтФДтФДтФДтФДтФДтФДтФДтФДтФДтФДтФДтФДтФДтФДтФДтФДтФДтФДтФДтФДтФДтФДтФДтФДтФДтФДтФДтФДтФДтФДтФДтФДтФДтФДтФДтФДтФДтФДтФДтФДтФДтФДтФДтФДтФДтФДтФДтФДтФДтФДтФДтФДтФДтФДтФДтФДтФДтФДтФДтФДтФДтФДтФДтФДтФДтФДтФДтФДтФДтФДтФДтФДтФДтФДтФДтФДтФДтФДтФДтФДтФДтФДтФД
тФВ ЁЯРЫ Qq80: targetScale=perceiving, score=3
тФФтФАтФАтФАтФАтФАтФАтФАтФАтФАтФАтФАтФАтФАтФАтФАтФАтФАтФАтФАтФАтФАтФАтФАтФАтФАтФАтФАтФАтФАтФАтФАтФАтФАтФАтФАтФАтФАтФАтФАтФАтФАтФАтФАтФАтФАтФАтФАтФАтФАтФАтФАтФАтФАтФАтФАтФАтФАтФАтФАтФАтФАтФАтФАтФАтФАтФАтФАтФАтФАтФАтФАтФАтФАтФАтФАтФАтФАтФАтФАтФАтФАтФАтФАтФАтФАтФАтФАтФАтФАтФАтФАтФАтФАтФАтФАтФАтФАтФАтФАтФАтФАтФАтФАтФАтФАтФАтФАтФАтФАтФАтФАтФАтФАтФАтФАтФАтФАтФАтФА
тФМтФАтФАтФАтФАтФАтФАтФАтФАтФАтФАтФАтФАтФАтФАтФАтФАтФАтФАтФАтФАтФАтФАтФАтФАтФАтФАтФАтФАтФАтФАтФАтФАтФАтФАтФАтФАтФАтФАтФАтФАтФАтФАтФАтФАтФАтФАтФАтФАтФАтФАтФАтФАтФАтФАтФАтФАтФАтФАтФАтФАтФАтФАтФАтФАтФАтФАтФАтФАтФАтФАтФАтФАтФАтФАтФАтФАтФАтФАтФАтФАтФАтФАтФАтФАтФАтФАтФАтФАтФАтФАтФАтФАтФАтФАтФАтФАтФАтФАтФАтФАтФАтФАтФАтФАтФАтФАтФАтФАтФАтФАтФАтФАтФАтФАтФАтФАтФАтФАтФА
тФВ #0   TestService._completeBipolarTest (package:psycho_tests/services/test_service.dart:465:15)
тФВ #1   TestService.completeTest (package:psycho_tests/services/test_service.dart:55:16)
тФЬтФДтФДтФДтФДтФДтФДтФДтФДтФДтФДтФДтФДтФДтФДтФДтФДтФДтФДтФДтФДтФДтФДтФДтФДтФДтФДтФДтФДтФДтФДтФДтФДтФДтФДтФДтФДтФДтФДтФДтФДтФДтФДтФДтФДтФДтФДтФДтФДтФДтФДтФДтФДтФДтФДтФДтФДтФДтФДтФДтФДтФДтФДтФДтФДтФДтФДтФДтФДтФДтФДтФДтФДтФДтФДтФДтФДтФДтФДтФДтФДтФДтФДтФДтФДтФДтФДтФДтФДтФДтФДтФДтФДтФДтФДтФДтФДтФДтФДтФДтФДтФДтФДтФДтФДтФДтФДтФДтФДтФДтФДтФДтФДтФДтФДтФДтФДтФДтФДтФД
тФВ ЁЯРЫ End of loop. Processed questions: 80
тФФтФАтФАтФАтФАтФАтФАтФАтФАтФАтФАтФАтФАтФАтФАтФАтФАтФАтФАтФАтФАтФАтФАтФАтФАтФАтФАтФАтФАтФАтФАтФАтФАтФАтФАтФАтФАтФАтФАтФАтФАтФАтФАтФАтФАтФАтФАтФАтФАтФАтФАтФАтФАтФАтФАтФАтФАтФАтФАтФАтФАтФАтФАтФАтФАтФАтФАтФАтФАтФАтФАтФАтФАтФАтФАтФАтФАтФАтФАтФАтФАтФАтФАтФАтФАтФАтФАтФАтФАтФАтФАтФАтФАтФАтФАтФАтФАтФАтФАтФАтФАтФАтФАтФАтФАтФАтФАтФАтФАтФАтФАтФАтФАтФАтФАтФАтФАтФАтФАтФА
тФМтФАтФАтФАтФАтФАтФАтФАтФАтФАтФАтФАтФАтФАтФАтФАтФАтФАтФАтФАтФАтФАтФАтФАтФАтФАтФАтФАтФАтФАтФАтФАтФАтФАтФАтФАтФАтФАтФАтФАтФАтФАтФАтФАтФАтФАтФАтФАтФАтФАтФАтФАтФАтФАтФАтФАтФАтФАтФАтФАтФАтФАтФАтФАтФАтФАтФАтФАтФАтФАтФАтФАтФАтФАтФАтФАтФАтФАтФАтФАтФАтФАтФАтФАтФАтФАтФАтФАтФАтФАтФАтФАтФАтФАтФАтФАтФАтФАтФАтФАтФАтФАтФАтФАтФАтФАтФАтФАтФАтФАтФАтФАтФАтФАтФАтФАтФАтФАтФАтФА
тФВ #0   TestService._completeBipolarTest (package:psycho_tests/services/test_service.dart:466:15)
тФВ #1   TestService.completeTest (package:psycho_tests/services/test_service.dart:55:16)
тФЬтФДтФДтФДтФДтФДтФДтФДтФДтФДтФДтФДтФДтФДтФДтФДтФДтФДтФДтФДтФДтФДтФДтФДтФДтФДтФДтФДтФДтФДтФДтФДтФДтФДтФДтФДтФДтФДтФДтФДтФДтФДтФДтФДтФДтФДтФДтФДтФДтФДтФДтФДтФДтФДтФДтФДтФДтФДтФДтФДтФДтФДтФДтФДтФДтФДтФДтФДтФДтФДтФДтФДтФДтФДтФДтФДтФДтФДтФДтФДтФДтФДтФДтФДтФДтФДтФДтФДтФДтФДтФДтФДтФДтФДтФДтФДтФДтФДтФДтФДтФДтФДтФДтФДтФДтФДтФДтФДтФДтФДтФДтФДтФДтФДтФДтФДтФДтФДтФДтФД
тФВ ЁЯРЫ Skipped questions: 0
тФФтФАтФАтФАтФАтФАтФАтФАтФАтФАтФАтФАтФАтФАтФАтФАтФАтФАтФАтФАтФАтФАтФАтФАтФАтФАтФАтФАтФАтФАтФАтФАтФАтФАтФАтФАтФАтФАтФАтФАтФАтФАтФАтФАтФАтФАтФАтФАтФАтФАтФАтФАтФАтФАтФАтФАтФАтФАтФАтФАтФАтФАтФАтФАтФАтФАтФАтФАтФАтФАтФАтФАтФАтФАтФАтФАтФАтФАтФАтФАтФАтФАтФАтФАтФАтФАтФАтФАтФАтФАтФАтФАтФАтФАтФАтФАтФАтФАтФАтФАтФАтФАтФАтФАтФАтФАтФАтФАтФАтФАтФАтФАтФАтФАтФАтФАтФАтФАтФАтФА
тФМтФАтФАтФАтФАтФАтФАтФАтФАтФАтФАтФАтФАтФАтФАтФАтФАтФАтФАтФАтФАтФАтФАтФАтФАтФАтФАтФАтФАтФАтФАтФАтФАтФАтФАтФАтФАтФАтФАтФАтФАтФАтФАтФАтФАтФАтФАтФАтФАтФАтФАтФАтФАтФАтФАтФАтФАтФАтФАтФАтФАтФАтФАтФАтФАтФАтФАтФАтФАтФАтФАтФАтФАтФАтФАтФАтФАтФАтФАтФАтФАтФАтФАтФАтФАтФАтФАтФАтФАтФАтФАтФАтФАтФАтФАтФАтФАтФАтФАтФАтФАтФАтФАтФАтФАтФАтФАтФАтФАтФАтФАтФАтФАтФАтФАтФАтФАтФАтФАтФА
тФВ #0   TestService._completeBipolarTest (package:psycho_tests/services/test_service.dart:467:15)
тФВ #1   TestService.completeTest (package:psycho_tests/services/test_service.dart:55:16)
тФЬтФДтФДтФДтФДтФДтФДтФДтФДтФДтФДтФДтФДтФДтФДтФДтФДтФДтФДтФДтФДтФДтФДтФДтФДтФДтФДтФДтФДтФДтФДтФДтФДтФДтФДтФДтФДтФДтФДтФДтФДтФДтФДтФДтФДтФДтФДтФДтФДтФДтФДтФДтФДтФДтФДтФДтФДтФДтФДтФДтФДтФДтФДтФДтФДтФДтФДтФДтФДтФДтФДтФДтФДтФДтФДтФДтФДтФДтФДтФДтФДтФДтФДтФДтФДтФДтФДтФДтФДтФДтФДтФДтФДтФДтФДтФДтФДтФДтФДтФДтФДтФДтФДтФДтФДтФДтФДтФДтФДтФДтФДтФДтФДтФДтФДтФДтФДтФДтФДтФД
тФВ ЁЯРЫ Answered questions: 80
тФФтФАтФАтФАтФАтФАтФАтФАтФАтФАтФАтФАтФАтФАтФАтФАтФАтФАтФАтФАтФАтФАтФАтФАтФАтФАтФАтФАтФАтФАтФАтФАтФАтФАтФАтФАтФАтФАтФАтФАтФАтФАтФАтФАтФАтФАтФАтФАтФАтФАтФАтФАтФАтФАтФАтФАтФАтФАтФАтФАтФАтФАтФАтФАтФАтФАтФАтФАтФАтФАтФАтФАтФАтФАтФАтФАтФАтФАтФАтФАтФАтФАтФАтФАтФАтФАтФАтФАтФАтФАтФАтФАтФАтФАтФАтФАтФАтФАтФАтФАтФАтФАтФАтФАтФАтФАтФАтФАтФАтФАтФАтФАтФАтФАтФАтФАтФАтФАтФАтФА
тФМтФАтФАтФАтФАтФАтФАтФАтФАтФАтФАтФАтФАтФАтФАтФАтФАтФАтФАтФАтФАтФАтФАтФАтФАтФАтФАтФАтФАтФАтФАтФАтФАтФАтФАтФАтФАтФАтФАтФАтФАтФАтФАтФАтФАтФАтФАтФАтФАтФАтФАтФАтФАтФАтФАтФАтФАтФАтФАтФАтФАтФАтФАтФАтФАтФАтФАтФАтФАтФАтФАтФАтФАтФАтФАтФАтФАтФАтФАтФАтФАтФАтФАтФАтФАтФАтФАтФАтФАтФАтФАтФАтФАтФАтФАтФАтФАтФАтФАтФАтФАтФАтФАтФАтФАтФАтФАтФАтФАтФАтФАтФАтФАтФАтФАтФАтФАтФАтФАтФА
тФВ #0   TestService._completeBipolarTest (package:psycho_tests/services/test_service.dart:468:15)
тФВ #1   TestService.completeTest (package:psycho_tests/services/test_service.dart:55:16)
тФЬтФДтФДтФДтФДтФДтФДтФДтФДтФДтФДтФДтФДтФДтФДтФДтФДтФДтФДтФДтФДтФДтФДтФДтФДтФДтФДтФДтФДтФДтФДтФДтФДтФДтФДтФДтФДтФДтФДтФДтФДтФДтФДтФДтФДтФДтФДтФДтФДтФДтФДтФДтФДтФДтФДтФДтФДтФДтФДтФДтФДтФДтФДтФДтФДтФДтФДтФДтФДтФДтФДтФДтФДтФДтФДтФДтФДтФДтФДтФДтФДтФДтФДтФДтФДтФДтФДтФДтФДтФДтФДтФДтФДтФДтФДтФДтФДтФДтФДтФДтФДтФДтФДтФДтФДтФДтФДтФДтФДтФДтФДтФДтФДтФДтФДтФДтФДтФДтФДтФД
тФВ ЁЯРЫ Raw scale scores: {extraversion: 30, introversion: 30, sensing: 33, intuition: 27, thinking: 30, feeling: 30, judging: 30, perceiving: 30}
тФФтФАтФАтФАтФАтФАтФАтФАтФАтФАтФАтФАтФАтФАтФАтФАтФАтФАтФАтФАтФАтФАтФАтФАтФАтФАтФАтФАтФАтФАтФАтФАтФАтФАтФАтФАтФАтФАтФАтФАтФАтФАтФАтФАтФАтФАтФАтФАтФАтФАтФАтФАтФАтФАтФАтФАтФАтФАтФАтФАтФАтФАтФАтФАтФАтФАтФАтФАтФАтФАтФАтФАтФАтФАтФАтФАтФАтФАтФАтФАтФАтФАтФАтФАтФАтФАтФАтФАтФАтФАтФАтФАтФАтФАтФАтФАтФАтФАтФАтФАтФАтФАтФАтФАтФАтФАтФАтФАтФАтФАтФАтФАтФАтФАтФАтФАтФАтФАтФАтФА
тФМтФАтФАтФАтФАтФАтФАтФАтФАтФАтФАтФАтФАтФАтФАтФАтФАтФАтФАтФАтФАтФАтФАтФАтФАтФАтФАтФАтФАтФАтФАтФАтФАтФАтФАтФАтФАтФАтФАтФАтФАтФАтФАтФАтФАтФАтФАтФАтФАтФАтФАтФАтФАтФАтФАтФАтФАтФАтФАтФАтФАтФАтФАтФАтФАтФАтФАтФАтФАтФАтФАтФАтФАтФАтФАтФАтФАтФАтФАтФАтФАтФАтФАтФАтФАтФАтФАтФАтФАтФАтФАтФАтФАтФАтФАтФАтФАтФАтФАтФАтФАтФАтФАтФАтФАтФАтФАтФАтФАтФАтФАтФАтФАтФАтФАтФАтФАтФАтФАтФА
тФВ #0   TestService._completeBipolarTest (package:psycho_tests/services/test_service.dart:482:17)
тФВ #1   TestService.completeTest (package:psycho_tests/services/test_service.dart:55:16)
тФЬтФДтФДтФДтФДтФДтФДтФДтФДтФДтФДтФДтФДтФДтФДтФДтФДтФДтФДтФДтФДтФДтФДтФДтФДтФДтФДтФДтФДтФДтФДтФДтФДтФДтФДтФДтФДтФДтФДтФДтФДтФДтФДтФДтФДтФДтФДтФДтФДтФДтФДтФДтФДтФДтФДтФДтФДтФДтФДтФДтФДтФДтФДтФДтФДтФДтФДтФДтФДтФДтФДтФДтФДтФДтФДтФДтФДтФДтФДтФДтФДтФДтФДтФДтФДтФДтФДтФДтФДтФДтФДтФДтФДтФДтФДтФДтФДтФДтФДтФДтФДтФДтФДтФДтФДтФДтФДтФДтФДтФДтФДтФДтФДтФДтФДтФДтФДтФДтФДтФД
тФВ ЁЯРЫ Scale extraversion: 30/50 = 60.0%
тФФтФАтФАтФАтФАтФАтФАтФАтФАтФАтФАтФАтФАтФАтФАтФАтФАтФАтФАтФАтФАтФАтФАтФАтФАтФАтФАтФАтФАтФАтФАтФАтФАтФАтФАтФАтФАтФАтФАтФАтФАтФАтФАтФАтФАтФАтФАтФАтФАтФАтФАтФАтФАтФАтФАтФАтФАтФАтФАтФАтФАтФАтФАтФАтФАтФАтФАтФАтФАтФАтФАтФАтФАтФАтФАтФАтФАтФАтФАтФАтФАтФАтФАтФАтФАтФАтФАтФАтФАтФАтФАтФАтФАтФАтФАтФАтФАтФАтФАтФАтФАтФАтФАтФАтФАтФАтФАтФАтФАтФАтФАтФАтФАтФАтФАтФАтФАтФАтФАтФА
тФМтФАтФАтФАтФАтФАтФАтФАтФАтФАтФАтФАтФАтФАтФАтФАтФАтФАтФАтФАтФАтФАтФАтФАтФАтФАтФАтФАтФАтФАтФАтФАтФАтФАтФАтФАтФАтФАтФАтФАтФАтФАтФАтФАтФАтФАтФАтФАтФАтФАтФАтФАтФАтФАтФАтФАтФАтФАтФАтФАтФАтФАтФАтФАтФАтФАтФАтФАтФАтФАтФАтФАтФАтФАтФАтФАтФАтФАтФАтФАтФАтФАтФАтФАтФАтФАтФАтФАтФАтФАтФАтФАтФАтФАтФАтФАтФАтФАтФАтФАтФАтФАтФАтФАтФАтФАтФАтФАтФАтФАтФАтФАтФАтФАтФАтФАтФАтФАтФАтФА
тФВ #0   TestService._completeBipolarTest (package:psycho_tests/services/test_service.dart:482:17)
тФВ #1   TestService.completeTest (package:psycho_tests/services/test_service.dart:55:16)
тФЬтФДтФДтФДтФДтФДтФДтФДтФДтФДтФДтФДтФДтФДтФДтФДтФДтФДтФДтФДтФДтФДтФДтФДтФДтФДтФДтФДтФДтФДтФДтФДтФДтФДтФДтФДтФДтФДтФДтФДтФДтФДтФДтФДтФДтФДтФДтФДтФДтФДтФДтФДтФДтФДтФДтФДтФДтФДтФДтФДтФДтФДтФДтФДтФДтФДтФДтФДтФДтФДтФДтФДтФДтФДтФДтФДтФДтФДтФДтФДтФДтФДтФДтФДтФДтФДтФДтФДтФДтФДтФДтФДтФДтФДтФДтФДтФДтФДтФДтФДтФДтФДтФДтФДтФДтФДтФДтФДтФДтФДтФДтФДтФДтФДтФДтФДтФДтФДтФДтФД
тФВ ЁЯРЫ Scale introversion: 30/50 = 60.0%
тФФтФАтФАтФАтФАтФАтФАтФАтФАтФАтФАтФАтФАтФАтФАтФАтФАтФАтФАтФАтФАтФАтФАтФАтФАтФАтФАтФАтФАтФАтФАтФАтФАтФАтФАтФАтФАтФАтФАтФАтФАтФАтФАтФАтФАтФАтФАтФАтФАтФАтФАтФАтФАтФАтФАтФАтФАтФАтФАтФАтФАтФАтФАтФАтФАтФАтФАтФАтФАтФАтФАтФАтФАтФАтФАтФАтФАтФАтФАтФАтФАтФАтФАтФАтФАтФАтФАтФАтФАтФАтФАтФАтФАтФАтФАтФАтФАтФАтФАтФАтФАтФАтФАтФАтФАтФАтФАтФАтФАтФАтФАтФАтФАтФАтФАтФАтФАтФАтФАтФА
тФМтФАтФАтФАтФАтФАтФАтФАтФАтФАтФАтФАтФАтФАтФАтФАтФАтФАтФАтФАтФАтФАтФАтФАтФАтФАтФАтФАтФАтФАтФАтФАтФАтФАтФАтФАтФАтФАтФАтФАтФАтФАтФАтФАтФАтФАтФАтФАтФАтФАтФАтФАтФАтФАтФАтФАтФАтФАтФАтФАтФАтФАтФАтФАтФАтФАтФАтФАтФАтФАтФАтФАтФАтФАтФАтФАтФАтФАтФАтФАтФАтФАтФАтФАтФАтФАтФАтФАтФАтФАтФАтФАтФАтФАтФАтФАтФАтФАтФАтФАтФАтФАтФАтФАтФАтФАтФАтФАтФАтФАтФАтФАтФАтФАтФАтФАтФАтФАтФАтФА
тФВ #0   TestService._completeBipolarTest (package:psycho_tests/services/test_service.dart:482:17)
тФВ #1   TestService.completeTest (package:psycho_tests/services/test_service.dart:55:16)
тФЬтФДтФДтФДтФДтФДтФДтФДтФДтФДтФДтФДтФДтФДтФДтФДтФДтФДтФДтФДтФДтФДтФДтФДтФДтФДтФДтФДтФДтФДтФДтФДтФДтФДтФДтФДтФДтФДтФДтФДтФДтФДтФДтФДтФДтФДтФДтФДтФДтФДтФДтФДтФДтФДтФДтФДтФДтФДтФДтФДтФДтФДтФДтФДтФДтФДтФДтФДтФДтФДтФДтФДтФДтФДтФДтФДтФДтФДтФДтФДтФДтФДтФДтФДтФДтФДтФДтФДтФДтФДтФДтФДтФДтФДтФДтФДтФДтФДтФДтФДтФДтФДтФДтФДтФДтФДтФДтФДтФДтФДтФДтФДтФДтФДтФДтФДтФДтФДтФДтФД
тФВ ЁЯРЫ Scale sensing: 33/55 = 60.0%
тФФтФАтФАтФАтФАтФАтФАтФАтФАтФАтФАтФАтФАтФАтФАтФАтФАтФАтФАтФАтФАтФАтФАтФАтФАтФАтФАтФАтФАтФАтФАтФАтФАтФАтФАтФАтФАтФАтФАтФАтФАтФАтФАтФАтФАтФАтФАтФАтФАтФАтФАтФАтФАтФАтФАтФАтФАтФАтФАтФАтФАтФАтФАтФАтФАтФАтФАтФАтФАтФАтФАтФАтФАтФАтФАтФАтФАтФАтФАтФАтФАтФАтФАтФАтФАтФАтФАтФАтФАтФАтФАтФАтФАтФАтФАтФАтФАтФАтФАтФАтФАтФАтФАтФАтФАтФАтФАтФАтФАтФАтФАтФАтФАтФАтФАтФАтФАтФАтФАтФА
тФМтФАтФАтФАтФАтФАтФАтФАтФАтФАтФАтФАтФАтФАтФАтФАтФАтФАтФАтФАтФАтФАтФАтФАтФАтФАтФАтФАтФАтФАтФАтФАтФАтФАтФАтФАтФАтФАтФАтФАтФАтФАтФАтФАтФАтФАтФАтФАтФАтФАтФАтФАтФАтФАтФАтФАтФАтФАтФАтФАтФАтФАтФАтФАтФАтФАтФАтФАтФАтФАтФАтФАтФАтФАтФАтФАтФАтФАтФАтФАтФАтФАтФАтФАтФАтФАтФАтФАтФАтФАтФАтФАтФАтФАтФАтФАтФАтФАтФАтФАтФАтФАтФАтФАтФАтФАтФАтФАтФАтФАтФАтФАтФАтФАтФАтФАтФАтФАтФАтФА
тФВ #0   TestService._completeBipolarTest (package:psycho_tests/services/test_service.dart:482:17)
тФВ #1   TestService.completeTest (package:psycho_tests/services/test_service.dart:55:16)
тФЬтФДтФДтФДтФДтФДтФДтФДтФДтФДтФДтФДтФДтФДтФДтФДтФДтФДтФДтФДтФДтФДтФДтФДтФДтФДтФДтФДтФДтФДтФДтФДтФДтФДтФДтФДтФДтФДтФДтФДтФДтФДтФДтФДтФДтФДтФДтФДтФДтФДтФДтФДтФДтФДтФДтФДтФДтФДтФДтФДтФДтФДтФДтФДтФДтФДтФДтФДтФДтФДтФДтФДтФДтФДтФДтФДтФДтФДтФДтФДтФДтФДтФДтФДтФДтФДтФДтФДтФДтФДтФДтФДтФДтФДтФДтФДтФДтФДтФДтФДтФДтФДтФДтФДтФДтФДтФДтФДтФДтФДтФДтФДтФДтФДтФДтФДтФДтФДтФДтФД
тФВ ЁЯРЫ Scale intuition: 27/45 = 60.0%
тФФтФАтФАтФАтФАтФАтФАтФАтФАтФАтФАтФАтФАтФАтФАтФАтФАтФАтФАтФАтФАтФАтФАтФАтФАтФАтФАтФАтФАтФАтФАтФАтФАтФАтФАтФАтФАтФАтФАтФАтФАтФАтФАтФАтФАтФАтФАтФАтФАтФАтФАтФАтФАтФАтФАтФАтФАтФАтФАтФАтФАтФАтФАтФАтФАтФАтФАтФАтФАтФАтФАтФАтФАтФАтФАтФАтФАтФАтФАтФАтФАтФАтФАтФАтФАтФАтФАтФАтФАтФАтФАтФАтФАтФАтФАтФАтФАтФАтФАтФАтФАтФАтФАтФАтФАтФАтФАтФАтФАтФАтФАтФАтФАтФАтФАтФАтФАтФАтФАтФА
тФМтФАтФАтФАтФАтФАтФАтФАтФАтФАтФАтФАтФАтФАтФАтФАтФАтФАтФАтФАтФАтФАтФАтФАтФАтФАтФАтФАтФАтФАтФАтФАтФАтФАтФАтФАтФАтФАтФАтФАтФАтФАтФАтФАтФАтФАтФАтФАтФАтФАтФАтФАтФАтФАтФАтФАтФАтФАтФАтФАтФАтФАтФАтФАтФАтФАтФАтФАтФАтФАтФАтФАтФАтФАтФАтФАтФАтФАтФАтФАтФАтФАтФАтФАтФАтФАтФАтФАтФАтФАтФАтФАтФАтФАтФАтФАтФАтФАтФАтФАтФАтФАтФАтФАтФАтФАтФАтФАтФАтФАтФАтФАтФАтФАтФАтФАтФАтФАтФАтФА
тФВ #0   TestService._completeBipolarTest (package:psycho_tests/services/test_service.dart:482:17)
тФВ #1   TestService.completeTest (package:psycho_tests/services/test_service.dart:55:16)
тФЬтФДтФДтФДтФДтФДтФДтФДтФДтФДтФДтФДтФДтФДтФДтФДтФДтФДтФДтФДтФДтФДтФДтФДтФДтФДтФДтФДтФДтФДтФДтФДтФДтФДтФДтФДтФДтФДтФДтФДтФДтФДтФДтФДтФДтФДтФДтФДтФДтФДтФДтФДтФДтФДтФДтФДтФДтФДтФДтФДтФДтФДтФДтФДтФДтФДтФДтФДтФДтФДтФДтФДтФДтФДтФДтФДтФДтФДтФДтФДтФДтФДтФДтФДтФДтФДтФДтФДтФДтФДтФДтФДтФДтФДтФДтФДтФДтФДтФДтФДтФДтФДтФДтФДтФДтФДтФДтФДтФДтФДтФДтФДтФДтФДтФДтФДтФДтФДтФДтФД
тФВ ЁЯРЫ Scale thinking: 30/50 = 60.0%
тФФтФАтФАтФАтФАтФАтФАтФАтФАтФАтФАтФАтФАтФАтФАтФАтФАтФАтФАтФАтФАтФАтФАтФАтФАтФАтФАтФАтФАтФАтФАтФАтФАтФАтФАтФАтФАтФАтФАтФАтФАтФАтФАтФАтФАтФАтФАтФАтФАтФАтФАтФАтФАтФАтФАтФАтФАтФАтФАтФАтФАтФАтФАтФАтФАтФАтФАтФАтФАтФАтФАтФАтФАтФАтФАтФАтФАтФАтФАтФАтФАтФАтФАтФАтФАтФАтФАтФАтФАтФАтФАтФАтФАтФАтФАтФАтФАтФАтФАтФАтФАтФАтФАтФАтФАтФАтФАтФАтФАтФАтФАтФАтФАтФАтФАтФАтФАтФАтФАтФА
тФМтФАтФАтФАтФАтФАтФАтФАтФАтФАтФАтФАтФАтФАтФАтФАтФАтФАтФАтФАтФАтФАтФАтФАтФАтФАтФАтФАтФАтФАтФАтФАтФАтФАтФАтФАтФАтФАтФАтФАтФАтФАтФАтФАтФАтФАтФАтФАтФАтФАтФАтФАтФАтФАтФАтФАтФАтФАтФАтФАтФАтФАтФАтФАтФАтФАтФАтФАтФАтФАтФАтФАтФАтФАтФАтФАтФАтФАтФАтФАтФАтФАтФАтФАтФАтФАтФАтФАтФАтФАтФАтФАтФАтФАтФАтФАтФАтФАтФАтФАтФАтФАтФАтФАтФАтФАтФАтФАтФАтФАтФАтФАтФАтФАтФАтФАтФАтФАтФАтФА
тФВ #0   TestService._completeBipolarTest (package:psycho_tests/services/test_service.dart:482:17)
тФВ #1   TestService.completeTest (package:psycho_tests/services/test_service.dart:55:16)
тФЬтФДтФДтФДтФДтФДтФДтФДтФДтФДтФДтФДтФДтФДтФДтФДтФДтФДтФДтФДтФДтФДтФДтФДтФДтФДтФДтФДтФДтФДтФДтФДтФДтФДтФДтФДтФДтФДтФДтФДтФДтФДтФДтФДтФДтФДтФДтФДтФДтФДтФДтФДтФДтФДтФДтФДтФДтФДтФДтФДтФДтФДтФДтФДтФДтФДтФДтФДтФДтФДтФДтФДтФДтФДтФДтФДтФДтФДтФДтФДтФДтФДтФДтФДтФДтФДтФДтФДтФДтФДтФДтФДтФДтФДтФДтФДтФДтФДтФДтФДтФДтФДтФДтФДтФДтФДтФДтФДтФДтФДтФДтФДтФДтФДтФДтФДтФДтФДтФДтФД
тФВ ЁЯРЫ Scale feeling: 30/50 = 60.0%
тФФтФАтФАтФАтФАтФАтФАтФАтФАтФАтФАтФАтФАтФАтФАтФАтФАтФАтФАтФАтФАтФАтФАтФАтФАтФАтФАтФАтФАтФАтФАтФАтФАтФАтФАтФАтФАтФАтФАтФАтФАтФАтФАтФАтФАтФАтФАтФАтФАтФАтФАтФАтФАтФАтФАтФАтФАтФАтФАтФАтФАтФАтФАтФАтФАтФАтФАтФАтФАтФАтФАтФАтФАтФАтФАтФАтФАтФАтФАтФАтФАтФАтФАтФАтФАтФАтФАтФАтФАтФАтФАтФАтФАтФАтФАтФАтФАтФАтФАтФАтФАтФАтФАтФАтФАтФАтФАтФАтФАтФАтФАтФАтФАтФАтФАтФАтФАтФАтФАтФА
тФМтФАтФАтФАтФАтФАтФАтФАтФАтФАтФАтФАтФАтФАтФАтФАтФАтФАтФАтФАтФАтФАтФАтФАтФАтФАтФАтФАтФАтФАтФАтФАтФАтФАтФАтФАтФАтФАтФАтФАтФАтФАтФАтФАтФАтФАтФАтФАтФАтФАтФАтФАтФАтФАтФАтФАтФАтФАтФАтФАтФАтФАтФАтФАтФАтФАтФАтФАтФАтФАтФАтФАтФАтФАтФАтФАтФАтФАтФАтФАтФАтФАтФАтФАтФАтФАтФАтФАтФАтФАтФАтФАтФАтФАтФАтФАтФАтФАтФАтФАтФАтФАтФАтФАтФАтФАтФАтФАтФАтФАтФАтФАтФАтФАтФАтФАтФАтФАтФАтФА
тФВ #0   TestService._completeBipolarTest (package:psycho_tests/services/test_service.dart:482:17)
тФВ #1   TestService.completeTest (package:psycho_tests/services/test_service.dart:55:16)
тФЬтФДтФДтФДтФДтФДтФДтФДтФДтФДтФДтФДтФДтФДтФДтФДтФДтФДтФДтФДтФДтФДтФДтФДтФДтФДтФДтФДтФДтФДтФДтФДтФДтФДтФДтФДтФДтФДтФДтФДтФДтФДтФДтФДтФДтФДтФДтФДтФДтФДтФДтФДтФДтФДтФДтФДтФДтФДтФДтФДтФДтФДтФДтФДтФДтФДтФДтФДтФДтФДтФДтФДтФДтФДтФДтФДтФДтФДтФДтФДтФДтФДтФДтФДтФДтФДтФДтФДтФДтФДтФДтФДтФДтФДтФДтФДтФДтФДтФДтФДтФДтФДтФДтФДтФДтФДтФДтФДтФДтФДтФДтФДтФДтФДтФДтФДтФДтФДтФДтФД
тФВ ЁЯРЫ Scale judging: 30/50 = 60.0%
тФФтФАтФАтФАтФАтФАтФАтФАтФАтФАтФАтФАтФАтФАтФАтФАтФАтФАтФАтФАтФАтФАтФАтФАтФАтФАтФАтФАтФАтФАтФАтФАтФАтФАтФАтФАтФАтФАтФАтФАтФАтФАтФАтФАтФАтФАтФАтФАтФАтФАтФАтФАтФАтФАтФАтФАтФАтФАтФАтФАтФАтФАтФАтФАтФАтФАтФАтФАтФАтФАтФАтФАтФАтФАтФАтФАтФАтФАтФАтФАтФАтФАтФАтФАтФАтФАтФАтФАтФАтФАтФАтФАтФАтФАтФАтФАтФАтФАтФАтФАтФАтФАтФАтФАтФАтФАтФАтФАтФАтФАтФАтФАтФАтФАтФАтФАтФАтФАтФАтФА
тФМтФАтФАтФАтФАтФАтФАтФАтФАтФАтФАтФАтФАтФАтФАтФАтФАтФАтФАтФАтФАтФАтФАтФАтФАтФАтФАтФАтФАтФАтФАтФАтФАтФАтФАтФАтФАтФАтФАтФАтФАтФАтФАтФАтФАтФАтФАтФАтФАтФАтФАтФАтФАтФАтФАтФАтФАтФАтФАтФАтФАтФАтФАтФАтФАтФАтФАтФАтФАтФАтФАтФАтФАтФАтФАтФАтФАтФАтФАтФАтФАтФАтФАтФАтФАтФАтФАтФАтФАтФАтФАтФАтФАтФАтФАтФАтФАтФАтФАтФАтФАтФАтФАтФАтФАтФАтФАтФАтФАтФАтФАтФАтФАтФАтФАтФАтФАтФАтФАтФА
тФВ #0   TestService._completeBipolarTest (package:psycho_tests/services/test_service.dart:482:17)
тФВ #1   TestService.completeTest (package:psycho_tests/services/test_service.dart:55:16)
тФЬтФДтФДтФДтФДтФДтФДтФДтФДтФДтФДтФДтФДтФДтФДтФДтФДтФДтФДтФДтФДтФДтФДтФДтФДтФДтФДтФДтФДтФДтФДтФДтФДтФДтФДтФДтФДтФДтФДтФДтФДтФДтФДтФДтФДтФДтФДтФДтФДтФДтФДтФДтФДтФДтФДтФДтФДтФДтФДтФДтФДтФДтФДтФДтФДтФДтФДтФДтФДтФДтФДтФДтФДтФДтФДтФДтФДтФДтФДтФДтФДтФДтФДтФДтФДтФДтФДтФДтФДтФДтФДтФДтФДтФДтФДтФДтФДтФДтФДтФДтФДтФДтФДтФДтФДтФДтФДтФДтФДтФДтФДтФДтФДтФДтФДтФДтФДтФДтФДтФД
тФВ ЁЯРЫ Scale perceiving: 30/50 = 60.0%
тФФтФАтФАтФАтФАтФАтФАтФАтФАтФАтФАтФАтФАтФАтФАтФАтФАтФАтФАтФАтФАтФАтФАтФАтФАтФАтФАтФАтФАтФАтФАтФАтФАтФАтФАтФАтФАтФАтФАтФАтФАтФАтФАтФАтФАтФАтФАтФАтФАтФАтФАтФАтФАтФАтФАтФАтФАтФАтФАтФАтФАтФАтФАтФАтФАтФАтФАтФАтФАтФАтФАтФАтФАтФАтФАтФАтФАтФАтФАтФАтФАтФАтФАтФАтФАтФАтФАтФАтФАтФАтФАтФАтФАтФАтФАтФАтФАтФАтФАтФАтФАтФАтФАтФАтФАтФАтФАтФАтФАтФАтФАтФАтФАтФАтФАтФАтФАтФАтФАтФА
тФМтФАтФАтФАтФАтФАтФАтФАтФАтФАтФАтФАтФАтФАтФАтФАтФАтФАтФАтФАтФАтФАтФАтФАтФАтФАтФАтФАтФАтФАтФАтФАтФАтФАтФАтФАтФАтФАтФАтФАтФАтФАтФАтФАтФАтФАтФАтФАтФАтФАтФАтФАтФАтФАтФАтФАтФАтФАтФАтФАтФАтФАтФАтФАтФАтФАтФАтФАтФАтФАтФАтФАтФАтФАтФАтФАтФАтФАтФАтФАтФАтФАтФАтФАтФАтФАтФАтФАтФАтФАтФАтФАтФАтФАтФАтФАтФАтФАтФАтФАтФАтФАтФАтФАтФАтФАтФАтФАтФАтФАтФАтФАтФАтФАтФАтФАтФАтФАтФАтФА
тФВ #0   TestService._completeBipolarTest (package:psycho_tests/services/test_service.dart:487:15)
тФВ #1   TestService.completeTest (package:psycho_tests/services/test_service.dart:55:16)
тФЬтФДтФДтФДтФДтФДтФДтФДтФДтФДтФДтФДтФДтФДтФДтФДтФДтФДтФДтФДтФДтФДтФДтФДтФДтФДтФДтФДтФДтФДтФДтФДтФДтФДтФДтФДтФДтФДтФДтФДтФДтФДтФДтФДтФДтФДтФДтФДтФДтФДтФДтФДтФДтФДтФДтФДтФДтФДтФДтФДтФДтФДтФДтФДтФДтФДтФДтФДтФДтФДтФДтФДтФДтФДтФДтФДтФДтФДтФДтФДтФДтФДтФДтФДтФДтФДтФДтФДтФДтФДтФДтФДтФДтФДтФДтФДтФДтФДтФДтФДтФДтФДтФДтФДтФДтФДтФДтФДтФДтФДтФДтФДтФДтФДтФДтФДтФДтФДтФДтФД
тФВ ЁЯРЫ Bipolar percentages (for UI): {EI: 50.0, SN: 50.0, TF: 50.0, JP: 50.0}
тФФтФАтФАтФАтФАтФАтФАтФАтФАтФАтФАтФАтФАтФАтФАтФАтФАтФАтФАтФАтФАтФАтФАтФАтФАтФАтФАтФАтФАтФАтФАтФАтФАтФАтФАтФАтФАтФАтФАтФАтФАтФАтФАтФАтФАтФАтФАтФАтФАтФАтФАтФАтФАтФАтФАтФАтФАтФАтФАтФАтФАтФАтФАтФАтФАтФАтФАтФАтФАтФАтФАтФАтФАтФАтФАтФАтФАтФАтФАтФАтФАтФАтФАтФАтФАтФАтФАтФАтФАтФАтФАтФАтФАтФАтФАтФАтФАтФАтФАтФАтФАтФАтФАтФАтФАтФАтФАтФАтФАтФАтФАтФАтФАтФАтФАтФАтФАтФАтФАтФА
тФМтФАтФАтФАтФАтФАтФАтФАтФАтФАтФАтФАтФАтФАтФАтФАтФАтФАтФАтФАтФАтФАтФАтФАтФАтФАтФАтФАтФАтФАтФАтФАтФАтФАтФАтФАтФАтФАтФАтФАтФАтФАтФАтФАтФАтФАтФАтФАтФАтФАтФАтФАтФАтФАтФАтФАтФАтФАтФАтФАтФАтФАтФАтФАтФАтФАтФАтФАтФАтФАтФАтФАтФАтФАтФАтФАтФАтФАтФАтФАтФАтФАтФАтФАтФАтФАтФАтФАтФАтФАтФАтФАтФАтФАтФАтФАтФАтФАтФАтФАтФАтФАтФАтФАтФАтФАтФАтФАтФАтФАтФАтФАтФАтФАтФАтФАтФАтФАтФАтФА
тФВ #0   TestService._completeBipolarTest (package:psycho_tests/services/test_service.dart:491:15)
тФВ #1   TestService.completeTest (package:psycho_tests/services/test_service.dart:55:16)
тФЬтФДтФДтФДтФДтФДтФДтФДтФДтФДтФДтФДтФДтФДтФДтФДтФДтФДтФДтФДтФДтФДтФДтФДтФДтФДтФДтФДтФДтФДтФДтФДтФДтФДтФДтФДтФДтФДтФДтФДтФДтФДтФДтФДтФДтФДтФДтФДтФДтФДтФДтФДтФДтФДтФДтФДтФДтФДтФДтФДтФДтФДтФДтФДтФДтФДтФДтФДтФДтФДтФДтФДтФДтФДтФДтФДтФДтФДтФДтФДтФДтФДтФДтФДтФДтФДтФДтФДтФДтФДтФДтФДтФДтФДтФДтФДтФДтФДтФДтФДтФДтФДтФДтФДтФДтФДтФДтФДтФДтФДтФДтФДтФДтФДтФДтФДтФДтФДтФДтФД
тФВ ЁЯРЫ Personality type code: XXXX
тФФтФАтФАтФАтФАтФАтФАтФАтФАтФАтФАтФАтФАтФАтФАтФАтФАтФАтФАтФАтФАтФАтФАтФАтФАтФАтФАтФАтФАтФАтФАтФАтФАтФАтФАтФАтФАтФАтФАтФАтФАтФАтФАтФАтФАтФАтФАтФАтФАтФАтФАтФАтФАтФАтФАтФАтФАтФАтФАтФАтФАтФАтФАтФАтФАтФАтФАтФАтФАтФАтФАтФАтФАтФАтФАтФАтФАтФАтФАтФАтФАтФАтФАтФАтФАтФАтФАтФАтФАтФАтФАтФАтФАтФАтФАтФАтФАтФАтФАтФАтФАтФАтФАтФАтФАтФАтФАтФАтФАтФАтФАтФАтФАтФАтФАтФАтФАтФАтФАтФА
тФМтФАтФАтФАтФАтФАтФАтФАтФАтФАтФАтФАтФАтФАтФАтФАтФАтФАтФАтФАтФАтФАтФАтФАтФАтФАтФАтФАтФАтФАтФАтФАтФАтФАтФАтФАтФАтФАтФАтФАтФАтФАтФАтФАтФАтФАтФАтФАтФАтФАтФАтФАтФАтФАтФАтФАтФАтФАтФАтФАтФАтФАтФАтФАтФАтФАтФАтФАтФАтФАтФАтФАтФАтФАтФАтФАтФАтФАтФАтФАтФАтФАтФАтФАтФАтФАтФАтФАтФАтФАтФАтФАтФАтФАтФАтФАтФАтФАтФАтФАтФАтФАтФАтФАтФАтФАтФАтФАтФАтФАтФАтФАтФАтФАтФАтФАтФАтФАтФАтФА
тФВ #0   TestService._completeBipolarTest (package:psycho_tests/services/test_service.dart:575:17)
тФВ #1   TestService.completeTest (package:psycho_tests/services/test_service.dart:55:16)
тФЬтФДтФДтФДтФДтФДтФДтФДтФДтФДтФДтФДтФДтФДтФДтФДтФДтФДтФДтФДтФДтФДтФДтФДтФДтФДтФДтФДтФДтФДтФДтФДтФДтФДтФДтФДтФДтФДтФДтФДтФДтФДтФДтФДтФДтФДтФДтФДтФДтФДтФДтФДтФДтФДтФДтФДтФДтФДтФДтФДтФДтФДтФДтФДтФДтФДтФДтФДтФДтФДтФДтФДтФДтФДтФДтФДтФДтФДтФДтФДтФДтФДтФДтФДтФДтФДтФДтФДтФДтФДтФДтФДтФДтФДтФДтФДтФДтФДтФДтФДтФДтФДтФДтФДтФДтФДтФДтФДтФДтФДтФДтФДтФДтФДтФДтФДтФДтФДтФДтФД
тФВ ЁЯРЫ mbti_ei: normalized=50.0%, dominant=E, CI=┬▒5.0%
тФФтФАтФАтФАтФАтФАтФАтФАтФАтФАтФАтФАтФАтФАтФАтФАтФАтФАтФАтФАтФАтФАтФАтФАтФАтФАтФАтФАтФАтФАтФАтФАтФАтФАтФАтФАтФАтФАтФАтФАтФАтФАтФАтФАтФАтФАтФАтФАтФАтФАтФАтФАтФАтФАтФАтФАтФАтФАтФАтФАтФАтФАтФАтФАтФАтФАтФАтФАтФАтФАтФАтФАтФАтФАтФАтФАтФАтФАтФАтФАтФАтФАтФАтФАтФАтФАтФАтФАтФАтФАтФАтФАтФАтФАтФАтФАтФАтФАтФАтФАтФАтФАтФАтФАтФАтФАтФАтФАтФАтФАтФАтФАтФАтФАтФАтФАтФАтФАтФАтФА
тФМтФАтФАтФАтФАтФАтФАтФАтФАтФАтФАтФАтФАтФАтФАтФАтФАтФАтФАтФАтФАтФАтФАтФАтФАтФАтФАтФАтФАтФАтФАтФАтФАтФАтФАтФАтФАтФАтФАтФАтФАтФАтФАтФАтФАтФАтФАтФАтФАтФАтФАтФАтФАтФАтФАтФАтФАтФАтФАтФАтФАтФАтФАтФАтФАтФАтФАтФАтФАтФАтФАтФАтФАтФАтФАтФАтФАтФАтФАтФАтФАтФАтФАтФАтФАтФАтФАтФАтФАтФАтФАтФАтФАтФАтФАтФАтФАтФАтФАтФАтФАтФАтФАтФАтФАтФАтФАтФАтФАтФАтФАтФАтФАтФАтФАтФАтФАтФАтФАтФА
тФВ #0   TestService._completeBipolarTest (package:psycho_tests/services/test_service.dart:575:17)
тФВ #1   TestService.completeTest (package:psycho_tests/services/test_service.dart:55:16)
тФЬтФДтФДтФДтФДтФДтФДтФДтФДтФДтФДтФДтФДтФДтФДтФДтФДтФДтФДтФДтФДтФДтФДтФДтФДтФДтФДтФДтФДтФДтФДтФДтФДтФДтФДтФДтФДтФДтФДтФДтФДтФДтФДтФДтФДтФДтФДтФДтФДтФДтФДтФДтФДтФДтФДтФДтФДтФДтФДтФДтФДтФДтФДтФДтФДтФДтФДтФДтФДтФДтФДтФДтФДтФДтФДтФДтФДтФДтФДтФДтФДтФДтФДтФДтФДтФДтФДтФДтФДтФДтФДтФДтФДтФДтФДтФДтФДтФДтФДтФДтФДтФДтФДтФДтФДтФДтФДтФДтФДтФДтФДтФДтФДтФДтФДтФДтФДтФДтФДтФД
тФВ ЁЯРЫ mbti_sn: normalized=50.0%, dominant=S, CI=┬▒5.0%
тФФтФАтФАтФАтФАтФАтФАтФАтФАтФАтФАтФАтФАтФАтФАтФАтФАтФАтФАтФАтФАтФАтФАтФАтФАтФАтФАтФАтФАтФАтФАтФАтФАтФАтФАтФАтФАтФАтФАтФАтФАтФАтФАтФАтФАтФАтФАтФАтФАтФАтФАтФАтФАтФАтФАтФАтФАтФАтФАтФАтФАтФАтФАтФАтФАтФАтФАтФАтФАтФАтФАтФАтФАтФАтФАтФАтФАтФАтФАтФАтФАтФАтФАтФАтФАтФАтФАтФАтФАтФАтФАтФАтФАтФАтФАтФАтФАтФАтФАтФАтФАтФАтФАтФАтФАтФАтФАтФАтФАтФАтФАтФАтФАтФАтФАтФАтФАтФАтФАтФА
тФМтФАтФАтФАтФАтФАтФАтФАтФАтФАтФАтФАтФАтФАтФАтФАтФАтФАтФАтФАтФАтФАтФАтФАтФАтФАтФАтФАтФАтФАтФАтФАтФАтФАтФАтФАтФАтФАтФАтФАтФАтФАтФАтФАтФАтФАтФАтФАтФАтФАтФАтФАтФАтФАтФАтФАтФАтФАтФАтФАтФАтФАтФАтФАтФАтФАтФАтФАтФАтФАтФАтФАтФАтФАтФАтФАтФАтФАтФАтФАтФАтФАтФАтФАтФАтФАтФАтФАтФАтФАтФАтФАтФАтФАтФАтФАтФАтФАтФАтФАтФАтФАтФАтФАтФАтФАтФАтФАтФАтФАтФАтФАтФАтФАтФАтФАтФАтФАтФАтФА
тФВ #0   TestService._completeBipolarTest (package:psycho_tests/services/test_service.dart:575:17)
тФВ #1   TestService.completeTest (package:psycho_tests/services/test_service.dart:55:16)
тФЬтФДтФДтФДтФДтФДтФДтФДтФДтФДтФДтФДтФДтФДтФДтФДтФДтФДтФДтФДтФДтФДтФДтФДтФДтФДтФДтФДтФДтФДтФДтФДтФДтФДтФДтФДтФДтФДтФДтФДтФДтФДтФДтФДтФДтФДтФДтФДтФДтФДтФДтФДтФДтФДтФДтФДтФДтФДтФДтФДтФДтФДтФДтФДтФДтФДтФДтФДтФДтФДтФДтФДтФДтФДтФДтФДтФДтФДтФДтФДтФДтФДтФДтФДтФДтФДтФДтФДтФДтФДтФДтФДтФДтФДтФДтФДтФДтФДтФДтФДтФДтФДтФДтФДтФДтФДтФДтФДтФДтФДтФДтФДтФДтФДтФДтФДтФДтФДтФДтФД
тФВ ЁЯРЫ mbti_tf: normalized=50.0%, dominant=T, CI=┬▒5.0%
тФФтФАтФАтФАтФАтФАтФАтФАтФАтФАтФАтФАтФАтФАтФАтФАтФАтФАтФАтФАтФАтФАтФАтФАтФАтФАтФАтФАтФАтФАтФАтФАтФАтФАтФАтФАтФАтФАтФАтФАтФАтФАтФАтФАтФАтФАтФАтФАтФАтФАтФАтФАтФАтФАтФАтФАтФАтФАтФАтФАтФАтФАтФАтФАтФАтФАтФАтФАтФАтФАтФАтФАтФАтФАтФАтФАтФАтФАтФАтФАтФАтФАтФАтФАтФАтФАтФАтФАтФАтФАтФАтФАтФАтФАтФАтФАтФАтФАтФАтФАтФАтФАтФАтФАтФАтФАтФАтФАтФАтФАтФАтФАтФАтФАтФАтФАтФАтФАтФАтФА
тФМтФАтФАтФАтФАтФАтФАтФАтФАтФАтФАтФАтФАтФАтФАтФАтФАтФАтФАтФАтФАтФАтФАтФАтФАтФАтФАтФАтФАтФАтФАтФАтФАтФАтФАтФАтФАтФАтФАтФАтФАтФАтФАтФАтФАтФАтФАтФАтФАтФАтФАтФАтФАтФАтФАтФАтФАтФАтФАтФАтФАтФАтФАтФАтФАтФАтФАтФАтФАтФАтФАтФАтФАтФАтФАтФАтФАтФАтФАтФАтФАтФАтФАтФАтФАтФАтФАтФАтФАтФАтФАтФАтФАтФАтФАтФАтФАтФАтФАтФАтФАтФАтФАтФАтФАтФАтФАтФАтФАтФАтФАтФАтФАтФАтФАтФАтФАтФАтФАтФА
тФВ #0   TestService._completeBipolarTest (package:psycho_tests/services/test_service.dart:575:17)
тФВ #1   TestService.completeTest (package:psycho_tests/services/test_service.dart:55:16)
тФЬтФДтФДтФДтФДтФДтФДтФДтФДтФДтФДтФДтФДтФДтФДтФДтФДтФДтФДтФДтФДтФДтФДтФДтФДтФДтФДтФДтФДтФДтФДтФДтФДтФДтФДтФДтФДтФДтФДтФДтФДтФДтФДтФДтФДтФДтФДтФДтФДтФДтФДтФДтФДтФДтФДтФДтФДтФДтФДтФДтФДтФДтФДтФДтФДтФДтФДтФДтФДтФДтФДтФДтФДтФДтФДтФДтФДтФДтФДтФДтФДтФДтФДтФДтФДтФДтФДтФДтФДтФДтФДтФДтФДтФДтФДтФДтФДтФДтФДтФДтФДтФДтФДтФДтФДтФДтФДтФДтФДтФДтФДтФДтФДтФДтФДтФДтФДтФДтФДтФД
тФВ ЁЯРЫ mbti_jp: normalized=50.0%, dominant=J, CI=┬▒5.0%
тФФтФАтФАтФАтФАтФАтФАтФАтФАтФАтФАтФАтФАтФАтФАтФАтФАтФАтФАтФАтФАтФАтФАтФАтФАтФАтФАтФАтФАтФАтФАтФАтФАтФАтФАтФАтФАтФАтФАтФАтФАтФАтФАтФАтФАтФАтФАтФАтФАтФАтФАтФАтФАтФАтФАтФАтФАтФАтФАтФАтФАтФАтФАтФАтФАтФАтФАтФАтФАтФАтФАтФАтФАтФАтФАтФАтФАтФАтФАтФАтФАтФАтФАтФАтФАтФАтФАтФАтФАтФАтФАтФАтФАтФАтФАтФАтФАтФАтФАтФАтФАтФАтФАтФАтФАтФАтФАтФАтФАтФАтФАтФАтФАтФАтФАтФАтФАтФАтФАтФА
тФМтФАтФАтФАтФАтФАтФАтФАтФАтФАтФАтФАтФАтФАтФАтФАтФАтФАтФАтФАтФАтФАтФАтФАтФАтФАтФАтФАтФАтФАтФАтФАтФАтФАтФАтФАтФАтФАтФАтФАтФАтФАтФАтФАтФАтФАтФАтФАтФАтФАтФАтФАтФАтФАтФАтФАтФАтФАтФАтФАтФАтФАтФАтФАтФАтФАтФАтФАтФАтФАтФАтФАтФАтФАтФАтФАтФАтФАтФАтФАтФАтФАтФАтФАтФАтФАтФАтФАтФАтФАтФАтФАтФАтФАтФАтФАтФАтФАтФАтФАтФАтФАтФАтФАтФАтФАтФАтФАтФАтФАтФАтФАтФАтФАтФАтФАтФАтФАтФАтФА
тФВ #0   TestService._completeBipolarTest (package:psycho_tests/services/test_service.dart:589:15)
тФВ #1   TestService.completeTest (package:psycho_tests/services/test_service.dart:55:16)
тФЬтФДтФДтФДтФДтФДтФДтФДтФДтФДтФДтФДтФДтФДтФДтФДтФДтФДтФДтФДтФДтФДтФДтФДтФДтФДтФДтФДтФДтФДтФДтФДтФДтФДтФДтФДтФДтФДтФДтФДтФДтФДтФДтФДтФДтФДтФДтФДтФДтФДтФДтФДтФДтФДтФДтФДтФДтФДтФДтФДтФДтФДтФДтФДтФДтФДтФДтФДтФДтФДтФДтФДтФДтФДтФДтФДтФДтФДтФДтФДтФДтФДтФДтФДтФДтФДтФДтФДтФДтФДтФДтФДтФДтФДтФДтФДтФДтФДтФДтФДтФДтФДтФДтФДтФДтФДтФДтФДтФДтФДтФДтФДтФДтФДтФДтФДтФДтФДтФДтФД
тФВ ЁЯРЫ userAnswersScores contains 80 answers
тФФтФАтФАтФАтФАтФАтФАтФАтФАтФАтФАтФАтФАтФАтФАтФАтФАтФАтФАтФАтФАтФАтФАтФАтФАтФАтФАтФАтФАтФАтФАтФАтФАтФАтФАтФАтФАтФАтФАтФАтФАтФАтФАтФАтФАтФАтФАтФАтФАтФАтФАтФАтФАтФАтФАтФАтФАтФАтФАтФАтФАтФАтФАтФАтФАтФАтФАтФАтФАтФАтФАтФАтФАтФАтФАтФАтФАтФАтФАтФАтФАтФАтФАтФАтФАтФАтФАтФАтФАтФАтФАтФАтФАтФАтФАтФАтФАтФАтФАтФАтФАтФАтФАтФАтФАтФАтФАтФАтФАтФАтФАтФАтФАтФАтФАтФАтФАтФАтФАтФА
тФМтФАтФАтФАтФАтФАтФАтФАтФАтФАтФАтФАтФАтФАтФАтФАтФАтФАтФАтФАтФАтФАтФАтФАтФАтФАтФАтФАтФАтФАтФАтФАтФАтФАтФАтФАтФАтФАтФАтФАтФАтФАтФАтФАтФАтФАтФАтФАтФАтФАтФАтФАтФАтФАтФАтФАтФАтФАтФАтФАтФАтФАтФАтФАтФАтФАтФАтФАтФАтФАтФАтФАтФАтФАтФАтФАтФАтФАтФАтФАтФАтФАтФАтФАтФАтФАтФАтФАтФАтФАтФАтФАтФАтФАтФАтФАтФАтФАтФАтФАтФАтФАтФАтФАтФАтФАтФАтФАтФАтФАтФАтФАтФАтФАтФАтФАтФАтФАтФАтФА
тФВ #0   TestService._completeBipolarTest (package:psycho_tests/services/test_service.dart:590:15)
тФВ #1   TestService.completeTest (package:psycho_tests/services/test_service.dart:55:16)
тФЬтФДтФДтФДтФДтФДтФДтФДтФДтФДтФДтФДтФДтФДтФДтФДтФДтФДтФДтФДтФДтФДтФДтФДтФДтФДтФДтФДтФДтФДтФДтФДтФДтФДтФДтФДтФДтФДтФДтФДтФДтФДтФДтФДтФДтФДтФДтФДтФДтФДтФДтФДтФДтФДтФДтФДтФДтФДтФДтФДтФДтФДтФДтФДтФДтФДтФДтФДтФДтФДтФДтФДтФДтФДтФДтФДтФДтФДтФДтФДтФДтФДтФДтФДтФДтФДтФДтФДтФДтФДтФДтФДтФДтФДтФДтФДтФДтФДтФДтФДтФДтФДтФДтФДтФДтФДтФДтФДтФДтФДтФДтФДтФДтФДтФДтФДтФДтФДтФДтФД
тФВ ЁЯРЫ Total questions in test: 80
тФФтФАтФАтФАтФАтФАтФАтФАтФАтФАтФАтФАтФАтФАтФАтФАтФАтФАтФАтФАтФАтФАтФАтФАтФАтФАтФАтФАтФАтФАтФАтФАтФАтФАтФАтФАтФАтФАтФАтФАтФАтФАтФАтФАтФАтФАтФАтФАтФАтФАтФАтФАтФАтФАтФАтФАтФАтФАтФАтФАтФАтФАтФАтФАтФАтФАтФАтФАтФАтФАтФАтФАтФАтФАтФАтФАтФАтФАтФАтФАтФАтФАтФАтФАтФАтФАтФАтФАтФАтФАтФАтФАтФАтФАтФАтФАтФАтФАтФАтФАтФАтФАтФАтФАтФАтФАтФАтФАтФАтФАтФАтФАтФАтФАтФАтФАтФАтФАтФАтФА
тФМтФАтФАтФАтФАтФАтФАтФАтФАтФАтФАтФАтФАтФАтФАтФАтФАтФАтФАтФАтФАтФАтФАтФАтФАтФАтФАтФАтФАтФАтФАтФАтФАтФАтФАтФАтФАтФАтФАтФАтФАтФАтФАтФАтФАтФАтФАтФАтФАтФАтФАтФАтФАтФАтФАтФАтФАтФАтФАтФАтФАтФАтФАтФАтФАтФАтФАтФАтФАтФАтФАтФАтФАтФАтФАтФАтФАтФАтФАтФАтФАтФАтФАтФАтФАтФАтФАтФАтФАтФАтФАтФАтФАтФАтФАтФАтФАтФАтФАтФАтФАтФАтФАтФАтФАтФАтФАтФАтФАтФАтФАтФАтФАтФАтФАтФАтФАтФАтФАтФА
тФВ #0   TestService._completeBipolarTest (package:psycho_tests/services/test_service.dart:591:15)
тФВ #1   TestService.completeTest (package:psycho_tests/services/test_service.dart:55:16)
тФЬтФДтФДтФДтФДтФДтФДтФДтФДтФДтФДтФДтФДтФДтФДтФДтФДтФДтФДтФДтФДтФДтФДтФДтФДтФДтФДтФДтФДтФДтФДтФДтФДтФДтФДтФДтФДтФДтФДтФДтФДтФДтФДтФДтФДтФДтФДтФДтФДтФДтФДтФДтФДтФДтФДтФДтФДтФДтФДтФДтФДтФДтФДтФДтФДтФДтФДтФДтФДтФДтФДтФДтФДтФДтФДтФДтФДтФДтФДтФДтФДтФДтФДтФДтФДтФДтФДтФДтФДтФДтФДтФДтФДтФДтФДтФДтФДтФДтФДтФДтФДтФДтФДтФДтФДтФДтФДтФДтФДтФДтФДтФДтФДтФДтФДтФДтФДтФДтФДтФД
тФВ ЁЯРЫ Expected 80 answers, received: 80
тФФтФАтФАтФАтФАтФАтФАтФАтФАтФАтФАтФАтФАтФАтФАтФАтФАтФАтФАтФАтФАтФАтФАтФАтФАтФАтФАтФАтФАтФАтФАтФАтФАтФАтФАтФАтФАтФАтФАтФАтФАтФАтФАтФАтФАтФАтФАтФАтФАтФАтФАтФАтФАтФАтФАтФАтФАтФАтФАтФАтФАтФАтФАтФАтФАтФАтФАтФАтФАтФАтФАтФАтФАтФАтФАтФАтФАтФАтФАтФАтФАтФАтФАтФАтФАтФАтФАтФАтФАтФАтФАтФАтФАтФАтФАтФАтФАтФАтФАтФАтФАтФАтФАтФАтФАтФАтФАтФАтФАтФАтФАтФАтФАтФАтФАтФАтФАтФАтФАтФА
тФМтФАтФАтФАтФАтФАтФАтФАтФАтФАтФАтФАтФАтФАтФАтФАтФАтФАтФАтФАтФАтФАтФАтФАтФАтФАтФАтФАтФАтФАтФАтФАтФАтФАтФАтФАтФАтФАтФАтФАтФАтФАтФАтФАтФАтФАтФАтФАтФАтФАтФАтФАтФАтФАтФАтФАтФАтФАтФАтФАтФАтФАтФАтФАтФАтФАтФАтФАтФАтФАтФАтФАтФАтФАтФАтФАтФАтФАтФАтФАтФАтФАтФАтФАтФАтФАтФАтФАтФАтФАтФАтФАтФАтФАтФАтФАтФАтФАтФАтФАтФАтФАтФАтФАтФАтФАтФАтФАтФАтФАтФАтФАтФАтФАтФАтФАтФАтФАтФАтФА
тФВ #0   TestService._completeBipolarTest (package:psycho_tests/services/test_service.dart:592:15)
тФВ #1   TestService.completeTest (package:psycho_tests/services/test_service.dart:55:16)
тФЬтФДтФДтФДтФДтФДтФДтФДтФДтФДтФДтФДтФДтФДтФДтФДтФДтФДтФДтФДтФДтФДтФДтФДтФДтФДтФДтФДтФДтФДтФДтФДтФДтФДтФДтФДтФДтФДтФДтФДтФДтФДтФДтФДтФДтФДтФДтФДтФДтФДтФДтФДтФДтФДтФДтФДтФДтФДтФДтФДтФДтФДтФДтФДтФДтФДтФДтФДтФДтФДтФДтФДтФДтФДтФДтФДтФДтФДтФДтФДтФДтФДтФДтФДтФДтФДтФДтФДтФДтФДтФДтФДтФДтФДтФДтФДтФДтФДтФДтФДтФДтФДтФДтФДтФДтФДтФДтФДтФДтФДтФДтФДтФДтФДтФДтФДтФДтФДтФДтФД
тФВ ЁЯРЫ First 5 answers: q1:3, q2:3, q3:3, q4:3, q5:3
тФФтФАтФАтФАтФАтФАтФАтФАтФАтФАтФАтФАтФАтФАтФАтФАтФАтФАтФАтФАтФАтФАтФАтФАтФАтФАтФАтФАтФАтФАтФАтФАтФАтФАтФАтФАтФАтФАтФАтФАтФАтФАтФАтФАтФАтФАтФАтФАтФАтФАтФАтФАтФАтФАтФАтФАтФАтФАтФАтФАтФАтФАтФАтФАтФАтФАтФАтФАтФАтФАтФАтФАтФАтФАтФАтФАтФАтФАтФАтФАтФАтФАтФАтФАтФАтФАтФАтФАтФАтФАтФАтФАтФАтФАтФАтФАтФАтФАтФАтФАтФАтФАтФАтФАтФАтФАтФАтФАтФАтФАтФАтФАтФАтФАтФАтФАтФАтФАтФАтФА
тФМтФАтФАтФАтФАтФАтФАтФАтФАтФАтФАтФАтФАтФАтФАтФАтФАтФАтФАтФАтФАтФАтФАтФАтФАтФАтФАтФАтФАтФАтФАтФАтФАтФАтФАтФАтФАтФАтФАтФАтФАтФАтФАтФАтФАтФАтФАтФАтФАтФАтФАтФАтФАтФАтФАтФАтФАтФАтФАтФАтФАтФАтФАтФАтФАтФАтФАтФАтФАтФАтФАтФАтФАтФАтФАтФАтФАтФАтФАтФАтФАтФАтФАтФАтФАтФАтФАтФАтФАтФАтФАтФАтФАтФАтФАтФАтФАтФАтФАтФАтФАтФАтФАтФАтФАтФАтФАтФАтФАтФАтФАтФАтФАтФАтФАтФАтФАтФАтФАтФА
тФВ #0   TestService._completeBipolarTest (package:psycho_tests/services/test_service.dart:595:17)
тФВ #1   TestService.completeTest (package:psycho_tests/services/test_service.dart:55:16)
тФЬтФДтФДтФДтФДтФДтФДтФДтФДтФДтФДтФДтФДтФДтФДтФДтФДтФДтФДтФДтФДтФДтФДтФДтФДтФДтФДтФДтФДтФДтФДтФДтФДтФДтФДтФДтФДтФДтФДтФДтФДтФДтФДтФДтФДтФДтФДтФДтФДтФДтФДтФДтФДтФДтФДтФДтФДтФДтФДтФДтФДтФДтФДтФДтФДтФДтФДтФДтФДтФДтФДтФДтФДтФДтФДтФДтФДтФДтФДтФДтФДтФДтФДтФДтФДтФДтФДтФДтФДтФДтФДтФДтФДтФДтФДтФДтФДтФДтФДтФДтФДтФДтФДтФДтФДтФДтФДтФДтФДтФДтФДтФДтФДтФДтФДтФДтФДтФДтФДтФД
тФВ ЁЯРЫ Last 5 answers: q76:3, q77:3, q78:3, q79:3, q80:3
тФФтФАтФАтФАтФАтФАтФАтФАтФАтФАтФАтФАтФАтФАтФАтФАтФАтФАтФАтФАтФАтФАтФАтФАтФАтФАтФАтФАтФАтФАтФАтФАтФАтФАтФАтФАтФАтФАтФАтФАтФАтФАтФАтФАтФАтФАтФАтФАтФАтФАтФАтФАтФАтФАтФАтФАтФАтФАтФАтФАтФАтФАтФАтФАтФАтФАтФАтФАтФАтФАтФАтФАтФАтФАтФАтФАтФАтФАтФАтФАтФАтФАтФАтФАтФАтФАтФАтФАтФАтФАтФАтФАтФАтФАтФАтФАтФАтФАтФАтФАтФАтФАтФАтФАтФАтФАтФАтФАтФАтФАтФАтФАтФАтФАтФАтФАтФАтФАтФАтФА
тФМтФАтФАтФАтФАтФАтФАтФАтФАтФАтФАтФАтФАтФАтФАтФАтФАтФАтФАтФАтФАтФАтФАтФАтФАтФАтФАтФАтФАтФАтФАтФАтФАтФАтФАтФАтФАтФАтФАтФАтФАтФАтФАтФАтФАтФАтФАтФАтФАтФАтФАтФАтФАтФАтФАтФАтФАтФАтФАтФАтФАтФАтФАтФАтФАтФАтФАтФАтФАтФАтФАтФАтФАтФАтФАтФАтФАтФАтФАтФАтФАтФАтФАтФАтФАтФАтФАтФАтФАтФАтФАтФАтФАтФАтФАтФАтФАтФАтФАтФАтФАтФАтФАтФАтФАтФАтФАтФАтФАтФАтФАтФАтФАтФАтФАтФАтФАтФАтФАтФА
тФВ #0   TestService._completeBipolarTest (package:psycho_tests/services/test_service.dart:600:15)
тФВ #1   TestService.completeTest (package:psycho_tests/services/test_service.dart:55:16)
тФЬтФДтФДтФДтФДтФДтФДтФДтФДтФДтФДтФДтФДтФДтФДтФДтФДтФДтФДтФДтФДтФДтФДтФДтФДтФДтФДтФДтФДтФДтФДтФДтФДтФДтФДтФДтФДтФДтФДтФДтФДтФДтФДтФДтФДтФДтФДтФДтФДтФДтФДтФДтФДтФДтФДтФДтФДтФДтФДтФДтФДтФДтФДтФДтФДтФДтФДтФДтФДтФДтФДтФДтФДтФДтФДтФДтФДтФДтФДтФДтФДтФДтФДтФДтФДтФДтФДтФДтФДтФДтФДтФДтФДтФДтФДтФДтФДтФДтФДтФДтФДтФДтФДтФДтФДтФДтФДтФДтФДтФДтФДтФДтФДтФДтФДтФДтФДтФДтФДтФД
тФВ ЁЯРЫ ===== START QUALITY VALIDATION =====
тФФтФАтФАтФАтФАтФАтФАтФАтФАтФАтФАтФАтФАтФАтФАтФАтФАтФАтФАтФАтФАтФАтФАтФАтФАтФАтФАтФАтФАтФАтФАтФАтФАтФАтФАтФАтФАтФАтФАтФАтФАтФАтФАтФАтФАтФАтФАтФАтФАтФАтФАтФАтФАтФАтФАтФАтФАтФАтФАтФАтФАтФАтФАтФАтФАтФАтФАтФАтФАтФАтФАтФАтФАтФАтФАтФАтФАтФАтФАтФАтФАтФАтФАтФАтФАтФАтФАтФАтФАтФАтФАтФАтФАтФАтФАтФАтФАтФАтФАтФАтФАтФАтФАтФАтФАтФАтФАтФАтФАтФАтФАтФАтФАтФАтФАтФАтФАтФАтФАтФА
тФМтФАтФАтФАтФАтФАтФАтФАтФАтФАтФАтФАтФАтФАтФАтФАтФАтФАтФАтФАтФАтФАтФАтФАтФАтФАтФАтФАтФАтФАтФАтФАтФАтФАтФАтФАтФАтФАтФАтФАтФАтФАтФАтФАтФАтФАтФАтФАтФАтФАтФАтФАтФАтФАтФАтФАтФАтФАтФАтФАтФАтФАтФАтФАтФАтФАтФАтФАтФАтФАтФАтФАтФАтФАтФАтФАтФАтФАтФАтФАтФАтФАтФАтФАтФАтФАтФАтФАтФАтФАтФАтФАтФАтФАтФАтФАтФАтФАтФАтФАтФАтФАтФАтФАтФАтФАтФАтФАтФАтФАтФАтФАтФАтФАтФАтФАтФАтФАтФАтФА
тФВ #0   TestService.validateResponseQuality (package:psycho_tests/services/test_service.dart:634:15)
тФВ #1   TestService._completeBipolarTest (package:psycho_tests/services/test_service.dart:602:9)
тФЬтФДтФДтФДтФДтФДтФДтФДтФДтФДтФДтФДтФДтФДтФДтФДтФДтФДтФДтФДтФДтФДтФДтФДтФДтФДтФДтФДтФДтФДтФДтФДтФДтФДтФДтФДтФДтФДтФДтФДтФДтФДтФДтФДтФДтФДтФДтФДтФДтФДтФДтФДтФДтФДтФДтФДтФДтФДтФДтФДтФДтФДтФДтФДтФДтФДтФДтФДтФДтФДтФДтФДтФДтФДтФДтФДтФДтФДтФДтФДтФДтФДтФДтФДтФДтФДтФДтФДтФДтФДтФДтФДтФДтФДтФДтФДтФДтФДтФДтФДтФДтФДтФДтФДтФДтФДтФДтФДтФДтФДтФДтФДтФДтФДтФДтФДтФДтФДтФДтФД
тФВ ЁЯРЫ Starting validation of 80 answers
тФФтФАтФАтФАтФАтФАтФАтФАтФАтФАтФАтФАтФАтФАтФАтФАтФАтФАтФАтФАтФАтФАтФАтФАтФАтФАтФАтФАтФАтФАтФАтФАтФАтФАтФАтФАтФАтФАтФАтФАтФАтФАтФАтФАтФАтФАтФАтФАтФАтФАтФАтФАтФАтФАтФАтФАтФАтФАтФАтФАтФАтФАтФАтФАтФАтФАтФАтФАтФАтФАтФАтФАтФАтФАтФАтФАтФАтФАтФАтФАтФАтФАтФАтФАтФАтФАтФАтФАтФАтФАтФАтФАтФАтФАтФАтФАтФАтФАтФАтФАтФАтФАтФАтФАтФАтФАтФАтФАтФАтФАтФАтФАтФАтФАтФАтФАтФАтФАтФАтФА
тФМтФАтФАтФАтФАтФАтФАтФАтФАтФАтФАтФАтФАтФАтФАтФАтФАтФАтФАтФАтФАтФАтФАтФАтФАтФАтФАтФАтФАтФАтФАтФАтФАтФАтФАтФАтФАтФАтФАтФАтФАтФАтФАтФАтФАтФАтФАтФАтФАтФАтФАтФАтФАтФАтФАтФАтФАтФАтФАтФАтФАтФАтФАтФАтФАтФАтФАтФАтФАтФАтФАтФАтФАтФАтФАтФАтФАтФАтФАтФАтФАтФАтФАтФАтФАтФАтФАтФАтФАтФАтФАтФАтФАтФАтФАтФАтФАтФАтФАтФАтФАтФАтФАтФАтФАтФАтФАтФАтФАтФАтФАтФАтФАтФАтФАтФАтФАтФАтФАтФА
тФВ #0   TestService.validateResponseQuality (package:psycho_tests/services/test_service.dart:647:15)
тФВ #1   TestService._completeBipolarTest (package:psycho_tests/services/test_service.dart:602:9)
тФЬтФДтФДтФДтФДтФДтФДтФДтФДтФДтФДтФДтФДтФДтФДтФДтФДтФДтФДтФДтФДтФДтФДтФДтФДтФДтФДтФДтФДтФДтФДтФДтФДтФДтФДтФДтФДтФДтФДтФДтФДтФДтФДтФДтФДтФДтФДтФДтФДтФДтФДтФДтФДтФДтФДтФДтФДтФДтФДтФДтФДтФДтФДтФДтФДтФДтФДтФДтФДтФДтФДтФДтФДтФДтФДтФДтФДтФДтФДтФДтФДтФДтФДтФДтФДтФДтФДтФДтФДтФДтФДтФДтФДтФДтФДтФДтФДтФДтФДтФДтФДтФДтФДтФДтФДтФДтФДтФДтФДтФДтФДтФДтФДтФДтФДтФДтФДтФДтФДтФД
тФВ ЁЯРЫ Answer mean: 3.00
тФФтФАтФАтФАтФАтФАтФАтФАтФАтФАтФАтФАтФАтФАтФАтФАтФАтФАтФАтФАтФАтФАтФАтФАтФАтФАтФАтФАтФАтФАтФАтФАтФАтФАтФАтФАтФАтФАтФАтФАтФАтФАтФАтФАтФАтФАтФАтФАтФАтФАтФАтФАтФАтФАтФАтФАтФАтФАтФАтФАтФАтФАтФАтФАтФАтФАтФАтФАтФАтФАтФАтФАтФАтФАтФАтФАтФАтФАтФАтФАтФАтФАтФАтФАтФАтФАтФАтФАтФАтФАтФАтФАтФАтФАтФАтФАтФАтФАтФАтФАтФАтФАтФАтФАтФАтФАтФАтФАтФАтФАтФАтФАтФАтФАтФАтФАтФАтФАтФАтФА
тФМтФАтФАтФАтФАтФАтФАтФАтФАтФАтФАтФАтФАтФАтФАтФАтФАтФАтФАтФАтФАтФАтФАтФАтФАтФАтФАтФАтФАтФАтФАтФАтФАтФАтФАтФАтФАтФАтФАтФАтФАтФАтФАтФАтФАтФАтФАтФАтФАтФАтФАтФАтФАтФАтФАтФАтФАтФАтФАтФАтФАтФАтФАтФАтФАтФАтФАтФАтФАтФАтФАтФАтФАтФАтФАтФАтФАтФАтФАтФАтФАтФАтФАтФАтФАтФАтФАтФАтФАтФАтФАтФАтФАтФАтФАтФАтФАтФАтФАтФАтФАтФАтФАтФАтФАтФАтФАтФАтФАтФАтФАтФАтФАтФАтФАтФАтФАтФАтФАтФА
тФВ #0   TestService.validateResponseQuality (package:psycho_tests/services/test_service.dart:648:15)
тФВ #1   TestService._completeBipolarTest (package:psycho_tests/services/test_service.dart:602:9)
тФЬтФДтФДтФДтФДтФДтФДтФДтФДтФДтФДтФДтФДтФДтФДтФДтФДтФДтФДтФДтФДтФДтФДтФДтФДтФДтФДтФДтФДтФДтФДтФДтФДтФДтФДтФДтФДтФДтФДтФДтФДтФДтФДтФДтФДтФДтФДтФДтФДтФДтФДтФДтФДтФДтФДтФДтФДтФДтФДтФДтФДтФДтФДтФДтФДтФДтФДтФДтФДтФДтФДтФДтФДтФДтФДтФДтФДтФДтФДтФДтФДтФДтФДтФДтФДтФДтФДтФДтФДтФДтФДтФДтФДтФДтФДтФДтФДтФДтФДтФДтФДтФДтФДтФДтФДтФДтФДтФДтФДтФДтФДтФДтФДтФДтФДтФДтФДтФДтФДтФД
тФВ ЁЯРЫ Standard deviation: 0.00
тФФтФАтФАтФАтФАтФАтФАтФАтФАтФАтФАтФАтФАтФАтФАтФАтФАтФАтФАтФАтФАтФАтФАтФАтФАтФАтФАтФАтФАтФАтФАтФАтФАтФАтФАтФАтФАтФАтФАтФАтФАтФАтФАтФАтФАтФАтФАтФАтФАтФАтФАтФАтФАтФАтФАтФАтФАтФАтФАтФАтФАтФАтФАтФАтФАтФАтФАтФАтФАтФАтФАтФАтФАтФАтФАтФАтФАтФАтФАтФАтФАтФАтФАтФАтФАтФАтФАтФАтФАтФАтФАтФАтФАтФАтФАтФАтФАтФАтФАтФАтФАтФАтФАтФАтФАтФАтФАтФАтФАтФАтФАтФАтФАтФАтФАтФАтФАтФАтФАтФА
[38;5;208mтФМтФАтФАтФАтФАтФАтФАтФАтФАтФАтФАтФАтФАтФАтФАтФАтФАтФАтФАтФАтФАтФАтФАтФАтФАтФАтФАтФАтФАтФАтФАтФАтФАтФАтФАтФАтФАтФАтФАтФАтФАтФАтФАтФАтФАтФАтФАтФАтФАтФАтФАтФАтФАтФАтФАтФАтФАтФАтФАтФАтФАтФАтФАтФАтФАтФАтФАтФАтФАтФАтФАтФАтФАтФАтФАтФАтФАтФАтФАтФАтФАтФАтФАтФАтФАтФАтФАтФАтФАтФАтФАтФАтФАтФАтФАтФАтФАтФАтФАтФАтФАтФАтФАтФАтФАтФАтФАтФАтФАтФАтФАтФАтФАтФАтФАтФАтФАтФАтФАтФА[0m
[38;5;208mтФВ #0   TestService.validateResponseQuality (package:psycho_tests/services/test_service.dart:656:17)[0m
[38;5;208mтФВ #1   TestService._completeBipolarTest (package:psycho_tests/services/test_service.dart:602:9)[0m
[38;5;208mтФЬтФДтФДтФДтФДтФДтФДтФДтФДтФДтФДтФДтФДтФДтФДтФДтФДтФДтФДтФДтФДтФДтФДтФДтФДтФДтФДтФДтФДтФДтФДтФДтФДтФДтФДтФДтФДтФДтФДтФДтФДтФДтФДтФДтФДтФДтФДтФДтФДтФДтФДтФДтФДтФДтФДтФДтФДтФДтФДтФДтФДтФДтФДтФДтФДтФДтФДтФДтФДтФДтФДтФДтФДтФДтФДтФДтФДтФДтФДтФДтФДтФДтФДтФДтФДтФДтФДтФДтФДтФДтФДтФДтФДтФДтФДтФДтФДтФДтФДтФДтФДтФДтФДтФДтФДтФДтФДтФДтФДтФДтФДтФДтФДтФДтФДтФДтФДтФДтФДтФД[0m
[38;5;208mтФВ тЪая╕П ISSUE: Very low response variance (0.00). You may not have been thoughtful.[0m
[38;5;208mтФФтФАтФАтФАтФАтФАтФАтФАтФАтФАтФАтФАтФАтФАтФАтФАтФАтФАтФАтФАтФАтФАтФАтФАтФАтФАтФАтФАтФАтФАтФАтФАтФАтФАтФАтФАтФАтФАтФАтФАтФАтФАтФАтФАтФАтФАтФАтФАтФАтФАтФАтФАтФАтФАтФАтФАтФАтФАтФАтФАтФАтФАтФАтФАтФАтФАтФАтФАтФАтФАтФАтФАтФАтФАтФАтФАтФАтФАтФАтФАтФАтФАтФАтФАтФАтФАтФАтФАтФАтФАтФАтФАтФАтФАтФАтФАтФАтФАтФАтФАтФАтФАтФАтФАтФАтФАтФАтФАтФАтФАтФАтФАтФАтФАтФАтФАтФАтФАтФАтФА[0m
тФМтФАтФАтФАтФАтФАтФАтФАтФАтФАтФАтФАтФАтФАтФАтФАтФАтФАтФАтФАтФАтФАтФАтФАтФАтФАтФАтФАтФАтФАтФАтФАтФАтФАтФАтФАтФАтФАтФАтФАтФАтФАтФАтФАтФАтФАтФАтФАтФАтФАтФАтФАтФАтФАтФАтФАтФАтФАтФАтФАтФАтФАтФАтФАтФАтФАтФАтФАтФАтФАтФАтФАтФАтФАтФАтФАтФАтФАтФАтФАтФАтФАтФАтФАтФАтФАтФАтФАтФАтФАтФАтФАтФАтФАтФАтФАтФАтФАтФАтФАтФАтФАтФАтФАтФАтФАтФАтФАтФАтФАтФАтФАтФАтФАтФАтФАтФАтФАтФАтФА
тФВ #0   TestService.validateResponseQuality (package:psycho_tests/services/test_service.dart:669:15)
тФВ #1   TestService._completeBipolarTest (package:psycho_tests/services/test_service.dart:602:9)
тФЬтФДтФДтФДтФДтФДтФДтФДтФДтФДтФДтФДтФДтФДтФДтФДтФДтФДтФДтФДтФДтФДтФДтФДтФДтФДтФДтФДтФДтФДтФДтФДтФДтФДтФДтФДтФДтФДтФДтФДтФДтФДтФДтФДтФДтФДтФДтФДтФДтФДтФДтФДтФДтФДтФДтФДтФДтФДтФДтФДтФДтФДтФДтФДтФДтФДтФДтФДтФДтФДтФДтФДтФДтФДтФДтФДтФДтФДтФДтФДтФДтФДтФДтФДтФДтФДтФДтФДтФДтФДтФДтФДтФДтФДтФДтФДтФДтФДтФДтФДтФДтФДтФДтФДтФДтФДтФДтФДтФДтФДтФДтФДтФДтФДтФДтФДтФДтФДтФДтФД
тФВ ЁЯРЫ Neutral answers: 80 of 80 (100.0%)
тФФтФАтФАтФАтФАтФАтФАтФАтФАтФАтФАтФАтФАтФАтФАтФАтФАтФАтФАтФАтФАтФАтФАтФАтФАтФАтФАтФАтФАтФАтФАтФАтФАтФАтФАтФАтФАтФАтФАтФАтФАтФАтФАтФАтФАтФАтФАтФАтФАтФАтФАтФАтФАтФАтФАтФАтФАтФАтФАтФАтФАтФАтФАтФАтФАтФАтФАтФАтФАтФАтФАтФАтФАтФАтФАтФАтФАтФАтФАтФАтФАтФАтФАтФАтФАтФАтФАтФАтФАтФАтФАтФАтФАтФАтФАтФАтФАтФАтФАтФАтФАтФАтФАтФАтФАтФАтФАтФАтФАтФАтФАтФАтФАтФАтФАтФАтФАтФАтФАтФА
[38;5;208mтФМтФАтФАтФАтФАтФАтФАтФАтФАтФАтФАтФАтФАтФАтФАтФАтФАтФАтФАтФАтФАтФАтФАтФАтФАтФАтФАтФАтФАтФАтФАтФАтФАтФАтФАтФАтФАтФАтФАтФАтФАтФАтФАтФАтФАтФАтФАтФАтФАтФАтФАтФАтФАтФАтФАтФАтФАтФАтФАтФАтФАтФАтФАтФАтФАтФАтФАтФАтФАтФАтФАтФАтФАтФАтФАтФАтФАтФАтФАтФАтФАтФАтФАтФАтФАтФАтФАтФАтФАтФАтФАтФАтФАтФАтФАтФАтФАтФАтФАтФАтФАтФАтФАтФАтФАтФАтФАтФАтФАтФАтФАтФАтФАтФАтФАтФАтФАтФАтФАтФА[0m
[38;5;208mтФВ #0   TestService.validateResponseQuality (package:psycho_tests/services/test_service.dart:678:17)[0m
[38;5;208mтФВ #1   TestService._completeBipolarTest (package:psycho_tests/services/test_service.dart:602:9)[0m
[38;5;208mтФЬтФДтФДтФДтФДтФДтФДтФДтФДтФДтФДтФДтФДтФДтФДтФДтФДтФДтФДтФДтФДтФДтФДтФДтФДтФДтФДтФДтФДтФДтФДтФДтФДтФДтФДтФДтФДтФДтФДтФДтФДтФДтФДтФДтФДтФДтФДтФДтФДтФДтФДтФДтФДтФДтФДтФДтФДтФДтФДтФДтФДтФДтФДтФДтФДтФДтФДтФДтФДтФДтФДтФДтФДтФДтФДтФДтФДтФДтФДтФДтФДтФДтФДтФДтФДтФДтФДтФДтФДтФДтФДтФДтФДтФДтФДтФДтФДтФДтФДтФДтФДтФДтФДтФДтФДтФДтФДтФДтФДтФДтФДтФДтФДтФДтФДтФДтФДтФДтФДтФД[0m
[38;5;208mтФВ тЪая╕П ISSUE: Too many neutral answers (100%). Try to be more decisive.[0m
[38;5;208mтФФтФАтФАтФАтФАтФАтФАтФАтФАтФАтФАтФАтФАтФАтФАтФАтФАтФАтФАтФАтФАтФАтФАтФАтФАтФАтФАтФАтФАтФАтФАтФАтФАтФАтФАтФАтФАтФАтФАтФАтФАтФАтФАтФАтФАтФАтФАтФАтФАтФАтФАтФАтФАтФАтФАтФАтФАтФАтФАтФАтФАтФАтФАтФАтФАтФАтФАтФАтФАтФАтФАтФАтФАтФАтФАтФАтФАтФАтФАтФАтФАтФАтФАтФАтФАтФАтФАтФАтФАтФАтФАтФАтФАтФАтФАтФАтФАтФАтФАтФАтФАтФАтФАтФАтФАтФАтФАтФАтФАтФАтФАтФАтФАтФАтФАтФАтФАтФАтФАтФА[0m
тФМтФАтФАтФАтФАтФАтФАтФАтФАтФАтФАтФАтФАтФАтФАтФАтФАтФАтФАтФАтФАтФАтФАтФАтФАтФАтФАтФАтФАтФАтФАтФАтФАтФАтФАтФАтФАтФАтФАтФАтФАтФАтФАтФАтФАтФАтФАтФАтФАтФАтФАтФАтФАтФАтФАтФАтФАтФАтФАтФАтФАтФАтФАтФАтФАтФАтФАтФАтФАтФАтФАтФАтФАтФАтФАтФАтФАтФАтФАтФАтФАтФАтФАтФАтФАтФАтФАтФАтФАтФАтФАтФАтФАтФАтФАтФАтФАтФАтФАтФАтФАтФАтФАтФАтФАтФАтФАтФАтФАтФАтФАтФАтФАтФАтФАтФАтФАтФАтФАтФА
тФВ #0   TestService.validateResponseQuality (package:psycho_tests/services/test_service.dart:691:15)
тФВ #1   TestService._completeBipolarTest (package:psycho_tests/services/test_service.dart:602:9)
тФЬтФДтФДтФДтФДтФДтФДтФДтФДтФДтФДтФДтФДтФДтФДтФДтФДтФДтФДтФДтФДтФДтФДтФДтФДтФДтФДтФДтФДтФДтФДтФДтФДтФДтФДтФДтФДтФДтФДтФДтФДтФДтФДтФДтФДтФДтФДтФДтФДтФДтФДтФДтФДтФДтФДтФДтФДтФДтФДтФДтФДтФДтФДтФДтФДтФДтФДтФДтФДтФДтФДтФДтФДтФДтФДтФДтФДтФДтФДтФДтФДтФДтФДтФДтФДтФДтФДтФДтФДтФДтФДтФДтФДтФДтФДтФДтФДтФДтФДтФДтФДтФДтФДтФДтФДтФДтФДтФДтФДтФДтФДтФДтФДтФДтФДтФДтФДтФДтФДтФД
тФВ ЁЯРЫ Extreme answers: 0 of 80 (0.0%)
тФФтФАтФАтФАтФАтФАтФАтФАтФАтФАтФАтФАтФАтФАтФАтФАтФАтФАтФАтФАтФАтФАтФАтФАтФАтФАтФАтФАтФАтФАтФАтФАтФАтФАтФАтФАтФАтФАтФАтФАтФАтФАтФАтФАтФАтФАтФАтФАтФАтФАтФАтФАтФАтФАтФАтФАтФАтФАтФАтФАтФАтФАтФАтФАтФАтФАтФАтФАтФАтФАтФАтФАтФАтФАтФАтФАтФАтФАтФАтФАтФАтФАтФАтФАтФАтФАтФАтФАтФАтФАтФАтФАтФАтФАтФАтФАтФАтФАтФАтФАтФАтФАтФАтФАтФАтФАтФАтФАтФАтФАтФАтФАтФАтФАтФАтФАтФАтФАтФАтФА
тФМтФАтФАтФАтФАтФАтФАтФАтФАтФАтФАтФАтФАтФАтФАтФАтФАтФАтФАтФАтФАтФАтФАтФАтФАтФАтФАтФАтФАтФАтФАтФАтФАтФАтФАтФАтФАтФАтФАтФАтФАтФАтФАтФАтФАтФАтФАтФАтФАтФАтФАтФАтФАтФАтФАтФАтФАтФАтФАтФАтФАтФАтФАтФАтФАтФАтФАтФАтФАтФАтФАтФАтФАтФАтФАтФАтФАтФАтФАтФАтФАтФАтФАтФАтФАтФАтФАтФАтФАтФАтФАтФАтФАтФАтФАтФАтФАтФАтФАтФАтФАтФАтФАтФАтФАтФАтФАтФАтФАтФАтФАтФАтФАтФАтФАтФАтФАтФАтФАтФА
тФВ #0   TestService.validateResponseQuality (package:psycho_tests/services/test_service.dart:751:15)
тФВ #1   TestService._completeBipolarTest (package:psycho_tests/services/test_service.dart:602:9)
тФЬтФДтФДтФДтФДтФДтФДтФДтФДтФДтФДтФДтФДтФДтФДтФДтФДтФДтФДтФДтФДтФДтФДтФДтФДтФДтФДтФДтФДтФДтФДтФДтФДтФДтФДтФДтФДтФДтФДтФДтФДтФДтФДтФДтФДтФДтФДтФДтФДтФДтФДтФДтФДтФДтФДтФДтФДтФДтФДтФДтФДтФДтФДтФДтФДтФДтФДтФДтФДтФДтФДтФДтФДтФДтФДтФДтФДтФДтФДтФДтФДтФДтФДтФДтФДтФДтФДтФДтФДтФДтФДтФДтФДтФДтФДтФДтФДтФДтФДтФДтФДтФДтФДтФДтФДтФДтФДтФДтФДтФДтФДтФДтФДтФДтФДтФДтФДтФДтФДтФД
тФВ ЁЯРЫ Consistency score: 100.0%
тФФтФАтФАтФАтФАтФАтФАтФАтФАтФАтФАтФАтФАтФАтФАтФАтФАтФАтФАтФАтФАтФАтФАтФАтФАтФАтФАтФАтФАтФАтФАтФАтФАтФАтФАтФАтФАтФАтФАтФАтФАтФАтФАтФАтФАтФАтФАтФАтФАтФАтФАтФАтФАтФАтФАтФАтФАтФАтФАтФАтФАтФАтФАтФАтФАтФАтФАтФАтФАтФАтФАтФАтФАтФАтФАтФАтФАтФАтФАтФАтФАтФАтФАтФАтФАтФАтФАтФАтФАтФАтФАтФАтФАтФАтФАтФАтФАтФАтФАтФАтФАтФАтФАтФАтФАтФАтФАтФАтФАтФАтФАтФАтФАтФАтФАтФАтФАтФАтФАтФА
[38;5;208mтФМтФАтФАтФАтФАтФАтФАтФАтФАтФАтФАтФАтФАтФАтФАтФАтФАтФАтФАтФАтФАтФАтФАтФАтФАтФАтФАтФАтФАтФАтФАтФАтФАтФАтФАтФАтФАтФАтФАтФАтФАтФАтФАтФАтФАтФАтФАтФАтФАтФАтФАтФАтФАтФАтФАтФАтФАтФАтФАтФАтФАтФАтФАтФАтФАтФАтФАтФАтФАтФАтФАтФАтФАтФАтФАтФАтФАтФАтФАтФАтФАтФАтФАтФАтФАтФАтФАтФАтФАтФАтФАтФАтФАтФАтФАтФАтФАтФАтФАтФАтФАтФАтФАтФАтФАтФАтФАтФАтФАтФАтФАтФАтФАтФАтФАтФАтФАтФАтФАтФА[0m
[38;5;208mтФВ #0   TestService.validateResponseQuality (package:psycho_tests/services/test_service.dart:780:17)[0m
[38;5;208mтФВ #1   TestService._completeBipolarTest (package:psycho_tests/services/test_service.dart:602:9)[0m
[38;5;208mтФЬтФДтФДтФДтФДтФДтФДтФДтФДтФДтФДтФДтФДтФДтФДтФДтФДтФДтФДтФДтФДтФДтФДтФДтФДтФДтФДтФДтФДтФДтФДтФДтФДтФДтФДтФДтФДтФДтФДтФДтФДтФДтФДтФДтФДтФДтФДтФДтФДтФДтФДтФДтФДтФДтФДтФДтФДтФДтФДтФДтФДтФДтФДтФДтФДтФДтФДтФДтФДтФДтФДтФДтФДтФДтФДтФДтФДтФДтФДтФДтФДтФДтФДтФДтФДтФДтФДтФДтФДтФДтФДтФДтФДтФДтФДтФДтФДтФДтФДтФДтФДтФДтФДтФДтФДтФДтФДтФДтФДтФДтФДтФДтФДтФДтФДтФДтФДтФДтФДтФД[0m
[38;5;208mтФВ тЪая╕П OVERALL QUALITY: CRITICAL[0m
[38;5;208mтФФтФАтФАтФАтФАтФАтФАтФАтФАтФАтФАтФАтФАтФАтФАтФАтФАтФАтФАтФАтФАтФАтФАтФАтФАтФАтФАтФАтФАтФАтФАтФАтФАтФАтФАтФАтФАтФАтФАтФАтФАтФАтФАтФАтФАтФАтФАтФАтФАтФАтФАтФАтФАтФАтФАтФАтФАтФАтФАтФАтФАтФАтФАтФАтФАтФАтФАтФАтФАтФАтФАтФАтФАтФАтФАтФАтФАтФАтФАтФАтФАтФАтФАтФАтФАтФАтФАтФАтФАтФАтФАтФАтФАтФАтФАтФАтФАтФАтФАтФАтФАтФАтФАтФАтФАтФАтФАтФАтФАтФАтФАтФАтФАтФАтФАтФАтФАтФАтФАтФА[0m
тФМтФАтФАтФАтФАтФАтФАтФАтФАтФАтФАтФАтФАтФАтФАтФАтФАтФАтФАтФАтФАтФАтФАтФАтФАтФАтФАтФАтФАтФАтФАтФАтФАтФАтФАтФАтФАтФАтФАтФАтФАтФАтФАтФАтФАтФАтФАтФАтФАтФАтФАтФАтФАтФАтФАтФАтФАтФАтФАтФАтФАтФАтФАтФАтФАтФАтФАтФАтФАтФАтФАтФАтФАтФАтФАтФАтФАтФАтФАтФАтФАтФАтФАтФАтФАтФАтФАтФАтФАтФАтФАтФАтФАтФАтФАтФАтФАтФАтФАтФАтФАтФАтФАтФАтФАтФАтФАтФАтФАтФАтФАтФАтФАтФАтФАтФАтФАтФАтФАтФА
тФВ #0   TestService._completeBipolarTest (package:psycho_tests/services/test_service.dart:603:15)
тФВ #1   TestService.completeTest (package:psycho_tests/services/test_service.dart:55:16)
тФЬтФДтФДтФДтФДтФДтФДтФДтФДтФДтФДтФДтФДтФДтФДтФДтФДтФДтФДтФДтФДтФДтФДтФДтФДтФДтФДтФДтФДтФДтФДтФДтФДтФДтФДтФДтФДтФДтФДтФДтФДтФДтФДтФДтФДтФДтФДтФДтФДтФДтФДтФДтФДтФДтФДтФДтФДтФДтФДтФДтФДтФДтФДтФДтФДтФДтФДтФДтФДтФДтФДтФДтФДтФДтФДтФДтФДтФДтФДтФДтФДтФДтФДтФДтФДтФДтФДтФДтФДтФДтФДтФДтФДтФДтФДтФДтФДтФДтФДтФДтФДтФДтФДтФДтФДтФДтФДтФДтФДтФДтФДтФДтФДтФДтФДтФДтФДтФДтФДтФД
тФВ ЁЯРЫ Response quality: error
тФФтФАтФАтФАтФАтФАтФАтФАтФАтФАтФАтФАтФАтФАтФАтФАтФАтФАтФАтФАтФАтФАтФАтФАтФАтФАтФАтФАтФАтФАтФАтФАтФАтФАтФАтФАтФАтФАтФАтФАтФАтФАтФАтФАтФАтФАтФАтФАтФАтФАтФАтФАтФАтФАтФАтФАтФАтФАтФАтФАтФАтФАтФАтФАтФАтФАтФАтФАтФАтФАтФАтФАтФАтФАтФАтФАтФАтФАтФАтФАтФАтФАтФАтФАтФАтФАтФАтФАтФАтФАтФАтФАтФАтФАтФАтФАтФАтФАтФАтФАтФАтФАтФАтФАтФАтФАтФАтФАтФАтФАтФАтФАтФАтФАтФАтФАтФАтФАтФАтФА
тФМтФАтФАтФАтФАтФАтФАтФАтФАтФАтФАтФАтФАтФАтФАтФАтФАтФАтФАтФАтФАтФАтФАтФАтФАтФАтФАтФАтФАтФАтФАтФАтФАтФАтФАтФАтФАтФАтФАтФАтФАтФАтФАтФАтФАтФАтФАтФАтФАтФАтФАтФАтФАтФАтФАтФАтФАтФАтФАтФАтФАтФАтФАтФАтФАтФАтФАтФАтФАтФАтФАтФАтФАтФАтФАтФАтФАтФАтФАтФАтФАтФАтФАтФАтФАтФАтФАтФАтФАтФАтФАтФАтФАтФАтФАтФАтФАтФАтФАтФАтФАтФАтФАтФАтФАтФАтФАтФАтФАтФАтФАтФАтФАтФАтФАтФАтФАтФАтФАтФА
тФВ #0   TestService._completeBipolarTest (package:psycho_tests/services/test_service.dart:604:15)
тФВ #1   TestService.completeTest (package:psycho_tests/services/test_service.dart:55:16)
тФЬтФДтФДтФДтФДтФДтФДтФДтФДтФДтФДтФДтФДтФДтФДтФДтФДтФДтФДтФДтФДтФДтФДтФДтФДтФДтФДтФДтФДтФДтФДтФДтФДтФДтФДтФДтФДтФДтФДтФДтФДтФДтФДтФДтФДтФДтФДтФДтФДтФДтФДтФДтФДтФДтФДтФДтФДтФДтФДтФДтФДтФДтФДтФДтФДтФДтФДтФДтФДтФДтФДтФДтФДтФДтФДтФДтФДтФДтФДтФДтФДтФДтФДтФДтФДтФДтФДтФДтФДтФДтФДтФДтФДтФДтФДтФДтФДтФДтФДтФДтФДтФДтФДтФДтФДтФДтФДтФДтФДтФДтФДтФДтФДтФДтФДтФДтФДтФДтФДтФД
тФВ ЁЯРЫ Detected issues: 2
тФФтФАтФАтФАтФАтФАтФАтФАтФАтФАтФАтФАтФАтФАтФАтФАтФАтФАтФАтФАтФАтФАтФАтФАтФАтФАтФАтФАтФАтФАтФАтФАтФАтФАтФАтФАтФАтФАтФАтФАтФАтФАтФАтФАтФАтФАтФАтФАтФАтФАтФАтФАтФАтФАтФАтФАтФАтФАтФАтФАтФАтФАтФАтФАтФАтФАтФАтФАтФАтФАтФАтФАтФАтФАтФАтФАтФАтФАтФАтФАтФАтФАтФАтФАтФАтФАтФАтФАтФАтФАтФАтФАтФАтФАтФАтФАтФАтФАтФАтФАтФАтФАтФАтФАтФАтФАтФАтФАтФАтФАтФАтФАтФАтФАтФАтФАтФАтФАтФАтФА
тФМтФАтФАтФАтФАтФАтФАтФАтФАтФАтФАтФАтФАтФАтФАтФАтФАтФАтФАтФАтФАтФАтФАтФАтФАтФАтФАтФАтФАтФАтФАтФАтФАтФАтФАтФАтФАтФАтФАтФАтФАтФАтФАтФАтФАтФАтФАтФАтФАтФАтФАтФАтФАтФАтФАтФАтФАтФАтФАтФАтФАтФАтФАтФАтФАтФАтФАтФАтФАтФАтФАтФАтФАтФАтФАтФАтФАтФАтФАтФАтФАтФАтФАтФАтФАтФАтФАтФАтФАтФАтФАтФАтФАтФАтФАтФАтФАтФАтФАтФАтФАтФАтФАтФАтФАтФАтФАтФАтФАтФАтФАтФАтФАтФАтФАтФАтФАтФАтФАтФА
тФВ #0   TestService._completeBipolarTest (package:psycho_tests/services/test_service.dart:620:15)
тФВ #1   TestService.completeTest (package:psycho_tests/services/test_service.dart:55:16)
тФЬтФДтФДтФДтФДтФДтФДтФДтФДтФДтФДтФДтФДтФДтФДтФДтФДтФДтФДтФДтФДтФДтФДтФДтФДтФДтФДтФДтФДтФДтФДтФДтФДтФДтФДтФДтФДтФДтФДтФДтФДтФДтФДтФДтФДтФДтФДтФДтФДтФДтФДтФДтФДтФДтФДтФДтФДтФДтФДтФДтФДтФДтФДтФДтФДтФДтФДтФДтФДтФДтФДтФДтФДтФДтФДтФДтФДтФДтФДтФДтФДтФДтФДтФДтФДтФДтФДтФДтФДтФДтФДтФДтФДтФДтФДтФДтФДтФДтФДтФДтФДтФДтФДтФДтФДтФДтФДтФДтФДтФДтФДтФДтФДтФДтФДтФДтФДтФДтФДтФД
тФВ ЁЯРЫ Created 16 types test result with typeScales
тФФтФАтФАтФАтФАтФАтФАтФАтФАтФАтФАтФАтФАтФАтФАтФАтФАтФАтФАтФАтФАтФАтФАтФАтФАтФАтФАтФАтФАтФАтФАтФАтФАтФАтФАтФАтФАтФАтФАтФАтФАтФАтФАтФАтФАтФАтФАтФАтФАтФАтФАтФАтФАтФАтФАтФАтФАтФАтФАтФАтФАтФАтФАтФАтФАтФАтФАтФАтФАтФАтФАтФАтФАтФАтФАтФАтФАтФАтФАтФАтФАтФАтФАтФАтФАтФАтФАтФАтФАтФАтФАтФАтФАтФАтФАтФАтФАтФАтФАтФАтФАтФАтФАтФАтФАтФАтФАтФАтФАтФАтФАтФАтФАтФАтФАтФАтФАтФАтФАтФА
тФМтФАтФАтФАтФАтФАтФАтФАтФАтФАтФАтФАтФАтФАтФАтФАтФАтФАтФАтФАтФАтФАтФАтФАтФАтФАтФАтФАтФАтФАтФАтФАтФАтФАтФАтФАтФАтФАтФАтФАтФАтФАтФАтФАтФАтФАтФАтФАтФАтФАтФАтФАтФАтФАтФАтФАтФАтФАтФАтФАтФАтФАтФАтФАтФАтФАтФАтФАтФАтФАтФАтФАтФАтФАтФАтФАтФАтФАтФАтФАтФАтФАтФАтФАтФАтФАтФАтФАтФАтФАтФАтФАтФАтФАтФАтФАтФАтФАтФАтФАтФАтФАтФАтФАтФАтФАтФАтФАтФАтФАтФАтФАтФАтФАтФАтФАтФАтФАтФАтФА
тФВ #0   TestService._completeBipolarTest (package:psycho_tests/services/test_service.dart:621:15)
тФВ #1   TestService.completeTest (package:psycho_tests/services/test_service.dart:55:16)
тФЬтФДтФДтФДтФДтФДтФДтФДтФДтФДтФДтФДтФДтФДтФДтФДтФДтФДтФДтФДтФДтФДтФДтФДтФДтФДтФДтФДтФДтФДтФДтФДтФДтФДтФДтФДтФДтФДтФДтФДтФДтФДтФДтФДтФДтФДтФДтФДтФДтФДтФДтФДтФДтФДтФДтФДтФДтФДтФДтФДтФДтФДтФДтФДтФДтФДтФДтФДтФДтФДтФДтФДтФДтФДтФДтФДтФДтФДтФДтФДтФДтФДтФДтФДтФДтФДтФДтФДтФДтФДтФДтФДтФДтФДтФДтФДтФДтФДтФДтФДтФДтФДтФДтФДтФДтФДтФДтФДтФДтФДтФДтФДтФДтФДтФДтФДтФДтФДтФДтФД
тФВ ЁЯРЫ result.userAnswers contains 80 answers
тФФтФАтФАтФАтФАтФАтФАтФАтФАтФАтФАтФАтФАтФАтФАтФАтФАтФАтФАтФАтФАтФАтФАтФАтФАтФАтФАтФАтФАтФАтФАтФАтФАтФАтФАтФАтФАтФАтФАтФАтФАтФАтФАтФАтФАтФАтФАтФАтФАтФАтФАтФАтФАтФАтФАтФАтФАтФАтФАтФАтФАтФАтФАтФАтФАтФАтФАтФАтФАтФАтФАтФАтФАтФАтФАтФАтФАтФАтФАтФАтФАтФАтФАтФАтФАтФАтФАтФАтФАтФАтФАтФАтФАтФАтФАтФАтФАтФАтФАтФАтФАтФАтФАтФАтФАтФАтФАтФАтФАтФАтФАтФАтФАтФАтФАтФАтФАтФАтФАтФА
тФМтФАтФАтФАтФАтФАтФАтФАтФАтФАтФАтФАтФАтФАтФАтФАтФАтФАтФАтФАтФАтФАтФАтФАтФАтФАтФАтФАтФАтФАтФАтФАтФАтФАтФАтФАтФАтФАтФАтФАтФАтФАтФАтФАтФАтФАтФАтФАтФАтФАтФАтФАтФАтФАтФАтФАтФАтФАтФАтФАтФАтФАтФАтФАтФАтФАтФАтФАтФАтФАтФАтФАтФАтФАтФАтФАтФАтФАтФАтФАтФАтФАтФАтФАтФАтФАтФАтФАтФАтФАтФАтФАтФАтФАтФАтФАтФАтФАтФАтФАтФАтФАтФАтФАтФАтФАтФАтФАтФАтФАтФАтФАтФАтФАтФАтФАтФАтФАтФАтФА
тФВ #0   TestService._completeBipolarTest (package:psycho_tests/services/test_service.dart:622:15)
тФВ #1   TestService.completeTest (package:psycho_tests/services/test_service.dart:55:16)
тФЬтФДтФДтФДтФДтФДтФДтФДтФДтФДтФДтФДтФДтФДтФДтФДтФДтФДтФДтФДтФДтФДтФДтФДтФДтФДтФДтФДтФДтФДтФДтФДтФДтФДтФДтФДтФДтФДтФДтФДтФДтФДтФДтФДтФДтФДтФДтФДтФДтФДтФДтФДтФДтФДтФДтФДтФДтФДтФДтФДтФДтФДтФДтФДтФДтФДтФДтФДтФДтФДтФДтФДтФДтФДтФДтФДтФДтФДтФДтФДтФДтФДтФДтФДтФДтФДтФДтФДтФДтФДтФДтФДтФДтФДтФДтФДтФДтФДтФДтФДтФДтФДтФДтФДтФДтФДтФДтФДтФДтФДтФДтФДтФДтФДтФДтФДтФДтФДтФДтФД
тФВ ЁЯРЫ result.typeScales contains 8 scales
тФФтФАтФАтФАтФАтФАтФАтФАтФАтФАтФАтФАтФАтФАтФАтФАтФАтФАтФАтФАтФАтФАтФАтФАтФАтФАтФАтФАтФАтФАтФАтФАтФАтФАтФАтФАтФАтФАтФАтФАтФАтФАтФАтФАтФАтФАтФАтФАтФАтФАтФАтФАтФАтФАтФАтФАтФАтФАтФАтФАтФАтФАтФАтФАтФАтФАтФАтФАтФАтФАтФАтФАтФАтФАтФАтФАтФАтФАтФАтФАтФАтФАтФАтФАтФАтФАтФАтФАтФАтФАтФАтФАтФАтФАтФАтФАтФАтФАтФАтФАтФАтФАтФАтФАтФАтФАтФАтФАтФАтФАтФАтФАтФАтФАтФАтФАтФАтФАтФАтФА
00:00 +16 -14: D:/Work/psycho_app/0.0.1.x_dev/test/services/test_service_test.dart: completeTest() - Bipolar Tests (16 Types) determines personality type from bipolar scores
тФМтФАтФАтФАтФАтФАтФАтФАтФАтФАтФАтФАтФАтФАтФАтФАтФАтФАтФАтФАтФАтФАтФАтФАтФАтФАтФАтФАтФАтФАтФАтФАтФАтФАтФАтФАтФАтФАтФАтФАтФАтФАтФАтФАтФАтФАтФАтФАтФАтФАтФАтФАтФАтФАтФАтФАтФАтФАтФАтФАтФАтФАтФАтФАтФАтФАтФАтФАтФАтФАтФАтФАтФАтФАтФАтФАтФАтФАтФАтФАтФАтФАтФАтФАтФАтФАтФАтФАтФАтФАтФАтФАтФАтФАтФАтФАтФАтФАтФАтФАтФАтФАтФАтФАтФАтФАтФАтФАтФАтФАтФАтФАтФАтФАтФАтФАтФАтФАтФАтФА
тФВ #0   TestService.completeTest (package:psycho_tests/services/test_service.dart:43:15)
тФВ #1   main.<anonymous closure>.<anonymous closure> (file:///D:/Work/psycho_app/0.0.1.x_dev/test/services/test_service_test.dart:263:40)
тФЬтФДтФДтФДтФДтФДтФДтФДтФДтФДтФДтФДтФДтФДтФДтФДтФДтФДтФДтФДтФДтФДтФДтФДтФДтФДтФДтФДтФДтФДтФДтФДтФДтФДтФДтФДтФДтФДтФДтФДтФДтФДтФДтФДтФДтФДтФДтФДтФДтФДтФДтФДтФДтФДтФДтФДтФДтФДтФДтФДтФДтФДтФДтФДтФДтФДтФДтФДтФДтФДтФДтФДтФДтФДтФДтФДтФДтФДтФДтФДтФДтФДтФДтФДтФДтФДтФДтФДтФДтФДтФДтФДтФДтФДтФДтФДтФДтФДтФДтФДтФДтФДтФДтФДтФДтФДтФДтФДтФДтФДтФДтФДтФДтФДтФДтФДтФДтФДтФДтФД
тФВ ЁЯРЫ ===== completeTest() CALLED =====
тФФтФАтФАтФАтФАтФАтФАтФАтФАтФАтФАтФАтФАтФАтФАтФАтФАтФАтФАтФАтФАтФАтФАтФАтФАтФАтФАтФАтФАтФАтФАтФАтФАтФАтФАтФАтФАтФАтФАтФАтФАтФАтФАтФАтФАтФАтФАтФАтФАтФАтФАтФАтФАтФАтФАтФАтФАтФАтФАтФАтФАтФАтФАтФАтФАтФАтФАтФАтФАтФАтФАтФАтФАтФАтФАтФАтФАтФАтФАтФАтФАтФАтФАтФАтФАтФАтФАтФАтФАтФАтФАтФАтФАтФАтФАтФАтФАтФАтФАтФАтФАтФАтФАтФАтФАтФАтФАтФАтФАтФАтФАтФАтФАтФАтФАтФАтФАтФАтФАтФА
тФМтФАтФАтФАтФАтФАтФАтФАтФАтФАтФАтФАтФАтФАтФАтФАтФАтФАтФАтФАтФАтФАтФАтФАтФАтФАтФАтФАтФАтФАтФАтФАтФАтФАтФАтФАтФАтФАтФАтФАтФАтФАтФАтФАтФАтФАтФАтФАтФАтФАтФАтФАтФАтФАтФАтФАтФАтФАтФАтФАтФАтФАтФАтФАтФАтФАтФАтФАтФАтФАтФАтФАтФАтФАтФАтФАтФАтФАтФАтФАтФАтФАтФАтФАтФАтФАтФАтФАтФАтФАтФАтФАтФАтФАтФАтФАтФАтФАтФАтФАтФАтФАтФАтФАтФАтФАтФАтФАтФАтФАтФАтФАтФАтФАтФАтФАтФАтФАтФАтФА
тФВ #0   TestService.completeTest (package:psycho_tests/services/test_service.dart:44:15)
тФВ #1   main.<anonymous closure>.<anonymous closure> (file:///D:/Work/psycho_app/0.0.1.x_dev/test/services/test_service_test.dart:263:40)
тФЬтФДтФДтФДтФДтФДтФДтФДтФДтФДтФДтФДтФДтФДтФДтФДтФДтФДтФДтФДтФДтФДтФДтФДтФДтФДтФДтФДтФДтФДтФДтФДтФДтФДтФДтФДтФДтФДтФДтФДтФДтФДтФДтФДтФДтФДтФДтФДтФДтФДтФДтФДтФДтФДтФДтФДтФДтФДтФДтФДтФДтФДтФДтФДтФДтФДтФДтФДтФДтФДтФДтФДтФДтФДтФДтФДтФДтФДтФДтФДтФДтФДтФДтФДтФДтФДтФДтФДтФДтФДтФДтФДтФДтФДтФДтФДтФДтФДтФДтФДтФДтФДтФДтФДтФДтФДтФДтФДтФДтФДтФДтФДтФДтФДтФДтФДтФДтФДтФДтФД
тФВ ЁЯРЫ testId: sixteen_types
тФФтФАтФАтФАтФАтФАтФАтФАтФАтФАтФАтФАтФАтФАтФАтФАтФАтФАтФАтФАтФАтФАтФАтФАтФАтФАтФАтФАтФАтФАтФАтФАтФАтФАтФАтФАтФАтФАтФАтФАтФАтФАтФАтФАтФАтФАтФАтФАтФАтФАтФАтФАтФАтФАтФАтФАтФАтФАтФАтФАтФАтФАтФАтФАтФАтФАтФАтФАтФАтФАтФАтФАтФАтФАтФАтФАтФАтФАтФАтФАтФАтФАтФАтФАтФАтФАтФАтФАтФАтФАтФАтФАтФАтФАтФАтФАтФАтФАтФАтФАтФАтФАтФАтФАтФАтФАтФАтФАтФАтФАтФАтФАтФАтФАтФАтФАтФАтФАтФАтФА
тФМтФАтФАтФАтФАтФАтФАтФАтФАтФАтФАтФАтФАтФАтФАтФАтФАтФАтФАтФАтФАтФАтФАтФАтФАтФАтФАтФАтФАтФАтФАтФАтФАтФАтФАтФАтФАтФАтФАтФАтФАтФАтФАтФАтФАтФАтФАтФАтФАтФАтФАтФАтФАтФАтФАтФАтФАтФАтФАтФАтФАтФАтФАтФАтФАтФАтФАтФАтФАтФАтФАтФАтФАтФАтФАтФАтФАтФАтФАтФАтФАтФАтФАтФАтФАтФАтФАтФАтФАтФАтФАтФАтФАтФАтФАтФАтФАтФАтФАтФАтФАтФАтФАтФАтФАтФАтФАтФАтФАтФАтФАтФАтФАтФАтФАтФАтФАтФАтФАтФА
тФВ #0   TestService.completeTest (package:psycho_tests/services/test_service.dart:45:15)
тФВ #1   main.<anonymous closure>.<anonymous closure> (file:///D:/Work/psycho_app/0.0.1.x_dev/test/services/test_service_test.dart:263:40)
тФЬтФДтФДтФДтФДтФДтФДтФДтФДтФДтФДтФДтФДтФДтФДтФДтФДтФДтФДтФДтФДтФДтФДтФДтФДтФДтФДтФДтФДтФДтФДтФДтФДтФДтФДтФДтФДтФДтФДтФДтФДтФДтФДтФДтФДтФДтФДтФДтФДтФДтФДтФДтФДтФДтФДтФДтФДтФДтФДтФДтФДтФДтФДтФДтФДтФДтФДтФДтФДтФДтФДтФДтФДтФДтФДтФДтФДтФДтФДтФДтФДтФДтФДтФДтФДтФДтФДтФДтФДтФДтФДтФДтФДтФДтФДтФДтФДтФДтФДтФДтФДтФДтФДтФДтФДтФДтФДтФДтФДтФДтФДтФДтФДтФДтФДтФДтФДтФДтФДтФД
тФВ ЁЯРЫ type: TestType.multiFactor
тФФтФАтФАтФАтФАтФАтФАтФАтФАтФАтФАтФАтФАтФАтФАтФАтФАтФАтФАтФАтФАтФАтФАтФАтФАтФАтФАтФАтФАтФАтФАтФАтФАтФАтФАтФАтФАтФАтФАтФАтФАтФАтФАтФАтФАтФАтФАтФАтФАтФАтФАтФАтФАтФАтФАтФАтФАтФАтФАтФАтФАтФАтФАтФАтФАтФАтФАтФАтФАтФАтФАтФАтФАтФАтФАтФАтФАтФАтФАтФАтФАтФАтФАтФАтФАтФАтФАтФАтФАтФАтФАтФАтФАтФАтФАтФАтФАтФАтФАтФАтФАтФАтФАтФАтФАтФАтФАтФАтФАтФАтФАтФАтФАтФАтФАтФАтФАтФАтФАтФА
тФМтФАтФАтФАтФАтФАтФАтФАтФАтФАтФАтФАтФАтФАтФАтФАтФАтФАтФАтФАтФАтФАтФАтФАтФАтФАтФАтФАтФАтФАтФАтФАтФАтФАтФАтФАтФАтФАтФАтФАтФАтФАтФАтФАтФАтФАтФАтФАтФАтФАтФАтФАтФАтФАтФАтФАтФАтФАтФАтФАтФАтФАтФАтФАтФАтФАтФАтФАтФАтФАтФАтФАтФАтФАтФАтФАтФАтФАтФАтФАтФАтФАтФАтФАтФАтФАтФАтФАтФАтФАтФАтФАтФАтФАтФАтФАтФАтФАтФАтФАтФАтФАтФАтФАтФАтФАтФАтФАтФАтФАтФАтФАтФАтФАтФАтФАтФАтФАтФАтФА
тФВ #0   TestService.completeTest (package:psycho_tests/services/test_service.dart:46:15)
тФВ #1   main.<anonymous closure>.<anonymous closure> (file:///D:/Work/psycho_app/0.0.1.x_dev/test/services/test_service_test.dart:263:40)
тФЬтФДтФДтФДтФДтФДтФДтФДтФДтФДтФДтФДтФДтФДтФДтФДтФДтФДтФДтФДтФДтФДтФДтФДтФДтФДтФДтФДтФДтФДтФДтФДтФДтФДтФДтФДтФДтФДтФДтФДтФДтФДтФДтФДтФДтФДтФДтФДтФДтФДтФДтФДтФДтФДтФДтФДтФДтФДтФДтФДтФДтФДтФДтФДтФДтФДтФДтФДтФДтФДтФДтФДтФДтФДтФДтФДтФДтФДтФДтФДтФДтФДтФДтФДтФДтФДтФДтФДтФДтФДтФДтФДтФДтФДтФДтФДтФДтФДтФДтФДтФДтФДтФДтФДтФДтФДтФДтФДтФДтФДтФДтФДтФДтФДтФДтФДтФДтФДтФДтФД
тФВ ЁЯРЫ isBipolar: true
тФФтФАтФАтФАтФАтФАтФАтФАтФАтФАтФАтФАтФАтФАтФАтФАтФАтФАтФАтФАтФАтФАтФАтФАтФАтФАтФАтФАтФАтФАтФАтФАтФАтФАтФАтФАтФАтФАтФАтФАтФАтФАтФАтФАтФАтФАтФАтФАтФАтФАтФАтФАтФАтФАтФАтФАтФАтФАтФАтФАтФАтФАтФАтФАтФАтФАтФАтФАтФАтФАтФАтФАтФАтФАтФАтФАтФАтФАтФАтФАтФАтФАтФАтФАтФАтФАтФАтФАтФАтФАтФАтФАтФАтФАтФАтФАтФАтФАтФАтФАтФАтФАтФАтФАтФАтФАтФАтФАтФАтФАтФАтФАтФАтФАтФАтФАтФАтФАтФАтФА
тФМтФАтФАтФАтФАтФАтФАтФАтФАтФАтФАтФАтФАтФАтФАтФАтФАтФАтФАтФАтФАтФАтФАтФАтФАтФАтФАтФАтФАтФАтФАтФАтФАтФАтФАтФАтФАтФАтФАтФАтФАтФАтФАтФАтФАтФАтФАтФАтФАтФАтФАтФАтФАтФАтФАтФАтФАтФАтФАтФАтФАтФАтФАтФАтФАтФАтФАтФАтФАтФАтФАтФАтФАтФАтФАтФАтФАтФАтФАтФАтФАтФАтФАтФАтФАтФАтФАтФАтФАтФАтФАтФАтФАтФАтФАтФАтФАтФАтФАтФАтФАтФАтФАтФАтФАтФАтФАтФАтФАтФАтФАтФАтФАтФАтФАтФАтФАтФАтФАтФА
тФВ #0   TestService.completeTest (package:psycho_tests/services/test_service.dart:47:15)
тФВ #1   main.<anonymous closure>.<anonymous closure> (file:///D:/Work/psycho_app/0.0.1.x_dev/test/services/test_service_test.dart:263:40)
тФЬтФДтФДтФДтФДтФДтФДтФДтФДтФДтФДтФДтФДтФДтФДтФДтФДтФДтФДтФДтФДтФДтФДтФДтФДтФДтФДтФДтФДтФДтФДтФДтФДтФДтФДтФДтФДтФДтФДтФДтФДтФДтФДтФДтФДтФДтФДтФДтФДтФДтФДтФДтФДтФДтФДтФДтФДтФДтФДтФДтФДтФДтФДтФДтФДтФДтФДтФДтФДтФДтФДтФДтФДтФДтФДтФДтФДтФДтФДтФДтФДтФДтФДтФДтФДтФДтФДтФДтФДтФДтФДтФДтФДтФДтФДтФДтФДтФДтФДтФДтФДтФДтФДтФДтФДтФДтФДтФДтФДтФДтФДтФДтФДтФДтФДтФДтФДтФДтФДтФД
тФВ ЁЯРЫ bipolarDimensions: [mbti_ei, mbti_sn, mbti_tf, mbti_jp]
тФФтФАтФАтФАтФАтФАтФАтФАтФАтФАтФАтФАтФАтФАтФАтФАтФАтФАтФАтФАтФАтФАтФАтФАтФАтФАтФАтФАтФАтФАтФАтФАтФАтФАтФАтФАтФАтФАтФАтФАтФАтФАтФАтФАтФАтФАтФАтФАтФАтФАтФАтФАтФАтФАтФАтФАтФАтФАтФАтФАтФАтФАтФАтФАтФАтФАтФАтФАтФАтФАтФАтФАтФАтФАтФАтФАтФАтФАтФАтФАтФАтФАтФАтФАтФАтФАтФАтФАтФАтФАтФАтФАтФАтФАтФАтФАтФАтФАтФАтФАтФАтФАтФАтФАтФАтФАтФАтФАтФАтФАтФАтФАтФАтФАтФАтФАтФАтФАтФАтФА
тФМтФАтФАтФАтФАтФАтФАтФАтФАтФАтФАтФАтФАтФАтФАтФАтФАтФАтФАтФАтФАтФАтФАтФАтФАтФАтФАтФАтФАтФАтФАтФАтФАтФАтФАтФАтФАтФАтФАтФАтФАтФАтФАтФАтФАтФАтФАтФАтФАтФАтФАтФАтФАтФАтФАтФАтФАтФАтФАтФАтФАтФАтФАтФАтФАтФАтФАтФАтФАтФАтФАтФАтФАтФАтФАтФАтФАтФАтФАтФАтФАтФАтФАтФАтФАтФАтФАтФАтФАтФАтФАтФАтФАтФАтФАтФАтФАтФАтФАтФАтФАтФАтФАтФАтФАтФАтФАтФАтФАтФАтФАтФАтФАтФАтФАтФАтФАтФАтФАтФА
тФВ #0   TestService.completeTest (package:psycho_tests/services/test_service.dart:51:17)
тФВ #1   main.<anonymous closure>.<anonymous closure> (file:///D:/Work/psycho_app/0.0.1.x_dev/test/services/test_service_test.dart:263:40)
тФЬтФДтФДтФДтФДтФДтФДтФДтФДтФДтФДтФДтФДтФДтФДтФДтФДтФДтФДтФДтФДтФДтФДтФДтФДтФДтФДтФДтФДтФДтФДтФДтФДтФДтФДтФДтФДтФДтФДтФДтФДтФДтФДтФДтФДтФДтФДтФДтФДтФДтФДтФДтФДтФДтФДтФДтФДтФДтФДтФДтФДтФДтФДтФДтФДтФДтФДтФДтФДтФДтФДтФДтФДтФДтФДтФДтФДтФДтФДтФДтФДтФДтФДтФДтФДтФДтФДтФДтФДтФДтФДтФДтФДтФДтФДтФДтФДтФДтФДтФДтФДтФДтФДтФДтФДтФДтФДтФДтФДтФДтФДтФДтФДтФДтФДтФДтФДтФДтФДтФД
тФВ ЁЯРЫ Multi-factor test detected
тФФтФАтФАтФАтФАтФАтФАтФАтФАтФАтФАтФАтФАтФАтФАтФАтФАтФАтФАтФАтФАтФАтФАтФАтФАтФАтФАтФАтФАтФАтФАтФАтФАтФАтФАтФАтФАтФАтФАтФАтФАтФАтФАтФАтФАтФАтФАтФАтФАтФАтФАтФАтФАтФАтФАтФАтФАтФАтФАтФАтФАтФАтФАтФАтФАтФАтФАтФАтФАтФАтФАтФАтФАтФАтФАтФАтФАтФАтФАтФАтФАтФАтФАтФАтФАтФАтФАтФАтФАтФАтФАтФАтФАтФАтФАтФАтФАтФАтФАтФАтФАтФАтФАтФАтФАтФАтФАтФАтФАтФАтФАтФАтФАтФАтФАтФАтФАтФАтФАтФА
тФМтФАтФАтФАтФАтФАтФАтФАтФАтФАтФАтФАтФАтФАтФАтФАтФАтФАтФАтФАтФАтФАтФАтФАтФАтФАтФАтФАтФАтФАтФАтФАтФАтФАтФАтФАтФАтФАтФАтФАтФАтФАтФАтФАтФАтФАтФАтФАтФАтФАтФАтФАтФАтФАтФАтФАтФАтФАтФАтФАтФАтФАтФАтФАтФАтФАтФАтФАтФАтФАтФАтФАтФАтФАтФАтФАтФАтФАтФАтФАтФАтФАтФАтФАтФАтФАтФАтФАтФАтФАтФАтФАтФАтФАтФАтФАтФАтФАтФАтФАтФАтФАтФАтФАтФАтФАтФАтФАтФАтФАтФАтФАтФАтФАтФАтФАтФАтФАтФАтФА
тФВ #0   TestService.completeTest (package:psycho_tests/services/test_service.dart:54:19)
тФВ #1   main.<anonymous closure>.<anonymous closure> (file:///D:/Work/psycho_app/0.0.1.x_dev/test/services/test_service_test.dart:263:40)
тФЬтФДтФДтФДтФДтФДтФДтФДтФДтФДтФДтФДтФДтФДтФДтФДтФДтФДтФДтФДтФДтФДтФДтФДтФДтФДтФДтФДтФДтФДтФДтФДтФДтФДтФДтФДтФДтФДтФДтФДтФДтФДтФДтФДтФДтФДтФДтФДтФДтФДтФДтФДтФДтФДтФДтФДтФДтФДтФДтФДтФДтФДтФДтФДтФДтФДтФДтФДтФДтФДтФДтФДтФДтФДтФДтФДтФДтФДтФДтФДтФДтФДтФДтФДтФДтФДтФДтФДтФДтФДтФДтФДтФДтФДтФДтФДтФДтФДтФДтФДтФДтФДтФДтФДтФДтФДтФДтФДтФДтФДтФДтФДтФДтФДтФДтФДтФДтФДтФДтФД
тФВ ЁЯРЫ Calling _completeBipolarTest()
тФФтФАтФАтФАтФАтФАтФАтФАтФАтФАтФАтФАтФАтФАтФАтФАтФАтФАтФАтФАтФАтФАтФАтФАтФАтФАтФАтФАтФАтФАтФАтФАтФАтФАтФАтФАтФАтФАтФАтФАтФАтФАтФАтФАтФАтФАтФАтФАтФАтФАтФАтФАтФАтФАтФАтФАтФАтФАтФАтФАтФАтФАтФАтФАтФАтФАтФАтФАтФАтФАтФАтФАтФАтФАтФАтФАтФАтФАтФАтФАтФАтФАтФАтФАтФАтФАтФАтФАтФАтФАтФАтФАтФАтФАтФАтФАтФАтФАтФАтФАтФАтФАтФАтФАтФАтФАтФАтФАтФАтФАтФАтФАтФАтФАтФАтФАтФАтФАтФАтФА
тФМтФАтФАтФАтФАтФАтФАтФАтФАтФАтФАтФАтФАтФАтФАтФАтФАтФАтФАтФАтФАтФАтФАтФАтФАтФАтФАтФАтФАтФАтФАтФАтФАтФАтФАтФАтФАтФАтФАтФАтФАтФАтФАтФАтФАтФАтФАтФАтФАтФАтФАтФАтФАтФАтФАтФАтФАтФАтФАтФАтФАтФАтФАтФАтФАтФАтФАтФАтФАтФАтФАтФАтФАтФАтФАтФАтФАтФАтФАтФАтФАтФАтФАтФАтФАтФАтФАтФАтФАтФАтФАтФАтФАтФАтФАтФАтФАтФАтФАтФАтФАтФАтФАтФАтФАтФАтФАтФАтФАтФАтФАтФАтФАтФАтФАтФАтФАтФАтФАтФА
тФВ #0   TestService._completeBipolarTest (package:psycho_tests/services/test_service.dart:366:15)
тФВ #1   TestService.completeTest (package:psycho_tests/services/test_service.dart:55:16)
тФЬтФДтФДтФДтФДтФДтФДтФДтФДтФДтФДтФДтФДтФДтФДтФДтФДтФДтФДтФДтФДтФДтФДтФДтФДтФДтФДтФДтФДтФДтФДтФДтФДтФДтФДтФДтФДтФДтФДтФДтФДтФДтФДтФДтФДтФДтФДтФДтФДтФДтФДтФДтФДтФДтФДтФДтФДтФДтФДтФДтФДтФДтФДтФДтФДтФДтФДтФДтФДтФДтФДтФДтФДтФДтФДтФДтФДтФДтФДтФДтФДтФДтФДтФДтФДтФДтФДтФДтФДтФДтФДтФДтФДтФДтФДтФДтФДтФДтФДтФДтФДтФДтФДтФДтФДтФДтФДтФДтФДтФДтФДтФДтФДтФДтФДтФДтФДтФДтФДтФД
тФВ ЁЯРЫ ===== START _completeBipolarTest() (UNIPOLAR V2 ALGORITHM) =====
тФФтФАтФАтФАтФАтФАтФАтФАтФАтФАтФАтФАтФАтФАтФАтФАтФАтФАтФАтФАтФАтФАтФАтФАтФАтФАтФАтФАтФАтФАтФАтФАтФАтФАтФАтФАтФАтФАтФАтФАтФАтФАтФАтФАтФАтФАтФАтФАтФАтФАтФАтФАтФАтФАтФАтФАтФАтФАтФАтФАтФАтФАтФАтФАтФАтФАтФАтФАтФАтФАтФАтФАтФАтФАтФАтФАтФАтФАтФАтФАтФАтФАтФАтФАтФАтФАтФАтФАтФАтФАтФАтФАтФАтФАтФАтФАтФАтФАтФАтФАтФАтФАтФАтФАтФАтФАтФАтФАтФАтФАтФАтФАтФАтФАтФАтФАтФАтФАтФАтФА
тФМтФАтФАтФАтФАтФАтФАтФАтФАтФАтФАтФАтФАтФАтФАтФАтФАтФАтФАтФАтФАтФАтФАтФАтФАтФАтФАтФАтФАтФАтФАтФАтФАтФАтФАтФАтФАтФАтФАтФАтФАтФАтФАтФАтФАтФАтФАтФАтФАтФАтФАтФАтФАтФАтФАтФАтФАтФАтФАтФАтФАтФАтФАтФАтФАтФАтФАтФАтФАтФАтФАтФАтФАтФАтФАтФАтФАтФАтФАтФАтФАтФАтФАтФАтФАтФАтФАтФАтФАтФАтФАтФАтФАтФАтФАтФАтФАтФАтФАтФАтФАтФАтФАтФАтФАтФАтФАтФАтФАтФАтФАтФАтФАтФАтФАтФАтФАтФАтФАтФА
тФВ #0   TestService._completeBipolarTest (package:psycho_tests/services/test_service.dart:367:15)
тФВ #1   TestService.completeTest (package:psycho_tests/services/test_service.dart:55:16)
тФЬтФДтФДтФДтФДтФДтФДтФДтФДтФДтФДтФДтФДтФДтФДтФДтФДтФДтФДтФДтФДтФДтФДтФДтФДтФДтФДтФДтФДтФДтФДтФДтФДтФДтФДтФДтФДтФДтФДтФДтФДтФДтФДтФДтФДтФДтФДтФДтФДтФДтФДтФДтФДтФДтФДтФДтФДтФДтФДтФДтФДтФДтФДтФДтФДтФДтФДтФДтФДтФДтФДтФДтФДтФДтФДтФДтФДтФДтФДтФДтФДтФДтФДтФДтФДтФДтФДтФДтФДтФДтФДтФДтФДтФДтФДтФДтФДтФДтФДтФДтФДтФДтФДтФДтФДтФДтФДтФДтФДтФДтФДтФДтФДтФДтФДтФДтФДтФДтФДтФД
тФВ ЁЯРЫ Total questions in test: 80
тФФтФАтФАтФАтФАтФАтФАтФАтФАтФАтФАтФАтФАтФАтФАтФАтФАтФАтФАтФАтФАтФАтФАтФАтФАтФАтФАтФАтФАтФАтФАтФАтФАтФАтФАтФАтФАтФАтФАтФАтФАтФАтФАтФАтФАтФАтФАтФАтФАтФАтФАтФАтФАтФАтФАтФАтФАтФАтФАтФАтФАтФАтФАтФАтФАтФАтФАтФАтФАтФАтФАтФАтФАтФАтФАтФАтФАтФАтФАтФАтФАтФАтФАтФАтФАтФАтФАтФАтФАтФАтФАтФАтФАтФАтФАтФАтФАтФАтФАтФАтФАтФАтФАтФАтФАтФАтФАтФАтФАтФАтФАтФАтФАтФАтФАтФАтФАтФАтФАтФА
тФМтФАтФАтФАтФАтФАтФАтФАтФАтФАтФАтФАтФАтФАтФАтФАтФАтФАтФАтФАтФАтФАтФАтФАтФАтФАтФАтФАтФАтФАтФАтФАтФАтФАтФАтФАтФАтФАтФАтФАтФАтФАтФАтФАтФАтФАтФАтФАтФАтФАтФАтФАтФАтФАтФАтФАтФАтФАтФАтФАтФАтФАтФАтФАтФАтФАтФАтФАтФАтФАтФАтФАтФАтФАтФАтФАтФАтФАтФАтФАтФАтФАтФАтФАтФАтФАтФАтФАтФАтФАтФАтФАтФАтФАтФАтФАтФАтФАтФАтФАтФАтФАтФАтФАтФАтФАтФАтФАтФАтФАтФАтФАтФАтФАтФАтФАтФАтФАтФАтФА
тФВ #0   TestService._completeBipolarTest (package:psycho_tests/services/test_service.dart:368:15)
тФВ #1   TestService.completeTest (package:psycho_tests/services/test_service.dart:55:16)
тФЬтФДтФДтФДтФДтФДтФДтФДтФДтФДтФДтФДтФДтФДтФДтФДтФДтФДтФДтФДтФДтФДтФДтФДтФДтФДтФДтФДтФДтФДтФДтФДтФДтФДтФДтФДтФДтФДтФДтФДтФДтФДтФДтФДтФДтФДтФДтФДтФДтФДтФДтФДтФДтФДтФДтФДтФДтФДтФДтФДтФДтФДтФДтФДтФДтФДтФДтФДтФДтФДтФДтФДтФДтФДтФДтФДтФДтФДтФДтФДтФДтФДтФДтФДтФДтФДтФДтФДтФДтФДтФДтФДтФДтФДтФДтФДтФДтФДтФДтФДтФДтФДтФДтФДтФДтФДтФДтФДтФДтФДтФДтФДтФДтФДтФДтФДтФДтФДтФДтФД
тФВ ЁЯРЫ Total answers: 80
тФФтФАтФАтФАтФАтФАтФАтФАтФАтФАтФАтФАтФАтФАтФАтФАтФАтФАтФАтФАтФАтФАтФАтФАтФАтФАтФАтФАтФАтФАтФАтФАтФАтФАтФАтФАтФАтФАтФАтФАтФАтФАтФАтФАтФАтФАтФАтФАтФАтФАтФАтФАтФАтФАтФАтФАтФАтФАтФАтФАтФАтФАтФАтФАтФАтФАтФАтФАтФАтФАтФАтФАтФАтФАтФАтФАтФАтФАтФАтФАтФАтФАтФАтФАтФАтФАтФАтФАтФАтФАтФАтФАтФАтФАтФАтФАтФАтФАтФАтФАтФАтФАтФАтФАтФАтФАтФАтФАтФАтФАтФАтФАтФАтФАтФАтФАтФАтФАтФАтФА
тФМтФАтФАтФАтФАтФАтФАтФАтФАтФАтФАтФАтФАтФАтФАтФАтФАтФАтФАтФАтФАтФАтФАтФАтФАтФАтФАтФАтФАтФАтФАтФАтФАтФАтФАтФАтФАтФАтФАтФАтФАтФАтФАтФАтФАтФАтФАтФАтФАтФАтФАтФАтФАтФАтФАтФАтФАтФАтФАтФАтФАтФАтФАтФАтФАтФАтФАтФАтФАтФАтФАтФАтФАтФАтФАтФАтФАтФАтФАтФАтФАтФАтФАтФАтФАтФАтФАтФАтФАтФАтФАтФАтФАтФАтФАтФАтФАтФАтФАтФАтФАтФАтФАтФАтФАтФАтФАтФАтФАтФАтФАтФАтФАтФАтФАтФАтФАтФАтФАтФА
тФВ #0   TestService._completeBipolarTest (package:psycho_tests/services/test_service.dart:400:15)
тФВ #1   TestService.completeTest (package:psycho_tests/services/test_service.dart:55:16)
тФЬтФДтФДтФДтФДтФДтФДтФДтФДтФДтФДтФДтФДтФДтФДтФДтФДтФДтФДтФДтФДтФДтФДтФДтФДтФДтФДтФДтФДтФДтФДтФДтФДтФДтФДтФДтФДтФДтФДтФДтФДтФДтФДтФДтФДтФДтФДтФДтФДтФДтФДтФДтФДтФДтФДтФДтФДтФДтФДтФДтФДтФДтФДтФДтФДтФДтФДтФДтФДтФДтФДтФДтФДтФДтФДтФДтФДтФДтФДтФДтФДтФДтФДтФДтФДтФДтФДтФДтФДтФДтФДтФДтФДтФДтФДтФДтФДтФДтФДтФДтФДтФДтФДтФДтФДтФДтФДтФДтФДтФДтФДтФДтФДтФДтФДтФДтФДтФДтФДтФД
тФВ ЁЯРЫ Starting question loop with targetScale method...
тФФтФАтФАтФАтФАтФАтФАтФАтФАтФАтФАтФАтФАтФАтФАтФАтФАтФАтФАтФАтФАтФАтФАтФАтФАтФАтФАтФАтФАтФАтФАтФАтФАтФАтФАтФАтФАтФАтФАтФАтФАтФАтФАтФАтФАтФАтФАтФАтФАтФАтФАтФАтФАтФАтФАтФАтФАтФАтФАтФАтФАтФАтФАтФАтФАтФАтФАтФАтФАтФАтФАтФАтФАтФАтФАтФАтФАтФАтФАтФАтФАтФАтФАтФАтФАтФАтФАтФАтФАтФАтФАтФАтФАтФАтФАтФАтФАтФАтФАтФАтФАтФАтФАтФАтФАтФАтФАтФАтФАтФАтФАтФАтФАтФАтФАтФАтФАтФАтФАтФА
тФМтФАтФАтФАтФАтФАтФАтФАтФАтФАтФАтФАтФАтФАтФАтФАтФАтФАтФАтФАтФАтФАтФАтФАтФАтФАтФАтФАтФАтФАтФАтФАтФАтФАтФАтФАтФАтФАтФАтФАтФАтФАтФАтФАтФАтФАтФАтФАтФАтФАтФАтФАтФАтФАтФАтФАтФАтФАтФАтФАтФАтФАтФАтФАтФАтФАтФАтФАтФАтФАтФАтФАтФАтФАтФАтФАтФАтФАтФАтФАтФАтФАтФАтФАтФАтФАтФАтФАтФАтФАтФАтФАтФАтФАтФАтФАтФАтФАтФАтФАтФАтФАтФАтФАтФАтФАтФАтФАтФАтФАтФАтФАтФАтФАтФАтФАтФАтФАтФАтФА
тФВ #0   TestService._completeBipolarTest (package:psycho_tests/services/test_service.dart:425:23)
тФВ #1   TestService.completeTest (package:psycho_tests/services/test_service.dart:55:16)
тФЬтФДтФДтФДтФДтФДтФДтФДтФДтФДтФДтФДтФДтФДтФДтФДтФДтФДтФДтФДтФДтФДтФДтФДтФДтФДтФДтФДтФДтФДтФДтФДтФДтФДтФДтФДтФДтФДтФДтФДтФДтФДтФДтФДтФДтФДтФДтФДтФДтФДтФДтФДтФДтФДтФДтФДтФДтФДтФДтФДтФДтФДтФДтФДтФДтФДтФДтФДтФДтФДтФДтФДтФДтФДтФДтФДтФДтФДтФДтФДтФДтФДтФДтФДтФДтФДтФДтФДтФДтФДтФДтФДтФДтФДтФДтФДтФДтФДтФДтФДтФДтФДтФДтФДтФДтФДтФДтФДтФДтФДтФДтФДтФДтФДтФДтФДтФДтФДтФДтФД
тФВ ЁЯРЫ Qq1: targetScale=extraversion, score=4
тФФтФАтФАтФАтФАтФАтФАтФАтФАтФАтФАтФАтФАтФАтФАтФАтФАтФАтФАтФАтФАтФАтФАтФАтФАтФАтФАтФАтФАтФАтФАтФАтФАтФАтФАтФАтФАтФАтФАтФАтФАтФАтФАтФАтФАтФАтФАтФАтФАтФАтФАтФАтФАтФАтФАтФАтФАтФАтФАтФАтФАтФАтФАтФАтФАтФАтФАтФАтФАтФАтФАтФАтФАтФАтФАтФАтФАтФАтФАтФАтФАтФАтФАтФАтФАтФАтФАтФАтФАтФАтФАтФАтФАтФАтФАтФАтФАтФАтФАтФАтФАтФАтФАтФАтФАтФАтФАтФАтФАтФАтФАтФАтФАтФАтФАтФАтФАтФАтФАтФА
тФМтФАтФАтФАтФАтФАтФАтФАтФАтФАтФАтФАтФАтФАтФАтФАтФАтФАтФАтФАтФАтФАтФАтФАтФАтФАтФАтФАтФАтФАтФАтФАтФАтФАтФАтФАтФАтФАтФАтФАтФАтФАтФАтФАтФАтФАтФАтФАтФАтФАтФАтФАтФАтФАтФАтФАтФАтФАтФАтФАтФАтФАтФАтФАтФАтФАтФАтФАтФАтФАтФАтФАтФАтФАтФАтФАтФАтФАтФАтФАтФАтФАтФАтФАтФАтФАтФАтФАтФАтФАтФАтФАтФАтФАтФАтФАтФАтФАтФАтФАтФАтФАтФАтФАтФАтФАтФАтФАтФАтФАтФАтФАтФАтФАтФАтФАтФАтФАтФАтФА
тФВ #0   TestService._completeBipolarTest (package:psycho_tests/services/test_service.dart:425:23)
тФВ #1   TestService.completeTest (package:psycho_tests/services/test_service.dart:55:16)
тФЬтФДтФДтФДтФДтФДтФДтФДтФДтФДтФДтФДтФДтФДтФДтФДтФДтФДтФДтФДтФДтФДтФДтФДтФДтФДтФДтФДтФДтФДтФДтФДтФДтФДтФДтФДтФДтФДтФДтФДтФДтФДтФДтФДтФДтФДтФДтФДтФДтФДтФДтФДтФДтФДтФДтФДтФДтФДтФДтФДтФДтФДтФДтФДтФДтФДтФДтФДтФДтФДтФДтФДтФДтФДтФДтФДтФДтФДтФДтФДтФДтФДтФДтФДтФДтФДтФДтФДтФДтФДтФДтФДтФДтФДтФДтФДтФДтФДтФДтФДтФДтФДтФДтФДтФДтФДтФДтФДтФДтФДтФДтФДтФДтФДтФДтФДтФДтФДтФДтФД
тФВ ЁЯРЫ Qq2: targetScale=extraversion, score=4
тФФтФАтФАтФАтФАтФАтФАтФАтФАтФАтФАтФАтФАтФАтФАтФАтФАтФАтФАтФАтФАтФАтФАтФАтФАтФАтФАтФАтФАтФАтФАтФАтФАтФАтФАтФАтФАтФАтФАтФАтФАтФАтФАтФАтФАтФАтФАтФАтФАтФАтФАтФАтФАтФАтФАтФАтФАтФАтФАтФАтФАтФАтФАтФАтФАтФАтФАтФАтФАтФАтФАтФАтФАтФАтФАтФАтФАтФАтФАтФАтФАтФАтФАтФАтФАтФАтФАтФАтФАтФАтФАтФАтФАтФАтФАтФАтФАтФАтФАтФАтФАтФАтФАтФАтФАтФАтФАтФАтФАтФАтФАтФАтФАтФАтФАтФАтФАтФАтФАтФА
тФМтФАтФАтФАтФАтФАтФАтФАтФАтФАтФАтФАтФАтФАтФАтФАтФАтФАтФАтФАтФАтФАтФАтФАтФАтФАтФАтФАтФАтФАтФАтФАтФАтФАтФАтФАтФАтФАтФАтФАтФАтФАтФАтФАтФАтФАтФАтФАтФАтФАтФАтФАтФАтФАтФАтФАтФАтФАтФАтФАтФАтФАтФАтФАтФАтФАтФАтФАтФАтФАтФАтФАтФАтФАтФАтФАтФАтФАтФАтФАтФАтФАтФАтФАтФАтФАтФАтФАтФАтФАтФАтФАтФАтФАтФАтФАтФАтФАтФАтФАтФАтФАтФАтФАтФАтФАтФАтФАтФАтФАтФАтФАтФАтФАтФАтФАтФАтФАтФАтФА
тФВ #0   TestService._completeBipolarTest (package:psycho_tests/services/test_service.dart:425:23)
тФВ #1   TestService.completeTest (package:psycho_tests/services/test_service.dart:55:16)
тФЬтФДтФДтФДтФДтФДтФДтФДтФДтФДтФДтФДтФДтФДтФДтФДтФДтФДтФДтФДтФДтФДтФДтФДтФДтФДтФДтФДтФДтФДтФДтФДтФДтФДтФДтФДтФДтФДтФДтФДтФДтФДтФДтФДтФДтФДтФДтФДтФДтФДтФДтФДтФДтФДтФДтФДтФДтФДтФДтФДтФДтФДтФДтФДтФДтФДтФДтФДтФДтФДтФДтФДтФДтФДтФДтФДтФДтФДтФДтФДтФДтФДтФДтФДтФДтФДтФДтФДтФДтФДтФДтФДтФДтФДтФДтФДтФДтФДтФДтФДтФДтФДтФДтФДтФДтФДтФДтФДтФДтФДтФДтФДтФДтФДтФДтФДтФДтФДтФДтФД
тФВ ЁЯРЫ Qq3: targetScale=extraversion, score=4
тФФтФАтФАтФАтФАтФАтФАтФАтФАтФАтФАтФАтФАтФАтФАтФАтФАтФАтФАтФАтФАтФАтФАтФАтФАтФАтФАтФАтФАтФАтФАтФАтФАтФАтФАтФАтФАтФАтФАтФАтФАтФАтФАтФАтФАтФАтФАтФАтФАтФАтФАтФАтФАтФАтФАтФАтФАтФАтФАтФАтФАтФАтФАтФАтФАтФАтФАтФАтФАтФАтФАтФАтФАтФАтФАтФАтФАтФАтФАтФАтФАтФАтФАтФАтФАтФАтФАтФАтФАтФАтФАтФАтФАтФАтФАтФАтФАтФАтФАтФАтФАтФАтФАтФАтФАтФАтФАтФАтФАтФАтФАтФАтФАтФАтФАтФАтФАтФАтФАтФА
тФМтФАтФАтФАтФАтФАтФАтФАтФАтФАтФАтФАтФАтФАтФАтФАтФАтФАтФАтФАтФАтФАтФАтФАтФАтФАтФАтФАтФАтФАтФАтФАтФАтФАтФАтФАтФАтФАтФАтФАтФАтФАтФАтФАтФАтФАтФАтФАтФАтФАтФАтФАтФАтФАтФАтФАтФАтФАтФАтФАтФАтФАтФАтФАтФАтФАтФАтФАтФАтФАтФАтФАтФАтФАтФАтФАтФАтФАтФАтФАтФАтФАтФАтФАтФАтФАтФАтФАтФАтФАтФАтФАтФАтФАтФАтФАтФАтФАтФАтФАтФАтФАтФАтФАтФАтФАтФАтФАтФАтФАтФАтФАтФАтФАтФАтФАтФАтФАтФАтФА
тФВ #0   TestService._completeBipolarTest (package:psycho_tests/services/test_service.dart:425:23)
тФВ #1   TestService.completeTest (package:psycho_tests/services/test_service.dart:55:16)
тФЬтФДтФДтФДтФДтФДтФДтФДтФДтФДтФДтФДтФДтФДтФДтФДтФДтФДтФДтФДтФДтФДтФДтФДтФДтФДтФДтФДтФДтФДтФДтФДтФДтФДтФДтФДтФДтФДтФДтФДтФДтФДтФДтФДтФДтФДтФДтФДтФДтФДтФДтФДтФДтФДтФДтФДтФДтФДтФДтФДтФДтФДтФДтФДтФДтФДтФДтФДтФДтФДтФДтФДтФДтФДтФДтФДтФДтФДтФДтФДтФДтФДтФДтФДтФДтФДтФДтФДтФДтФДтФДтФДтФДтФДтФДтФДтФДтФДтФДтФДтФДтФДтФДтФДтФДтФДтФДтФДтФДтФДтФДтФДтФДтФДтФДтФДтФДтФДтФДтФД
тФВ ЁЯРЫ Qq4: targetScale=introversion, score=4
тФФтФАтФАтФАтФАтФАтФАтФАтФАтФАтФАтФАтФАтФАтФАтФАтФАтФАтФАтФАтФАтФАтФАтФАтФАтФАтФАтФАтФАтФАтФАтФАтФАтФАтФАтФАтФАтФАтФАтФАтФАтФАтФАтФАтФАтФАтФАтФАтФАтФАтФАтФАтФАтФАтФАтФАтФАтФАтФАтФАтФАтФАтФАтФАтФАтФАтФАтФАтФАтФАтФАтФАтФАтФАтФАтФАтФАтФАтФАтФАтФАтФАтФАтФАтФАтФАтФАтФАтФАтФАтФАтФАтФАтФАтФАтФАтФАтФАтФАтФАтФАтФАтФАтФАтФАтФАтФАтФАтФАтФАтФАтФАтФАтФАтФАтФАтФАтФАтФАтФА
тФМтФАтФАтФАтФАтФАтФАтФАтФАтФАтФАтФАтФАтФАтФАтФАтФАтФАтФАтФАтФАтФАтФАтФАтФАтФАтФАтФАтФАтФАтФАтФАтФАтФАтФАтФАтФАтФАтФАтФАтФАтФАтФАтФАтФАтФАтФАтФАтФАтФАтФАтФАтФАтФАтФАтФАтФАтФАтФАтФАтФАтФАтФАтФАтФАтФАтФАтФАтФАтФАтФАтФАтФАтФАтФАтФАтФАтФАтФАтФАтФАтФАтФАтФАтФАтФАтФАтФАтФАтФАтФАтФАтФАтФАтФАтФАтФАтФАтФАтФАтФАтФАтФАтФАтФАтФАтФАтФАтФАтФАтФАтФАтФАтФАтФАтФАтФАтФАтФАтФА
тФВ #0   TestService._completeBipolarTest (package:psycho_tests/services/test_service.dart:425:23)
тФВ #1   TestService.completeTest (package:psycho_tests/services/test_service.dart:55:16)
тФЬтФДтФДтФДтФДтФДтФДтФДтФДтФДтФДтФДтФДтФДтФДтФДтФДтФДтФДтФДтФДтФДтФДтФДтФДтФДтФДтФДтФДтФДтФДтФДтФДтФДтФДтФДтФДтФДтФДтФДтФДтФДтФДтФДтФДтФДтФДтФДтФДтФДтФДтФДтФДтФДтФДтФДтФДтФДтФДтФДтФДтФДтФДтФДтФДтФДтФДтФДтФДтФДтФДтФДтФДтФДтФДтФДтФДтФДтФДтФДтФДтФДтФДтФДтФДтФДтФДтФДтФДтФДтФДтФДтФДтФДтФДтФДтФДтФДтФДтФДтФДтФДтФДтФДтФДтФДтФДтФДтФДтФДтФДтФДтФДтФДтФДтФДтФДтФДтФДтФД
тФВ ЁЯРЫ Qq5: targetScale=introversion, score=4
тФФтФАтФАтФАтФАтФАтФАтФАтФАтФАтФАтФАтФАтФАтФАтФАтФАтФАтФАтФАтФАтФАтФАтФАтФАтФАтФАтФАтФАтФАтФАтФАтФАтФАтФАтФАтФАтФАтФАтФАтФАтФАтФАтФАтФАтФАтФАтФАтФАтФАтФАтФАтФАтФАтФАтФАтФАтФАтФАтФАтФАтФАтФАтФАтФАтФАтФАтФАтФАтФАтФАтФАтФАтФАтФАтФАтФАтФАтФАтФАтФАтФАтФАтФАтФАтФАтФАтФАтФАтФАтФАтФАтФАтФАтФАтФАтФАтФАтФАтФАтФАтФАтФАтФАтФАтФАтФАтФАтФАтФАтФАтФАтФАтФАтФАтФАтФАтФАтФАтФА
тФМтФАтФАтФАтФАтФАтФАтФАтФАтФАтФАтФАтФАтФАтФАтФАтФАтФАтФАтФАтФАтФАтФАтФАтФАтФАтФАтФАтФАтФАтФАтФАтФАтФАтФАтФАтФАтФАтФАтФАтФАтФАтФАтФАтФАтФАтФАтФАтФАтФАтФАтФАтФАтФАтФАтФАтФАтФАтФАтФАтФАтФАтФАтФАтФАтФАтФАтФАтФАтФАтФАтФАтФАтФАтФАтФАтФАтФАтФАтФАтФАтФАтФАтФАтФАтФАтФАтФАтФАтФАтФАтФАтФАтФАтФАтФАтФАтФАтФАтФАтФАтФАтФАтФАтФАтФАтФАтФАтФАтФАтФАтФАтФАтФАтФАтФАтФАтФАтФАтФА
тФВ #0   TestService._completeBipolarTest (package:psycho_tests/services/test_service.dart:425:23)
тФВ #1   TestService.completeTest (package:psycho_tests/services/test_service.dart:55:16)
тФЬтФДтФДтФДтФДтФДтФДтФДтФДтФДтФДтФДтФДтФДтФДтФДтФДтФДтФДтФДтФДтФДтФДтФДтФДтФДтФДтФДтФДтФДтФДтФДтФДтФДтФДтФДтФДтФДтФДтФДтФДтФДтФДтФДтФДтФДтФДтФДтФДтФДтФДтФДтФДтФДтФДтФДтФДтФДтФДтФДтФДтФДтФДтФДтФДтФДтФДтФДтФДтФДтФДтФДтФДтФДтФДтФДтФДтФДтФДтФДтФДтФДтФДтФДтФДтФДтФДтФДтФДтФДтФДтФДтФДтФДтФДтФДтФДтФДтФДтФДтФДтФДтФДтФДтФДтФДтФДтФДтФДтФДтФДтФДтФДтФДтФДтФДтФДтФДтФДтФД
тФВ ЁЯРЫ Qq6: targetScale=introversion, score=4
тФФтФАтФАтФАтФАтФАтФАтФАтФАтФАтФАтФАтФАтФАтФАтФАтФАтФАтФАтФАтФАтФАтФАтФАтФАтФАтФАтФАтФАтФАтФАтФАтФАтФАтФАтФАтФАтФАтФАтФАтФАтФАтФАтФАтФАтФАтФАтФАтФАтФАтФАтФАтФАтФАтФАтФАтФАтФАтФАтФАтФАтФАтФАтФАтФАтФАтФАтФАтФАтФАтФАтФАтФАтФАтФАтФАтФАтФАтФАтФАтФАтФАтФАтФАтФАтФАтФАтФАтФАтФАтФАтФАтФАтФАтФАтФАтФАтФАтФАтФАтФАтФАтФАтФАтФАтФАтФАтФАтФАтФАтФАтФАтФАтФАтФАтФАтФАтФАтФАтФА
тФМтФАтФАтФАтФАтФАтФАтФАтФАтФАтФАтФАтФАтФАтФАтФАтФАтФАтФАтФАтФАтФАтФАтФАтФАтФАтФАтФАтФАтФАтФАтФАтФАтФАтФАтФАтФАтФАтФАтФАтФАтФАтФАтФАтФАтФАтФАтФАтФАтФАтФАтФАтФАтФАтФАтФАтФАтФАтФАтФАтФАтФАтФАтФАтФАтФАтФАтФАтФАтФАтФАтФАтФАтФАтФАтФАтФАтФАтФАтФАтФАтФАтФАтФАтФАтФАтФАтФАтФАтФАтФАтФАтФАтФАтФАтФАтФАтФАтФАтФАтФАтФАтФАтФАтФАтФАтФАтФАтФАтФАтФАтФАтФАтФАтФАтФАтФАтФАтФАтФА
тФВ #0   TestService._completeBipolarTest (package:psycho_tests/services/test_service.dart:425:23)
тФВ #1   TestService.completeTest (package:psycho_tests/services/test_service.dart:55:16)
тФЬтФДтФДтФДтФДтФДтФДтФДтФДтФДтФДтФДтФДтФДтФДтФДтФДтФДтФДтФДтФДтФДтФДтФДтФДтФДтФДтФДтФДтФДтФДтФДтФДтФДтФДтФДтФДтФДтФДтФДтФДтФДтФДтФДтФДтФДтФДтФДтФДтФДтФДтФДтФДтФДтФДтФДтФДтФДтФДтФДтФДтФДтФДтФДтФДтФДтФДтФДтФДтФДтФДтФДтФДтФДтФДтФДтФДтФДтФДтФДтФДтФДтФДтФДтФДтФДтФДтФДтФДтФДтФДтФДтФДтФДтФДтФДтФДтФДтФДтФДтФДтФДтФДтФДтФДтФДтФДтФДтФДтФДтФДтФДтФДтФДтФДтФДтФДтФДтФДтФД
тФВ ЁЯРЫ Qq7: targetScale=extraversion, score=4
тФФтФАтФАтФАтФАтФАтФАтФАтФАтФАтФАтФАтФАтФАтФАтФАтФАтФАтФАтФАтФАтФАтФАтФАтФАтФАтФАтФАтФАтФАтФАтФАтФАтФАтФАтФАтФАтФАтФАтФАтФАтФАтФАтФАтФАтФАтФАтФАтФАтФАтФАтФАтФАтФАтФАтФАтФАтФАтФАтФАтФАтФАтФАтФАтФАтФАтФАтФАтФАтФАтФАтФАтФАтФАтФАтФАтФАтФАтФАтФАтФАтФАтФАтФАтФАтФАтФАтФАтФАтФАтФАтФАтФАтФАтФАтФАтФАтФАтФАтФАтФАтФАтФАтФАтФАтФАтФАтФАтФАтФАтФАтФАтФАтФАтФАтФАтФАтФАтФАтФА
тФМтФАтФАтФАтФАтФАтФАтФАтФАтФАтФАтФАтФАтФАтФАтФАтФАтФАтФАтФАтФАтФАтФАтФАтФАтФАтФАтФАтФАтФАтФАтФАтФАтФАтФАтФАтФАтФАтФАтФАтФАтФАтФАтФАтФАтФАтФАтФАтФАтФАтФАтФАтФАтФАтФАтФАтФАтФАтФАтФАтФАтФАтФАтФАтФАтФАтФАтФАтФАтФАтФАтФАтФАтФАтФАтФАтФАтФАтФАтФАтФАтФАтФАтФАтФАтФАтФАтФАтФАтФАтФАтФАтФАтФАтФАтФАтФАтФАтФАтФАтФАтФАтФАтФАтФАтФАтФАтФАтФАтФАтФАтФАтФАтФАтФАтФАтФАтФАтФАтФА
тФВ #0   TestService._completeBipolarTest (package:psycho_tests/services/test_service.dart:425:23)
тФВ #1   TestService.completeTest (package:psycho_tests/services/test_service.dart:55:16)
тФЬтФДтФДтФДтФДтФДтФДтФДтФДтФДтФДтФДтФДтФДтФДтФДтФДтФДтФДтФДтФДтФДтФДтФДтФДтФДтФДтФДтФДтФДтФДтФДтФДтФДтФДтФДтФДтФДтФДтФДтФДтФДтФДтФДтФДтФДтФДтФДтФДтФДтФДтФДтФДтФДтФДтФДтФДтФДтФДтФДтФДтФДтФДтФДтФДтФДтФДтФДтФДтФДтФДтФДтФДтФДтФДтФДтФДтФДтФДтФДтФДтФДтФДтФДтФДтФДтФДтФДтФДтФДтФДтФДтФДтФДтФДтФДтФДтФДтФДтФДтФДтФДтФДтФДтФДтФДтФДтФДтФДтФДтФДтФДтФДтФДтФДтФДтФДтФДтФДтФД
тФВ ЁЯРЫ Qq8: targetScale=extraversion, score=4
тФФтФАтФАтФАтФАтФАтФАтФАтФАтФАтФАтФАтФАтФАтФАтФАтФАтФАтФАтФАтФАтФАтФАтФАтФАтФАтФАтФАтФАтФАтФАтФАтФАтФАтФАтФАтФАтФАтФАтФАтФАтФАтФАтФАтФАтФАтФАтФАтФАтФАтФАтФАтФАтФАтФАтФАтФАтФАтФАтФАтФАтФАтФАтФАтФАтФАтФАтФАтФАтФАтФАтФАтФАтФАтФАтФАтФАтФАтФАтФАтФАтФАтФАтФАтФАтФАтФАтФАтФАтФАтФАтФАтФАтФАтФАтФАтФАтФАтФАтФАтФАтФАтФАтФАтФАтФАтФАтФАтФАтФАтФАтФАтФАтФАтФАтФАтФАтФАтФАтФА
тФМтФАтФАтФАтФАтФАтФАтФАтФАтФАтФАтФАтФАтФАтФАтФАтФАтФАтФАтФАтФАтФАтФАтФАтФАтФАтФАтФАтФАтФАтФАтФАтФАтФАтФАтФАтФАтФАтФАтФАтФАтФАтФАтФАтФАтФАтФАтФАтФАтФАтФАтФАтФАтФАтФАтФАтФАтФАтФАтФАтФАтФАтФАтФАтФАтФАтФАтФАтФАтФАтФАтФАтФАтФАтФАтФАтФАтФАтФАтФАтФАтФАтФАтФАтФАтФАтФАтФАтФАтФАтФАтФАтФАтФАтФАтФАтФАтФАтФАтФАтФАтФАтФАтФАтФАтФАтФАтФАтФАтФАтФАтФАтФАтФАтФАтФАтФАтФАтФАтФА
тФВ #0   TestService._completeBipolarTest (package:psycho_tests/services/test_service.dart:425:23)
тФВ #1   TestService.completeTest (package:psycho_tests/services/test_service.dart:55:16)
тФЬтФДтФДтФДтФДтФДтФДтФДтФДтФДтФДтФДтФДтФДтФДтФДтФДтФДтФДтФДтФДтФДтФДтФДтФДтФДтФДтФДтФДтФДтФДтФДтФДтФДтФДтФДтФДтФДтФДтФДтФДтФДтФДтФДтФДтФДтФДтФДтФДтФДтФДтФДтФДтФДтФДтФДтФДтФДтФДтФДтФДтФДтФДтФДтФДтФДтФДтФДтФДтФДтФДтФДтФДтФДтФДтФДтФДтФДтФДтФДтФДтФДтФДтФДтФДтФДтФДтФДтФДтФДтФДтФДтФДтФДтФДтФДтФДтФДтФДтФДтФДтФДтФДтФДтФДтФДтФДтФДтФДтФДтФДтФДтФДтФДтФДтФДтФДтФДтФДтФД
тФВ ЁЯРЫ Qq9: targetScale=introversion, score=4
тФФтФАтФАтФАтФАтФАтФАтФАтФАтФАтФАтФАтФАтФАтФАтФАтФАтФАтФАтФАтФАтФАтФАтФАтФАтФАтФАтФАтФАтФАтФАтФАтФАтФАтФАтФАтФАтФАтФАтФАтФАтФАтФАтФАтФАтФАтФАтФАтФАтФАтФАтФАтФАтФАтФАтФАтФАтФАтФАтФАтФАтФАтФАтФАтФАтФАтФАтФАтФАтФАтФАтФАтФАтФАтФАтФАтФАтФАтФАтФАтФАтФАтФАтФАтФАтФАтФАтФАтФАтФАтФАтФАтФАтФАтФАтФАтФАтФАтФАтФАтФАтФАтФАтФАтФАтФАтФАтФАтФАтФАтФАтФАтФАтФАтФАтФАтФАтФАтФАтФА
тФМтФАтФАтФАтФАтФАтФАтФАтФАтФАтФАтФАтФАтФАтФАтФАтФАтФАтФАтФАтФАтФАтФАтФАтФАтФАтФАтФАтФАтФАтФАтФАтФАтФАтФАтФАтФАтФАтФАтФАтФАтФАтФАтФАтФАтФАтФАтФАтФАтФАтФАтФАтФАтФАтФАтФАтФАтФАтФАтФАтФАтФАтФАтФАтФАтФАтФАтФАтФАтФАтФАтФАтФАтФАтФАтФАтФАтФАтФАтФАтФАтФАтФАтФАтФАтФАтФАтФАтФАтФАтФАтФАтФАтФАтФАтФАтФАтФАтФАтФАтФАтФАтФАтФАтФАтФАтФАтФАтФАтФАтФАтФАтФАтФАтФАтФАтФАтФАтФАтФА
тФВ #0   TestService._completeBipolarTest (package:psycho_tests/services/test_service.dart:425:23)
тФВ #1   TestService.completeTest (package:psycho_tests/services/test_service.dart:55:16)
тФЬтФДтФДтФДтФДтФДтФДтФДтФДтФДтФДтФДтФДтФДтФДтФДтФДтФДтФДтФДтФДтФДтФДтФДтФДтФДтФДтФДтФДтФДтФДтФДтФДтФДтФДтФДтФДтФДтФДтФДтФДтФДтФДтФДтФДтФДтФДтФДтФДтФДтФДтФДтФДтФДтФДтФДтФДтФДтФДтФДтФДтФДтФДтФДтФДтФДтФДтФДтФДтФДтФДтФДтФДтФДтФДтФДтФДтФДтФДтФДтФДтФДтФДтФДтФДтФДтФДтФДтФДтФДтФДтФДтФДтФДтФДтФДтФДтФДтФДтФДтФДтФДтФДтФДтФДтФДтФДтФДтФДтФДтФДтФДтФДтФДтФДтФДтФДтФДтФДтФД
тФВ ЁЯРЫ Qq10: targetScale=introversion, score=4
тФФтФАтФАтФАтФАтФАтФАтФАтФАтФАтФАтФАтФАтФАтФАтФАтФАтФАтФАтФАтФАтФАтФАтФАтФАтФАтФАтФАтФАтФАтФАтФАтФАтФАтФАтФАтФАтФАтФАтФАтФАтФАтФАтФАтФАтФАтФАтФАтФАтФАтФАтФАтФАтФАтФАтФАтФАтФАтФАтФАтФАтФАтФАтФАтФАтФАтФАтФАтФАтФАтФАтФАтФАтФАтФАтФАтФАтФАтФАтФАтФАтФАтФАтФАтФАтФАтФАтФАтФАтФАтФАтФАтФАтФАтФАтФАтФАтФАтФАтФАтФАтФАтФАтФАтФАтФАтФАтФАтФАтФАтФАтФАтФАтФАтФАтФАтФАтФАтФАтФА
тФМтФАтФАтФАтФАтФАтФАтФАтФАтФАтФАтФАтФАтФАтФАтФАтФАтФАтФАтФАтФАтФАтФАтФАтФАтФАтФАтФАтФАтФАтФАтФАтФАтФАтФАтФАтФАтФАтФАтФАтФАтФАтФАтФАтФАтФАтФАтФАтФАтФАтФАтФАтФАтФАтФАтФАтФАтФАтФАтФАтФАтФАтФАтФАтФАтФАтФАтФАтФАтФАтФАтФАтФАтФАтФАтФАтФАтФАтФАтФАтФАтФАтФАтФАтФАтФАтФАтФАтФАтФАтФАтФАтФАтФАтФАтФАтФАтФАтФАтФАтФАтФАтФАтФАтФАтФАтФАтФАтФАтФАтФАтФАтФАтФАтФАтФАтФАтФАтФАтФА
тФВ #0   TestService._completeBipolarTest (package:psycho_tests/services/test_service.dart:425:23)
тФВ #1   TestService.completeTest (package:psycho_tests/services/test_service.dart:55:16)
тФЬтФДтФДтФДтФДтФДтФДтФДтФДтФДтФДтФДтФДтФДтФДтФДтФДтФДтФДтФДтФДтФДтФДтФДтФДтФДтФДтФДтФДтФДтФДтФДтФДтФДтФДтФДтФДтФДтФДтФДтФДтФДтФДтФДтФДтФДтФДтФДтФДтФДтФДтФДтФДтФДтФДтФДтФДтФДтФДтФДтФДтФДтФДтФДтФДтФДтФДтФДтФДтФДтФДтФДтФДтФДтФДтФДтФДтФДтФДтФДтФДтФДтФДтФДтФДтФДтФДтФДтФДтФДтФДтФДтФДтФДтФДтФДтФДтФДтФДтФДтФДтФДтФДтФДтФДтФДтФДтФДтФДтФДтФДтФДтФДтФДтФДтФДтФДтФДтФДтФД
тФВ ЁЯРЫ Qq11: targetScale=extraversion, score=4
тФФтФАтФАтФАтФАтФАтФАтФАтФАтФАтФАтФАтФАтФАтФАтФАтФАтФАтФАтФАтФАтФАтФАтФАтФАтФАтФАтФАтФАтФАтФАтФАтФАтФАтФАтФАтФАтФАтФАтФАтФАтФАтФАтФАтФАтФАтФАтФАтФАтФАтФАтФАтФАтФАтФАтФАтФАтФАтФАтФАтФАтФАтФАтФАтФАтФАтФАтФАтФАтФАтФАтФАтФАтФАтФАтФАтФАтФАтФАтФАтФАтФАтФАтФАтФАтФАтФАтФАтФАтФАтФАтФАтФАтФАтФАтФАтФАтФАтФАтФАтФАтФАтФАтФАтФАтФАтФАтФАтФАтФАтФАтФАтФАтФАтФАтФАтФАтФАтФАтФА
тФМтФАтФАтФАтФАтФАтФАтФАтФАтФАтФАтФАтФАтФАтФАтФАтФАтФАтФАтФАтФАтФАтФАтФАтФАтФАтФАтФАтФАтФАтФАтФАтФАтФАтФАтФАтФАтФАтФАтФАтФАтФАтФАтФАтФАтФАтФАтФАтФАтФАтФАтФАтФАтФАтФАтФАтФАтФАтФАтФАтФАтФАтФАтФАтФАтФАтФАтФАтФАтФАтФАтФАтФАтФАтФАтФАтФАтФАтФАтФАтФАтФАтФАтФАтФАтФАтФАтФАтФАтФАтФАтФАтФАтФАтФАтФАтФАтФАтФАтФАтФАтФАтФАтФАтФАтФАтФАтФАтФАтФАтФАтФАтФАтФАтФАтФАтФАтФАтФАтФА
тФВ #0   TestService._completeBipolarTest (package:psycho_tests/services/test_service.dart:425:23)
тФВ #1   TestService.completeTest (package:psycho_tests/services/test_service.dart:55:16)
тФЬтФДтФДтФДтФДтФДтФДтФДтФДтФДтФДтФДтФДтФДтФДтФДтФДтФДтФДтФДтФДтФДтФДтФДтФДтФДтФДтФДтФДтФДтФДтФДтФДтФДтФДтФДтФДтФДтФДтФДтФДтФДтФДтФДтФДтФДтФДтФДтФДтФДтФДтФДтФДтФДтФДтФДтФДтФДтФДтФДтФДтФДтФДтФДтФДтФДтФДтФДтФДтФДтФДтФДтФДтФДтФДтФДтФДтФДтФДтФДтФДтФДтФДтФДтФДтФДтФДтФДтФДтФДтФДтФДтФДтФДтФДтФДтФДтФДтФДтФДтФДтФДтФДтФДтФДтФДтФДтФДтФДтФДтФДтФДтФДтФДтФДтФДтФДтФДтФДтФД
тФВ ЁЯРЫ Qq12: targetScale=introversion, score=4
тФФтФАтФАтФАтФАтФАтФАтФАтФАтФАтФАтФАтФАтФАтФАтФАтФАтФАтФАтФАтФАтФАтФАтФАтФАтФАтФАтФАтФАтФАтФАтФАтФАтФАтФАтФАтФАтФАтФАтФАтФАтФАтФАтФАтФАтФАтФАтФАтФАтФАтФАтФАтФАтФАтФАтФАтФАтФАтФАтФАтФАтФАтФАтФАтФАтФАтФАтФАтФАтФАтФАтФАтФАтФАтФАтФАтФАтФАтФАтФАтФАтФАтФАтФАтФАтФАтФАтФАтФАтФАтФАтФАтФАтФАтФАтФАтФАтФАтФАтФАтФАтФАтФАтФАтФАтФАтФАтФАтФАтФАтФАтФАтФАтФАтФАтФАтФАтФАтФАтФА
тФМтФАтФАтФАтФАтФАтФАтФАтФАтФАтФАтФАтФАтФАтФАтФАтФАтФАтФАтФАтФАтФАтФАтФАтФАтФАтФАтФАтФАтФАтФАтФАтФАтФАтФАтФАтФАтФАтФАтФАтФАтФАтФАтФАтФАтФАтФАтФАтФАтФАтФАтФАтФАтФАтФАтФАтФАтФАтФАтФАтФАтФАтФАтФАтФАтФАтФАтФАтФАтФАтФАтФАтФАтФАтФАтФАтФАтФАтФАтФАтФАтФАтФАтФАтФАтФАтФАтФАтФАтФАтФАтФАтФАтФАтФАтФАтФАтФАтФАтФАтФАтФАтФАтФАтФАтФАтФАтФАтФАтФАтФАтФАтФАтФАтФАтФАтФАтФАтФАтФА
тФВ #0   TestService._completeBipolarTest (package:psycho_tests/services/test_service.dart:425:23)
тФВ #1   TestService.completeTest (package:psycho_tests/services/test_service.dart:55:16)
тФЬтФДтФДтФДтФДтФДтФДтФДтФДтФДтФДтФДтФДтФДтФДтФДтФДтФДтФДтФДтФДтФДтФДтФДтФДтФДтФДтФДтФДтФДтФДтФДтФДтФДтФДтФДтФДтФДтФДтФДтФДтФДтФДтФДтФДтФДтФДтФДтФДтФДтФДтФДтФДтФДтФДтФДтФДтФДтФДтФДтФДтФДтФДтФДтФДтФДтФДтФДтФДтФДтФДтФДтФДтФДтФДтФДтФДтФДтФДтФДтФДтФДтФДтФДтФДтФДтФДтФДтФДтФДтФДтФДтФДтФДтФДтФДтФДтФДтФДтФДтФДтФДтФДтФДтФДтФДтФДтФДтФДтФДтФДтФДтФДтФДтФДтФДтФДтФДтФДтФД
тФВ ЁЯРЫ Qq13: targetScale=extraversion, score=4
тФФтФАтФАтФАтФАтФАтФАтФАтФАтФАтФАтФАтФАтФАтФАтФАтФАтФАтФАтФАтФАтФАтФАтФАтФАтФАтФАтФАтФАтФАтФАтФАтФАтФАтФАтФАтФАтФАтФАтФАтФАтФАтФАтФАтФАтФАтФАтФАтФАтФАтФАтФАтФАтФАтФАтФАтФАтФАтФАтФАтФАтФАтФАтФАтФАтФАтФАтФАтФАтФАтФАтФАтФАтФАтФАтФАтФАтФАтФАтФАтФАтФАтФАтФАтФАтФАтФАтФАтФАтФАтФАтФАтФАтФАтФАтФАтФАтФАтФАтФАтФАтФАтФАтФАтФАтФАтФАтФАтФАтФАтФАтФАтФАтФАтФАтФАтФАтФАтФАтФА
тФМтФАтФАтФАтФАтФАтФАтФАтФАтФАтФАтФАтФАтФАтФАтФАтФАтФАтФАтФАтФАтФАтФАтФАтФАтФАтФАтФАтФАтФАтФАтФАтФАтФАтФАтФАтФАтФАтФАтФАтФАтФАтФАтФАтФАтФАтФАтФАтФАтФАтФАтФАтФАтФАтФАтФАтФАтФАтФАтФАтФАтФАтФАтФАтФАтФАтФАтФАтФАтФАтФАтФАтФАтФАтФАтФАтФАтФАтФАтФАтФАтФАтФАтФАтФАтФАтФАтФАтФАтФАтФАтФАтФАтФАтФАтФАтФАтФАтФАтФАтФАтФАтФАтФАтФАтФАтФАтФАтФАтФАтФАтФАтФАтФАтФАтФАтФАтФАтФАтФА
тФВ #0   TestService._completeBipolarTest (package:psycho_tests/services/test_service.dart:425:23)
тФВ #1   TestService.completeTest (package:psycho_tests/services/test_service.dart:55:16)
тФЬтФДтФДтФДтФДтФДтФДтФДтФДтФДтФДтФДтФДтФДтФДтФДтФДтФДтФДтФДтФДтФДтФДтФДтФДтФДтФДтФДтФДтФДтФДтФДтФДтФДтФДтФДтФДтФДтФДтФДтФДтФДтФДтФДтФДтФДтФДтФДтФДтФДтФДтФДтФДтФДтФДтФДтФДтФДтФДтФДтФДтФДтФДтФДтФДтФДтФДтФДтФДтФДтФДтФДтФДтФДтФДтФДтФДтФДтФДтФДтФДтФДтФДтФДтФДтФДтФДтФДтФДтФДтФДтФДтФДтФДтФДтФДтФДтФДтФДтФДтФДтФДтФДтФДтФДтФДтФДтФДтФДтФДтФДтФДтФДтФДтФДтФДтФДтФДтФДтФД
тФВ ЁЯРЫ Qq14: targetScale=introversion, score=4
тФФтФАтФАтФАтФАтФАтФАтФАтФАтФАтФАтФАтФАтФАтФАтФАтФАтФАтФАтФАтФАтФАтФАтФАтФАтФАтФАтФАтФАтФАтФАтФАтФАтФАтФАтФАтФАтФАтФАтФАтФАтФАтФАтФАтФАтФАтФАтФАтФАтФАтФАтФАтФАтФАтФАтФАтФАтФАтФАтФАтФАтФАтФАтФАтФАтФАтФАтФАтФАтФАтФАтФАтФАтФАтФАтФАтФАтФАтФАтФАтФАтФАтФАтФАтФАтФАтФАтФАтФАтФАтФАтФАтФАтФАтФАтФАтФАтФАтФАтФАтФАтФАтФАтФАтФАтФАтФАтФАтФАтФАтФАтФАтФАтФАтФАтФАтФАтФАтФАтФА
тФМтФАтФАтФАтФАтФАтФАтФАтФАтФАтФАтФАтФАтФАтФАтФАтФАтФАтФАтФАтФАтФАтФАтФАтФАтФАтФАтФАтФАтФАтФАтФАтФАтФАтФАтФАтФАтФАтФАтФАтФАтФАтФАтФАтФАтФАтФАтФАтФАтФАтФАтФАтФАтФАтФАтФАтФАтФАтФАтФАтФАтФАтФАтФАтФАтФАтФАтФАтФАтФАтФАтФАтФАтФАтФАтФАтФАтФАтФАтФАтФАтФАтФАтФАтФАтФАтФАтФАтФАтФАтФАтФАтФАтФАтФАтФАтФАтФАтФАтФАтФАтФАтФАтФАтФАтФАтФАтФАтФАтФАтФАтФАтФАтФАтФАтФАтФАтФАтФАтФА
тФВ #0   TestService._completeBipolarTest (package:psycho_tests/services/test_service.dart:425:23)
тФВ #1   TestService.completeTest (package:psycho_tests/services/test_service.dart:55:16)
тФЬтФДтФДтФДтФДтФДтФДтФДтФДтФДтФДтФДтФДтФДтФДтФДтФДтФДтФДтФДтФДтФДтФДтФДтФДтФДтФДтФДтФДтФДтФДтФДтФДтФДтФДтФДтФДтФДтФДтФДтФДтФДтФДтФДтФДтФДтФДтФДтФДтФДтФДтФДтФДтФДтФДтФДтФДтФДтФДтФДтФДтФДтФДтФДтФДтФДтФДтФДтФДтФДтФДтФДтФДтФДтФДтФДтФДтФДтФДтФДтФДтФДтФДтФДтФДтФДтФДтФДтФДтФДтФДтФДтФДтФДтФДтФДтФДтФДтФДтФДтФДтФДтФДтФДтФДтФДтФДтФДтФДтФДтФДтФДтФДтФДтФДтФДтФДтФДтФДтФД
тФВ ЁЯРЫ Qq15: targetScale=extraversion, score=4
тФФтФАтФАтФАтФАтФАтФАтФАтФАтФАтФАтФАтФАтФАтФАтФАтФАтФАтФАтФАтФАтФАтФАтФАтФАтФАтФАтФАтФАтФАтФАтФАтФАтФАтФАтФАтФАтФАтФАтФАтФАтФАтФАтФАтФАтФАтФАтФАтФАтФАтФАтФАтФАтФАтФАтФАтФАтФАтФАтФАтФАтФАтФАтФАтФАтФАтФАтФАтФАтФАтФАтФАтФАтФАтФАтФАтФАтФАтФАтФАтФАтФАтФАтФАтФАтФАтФАтФАтФАтФАтФАтФАтФАтФАтФАтФАтФАтФАтФАтФАтФАтФАтФАтФАтФАтФАтФАтФАтФАтФАтФАтФАтФАтФАтФАтФАтФАтФАтФАтФА
тФМтФАтФАтФАтФАтФАтФАтФАтФАтФАтФАтФАтФАтФАтФАтФАтФАтФАтФАтФАтФАтФАтФАтФАтФАтФАтФАтФАтФАтФАтФАтФАтФАтФАтФАтФАтФАтФАтФАтФАтФАтФАтФАтФАтФАтФАтФАтФАтФАтФАтФАтФАтФАтФАтФАтФАтФАтФАтФАтФАтФАтФАтФАтФАтФАтФАтФАтФАтФАтФАтФАтФАтФАтФАтФАтФАтФАтФАтФАтФАтФАтФАтФАтФАтФАтФАтФАтФАтФАтФАтФАтФАтФАтФАтФАтФАтФАтФАтФАтФАтФАтФАтФАтФАтФАтФАтФАтФАтФАтФАтФАтФАтФАтФАтФАтФАтФАтФАтФАтФА
тФВ #0   TestService._completeBipolarTest (package:psycho_tests/services/test_service.dart:425:23)
тФВ #1   TestService.completeTest (package:psycho_tests/services/test_service.dart:55:16)
тФЬтФДтФДтФДтФДтФДтФДтФДтФДтФДтФДтФДтФДтФДтФДтФДтФДтФДтФДтФДтФДтФДтФДтФДтФДтФДтФДтФДтФДтФДтФДтФДтФДтФДтФДтФДтФДтФДтФДтФДтФДтФДтФДтФДтФДтФДтФДтФДтФДтФДтФДтФДтФДтФДтФДтФДтФДтФДтФДтФДтФДтФДтФДтФДтФДтФДтФДтФДтФДтФДтФДтФДтФДтФДтФДтФДтФДтФДтФДтФДтФДтФДтФДтФДтФДтФДтФДтФДтФДтФДтФДтФДтФДтФДтФДтФДтФДтФДтФДтФДтФДтФДтФДтФДтФДтФДтФДтФДтФДтФДтФДтФДтФДтФДтФДтФДтФДтФДтФДтФД
тФВ ЁЯРЫ Qq16: targetScale=introversion, score=4
тФФтФАтФАтФАтФАтФАтФАтФАтФАтФАтФАтФАтФАтФАтФАтФАтФАтФАтФАтФАтФАтФАтФАтФАтФАтФАтФАтФАтФАтФАтФАтФАтФАтФАтФАтФАтФАтФАтФАтФАтФАтФАтФАтФАтФАтФАтФАтФАтФАтФАтФАтФАтФАтФАтФАтФАтФАтФАтФАтФАтФАтФАтФАтФАтФАтФАтФАтФАтФАтФАтФАтФАтФАтФАтФАтФАтФАтФАтФАтФАтФАтФАтФАтФАтФАтФАтФАтФАтФАтФАтФАтФАтФАтФАтФАтФАтФАтФАтФАтФАтФАтФАтФАтФАтФАтФАтФАтФАтФАтФАтФАтФАтФАтФАтФАтФАтФАтФАтФАтФА
тФМтФАтФАтФАтФАтФАтФАтФАтФАтФАтФАтФАтФАтФАтФАтФАтФАтФАтФАтФАтФАтФАтФАтФАтФАтФАтФАтФАтФАтФАтФАтФАтФАтФАтФАтФАтФАтФАтФАтФАтФАтФАтФАтФАтФАтФАтФАтФАтФАтФАтФАтФАтФАтФАтФАтФАтФАтФАтФАтФАтФАтФАтФАтФАтФАтФАтФАтФАтФАтФАтФАтФАтФАтФАтФАтФАтФАтФАтФАтФАтФАтФАтФАтФАтФАтФАтФАтФАтФАтФАтФАтФАтФАтФАтФАтФАтФАтФАтФАтФАтФАтФАтФАтФАтФАтФАтФАтФАтФАтФАтФАтФАтФАтФАтФАтФАтФАтФАтФАтФА
тФВ #0   TestService._completeBipolarTest (package:psycho_tests/services/test_service.dart:425:23)
тФВ #1   TestService.completeTest (package:psycho_tests/services/test_service.dart:55:16)
тФЬтФДтФДтФДтФДтФДтФДтФДтФДтФДтФДтФДтФДтФДтФДтФДтФДтФДтФДтФДтФДтФДтФДтФДтФДтФДтФДтФДтФДтФДтФДтФДтФДтФДтФДтФДтФДтФДтФДтФДтФДтФДтФДтФДтФДтФДтФДтФДтФДтФДтФДтФДтФДтФДтФДтФДтФДтФДтФДтФДтФДтФДтФДтФДтФДтФДтФДтФДтФДтФДтФДтФДтФДтФДтФДтФДтФДтФДтФДтФДтФДтФДтФДтФДтФДтФДтФДтФДтФДтФДтФДтФДтФДтФДтФДтФДтФДтФДтФДтФДтФДтФДтФДтФДтФДтФДтФДтФДтФДтФДтФДтФДтФДтФДтФДтФДтФДтФДтФДтФД
тФВ ЁЯРЫ Qq17: targetScale=extraversion, score=4
тФФтФАтФАтФАтФАтФАтФАтФАтФАтФАтФАтФАтФАтФАтФАтФАтФАтФАтФАтФАтФАтФАтФАтФАтФАтФАтФАтФАтФАтФАтФАтФАтФАтФАтФАтФАтФАтФАтФАтФАтФАтФАтФАтФАтФАтФАтФАтФАтФАтФАтФАтФАтФАтФАтФАтФАтФАтФАтФАтФАтФАтФАтФАтФАтФАтФАтФАтФАтФАтФАтФАтФАтФАтФАтФАтФАтФАтФАтФАтФАтФАтФАтФАтФАтФАтФАтФАтФАтФАтФАтФАтФАтФАтФАтФАтФАтФАтФАтФАтФАтФАтФАтФАтФАтФАтФАтФАтФАтФАтФАтФАтФАтФАтФАтФАтФАтФАтФАтФАтФА
тФМтФАтФАтФАтФАтФАтФАтФАтФАтФАтФАтФАтФАтФАтФАтФАтФАтФАтФАтФАтФАтФАтФАтФАтФАтФАтФАтФАтФАтФАтФАтФАтФАтФАтФАтФАтФАтФАтФАтФАтФАтФАтФАтФАтФАтФАтФАтФАтФАтФАтФАтФАтФАтФАтФАтФАтФАтФАтФАтФАтФАтФАтФАтФАтФАтФАтФАтФАтФАтФАтФАтФАтФАтФАтФАтФАтФАтФАтФАтФАтФАтФАтФАтФАтФАтФАтФАтФАтФАтФАтФАтФАтФАтФАтФАтФАтФАтФАтФАтФАтФАтФАтФАтФАтФАтФАтФАтФАтФАтФАтФАтФАтФАтФАтФАтФАтФАтФАтФАтФА
тФВ #0   TestService._completeBipolarTest (package:psycho_tests/services/test_service.dart:425:23)
тФВ #1   TestService.completeTest (package:psycho_tests/services/test_service.dart:55:16)
тФЬтФДтФДтФДтФДтФДтФДтФДтФДтФДтФДтФДтФДтФДтФДтФДтФДтФДтФДтФДтФДтФДтФДтФДтФДтФДтФДтФДтФДтФДтФДтФДтФДтФДтФДтФДтФДтФДтФДтФДтФДтФДтФДтФДтФДтФДтФДтФДтФДтФДтФДтФДтФДтФДтФДтФДтФДтФДтФДтФДтФДтФДтФДтФДтФДтФДтФДтФДтФДтФДтФДтФДтФДтФДтФДтФДтФДтФДтФДтФДтФДтФДтФДтФДтФДтФДтФДтФДтФДтФДтФДтФДтФДтФДтФДтФДтФДтФДтФДтФДтФДтФДтФДтФДтФДтФДтФДтФДтФДтФДтФДтФДтФДтФДтФДтФДтФДтФДтФДтФД
тФВ ЁЯРЫ Qq18: targetScale=introversion, score=4
тФФтФАтФАтФАтФАтФАтФАтФАтФАтФАтФАтФАтФАтФАтФАтФАтФАтФАтФАтФАтФАтФАтФАтФАтФАтФАтФАтФАтФАтФАтФАтФАтФАтФАтФАтФАтФАтФАтФАтФАтФАтФАтФАтФАтФАтФАтФАтФАтФАтФАтФАтФАтФАтФАтФАтФАтФАтФАтФАтФАтФАтФАтФАтФАтФАтФАтФАтФАтФАтФАтФАтФАтФАтФАтФАтФАтФАтФАтФАтФАтФАтФАтФАтФАтФАтФАтФАтФАтФАтФАтФАтФАтФАтФАтФАтФАтФАтФАтФАтФАтФАтФАтФАтФАтФАтФАтФАтФАтФАтФАтФАтФАтФАтФАтФАтФАтФАтФАтФАтФА
тФМтФАтФАтФАтФАтФАтФАтФАтФАтФАтФАтФАтФАтФАтФАтФАтФАтФАтФАтФАтФАтФАтФАтФАтФАтФАтФАтФАтФАтФАтФАтФАтФАтФАтФАтФАтФАтФАтФАтФАтФАтФАтФАтФАтФАтФАтФАтФАтФАтФАтФАтФАтФАтФАтФАтФАтФАтФАтФАтФАтФАтФАтФАтФАтФАтФАтФАтФАтФАтФАтФАтФАтФАтФАтФАтФАтФАтФАтФАтФАтФАтФАтФАтФАтФАтФАтФАтФАтФАтФАтФАтФАтФАтФАтФАтФАтФАтФАтФАтФАтФАтФАтФАтФАтФАтФАтФАтФАтФАтФАтФАтФАтФАтФАтФАтФАтФАтФАтФАтФА
тФВ #0   TestService._completeBipolarTest (package:psycho_tests/services/test_service.dart:425:23)
тФВ #1   TestService.completeTest (package:psycho_tests/services/test_service.dart:55:16)
тФЬтФДтФДтФДтФДтФДтФДтФДтФДтФДтФДтФДтФДтФДтФДтФДтФДтФДтФДтФДтФДтФДтФДтФДтФДтФДтФДтФДтФДтФДтФДтФДтФДтФДтФДтФДтФДтФДтФДтФДтФДтФДтФДтФДтФДтФДтФДтФДтФДтФДтФДтФДтФДтФДтФДтФДтФДтФДтФДтФДтФДтФДтФДтФДтФДтФДтФДтФДтФДтФДтФДтФДтФДтФДтФДтФДтФДтФДтФДтФДтФДтФДтФДтФДтФДтФДтФДтФДтФДтФДтФДтФДтФДтФДтФДтФДтФДтФДтФДтФДтФДтФДтФДтФДтФДтФДтФДтФДтФДтФДтФДтФДтФДтФДтФДтФДтФДтФДтФДтФД
тФВ ЁЯРЫ Qq19: targetScale=extraversion, score=4
тФФтФАтФАтФАтФАтФАтФАтФАтФАтФАтФАтФАтФАтФАтФАтФАтФАтФАтФАтФАтФАтФАтФАтФАтФАтФАтФАтФАтФАтФАтФАтФАтФАтФАтФАтФАтФАтФАтФАтФАтФАтФАтФАтФАтФАтФАтФАтФАтФАтФАтФАтФАтФАтФАтФАтФАтФАтФАтФАтФАтФАтФАтФАтФАтФАтФАтФАтФАтФАтФАтФАтФАтФАтФАтФАтФАтФАтФАтФАтФАтФАтФАтФАтФАтФАтФАтФАтФАтФАтФАтФАтФАтФАтФАтФАтФАтФАтФАтФАтФАтФАтФАтФАтФАтФАтФАтФАтФАтФАтФАтФАтФАтФАтФАтФАтФАтФАтФАтФАтФА
тФМтФАтФАтФАтФАтФАтФАтФАтФАтФАтФАтФАтФАтФАтФАтФАтФАтФАтФАтФАтФАтФАтФАтФАтФАтФАтФАтФАтФАтФАтФАтФАтФАтФАтФАтФАтФАтФАтФАтФАтФАтФАтФАтФАтФАтФАтФАтФАтФАтФАтФАтФАтФАтФАтФАтФАтФАтФАтФАтФАтФАтФАтФАтФАтФАтФАтФАтФАтФАтФАтФАтФАтФАтФАтФАтФАтФАтФАтФАтФАтФАтФАтФАтФАтФАтФАтФАтФАтФАтФАтФАтФАтФАтФАтФАтФАтФАтФАтФАтФАтФАтФАтФАтФАтФАтФАтФАтФАтФАтФАтФАтФАтФАтФАтФАтФАтФАтФАтФАтФА
тФВ #0   TestService._completeBipolarTest (package:psycho_tests/services/test_service.dart:425:23)
тФВ #1   TestService.completeTest (package:psycho_tests/services/test_service.dart:55:16)
тФЬтФДтФДтФДтФДтФДтФДтФДтФДтФДтФДтФДтФДтФДтФДтФДтФДтФДтФДтФДтФДтФДтФДтФДтФДтФДтФДтФДтФДтФДтФДтФДтФДтФДтФДтФДтФДтФДтФДтФДтФДтФДтФДтФДтФДтФДтФДтФДтФДтФДтФДтФДтФДтФДтФДтФДтФДтФДтФДтФДтФДтФДтФДтФДтФДтФДтФДтФДтФДтФДтФДтФДтФДтФДтФДтФДтФДтФДтФДтФДтФДтФДтФДтФДтФДтФДтФДтФДтФДтФДтФДтФДтФДтФДтФДтФДтФДтФДтФДтФДтФДтФДтФДтФДтФДтФДтФДтФДтФДтФДтФДтФДтФДтФДтФДтФДтФДтФДтФДтФД
тФВ ЁЯРЫ Qq20: targetScale=introversion, score=4
тФФтФАтФАтФАтФАтФАтФАтФАтФАтФАтФАтФАтФАтФАтФАтФАтФАтФАтФАтФАтФАтФАтФАтФАтФАтФАтФАтФАтФАтФАтФАтФАтФАтФАтФАтФАтФАтФАтФАтФАтФАтФАтФАтФАтФАтФАтФАтФАтФАтФАтФАтФАтФАтФАтФАтФАтФАтФАтФАтФАтФАтФАтФАтФАтФАтФАтФАтФАтФАтФАтФАтФАтФАтФАтФАтФАтФАтФАтФАтФАтФАтФАтФАтФАтФАтФАтФАтФАтФАтФАтФАтФАтФАтФАтФАтФАтФАтФАтФАтФАтФАтФАтФАтФАтФАтФАтФАтФАтФАтФАтФАтФАтФАтФАтФАтФАтФАтФАтФАтФА
тФМтФАтФАтФАтФАтФАтФАтФАтФАтФАтФАтФАтФАтФАтФАтФАтФАтФАтФАтФАтФАтФАтФАтФАтФАтФАтФАтФАтФАтФАтФАтФАтФАтФАтФАтФАтФАтФАтФАтФАтФАтФАтФАтФАтФАтФАтФАтФАтФАтФАтФАтФАтФАтФАтФАтФАтФАтФАтФАтФАтФАтФАтФАтФАтФАтФАтФАтФАтФАтФАтФАтФАтФАтФАтФАтФАтФАтФАтФАтФАтФАтФАтФАтФАтФАтФАтФАтФАтФАтФАтФАтФАтФАтФАтФАтФАтФАтФАтФАтФАтФАтФАтФАтФАтФАтФАтФАтФАтФАтФАтФАтФАтФАтФАтФАтФАтФАтФАтФАтФА
тФВ #0   TestService._completeBipolarTest (package:psycho_tests/services/test_service.dart:425:23)
тФВ #1   TestService.completeTest (package:psycho_tests/services/test_service.dart:55:16)
тФЬтФДтФДтФДтФДтФДтФДтФДтФДтФДтФДтФДтФДтФДтФДтФДтФДтФДтФДтФДтФДтФДтФДтФДтФДтФДтФДтФДтФДтФДтФДтФДтФДтФДтФДтФДтФДтФДтФДтФДтФДтФДтФДтФДтФДтФДтФДтФДтФДтФДтФДтФДтФДтФДтФДтФДтФДтФДтФДтФДтФДтФДтФДтФДтФДтФДтФДтФДтФДтФДтФДтФДтФДтФДтФДтФДтФДтФДтФДтФДтФДтФДтФДтФДтФДтФДтФДтФДтФДтФДтФДтФДтФДтФДтФДтФДтФДтФДтФДтФДтФДтФДтФДтФДтФДтФДтФДтФДтФДтФДтФДтФДтФДтФДтФДтФДтФДтФДтФДтФД
тФВ ЁЯРЫ Qq21: targetScale=sensing, score=4
тФФтФАтФАтФАтФАтФАтФАтФАтФАтФАтФАтФАтФАтФАтФАтФАтФАтФАтФАтФАтФАтФАтФАтФАтФАтФАтФАтФАтФАтФАтФАтФАтФАтФАтФАтФАтФАтФАтФАтФАтФАтФАтФАтФАтФАтФАтФАтФАтФАтФАтФАтФАтФАтФАтФАтФАтФАтФАтФАтФАтФАтФАтФАтФАтФАтФАтФАтФАтФАтФАтФАтФАтФАтФАтФАтФАтФАтФАтФАтФАтФАтФАтФАтФАтФАтФАтФАтФАтФАтФАтФАтФАтФАтФАтФАтФАтФАтФАтФАтФАтФАтФАтФАтФАтФАтФАтФАтФАтФАтФАтФАтФАтФАтФАтФАтФАтФАтФАтФАтФА
тФМтФАтФАтФАтФАтФАтФАтФАтФАтФАтФАтФАтФАтФАтФАтФАтФАтФАтФАтФАтФАтФАтФАтФАтФАтФАтФАтФАтФАтФАтФАтФАтФАтФАтФАтФАтФАтФАтФАтФАтФАтФАтФАтФАтФАтФАтФАтФАтФАтФАтФАтФАтФАтФАтФАтФАтФАтФАтФАтФАтФАтФАтФАтФАтФАтФАтФАтФАтФАтФАтФАтФАтФАтФАтФАтФАтФАтФАтФАтФАтФАтФАтФАтФАтФАтФАтФАтФАтФАтФАтФАтФАтФАтФАтФАтФАтФАтФАтФАтФАтФАтФАтФАтФАтФАтФАтФАтФАтФАтФАтФАтФАтФАтФАтФАтФАтФАтФАтФАтФА
тФВ #0   TestService._completeBipolarTest (package:psycho_tests/services/test_service.dart:425:23)
тФВ #1   TestService.completeTest (package:psycho_tests/services/test_service.dart:55:16)
тФЬтФДтФДтФДтФДтФДтФДтФДтФДтФДтФДтФДтФДтФДтФДтФДтФДтФДтФДтФДтФДтФДтФДтФДтФДтФДтФДтФДтФДтФДтФДтФДтФДтФДтФДтФДтФДтФДтФДтФДтФДтФДтФДтФДтФДтФДтФДтФДтФДтФДтФДтФДтФДтФДтФДтФДтФДтФДтФДтФДтФДтФДтФДтФДтФДтФДтФДтФДтФДтФДтФДтФДтФДтФДтФДтФДтФДтФДтФДтФДтФДтФДтФДтФДтФДтФДтФДтФДтФДтФДтФДтФДтФДтФДтФДтФДтФДтФДтФДтФДтФДтФДтФДтФДтФДтФДтФДтФДтФДтФДтФДтФДтФДтФДтФДтФДтФДтФДтФДтФД
тФВ ЁЯРЫ Qq22: targetScale=sensing, score=4
тФФтФАтФАтФАтФАтФАтФАтФАтФАтФАтФАтФАтФАтФАтФАтФАтФАтФАтФАтФАтФАтФАтФАтФАтФАтФАтФАтФАтФАтФАтФАтФАтФАтФАтФАтФАтФАтФАтФАтФАтФАтФАтФАтФАтФАтФАтФАтФАтФАтФАтФАтФАтФАтФАтФАтФАтФАтФАтФАтФАтФАтФАтФАтФАтФАтФАтФАтФАтФАтФАтФАтФАтФАтФАтФАтФАтФАтФАтФАтФАтФАтФАтФАтФАтФАтФАтФАтФАтФАтФАтФАтФАтФАтФАтФАтФАтФАтФАтФАтФАтФАтФАтФАтФАтФАтФАтФАтФАтФАтФАтФАтФАтФАтФАтФАтФАтФАтФАтФАтФА
тФМтФАтФАтФАтФАтФАтФАтФАтФАтФАтФАтФАтФАтФАтФАтФАтФАтФАтФАтФАтФАтФАтФАтФАтФАтФАтФАтФАтФАтФАтФАтФАтФАтФАтФАтФАтФАтФАтФАтФАтФАтФАтФАтФАтФАтФАтФАтФАтФАтФАтФАтФАтФАтФАтФАтФАтФАтФАтФАтФАтФАтФАтФАтФАтФАтФАтФАтФАтФАтФАтФАтФАтФАтФАтФАтФАтФАтФАтФАтФАтФАтФАтФАтФАтФАтФАтФАтФАтФАтФАтФАтФАтФАтФАтФАтФАтФАтФАтФАтФАтФАтФАтФАтФАтФАтФАтФАтФАтФАтФАтФАтФАтФАтФАтФАтФАтФАтФАтФАтФА
тФВ #0   TestService._completeBipolarTest (package:psycho_tests/services/test_service.dart:425:23)
тФВ #1   TestService.completeTest (package:psycho_tests/services/test_service.dart:55:16)
тФЬтФДтФДтФДтФДтФДтФДтФДтФДтФДтФДтФДтФДтФДтФДтФДтФДтФДтФДтФДтФДтФДтФДтФДтФДтФДтФДтФДтФДтФДтФДтФДтФДтФДтФДтФДтФДтФДтФДтФДтФДтФДтФДтФДтФДтФДтФДтФДтФДтФДтФДтФДтФДтФДтФДтФДтФДтФДтФДтФДтФДтФДтФДтФДтФДтФДтФДтФДтФДтФДтФДтФДтФДтФДтФДтФДтФДтФДтФДтФДтФДтФДтФДтФДтФДтФДтФДтФДтФДтФДтФДтФДтФДтФДтФДтФДтФДтФДтФДтФДтФДтФДтФДтФДтФДтФДтФДтФДтФДтФДтФДтФДтФДтФДтФДтФДтФДтФДтФДтФД
тФВ ЁЯРЫ Qq23: targetScale=sensing, score=4
тФФтФАтФАтФАтФАтФАтФАтФАтФАтФАтФАтФАтФАтФАтФАтФАтФАтФАтФАтФАтФАтФАтФАтФАтФАтФАтФАтФАтФАтФАтФАтФАтФАтФАтФАтФАтФАтФАтФАтФАтФАтФАтФАтФАтФАтФАтФАтФАтФАтФАтФАтФАтФАтФАтФАтФАтФАтФАтФАтФАтФАтФАтФАтФАтФАтФАтФАтФАтФАтФАтФАтФАтФАтФАтФАтФАтФАтФАтФАтФАтФАтФАтФАтФАтФАтФАтФАтФАтФАтФАтФАтФАтФАтФАтФАтФАтФАтФАтФАтФАтФАтФАтФАтФАтФАтФАтФАтФАтФАтФАтФАтФАтФАтФАтФАтФАтФАтФАтФАтФА
тФМтФАтФАтФАтФАтФАтФАтФАтФАтФАтФАтФАтФАтФАтФАтФАтФАтФАтФАтФАтФАтФАтФАтФАтФАтФАтФАтФАтФАтФАтФАтФАтФАтФАтФАтФАтФАтФАтФАтФАтФАтФАтФАтФАтФАтФАтФАтФАтФАтФАтФАтФАтФАтФАтФАтФАтФАтФАтФАтФАтФАтФАтФАтФАтФАтФАтФАтФАтФАтФАтФАтФАтФАтФАтФАтФАтФАтФАтФАтФАтФАтФАтФАтФАтФАтФАтФАтФАтФАтФАтФАтФАтФАтФАтФАтФАтФАтФАтФАтФАтФАтФАтФАтФАтФАтФАтФАтФАтФАтФАтФАтФАтФАтФАтФАтФАтФАтФАтФАтФА
тФВ #0   TestService._completeBipolarTest (package:psycho_tests/services/test_service.dart:425:23)
тФВ #1   TestService.completeTest (package:psycho_tests/services/test_service.dart:55:16)
тФЬтФДтФДтФДтФДтФДтФДтФДтФДтФДтФДтФДтФДтФДтФДтФДтФДтФДтФДтФДтФДтФДтФДтФДтФДтФДтФДтФДтФДтФДтФДтФДтФДтФДтФДтФДтФДтФДтФДтФДтФДтФДтФДтФДтФДтФДтФДтФДтФДтФДтФДтФДтФДтФДтФДтФДтФДтФДтФДтФДтФДтФДтФДтФДтФДтФДтФДтФДтФДтФДтФДтФДтФДтФДтФДтФДтФДтФДтФДтФДтФДтФДтФДтФДтФДтФДтФДтФДтФДтФДтФДтФДтФДтФДтФДтФДтФДтФДтФДтФДтФДтФДтФДтФДтФДтФДтФДтФДтФДтФДтФДтФДтФДтФДтФДтФДтФДтФДтФДтФД
тФВ ЁЯРЫ Qq24: targetScale=sensing, score=4
тФФтФАтФАтФАтФАтФАтФАтФАтФАтФАтФАтФАтФАтФАтФАтФАтФАтФАтФАтФАтФАтФАтФАтФАтФАтФАтФАтФАтФАтФАтФАтФАтФАтФАтФАтФАтФАтФАтФАтФАтФАтФАтФАтФАтФАтФАтФАтФАтФАтФАтФАтФАтФАтФАтФАтФАтФАтФАтФАтФАтФАтФАтФАтФАтФАтФАтФАтФАтФАтФАтФАтФАтФАтФАтФАтФАтФАтФАтФАтФАтФАтФАтФАтФАтФАтФАтФАтФАтФАтФАтФАтФАтФАтФАтФАтФАтФАтФАтФАтФАтФАтФАтФАтФАтФАтФАтФАтФАтФАтФАтФАтФАтФАтФАтФАтФАтФАтФАтФАтФА
тФМтФАтФАтФАтФАтФАтФАтФАтФАтФАтФАтФАтФАтФАтФАтФАтФАтФАтФАтФАтФАтФАтФАтФАтФАтФАтФАтФАтФАтФАтФАтФАтФАтФАтФАтФАтФАтФАтФАтФАтФАтФАтФАтФАтФАтФАтФАтФАтФАтФАтФАтФАтФАтФАтФАтФАтФАтФАтФАтФАтФАтФАтФАтФАтФАтФАтФАтФАтФАтФАтФАтФАтФАтФАтФАтФАтФАтФАтФАтФАтФАтФАтФАтФАтФАтФАтФАтФАтФАтФАтФАтФАтФАтФАтФАтФАтФАтФАтФАтФАтФАтФАтФАтФАтФАтФАтФАтФАтФАтФАтФАтФАтФАтФАтФАтФАтФАтФАтФАтФА
тФВ #0   TestService._completeBipolarTest (package:psycho_tests/services/test_service.dart:425:23)
тФВ #1   TestService.completeTest (package:psycho_tests/services/test_service.dart:55:16)
тФЬтФДтФДтФДтФДтФДтФДтФДтФДтФДтФДтФДтФДтФДтФДтФДтФДтФДтФДтФДтФДтФДтФДтФДтФДтФДтФДтФДтФДтФДтФДтФДтФДтФДтФДтФДтФДтФДтФДтФДтФДтФДтФДтФДтФДтФДтФДтФДтФДтФДтФДтФДтФДтФДтФДтФДтФДтФДтФДтФДтФДтФДтФДтФДтФДтФДтФДтФДтФДтФДтФДтФДтФДтФДтФДтФДтФДтФДтФДтФДтФДтФДтФДтФДтФДтФДтФДтФДтФДтФДтФДтФДтФДтФДтФДтФДтФДтФДтФДтФДтФДтФДтФДтФДтФДтФДтФДтФДтФДтФДтФДтФДтФДтФДтФДтФДтФДтФДтФДтФД
тФВ ЁЯРЫ Qq25: targetScale=sensing, score=4
тФФтФАтФАтФАтФАтФАтФАтФАтФАтФАтФАтФАтФАтФАтФАтФАтФАтФАтФАтФАтФАтФАтФАтФАтФАтФАтФАтФАтФАтФАтФАтФАтФАтФАтФАтФАтФАтФАтФАтФАтФАтФАтФАтФАтФАтФАтФАтФАтФАтФАтФАтФАтФАтФАтФАтФАтФАтФАтФАтФАтФАтФАтФАтФАтФАтФАтФАтФАтФАтФАтФАтФАтФАтФАтФАтФАтФАтФАтФАтФАтФАтФАтФАтФАтФАтФАтФАтФАтФАтФАтФАтФАтФАтФАтФАтФАтФАтФАтФАтФАтФАтФАтФАтФАтФАтФАтФАтФАтФАтФАтФАтФАтФАтФАтФАтФАтФАтФАтФАтФА
тФМтФАтФАтФАтФАтФАтФАтФАтФАтФАтФАтФАтФАтФАтФАтФАтФАтФАтФАтФАтФАтФАтФАтФАтФАтФАтФАтФАтФАтФАтФАтФАтФАтФАтФАтФАтФАтФАтФАтФАтФАтФАтФАтФАтФАтФАтФАтФАтФАтФАтФАтФАтФАтФАтФАтФАтФАтФАтФАтФАтФАтФАтФАтФАтФАтФАтФАтФАтФАтФАтФАтФАтФАтФАтФАтФАтФАтФАтФАтФАтФАтФАтФАтФАтФАтФАтФАтФАтФАтФАтФАтФАтФАтФАтФАтФАтФАтФАтФАтФАтФАтФАтФАтФАтФАтФАтФАтФАтФАтФАтФАтФАтФАтФАтФАтФАтФАтФАтФАтФА
тФВ #0   TestService._completeBipolarTest (package:psycho_tests/services/test_service.dart:425:23)
тФВ #1   TestService.completeTest (package:psycho_tests/services/test_service.dart:55:16)
тФЬтФДтФДтФДтФДтФДтФДтФДтФДтФДтФДтФДтФДтФДтФДтФДтФДтФДтФДтФДтФДтФДтФДтФДтФДтФДтФДтФДтФДтФДтФДтФДтФДтФДтФДтФДтФДтФДтФДтФДтФДтФДтФДтФДтФДтФДтФДтФДтФДтФДтФДтФДтФДтФДтФДтФДтФДтФДтФДтФДтФДтФДтФДтФДтФДтФДтФДтФДтФДтФДтФДтФДтФДтФДтФДтФДтФДтФДтФДтФДтФДтФДтФДтФДтФДтФДтФДтФДтФДтФДтФДтФДтФДтФДтФДтФДтФДтФДтФДтФДтФДтФДтФДтФДтФДтФДтФДтФДтФДтФДтФДтФДтФДтФДтФДтФДтФДтФДтФДтФД
тФВ ЁЯРЫ Qq26: targetScale=intuition, score=4
тФФтФАтФАтФАтФАтФАтФАтФАтФАтФАтФАтФАтФАтФАтФАтФАтФАтФАтФАтФАтФАтФАтФАтФАтФАтФАтФАтФАтФАтФАтФАтФАтФАтФАтФАтФАтФАтФАтФАтФАтФАтФАтФАтФАтФАтФАтФАтФАтФАтФАтФАтФАтФАтФАтФАтФАтФАтФАтФАтФАтФАтФАтФАтФАтФАтФАтФАтФАтФАтФАтФАтФАтФАтФАтФАтФАтФАтФАтФАтФАтФАтФАтФАтФАтФАтФАтФАтФАтФАтФАтФАтФАтФАтФАтФАтФАтФАтФАтФАтФАтФАтФАтФАтФАтФАтФАтФАтФАтФАтФАтФАтФАтФАтФАтФАтФАтФАтФАтФАтФА
тФМтФАтФАтФАтФАтФАтФАтФАтФАтФАтФАтФАтФАтФАтФАтФАтФАтФАтФАтФАтФАтФАтФАтФАтФАтФАтФАтФАтФАтФАтФАтФАтФАтФАтФАтФАтФАтФАтФАтФАтФАтФАтФАтФАтФАтФАтФАтФАтФАтФАтФАтФАтФАтФАтФАтФАтФАтФАтФАтФАтФАтФАтФАтФАтФАтФАтФАтФАтФАтФАтФАтФАтФАтФАтФАтФАтФАтФАтФАтФАтФАтФАтФАтФАтФАтФАтФАтФАтФАтФАтФАтФАтФАтФАтФАтФАтФАтФАтФАтФАтФАтФАтФАтФАтФАтФАтФАтФАтФАтФАтФАтФАтФАтФАтФАтФАтФАтФАтФАтФА
тФВ #0   TestService._completeBipolarTest (package:psycho_tests/services/test_service.dart:425:23)
тФВ #1   TestService.completeTest (package:psycho_tests/services/test_service.dart:55:16)
тФЬтФДтФДтФДтФДтФДтФДтФДтФДтФДтФДтФДтФДтФДтФДтФДтФДтФДтФДтФДтФДтФДтФДтФДтФДтФДтФДтФДтФДтФДтФДтФДтФДтФДтФДтФДтФДтФДтФДтФДтФДтФДтФДтФДтФДтФДтФДтФДтФДтФДтФДтФДтФДтФДтФДтФДтФДтФДтФДтФДтФДтФДтФДтФДтФДтФДтФДтФДтФДтФДтФДтФДтФДтФДтФДтФДтФДтФДтФДтФДтФДтФДтФДтФДтФДтФДтФДтФДтФДтФДтФДтФДтФДтФДтФДтФДтФДтФДтФДтФДтФДтФДтФДтФДтФДтФДтФДтФДтФДтФДтФДтФДтФДтФДтФДтФДтФДтФДтФДтФД
тФВ ЁЯРЫ Qq27: targetScale=intuition, score=4
тФФтФАтФАтФАтФАтФАтФАтФАтФАтФАтФАтФАтФАтФАтФАтФАтФАтФАтФАтФАтФАтФАтФАтФАтФАтФАтФАтФАтФАтФАтФАтФАтФАтФАтФАтФАтФАтФАтФАтФАтФАтФАтФАтФАтФАтФАтФАтФАтФАтФАтФАтФАтФАтФАтФАтФАтФАтФАтФАтФАтФАтФАтФАтФАтФАтФАтФАтФАтФАтФАтФАтФАтФАтФАтФАтФАтФАтФАтФАтФАтФАтФАтФАтФАтФАтФАтФАтФАтФАтФАтФАтФАтФАтФАтФАтФАтФАтФАтФАтФАтФАтФАтФАтФАтФАтФАтФАтФАтФАтФАтФАтФАтФАтФАтФАтФАтФАтФАтФАтФА
тФМтФАтФАтФАтФАтФАтФАтФАтФАтФАтФАтФАтФАтФАтФАтФАтФАтФАтФАтФАтФАтФАтФАтФАтФАтФАтФАтФАтФАтФАтФАтФАтФАтФАтФАтФАтФАтФАтФАтФАтФАтФАтФАтФАтФАтФАтФАтФАтФАтФАтФАтФАтФАтФАтФАтФАтФАтФАтФАтФАтФАтФАтФАтФАтФАтФАтФАтФАтФАтФАтФАтФАтФАтФАтФАтФАтФАтФАтФАтФАтФАтФАтФАтФАтФАтФАтФАтФАтФАтФАтФАтФАтФАтФАтФАтФАтФАтФАтФАтФАтФАтФАтФАтФАтФАтФАтФАтФАтФАтФАтФАтФАтФАтФАтФАтФАтФАтФАтФАтФА
тФВ #0   TestService._completeBipolarTest (package:psycho_tests/services/test_service.dart:425:23)
тФВ #1   TestService.completeTest (package:psycho_tests/services/test_service.dart:55:16)
тФЬтФДтФДтФДтФДтФДтФДтФДтФДтФДтФДтФДтФДтФДтФДтФДтФДтФДтФДтФДтФДтФДтФДтФДтФДтФДтФДтФДтФДтФДтФДтФДтФДтФДтФДтФДтФДтФДтФДтФДтФДтФДтФДтФДтФДтФДтФДтФДтФДтФДтФДтФДтФДтФДтФДтФДтФДтФДтФДтФДтФДтФДтФДтФДтФДтФДтФДтФДтФДтФДтФДтФДтФДтФДтФДтФДтФДтФДтФДтФДтФДтФДтФДтФДтФДтФДтФДтФДтФДтФДтФДтФДтФДтФДтФДтФДтФДтФДтФДтФДтФДтФДтФДтФДтФДтФДтФДтФДтФДтФДтФДтФДтФДтФДтФДтФДтФДтФДтФДтФД
тФВ ЁЯРЫ Qq28: targetScale=intuition, score=4
тФФтФАтФАтФАтФАтФАтФАтФАтФАтФАтФАтФАтФАтФАтФАтФАтФАтФАтФАтФАтФАтФАтФАтФАтФАтФАтФАтФАтФАтФАтФАтФАтФАтФАтФАтФАтФАтФАтФАтФАтФАтФАтФАтФАтФАтФАтФАтФАтФАтФАтФАтФАтФАтФАтФАтФАтФАтФАтФАтФАтФАтФАтФАтФАтФАтФАтФАтФАтФАтФАтФАтФАтФАтФАтФАтФАтФАтФАтФАтФАтФАтФАтФАтФАтФАтФАтФАтФАтФАтФАтФАтФАтФАтФАтФАтФАтФАтФАтФАтФАтФАтФАтФАтФАтФАтФАтФАтФАтФАтФАтФАтФАтФАтФАтФАтФАтФАтФАтФАтФА
тФМтФАтФАтФАтФАтФАтФАтФАтФАтФАтФАтФАтФАтФАтФАтФАтФАтФАтФАтФАтФАтФАтФАтФАтФАтФАтФАтФАтФАтФАтФАтФАтФАтФАтФАтФАтФАтФАтФАтФАтФАтФАтФАтФАтФАтФАтФАтФАтФАтФАтФАтФАтФАтФАтФАтФАтФАтФАтФАтФАтФАтФАтФАтФАтФАтФАтФАтФАтФАтФАтФАтФАтФАтФАтФАтФАтФАтФАтФАтФАтФАтФАтФАтФАтФАтФАтФАтФАтФАтФАтФАтФАтФАтФАтФАтФАтФАтФАтФАтФАтФАтФАтФАтФАтФАтФАтФАтФАтФАтФАтФАтФАтФАтФАтФАтФАтФАтФАтФАтФА
тФВ #0   TestService._completeBipolarTest (package:psycho_tests/services/test_service.dart:425:23)
тФВ #1   TestService.completeTest (package:psycho_tests/services/test_service.dart:55:16)
тФЬтФДтФДтФДтФДтФДтФДтФДтФДтФДтФДтФДтФДтФДтФДтФДтФДтФДтФДтФДтФДтФДтФДтФДтФДтФДтФДтФДтФДтФДтФДтФДтФДтФДтФДтФДтФДтФДтФДтФДтФДтФДтФДтФДтФДтФДтФДтФДтФДтФДтФДтФДтФДтФДтФДтФДтФДтФДтФДтФДтФДтФДтФДтФДтФДтФДтФДтФДтФДтФДтФДтФДтФДтФДтФДтФДтФДтФДтФДтФДтФДтФДтФДтФДтФДтФДтФДтФДтФДтФДтФДтФДтФДтФДтФДтФДтФДтФДтФДтФДтФДтФДтФДтФДтФДтФДтФДтФДтФДтФДтФДтФДтФДтФДтФДтФДтФДтФДтФДтФД
тФВ ЁЯРЫ Qq29: targetScale=intuition, score=4
тФФтФАтФАтФАтФАтФАтФАтФАтФАтФАтФАтФАтФАтФАтФАтФАтФАтФАтФАтФАтФАтФАтФАтФАтФАтФАтФАтФАтФАтФАтФАтФАтФАтФАтФАтФАтФАтФАтФАтФАтФАтФАтФАтФАтФАтФАтФАтФАтФАтФАтФАтФАтФАтФАтФАтФАтФАтФАтФАтФАтФАтФАтФАтФАтФАтФАтФАтФАтФАтФАтФАтФАтФАтФАтФАтФАтФАтФАтФАтФАтФАтФАтФАтФАтФАтФАтФАтФАтФАтФАтФАтФАтФАтФАтФАтФАтФАтФАтФАтФАтФАтФАтФАтФАтФАтФАтФАтФАтФАтФАтФАтФАтФАтФАтФАтФАтФАтФАтФАтФА
тФМтФАтФАтФАтФАтФАтФАтФАтФАтФАтФАтФАтФАтФАтФАтФАтФАтФАтФАтФАтФАтФАтФАтФАтФАтФАтФАтФАтФАтФАтФАтФАтФАтФАтФАтФАтФАтФАтФАтФАтФАтФАтФАтФАтФАтФАтФАтФАтФАтФАтФАтФАтФАтФАтФАтФАтФАтФАтФАтФАтФАтФАтФАтФАтФАтФАтФАтФАтФАтФАтФАтФАтФАтФАтФАтФАтФАтФАтФАтФАтФАтФАтФАтФАтФАтФАтФАтФАтФАтФАтФАтФАтФАтФАтФАтФАтФАтФАтФАтФАтФАтФАтФАтФАтФАтФАтФАтФАтФАтФАтФАтФАтФАтФАтФАтФАтФАтФАтФАтФА
тФВ #0   TestService._completeBipolarTest (package:psycho_tests/services/test_service.dart:425:23)
тФВ #1   TestService.completeTest (package:psycho_tests/services/test_service.dart:55:16)
тФЬтФДтФДтФДтФДтФДтФДтФДтФДтФДтФДтФДтФДтФДтФДтФДтФДтФДтФДтФДтФДтФДтФДтФДтФДтФДтФДтФДтФДтФДтФДтФДтФДтФДтФДтФДтФДтФДтФДтФДтФДтФДтФДтФДтФДтФДтФДтФДтФДтФДтФДтФДтФДтФДтФДтФДтФДтФДтФДтФДтФДтФДтФДтФДтФДтФДтФДтФДтФДтФДтФДтФДтФДтФДтФДтФДтФДтФДтФДтФДтФДтФДтФДтФДтФДтФДтФДтФДтФДтФДтФДтФДтФДтФДтФДтФДтФДтФДтФДтФДтФДтФДтФДтФДтФДтФДтФДтФДтФДтФДтФДтФДтФДтФДтФДтФДтФДтФДтФДтФД
тФВ ЁЯРЫ Qq30: targetScale=sensing, score=4
тФФтФАтФАтФАтФАтФАтФАтФАтФАтФАтФАтФАтФАтФАтФАтФАтФАтФАтФАтФАтФАтФАтФАтФАтФАтФАтФАтФАтФАтФАтФАтФАтФАтФАтФАтФАтФАтФАтФАтФАтФАтФАтФАтФАтФАтФАтФАтФАтФАтФАтФАтФАтФАтФАтФАтФАтФАтФАтФАтФАтФАтФАтФАтФАтФАтФАтФАтФАтФАтФАтФАтФАтФАтФАтФАтФАтФАтФАтФАтФАтФАтФАтФАтФАтФАтФАтФАтФАтФАтФАтФАтФАтФАтФАтФАтФАтФАтФАтФАтФАтФАтФАтФАтФАтФАтФАтФАтФАтФАтФАтФАтФАтФАтФАтФАтФАтФАтФАтФАтФА
тФМтФАтФАтФАтФАтФАтФАтФАтФАтФАтФАтФАтФАтФАтФАтФАтФАтФАтФАтФАтФАтФАтФАтФАтФАтФАтФАтФАтФАтФАтФАтФАтФАтФАтФАтФАтФАтФАтФАтФАтФАтФАтФАтФАтФАтФАтФАтФАтФАтФАтФАтФАтФАтФАтФАтФАтФАтФАтФАтФАтФАтФАтФАтФАтФАтФАтФАтФАтФАтФАтФАтФАтФАтФАтФАтФАтФАтФАтФАтФАтФАтФАтФАтФАтФАтФАтФАтФАтФАтФАтФАтФАтФАтФАтФАтФАтФАтФАтФАтФАтФАтФАтФАтФАтФАтФАтФАтФАтФАтФАтФАтФАтФАтФАтФАтФАтФАтФАтФАтФА
тФВ #0   TestService._completeBipolarTest (package:psycho_tests/services/test_service.dart:425:23)
тФВ #1   TestService.completeTest (package:psycho_tests/services/test_service.dart:55:16)
тФЬтФДтФДтФДтФДтФДтФДтФДтФДтФДтФДтФДтФДтФДтФДтФДтФДтФДтФДтФДтФДтФДтФДтФДтФДтФДтФДтФДтФДтФДтФДтФДтФДтФДтФДтФДтФДтФДтФДтФДтФДтФДтФДтФДтФДтФДтФДтФДтФДтФДтФДтФДтФДтФДтФДтФДтФДтФДтФДтФДтФДтФДтФДтФДтФДтФДтФДтФДтФДтФДтФДтФДтФДтФДтФДтФДтФДтФДтФДтФДтФДтФДтФДтФДтФДтФДтФДтФДтФДтФДтФДтФДтФДтФДтФДтФДтФДтФДтФДтФДтФДтФДтФДтФДтФДтФДтФДтФДтФДтФДтФДтФДтФДтФДтФДтФДтФДтФДтФДтФД
тФВ ЁЯРЫ Qq31: targetScale=sensing, score=4
тФФтФАтФАтФАтФАтФАтФАтФАтФАтФАтФАтФАтФАтФАтФАтФАтФАтФАтФАтФАтФАтФАтФАтФАтФАтФАтФАтФАтФАтФАтФАтФАтФАтФАтФАтФАтФАтФАтФАтФАтФАтФАтФАтФАтФАтФАтФАтФАтФАтФАтФАтФАтФАтФАтФАтФАтФАтФАтФАтФАтФАтФАтФАтФАтФАтФАтФАтФАтФАтФАтФАтФАтФАтФАтФАтФАтФАтФАтФАтФАтФАтФАтФАтФАтФАтФАтФАтФАтФАтФАтФАтФАтФАтФАтФАтФАтФАтФАтФАтФАтФАтФАтФАтФАтФАтФАтФАтФАтФАтФАтФАтФАтФАтФАтФАтФАтФАтФАтФАтФА
тФМтФАтФАтФАтФАтФАтФАтФАтФАтФАтФАтФАтФАтФАтФАтФАтФАтФАтФАтФАтФАтФАтФАтФАтФАтФАтФАтФАтФАтФАтФАтФАтФАтФАтФАтФАтФАтФАтФАтФАтФАтФАтФАтФАтФАтФАтФАтФАтФАтФАтФАтФАтФАтФАтФАтФАтФАтФАтФАтФАтФАтФАтФАтФАтФАтФАтФАтФАтФАтФАтФАтФАтФАтФАтФАтФАтФАтФАтФАтФАтФАтФАтФАтФАтФАтФАтФАтФАтФАтФАтФАтФАтФАтФАтФАтФАтФАтФАтФАтФАтФАтФАтФАтФАтФАтФАтФАтФАтФАтФАтФАтФАтФАтФАтФАтФАтФАтФАтФАтФА
тФВ #0   TestService._completeBipolarTest (package:psycho_tests/services/test_service.dart:425:23)
тФВ #1   TestService.completeTest (package:psycho_tests/services/test_service.dart:55:16)
тФЬтФДтФДтФДтФДтФДтФДтФДтФДтФДтФДтФДтФДтФДтФДтФДтФДтФДтФДтФДтФДтФДтФДтФДтФДтФДтФДтФДтФДтФДтФДтФДтФДтФДтФДтФДтФДтФДтФДтФДтФДтФДтФДтФДтФДтФДтФДтФДтФДтФДтФДтФДтФДтФДтФДтФДтФДтФДтФДтФДтФДтФДтФДтФДтФДтФДтФДтФДтФДтФДтФДтФДтФДтФДтФДтФДтФДтФДтФДтФДтФДтФДтФДтФДтФДтФДтФДтФДтФДтФДтФДтФДтФДтФДтФДтФДтФДтФДтФДтФДтФДтФДтФДтФДтФДтФДтФДтФДтФДтФДтФДтФДтФДтФДтФДтФДтФДтФДтФДтФД
тФВ ЁЯРЫ Qq32: targetScale=intuition, score=4
тФФтФАтФАтФАтФАтФАтФАтФАтФАтФАтФАтФАтФАтФАтФАтФАтФАтФАтФАтФАтФАтФАтФАтФАтФАтФАтФАтФАтФАтФАтФАтФАтФАтФАтФАтФАтФАтФАтФАтФАтФАтФАтФАтФАтФАтФАтФАтФАтФАтФАтФАтФАтФАтФАтФАтФАтФАтФАтФАтФАтФАтФАтФАтФАтФАтФАтФАтФАтФАтФАтФАтФАтФАтФАтФАтФАтФАтФАтФАтФАтФАтФАтФАтФАтФАтФАтФАтФАтФАтФАтФАтФАтФАтФАтФАтФАтФАтФАтФАтФАтФАтФАтФАтФАтФАтФАтФАтФАтФАтФАтФАтФАтФАтФАтФАтФАтФАтФАтФАтФА
тФМтФАтФАтФАтФАтФАтФАтФАтФАтФАтФАтФАтФАтФАтФАтФАтФАтФАтФАтФАтФАтФАтФАтФАтФАтФАтФАтФАтФАтФАтФАтФАтФАтФАтФАтФАтФАтФАтФАтФАтФАтФАтФАтФАтФАтФАтФАтФАтФАтФАтФАтФАтФАтФАтФАтФАтФАтФАтФАтФАтФАтФАтФАтФАтФАтФАтФАтФАтФАтФАтФАтФАтФАтФАтФАтФАтФАтФАтФАтФАтФАтФАтФАтФАтФАтФАтФАтФАтФАтФАтФАтФАтФАтФАтФАтФАтФАтФАтФАтФАтФАтФАтФАтФАтФАтФАтФАтФАтФАтФАтФАтФАтФАтФАтФАтФАтФАтФАтФАтФА
тФВ #0   TestService._completeBipolarTest (package:psycho_tests/services/test_service.dart:425:23)
тФВ #1   TestService.completeTest (package:psycho_tests/services/test_service.dart:55:16)
тФЬтФДтФДтФДтФДтФДтФДтФДтФДтФДтФДтФДтФДтФДтФДтФДтФДтФДтФДтФДтФДтФДтФДтФДтФДтФДтФДтФДтФДтФДтФДтФДтФДтФДтФДтФДтФДтФДтФДтФДтФДтФДтФДтФДтФДтФДтФДтФДтФДтФДтФДтФДтФДтФДтФДтФДтФДтФДтФДтФДтФДтФДтФДтФДтФДтФДтФДтФДтФДтФДтФДтФДтФДтФДтФДтФДтФДтФДтФДтФДтФДтФДтФДтФДтФДтФДтФДтФДтФДтФДтФДтФДтФДтФДтФДтФДтФДтФДтФДтФДтФДтФДтФДтФДтФДтФДтФДтФДтФДтФДтФДтФДтФДтФДтФДтФДтФДтФДтФДтФД
тФВ ЁЯРЫ Qq33: targetScale=intuition, score=4
тФФтФАтФАтФАтФАтФАтФАтФАтФАтФАтФАтФАтФАтФАтФАтФАтФАтФАтФАтФАтФАтФАтФАтФАтФАтФАтФАтФАтФАтФАтФАтФАтФАтФАтФАтФАтФАтФАтФАтФАтФАтФАтФАтФАтФАтФАтФАтФАтФАтФАтФАтФАтФАтФАтФАтФАтФАтФАтФАтФАтФАтФАтФАтФАтФАтФАтФАтФАтФАтФАтФАтФАтФАтФАтФАтФАтФАтФАтФАтФАтФАтФАтФАтФАтФАтФАтФАтФАтФАтФАтФАтФАтФАтФАтФАтФАтФАтФАтФАтФАтФАтФАтФАтФАтФАтФАтФАтФАтФАтФАтФАтФАтФАтФАтФАтФАтФАтФАтФАтФА
тФМтФАтФАтФАтФАтФАтФАтФАтФАтФАтФАтФАтФАтФАтФАтФАтФАтФАтФАтФАтФАтФАтФАтФАтФАтФАтФАтФАтФАтФАтФАтФАтФАтФАтФАтФАтФАтФАтФАтФАтФАтФАтФАтФАтФАтФАтФАтФАтФАтФАтФАтФАтФАтФАтФАтФАтФАтФАтФАтФАтФАтФАтФАтФАтФАтФАтФАтФАтФАтФАтФАтФАтФАтФАтФАтФАтФАтФАтФАтФАтФАтФАтФАтФАтФАтФАтФАтФАтФАтФАтФАтФАтФАтФАтФАтФАтФАтФАтФАтФАтФАтФАтФАтФАтФАтФАтФАтФАтФАтФАтФАтФАтФАтФАтФАтФАтФАтФАтФАтФА
тФВ #0   TestService._completeBipolarTest (package:psycho_tests/services/test_service.dart:425:23)
тФВ #1   TestService.completeTest (package:psycho_tests/services/test_service.dart:55:16)
тФЬтФДтФДтФДтФДтФДтФДтФДтФДтФДтФДтФДтФДтФДтФДтФДтФДтФДтФДтФДтФДтФДтФДтФДтФДтФДтФДтФДтФДтФДтФДтФДтФДтФДтФДтФДтФДтФДтФДтФДтФДтФДтФДтФДтФДтФДтФДтФДтФДтФДтФДтФДтФДтФДтФДтФДтФДтФДтФДтФДтФДтФДтФДтФДтФДтФДтФДтФДтФДтФДтФДтФДтФДтФДтФДтФДтФДтФДтФДтФДтФДтФДтФДтФДтФДтФДтФДтФДтФДтФДтФДтФДтФДтФДтФДтФДтФДтФДтФДтФДтФДтФДтФДтФДтФДтФДтФДтФДтФДтФДтФДтФДтФДтФДтФДтФДтФДтФДтФДтФД
тФВ ЁЯРЫ Qq34: targetScale=sensing, score=4
тФФтФАтФАтФАтФАтФАтФАтФАтФАтФАтФАтФАтФАтФАтФАтФАтФАтФАтФАтФАтФАтФАтФАтФАтФАтФАтФАтФАтФАтФАтФАтФАтФАтФАтФАтФАтФАтФАтФАтФАтФАтФАтФАтФАтФАтФАтФАтФАтФАтФАтФАтФАтФАтФАтФАтФАтФАтФАтФАтФАтФАтФАтФАтФАтФАтФАтФАтФАтФАтФАтФАтФАтФАтФАтФАтФАтФАтФАтФАтФАтФАтФАтФАтФАтФАтФАтФАтФАтФАтФАтФАтФАтФАтФАтФАтФАтФАтФАтФАтФАтФАтФАтФАтФАтФАтФАтФАтФАтФАтФАтФАтФАтФАтФАтФАтФАтФАтФАтФАтФА
тФМтФАтФАтФАтФАтФАтФАтФАтФАтФАтФАтФАтФАтФАтФАтФАтФАтФАтФАтФАтФАтФАтФАтФАтФАтФАтФАтФАтФАтФАтФАтФАтФАтФАтФАтФАтФАтФАтФАтФАтФАтФАтФАтФАтФАтФАтФАтФАтФАтФАтФАтФАтФАтФАтФАтФАтФАтФАтФАтФАтФАтФАтФАтФАтФАтФАтФАтФАтФАтФАтФАтФАтФАтФАтФАтФАтФАтФАтФАтФАтФАтФАтФАтФАтФАтФАтФАтФАтФАтФАтФАтФАтФАтФАтФАтФАтФАтФАтФАтФАтФАтФАтФАтФАтФАтФАтФАтФАтФАтФАтФАтФАтФАтФАтФАтФАтФАтФАтФАтФА
тФВ #0   TestService._completeBipolarTest (package:psycho_tests/services/test_service.dart:425:23)
тФВ #1   TestService.completeTest (package:psycho_tests/services/test_service.dart:55:16)
тФЬтФДтФДтФДтФДтФДтФДтФДтФДтФДтФДтФДтФДтФДтФДтФДтФДтФДтФДтФДтФДтФДтФДтФДтФДтФДтФДтФДтФДтФДтФДтФДтФДтФДтФДтФДтФДтФДтФДтФДтФДтФДтФДтФДтФДтФДтФДтФДтФДтФДтФДтФДтФДтФДтФДтФДтФДтФДтФДтФДтФДтФДтФДтФДтФДтФДтФДтФДтФДтФДтФДтФДтФДтФДтФДтФДтФДтФДтФДтФДтФДтФДтФДтФДтФДтФДтФДтФДтФДтФДтФДтФДтФДтФДтФДтФДтФДтФДтФДтФДтФДтФДтФДтФДтФДтФДтФДтФДтФДтФДтФДтФДтФДтФДтФДтФДтФДтФДтФДтФД
тФВ ЁЯРЫ Qq35: targetScale=sensing, score=4
тФФтФАтФАтФАтФАтФАтФАтФАтФАтФАтФАтФАтФАтФАтФАтФАтФАтФАтФАтФАтФАтФАтФАтФАтФАтФАтФАтФАтФАтФАтФАтФАтФАтФАтФАтФАтФАтФАтФАтФАтФАтФАтФАтФАтФАтФАтФАтФАтФАтФАтФАтФАтФАтФАтФАтФАтФАтФАтФАтФАтФАтФАтФАтФАтФАтФАтФАтФАтФАтФАтФАтФАтФАтФАтФАтФАтФАтФАтФАтФАтФАтФАтФАтФАтФАтФАтФАтФАтФАтФАтФАтФАтФАтФАтФАтФАтФАтФАтФАтФАтФАтФАтФАтФАтФАтФАтФАтФАтФАтФАтФАтФАтФАтФАтФАтФАтФАтФАтФАтФА
тФМтФАтФАтФАтФАтФАтФАтФАтФАтФАтФАтФАтФАтФАтФАтФАтФАтФАтФАтФАтФАтФАтФАтФАтФАтФАтФАтФАтФАтФАтФАтФАтФАтФАтФАтФАтФАтФАтФАтФАтФАтФАтФАтФАтФАтФАтФАтФАтФАтФАтФАтФАтФАтФАтФАтФАтФАтФАтФАтФАтФАтФАтФАтФАтФАтФАтФАтФАтФАтФАтФАтФАтФАтФАтФАтФАтФАтФАтФАтФАтФАтФАтФАтФАтФАтФАтФАтФАтФАтФАтФАтФАтФАтФАтФАтФАтФАтФАтФАтФАтФАтФАтФАтФАтФАтФАтФАтФАтФАтФАтФАтФАтФАтФАтФАтФАтФАтФАтФАтФА
тФВ #0   TestService._completeBipolarTest (package:psycho_tests/services/test_service.dart:425:23)
тФВ #1   TestService.completeTest (package:psycho_tests/services/test_service.dart:55:16)
тФЬтФДтФДтФДтФДтФДтФДтФДтФДтФДтФДтФДтФДтФДтФДтФДтФДтФДтФДтФДтФДтФДтФДтФДтФДтФДтФДтФДтФДтФДтФДтФДтФДтФДтФДтФДтФДтФДтФДтФДтФДтФДтФДтФДтФДтФДтФДтФДтФДтФДтФДтФДтФДтФДтФДтФДтФДтФДтФДтФДтФДтФДтФДтФДтФДтФДтФДтФДтФДтФДтФДтФДтФДтФДтФДтФДтФДтФДтФДтФДтФДтФДтФДтФДтФДтФДтФДтФДтФДтФДтФДтФДтФДтФДтФДтФДтФДтФДтФДтФДтФДтФДтФДтФДтФДтФДтФДтФДтФДтФДтФДтФДтФДтФДтФДтФДтФДтФДтФДтФД
тФВ ЁЯРЫ Qq36: targetScale=intuition, score=4
тФФтФАтФАтФАтФАтФАтФАтФАтФАтФАтФАтФАтФАтФАтФАтФАтФАтФАтФАтФАтФАтФАтФАтФАтФАтФАтФАтФАтФАтФАтФАтФАтФАтФАтФАтФАтФАтФАтФАтФАтФАтФАтФАтФАтФАтФАтФАтФАтФАтФАтФАтФАтФАтФАтФАтФАтФАтФАтФАтФАтФАтФАтФАтФАтФАтФАтФАтФАтФАтФАтФАтФАтФАтФАтФАтФАтФАтФАтФАтФАтФАтФАтФАтФАтФАтФАтФАтФАтФАтФАтФАтФАтФАтФАтФАтФАтФАтФАтФАтФАтФАтФАтФАтФАтФАтФАтФАтФАтФАтФАтФАтФАтФАтФАтФАтФАтФАтФАтФАтФА
тФМтФАтФАтФАтФАтФАтФАтФАтФАтФАтФАтФАтФАтФАтФАтФАтФАтФАтФАтФАтФАтФАтФАтФАтФАтФАтФАтФАтФАтФАтФАтФАтФАтФАтФАтФАтФАтФАтФАтФАтФАтФАтФАтФАтФАтФАтФАтФАтФАтФАтФАтФАтФАтФАтФАтФАтФАтФАтФАтФАтФАтФАтФАтФАтФАтФАтФАтФАтФАтФАтФАтФАтФАтФАтФАтФАтФАтФАтФАтФАтФАтФАтФАтФАтФАтФАтФАтФАтФАтФАтФАтФАтФАтФАтФАтФАтФАтФАтФАтФАтФАтФАтФАтФАтФАтФАтФАтФАтФАтФАтФАтФАтФАтФАтФАтФАтФАтФАтФАтФА
тФВ #0   TestService._completeBipolarTest (package:psycho_tests/services/test_service.dart:425:23)
тФВ #1   TestService.completeTest (package:psycho_tests/services/test_service.dart:55:16)
тФЬтФДтФДтФДтФДтФДтФДтФДтФДтФДтФДтФДтФДтФДтФДтФДтФДтФДтФДтФДтФДтФДтФДтФДтФДтФДтФДтФДтФДтФДтФДтФДтФДтФДтФДтФДтФДтФДтФДтФДтФДтФДтФДтФДтФДтФДтФДтФДтФДтФДтФДтФДтФДтФДтФДтФДтФДтФДтФДтФДтФДтФДтФДтФДтФДтФДтФДтФДтФДтФДтФДтФДтФДтФДтФДтФДтФДтФДтФДтФДтФДтФДтФДтФДтФДтФДтФДтФДтФДтФДтФДтФДтФДтФДтФДтФДтФДтФДтФДтФДтФДтФДтФДтФДтФДтФДтФДтФДтФДтФДтФДтФДтФДтФДтФДтФДтФДтФДтФДтФД
тФВ ЁЯРЫ Qq37: targetScale=intuition, score=4
тФФтФАтФАтФАтФАтФАтФАтФАтФАтФАтФАтФАтФАтФАтФАтФАтФАтФАтФАтФАтФАтФАтФАтФАтФАтФАтФАтФАтФАтФАтФАтФАтФАтФАтФАтФАтФАтФАтФАтФАтФАтФАтФАтФАтФАтФАтФАтФАтФАтФАтФАтФАтФАтФАтФАтФАтФАтФАтФАтФАтФАтФАтФАтФАтФАтФАтФАтФАтФАтФАтФАтФАтФАтФАтФАтФАтФАтФАтФАтФАтФАтФАтФАтФАтФАтФАтФАтФАтФАтФАтФАтФАтФАтФАтФАтФАтФАтФАтФАтФАтФАтФАтФАтФАтФАтФАтФАтФАтФАтФАтФАтФАтФАтФАтФАтФАтФАтФАтФАтФА
тФМтФАтФАтФАтФАтФАтФАтФАтФАтФАтФАтФАтФАтФАтФАтФАтФАтФАтФАтФАтФАтФАтФАтФАтФАтФАтФАтФАтФАтФАтФАтФАтФАтФАтФАтФАтФАтФАтФАтФАтФАтФАтФАтФАтФАтФАтФАтФАтФАтФАтФАтФАтФАтФАтФАтФАтФАтФАтФАтФАтФАтФАтФАтФАтФАтФАтФАтФАтФАтФАтФАтФАтФАтФАтФАтФАтФАтФАтФАтФАтФАтФАтФАтФАтФАтФАтФАтФАтФАтФАтФАтФАтФАтФАтФАтФАтФАтФАтФАтФАтФАтФАтФАтФАтФАтФАтФАтФАтФАтФАтФАтФАтФАтФАтФАтФАтФАтФАтФАтФА
тФВ #0   TestService._completeBipolarTest (package:psycho_tests/services/test_service.dart:425:23)
тФВ #1   TestService.completeTest (package:psycho_tests/services/test_service.dart:55:16)
тФЬтФДтФДтФДтФДтФДтФДтФДтФДтФДтФДтФДтФДтФДтФДтФДтФДтФДтФДтФДтФДтФДтФДтФДтФДтФДтФДтФДтФДтФДтФДтФДтФДтФДтФДтФДтФДтФДтФДтФДтФДтФДтФДтФДтФДтФДтФДтФДтФДтФДтФДтФДтФДтФДтФДтФДтФДтФДтФДтФДтФДтФДтФДтФДтФДтФДтФДтФДтФДтФДтФДтФДтФДтФДтФДтФДтФДтФДтФДтФДтФДтФДтФДтФДтФДтФДтФДтФДтФДтФДтФДтФДтФДтФДтФДтФДтФДтФДтФДтФДтФДтФДтФДтФДтФДтФДтФДтФДтФДтФДтФДтФДтФДтФДтФДтФДтФДтФДтФДтФД
тФВ ЁЯРЫ Qq38: targetScale=sensing, score=4
тФФтФАтФАтФАтФАтФАтФАтФАтФАтФАтФАтФАтФАтФАтФАтФАтФАтФАтФАтФАтФАтФАтФАтФАтФАтФАтФАтФАтФАтФАтФАтФАтФАтФАтФАтФАтФАтФАтФАтФАтФАтФАтФАтФАтФАтФАтФАтФАтФАтФАтФАтФАтФАтФАтФАтФАтФАтФАтФАтФАтФАтФАтФАтФАтФАтФАтФАтФАтФАтФАтФАтФАтФАтФАтФАтФАтФАтФАтФАтФАтФАтФАтФАтФАтФАтФАтФАтФАтФАтФАтФАтФАтФАтФАтФАтФАтФАтФАтФАтФАтФАтФАтФАтФАтФАтФАтФАтФАтФАтФАтФАтФАтФАтФАтФАтФАтФАтФАтФАтФА
тФМтФАтФАтФАтФАтФАтФАтФАтФАтФАтФАтФАтФАтФАтФАтФАтФАтФАтФАтФАтФАтФАтФАтФАтФАтФАтФАтФАтФАтФАтФАтФАтФАтФАтФАтФАтФАтФАтФАтФАтФАтФАтФАтФАтФАтФАтФАтФАтФАтФАтФАтФАтФАтФАтФАтФАтФАтФАтФАтФАтФАтФАтФАтФАтФАтФАтФАтФАтФАтФАтФАтФАтФАтФАтФАтФАтФАтФАтФАтФАтФАтФАтФАтФАтФАтФАтФАтФАтФАтФАтФАтФАтФАтФАтФАтФАтФАтФАтФАтФАтФАтФАтФАтФАтФАтФАтФАтФАтФАтФАтФАтФАтФАтФАтФАтФАтФАтФАтФАтФА
тФВ #0   TestService._completeBipolarTest (package:psycho_tests/services/test_service.dart:425:23)
тФВ #1   TestService.completeTest (package:psycho_tests/services/test_service.dart:55:16)
тФЬтФДтФДтФДтФДтФДтФДтФДтФДтФДтФДтФДтФДтФДтФДтФДтФДтФДтФДтФДтФДтФДтФДтФДтФДтФДтФДтФДтФДтФДтФДтФДтФДтФДтФДтФДтФДтФДтФДтФДтФДтФДтФДтФДтФДтФДтФДтФДтФДтФДтФДтФДтФДтФДтФДтФДтФДтФДтФДтФДтФДтФДтФДтФДтФДтФДтФДтФДтФДтФДтФДтФДтФДтФДтФДтФДтФДтФДтФДтФДтФДтФДтФДтФДтФДтФДтФДтФДтФДтФДтФДтФДтФДтФДтФДтФДтФДтФДтФДтФДтФДтФДтФДтФДтФДтФДтФДтФДтФДтФДтФДтФДтФДтФДтФДтФДтФДтФДтФДтФД
тФВ ЁЯРЫ Qq39: targetScale=intuition, score=4
тФФтФАтФАтФАтФАтФАтФАтФАтФАтФАтФАтФАтФАтФАтФАтФАтФАтФАтФАтФАтФАтФАтФАтФАтФАтФАтФАтФАтФАтФАтФАтФАтФАтФАтФАтФАтФАтФАтФАтФАтФАтФАтФАтФАтФАтФАтФАтФАтФАтФАтФАтФАтФАтФАтФАтФАтФАтФАтФАтФАтФАтФАтФАтФАтФАтФАтФАтФАтФАтФАтФАтФАтФАтФАтФАтФАтФАтФАтФАтФАтФАтФАтФАтФАтФАтФАтФАтФАтФАтФАтФАтФАтФАтФАтФАтФАтФАтФАтФАтФАтФАтФАтФАтФАтФАтФАтФАтФАтФАтФАтФАтФАтФАтФАтФАтФАтФАтФАтФАтФА
тФМтФАтФАтФАтФАтФАтФАтФАтФАтФАтФАтФАтФАтФАтФАтФАтФАтФАтФАтФАтФАтФАтФАтФАтФАтФАтФАтФАтФАтФАтФАтФАтФАтФАтФАтФАтФАтФАтФАтФАтФАтФАтФАтФАтФАтФАтФАтФАтФАтФАтФАтФАтФАтФАтФАтФАтФАтФАтФАтФАтФАтФАтФАтФАтФАтФАтФАтФАтФАтФАтФАтФАтФАтФАтФАтФАтФАтФАтФАтФАтФАтФАтФАтФАтФАтФАтФАтФАтФАтФАтФАтФАтФАтФАтФАтФАтФАтФАтФАтФАтФАтФАтФАтФАтФАтФАтФАтФАтФАтФАтФАтФАтФАтФАтФАтФАтФАтФАтФАтФА
тФВ #0   TestService._completeBipolarTest (package:psycho_tests/services/test_service.dart:425:23)
тФВ #1   TestService.completeTest (package:psycho_tests/services/test_service.dart:55:16)
тФЬтФДтФДтФДтФДтФДтФДтФДтФДтФДтФДтФДтФДтФДтФДтФДтФДтФДтФДтФДтФДтФДтФДтФДтФДтФДтФДтФДтФДтФДтФДтФДтФДтФДтФДтФДтФДтФДтФДтФДтФДтФДтФДтФДтФДтФДтФДтФДтФДтФДтФДтФДтФДтФДтФДтФДтФДтФДтФДтФДтФДтФДтФДтФДтФДтФДтФДтФДтФДтФДтФДтФДтФДтФДтФДтФДтФДтФДтФДтФДтФДтФДтФДтФДтФДтФДтФДтФДтФДтФДтФДтФДтФДтФДтФДтФДтФДтФДтФДтФДтФДтФДтФДтФДтФДтФДтФДтФДтФДтФДтФДтФДтФДтФДтФДтФДтФДтФДтФДтФД
тФВ ЁЯРЫ Qq40: targetScale=sensing, score=4
тФФтФАтФАтФАтФАтФАтФАтФАтФАтФАтФАтФАтФАтФАтФАтФАтФАтФАтФАтФАтФАтФАтФАтФАтФАтФАтФАтФАтФАтФАтФАтФАтФАтФАтФАтФАтФАтФАтФАтФАтФАтФАтФАтФАтФАтФАтФАтФАтФАтФАтФАтФАтФАтФАтФАтФАтФАтФАтФАтФАтФАтФАтФАтФАтФАтФАтФАтФАтФАтФАтФАтФАтФАтФАтФАтФАтФАтФАтФАтФАтФАтФАтФАтФАтФАтФАтФАтФАтФАтФАтФАтФАтФАтФАтФАтФАтФАтФАтФАтФАтФАтФАтФАтФАтФАтФАтФАтФАтФАтФАтФАтФАтФАтФАтФАтФАтФАтФАтФАтФА
тФМтФАтФАтФАтФАтФАтФАтФАтФАтФАтФАтФАтФАтФАтФАтФАтФАтФАтФАтФАтФАтФАтФАтФАтФАтФАтФАтФАтФАтФАтФАтФАтФАтФАтФАтФАтФАтФАтФАтФАтФАтФАтФАтФАтФАтФАтФАтФАтФАтФАтФАтФАтФАтФАтФАтФАтФАтФАтФАтФАтФАтФАтФАтФАтФАтФАтФАтФАтФАтФАтФАтФАтФАтФАтФАтФАтФАтФАтФАтФАтФАтФАтФАтФАтФАтФАтФАтФАтФАтФАтФАтФАтФАтФАтФАтФАтФАтФАтФАтФАтФАтФАтФАтФАтФАтФАтФАтФАтФАтФАтФАтФАтФАтФАтФАтФАтФАтФАтФАтФА
тФВ #0   TestService._completeBipolarTest (package:psycho_tests/services/test_service.dart:425:23)
тФВ #1   TestService.completeTest (package:psycho_tests/services/test_service.dart:55:16)
тФЬтФДтФДтФДтФДтФДтФДтФДтФДтФДтФДтФДтФДтФДтФДтФДтФДтФДтФДтФДтФДтФДтФДтФДтФДтФДтФДтФДтФДтФДтФДтФДтФДтФДтФДтФДтФДтФДтФДтФДтФДтФДтФДтФДтФДтФДтФДтФДтФДтФДтФДтФДтФДтФДтФДтФДтФДтФДтФДтФДтФДтФДтФДтФДтФДтФДтФДтФДтФДтФДтФДтФДтФДтФДтФДтФДтФДтФДтФДтФДтФДтФДтФДтФДтФДтФДтФДтФДтФДтФДтФДтФДтФДтФДтФДтФДтФДтФДтФДтФДтФДтФДтФДтФДтФДтФДтФДтФДтФДтФДтФДтФДтФДтФДтФДтФДтФДтФДтФДтФД
тФВ ЁЯРЫ Qq41: targetScale=thinking, score=4
тФФтФАтФАтФАтФАтФАтФАтФАтФАтФАтФАтФАтФАтФАтФАтФАтФАтФАтФАтФАтФАтФАтФАтФАтФАтФАтФАтФАтФАтФАтФАтФАтФАтФАтФАтФАтФАтФАтФАтФАтФАтФАтФАтФАтФАтФАтФАтФАтФАтФАтФАтФАтФАтФАтФАтФАтФАтФАтФАтФАтФАтФАтФАтФАтФАтФАтФАтФАтФАтФАтФАтФАтФАтФАтФАтФАтФАтФАтФАтФАтФАтФАтФАтФАтФАтФАтФАтФАтФАтФАтФАтФАтФАтФАтФАтФАтФАтФАтФАтФАтФАтФАтФАтФАтФАтФАтФАтФАтФАтФАтФАтФАтФАтФАтФАтФАтФАтФАтФАтФА
тФМтФАтФАтФАтФАтФАтФАтФАтФАтФАтФАтФАтФАтФАтФАтФАтФАтФАтФАтФАтФАтФАтФАтФАтФАтФАтФАтФАтФАтФАтФАтФАтФАтФАтФАтФАтФАтФАтФАтФАтФАтФАтФАтФАтФАтФАтФАтФАтФАтФАтФАтФАтФАтФАтФАтФАтФАтФАтФАтФАтФАтФАтФАтФАтФАтФАтФАтФАтФАтФАтФАтФАтФАтФАтФАтФАтФАтФАтФАтФАтФАтФАтФАтФАтФАтФАтФАтФАтФАтФАтФАтФАтФАтФАтФАтФАтФАтФАтФАтФАтФАтФАтФАтФАтФАтФАтФАтФАтФАтФАтФАтФАтФАтФАтФАтФАтФАтФАтФАтФА
тФВ #0   TestService._completeBipolarTest (package:psycho_tests/services/test_service.dart:425:23)
тФВ #1   TestService.completeTest (package:psycho_tests/services/test_service.dart:55:16)
тФЬтФДтФДтФДтФДтФДтФДтФДтФДтФДтФДтФДтФДтФДтФДтФДтФДтФДтФДтФДтФДтФДтФДтФДтФДтФДтФДтФДтФДтФДтФДтФДтФДтФДтФДтФДтФДтФДтФДтФДтФДтФДтФДтФДтФДтФДтФДтФДтФДтФДтФДтФДтФДтФДтФДтФДтФДтФДтФДтФДтФДтФДтФДтФДтФДтФДтФДтФДтФДтФДтФДтФДтФДтФДтФДтФДтФДтФДтФДтФДтФДтФДтФДтФДтФДтФДтФДтФДтФДтФДтФДтФДтФДтФДтФДтФДтФДтФДтФДтФДтФДтФДтФДтФДтФДтФДтФДтФДтФДтФДтФДтФДтФДтФДтФДтФДтФДтФДтФДтФД
тФВ ЁЯРЫ Qq42: targetScale=thinking, score=4
тФФтФАтФАтФАтФАтФАтФАтФАтФАтФАтФАтФАтФАтФАтФАтФАтФАтФАтФАтФАтФАтФАтФАтФАтФАтФАтФАтФАтФАтФАтФАтФАтФАтФАтФАтФАтФАтФАтФАтФАтФАтФАтФАтФАтФАтФАтФАтФАтФАтФАтФАтФАтФАтФАтФАтФАтФАтФАтФАтФАтФАтФАтФАтФАтФАтФАтФАтФАтФАтФАтФАтФАтФАтФАтФАтФАтФАтФАтФАтФАтФАтФАтФАтФАтФАтФАтФАтФАтФАтФАтФАтФАтФАтФАтФАтФАтФАтФАтФАтФАтФАтФАтФАтФАтФАтФАтФАтФАтФАтФАтФАтФАтФАтФАтФАтФАтФАтФАтФАтФА
тФМтФАтФАтФАтФАтФАтФАтФАтФАтФАтФАтФАтФАтФАтФАтФАтФАтФАтФАтФАтФАтФАтФАтФАтФАтФАтФАтФАтФАтФАтФАтФАтФАтФАтФАтФАтФАтФАтФАтФАтФАтФАтФАтФАтФАтФАтФАтФАтФАтФАтФАтФАтФАтФАтФАтФАтФАтФАтФАтФАтФАтФАтФАтФАтФАтФАтФАтФАтФАтФАтФАтФАтФАтФАтФАтФАтФАтФАтФАтФАтФАтФАтФАтФАтФАтФАтФАтФАтФАтФАтФАтФАтФАтФАтФАтФАтФАтФАтФАтФАтФАтФАтФАтФАтФАтФАтФАтФАтФАтФАтФАтФАтФАтФАтФАтФАтФАтФАтФАтФА
тФВ #0   TestService._completeBipolarTest (package:psycho_tests/services/test_service.dart:425:23)
тФВ #1   TestService.completeTest (package:psycho_tests/services/test_service.dart:55:16)
тФЬтФДтФДтФДтФДтФДтФДтФДтФДтФДтФДтФДтФДтФДтФДтФДтФДтФДтФДтФДтФДтФДтФДтФДтФДтФДтФДтФДтФДтФДтФДтФДтФДтФДтФДтФДтФДтФДтФДтФДтФДтФДтФДтФДтФДтФДтФДтФДтФДтФДтФДтФДтФДтФДтФДтФДтФДтФДтФДтФДтФДтФДтФДтФДтФДтФДтФДтФДтФДтФДтФДтФДтФДтФДтФДтФДтФДтФДтФДтФДтФДтФДтФДтФДтФДтФДтФДтФДтФДтФДтФДтФДтФДтФДтФДтФДтФДтФДтФДтФДтФДтФДтФДтФДтФДтФДтФДтФДтФДтФДтФДтФДтФДтФДтФДтФДтФДтФДтФДтФД
тФВ ЁЯРЫ Qq43: targetScale=thinking, score=4
тФФтФАтФАтФАтФАтФАтФАтФАтФАтФАтФАтФАтФАтФАтФАтФАтФАтФАтФАтФАтФАтФАтФАтФАтФАтФАтФАтФАтФАтФАтФАтФАтФАтФАтФАтФАтФАтФАтФАтФАтФАтФАтФАтФАтФАтФАтФАтФАтФАтФАтФАтФАтФАтФАтФАтФАтФАтФАтФАтФАтФАтФАтФАтФАтФАтФАтФАтФАтФАтФАтФАтФАтФАтФАтФАтФАтФАтФАтФАтФАтФАтФАтФАтФАтФАтФАтФАтФАтФАтФАтФАтФАтФАтФАтФАтФАтФАтФАтФАтФАтФАтФАтФАтФАтФАтФАтФАтФАтФАтФАтФАтФАтФАтФАтФАтФАтФАтФАтФАтФА
тФМтФАтФАтФАтФАтФАтФАтФАтФАтФАтФАтФАтФАтФАтФАтФАтФАтФАтФАтФАтФАтФАтФАтФАтФАтФАтФАтФАтФАтФАтФАтФАтФАтФАтФАтФАтФАтФАтФАтФАтФАтФАтФАтФАтФАтФАтФАтФАтФАтФАтФАтФАтФАтФАтФАтФАтФАтФАтФАтФАтФАтФАтФАтФАтФАтФАтФАтФАтФАтФАтФАтФАтФАтФАтФАтФАтФАтФАтФАтФАтФАтФАтФАтФАтФАтФАтФАтФАтФАтФАтФАтФАтФАтФАтФАтФАтФАтФАтФАтФАтФАтФАтФАтФАтФАтФАтФАтФАтФАтФАтФАтФАтФАтФАтФАтФАтФАтФАтФАтФА
тФВ #0   TestService._completeBipolarTest (package:psycho_tests/services/test_service.dart:425:23)
тФВ #1   TestService.completeTest (package:psycho_tests/services/test_service.dart:55:16)
тФЬтФДтФДтФДтФДтФДтФДтФДтФДтФДтФДтФДтФДтФДтФДтФДтФДтФДтФДтФДтФДтФДтФДтФДтФДтФДтФДтФДтФДтФДтФДтФДтФДтФДтФДтФДтФДтФДтФДтФДтФДтФДтФДтФДтФДтФДтФДтФДтФДтФДтФДтФДтФДтФДтФДтФДтФДтФДтФДтФДтФДтФДтФДтФДтФДтФДтФДтФДтФДтФДтФДтФДтФДтФДтФДтФДтФДтФДтФДтФДтФДтФДтФДтФДтФДтФДтФДтФДтФДтФДтФДтФДтФДтФДтФДтФДтФДтФДтФДтФДтФДтФДтФДтФДтФДтФДтФДтФДтФДтФДтФДтФДтФДтФДтФДтФДтФДтФДтФДтФД
тФВ ЁЯРЫ Qq44: targetScale=feeling, score=4
тФФтФАтФАтФАтФАтФАтФАтФАтФАтФАтФАтФАтФАтФАтФАтФАтФАтФАтФАтФАтФАтФАтФАтФАтФАтФАтФАтФАтФАтФАтФАтФАтФАтФАтФАтФАтФАтФАтФАтФАтФАтФАтФАтФАтФАтФАтФАтФАтФАтФАтФАтФАтФАтФАтФАтФАтФАтФАтФАтФАтФАтФАтФАтФАтФАтФАтФАтФАтФАтФАтФАтФАтФАтФАтФАтФАтФАтФАтФАтФАтФАтФАтФАтФАтФАтФАтФАтФАтФАтФАтФАтФАтФАтФАтФАтФАтФАтФАтФАтФАтФАтФАтФАтФАтФАтФАтФАтФАтФАтФАтФАтФАтФАтФАтФАтФАтФАтФАтФАтФА
тФМтФАтФАтФАтФАтФАтФАтФАтФАтФАтФАтФАтФАтФАтФАтФАтФАтФАтФАтФАтФАтФАтФАтФАтФАтФАтФАтФАтФАтФАтФАтФАтФАтФАтФАтФАтФАтФАтФАтФАтФАтФАтФАтФАтФАтФАтФАтФАтФАтФАтФАтФАтФАтФАтФАтФАтФАтФАтФАтФАтФАтФАтФАтФАтФАтФАтФАтФАтФАтФАтФАтФАтФАтФАтФАтФАтФАтФАтФАтФАтФАтФАтФАтФАтФАтФАтФАтФАтФАтФАтФАтФАтФАтФАтФАтФАтФАтФАтФАтФАтФАтФАтФАтФАтФАтФАтФАтФАтФАтФАтФАтФАтФАтФАтФАтФАтФАтФАтФАтФА
тФВ #0   TestService._completeBipolarTest (package:psycho_tests/services/test_service.dart:425:23)
тФВ #1   TestService.completeTest (package:psycho_tests/services/test_service.dart:55:16)
тФЬтФДтФДтФДтФДтФДтФДтФДтФДтФДтФДтФДтФДтФДтФДтФДтФДтФДтФДтФДтФДтФДтФДтФДтФДтФДтФДтФДтФДтФДтФДтФДтФДтФДтФДтФДтФДтФДтФДтФДтФДтФДтФДтФДтФДтФДтФДтФДтФДтФДтФДтФДтФДтФДтФДтФДтФДтФДтФДтФДтФДтФДтФДтФДтФДтФДтФДтФДтФДтФДтФДтФДтФДтФДтФДтФДтФДтФДтФДтФДтФДтФДтФДтФДтФДтФДтФДтФДтФДтФДтФДтФДтФДтФДтФДтФДтФДтФДтФДтФДтФДтФДтФДтФДтФДтФДтФДтФДтФДтФДтФДтФДтФДтФДтФДтФДтФДтФДтФДтФД
тФВ ЁЯРЫ Qq45: targetScale=feeling, score=4
тФФтФАтФАтФАтФАтФАтФАтФАтФАтФАтФАтФАтФАтФАтФАтФАтФАтФАтФАтФАтФАтФАтФАтФАтФАтФАтФАтФАтФАтФАтФАтФАтФАтФАтФАтФАтФАтФАтФАтФАтФАтФАтФАтФАтФАтФАтФАтФАтФАтФАтФАтФАтФАтФАтФАтФАтФАтФАтФАтФАтФАтФАтФАтФАтФАтФАтФАтФАтФАтФАтФАтФАтФАтФАтФАтФАтФАтФАтФАтФАтФАтФАтФАтФАтФАтФАтФАтФАтФАтФАтФАтФАтФАтФАтФАтФАтФАтФАтФАтФАтФАтФАтФАтФАтФАтФАтФАтФАтФАтФАтФАтФАтФАтФАтФАтФАтФАтФАтФАтФА
тФМтФАтФАтФАтФАтФАтФАтФАтФАтФАтФАтФАтФАтФАтФАтФАтФАтФАтФАтФАтФАтФАтФАтФАтФАтФАтФАтФАтФАтФАтФАтФАтФАтФАтФАтФАтФАтФАтФАтФАтФАтФАтФАтФАтФАтФАтФАтФАтФАтФАтФАтФАтФАтФАтФАтФАтФАтФАтФАтФАтФАтФАтФАтФАтФАтФАтФАтФАтФАтФАтФАтФАтФАтФАтФАтФАтФАтФАтФАтФАтФАтФАтФАтФАтФАтФАтФАтФАтФАтФАтФАтФАтФАтФАтФАтФАтФАтФАтФАтФАтФАтФАтФАтФАтФАтФАтФАтФАтФАтФАтФАтФАтФАтФАтФАтФАтФАтФАтФАтФА
тФВ #0   TestService._completeBipolarTest (package:psycho_tests/services/test_service.dart:425:23)
тФВ #1   TestService.completeTest (package:psycho_tests/services/test_service.dart:55:16)
тФЬтФДтФДтФДтФДтФДтФДтФДтФДтФДтФДтФДтФДтФДтФДтФДтФДтФДтФДтФДтФДтФДтФДтФДтФДтФДтФДтФДтФДтФДтФДтФДтФДтФДтФДтФДтФДтФДтФДтФДтФДтФДтФДтФДтФДтФДтФДтФДтФДтФДтФДтФДтФДтФДтФДтФДтФДтФДтФДтФДтФДтФДтФДтФДтФДтФДтФДтФДтФДтФДтФДтФДтФДтФДтФДтФДтФДтФДтФДтФДтФДтФДтФДтФДтФДтФДтФДтФДтФДтФДтФДтФДтФДтФДтФДтФДтФДтФДтФДтФДтФДтФДтФДтФДтФДтФДтФДтФДтФДтФДтФДтФДтФДтФДтФДтФДтФДтФДтФДтФД
тФВ ЁЯРЫ Qq46: targetScale=feeling, score=4
тФФтФАтФАтФАтФАтФАтФАтФАтФАтФАтФАтФАтФАтФАтФАтФАтФАтФАтФАтФАтФАтФАтФАтФАтФАтФАтФАтФАтФАтФАтФАтФАтФАтФАтФАтФАтФАтФАтФАтФАтФАтФАтФАтФАтФАтФАтФАтФАтФАтФАтФАтФАтФАтФАтФАтФАтФАтФАтФАтФАтФАтФАтФАтФАтФАтФАтФАтФАтФАтФАтФАтФАтФАтФАтФАтФАтФАтФАтФАтФАтФАтФАтФАтФАтФАтФАтФАтФАтФАтФАтФАтФАтФАтФАтФАтФАтФАтФАтФАтФАтФАтФАтФАтФАтФАтФАтФАтФАтФАтФАтФАтФАтФАтФАтФАтФАтФАтФАтФАтФА
тФМтФАтФАтФАтФАтФАтФАтФАтФАтФАтФАтФАтФАтФАтФАтФАтФАтФАтФАтФАтФАтФАтФАтФАтФАтФАтФАтФАтФАтФАтФАтФАтФАтФАтФАтФАтФАтФАтФАтФАтФАтФАтФАтФАтФАтФАтФАтФАтФАтФАтФАтФАтФАтФАтФАтФАтФАтФАтФАтФАтФАтФАтФАтФАтФАтФАтФАтФАтФАтФАтФАтФАтФАтФАтФАтФАтФАтФАтФАтФАтФАтФАтФАтФАтФАтФАтФАтФАтФАтФАтФАтФАтФАтФАтФАтФАтФАтФАтФАтФАтФАтФАтФАтФАтФАтФАтФАтФАтФАтФАтФАтФАтФАтФАтФАтФАтФАтФАтФАтФА
тФВ #0   TestService._completeBipolarTest (package:psycho_tests/services/test_service.dart:425:23)
тФВ #1   TestService.completeTest (package:psycho_tests/services/test_service.dart:55:16)
тФЬтФДтФДтФДтФДтФДтФДтФДтФДтФДтФДтФДтФДтФДтФДтФДтФДтФДтФДтФДтФДтФДтФДтФДтФДтФДтФДтФДтФДтФДтФДтФДтФДтФДтФДтФДтФДтФДтФДтФДтФДтФДтФДтФДтФДтФДтФДтФДтФДтФДтФДтФДтФДтФДтФДтФДтФДтФДтФДтФДтФДтФДтФДтФДтФДтФДтФДтФДтФДтФДтФДтФДтФДтФДтФДтФДтФДтФДтФДтФДтФДтФДтФДтФДтФДтФДтФДтФДтФДтФДтФДтФДтФДтФДтФДтФДтФДтФДтФДтФДтФДтФДтФДтФДтФДтФДтФДтФДтФДтФДтФДтФДтФДтФДтФДтФДтФДтФДтФДтФД
тФВ ЁЯРЫ Qq47: targetScale=thinking, score=4
тФФтФАтФАтФАтФАтФАтФАтФАтФАтФАтФАтФАтФАтФАтФАтФАтФАтФАтФАтФАтФАтФАтФАтФАтФАтФАтФАтФАтФАтФАтФАтФАтФАтФАтФАтФАтФАтФАтФАтФАтФАтФАтФАтФАтФАтФАтФАтФАтФАтФАтФАтФАтФАтФАтФАтФАтФАтФАтФАтФАтФАтФАтФАтФАтФАтФАтФАтФАтФАтФАтФАтФАтФАтФАтФАтФАтФАтФАтФАтФАтФАтФАтФАтФАтФАтФАтФАтФАтФАтФАтФАтФАтФАтФАтФАтФАтФАтФАтФАтФАтФАтФАтФАтФАтФАтФАтФАтФАтФАтФАтФАтФАтФАтФАтФАтФАтФАтФАтФАтФА
тФМтФАтФАтФАтФАтФАтФАтФАтФАтФАтФАтФАтФАтФАтФАтФАтФАтФАтФАтФАтФАтФАтФАтФАтФАтФАтФАтФАтФАтФАтФАтФАтФАтФАтФАтФАтФАтФАтФАтФАтФАтФАтФАтФАтФАтФАтФАтФАтФАтФАтФАтФАтФАтФАтФАтФАтФАтФАтФАтФАтФАтФАтФАтФАтФАтФАтФАтФАтФАтФАтФАтФАтФАтФАтФАтФАтФАтФАтФАтФАтФАтФАтФАтФАтФАтФАтФАтФАтФАтФАтФАтФАтФАтФАтФАтФАтФАтФАтФАтФАтФАтФАтФАтФАтФАтФАтФАтФАтФАтФАтФАтФАтФАтФАтФАтФАтФАтФАтФАтФА
тФВ #0   TestService._completeBipolarTest (package:psycho_tests/services/test_service.dart:425:23)
тФВ #1   TestService.completeTest (package:psycho_tests/services/test_service.dart:55:16)
тФЬтФДтФДтФДтФДтФДтФДтФДтФДтФДтФДтФДтФДтФДтФДтФДтФДтФДтФДтФДтФДтФДтФДтФДтФДтФДтФДтФДтФДтФДтФДтФДтФДтФДтФДтФДтФДтФДтФДтФДтФДтФДтФДтФДтФДтФДтФДтФДтФДтФДтФДтФДтФДтФДтФДтФДтФДтФДтФДтФДтФДтФДтФДтФДтФДтФДтФДтФДтФДтФДтФДтФДтФДтФДтФДтФДтФДтФДтФДтФДтФДтФДтФДтФДтФДтФДтФДтФДтФДтФДтФДтФДтФДтФДтФДтФДтФДтФДтФДтФДтФДтФДтФДтФДтФДтФДтФДтФДтФДтФДтФДтФДтФДтФДтФДтФДтФДтФДтФДтФД
тФВ ЁЯРЫ Qq48: targetScale=feeling, score=4
тФФтФАтФАтФАтФАтФАтФАтФАтФАтФАтФАтФАтФАтФАтФАтФАтФАтФАтФАтФАтФАтФАтФАтФАтФАтФАтФАтФАтФАтФАтФАтФАтФАтФАтФАтФАтФАтФАтФАтФАтФАтФАтФАтФАтФАтФАтФАтФАтФАтФАтФАтФАтФАтФАтФАтФАтФАтФАтФАтФАтФАтФАтФАтФАтФАтФАтФАтФАтФАтФАтФАтФАтФАтФАтФАтФАтФАтФАтФАтФАтФАтФАтФАтФАтФАтФАтФАтФАтФАтФАтФАтФАтФАтФАтФАтФАтФАтФАтФАтФАтФАтФАтФАтФАтФАтФАтФАтФАтФАтФАтФАтФАтФАтФАтФАтФАтФАтФАтФАтФА
тФМтФАтФАтФАтФАтФАтФАтФАтФАтФАтФАтФАтФАтФАтФАтФАтФАтФАтФАтФАтФАтФАтФАтФАтФАтФАтФАтФАтФАтФАтФАтФАтФАтФАтФАтФАтФАтФАтФАтФАтФАтФАтФАтФАтФАтФАтФАтФАтФАтФАтФАтФАтФАтФАтФАтФАтФАтФАтФАтФАтФАтФАтФАтФАтФАтФАтФАтФАтФАтФАтФАтФАтФАтФАтФАтФАтФАтФАтФАтФАтФАтФАтФАтФАтФАтФАтФАтФАтФАтФАтФАтФАтФАтФАтФАтФАтФАтФАтФАтФАтФАтФАтФАтФАтФАтФАтФАтФАтФАтФАтФАтФАтФАтФАтФАтФАтФАтФАтФАтФА
тФВ #0   TestService._completeBipolarTest (package:psycho_tests/services/test_service.dart:425:23)
тФВ #1   TestService.completeTest (package:psycho_tests/services/test_service.dart:55:16)
тФЬтФДтФДтФДтФДтФДтФДтФДтФДтФДтФДтФДтФДтФДтФДтФДтФДтФДтФДтФДтФДтФДтФДтФДтФДтФДтФДтФДтФДтФДтФДтФДтФДтФДтФДтФДтФДтФДтФДтФДтФДтФДтФДтФДтФДтФДтФДтФДтФДтФДтФДтФДтФДтФДтФДтФДтФДтФДтФДтФДтФДтФДтФДтФДтФДтФДтФДтФДтФДтФДтФДтФДтФДтФДтФДтФДтФДтФДтФДтФДтФДтФДтФДтФДтФДтФДтФДтФДтФДтФДтФДтФДтФДтФДтФДтФДтФДтФДтФДтФДтФДтФДтФДтФДтФДтФДтФДтФДтФДтФДтФДтФДтФДтФДтФДтФДтФДтФДтФДтФД
тФВ ЁЯРЫ Qq49: targetScale=thinking, score=4
тФФтФАтФАтФАтФАтФАтФАтФАтФАтФАтФАтФАтФАтФАтФАтФАтФАтФАтФАтФАтФАтФАтФАтФАтФАтФАтФАтФАтФАтФАтФАтФАтФАтФАтФАтФАтФАтФАтФАтФАтФАтФАтФАтФАтФАтФАтФАтФАтФАтФАтФАтФАтФАтФАтФАтФАтФАтФАтФАтФАтФАтФАтФАтФАтФАтФАтФАтФАтФАтФАтФАтФАтФАтФАтФАтФАтФАтФАтФАтФАтФАтФАтФАтФАтФАтФАтФАтФАтФАтФАтФАтФАтФАтФАтФАтФАтФАтФАтФАтФАтФАтФАтФАтФАтФАтФАтФАтФАтФАтФАтФАтФАтФАтФАтФАтФАтФАтФАтФАтФА
тФМтФАтФАтФАтФАтФАтФАтФАтФАтФАтФАтФАтФАтФАтФАтФАтФАтФАтФАтФАтФАтФАтФАтФАтФАтФАтФАтФАтФАтФАтФАтФАтФАтФАтФАтФАтФАтФАтФАтФАтФАтФАтФАтФАтФАтФАтФАтФАтФАтФАтФАтФАтФАтФАтФАтФАтФАтФАтФАтФАтФАтФАтФАтФАтФАтФАтФАтФАтФАтФАтФАтФАтФАтФАтФАтФАтФАтФАтФАтФАтФАтФАтФАтФАтФАтФАтФАтФАтФАтФАтФАтФАтФАтФАтФАтФАтФАтФАтФАтФАтФАтФАтФАтФАтФАтФАтФАтФАтФАтФАтФАтФАтФАтФАтФАтФАтФАтФАтФАтФА
тФВ #0   TestService._completeBipolarTest (package:psycho_tests/services/test_service.dart:425:23)
тФВ #1   TestService.completeTest (package:psycho_tests/services/test_service.dart:55:16)
тФЬтФДтФДтФДтФДтФДтФДтФДтФДтФДтФДтФДтФДтФДтФДтФДтФДтФДтФДтФДтФДтФДтФДтФДтФДтФДтФДтФДтФДтФДтФДтФДтФДтФДтФДтФДтФДтФДтФДтФДтФДтФДтФДтФДтФДтФДтФДтФДтФДтФДтФДтФДтФДтФДтФДтФДтФДтФДтФДтФДтФДтФДтФДтФДтФДтФДтФДтФДтФДтФДтФДтФДтФДтФДтФДтФДтФДтФДтФДтФДтФДтФДтФДтФДтФДтФДтФДтФДтФДтФДтФДтФДтФДтФДтФДтФДтФДтФДтФДтФДтФДтФДтФДтФДтФДтФДтФДтФДтФДтФДтФДтФДтФДтФДтФДтФДтФДтФДтФДтФД
тФВ ЁЯРЫ Qq50: targetScale=feeling, score=4
тФФтФАтФАтФАтФАтФАтФАтФАтФАтФАтФАтФАтФАтФАтФАтФАтФАтФАтФАтФАтФАтФАтФАтФАтФАтФАтФАтФАтФАтФАтФАтФАтФАтФАтФАтФАтФАтФАтФАтФАтФАтФАтФАтФАтФАтФАтФАтФАтФАтФАтФАтФАтФАтФАтФАтФАтФАтФАтФАтФАтФАтФАтФАтФАтФАтФАтФАтФАтФАтФАтФАтФАтФАтФАтФАтФАтФАтФАтФАтФАтФАтФАтФАтФАтФАтФАтФАтФАтФАтФАтФАтФАтФАтФАтФАтФАтФАтФАтФАтФАтФАтФАтФАтФАтФАтФАтФАтФАтФАтФАтФАтФАтФАтФАтФАтФАтФАтФАтФАтФА
тФМтФАтФАтФАтФАтФАтФАтФАтФАтФАтФАтФАтФАтФАтФАтФАтФАтФАтФАтФАтФАтФАтФАтФАтФАтФАтФАтФАтФАтФАтФАтФАтФАтФАтФАтФАтФАтФАтФАтФАтФАтФАтФАтФАтФАтФАтФАтФАтФАтФАтФАтФАтФАтФАтФАтФАтФАтФАтФАтФАтФАтФАтФАтФАтФАтФАтФАтФАтФАтФАтФАтФАтФАтФАтФАтФАтФАтФАтФАтФАтФАтФАтФАтФАтФАтФАтФАтФАтФАтФАтФАтФАтФАтФАтФАтФАтФАтФАтФАтФАтФАтФАтФАтФАтФАтФАтФАтФАтФАтФАтФАтФАтФАтФАтФАтФАтФАтФАтФАтФА
тФВ #0   TestService._completeBipolarTest (package:psycho_tests/services/test_service.dart:425:23)
тФВ #1   TestService.completeTest (package:psycho_tests/services/test_service.dart:55:16)
тФЬтФДтФДтФДтФДтФДтФДтФДтФДтФДтФДтФДтФДтФДтФДтФДтФДтФДтФДтФДтФДтФДтФДтФДтФДтФДтФДтФДтФДтФДтФДтФДтФДтФДтФДтФДтФДтФДтФДтФДтФДтФДтФДтФДтФДтФДтФДтФДтФДтФДтФДтФДтФДтФДтФДтФДтФДтФДтФДтФДтФДтФДтФДтФДтФДтФДтФДтФДтФДтФДтФДтФДтФДтФДтФДтФДтФДтФДтФДтФДтФДтФДтФДтФДтФДтФДтФДтФДтФДтФДтФДтФДтФДтФДтФДтФДтФДтФДтФДтФДтФДтФДтФДтФДтФДтФДтФДтФДтФДтФДтФДтФДтФДтФДтФДтФДтФДтФДтФДтФД
тФВ ЁЯРЫ Qq51: targetScale=thinking, score=4
тФФтФАтФАтФАтФАтФАтФАтФАтФАтФАтФАтФАтФАтФАтФАтФАтФАтФАтФАтФАтФАтФАтФАтФАтФАтФАтФАтФАтФАтФАтФАтФАтФАтФАтФАтФАтФАтФАтФАтФАтФАтФАтФАтФАтФАтФАтФАтФАтФАтФАтФАтФАтФАтФАтФАтФАтФАтФАтФАтФАтФАтФАтФАтФАтФАтФАтФАтФАтФАтФАтФАтФАтФАтФАтФАтФАтФАтФАтФАтФАтФАтФАтФАтФАтФАтФАтФАтФАтФАтФАтФАтФАтФАтФАтФАтФАтФАтФАтФАтФАтФАтФАтФАтФАтФАтФАтФАтФАтФАтФАтФАтФАтФАтФАтФАтФАтФАтФАтФАтФА
тФМтФАтФАтФАтФАтФАтФАтФАтФАтФАтФАтФАтФАтФАтФАтФАтФАтФАтФАтФАтФАтФАтФАтФАтФАтФАтФАтФАтФАтФАтФАтФАтФАтФАтФАтФАтФАтФАтФАтФАтФАтФАтФАтФАтФАтФАтФАтФАтФАтФАтФАтФАтФАтФАтФАтФАтФАтФАтФАтФАтФАтФАтФАтФАтФАтФАтФАтФАтФАтФАтФАтФАтФАтФАтФАтФАтФАтФАтФАтФАтФАтФАтФАтФАтФАтФАтФАтФАтФАтФАтФАтФАтФАтФАтФАтФАтФАтФАтФАтФАтФАтФАтФАтФАтФАтФАтФАтФАтФАтФАтФАтФАтФАтФАтФАтФАтФАтФАтФАтФА
тФВ #0   TestService._completeBipolarTest (package:psycho_tests/services/test_service.dart:425:23)
тФВ #1   TestService.completeTest (package:psycho_tests/services/test_service.dart:55:16)
тФЬтФДтФДтФДтФДтФДтФДтФДтФДтФДтФДтФДтФДтФДтФДтФДтФДтФДтФДтФДтФДтФДтФДтФДтФДтФДтФДтФДтФДтФДтФДтФДтФДтФДтФДтФДтФДтФДтФДтФДтФДтФДтФДтФДтФДтФДтФДтФДтФДтФДтФДтФДтФДтФДтФДтФДтФДтФДтФДтФДтФДтФДтФДтФДтФДтФДтФДтФДтФДтФДтФДтФДтФДтФДтФДтФДтФДтФДтФДтФДтФДтФДтФДтФДтФДтФДтФДтФДтФДтФДтФДтФДтФДтФДтФДтФДтФДтФДтФДтФДтФДтФДтФДтФДтФДтФДтФДтФДтФДтФДтФДтФДтФДтФДтФДтФДтФДтФДтФДтФД
тФВ ЁЯРЫ Qq52: targetScale=feeling, score=4
тФФтФАтФАтФАтФАтФАтФАтФАтФАтФАтФАтФАтФАтФАтФАтФАтФАтФАтФАтФАтФАтФАтФАтФАтФАтФАтФАтФАтФАтФАтФАтФАтФАтФАтФАтФАтФАтФАтФАтФАтФАтФАтФАтФАтФАтФАтФАтФАтФАтФАтФАтФАтФАтФАтФАтФАтФАтФАтФАтФАтФАтФАтФАтФАтФАтФАтФАтФАтФАтФАтФАтФАтФАтФАтФАтФАтФАтФАтФАтФАтФАтФАтФАтФАтФАтФАтФАтФАтФАтФАтФАтФАтФАтФАтФАтФАтФАтФАтФАтФАтФАтФАтФАтФАтФАтФАтФАтФАтФАтФАтФАтФАтФАтФАтФАтФАтФАтФАтФАтФА
тФМтФАтФАтФАтФАтФАтФАтФАтФАтФАтФАтФАтФАтФАтФАтФАтФАтФАтФАтФАтФАтФАтФАтФАтФАтФАтФАтФАтФАтФАтФАтФАтФАтФАтФАтФАтФАтФАтФАтФАтФАтФАтФАтФАтФАтФАтФАтФАтФАтФАтФАтФАтФАтФАтФАтФАтФАтФАтФАтФАтФАтФАтФАтФАтФАтФАтФАтФАтФАтФАтФАтФАтФАтФАтФАтФАтФАтФАтФАтФАтФАтФАтФАтФАтФАтФАтФАтФАтФАтФАтФАтФАтФАтФАтФАтФАтФАтФАтФАтФАтФАтФАтФАтФАтФАтФАтФАтФАтФАтФАтФАтФАтФАтФАтФАтФАтФАтФАтФАтФА
тФВ #0   TestService._completeBipolarTest (package:psycho_tests/services/test_service.dart:425:23)
тФВ #1   TestService.completeTest (package:psycho_tests/services/test_service.dart:55:16)
тФЬтФДтФДтФДтФДтФДтФДтФДтФДтФДтФДтФДтФДтФДтФДтФДтФДтФДтФДтФДтФДтФДтФДтФДтФДтФДтФДтФДтФДтФДтФДтФДтФДтФДтФДтФДтФДтФДтФДтФДтФДтФДтФДтФДтФДтФДтФДтФДтФДтФДтФДтФДтФДтФДтФДтФДтФДтФДтФДтФДтФДтФДтФДтФДтФДтФДтФДтФДтФДтФДтФДтФДтФДтФДтФДтФДтФДтФДтФДтФДтФДтФДтФДтФДтФДтФДтФДтФДтФДтФДтФДтФДтФДтФДтФДтФДтФДтФДтФДтФДтФДтФДтФДтФДтФДтФДтФДтФДтФДтФДтФДтФДтФДтФДтФДтФДтФДтФДтФДтФД
тФВ ЁЯРЫ Qq53: targetScale=thinking, score=4
тФФтФАтФАтФАтФАтФАтФАтФАтФАтФАтФАтФАтФАтФАтФАтФАтФАтФАтФАтФАтФАтФАтФАтФАтФАтФАтФАтФАтФАтФАтФАтФАтФАтФАтФАтФАтФАтФАтФАтФАтФАтФАтФАтФАтФАтФАтФАтФАтФАтФАтФАтФАтФАтФАтФАтФАтФАтФАтФАтФАтФАтФАтФАтФАтФАтФАтФАтФАтФАтФАтФАтФАтФАтФАтФАтФАтФАтФАтФАтФАтФАтФАтФАтФАтФАтФАтФАтФАтФАтФАтФАтФАтФАтФАтФАтФАтФАтФАтФАтФАтФАтФАтФАтФАтФАтФАтФАтФАтФАтФАтФАтФАтФАтФАтФАтФАтФАтФАтФАтФА
тФМтФАтФАтФАтФАтФАтФАтФАтФАтФАтФАтФАтФАтФАтФАтФАтФАтФАтФАтФАтФАтФАтФАтФАтФАтФАтФАтФАтФАтФАтФАтФАтФАтФАтФАтФАтФАтФАтФАтФАтФАтФАтФАтФАтФАтФАтФАтФАтФАтФАтФАтФАтФАтФАтФАтФАтФАтФАтФАтФАтФАтФАтФАтФАтФАтФАтФАтФАтФАтФАтФАтФАтФАтФАтФАтФАтФАтФАтФАтФАтФАтФАтФАтФАтФАтФАтФАтФАтФАтФАтФАтФАтФАтФАтФАтФАтФАтФАтФАтФАтФАтФАтФАтФАтФАтФАтФАтФАтФАтФАтФАтФАтФАтФАтФАтФАтФАтФАтФАтФА
тФВ #0   TestService._completeBipolarTest (package:psycho_tests/services/test_service.dart:425:23)
тФВ #1   TestService.completeTest (package:psycho_tests/services/test_service.dart:55:16)
тФЬтФДтФДтФДтФДтФДтФДтФДтФДтФДтФДтФДтФДтФДтФДтФДтФДтФДтФДтФДтФДтФДтФДтФДтФДтФДтФДтФДтФДтФДтФДтФДтФДтФДтФДтФДтФДтФДтФДтФДтФДтФДтФДтФДтФДтФДтФДтФДтФДтФДтФДтФДтФДтФДтФДтФДтФДтФДтФДтФДтФДтФДтФДтФДтФДтФДтФДтФДтФДтФДтФДтФДтФДтФДтФДтФДтФДтФДтФДтФДтФДтФДтФДтФДтФДтФДтФДтФДтФДтФДтФДтФДтФДтФДтФДтФДтФДтФДтФДтФДтФДтФДтФДтФДтФДтФДтФДтФДтФДтФДтФДтФДтФДтФДтФДтФДтФДтФДтФДтФД
тФВ ЁЯРЫ Qq54: targetScale=feeling, score=4
тФФтФАтФАтФАтФАтФАтФАтФАтФАтФАтФАтФАтФАтФАтФАтФАтФАтФАтФАтФАтФАтФАтФАтФАтФАтФАтФАтФАтФАтФАтФАтФАтФАтФАтФАтФАтФАтФАтФАтФАтФАтФАтФАтФАтФАтФАтФАтФАтФАтФАтФАтФАтФАтФАтФАтФАтФАтФАтФАтФАтФАтФАтФАтФАтФАтФАтФАтФАтФАтФАтФАтФАтФАтФАтФАтФАтФАтФАтФАтФАтФАтФАтФАтФАтФАтФАтФАтФАтФАтФАтФАтФАтФАтФАтФАтФАтФАтФАтФАтФАтФАтФАтФАтФАтФАтФАтФАтФАтФАтФАтФАтФАтФАтФАтФАтФАтФАтФАтФАтФА
тФМтФАтФАтФАтФАтФАтФАтФАтФАтФАтФАтФАтФАтФАтФАтФАтФАтФАтФАтФАтФАтФАтФАтФАтФАтФАтФАтФАтФАтФАтФАтФАтФАтФАтФАтФАтФАтФАтФАтФАтФАтФАтФАтФАтФАтФАтФАтФАтФАтФАтФАтФАтФАтФАтФАтФАтФАтФАтФАтФАтФАтФАтФАтФАтФАтФАтФАтФАтФАтФАтФАтФАтФАтФАтФАтФАтФАтФАтФАтФАтФАтФАтФАтФАтФАтФАтФАтФАтФАтФАтФАтФАтФАтФАтФАтФАтФАтФАтФАтФАтФАтФАтФАтФАтФАтФАтФАтФАтФАтФАтФАтФАтФАтФАтФАтФАтФАтФАтФАтФА
тФВ #0   TestService._completeBipolarTest (package:psycho_tests/services/test_service.dart:425:23)
тФВ #1   TestService.completeTest (package:psycho_tests/services/test_service.dart:55:16)
тФЬтФДтФДтФДтФДтФДтФДтФДтФДтФДтФДтФДтФДтФДтФДтФДтФДтФДтФДтФДтФДтФДтФДтФДтФДтФДтФДтФДтФДтФДтФДтФДтФДтФДтФДтФДтФДтФДтФДтФДтФДтФДтФДтФДтФДтФДтФДтФДтФДтФДтФДтФДтФДтФДтФДтФДтФДтФДтФДтФДтФДтФДтФДтФДтФДтФДтФДтФДтФДтФДтФДтФДтФДтФДтФДтФДтФДтФДтФДтФДтФДтФДтФДтФДтФДтФДтФДтФДтФДтФДтФДтФДтФДтФДтФДтФДтФДтФДтФДтФДтФДтФДтФДтФДтФДтФДтФДтФДтФДтФДтФДтФДтФДтФДтФДтФДтФДтФДтФДтФД
тФВ ЁЯРЫ Qq55: targetScale=thinking, score=4
тФФтФАтФАтФАтФАтФАтФАтФАтФАтФАтФАтФАтФАтФАтФАтФАтФАтФАтФАтФАтФАтФАтФАтФАтФАтФАтФАтФАтФАтФАтФАтФАтФАтФАтФАтФАтФАтФАтФАтФАтФАтФАтФАтФАтФАтФАтФАтФАтФАтФАтФАтФАтФАтФАтФАтФАтФАтФАтФАтФАтФАтФАтФАтФАтФАтФАтФАтФАтФАтФАтФАтФАтФАтФАтФАтФАтФАтФАтФАтФАтФАтФАтФАтФАтФАтФАтФАтФАтФАтФАтФАтФАтФАтФАтФАтФАтФАтФАтФАтФАтФАтФАтФАтФАтФАтФАтФАтФАтФАтФАтФАтФАтФАтФАтФАтФАтФАтФАтФАтФА
тФМтФАтФАтФАтФАтФАтФАтФАтФАтФАтФАтФАтФАтФАтФАтФАтФАтФАтФАтФАтФАтФАтФАтФАтФАтФАтФАтФАтФАтФАтФАтФАтФАтФАтФАтФАтФАтФАтФАтФАтФАтФАтФАтФАтФАтФАтФАтФАтФАтФАтФАтФАтФАтФАтФАтФАтФАтФАтФАтФАтФАтФАтФАтФАтФАтФАтФАтФАтФАтФАтФАтФАтФАтФАтФАтФАтФАтФАтФАтФАтФАтФАтФАтФАтФАтФАтФАтФАтФАтФАтФАтФАтФАтФАтФАтФАтФАтФАтФАтФАтФАтФАтФАтФАтФАтФАтФАтФАтФАтФАтФАтФАтФАтФАтФАтФАтФАтФАтФАтФА
тФВ #0   TestService._completeBipolarTest (package:psycho_tests/services/test_service.dart:425:23)
тФВ #1   TestService.completeTest (package:psycho_tests/services/test_service.dart:55:16)
тФЬтФДтФДтФДтФДтФДтФДтФДтФДтФДтФДтФДтФДтФДтФДтФДтФДтФДтФДтФДтФДтФДтФДтФДтФДтФДтФДтФДтФДтФДтФДтФДтФДтФДтФДтФДтФДтФДтФДтФДтФДтФДтФДтФДтФДтФДтФДтФДтФДтФДтФДтФДтФДтФДтФДтФДтФДтФДтФДтФДтФДтФДтФДтФДтФДтФДтФДтФДтФДтФДтФДтФДтФДтФДтФДтФДтФДтФДтФДтФДтФДтФДтФДтФДтФДтФДтФДтФДтФДтФДтФДтФДтФДтФДтФДтФДтФДтФДтФДтФДтФДтФДтФДтФДтФДтФДтФДтФДтФДтФДтФДтФДтФДтФДтФДтФДтФДтФДтФДтФД
тФВ ЁЯРЫ Qq56: targetScale=feeling, score=4
тФФтФАтФАтФАтФАтФАтФАтФАтФАтФАтФАтФАтФАтФАтФАтФАтФАтФАтФАтФАтФАтФАтФАтФАтФАтФАтФАтФАтФАтФАтФАтФАтФАтФАтФАтФАтФАтФАтФАтФАтФАтФАтФАтФАтФАтФАтФАтФАтФАтФАтФАтФАтФАтФАтФАтФАтФАтФАтФАтФАтФАтФАтФАтФАтФАтФАтФАтФАтФАтФАтФАтФАтФАтФАтФАтФАтФАтФАтФАтФАтФАтФАтФАтФАтФАтФАтФАтФАтФАтФАтФАтФАтФАтФАтФАтФАтФАтФАтФАтФАтФАтФАтФАтФАтФАтФАтФАтФАтФАтФАтФАтФАтФАтФАтФАтФАтФАтФАтФАтФА
тФМтФАтФАтФАтФАтФАтФАтФАтФАтФАтФАтФАтФАтФАтФАтФАтФАтФАтФАтФАтФАтФАтФАтФАтФАтФАтФАтФАтФАтФАтФАтФАтФАтФАтФАтФАтФАтФАтФАтФАтФАтФАтФАтФАтФАтФАтФАтФАтФАтФАтФАтФАтФАтФАтФАтФАтФАтФАтФАтФАтФАтФАтФАтФАтФАтФАтФАтФАтФАтФАтФАтФАтФАтФАтФАтФАтФАтФАтФАтФАтФАтФАтФАтФАтФАтФАтФАтФАтФАтФАтФАтФАтФАтФАтФАтФАтФАтФАтФАтФАтФАтФАтФАтФАтФАтФАтФАтФАтФАтФАтФАтФАтФАтФАтФАтФАтФАтФАтФАтФА
тФВ #0   TestService._completeBipolarTest (package:psycho_tests/services/test_service.dart:425:23)
тФВ #1   TestService.completeTest (package:psycho_tests/services/test_service.dart:55:16)
тФЬтФДтФДтФДтФДтФДтФДтФДтФДтФДтФДтФДтФДтФДтФДтФДтФДтФДтФДтФДтФДтФДтФДтФДтФДтФДтФДтФДтФДтФДтФДтФДтФДтФДтФДтФДтФДтФДтФДтФДтФДтФДтФДтФДтФДтФДтФДтФДтФДтФДтФДтФДтФДтФДтФДтФДтФДтФДтФДтФДтФДтФДтФДтФДтФДтФДтФДтФДтФДтФДтФДтФДтФДтФДтФДтФДтФДтФДтФДтФДтФДтФДтФДтФДтФДтФДтФДтФДтФДтФДтФДтФДтФДтФДтФДтФДтФДтФДтФДтФДтФДтФДтФДтФДтФДтФДтФДтФДтФДтФДтФДтФДтФДтФДтФДтФДтФДтФДтФДтФД
тФВ ЁЯРЫ Qq57: targetScale=thinking, score=4
тФФтФАтФАтФАтФАтФАтФАтФАтФАтФАтФАтФАтФАтФАтФАтФАтФАтФАтФАтФАтФАтФАтФАтФАтФАтФАтФАтФАтФАтФАтФАтФАтФАтФАтФАтФАтФАтФАтФАтФАтФАтФАтФАтФАтФАтФАтФАтФАтФАтФАтФАтФАтФАтФАтФАтФАтФАтФАтФАтФАтФАтФАтФАтФАтФАтФАтФАтФАтФАтФАтФАтФАтФАтФАтФАтФАтФАтФАтФАтФАтФАтФАтФАтФАтФАтФАтФАтФАтФАтФАтФАтФАтФАтФАтФАтФАтФАтФАтФАтФАтФАтФАтФАтФАтФАтФАтФАтФАтФАтФАтФАтФАтФАтФАтФАтФАтФАтФАтФАтФА
тФМтФАтФАтФАтФАтФАтФАтФАтФАтФАтФАтФАтФАтФАтФАтФАтФАтФАтФАтФАтФАтФАтФАтФАтФАтФАтФАтФАтФАтФАтФАтФАтФАтФАтФАтФАтФАтФАтФАтФАтФАтФАтФАтФАтФАтФАтФАтФАтФАтФАтФАтФАтФАтФАтФАтФАтФАтФАтФАтФАтФАтФАтФАтФАтФАтФАтФАтФАтФАтФАтФАтФАтФАтФАтФАтФАтФАтФАтФАтФАтФАтФАтФАтФАтФАтФАтФАтФАтФАтФАтФАтФАтФАтФАтФАтФАтФАтФАтФАтФАтФАтФАтФАтФАтФАтФАтФАтФАтФАтФАтФАтФАтФАтФАтФАтФАтФАтФАтФАтФА
тФВ #0   TestService._completeBipolarTest (package:psycho_tests/services/test_service.dart:425:23)
тФВ #1   TestService.completeTest (package:psycho_tests/services/test_service.dart:55:16)
тФЬтФДтФДтФДтФДтФДтФДтФДтФДтФДтФДтФДтФДтФДтФДтФДтФДтФДтФДтФДтФДтФДтФДтФДтФДтФДтФДтФДтФДтФДтФДтФДтФДтФДтФДтФДтФДтФДтФДтФДтФДтФДтФДтФДтФДтФДтФДтФДтФДтФДтФДтФДтФДтФДтФДтФДтФДтФДтФДтФДтФДтФДтФДтФДтФДтФДтФДтФДтФДтФДтФДтФДтФДтФДтФДтФДтФДтФДтФДтФДтФДтФДтФДтФДтФДтФДтФДтФДтФДтФДтФДтФДтФДтФДтФДтФДтФДтФДтФДтФДтФДтФДтФДтФДтФДтФДтФДтФДтФДтФДтФДтФДтФДтФДтФДтФДтФДтФДтФДтФД
тФВ ЁЯРЫ Qq58: targetScale=feeling, score=4
тФФтФАтФАтФАтФАтФАтФАтФАтФАтФАтФАтФАтФАтФАтФАтФАтФАтФАтФАтФАтФАтФАтФАтФАтФАтФАтФАтФАтФАтФАтФАтФАтФАтФАтФАтФАтФАтФАтФАтФАтФАтФАтФАтФАтФАтФАтФАтФАтФАтФАтФАтФАтФАтФАтФАтФАтФАтФАтФАтФАтФАтФАтФАтФАтФАтФАтФАтФАтФАтФАтФАтФАтФАтФАтФАтФАтФАтФАтФАтФАтФАтФАтФАтФАтФАтФАтФАтФАтФАтФАтФАтФАтФАтФАтФАтФАтФАтФАтФАтФАтФАтФАтФАтФАтФАтФАтФАтФАтФАтФАтФАтФАтФАтФАтФАтФАтФАтФАтФАтФА
тФМтФАтФАтФАтФАтФАтФАтФАтФАтФАтФАтФАтФАтФАтФАтФАтФАтФАтФАтФАтФАтФАтФАтФАтФАтФАтФАтФАтФАтФАтФАтФАтФАтФАтФАтФАтФАтФАтФАтФАтФАтФАтФАтФАтФАтФАтФАтФАтФАтФАтФАтФАтФАтФАтФАтФАтФАтФАтФАтФАтФАтФАтФАтФАтФАтФАтФАтФАтФАтФАтФАтФАтФАтФАтФАтФАтФАтФАтФАтФАтФАтФАтФАтФАтФАтФАтФАтФАтФАтФАтФАтФАтФАтФАтФАтФАтФАтФАтФАтФАтФАтФАтФАтФАтФАтФАтФАтФАтФАтФАтФАтФАтФАтФАтФАтФАтФАтФАтФАтФА
тФВ #0   TestService._completeBipolarTest (package:psycho_tests/services/test_service.dart:425:23)
тФВ #1   TestService.completeTest (package:psycho_tests/services/test_service.dart:55:16)
тФЬтФДтФДтФДтФДтФДтФДтФДтФДтФДтФДтФДтФДтФДтФДтФДтФДтФДтФДтФДтФДтФДтФДтФДтФДтФДтФДтФДтФДтФДтФДтФДтФДтФДтФДтФДтФДтФДтФДтФДтФДтФДтФДтФДтФДтФДтФДтФДтФДтФДтФДтФДтФДтФДтФДтФДтФДтФДтФДтФДтФДтФДтФДтФДтФДтФДтФДтФДтФДтФДтФДтФДтФДтФДтФДтФДтФДтФДтФДтФДтФДтФДтФДтФДтФДтФДтФДтФДтФДтФДтФДтФДтФДтФДтФДтФДтФДтФДтФДтФДтФДтФДтФДтФДтФДтФДтФДтФДтФДтФДтФДтФДтФДтФДтФДтФДтФДтФДтФДтФД
тФВ ЁЯРЫ Qq59: targetScale=feeling, score=4
тФФтФАтФАтФАтФАтФАтФАтФАтФАтФАтФАтФАтФАтФАтФАтФАтФАтФАтФАтФАтФАтФАтФАтФАтФАтФАтФАтФАтФАтФАтФАтФАтФАтФАтФАтФАтФАтФАтФАтФАтФАтФАтФАтФАтФАтФАтФАтФАтФАтФАтФАтФАтФАтФАтФАтФАтФАтФАтФАтФАтФАтФАтФАтФАтФАтФАтФАтФАтФАтФАтФАтФАтФАтФАтФАтФАтФАтФАтФАтФАтФАтФАтФАтФАтФАтФАтФАтФАтФАтФАтФАтФАтФАтФАтФАтФАтФАтФАтФАтФАтФАтФАтФАтФАтФАтФАтФАтФАтФАтФАтФАтФАтФАтФАтФАтФАтФАтФАтФАтФА
тФМтФАтФАтФАтФАтФАтФАтФАтФАтФАтФАтФАтФАтФАтФАтФАтФАтФАтФАтФАтФАтФАтФАтФАтФАтФАтФАтФАтФАтФАтФАтФАтФАтФАтФАтФАтФАтФАтФАтФАтФАтФАтФАтФАтФАтФАтФАтФАтФАтФАтФАтФАтФАтФАтФАтФАтФАтФАтФАтФАтФАтФАтФАтФАтФАтФАтФАтФАтФАтФАтФАтФАтФАтФАтФАтФАтФАтФАтФАтФАтФАтФАтФАтФАтФАтФАтФАтФАтФАтФАтФАтФАтФАтФАтФАтФАтФАтФАтФАтФАтФАтФАтФАтФАтФАтФАтФАтФАтФАтФАтФАтФАтФАтФАтФАтФАтФАтФАтФАтФА
тФВ #0   TestService._completeBipolarTest (package:psycho_tests/services/test_service.dart:425:23)
тФВ #1   TestService.completeTest (package:psycho_tests/services/test_service.dart:55:16)
тФЬтФДтФДтФДтФДтФДтФДтФДтФДтФДтФДтФДтФДтФДтФДтФДтФДтФДтФДтФДтФДтФДтФДтФДтФДтФДтФДтФДтФДтФДтФДтФДтФДтФДтФДтФДтФДтФДтФДтФДтФДтФДтФДтФДтФДтФДтФДтФДтФДтФДтФДтФДтФДтФДтФДтФДтФДтФДтФДтФДтФДтФДтФДтФДтФДтФДтФДтФДтФДтФДтФДтФДтФДтФДтФДтФДтФДтФДтФДтФДтФДтФДтФДтФДтФДтФДтФДтФДтФДтФДтФДтФДтФДтФДтФДтФДтФДтФДтФДтФДтФДтФДтФДтФДтФДтФДтФДтФДтФДтФДтФДтФДтФДтФДтФДтФДтФДтФДтФДтФД
тФВ ЁЯРЫ Qq60: targetScale=thinking, score=4
тФФтФАтФАтФАтФАтФАтФАтФАтФАтФАтФАтФАтФАтФАтФАтФАтФАтФАтФАтФАтФАтФАтФАтФАтФАтФАтФАтФАтФАтФАтФАтФАтФАтФАтФАтФАтФАтФАтФАтФАтФАтФАтФАтФАтФАтФАтФАтФАтФАтФАтФАтФАтФАтФАтФАтФАтФАтФАтФАтФАтФАтФАтФАтФАтФАтФАтФАтФАтФАтФАтФАтФАтФАтФАтФАтФАтФАтФАтФАтФАтФАтФАтФАтФАтФАтФАтФАтФАтФАтФАтФАтФАтФАтФАтФАтФАтФАтФАтФАтФАтФАтФАтФАтФАтФАтФАтФАтФАтФАтФАтФАтФАтФАтФАтФАтФАтФАтФАтФАтФА
тФМтФАтФАтФАтФАтФАтФАтФАтФАтФАтФАтФАтФАтФАтФАтФАтФАтФАтФАтФАтФАтФАтФАтФАтФАтФАтФАтФАтФАтФАтФАтФАтФАтФАтФАтФАтФАтФАтФАтФАтФАтФАтФАтФАтФАтФАтФАтФАтФАтФАтФАтФАтФАтФАтФАтФАтФАтФАтФАтФАтФАтФАтФАтФАтФАтФАтФАтФАтФАтФАтФАтФАтФАтФАтФАтФАтФАтФАтФАтФАтФАтФАтФАтФАтФАтФАтФАтФАтФАтФАтФАтФАтФАтФАтФАтФАтФАтФАтФАтФАтФАтФАтФАтФАтФАтФАтФАтФАтФАтФАтФАтФАтФАтФАтФАтФАтФАтФАтФАтФА
тФВ #0   TestService._completeBipolarTest (package:psycho_tests/services/test_service.dart:425:23)
тФВ #1   TestService.completeTest (package:psycho_tests/services/test_service.dart:55:16)
тФЬтФДтФДтФДтФДтФДтФДтФДтФДтФДтФДтФДтФДтФДтФДтФДтФДтФДтФДтФДтФДтФДтФДтФДтФДтФДтФДтФДтФДтФДтФДтФДтФДтФДтФДтФДтФДтФДтФДтФДтФДтФДтФДтФДтФДтФДтФДтФДтФДтФДтФДтФДтФДтФДтФДтФДтФДтФДтФДтФДтФДтФДтФДтФДтФДтФДтФДтФДтФДтФДтФДтФДтФДтФДтФДтФДтФДтФДтФДтФДтФДтФДтФДтФДтФДтФДтФДтФДтФДтФДтФДтФДтФДтФДтФДтФДтФДтФДтФДтФДтФДтФДтФДтФДтФДтФДтФДтФДтФДтФДтФДтФДтФДтФДтФДтФДтФДтФДтФДтФД
тФВ ЁЯРЫ Qq61: targetScale=judging, score=4
тФФтФАтФАтФАтФАтФАтФАтФАтФАтФАтФАтФАтФАтФАтФАтФАтФАтФАтФАтФАтФАтФАтФАтФАтФАтФАтФАтФАтФАтФАтФАтФАтФАтФАтФАтФАтФАтФАтФАтФАтФАтФАтФАтФАтФАтФАтФАтФАтФАтФАтФАтФАтФАтФАтФАтФАтФАтФАтФАтФАтФАтФАтФАтФАтФАтФАтФАтФАтФАтФАтФАтФАтФАтФАтФАтФАтФАтФАтФАтФАтФАтФАтФАтФАтФАтФАтФАтФАтФАтФАтФАтФАтФАтФАтФАтФАтФАтФАтФАтФАтФАтФАтФАтФАтФАтФАтФАтФАтФАтФАтФАтФАтФАтФАтФАтФАтФАтФАтФАтФА
тФМтФАтФАтФАтФАтФАтФАтФАтФАтФАтФАтФАтФАтФАтФАтФАтФАтФАтФАтФАтФАтФАтФАтФАтФАтФАтФАтФАтФАтФАтФАтФАтФАтФАтФАтФАтФАтФАтФАтФАтФАтФАтФАтФАтФАтФАтФАтФАтФАтФАтФАтФАтФАтФАтФАтФАтФАтФАтФАтФАтФАтФАтФАтФАтФАтФАтФАтФАтФАтФАтФАтФАтФАтФАтФАтФАтФАтФАтФАтФАтФАтФАтФАтФАтФАтФАтФАтФАтФАтФАтФАтФАтФАтФАтФАтФАтФАтФАтФАтФАтФАтФАтФАтФАтФАтФАтФАтФАтФАтФАтФАтФАтФАтФАтФАтФАтФАтФАтФАтФА
тФВ #0   TestService._completeBipolarTest (package:psycho_tests/services/test_service.dart:425:23)
тФВ #1   TestService.completeTest (package:psycho_tests/services/test_service.dart:55:16)
тФЬтФДтФДтФДтФДтФДтФДтФДтФДтФДтФДтФДтФДтФДтФДтФДтФДтФДтФДтФДтФДтФДтФДтФДтФДтФДтФДтФДтФДтФДтФДтФДтФДтФДтФДтФДтФДтФДтФДтФДтФДтФДтФДтФДтФДтФДтФДтФДтФДтФДтФДтФДтФДтФДтФДтФДтФДтФДтФДтФДтФДтФДтФДтФДтФДтФДтФДтФДтФДтФДтФДтФДтФДтФДтФДтФДтФДтФДтФДтФДтФДтФДтФДтФДтФДтФДтФДтФДтФДтФДтФДтФДтФДтФДтФДтФДтФДтФДтФДтФДтФДтФДтФДтФДтФДтФДтФДтФДтФДтФДтФДтФДтФДтФДтФДтФДтФДтФДтФДтФД
тФВ ЁЯРЫ Qq62: targetScale=judging, score=4
тФФтФАтФАтФАтФАтФАтФАтФАтФАтФАтФАтФАтФАтФАтФАтФАтФАтФАтФАтФАтФАтФАтФАтФАтФАтФАтФАтФАтФАтФАтФАтФАтФАтФАтФАтФАтФАтФАтФАтФАтФАтФАтФАтФАтФАтФАтФАтФАтФАтФАтФАтФАтФАтФАтФАтФАтФАтФАтФАтФАтФАтФАтФАтФАтФАтФАтФАтФАтФАтФАтФАтФАтФАтФАтФАтФАтФАтФАтФАтФАтФАтФАтФАтФАтФАтФАтФАтФАтФАтФАтФАтФАтФАтФАтФАтФАтФАтФАтФАтФАтФАтФАтФАтФАтФАтФАтФАтФАтФАтФАтФАтФАтФАтФАтФАтФАтФАтФАтФАтФА
тФМтФАтФАтФАтФАтФАтФАтФАтФАтФАтФАтФАтФАтФАтФАтФАтФАтФАтФАтФАтФАтФАтФАтФАтФАтФАтФАтФАтФАтФАтФАтФАтФАтФАтФАтФАтФАтФАтФАтФАтФАтФАтФАтФАтФАтФАтФАтФАтФАтФАтФАтФАтФАтФАтФАтФАтФАтФАтФАтФАтФАтФАтФАтФАтФАтФАтФАтФАтФАтФАтФАтФАтФАтФАтФАтФАтФАтФАтФАтФАтФАтФАтФАтФАтФАтФАтФАтФАтФАтФАтФАтФАтФАтФАтФАтФАтФАтФАтФАтФАтФАтФАтФАтФАтФАтФАтФАтФАтФАтФАтФАтФАтФАтФАтФАтФАтФАтФАтФАтФА
тФВ #0   TestService._completeBipolarTest (package:psycho_tests/services/test_service.dart:425:23)
тФВ #1   TestService.completeTest (package:psycho_tests/services/test_service.dart:55:16)
тФЬтФДтФДтФДтФДтФДтФДтФДтФДтФДтФДтФДтФДтФДтФДтФДтФДтФДтФДтФДтФДтФДтФДтФДтФДтФДтФДтФДтФДтФДтФДтФДтФДтФДтФДтФДтФДтФДтФДтФДтФДтФДтФДтФДтФДтФДтФДтФДтФДтФДтФДтФДтФДтФДтФДтФДтФДтФДтФДтФДтФДтФДтФДтФДтФДтФДтФДтФДтФДтФДтФДтФДтФДтФДтФДтФДтФДтФДтФДтФДтФДтФДтФДтФДтФДтФДтФДтФДтФДтФДтФДтФДтФДтФДтФДтФДтФДтФДтФДтФДтФДтФДтФДтФДтФДтФДтФДтФДтФДтФДтФДтФДтФДтФДтФДтФДтФДтФДтФДтФД
тФВ ЁЯРЫ Qq63: targetScale=judging, score=4
тФФтФАтФАтФАтФАтФАтФАтФАтФАтФАтФАтФАтФАтФАтФАтФАтФАтФАтФАтФАтФАтФАтФАтФАтФАтФАтФАтФАтФАтФАтФАтФАтФАтФАтФАтФАтФАтФАтФАтФАтФАтФАтФАтФАтФАтФАтФАтФАтФАтФАтФАтФАтФАтФАтФАтФАтФАтФАтФАтФАтФАтФАтФАтФАтФАтФАтФАтФАтФАтФАтФАтФАтФАтФАтФАтФАтФАтФАтФАтФАтФАтФАтФАтФАтФАтФАтФАтФАтФАтФАтФАтФАтФАтФАтФАтФАтФАтФАтФАтФАтФАтФАтФАтФАтФАтФАтФАтФАтФАтФАтФАтФАтФАтФАтФАтФАтФАтФАтФАтФА
тФМтФАтФАтФАтФАтФАтФАтФАтФАтФАтФАтФАтФАтФАтФАтФАтФАтФАтФАтФАтФАтФАтФАтФАтФАтФАтФАтФАтФАтФАтФАтФАтФАтФАтФАтФАтФАтФАтФАтФАтФАтФАтФАтФАтФАтФАтФАтФАтФАтФАтФАтФАтФАтФАтФАтФАтФАтФАтФАтФАтФАтФАтФАтФАтФАтФАтФАтФАтФАтФАтФАтФАтФАтФАтФАтФАтФАтФАтФАтФАтФАтФАтФАтФАтФАтФАтФАтФАтФАтФАтФАтФАтФАтФАтФАтФАтФАтФАтФАтФАтФАтФАтФАтФАтФАтФАтФАтФАтФАтФАтФАтФАтФАтФАтФАтФАтФАтФАтФАтФА
тФВ #0   TestService._completeBipolarTest (package:psycho_tests/services/test_service.dart:425:23)
тФВ #1   TestService.completeTest (package:psycho_tests/services/test_service.dart:55:16)
тФЬтФДтФДтФДтФДтФДтФДтФДтФДтФДтФДтФДтФДтФДтФДтФДтФДтФДтФДтФДтФДтФДтФДтФДтФДтФДтФДтФДтФДтФДтФДтФДтФДтФДтФДтФДтФДтФДтФДтФДтФДтФДтФДтФДтФДтФДтФДтФДтФДтФДтФДтФДтФДтФДтФДтФДтФДтФДтФДтФДтФДтФДтФДтФДтФДтФДтФДтФДтФДтФДтФДтФДтФДтФДтФДтФДтФДтФДтФДтФДтФДтФДтФДтФДтФДтФДтФДтФДтФДтФДтФДтФДтФДтФДтФДтФДтФДтФДтФДтФДтФДтФДтФДтФДтФДтФДтФДтФДтФДтФДтФДтФДтФДтФДтФДтФДтФДтФДтФДтФД
тФВ ЁЯРЫ Qq64: targetScale=judging, score=4
тФФтФАтФАтФАтФАтФАтФАтФАтФАтФАтФАтФАтФАтФАтФАтФАтФАтФАтФАтФАтФАтФАтФАтФАтФАтФАтФАтФАтФАтФАтФАтФАтФАтФАтФАтФАтФАтФАтФАтФАтФАтФАтФАтФАтФАтФАтФАтФАтФАтФАтФАтФАтФАтФАтФАтФАтФАтФАтФАтФАтФАтФАтФАтФАтФАтФАтФАтФАтФАтФАтФАтФАтФАтФАтФАтФАтФАтФАтФАтФАтФАтФАтФАтФАтФАтФАтФАтФАтФАтФАтФАтФАтФАтФАтФАтФАтФАтФАтФАтФАтФАтФАтФАтФАтФАтФАтФАтФАтФАтФАтФАтФАтФАтФАтФАтФАтФАтФАтФАтФА
тФМтФАтФАтФАтФАтФАтФАтФАтФАтФАтФАтФАтФАтФАтФАтФАтФАтФАтФАтФАтФАтФАтФАтФАтФАтФАтФАтФАтФАтФАтФАтФАтФАтФАтФАтФАтФАтФАтФАтФАтФАтФАтФАтФАтФАтФАтФАтФАтФАтФАтФАтФАтФАтФАтФАтФАтФАтФАтФАтФАтФАтФАтФАтФАтФАтФАтФАтФАтФАтФАтФАтФАтФАтФАтФАтФАтФАтФАтФАтФАтФАтФАтФАтФАтФАтФАтФАтФАтФАтФАтФАтФАтФАтФАтФАтФАтФАтФАтФАтФАтФАтФАтФАтФАтФАтФАтФАтФАтФАтФАтФАтФАтФАтФАтФАтФАтФАтФАтФАтФА
тФВ #0   TestService._completeBipolarTest (package:psycho_tests/services/test_service.dart:425:23)
тФВ #1   TestService.completeTest (package:psycho_tests/services/test_service.dart:55:16)
тФЬтФДтФДтФДтФДтФДтФДтФДтФДтФДтФДтФДтФДтФДтФДтФДтФДтФДтФДтФДтФДтФДтФДтФДтФДтФДтФДтФДтФДтФДтФДтФДтФДтФДтФДтФДтФДтФДтФДтФДтФДтФДтФДтФДтФДтФДтФДтФДтФДтФДтФДтФДтФДтФДтФДтФДтФДтФДтФДтФДтФДтФДтФДтФДтФДтФДтФДтФДтФДтФДтФДтФДтФДтФДтФДтФДтФДтФДтФДтФДтФДтФДтФДтФДтФДтФДтФДтФДтФДтФДтФДтФДтФДтФДтФДтФДтФДтФДтФДтФДтФДтФДтФДтФДтФДтФДтФДтФДтФДтФДтФДтФДтФДтФДтФДтФДтФДтФДтФДтФД
тФВ ЁЯРЫ Qq65: targetScale=perceiving, score=4
тФФтФАтФАтФАтФАтФАтФАтФАтФАтФАтФАтФАтФАтФАтФАтФАтФАтФАтФАтФАтФАтФАтФАтФАтФАтФАтФАтФАтФАтФАтФАтФАтФАтФАтФАтФАтФАтФАтФАтФАтФАтФАтФАтФАтФАтФАтФАтФАтФАтФАтФАтФАтФАтФАтФАтФАтФАтФАтФАтФАтФАтФАтФАтФАтФАтФАтФАтФАтФАтФАтФАтФАтФАтФАтФАтФАтФАтФАтФАтФАтФАтФАтФАтФАтФАтФАтФАтФАтФАтФАтФАтФАтФАтФАтФАтФАтФАтФАтФАтФАтФАтФАтФАтФАтФАтФАтФАтФАтФАтФАтФАтФАтФАтФАтФАтФАтФАтФАтФАтФА
тФМтФАтФАтФАтФАтФАтФАтФАтФАтФАтФАтФАтФАтФАтФАтФАтФАтФАтФАтФАтФАтФАтФАтФАтФАтФАтФАтФАтФАтФАтФАтФАтФАтФАтФАтФАтФАтФАтФАтФАтФАтФАтФАтФАтФАтФАтФАтФАтФАтФАтФАтФАтФАтФАтФАтФАтФАтФАтФАтФАтФАтФАтФАтФАтФАтФАтФАтФАтФАтФАтФАтФАтФАтФАтФАтФАтФАтФАтФАтФАтФАтФАтФАтФАтФАтФАтФАтФАтФАтФАтФАтФАтФАтФАтФАтФАтФАтФАтФАтФАтФАтФАтФАтФАтФАтФАтФАтФАтФАтФАтФАтФАтФАтФАтФАтФАтФАтФАтФАтФА
тФВ #0   TestService._completeBipolarTest (package:psycho_tests/services/test_service.dart:425:23)
тФВ #1   TestService.completeTest (package:psycho_tests/services/test_service.dart:55:16)
тФЬтФДтФДтФДтФДтФДтФДтФДтФДтФДтФДтФДтФДтФДтФДтФДтФДтФДтФДтФДтФДтФДтФДтФДтФДтФДтФДтФДтФДтФДтФДтФДтФДтФДтФДтФДтФДтФДтФДтФДтФДтФДтФДтФДтФДтФДтФДтФДтФДтФДтФДтФДтФДтФДтФДтФДтФДтФДтФДтФДтФДтФДтФДтФДтФДтФДтФДтФДтФДтФДтФДтФДтФДтФДтФДтФДтФДтФДтФДтФДтФДтФДтФДтФДтФДтФДтФДтФДтФДтФДтФДтФДтФДтФДтФДтФДтФДтФДтФДтФДтФДтФДтФДтФДтФДтФДтФДтФДтФДтФДтФДтФДтФДтФДтФДтФДтФДтФДтФДтФД
тФВ ЁЯРЫ Qq66: targetScale=perceiving, score=4
тФФтФАтФАтФАтФАтФАтФАтФАтФАтФАтФАтФАтФАтФАтФАтФАтФАтФАтФАтФАтФАтФАтФАтФАтФАтФАтФАтФАтФАтФАтФАтФАтФАтФАтФАтФАтФАтФАтФАтФАтФАтФАтФАтФАтФАтФАтФАтФАтФАтФАтФАтФАтФАтФАтФАтФАтФАтФАтФАтФАтФАтФАтФАтФАтФАтФАтФАтФАтФАтФАтФАтФАтФАтФАтФАтФАтФАтФАтФАтФАтФАтФАтФАтФАтФАтФАтФАтФАтФАтФАтФАтФАтФАтФАтФАтФАтФАтФАтФАтФАтФАтФАтФАтФАтФАтФАтФАтФАтФАтФАтФАтФАтФАтФАтФАтФАтФАтФАтФАтФА
тФМтФАтФАтФАтФАтФАтФАтФАтФАтФАтФАтФАтФАтФАтФАтФАтФАтФАтФАтФАтФАтФАтФАтФАтФАтФАтФАтФАтФАтФАтФАтФАтФАтФАтФАтФАтФАтФАтФАтФАтФАтФАтФАтФАтФАтФАтФАтФАтФАтФАтФАтФАтФАтФАтФАтФАтФАтФАтФАтФАтФАтФАтФАтФАтФАтФАтФАтФАтФАтФАтФАтФАтФАтФАтФАтФАтФАтФАтФАтФАтФАтФАтФАтФАтФАтФАтФАтФАтФАтФАтФАтФАтФАтФАтФАтФАтФАтФАтФАтФАтФАтФАтФАтФАтФАтФАтФАтФАтФАтФАтФАтФАтФАтФАтФАтФАтФАтФАтФАтФА
тФВ #0   TestService._completeBipolarTest (package:psycho_tests/services/test_service.dart:425:23)
тФВ #1   TestService.completeTest (package:psycho_tests/services/test_service.dart:55:16)
тФЬтФДтФДтФДтФДтФДтФДтФДтФДтФДтФДтФДтФДтФДтФДтФДтФДтФДтФДтФДтФДтФДтФДтФДтФДтФДтФДтФДтФДтФДтФДтФДтФДтФДтФДтФДтФДтФДтФДтФДтФДтФДтФДтФДтФДтФДтФДтФДтФДтФДтФДтФДтФДтФДтФДтФДтФДтФДтФДтФДтФДтФДтФДтФДтФДтФДтФДтФДтФДтФДтФДтФДтФДтФДтФДтФДтФДтФДтФДтФДтФДтФДтФДтФДтФДтФДтФДтФДтФДтФДтФДтФДтФДтФДтФДтФДтФДтФДтФДтФДтФДтФДтФДтФДтФДтФДтФДтФДтФДтФДтФДтФДтФДтФДтФДтФДтФДтФДтФДтФД
тФВ ЁЯРЫ Qq67: targetScale=perceiving, score=4
тФФтФАтФАтФАтФАтФАтФАтФАтФАтФАтФАтФАтФАтФАтФАтФАтФАтФАтФАтФАтФАтФАтФАтФАтФАтФАтФАтФАтФАтФАтФАтФАтФАтФАтФАтФАтФАтФАтФАтФАтФАтФАтФАтФАтФАтФАтФАтФАтФАтФАтФАтФАтФАтФАтФАтФАтФАтФАтФАтФАтФАтФАтФАтФАтФАтФАтФАтФАтФАтФАтФАтФАтФАтФАтФАтФАтФАтФАтФАтФАтФАтФАтФАтФАтФАтФАтФАтФАтФАтФАтФАтФАтФАтФАтФАтФАтФАтФАтФАтФАтФАтФАтФАтФАтФАтФАтФАтФАтФАтФАтФАтФАтФАтФАтФАтФАтФАтФАтФАтФА
тФМтФАтФАтФАтФАтФАтФАтФАтФАтФАтФАтФАтФАтФАтФАтФАтФАтФАтФАтФАтФАтФАтФАтФАтФАтФАтФАтФАтФАтФАтФАтФАтФАтФАтФАтФАтФАтФАтФАтФАтФАтФАтФАтФАтФАтФАтФАтФАтФАтФАтФАтФАтФАтФАтФАтФАтФАтФАтФАтФАтФАтФАтФАтФАтФАтФАтФАтФАтФАтФАтФАтФАтФАтФАтФАтФАтФАтФАтФАтФАтФАтФАтФАтФАтФАтФАтФАтФАтФАтФАтФАтФАтФАтФАтФАтФАтФАтФАтФАтФАтФАтФАтФАтФАтФАтФАтФАтФАтФАтФАтФАтФАтФАтФАтФАтФАтФАтФАтФАтФА
тФВ #0   TestService._completeBipolarTest (package:psycho_tests/services/test_service.dart:425:23)
тФВ #1   TestService.completeTest (package:psycho_tests/services/test_service.dart:55:16)
тФЬтФДтФДтФДтФДтФДтФДтФДтФДтФДтФДтФДтФДтФДтФДтФДтФДтФДтФДтФДтФДтФДтФДтФДтФДтФДтФДтФДтФДтФДтФДтФДтФДтФДтФДтФДтФДтФДтФДтФДтФДтФДтФДтФДтФДтФДтФДтФДтФДтФДтФДтФДтФДтФДтФДтФДтФДтФДтФДтФДтФДтФДтФДтФДтФДтФДтФДтФДтФДтФДтФДтФДтФДтФДтФДтФДтФДтФДтФДтФДтФДтФДтФДтФДтФДтФДтФДтФДтФДтФДтФДтФДтФДтФДтФДтФДтФДтФДтФДтФДтФДтФДтФДтФДтФДтФДтФДтФДтФДтФДтФДтФДтФДтФДтФДтФДтФДтФДтФДтФД
тФВ ЁЯРЫ Qq68: targetScale=perceiving, score=4
тФФтФАтФАтФАтФАтФАтФАтФАтФАтФАтФАтФАтФАтФАтФАтФАтФАтФАтФАтФАтФАтФАтФАтФАтФАтФАтФАтФАтФАтФАтФАтФАтФАтФАтФАтФАтФАтФАтФАтФАтФАтФАтФАтФАтФАтФАтФАтФАтФАтФАтФАтФАтФАтФАтФАтФАтФАтФАтФАтФАтФАтФАтФАтФАтФАтФАтФАтФАтФАтФАтФАтФАтФАтФАтФАтФАтФАтФАтФАтФАтФАтФАтФАтФАтФАтФАтФАтФАтФАтФАтФАтФАтФАтФАтФАтФАтФАтФАтФАтФАтФАтФАтФАтФАтФАтФАтФАтФАтФАтФАтФАтФАтФАтФАтФАтФАтФАтФАтФАтФА
тФМтФАтФАтФАтФАтФАтФАтФАтФАтФАтФАтФАтФАтФАтФАтФАтФАтФАтФАтФАтФАтФАтФАтФАтФАтФАтФАтФАтФАтФАтФАтФАтФАтФАтФАтФАтФАтФАтФАтФАтФАтФАтФАтФАтФАтФАтФАтФАтФАтФАтФАтФАтФАтФАтФАтФАтФАтФАтФАтФАтФАтФАтФАтФАтФАтФАтФАтФАтФАтФАтФАтФАтФАтФАтФАтФАтФАтФАтФАтФАтФАтФАтФАтФАтФАтФАтФАтФАтФАтФАтФАтФАтФАтФАтФАтФАтФАтФАтФАтФАтФАтФАтФАтФАтФАтФАтФАтФАтФАтФАтФАтФАтФАтФАтФАтФАтФАтФАтФАтФА
тФВ #0   TestService._completeBipolarTest (package:psycho_tests/services/test_service.dart:425:23)
тФВ #1   TestService.completeTest (package:psycho_tests/services/test_service.dart:55:16)
тФЬтФДтФДтФДтФДтФДтФДтФДтФДтФДтФДтФДтФДтФДтФДтФДтФДтФДтФДтФДтФДтФДтФДтФДтФДтФДтФДтФДтФДтФДтФДтФДтФДтФДтФДтФДтФДтФДтФДтФДтФДтФДтФДтФДтФДтФДтФДтФДтФДтФДтФДтФДтФДтФДтФДтФДтФДтФДтФДтФДтФДтФДтФДтФДтФДтФДтФДтФДтФДтФДтФДтФДтФДтФДтФДтФДтФДтФДтФДтФДтФДтФДтФДтФДтФДтФДтФДтФДтФДтФДтФДтФДтФДтФДтФДтФДтФДтФДтФДтФДтФДтФДтФДтФДтФДтФДтФДтФДтФДтФДтФДтФДтФДтФДтФДтФДтФДтФДтФДтФД
тФВ ЁЯРЫ Qq69: targetScale=judging, score=4
тФФтФАтФАтФАтФАтФАтФАтФАтФАтФАтФАтФАтФАтФАтФАтФАтФАтФАтФАтФАтФАтФАтФАтФАтФАтФАтФАтФАтФАтФАтФАтФАтФАтФАтФАтФАтФАтФАтФАтФАтФАтФАтФАтФАтФАтФАтФАтФАтФАтФАтФАтФАтФАтФАтФАтФАтФАтФАтФАтФАтФАтФАтФАтФАтФАтФАтФАтФАтФАтФАтФАтФАтФАтФАтФАтФАтФАтФАтФАтФАтФАтФАтФАтФАтФАтФАтФАтФАтФАтФАтФАтФАтФАтФАтФАтФАтФАтФАтФАтФАтФАтФАтФАтФАтФАтФАтФАтФАтФАтФАтФАтФАтФАтФАтФАтФАтФАтФАтФАтФА
тФМтФАтФАтФАтФАтФАтФАтФАтФАтФАтФАтФАтФАтФАтФАтФАтФАтФАтФАтФАтФАтФАтФАтФАтФАтФАтФАтФАтФАтФАтФАтФАтФАтФАтФАтФАтФАтФАтФАтФАтФАтФАтФАтФАтФАтФАтФАтФАтФАтФАтФАтФАтФАтФАтФАтФАтФАтФАтФАтФАтФАтФАтФАтФАтФАтФАтФАтФАтФАтФАтФАтФАтФАтФАтФАтФАтФАтФАтФАтФАтФАтФАтФАтФАтФАтФАтФАтФАтФАтФАтФАтФАтФАтФАтФАтФАтФАтФАтФАтФАтФАтФАтФАтФАтФАтФАтФАтФАтФАтФАтФАтФАтФАтФАтФАтФАтФАтФАтФАтФА
тФВ #0   TestService._completeBipolarTest (package:psycho_tests/services/test_service.dart:425:23)
тФВ #1   TestService.completeTest (package:psycho_tests/services/test_service.dart:55:16)
тФЬтФДтФДтФДтФДтФДтФДтФДтФДтФДтФДтФДтФДтФДтФДтФДтФДтФДтФДтФДтФДтФДтФДтФДтФДтФДтФДтФДтФДтФДтФДтФДтФДтФДтФДтФДтФДтФДтФДтФДтФДтФДтФДтФДтФДтФДтФДтФДтФДтФДтФДтФДтФДтФДтФДтФДтФДтФДтФДтФДтФДтФДтФДтФДтФДтФДтФДтФДтФДтФДтФДтФДтФДтФДтФДтФДтФДтФДтФДтФДтФДтФДтФДтФДтФДтФДтФДтФДтФДтФДтФДтФДтФДтФДтФДтФДтФДтФДтФДтФДтФДтФДтФДтФДтФДтФДтФДтФДтФДтФДтФДтФДтФДтФДтФДтФДтФДтФДтФДтФД
тФВ ЁЯРЫ Qq70: targetScale=perceiving, score=4
тФФтФАтФАтФАтФАтФАтФАтФАтФАтФАтФАтФАтФАтФАтФАтФАтФАтФАтФАтФАтФАтФАтФАтФАтФАтФАтФАтФАтФАтФАтФАтФАтФАтФАтФАтФАтФАтФАтФАтФАтФАтФАтФАтФАтФАтФАтФАтФАтФАтФАтФАтФАтФАтФАтФАтФАтФАтФАтФАтФАтФАтФАтФАтФАтФАтФАтФАтФАтФАтФАтФАтФАтФАтФАтФАтФАтФАтФАтФАтФАтФАтФАтФАтФАтФАтФАтФАтФАтФАтФАтФАтФАтФАтФАтФАтФАтФАтФАтФАтФАтФАтФАтФАтФАтФАтФАтФАтФАтФАтФАтФАтФАтФАтФАтФАтФАтФАтФАтФАтФА
тФМтФАтФАтФАтФАтФАтФАтФАтФАтФАтФАтФАтФАтФАтФАтФАтФАтФАтФАтФАтФАтФАтФАтФАтФАтФАтФАтФАтФАтФАтФАтФАтФАтФАтФАтФАтФАтФАтФАтФАтФАтФАтФАтФАтФАтФАтФАтФАтФАтФАтФАтФАтФАтФАтФАтФАтФАтФАтФАтФАтФАтФАтФАтФАтФАтФАтФАтФАтФАтФАтФАтФАтФАтФАтФАтФАтФАтФАтФАтФАтФАтФАтФАтФАтФАтФАтФАтФАтФАтФАтФАтФАтФАтФАтФАтФАтФАтФАтФАтФАтФАтФАтФАтФАтФАтФАтФАтФАтФАтФАтФАтФАтФАтФАтФАтФАтФАтФАтФАтФА
тФВ #0   TestService._completeBipolarTest (package:psycho_tests/services/test_service.dart:425:23)
тФВ #1   TestService.completeTest (package:psycho_tests/services/test_service.dart:55:16)
тФЬтФДтФДтФДтФДтФДтФДтФДтФДтФДтФДтФДтФДтФДтФДтФДтФДтФДтФДтФДтФДтФДтФДтФДтФДтФДтФДтФДтФДтФДтФДтФДтФДтФДтФДтФДтФДтФДтФДтФДтФДтФДтФДтФДтФДтФДтФДтФДтФДтФДтФДтФДтФДтФДтФДтФДтФДтФДтФДтФДтФДтФДтФДтФДтФДтФДтФДтФДтФДтФДтФДтФДтФДтФДтФДтФДтФДтФДтФДтФДтФДтФДтФДтФДтФДтФДтФДтФДтФДтФДтФДтФДтФДтФДтФДтФДтФДтФДтФДтФДтФДтФДтФДтФДтФДтФДтФДтФДтФДтФДтФДтФДтФДтФДтФДтФДтФДтФДтФДтФД
тФВ ЁЯРЫ Qq71: targetScale=judging, score=4
тФФтФАтФАтФАтФАтФАтФАтФАтФАтФАтФАтФАтФАтФАтФАтФАтФАтФАтФАтФАтФАтФАтФАтФАтФАтФАтФАтФАтФАтФАтФАтФАтФАтФАтФАтФАтФАтФАтФАтФАтФАтФАтФАтФАтФАтФАтФАтФАтФАтФАтФАтФАтФАтФАтФАтФАтФАтФАтФАтФАтФАтФАтФАтФАтФАтФАтФАтФАтФАтФАтФАтФАтФАтФАтФАтФАтФАтФАтФАтФАтФАтФАтФАтФАтФАтФАтФАтФАтФАтФАтФАтФАтФАтФАтФАтФАтФАтФАтФАтФАтФАтФАтФАтФАтФАтФАтФАтФАтФАтФАтФАтФАтФАтФАтФАтФАтФАтФАтФАтФА
тФМтФАтФАтФАтФАтФАтФАтФАтФАтФАтФАтФАтФАтФАтФАтФАтФАтФАтФАтФАтФАтФАтФАтФАтФАтФАтФАтФАтФАтФАтФАтФАтФАтФАтФАтФАтФАтФАтФАтФАтФАтФАтФАтФАтФАтФАтФАтФАтФАтФАтФАтФАтФАтФАтФАтФАтФАтФАтФАтФАтФАтФАтФАтФАтФАтФАтФАтФАтФАтФАтФАтФАтФАтФАтФАтФАтФАтФАтФАтФАтФАтФАтФАтФАтФАтФАтФАтФАтФАтФАтФАтФАтФАтФАтФАтФАтФАтФАтФАтФАтФАтФАтФАтФАтФАтФАтФАтФАтФАтФАтФАтФАтФАтФАтФАтФАтФАтФАтФАтФА
тФВ #0   TestService._completeBipolarTest (package:psycho_tests/services/test_service.dart:425:23)
тФВ #1   TestService.completeTest (package:psycho_tests/services/test_service.dart:55:16)
тФЬтФДтФДтФДтФДтФДтФДтФДтФДтФДтФДтФДтФДтФДтФДтФДтФДтФДтФДтФДтФДтФДтФДтФДтФДтФДтФДтФДтФДтФДтФДтФДтФДтФДтФДтФДтФДтФДтФДтФДтФДтФДтФДтФДтФДтФДтФДтФДтФДтФДтФДтФДтФДтФДтФДтФДтФДтФДтФДтФДтФДтФДтФДтФДтФДтФДтФДтФДтФДтФДтФДтФДтФДтФДтФДтФДтФДтФДтФДтФДтФДтФДтФДтФДтФДтФДтФДтФДтФДтФДтФДтФДтФДтФДтФДтФДтФДтФДтФДтФДтФДтФДтФДтФДтФДтФДтФДтФДтФДтФДтФДтФДтФДтФДтФДтФДтФДтФДтФДтФД
тФВ ЁЯРЫ Qq72: targetScale=perceiving, score=4
тФФтФАтФАтФАтФАтФАтФАтФАтФАтФАтФАтФАтФАтФАтФАтФАтФАтФАтФАтФАтФАтФАтФАтФАтФАтФАтФАтФАтФАтФАтФАтФАтФАтФАтФАтФАтФАтФАтФАтФАтФАтФАтФАтФАтФАтФАтФАтФАтФАтФАтФАтФАтФАтФАтФАтФАтФАтФАтФАтФАтФАтФАтФАтФАтФАтФАтФАтФАтФАтФАтФАтФАтФАтФАтФАтФАтФАтФАтФАтФАтФАтФАтФАтФАтФАтФАтФАтФАтФАтФАтФАтФАтФАтФАтФАтФАтФАтФАтФАтФАтФАтФАтФАтФАтФАтФАтФАтФАтФАтФАтФАтФАтФАтФАтФАтФАтФАтФАтФАтФА
тФМтФАтФАтФАтФАтФАтФАтФАтФАтФАтФАтФАтФАтФАтФАтФАтФАтФАтФАтФАтФАтФАтФАтФАтФАтФАтФАтФАтФАтФАтФАтФАтФАтФАтФАтФАтФАтФАтФАтФАтФАтФАтФАтФАтФАтФАтФАтФАтФАтФАтФАтФАтФАтФАтФАтФАтФАтФАтФАтФАтФАтФАтФАтФАтФАтФАтФАтФАтФАтФАтФАтФАтФАтФАтФАтФАтФАтФАтФАтФАтФАтФАтФАтФАтФАтФАтФАтФАтФАтФАтФАтФАтФАтФАтФАтФАтФАтФАтФАтФАтФАтФАтФАтФАтФАтФАтФАтФАтФАтФАтФАтФАтФАтФАтФАтФАтФАтФАтФАтФА
тФВ #0   TestService._completeBipolarTest (package:psycho_tests/services/test_service.dart:425:23)
тФВ #1   TestService.completeTest (package:psycho_tests/services/test_service.dart:55:16)
тФЬтФДтФДтФДтФДтФДтФДтФДтФДтФДтФДтФДтФДтФДтФДтФДтФДтФДтФДтФДтФДтФДтФДтФДтФДтФДтФДтФДтФДтФДтФДтФДтФДтФДтФДтФДтФДтФДтФДтФДтФДтФДтФДтФДтФДтФДтФДтФДтФДтФДтФДтФДтФДтФДтФДтФДтФДтФДтФДтФДтФДтФДтФДтФДтФДтФДтФДтФДтФДтФДтФДтФДтФДтФДтФДтФДтФДтФДтФДтФДтФДтФДтФДтФДтФДтФДтФДтФДтФДтФДтФДтФДтФДтФДтФДтФДтФДтФДтФДтФДтФДтФДтФДтФДтФДтФДтФДтФДтФДтФДтФДтФДтФДтФДтФДтФДтФДтФДтФДтФД
тФВ ЁЯРЫ Qq73: targetScale=judging, score=4
тФФтФАтФАтФАтФАтФАтФАтФАтФАтФАтФАтФАтФАтФАтФАтФАтФАтФАтФАтФАтФАтФАтФАтФАтФАтФАтФАтФАтФАтФАтФАтФАтФАтФАтФАтФАтФАтФАтФАтФАтФАтФАтФАтФАтФАтФАтФАтФАтФАтФАтФАтФАтФАтФАтФАтФАтФАтФАтФАтФАтФАтФАтФАтФАтФАтФАтФАтФАтФАтФАтФАтФАтФАтФАтФАтФАтФАтФАтФАтФАтФАтФАтФАтФАтФАтФАтФАтФАтФАтФАтФАтФАтФАтФАтФАтФАтФАтФАтФАтФАтФАтФАтФАтФАтФАтФАтФАтФАтФАтФАтФАтФАтФАтФАтФАтФАтФАтФАтФАтФА
тФМтФАтФАтФАтФАтФАтФАтФАтФАтФАтФАтФАтФАтФАтФАтФАтФАтФАтФАтФАтФАтФАтФАтФАтФАтФАтФАтФАтФАтФАтФАтФАтФАтФАтФАтФАтФАтФАтФАтФАтФАтФАтФАтФАтФАтФАтФАтФАтФАтФАтФАтФАтФАтФАтФАтФАтФАтФАтФАтФАтФАтФАтФАтФАтФАтФАтФАтФАтФАтФАтФАтФАтФАтФАтФАтФАтФАтФАтФАтФАтФАтФАтФАтФАтФАтФАтФАтФАтФАтФАтФАтФАтФАтФАтФАтФАтФАтФАтФАтФАтФАтФАтФАтФАтФАтФАтФАтФАтФАтФАтФАтФАтФАтФАтФАтФАтФАтФАтФАтФА
тФВ #0   TestService._completeBipolarTest (package:psycho_tests/services/test_service.dart:425:23)
тФВ #1   TestService.completeTest (package:psycho_tests/services/test_service.dart:55:16)
тФЬтФДтФДтФДтФДтФДтФДтФДтФДтФДтФДтФДтФДтФДтФДтФДтФДтФДтФДтФДтФДтФДтФДтФДтФДтФДтФДтФДтФДтФДтФДтФДтФДтФДтФДтФДтФДтФДтФДтФДтФДтФДтФДтФДтФДтФДтФДтФДтФДтФДтФДтФДтФДтФДтФДтФДтФДтФДтФДтФДтФДтФДтФДтФДтФДтФДтФДтФДтФДтФДтФДтФДтФДтФДтФДтФДтФДтФДтФДтФДтФДтФДтФДтФДтФДтФДтФДтФДтФДтФДтФДтФДтФДтФДтФДтФДтФДтФДтФДтФДтФДтФДтФДтФДтФДтФДтФДтФДтФДтФДтФДтФДтФДтФДтФДтФДтФДтФДтФДтФД
тФВ ЁЯРЫ Qq74: targetScale=perceiving, score=4
тФФтФАтФАтФАтФАтФАтФАтФАтФАтФАтФАтФАтФАтФАтФАтФАтФАтФАтФАтФАтФАтФАтФАтФАтФАтФАтФАтФАтФАтФАтФАтФАтФАтФАтФАтФАтФАтФАтФАтФАтФАтФАтФАтФАтФАтФАтФАтФАтФАтФАтФАтФАтФАтФАтФАтФАтФАтФАтФАтФАтФАтФАтФАтФАтФАтФАтФАтФАтФАтФАтФАтФАтФАтФАтФАтФАтФАтФАтФАтФАтФАтФАтФАтФАтФАтФАтФАтФАтФАтФАтФАтФАтФАтФАтФАтФАтФАтФАтФАтФАтФАтФАтФАтФАтФАтФАтФАтФАтФАтФАтФАтФАтФАтФАтФАтФАтФАтФАтФАтФА
тФМтФАтФАтФАтФАтФАтФАтФАтФАтФАтФАтФАтФАтФАтФАтФАтФАтФАтФАтФАтФАтФАтФАтФАтФАтФАтФАтФАтФАтФАтФАтФАтФАтФАтФАтФАтФАтФАтФАтФАтФАтФАтФАтФАтФАтФАтФАтФАтФАтФАтФАтФАтФАтФАтФАтФАтФАтФАтФАтФАтФАтФАтФАтФАтФАтФАтФАтФАтФАтФАтФАтФАтФАтФАтФАтФАтФАтФАтФАтФАтФАтФАтФАтФАтФАтФАтФАтФАтФАтФАтФАтФАтФАтФАтФАтФАтФАтФАтФАтФАтФАтФАтФАтФАтФАтФАтФАтФАтФАтФАтФАтФАтФАтФАтФАтФАтФАтФАтФАтФА
тФВ #0   TestService._completeBipolarTest (package:psycho_tests/services/test_service.dart:425:23)
тФВ #1   TestService.completeTest (package:psycho_tests/services/test_service.dart:55:16)
тФЬтФДтФДтФДтФДтФДтФДтФДтФДтФДтФДтФДтФДтФДтФДтФДтФДтФДтФДтФДтФДтФДтФДтФДтФДтФДтФДтФДтФДтФДтФДтФДтФДтФДтФДтФДтФДтФДтФДтФДтФДтФДтФДтФДтФДтФДтФДтФДтФДтФДтФДтФДтФДтФДтФДтФДтФДтФДтФДтФДтФДтФДтФДтФДтФДтФДтФДтФДтФДтФДтФДтФДтФДтФДтФДтФДтФДтФДтФДтФДтФДтФДтФДтФДтФДтФДтФДтФДтФДтФДтФДтФДтФДтФДтФДтФДтФДтФДтФДтФДтФДтФДтФДтФДтФДтФДтФДтФДтФДтФДтФДтФДтФДтФДтФДтФДтФДтФДтФДтФД
тФВ ЁЯРЫ Qq75: targetScale=judging, score=4
тФФтФАтФАтФАтФАтФАтФАтФАтФАтФАтФАтФАтФАтФАтФАтФАтФАтФАтФАтФАтФАтФАтФАтФАтФАтФАтФАтФАтФАтФАтФАтФАтФАтФАтФАтФАтФАтФАтФАтФАтФАтФАтФАтФАтФАтФАтФАтФАтФАтФАтФАтФАтФАтФАтФАтФАтФАтФАтФАтФАтФАтФАтФАтФАтФАтФАтФАтФАтФАтФАтФАтФАтФАтФАтФАтФАтФАтФАтФАтФАтФАтФАтФАтФАтФАтФАтФАтФАтФАтФАтФАтФАтФАтФАтФАтФАтФАтФАтФАтФАтФАтФАтФАтФАтФАтФАтФАтФАтФАтФАтФАтФАтФАтФАтФАтФАтФАтФАтФАтФА
тФМтФАтФАтФАтФАтФАтФАтФАтФАтФАтФАтФАтФАтФАтФАтФАтФАтФАтФАтФАтФАтФАтФАтФАтФАтФАтФАтФАтФАтФАтФАтФАтФАтФАтФАтФАтФАтФАтФАтФАтФАтФАтФАтФАтФАтФАтФАтФАтФАтФАтФАтФАтФАтФАтФАтФАтФАтФАтФАтФАтФАтФАтФАтФАтФАтФАтФАтФАтФАтФАтФАтФАтФАтФАтФАтФАтФАтФАтФАтФАтФАтФАтФАтФАтФАтФАтФАтФАтФАтФАтФАтФАтФАтФАтФАтФАтФАтФАтФАтФАтФАтФАтФАтФАтФАтФАтФАтФАтФАтФАтФАтФАтФАтФАтФАтФАтФАтФАтФАтФА
тФВ #0   TestService._completeBipolarTest (package:psycho_tests/services/test_service.dart:425:23)
тФВ #1   TestService.completeTest (package:psycho_tests/services/test_service.dart:55:16)
тФЬтФДтФДтФДтФДтФДтФДтФДтФДтФДтФДтФДтФДтФДтФДтФДтФДтФДтФДтФДтФДтФДтФДтФДтФДтФДтФДтФДтФДтФДтФДтФДтФДтФДтФДтФДтФДтФДтФДтФДтФДтФДтФДтФДтФДтФДтФДтФДтФДтФДтФДтФДтФДтФДтФДтФДтФДтФДтФДтФДтФДтФДтФДтФДтФДтФДтФДтФДтФДтФДтФДтФДтФДтФДтФДтФДтФДтФДтФДтФДтФДтФДтФДтФДтФДтФДтФДтФДтФДтФДтФДтФДтФДтФДтФДтФДтФДтФДтФДтФДтФДтФДтФДтФДтФДтФДтФДтФДтФДтФДтФДтФДтФДтФДтФДтФДтФДтФДтФДтФД
тФВ ЁЯРЫ Qq76: targetScale=perceiving, score=4
тФФтФАтФАтФАтФАтФАтФАтФАтФАтФАтФАтФАтФАтФАтФАтФАтФАтФАтФАтФАтФАтФАтФАтФАтФАтФАтФАтФАтФАтФАтФАтФАтФАтФАтФАтФАтФАтФАтФАтФАтФАтФАтФАтФАтФАтФАтФАтФАтФАтФАтФАтФАтФАтФАтФАтФАтФАтФАтФАтФАтФАтФАтФАтФАтФАтФАтФАтФАтФАтФАтФАтФАтФАтФАтФАтФАтФАтФАтФАтФАтФАтФАтФАтФАтФАтФАтФАтФАтФАтФАтФАтФАтФАтФАтФАтФАтФАтФАтФАтФАтФАтФАтФАтФАтФАтФАтФАтФАтФАтФАтФАтФАтФАтФАтФАтФАтФАтФАтФАтФА
тФМтФАтФАтФАтФАтФАтФАтФАтФАтФАтФАтФАтФАтФАтФАтФАтФАтФАтФАтФАтФАтФАтФАтФАтФАтФАтФАтФАтФАтФАтФАтФАтФАтФАтФАтФАтФАтФАтФАтФАтФАтФАтФАтФАтФАтФАтФАтФАтФАтФАтФАтФАтФАтФАтФАтФАтФАтФАтФАтФАтФАтФАтФАтФАтФАтФАтФАтФАтФАтФАтФАтФАтФАтФАтФАтФАтФАтФАтФАтФАтФАтФАтФАтФАтФАтФАтФАтФАтФАтФАтФАтФАтФАтФАтФАтФАтФАтФАтФАтФАтФАтФАтФАтФАтФАтФАтФАтФАтФАтФАтФАтФАтФАтФАтФАтФАтФАтФАтФАтФА
тФВ #0   TestService._completeBipolarTest (package:psycho_tests/services/test_service.dart:425:23)
тФВ #1   TestService.completeTest (package:psycho_tests/services/test_service.dart:55:16)
тФЬтФДтФДтФДтФДтФДтФДтФДтФДтФДтФДтФДтФДтФДтФДтФДтФДтФДтФДтФДтФДтФДтФДтФДтФДтФДтФДтФДтФДтФДтФДтФДтФДтФДтФДтФДтФДтФДтФДтФДтФДтФДтФДтФДтФДтФДтФДтФДтФДтФДтФДтФДтФДтФДтФДтФДтФДтФДтФДтФДтФДтФДтФДтФДтФДтФДтФДтФДтФДтФДтФДтФДтФДтФДтФДтФДтФДтФДтФДтФДтФДтФДтФДтФДтФДтФДтФДтФДтФДтФДтФДтФДтФДтФДтФДтФДтФДтФДтФДтФДтФДтФДтФДтФДтФДтФДтФДтФДтФДтФДтФДтФДтФДтФДтФДтФДтФДтФДтФДтФД
тФВ ЁЯРЫ Qq77: targetScale=judging, score=4
тФФтФАтФАтФАтФАтФАтФАтФАтФАтФАтФАтФАтФАтФАтФАтФАтФАтФАтФАтФАтФАтФАтФАтФАтФАтФАтФАтФАтФАтФАтФАтФАтФАтФАтФАтФАтФАтФАтФАтФАтФАтФАтФАтФАтФАтФАтФАтФАтФАтФАтФАтФАтФАтФАтФАтФАтФАтФАтФАтФАтФАтФАтФАтФАтФАтФАтФАтФАтФАтФАтФАтФАтФАтФАтФАтФАтФАтФАтФАтФАтФАтФАтФАтФАтФАтФАтФАтФАтФАтФАтФАтФАтФАтФАтФАтФАтФАтФАтФАтФАтФАтФАтФАтФАтФАтФАтФАтФАтФАтФАтФАтФАтФАтФАтФАтФАтФАтФАтФАтФА
тФМтФАтФАтФАтФАтФАтФАтФАтФАтФАтФАтФАтФАтФАтФАтФАтФАтФАтФАтФАтФАтФАтФАтФАтФАтФАтФАтФАтФАтФАтФАтФАтФАтФАтФАтФАтФАтФАтФАтФАтФАтФАтФАтФАтФАтФАтФАтФАтФАтФАтФАтФАтФАтФАтФАтФАтФАтФАтФАтФАтФАтФАтФАтФАтФАтФАтФАтФАтФАтФАтФАтФАтФАтФАтФАтФАтФАтФАтФАтФАтФАтФАтФАтФАтФАтФАтФАтФАтФАтФАтФАтФАтФАтФАтФАтФАтФАтФАтФАтФАтФАтФАтФАтФАтФАтФАтФАтФАтФАтФАтФАтФАтФАтФАтФАтФАтФАтФАтФАтФА
тФВ #0   TestService._completeBipolarTest (package:psycho_tests/services/test_service.dart:425:23)
тФВ #1   TestService.completeTest (package:psycho_tests/services/test_service.dart:55:16)
тФЬтФДтФДтФДтФДтФДтФДтФДтФДтФДтФДтФДтФДтФДтФДтФДтФДтФДтФДтФДтФДтФДтФДтФДтФДтФДтФДтФДтФДтФДтФДтФДтФДтФДтФДтФДтФДтФДтФДтФДтФДтФДтФДтФДтФДтФДтФДтФДтФДтФДтФДтФДтФДтФДтФДтФДтФДтФДтФДтФДтФДтФДтФДтФДтФДтФДтФДтФДтФДтФДтФДтФДтФДтФДтФДтФДтФДтФДтФДтФДтФДтФДтФДтФДтФДтФДтФДтФДтФДтФДтФДтФДтФДтФДтФДтФДтФДтФДтФДтФДтФДтФДтФДтФДтФДтФДтФДтФДтФДтФДтФДтФДтФДтФДтФДтФДтФДтФДтФДтФД
тФВ ЁЯРЫ Qq78: targetScale=perceiving, score=4
тФФтФАтФАтФАтФАтФАтФАтФАтФАтФАтФАтФАтФАтФАтФАтФАтФАтФАтФАтФАтФАтФАтФАтФАтФАтФАтФАтФАтФАтФАтФАтФАтФАтФАтФАтФАтФАтФАтФАтФАтФАтФАтФАтФАтФАтФАтФАтФАтФАтФАтФАтФАтФАтФАтФАтФАтФАтФАтФАтФАтФАтФАтФАтФАтФАтФАтФАтФАтФАтФАтФАтФАтФАтФАтФАтФАтФАтФАтФАтФАтФАтФАтФАтФАтФАтФАтФАтФАтФАтФАтФАтФАтФАтФАтФАтФАтФАтФАтФАтФАтФАтФАтФАтФАтФАтФАтФАтФАтФАтФАтФАтФАтФАтФАтФАтФАтФАтФАтФАтФА
тФМтФАтФАтФАтФАтФАтФАтФАтФАтФАтФАтФАтФАтФАтФАтФАтФАтФАтФАтФАтФАтФАтФАтФАтФАтФАтФАтФАтФАтФАтФАтФАтФАтФАтФАтФАтФАтФАтФАтФАтФАтФАтФАтФАтФАтФАтФАтФАтФАтФАтФАтФАтФАтФАтФАтФАтФАтФАтФАтФАтФАтФАтФАтФАтФАтФАтФАтФАтФАтФАтФАтФАтФАтФАтФАтФАтФАтФАтФАтФАтФАтФАтФАтФАтФАтФАтФАтФАтФАтФАтФАтФАтФАтФАтФАтФАтФАтФАтФАтФАтФАтФАтФАтФАтФАтФАтФАтФАтФАтФАтФАтФАтФАтФАтФАтФАтФАтФАтФАтФА
тФВ #0   TestService._completeBipolarTest (package:psycho_tests/services/test_service.dart:425:23)
тФВ #1   TestService.completeTest (package:psycho_tests/services/test_service.dart:55:16)
тФЬтФДтФДтФДтФДтФДтФДтФДтФДтФДтФДтФДтФДтФДтФДтФДтФДтФДтФДтФДтФДтФДтФДтФДтФДтФДтФДтФДтФДтФДтФДтФДтФДтФДтФДтФДтФДтФДтФДтФДтФДтФДтФДтФДтФДтФДтФДтФДтФДтФДтФДтФДтФДтФДтФДтФДтФДтФДтФДтФДтФДтФДтФДтФДтФДтФДтФДтФДтФДтФДтФДтФДтФДтФДтФДтФДтФДтФДтФДтФДтФДтФДтФДтФДтФДтФДтФДтФДтФДтФДтФДтФДтФДтФДтФДтФДтФДтФДтФДтФДтФДтФДтФДтФДтФДтФДтФДтФДтФДтФДтФДтФДтФДтФДтФДтФДтФДтФДтФДтФД
тФВ ЁЯРЫ Qq79: targetScale=judging, score=4
тФФтФАтФАтФАтФАтФАтФАтФАтФАтФАтФАтФАтФАтФАтФАтФАтФАтФАтФАтФАтФАтФАтФАтФАтФАтФАтФАтФАтФАтФАтФАтФАтФАтФАтФАтФАтФАтФАтФАтФАтФАтФАтФАтФАтФАтФАтФАтФАтФАтФАтФАтФАтФАтФАтФАтФАтФАтФАтФАтФАтФАтФАтФАтФАтФАтФАтФАтФАтФАтФАтФАтФАтФАтФАтФАтФАтФАтФАтФАтФАтФАтФАтФАтФАтФАтФАтФАтФАтФАтФАтФАтФАтФАтФАтФАтФАтФАтФАтФАтФАтФАтФАтФАтФАтФАтФАтФАтФАтФАтФАтФАтФАтФАтФАтФАтФАтФАтФАтФАтФА
тФМтФАтФАтФАтФАтФАтФАтФАтФАтФАтФАтФАтФАтФАтФАтФАтФАтФАтФАтФАтФАтФАтФАтФАтФАтФАтФАтФАтФАтФАтФАтФАтФАтФАтФАтФАтФАтФАтФАтФАтФАтФАтФАтФАтФАтФАтФАтФАтФАтФАтФАтФАтФАтФАтФАтФАтФАтФАтФАтФАтФАтФАтФАтФАтФАтФАтФАтФАтФАтФАтФАтФАтФАтФАтФАтФАтФАтФАтФАтФАтФАтФАтФАтФАтФАтФАтФАтФАтФАтФАтФАтФАтФАтФАтФАтФАтФАтФАтФАтФАтФАтФАтФАтФАтФАтФАтФАтФАтФАтФАтФАтФАтФАтФАтФАтФАтФАтФАтФАтФА
тФВ #0   TestService._completeBipolarTest (package:psycho_tests/services/test_service.dart:425:23)
тФВ #1   TestService.completeTest (package:psycho_tests/services/test_service.dart:55:16)
тФЬтФДтФДтФДтФДтФДтФДтФДтФДтФДтФДтФДтФДтФДтФДтФДтФДтФДтФДтФДтФДтФДтФДтФДтФДтФДтФДтФДтФДтФДтФДтФДтФДтФДтФДтФДтФДтФДтФДтФДтФДтФДтФДтФДтФДтФДтФДтФДтФДтФДтФДтФДтФДтФДтФДтФДтФДтФДтФДтФДтФДтФДтФДтФДтФДтФДтФДтФДтФДтФДтФДтФДтФДтФДтФДтФДтФДтФДтФДтФДтФДтФДтФДтФДтФДтФДтФДтФДтФДтФДтФДтФДтФДтФДтФДтФДтФДтФДтФДтФДтФДтФДтФДтФДтФДтФДтФДтФДтФДтФДтФДтФДтФДтФДтФДтФДтФДтФДтФДтФД
тФВ ЁЯРЫ Qq80: targetScale=perceiving, score=4
тФФтФАтФАтФАтФАтФАтФАтФАтФАтФАтФАтФАтФАтФАтФАтФАтФАтФАтФАтФАтФАтФАтФАтФАтФАтФАтФАтФАтФАтФАтФАтФАтФАтФАтФАтФАтФАтФАтФАтФАтФАтФАтФАтФАтФАтФАтФАтФАтФАтФАтФАтФАтФАтФАтФАтФАтФАтФАтФАтФАтФАтФАтФАтФАтФАтФАтФАтФАтФАтФАтФАтФАтФАтФАтФАтФАтФАтФАтФАтФАтФАтФАтФАтФАтФАтФАтФАтФАтФАтФАтФАтФАтФАтФАтФАтФАтФАтФАтФАтФАтФАтФАтФАтФАтФАтФАтФАтФАтФАтФАтФАтФАтФАтФАтФАтФАтФАтФАтФАтФА
тФМтФАтФАтФАтФАтФАтФАтФАтФАтФАтФАтФАтФАтФАтФАтФАтФАтФАтФАтФАтФАтФАтФАтФАтФАтФАтФАтФАтФАтФАтФАтФАтФАтФАтФАтФАтФАтФАтФАтФАтФАтФАтФАтФАтФАтФАтФАтФАтФАтФАтФАтФАтФАтФАтФАтФАтФАтФАтФАтФАтФАтФАтФАтФАтФАтФАтФАтФАтФАтФАтФАтФАтФАтФАтФАтФАтФАтФАтФАтФАтФАтФАтФАтФАтФАтФАтФАтФАтФАтФАтФАтФАтФАтФАтФАтФАтФАтФАтФАтФАтФАтФАтФАтФАтФАтФАтФАтФАтФАтФАтФАтФАтФАтФАтФАтФАтФАтФАтФАтФА
тФВ #0   TestService._completeBipolarTest (package:psycho_tests/services/test_service.dart:465:15)
тФВ #1   TestService.completeTest (package:psycho_tests/services/test_service.dart:55:16)
тФЬтФДтФДтФДтФДтФДтФДтФДтФДтФДтФДтФДтФДтФДтФДтФДтФДтФДтФДтФДтФДтФДтФДтФДтФДтФДтФДтФДтФДтФДтФДтФДтФДтФДтФДтФДтФДтФДтФДтФДтФДтФДтФДтФДтФДтФДтФДтФДтФДтФДтФДтФДтФДтФДтФДтФДтФДтФДтФДтФДтФДтФДтФДтФДтФДтФДтФДтФДтФДтФДтФДтФДтФДтФДтФДтФДтФДтФДтФДтФДтФДтФДтФДтФДтФДтФДтФДтФДтФДтФДтФДтФДтФДтФДтФДтФДтФДтФДтФДтФДтФДтФДтФДтФДтФДтФДтФДтФДтФДтФДтФДтФДтФДтФДтФДтФДтФДтФДтФДтФД
тФВ ЁЯРЫ End of loop. Processed questions: 80
тФФтФАтФАтФАтФАтФАтФАтФАтФАтФАтФАтФАтФАтФАтФАтФАтФАтФАтФАтФАтФАтФАтФАтФАтФАтФАтФАтФАтФАтФАтФАтФАтФАтФАтФАтФАтФАтФАтФАтФАтФАтФАтФАтФАтФАтФАтФАтФАтФАтФАтФАтФАтФАтФАтФАтФАтФАтФАтФАтФАтФАтФАтФАтФАтФАтФАтФАтФАтФАтФАтФАтФАтФАтФАтФАтФАтФАтФАтФАтФАтФАтФАтФАтФАтФАтФАтФАтФАтФАтФАтФАтФАтФАтФАтФАтФАтФАтФАтФАтФАтФАтФАтФАтФАтФАтФАтФАтФАтФАтФАтФАтФАтФАтФАтФАтФАтФАтФАтФАтФА
тФМтФАтФАтФАтФАтФАтФАтФАтФАтФАтФАтФАтФАтФАтФАтФАтФАтФАтФАтФАтФАтФАтФАтФАтФАтФАтФАтФАтФАтФАтФАтФАтФАтФАтФАтФАтФАтФАтФАтФАтФАтФАтФАтФАтФАтФАтФАтФАтФАтФАтФАтФАтФАтФАтФАтФАтФАтФАтФАтФАтФАтФАтФАтФАтФАтФАтФАтФАтФАтФАтФАтФАтФАтФАтФАтФАтФАтФАтФАтФАтФАтФАтФАтФАтФАтФАтФАтФАтФАтФАтФАтФАтФАтФАтФАтФАтФАтФАтФАтФАтФАтФАтФАтФАтФАтФАтФАтФАтФАтФАтФАтФАтФАтФАтФАтФАтФАтФАтФАтФА
тФВ #0   TestService._completeBipolarTest (package:psycho_tests/services/test_service.dart:466:15)
тФВ #1   TestService.completeTest (package:psycho_tests/services/test_service.dart:55:16)
тФЬтФДтФДтФДтФДтФДтФДтФДтФДтФДтФДтФДтФДтФДтФДтФДтФДтФДтФДтФДтФДтФДтФДтФДтФДтФДтФДтФДтФДтФДтФДтФДтФДтФДтФДтФДтФДтФДтФДтФДтФДтФДтФДтФДтФДтФДтФДтФДтФДтФДтФДтФДтФДтФДтФДтФДтФДтФДтФДтФДтФДтФДтФДтФДтФДтФДтФДтФДтФДтФДтФДтФДтФДтФДтФДтФДтФДтФДтФДтФДтФДтФДтФДтФДтФДтФДтФДтФДтФДтФДтФДтФДтФДтФДтФДтФДтФДтФДтФДтФДтФДтФДтФДтФДтФДтФДтФДтФДтФДтФДтФДтФДтФДтФДтФДтФДтФДтФДтФДтФД
тФВ ЁЯРЫ Skipped questions: 0
тФФтФАтФАтФАтФАтФАтФАтФАтФАтФАтФАтФАтФАтФАтФАтФАтФАтФАтФАтФАтФАтФАтФАтФАтФАтФАтФАтФАтФАтФАтФАтФАтФАтФАтФАтФАтФАтФАтФАтФАтФАтФАтФАтФАтФАтФАтФАтФАтФАтФАтФАтФАтФАтФАтФАтФАтФАтФАтФАтФАтФАтФАтФАтФАтФАтФАтФАтФАтФАтФАтФАтФАтФАтФАтФАтФАтФАтФАтФАтФАтФАтФАтФАтФАтФАтФАтФАтФАтФАтФАтФАтФАтФАтФАтФАтФАтФАтФАтФАтФАтФАтФАтФАтФАтФАтФАтФАтФАтФАтФАтФАтФАтФАтФАтФАтФАтФАтФАтФАтФА
тФМтФАтФАтФАтФАтФАтФАтФАтФАтФАтФАтФАтФАтФАтФАтФАтФАтФАтФАтФАтФАтФАтФАтФАтФАтФАтФАтФАтФАтФАтФАтФАтФАтФАтФАтФАтФАтФАтФАтФАтФАтФАтФАтФАтФАтФАтФАтФАтФАтФАтФАтФАтФАтФАтФАтФАтФАтФАтФАтФАтФАтФАтФАтФАтФАтФАтФАтФАтФАтФАтФАтФАтФАтФАтФАтФАтФАтФАтФАтФАтФАтФАтФАтФАтФАтФАтФАтФАтФАтФАтФАтФАтФАтФАтФАтФАтФАтФАтФАтФАтФАтФАтФАтФАтФАтФАтФАтФАтФАтФАтФАтФАтФАтФАтФАтФАтФАтФАтФАтФА
тФВ #0   TestService._completeBipolarTest (package:psycho_tests/services/test_service.dart:467:15)
тФВ #1   TestService.completeTest (package:psycho_tests/services/test_service.dart:55:16)
тФЬтФДтФДтФДтФДтФДтФДтФДтФДтФДтФДтФДтФДтФДтФДтФДтФДтФДтФДтФДтФДтФДтФДтФДтФДтФДтФДтФДтФДтФДтФДтФДтФДтФДтФДтФДтФДтФДтФДтФДтФДтФДтФДтФДтФДтФДтФДтФДтФДтФДтФДтФДтФДтФДтФДтФДтФДтФДтФДтФДтФДтФДтФДтФДтФДтФДтФДтФДтФДтФДтФДтФДтФДтФДтФДтФДтФДтФДтФДтФДтФДтФДтФДтФДтФДтФДтФДтФДтФДтФДтФДтФДтФДтФДтФДтФДтФДтФДтФДтФДтФДтФДтФДтФДтФДтФДтФДтФДтФДтФДтФДтФДтФДтФДтФДтФДтФДтФДтФДтФД
тФВ ЁЯРЫ Answered questions: 80
тФФтФАтФАтФАтФАтФАтФАтФАтФАтФАтФАтФАтФАтФАтФАтФАтФАтФАтФАтФАтФАтФАтФАтФАтФАтФАтФАтФАтФАтФАтФАтФАтФАтФАтФАтФАтФАтФАтФАтФАтФАтФАтФАтФАтФАтФАтФАтФАтФАтФАтФАтФАтФАтФАтФАтФАтФАтФАтФАтФАтФАтФАтФАтФАтФАтФАтФАтФАтФАтФАтФАтФАтФАтФАтФАтФАтФАтФАтФАтФАтФАтФАтФАтФАтФАтФАтФАтФАтФАтФАтФАтФАтФАтФАтФАтФАтФАтФАтФАтФАтФАтФАтФАтФАтФАтФАтФАтФАтФАтФАтФАтФАтФАтФАтФАтФАтФАтФАтФАтФА
тФМтФАтФАтФАтФАтФАтФАтФАтФАтФАтФАтФАтФАтФАтФАтФАтФАтФАтФАтФАтФАтФАтФАтФАтФАтФАтФАтФАтФАтФАтФАтФАтФАтФАтФАтФАтФАтФАтФАтФАтФАтФАтФАтФАтФАтФАтФАтФАтФАтФАтФАтФАтФАтФАтФАтФАтФАтФАтФАтФАтФАтФАтФАтФАтФАтФАтФАтФАтФАтФАтФАтФАтФАтФАтФАтФАтФАтФАтФАтФАтФАтФАтФАтФАтФАтФАтФАтФАтФАтФАтФАтФАтФАтФАтФАтФАтФАтФАтФАтФАтФАтФАтФАтФАтФАтФАтФАтФАтФАтФАтФАтФАтФАтФАтФАтФАтФАтФАтФАтФА
тФВ #0   TestService._completeBipolarTest (package:psycho_tests/services/test_service.dart:468:15)
тФВ #1   TestService.completeTest (package:psycho_tests/services/test_service.dart:55:16)
тФЬтФДтФДтФДтФДтФДтФДтФДтФДтФДтФДтФДтФДтФДтФДтФДтФДтФДтФДтФДтФДтФДтФДтФДтФДтФДтФДтФДтФДтФДтФДтФДтФДтФДтФДтФДтФДтФДтФДтФДтФДтФДтФДтФДтФДтФДтФДтФДтФДтФДтФДтФДтФДтФДтФДтФДтФДтФДтФДтФДтФДтФДтФДтФДтФДтФДтФДтФДтФДтФДтФДтФДтФДтФДтФДтФДтФДтФДтФДтФДтФДтФДтФДтФДтФДтФДтФДтФДтФДтФДтФДтФДтФДтФДтФДтФДтФДтФДтФДтФДтФДтФДтФДтФДтФДтФДтФДтФДтФДтФДтФДтФДтФДтФДтФДтФДтФДтФДтФДтФД
тФВ ЁЯРЫ Raw scale scores: {extraversion: 40, introversion: 40, sensing: 44, intuition: 36, thinking: 40, feeling: 40, judging: 40, perceiving: 40}
тФФтФАтФАтФАтФАтФАтФАтФАтФАтФАтФАтФАтФАтФАтФАтФАтФАтФАтФАтФАтФАтФАтФАтФАтФАтФАтФАтФАтФАтФАтФАтФАтФАтФАтФАтФАтФАтФАтФАтФАтФАтФАтФАтФАтФАтФАтФАтФАтФАтФАтФАтФАтФАтФАтФАтФАтФАтФАтФАтФАтФАтФАтФАтФАтФАтФАтФАтФАтФАтФАтФАтФАтФАтФАтФАтФАтФАтФАтФАтФАтФАтФАтФАтФАтФАтФАтФАтФАтФАтФАтФАтФАтФАтФАтФАтФАтФАтФАтФАтФАтФАтФАтФАтФАтФАтФАтФАтФАтФАтФАтФАтФАтФАтФАтФАтФАтФАтФАтФАтФА
тФМтФАтФАтФАтФАтФАтФАтФАтФАтФАтФАтФАтФАтФАтФАтФАтФАтФАтФАтФАтФАтФАтФАтФАтФАтФАтФАтФАтФАтФАтФАтФАтФАтФАтФАтФАтФАтФАтФАтФАтФАтФАтФАтФАтФАтФАтФАтФАтФАтФАтФАтФАтФАтФАтФАтФАтФАтФАтФАтФАтФАтФАтФАтФАтФАтФАтФАтФАтФАтФАтФАтФАтФАтФАтФАтФАтФАтФАтФАтФАтФАтФАтФАтФАтФАтФАтФАтФАтФАтФАтФАтФАтФАтФАтФАтФАтФАтФАтФАтФАтФАтФАтФАтФАтФАтФАтФАтФАтФАтФАтФАтФАтФАтФАтФАтФАтФАтФАтФАтФА
тФВ #0   TestService._completeBipolarTest (package:psycho_tests/services/test_service.dart:482:17)
тФВ #1   TestService.completeTest (package:psycho_tests/services/test_service.dart:55:16)
тФЬтФДтФДтФДтФДтФДтФДтФДтФДтФДтФДтФДтФДтФДтФДтФДтФДтФДтФДтФДтФДтФДтФДтФДтФДтФДтФДтФДтФДтФДтФДтФДтФДтФДтФДтФДтФДтФДтФДтФДтФДтФДтФДтФДтФДтФДтФДтФДтФДтФДтФДтФДтФДтФДтФДтФДтФДтФДтФДтФДтФДтФДтФДтФДтФДтФДтФДтФДтФДтФДтФДтФДтФДтФДтФДтФДтФДтФДтФДтФДтФДтФДтФДтФДтФДтФДтФДтФДтФДтФДтФДтФДтФДтФДтФДтФДтФДтФДтФДтФДтФДтФДтФДтФДтФДтФДтФДтФДтФДтФДтФДтФДтФДтФДтФДтФДтФДтФДтФДтФД
тФВ ЁЯРЫ Scale extraversion: 40/50 = 80.0%
тФФтФАтФАтФАтФАтФАтФАтФАтФАтФАтФАтФАтФАтФАтФАтФАтФАтФАтФАтФАтФАтФАтФАтФАтФАтФАтФАтФАтФАтФАтФАтФАтФАтФАтФАтФАтФАтФАтФАтФАтФАтФАтФАтФАтФАтФАтФАтФАтФАтФАтФАтФАтФАтФАтФАтФАтФАтФАтФАтФАтФАтФАтФАтФАтФАтФАтФАтФАтФАтФАтФАтФАтФАтФАтФАтФАтФАтФАтФАтФАтФАтФАтФАтФАтФАтФАтФАтФАтФАтФАтФАтФАтФАтФАтФАтФАтФАтФАтФАтФАтФАтФАтФАтФАтФАтФАтФАтФАтФАтФАтФАтФАтФАтФАтФАтФАтФАтФАтФАтФА
тФМтФАтФАтФАтФАтФАтФАтФАтФАтФАтФАтФАтФАтФАтФАтФАтФАтФАтФАтФАтФАтФАтФАтФАтФАтФАтФАтФАтФАтФАтФАтФАтФАтФАтФАтФАтФАтФАтФАтФАтФАтФАтФАтФАтФАтФАтФАтФАтФАтФАтФАтФАтФАтФАтФАтФАтФАтФАтФАтФАтФАтФАтФАтФАтФАтФАтФАтФАтФАтФАтФАтФАтФАтФАтФАтФАтФАтФАтФАтФАтФАтФАтФАтФАтФАтФАтФАтФАтФАтФАтФАтФАтФАтФАтФАтФАтФАтФАтФАтФАтФАтФАтФАтФАтФАтФАтФАтФАтФАтФАтФАтФАтФАтФАтФАтФАтФАтФАтФАтФА
тФВ #0   TestService._completeBipolarTest (package:psycho_tests/services/test_service.dart:482:17)
тФВ #1   TestService.completeTest (package:psycho_tests/services/test_service.dart:55:16)
тФЬтФДтФДтФДтФДтФДтФДтФДтФДтФДтФДтФДтФДтФДтФДтФДтФДтФДтФДтФДтФДтФДтФДтФДтФДтФДтФДтФДтФДтФДтФДтФДтФДтФДтФДтФДтФДтФДтФДтФДтФДтФДтФДтФДтФДтФДтФДтФДтФДтФДтФДтФДтФДтФДтФДтФДтФДтФДтФДтФДтФДтФДтФДтФДтФДтФДтФДтФДтФДтФДтФДтФДтФДтФДтФДтФДтФДтФДтФДтФДтФДтФДтФДтФДтФДтФДтФДтФДтФДтФДтФДтФДтФДтФДтФДтФДтФДтФДтФДтФДтФДтФДтФДтФДтФДтФДтФДтФДтФДтФДтФДтФДтФДтФДтФДтФДтФДтФДтФДтФД
тФВ ЁЯРЫ Scale introversion: 40/50 = 80.0%
тФФтФАтФАтФАтФАтФАтФАтФАтФАтФАтФАтФАтФАтФАтФАтФАтФАтФАтФАтФАтФАтФАтФАтФАтФАтФАтФАтФАтФАтФАтФАтФАтФАтФАтФАтФАтФАтФАтФАтФАтФАтФАтФАтФАтФАтФАтФАтФАтФАтФАтФАтФАтФАтФАтФАтФАтФАтФАтФАтФАтФАтФАтФАтФАтФАтФАтФАтФАтФАтФАтФАтФАтФАтФАтФАтФАтФАтФАтФАтФАтФАтФАтФАтФАтФАтФАтФАтФАтФАтФАтФАтФАтФАтФАтФАтФАтФАтФАтФАтФАтФАтФАтФАтФАтФАтФАтФАтФАтФАтФАтФАтФАтФАтФАтФАтФАтФАтФАтФАтФА
тФМтФАтФАтФАтФАтФАтФАтФАтФАтФАтФАтФАтФАтФАтФАтФАтФАтФАтФАтФАтФАтФАтФАтФАтФАтФАтФАтФАтФАтФАтФАтФАтФАтФАтФАтФАтФАтФАтФАтФАтФАтФАтФАтФАтФАтФАтФАтФАтФАтФАтФАтФАтФАтФАтФАтФАтФАтФАтФАтФАтФАтФАтФАтФАтФАтФАтФАтФАтФАтФАтФАтФАтФАтФАтФАтФАтФАтФАтФАтФАтФАтФАтФАтФАтФАтФАтФАтФАтФАтФАтФАтФАтФАтФАтФАтФАтФАтФАтФАтФАтФАтФАтФАтФАтФАтФАтФАтФАтФАтФАтФАтФАтФАтФАтФАтФАтФАтФАтФАтФА
тФВ #0   TestService._completeBipolarTest (package:psycho_tests/services/test_service.dart:482:17)
тФВ #1   TestService.completeTest (package:psycho_tests/services/test_service.dart:55:16)
тФЬтФДтФДтФДтФДтФДтФДтФДтФДтФДтФДтФДтФДтФДтФДтФДтФДтФДтФДтФДтФДтФДтФДтФДтФДтФДтФДтФДтФДтФДтФДтФДтФДтФДтФДтФДтФДтФДтФДтФДтФДтФДтФДтФДтФДтФДтФДтФДтФДтФДтФДтФДтФДтФДтФДтФДтФДтФДтФДтФДтФДтФДтФДтФДтФДтФДтФДтФДтФДтФДтФДтФДтФДтФДтФДтФДтФДтФДтФДтФДтФДтФДтФДтФДтФДтФДтФДтФДтФДтФДтФДтФДтФДтФДтФДтФДтФДтФДтФДтФДтФДтФДтФДтФДтФДтФДтФДтФДтФДтФДтФДтФДтФДтФДтФДтФДтФДтФДтФДтФД
тФВ ЁЯРЫ Scale sensing: 44/55 = 80.0%
тФФтФАтФАтФАтФАтФАтФАтФАтФАтФАтФАтФАтФАтФАтФАтФАтФАтФАтФАтФАтФАтФАтФАтФАтФАтФАтФАтФАтФАтФАтФАтФАтФАтФАтФАтФАтФАтФАтФАтФАтФАтФАтФАтФАтФАтФАтФАтФАтФАтФАтФАтФАтФАтФАтФАтФАтФАтФАтФАтФАтФАтФАтФАтФАтФАтФАтФАтФАтФАтФАтФАтФАтФАтФАтФАтФАтФАтФАтФАтФАтФАтФАтФАтФАтФАтФАтФАтФАтФАтФАтФАтФАтФАтФАтФАтФАтФАтФАтФАтФАтФАтФАтФАтФАтФАтФАтФАтФАтФАтФАтФАтФАтФАтФАтФАтФАтФАтФАтФАтФА
тФМтФАтФАтФАтФАтФАтФАтФАтФАтФАтФАтФАтФАтФАтФАтФАтФАтФАтФАтФАтФАтФАтФАтФАтФАтФАтФАтФАтФАтФАтФАтФАтФАтФАтФАтФАтФАтФАтФАтФАтФАтФАтФАтФАтФАтФАтФАтФАтФАтФАтФАтФАтФАтФАтФАтФАтФАтФАтФАтФАтФАтФАтФАтФАтФАтФАтФАтФАтФАтФАтФАтФАтФАтФАтФАтФАтФАтФАтФАтФАтФАтФАтФАтФАтФАтФАтФАтФАтФАтФАтФАтФАтФАтФАтФАтФАтФАтФАтФАтФАтФАтФАтФАтФАтФАтФАтФАтФАтФАтФАтФАтФАтФАтФАтФАтФАтФАтФАтФАтФА
тФВ #0   TestService._completeBipolarTest (package:psycho_tests/services/test_service.dart:482:17)
тФВ #1   TestService.completeTest (package:psycho_tests/services/test_service.dart:55:16)
тФЬтФДтФДтФДтФДтФДтФДтФДтФДтФДтФДтФДтФДтФДтФДтФДтФДтФДтФДтФДтФДтФДтФДтФДтФДтФДтФДтФДтФДтФДтФДтФДтФДтФДтФДтФДтФДтФДтФДтФДтФДтФДтФДтФДтФДтФДтФДтФДтФДтФДтФДтФДтФДтФДтФДтФДтФДтФДтФДтФДтФДтФДтФДтФДтФДтФДтФДтФДтФДтФДтФДтФДтФДтФДтФДтФДтФДтФДтФДтФДтФДтФДтФДтФДтФДтФДтФДтФДтФДтФДтФДтФДтФДтФДтФДтФДтФДтФДтФДтФДтФДтФДтФДтФДтФДтФДтФДтФДтФДтФДтФДтФДтФДтФДтФДтФДтФДтФДтФДтФД
тФВ ЁЯРЫ Scale intuition: 36/45 = 80.0%
тФФтФАтФАтФАтФАтФАтФАтФАтФАтФАтФАтФАтФАтФАтФАтФАтФАтФАтФАтФАтФАтФАтФАтФАтФАтФАтФАтФАтФАтФАтФАтФАтФАтФАтФАтФАтФАтФАтФАтФАтФАтФАтФАтФАтФАтФАтФАтФАтФАтФАтФАтФАтФАтФАтФАтФАтФАтФАтФАтФАтФАтФАтФАтФАтФАтФАтФАтФАтФАтФАтФАтФАтФАтФАтФАтФАтФАтФАтФАтФАтФАтФАтФАтФАтФАтФАтФАтФАтФАтФАтФАтФАтФАтФАтФАтФАтФАтФАтФАтФАтФАтФАтФАтФАтФАтФАтФАтФАтФАтФАтФАтФАтФАтФАтФАтФАтФАтФАтФАтФА
тФМтФАтФАтФАтФАтФАтФАтФАтФАтФАтФАтФАтФАтФАтФАтФАтФАтФАтФАтФАтФАтФАтФАтФАтФАтФАтФАтФАтФАтФАтФАтФАтФАтФАтФАтФАтФАтФАтФАтФАтФАтФАтФАтФАтФАтФАтФАтФАтФАтФАтФАтФАтФАтФАтФАтФАтФАтФАтФАтФАтФАтФАтФАтФАтФАтФАтФАтФАтФАтФАтФАтФАтФАтФАтФАтФАтФАтФАтФАтФАтФАтФАтФАтФАтФАтФАтФАтФАтФАтФАтФАтФАтФАтФАтФАтФАтФАтФАтФАтФАтФАтФАтФАтФАтФАтФАтФАтФАтФАтФАтФАтФАтФАтФАтФАтФАтФАтФАтФАтФА
тФВ #0   TestService._completeBipolarTest (package:psycho_tests/services/test_service.dart:482:17)
тФВ #1   TestService.completeTest (package:psycho_tests/services/test_service.dart:55:16)
тФЬтФДтФДтФДтФДтФДтФДтФДтФДтФДтФДтФДтФДтФДтФДтФДтФДтФДтФДтФДтФДтФДтФДтФДтФДтФДтФДтФДтФДтФДтФДтФДтФДтФДтФДтФДтФДтФДтФДтФДтФДтФДтФДтФДтФДтФДтФДтФДтФДтФДтФДтФДтФДтФДтФДтФДтФДтФДтФДтФДтФДтФДтФДтФДтФДтФДтФДтФДтФДтФДтФДтФДтФДтФДтФДтФДтФДтФДтФДтФДтФДтФДтФДтФДтФДтФДтФДтФДтФДтФДтФДтФДтФДтФДтФДтФДтФДтФДтФДтФДтФДтФДтФДтФДтФДтФДтФДтФДтФДтФДтФДтФДтФДтФДтФДтФДтФДтФДтФДтФД
тФВ ЁЯРЫ Scale thinking: 40/50 = 80.0%
тФФтФАтФАтФАтФАтФАтФАтФАтФАтФАтФАтФАтФАтФАтФАтФАтФАтФАтФАтФАтФАтФАтФАтФАтФАтФАтФАтФАтФАтФАтФАтФАтФАтФАтФАтФАтФАтФАтФАтФАтФАтФАтФАтФАтФАтФАтФАтФАтФАтФАтФАтФАтФАтФАтФАтФАтФАтФАтФАтФАтФАтФАтФАтФАтФАтФАтФАтФАтФАтФАтФАтФАтФАтФАтФАтФАтФАтФАтФАтФАтФАтФАтФАтФАтФАтФАтФАтФАтФАтФАтФАтФАтФАтФАтФАтФАтФАтФАтФАтФАтФАтФАтФАтФАтФАтФАтФАтФАтФАтФАтФАтФАтФАтФАтФАтФАтФАтФАтФАтФА
тФМтФАтФАтФАтФАтФАтФАтФАтФАтФАтФАтФАтФАтФАтФАтФАтФАтФАтФАтФАтФАтФАтФАтФАтФАтФАтФАтФАтФАтФАтФАтФАтФАтФАтФАтФАтФАтФАтФАтФАтФАтФАтФАтФАтФАтФАтФАтФАтФАтФАтФАтФАтФАтФАтФАтФАтФАтФАтФАтФАтФАтФАтФАтФАтФАтФАтФАтФАтФАтФАтФАтФАтФАтФАтФАтФАтФАтФАтФАтФАтФАтФАтФАтФАтФАтФАтФАтФАтФАтФАтФАтФАтФАтФАтФАтФАтФАтФАтФАтФАтФАтФАтФАтФАтФАтФАтФАтФАтФАтФАтФАтФАтФАтФАтФАтФАтФАтФАтФАтФА
тФВ #0   TestService._completeBipolarTest (package:psycho_tests/services/test_service.dart:482:17)
тФВ #1   TestService.completeTest (package:psycho_tests/services/test_service.dart:55:16)
тФЬтФДтФДтФДтФДтФДтФДтФДтФДтФДтФДтФДтФДтФДтФДтФДтФДтФДтФДтФДтФДтФДтФДтФДтФДтФДтФДтФДтФДтФДтФДтФДтФДтФДтФДтФДтФДтФДтФДтФДтФДтФДтФДтФДтФДтФДтФДтФДтФДтФДтФДтФДтФДтФДтФДтФДтФДтФДтФДтФДтФДтФДтФДтФДтФДтФДтФДтФДтФДтФДтФДтФДтФДтФДтФДтФДтФДтФДтФДтФДтФДтФДтФДтФДтФДтФДтФДтФДтФДтФДтФДтФДтФДтФДтФДтФДтФДтФДтФДтФДтФДтФДтФДтФДтФДтФДтФДтФДтФДтФДтФДтФДтФДтФДтФДтФДтФДтФДтФДтФД
тФВ ЁЯРЫ Scale feeling: 40/50 = 80.0%
тФФтФАтФАтФАтФАтФАтФАтФАтФАтФАтФАтФАтФАтФАтФАтФАтФАтФАтФАтФАтФАтФАтФАтФАтФАтФАтФАтФАтФАтФАтФАтФАтФАтФАтФАтФАтФАтФАтФАтФАтФАтФАтФАтФАтФАтФАтФАтФАтФАтФАтФАтФАтФАтФАтФАтФАтФАтФАтФАтФАтФАтФАтФАтФАтФАтФАтФАтФАтФАтФАтФАтФАтФАтФАтФАтФАтФАтФАтФАтФАтФАтФАтФАтФАтФАтФАтФАтФАтФАтФАтФАтФАтФАтФАтФАтФАтФАтФАтФАтФАтФАтФАтФАтФАтФАтФАтФАтФАтФАтФАтФАтФАтФАтФАтФАтФАтФАтФАтФАтФА
тФМтФАтФАтФАтФАтФАтФАтФАтФАтФАтФАтФАтФАтФАтФАтФАтФАтФАтФАтФАтФАтФАтФАтФАтФАтФАтФАтФАтФАтФАтФАтФАтФАтФАтФАтФАтФАтФАтФАтФАтФАтФАтФАтФАтФАтФАтФАтФАтФАтФАтФАтФАтФАтФАтФАтФАтФАтФАтФАтФАтФАтФАтФАтФАтФАтФАтФАтФАтФАтФАтФАтФАтФАтФАтФАтФАтФАтФАтФАтФАтФАтФАтФАтФАтФАтФАтФАтФАтФАтФАтФАтФАтФАтФАтФАтФАтФАтФАтФАтФАтФАтФАтФАтФАтФАтФАтФАтФАтФАтФАтФАтФАтФАтФАтФАтФАтФАтФАтФАтФА
тФВ #0   TestService._completeBipolarTest (package:psycho_tests/services/test_service.dart:482:17)
тФВ #1   TestService.completeTest (package:psycho_tests/services/test_service.dart:55:16)
тФЬтФДтФДтФДтФДтФДтФДтФДтФДтФДтФДтФДтФДтФДтФДтФДтФДтФДтФДтФДтФДтФДтФДтФДтФДтФДтФДтФДтФДтФДтФДтФДтФДтФДтФДтФДтФДтФДтФДтФДтФДтФДтФДтФДтФДтФДтФДтФДтФДтФДтФДтФДтФДтФДтФДтФДтФДтФДтФДтФДтФДтФДтФДтФДтФДтФДтФДтФДтФДтФДтФДтФДтФДтФДтФДтФДтФДтФДтФДтФДтФДтФДтФДтФДтФДтФДтФДтФДтФДтФДтФДтФДтФДтФДтФДтФДтФДтФДтФДтФДтФДтФДтФДтФДтФДтФДтФДтФДтФДтФДтФДтФДтФДтФДтФДтФДтФДтФДтФДтФД
тФВ ЁЯРЫ Scale judging: 40/50 = 80.0%
тФФтФАтФАтФАтФАтФАтФАтФАтФАтФАтФАтФАтФАтФАтФАтФАтФАтФАтФАтФАтФАтФАтФАтФАтФАтФАтФАтФАтФАтФАтФАтФАтФАтФАтФАтФАтФАтФАтФАтФАтФАтФАтФАтФАтФАтФАтФАтФАтФАтФАтФАтФАтФАтФАтФАтФАтФАтФАтФАтФАтФАтФАтФАтФАтФАтФАтФАтФАтФАтФАтФАтФАтФАтФАтФАтФАтФАтФАтФАтФАтФАтФАтФАтФАтФАтФАтФАтФАтФАтФАтФАтФАтФАтФАтФАтФАтФАтФАтФАтФАтФАтФАтФАтФАтФАтФАтФАтФАтФАтФАтФАтФАтФАтФАтФАтФАтФАтФАтФАтФА
тФМтФАтФАтФАтФАтФАтФАтФАтФАтФАтФАтФАтФАтФАтФАтФАтФАтФАтФАтФАтФАтФАтФАтФАтФАтФАтФАтФАтФАтФАтФАтФАтФАтФАтФАтФАтФАтФАтФАтФАтФАтФАтФАтФАтФАтФАтФАтФАтФАтФАтФАтФАтФАтФАтФАтФАтФАтФАтФАтФАтФАтФАтФАтФАтФАтФАтФАтФАтФАтФАтФАтФАтФАтФАтФАтФАтФАтФАтФАтФАтФАтФАтФАтФАтФАтФАтФАтФАтФАтФАтФАтФАтФАтФАтФАтФАтФАтФАтФАтФАтФАтФАтФАтФАтФАтФАтФАтФАтФАтФАтФАтФАтФАтФАтФАтФАтФАтФАтФАтФА
тФВ #0   TestService._completeBipolarTest (package:psycho_tests/services/test_service.dart:482:17)
тФВ #1   TestService.completeTest (package:psycho_tests/services/test_service.dart:55:16)
тФЬтФДтФДтФДтФДтФДтФДтФДтФДтФДтФДтФДтФДтФДтФДтФДтФДтФДтФДтФДтФДтФДтФДтФДтФДтФДтФДтФДтФДтФДтФДтФДтФДтФДтФДтФДтФДтФДтФДтФДтФДтФДтФДтФДтФДтФДтФДтФДтФДтФДтФДтФДтФДтФДтФДтФДтФДтФДтФДтФДтФДтФДтФДтФДтФДтФДтФДтФДтФДтФДтФДтФДтФДтФДтФДтФДтФДтФДтФДтФДтФДтФДтФДтФДтФДтФДтФДтФДтФДтФДтФДтФДтФДтФДтФДтФДтФДтФДтФДтФДтФДтФДтФДтФДтФДтФДтФДтФДтФДтФДтФДтФДтФДтФДтФДтФДтФДтФДтФДтФД
тФВ ЁЯРЫ Scale perceiving: 40/50 = 80.0%
тФФтФАтФАтФАтФАтФАтФАтФАтФАтФАтФАтФАтФАтФАтФАтФАтФАтФАтФАтФАтФАтФАтФАтФАтФАтФАтФАтФАтФАтФАтФАтФАтФАтФАтФАтФАтФАтФАтФАтФАтФАтФАтФАтФАтФАтФАтФАтФАтФАтФАтФАтФАтФАтФАтФАтФАтФАтФАтФАтФАтФАтФАтФАтФАтФАтФАтФАтФАтФАтФАтФАтФАтФАтФАтФАтФАтФАтФАтФАтФАтФАтФАтФАтФАтФАтФАтФАтФАтФАтФАтФАтФАтФАтФАтФАтФАтФАтФАтФАтФАтФАтФАтФАтФАтФАтФАтФАтФАтФАтФАтФАтФАтФАтФАтФАтФАтФАтФАтФАтФА
тФМтФАтФАтФАтФАтФАтФАтФАтФАтФАтФАтФАтФАтФАтФАтФАтФАтФАтФАтФАтФАтФАтФАтФАтФАтФАтФАтФАтФАтФАтФАтФАтФАтФАтФАтФАтФАтФАтФАтФАтФАтФАтФАтФАтФАтФАтФАтФАтФАтФАтФАтФАтФАтФАтФАтФАтФАтФАтФАтФАтФАтФАтФАтФАтФАтФАтФАтФАтФАтФАтФАтФАтФАтФАтФАтФАтФАтФАтФАтФАтФАтФАтФАтФАтФАтФАтФАтФАтФАтФАтФАтФАтФАтФАтФАтФАтФАтФАтФАтФАтФАтФАтФАтФАтФАтФАтФАтФАтФАтФАтФАтФАтФАтФАтФАтФАтФАтФАтФАтФА
тФВ #0   TestService._completeBipolarTest (package:psycho_tests/services/test_service.dart:487:15)
тФВ #1   TestService.completeTest (package:psycho_tests/services/test_service.dart:55:16)
тФЬтФДтФДтФДтФДтФДтФДтФДтФДтФДтФДтФДтФДтФДтФДтФДтФДтФДтФДтФДтФДтФДтФДтФДтФДтФДтФДтФДтФДтФДтФДтФДтФДтФДтФДтФДтФДтФДтФДтФДтФДтФДтФДтФДтФДтФДтФДтФДтФДтФДтФДтФДтФДтФДтФДтФДтФДтФДтФДтФДтФДтФДтФДтФДтФДтФДтФДтФДтФДтФДтФДтФДтФДтФДтФДтФДтФДтФДтФДтФДтФДтФДтФДтФДтФДтФДтФДтФДтФДтФДтФДтФДтФДтФДтФДтФДтФДтФДтФДтФДтФДтФДтФДтФДтФДтФДтФДтФДтФДтФДтФДтФДтФДтФДтФДтФДтФДтФДтФДтФД
тФВ ЁЯРЫ Bipolar percentages (for UI): {EI: 50.0, SN: 50.0, TF: 50.0, JP: 50.0}
тФФтФАтФАтФАтФАтФАтФАтФАтФАтФАтФАтФАтФАтФАтФАтФАтФАтФАтФАтФАтФАтФАтФАтФАтФАтФАтФАтФАтФАтФАтФАтФАтФАтФАтФАтФАтФАтФАтФАтФАтФАтФАтФАтФАтФАтФАтФАтФАтФАтФАтФАтФАтФАтФАтФАтФАтФАтФАтФАтФАтФАтФАтФАтФАтФАтФАтФАтФАтФАтФАтФАтФАтФАтФАтФАтФАтФАтФАтФАтФАтФАтФАтФАтФАтФАтФАтФАтФАтФАтФАтФАтФАтФАтФАтФАтФАтФАтФАтФАтФАтФАтФАтФАтФАтФАтФАтФАтФАтФАтФАтФАтФАтФАтФАтФАтФАтФАтФАтФАтФА
тФМтФАтФАтФАтФАтФАтФАтФАтФАтФАтФАтФАтФАтФАтФАтФАтФАтФАтФАтФАтФАтФАтФАтФАтФАтФАтФАтФАтФАтФАтФАтФАтФАтФАтФАтФАтФАтФАтФАтФАтФАтФАтФАтФАтФАтФАтФАтФАтФАтФАтФАтФАтФАтФАтФАтФАтФАтФАтФАтФАтФАтФАтФАтФАтФАтФАтФАтФАтФАтФАтФАтФАтФАтФАтФАтФАтФАтФАтФАтФАтФАтФАтФАтФАтФАтФАтФАтФАтФАтФАтФАтФАтФАтФАтФАтФАтФАтФАтФАтФАтФАтФАтФАтФАтФАтФАтФАтФАтФАтФАтФАтФАтФАтФАтФАтФАтФАтФАтФАтФА
тФВ #0   TestService._completeBipolarTest (package:psycho_tests/services/test_service.dart:491:15)
тФВ #1   TestService.completeTest (package:psycho_tests/services/test_service.dart:55:16)
тФЬтФДтФДтФДтФДтФДтФДтФДтФДтФДтФДтФДтФДтФДтФДтФДтФДтФДтФДтФДтФДтФДтФДтФДтФДтФДтФДтФДтФДтФДтФДтФДтФДтФДтФДтФДтФДтФДтФДтФДтФДтФДтФДтФДтФДтФДтФДтФДтФДтФДтФДтФДтФДтФДтФДтФДтФДтФДтФДтФДтФДтФДтФДтФДтФДтФДтФДтФДтФДтФДтФДтФДтФДтФДтФДтФДтФДтФДтФДтФДтФДтФДтФДтФДтФДтФДтФДтФДтФДтФДтФДтФДтФДтФДтФДтФДтФДтФДтФДтФДтФДтФДтФДтФДтФДтФДтФДтФДтФДтФДтФДтФДтФДтФДтФДтФДтФДтФДтФДтФД
тФВ ЁЯРЫ Personality type code: XXXX
тФФтФАтФАтФАтФАтФАтФАтФАтФАтФАтФАтФАтФАтФАтФАтФАтФАтФАтФАтФАтФАтФАтФАтФАтФАтФАтФАтФАтФАтФАтФАтФАтФАтФАтФАтФАтФАтФАтФАтФАтФАтФАтФАтФАтФАтФАтФАтФАтФАтФАтФАтФАтФАтФАтФАтФАтФАтФАтФАтФАтФАтФАтФАтФАтФАтФАтФАтФАтФАтФАтФАтФАтФАтФАтФАтФАтФАтФАтФАтФАтФАтФАтФАтФАтФАтФАтФАтФАтФАтФАтФАтФАтФАтФАтФАтФАтФАтФАтФАтФАтФАтФАтФАтФАтФАтФАтФАтФАтФАтФАтФАтФАтФАтФАтФАтФАтФАтФАтФАтФА
тФМтФАтФАтФАтФАтФАтФАтФАтФАтФАтФАтФАтФАтФАтФАтФАтФАтФАтФАтФАтФАтФАтФАтФАтФАтФАтФАтФАтФАтФАтФАтФАтФАтФАтФАтФАтФАтФАтФАтФАтФАтФАтФАтФАтФАтФАтФАтФАтФАтФАтФАтФАтФАтФАтФАтФАтФАтФАтФАтФАтФАтФАтФАтФАтФАтФАтФАтФАтФАтФАтФАтФАтФАтФАтФАтФАтФАтФАтФАтФАтФАтФАтФАтФАтФАтФАтФАтФАтФАтФАтФАтФАтФАтФАтФАтФАтФАтФАтФАтФАтФАтФАтФАтФАтФАтФАтФАтФАтФАтФАтФАтФАтФАтФАтФАтФАтФАтФАтФАтФА
тФВ #0   TestService._completeBipolarTest (package:psycho_tests/services/test_service.dart:575:17)
тФВ #1   TestService.completeTest (package:psycho_tests/services/test_service.dart:55:16)
тФЬтФДтФДтФДтФДтФДтФДтФДтФДтФДтФДтФДтФДтФДтФДтФДтФДтФДтФДтФДтФДтФДтФДтФДтФДтФДтФДтФДтФДтФДтФДтФДтФДтФДтФДтФДтФДтФДтФДтФДтФДтФДтФДтФДтФДтФДтФДтФДтФДтФДтФДтФДтФДтФДтФДтФДтФДтФДтФДтФДтФДтФДтФДтФДтФДтФДтФДтФДтФДтФДтФДтФДтФДтФДтФДтФДтФДтФДтФДтФДтФДтФДтФДтФДтФДтФДтФДтФДтФДтФДтФДтФДтФДтФДтФДтФДтФДтФДтФДтФДтФДтФДтФДтФДтФДтФДтФДтФДтФДтФДтФДтФДтФДтФДтФДтФДтФДтФДтФДтФД
тФВ ЁЯРЫ mbti_ei: normalized=50.0%, dominant=E, CI=┬▒5.0%
тФФтФАтФАтФАтФАтФАтФАтФАтФАтФАтФАтФАтФАтФАтФАтФАтФАтФАтФАтФАтФАтФАтФАтФАтФАтФАтФАтФАтФАтФАтФАтФАтФАтФАтФАтФАтФАтФАтФАтФАтФАтФАтФАтФАтФАтФАтФАтФАтФАтФАтФАтФАтФАтФАтФАтФАтФАтФАтФАтФАтФАтФАтФАтФАтФАтФАтФАтФАтФАтФАтФАтФАтФАтФАтФАтФАтФАтФАтФАтФАтФАтФАтФАтФАтФАтФАтФАтФАтФАтФАтФАтФАтФАтФАтФАтФАтФАтФАтФАтФАтФАтФАтФАтФАтФАтФАтФАтФАтФАтФАтФАтФАтФАтФАтФАтФАтФАтФАтФАтФА
тФМтФАтФАтФАтФАтФАтФАтФАтФАтФАтФАтФАтФАтФАтФАтФАтФАтФАтФАтФАтФАтФАтФАтФАтФАтФАтФАтФАтФАтФАтФАтФАтФАтФАтФАтФАтФАтФАтФАтФАтФАтФАтФАтФАтФАтФАтФАтФАтФАтФАтФАтФАтФАтФАтФАтФАтФАтФАтФАтФАтФАтФАтФАтФАтФАтФАтФАтФАтФАтФАтФАтФАтФАтФАтФАтФАтФАтФАтФАтФАтФАтФАтФАтФАтФАтФАтФАтФАтФАтФАтФАтФАтФАтФАтФАтФАтФАтФАтФАтФАтФАтФАтФАтФАтФАтФАтФАтФАтФАтФАтФАтФАтФАтФАтФАтФАтФАтФАтФАтФА
тФВ #0   TestService._completeBipolarTest (package:psycho_tests/services/test_service.dart:575:17)
тФВ #1   TestService.completeTest (package:psycho_tests/services/test_service.dart:55:16)
тФЬтФДтФДтФДтФДтФДтФДтФДтФДтФДтФДтФДтФДтФДтФДтФДтФДтФДтФДтФДтФДтФДтФДтФДтФДтФДтФДтФДтФДтФДтФДтФДтФДтФДтФДтФДтФДтФДтФДтФДтФДтФДтФДтФДтФДтФДтФДтФДтФДтФДтФДтФДтФДтФДтФДтФДтФДтФДтФДтФДтФДтФДтФДтФДтФДтФДтФДтФДтФДтФДтФДтФДтФДтФДтФДтФДтФДтФДтФДтФДтФДтФДтФДтФДтФДтФДтФДтФДтФДтФДтФДтФДтФДтФДтФДтФДтФДтФДтФДтФДтФДтФДтФДтФДтФДтФДтФДтФДтФДтФДтФДтФДтФДтФДтФДтФДтФДтФДтФДтФД
тФВ ЁЯРЫ mbti_sn: normalized=50.0%, dominant=S, CI=┬▒5.0%
тФФтФАтФАтФАтФАтФАтФАтФАтФАтФАтФАтФАтФАтФАтФАтФАтФАтФАтФАтФАтФАтФАтФАтФАтФАтФАтФАтФАтФАтФАтФАтФАтФАтФАтФАтФАтФАтФАтФАтФАтФАтФАтФАтФАтФАтФАтФАтФАтФАтФАтФАтФАтФАтФАтФАтФАтФАтФАтФАтФАтФАтФАтФАтФАтФАтФАтФАтФАтФАтФАтФАтФАтФАтФАтФАтФАтФАтФАтФАтФАтФАтФАтФАтФАтФАтФАтФАтФАтФАтФАтФАтФАтФАтФАтФАтФАтФАтФАтФАтФАтФАтФАтФАтФАтФАтФАтФАтФАтФАтФАтФАтФАтФАтФАтФАтФАтФАтФАтФАтФА
тФМтФАтФАтФАтФАтФАтФАтФАтФАтФАтФАтФАтФАтФАтФАтФАтФАтФАтФАтФАтФАтФАтФАтФАтФАтФАтФАтФАтФАтФАтФАтФАтФАтФАтФАтФАтФАтФАтФАтФАтФАтФАтФАтФАтФАтФАтФАтФАтФАтФАтФАтФАтФАтФАтФАтФАтФАтФАтФАтФАтФАтФАтФАтФАтФАтФАтФАтФАтФАтФАтФАтФАтФАтФАтФАтФАтФАтФАтФАтФАтФАтФАтФАтФАтФАтФАтФАтФАтФАтФАтФАтФАтФАтФАтФАтФАтФАтФАтФАтФАтФАтФАтФАтФАтФАтФАтФАтФАтФАтФАтФАтФАтФАтФАтФАтФАтФАтФАтФАтФА
тФВ #0   TestService._completeBipolarTest (package:psycho_tests/services/test_service.dart:575:17)
тФВ #1   TestService.completeTest (package:psycho_tests/services/test_service.dart:55:16)
тФЬтФДтФДтФДтФДтФДтФДтФДтФДтФДтФДтФДтФДтФДтФДтФДтФДтФДтФДтФДтФДтФДтФДтФДтФДтФДтФДтФДтФДтФДтФДтФДтФДтФДтФДтФДтФДтФДтФДтФДтФДтФДтФДтФДтФДтФДтФДтФДтФДтФДтФДтФДтФДтФДтФДтФДтФДтФДтФДтФДтФДтФДтФДтФДтФДтФДтФДтФДтФДтФДтФДтФДтФДтФДтФДтФДтФДтФДтФДтФДтФДтФДтФДтФДтФДтФДтФДтФДтФДтФДтФДтФДтФДтФДтФДтФДтФДтФДтФДтФДтФДтФДтФДтФДтФДтФДтФДтФДтФДтФДтФДтФДтФДтФДтФДтФДтФДтФДтФДтФД
тФВ ЁЯРЫ mbti_tf: normalized=50.0%, dominant=T, CI=┬▒5.0%
тФФтФАтФАтФАтФАтФАтФАтФАтФАтФАтФАтФАтФАтФАтФАтФАтФАтФАтФАтФАтФАтФАтФАтФАтФАтФАтФАтФАтФАтФАтФАтФАтФАтФАтФАтФАтФАтФАтФАтФАтФАтФАтФАтФАтФАтФАтФАтФАтФАтФАтФАтФАтФАтФАтФАтФАтФАтФАтФАтФАтФАтФАтФАтФАтФАтФАтФАтФАтФАтФАтФАтФАтФАтФАтФАтФАтФАтФАтФАтФАтФАтФАтФАтФАтФАтФАтФАтФАтФАтФАтФАтФАтФАтФАтФАтФАтФАтФАтФАтФАтФАтФАтФАтФАтФАтФАтФАтФАтФАтФАтФАтФАтФАтФАтФАтФАтФАтФАтФАтФА
тФМтФАтФАтФАтФАтФАтФАтФАтФАтФАтФАтФАтФАтФАтФАтФАтФАтФАтФАтФАтФАтФАтФАтФАтФАтФАтФАтФАтФАтФАтФАтФАтФАтФАтФАтФАтФАтФАтФАтФАтФАтФАтФАтФАтФАтФАтФАтФАтФАтФАтФАтФАтФАтФАтФАтФАтФАтФАтФАтФАтФАтФАтФАтФАтФАтФАтФАтФАтФАтФАтФАтФАтФАтФАтФАтФАтФАтФАтФАтФАтФАтФАтФАтФАтФАтФАтФАтФАтФАтФАтФАтФАтФАтФАтФАтФАтФАтФАтФАтФАтФАтФАтФАтФАтФАтФАтФАтФАтФАтФАтФАтФАтФАтФАтФАтФАтФАтФАтФАтФА
тФВ #0   TestService._completeBipolarTest (package:psycho_tests/services/test_service.dart:575:17)
тФВ #1   TestService.completeTest (package:psycho_tests/services/test_service.dart:55:16)
тФЬтФДтФДтФДтФДтФДтФДтФДтФДтФДтФДтФДтФДтФДтФДтФДтФДтФДтФДтФДтФДтФДтФДтФДтФДтФДтФДтФДтФДтФДтФДтФДтФДтФДтФДтФДтФДтФДтФДтФДтФДтФДтФДтФДтФДтФДтФДтФДтФДтФДтФДтФДтФДтФДтФДтФДтФДтФДтФДтФДтФДтФДтФДтФДтФДтФДтФДтФДтФДтФДтФДтФДтФДтФДтФДтФДтФДтФДтФДтФДтФДтФДтФДтФДтФДтФДтФДтФДтФДтФДтФДтФДтФДтФДтФДтФДтФДтФДтФДтФДтФДтФДтФДтФДтФДтФДтФДтФДтФДтФДтФДтФДтФДтФДтФДтФДтФДтФДтФДтФД
тФВ ЁЯРЫ mbti_jp: normalized=50.0%, dominant=J, CI=┬▒5.0%
тФФтФАтФАтФАтФАтФАтФАтФАтФАтФАтФАтФАтФАтФАтФАтФАтФАтФАтФАтФАтФАтФАтФАтФАтФАтФАтФАтФАтФАтФАтФАтФАтФАтФАтФАтФАтФАтФАтФАтФАтФАтФАтФАтФАтФАтФАтФАтФАтФАтФАтФАтФАтФАтФАтФАтФАтФАтФАтФАтФАтФАтФАтФАтФАтФАтФАтФАтФАтФАтФАтФАтФАтФАтФАтФАтФАтФАтФАтФАтФАтФАтФАтФАтФАтФАтФАтФАтФАтФАтФАтФАтФАтФАтФАтФАтФАтФАтФАтФАтФАтФАтФАтФАтФАтФАтФАтФАтФАтФАтФАтФАтФАтФАтФАтФАтФАтФАтФАтФАтФА
тФМтФАтФАтФАтФАтФАтФАтФАтФАтФАтФАтФАтФАтФАтФАтФАтФАтФАтФАтФАтФАтФАтФАтФАтФАтФАтФАтФАтФАтФАтФАтФАтФАтФАтФАтФАтФАтФАтФАтФАтФАтФАтФАтФАтФАтФАтФАтФАтФАтФАтФАтФАтФАтФАтФАтФАтФАтФАтФАтФАтФАтФАтФАтФАтФАтФАтФАтФАтФАтФАтФАтФАтФАтФАтФАтФАтФАтФАтФАтФАтФАтФАтФАтФАтФАтФАтФАтФАтФАтФАтФАтФАтФАтФАтФАтФАтФАтФАтФАтФАтФАтФАтФАтФАтФАтФАтФАтФАтФАтФАтФАтФАтФАтФАтФАтФАтФАтФАтФАтФА
тФВ #0   TestService._completeBipolarTest (package:psycho_tests/services/test_service.dart:589:15)
тФВ #1   TestService.completeTest (package:psycho_tests/services/test_service.dart:55:16)
тФЬтФДтФДтФДтФДтФДтФДтФДтФДтФДтФДтФДтФДтФДтФДтФДтФДтФДтФДтФДтФДтФДтФДтФДтФДтФДтФДтФДтФДтФДтФДтФДтФДтФДтФДтФДтФДтФДтФДтФДтФДтФДтФДтФДтФДтФДтФДтФДтФДтФДтФДтФДтФДтФДтФДтФДтФДтФДтФДтФДтФДтФДтФДтФДтФДтФДтФДтФДтФДтФДтФДтФДтФДтФДтФДтФДтФДтФДтФДтФДтФДтФДтФДтФДтФДтФДтФДтФДтФДтФДтФДтФДтФДтФДтФДтФДтФДтФДтФДтФДтФДтФДтФДтФДтФДтФДтФДтФДтФДтФДтФДтФДтФДтФДтФДтФДтФДтФДтФДтФД
тФВ ЁЯРЫ userAnswersScores contains 80 answers
тФФтФАтФАтФАтФАтФАтФАтФАтФАтФАтФАтФАтФАтФАтФАтФАтФАтФАтФАтФАтФАтФАтФАтФАтФАтФАтФАтФАтФАтФАтФАтФАтФАтФАтФАтФАтФАтФАтФАтФАтФАтФАтФАтФАтФАтФАтФАтФАтФАтФАтФАтФАтФАтФАтФАтФАтФАтФАтФАтФАтФАтФАтФАтФАтФАтФАтФАтФАтФАтФАтФАтФАтФАтФАтФАтФАтФАтФАтФАтФАтФАтФАтФАтФАтФАтФАтФАтФАтФАтФАтФАтФАтФАтФАтФАтФАтФАтФАтФАтФАтФАтФАтФАтФАтФАтФАтФАтФАтФАтФАтФАтФАтФАтФАтФАтФАтФАтФАтФАтФА
тФМтФАтФАтФАтФАтФАтФАтФАтФАтФАтФАтФАтФАтФАтФАтФАтФАтФАтФАтФАтФАтФАтФАтФАтФАтФАтФАтФАтФАтФАтФАтФАтФАтФАтФАтФАтФАтФАтФАтФАтФАтФАтФАтФАтФАтФАтФАтФАтФАтФАтФАтФАтФАтФАтФАтФАтФАтФАтФАтФАтФАтФАтФАтФАтФАтФАтФАтФАтФАтФАтФАтФАтФАтФАтФАтФАтФАтФАтФАтФАтФАтФАтФАтФАтФАтФАтФАтФАтФАтФАтФАтФАтФАтФАтФАтФАтФАтФАтФАтФАтФАтФАтФАтФАтФАтФАтФАтФАтФАтФАтФАтФАтФАтФАтФАтФАтФАтФАтФАтФА
тФВ #0   TestService._completeBipolarTest (package:psycho_tests/services/test_service.dart:590:15)
тФВ #1   TestService.completeTest (package:psycho_tests/services/test_service.dart:55:16)
тФЬтФДтФДтФДтФДтФДтФДтФДтФДтФДтФДтФДтФДтФДтФДтФДтФДтФДтФДтФДтФДтФДтФДтФДтФДтФДтФДтФДтФДтФДтФДтФДтФДтФДтФДтФДтФДтФДтФДтФДтФДтФДтФДтФДтФДтФДтФДтФДтФДтФДтФДтФДтФДтФДтФДтФДтФДтФДтФДтФДтФДтФДтФДтФДтФДтФДтФДтФДтФДтФДтФДтФДтФДтФДтФДтФДтФДтФДтФДтФДтФДтФДтФДтФДтФДтФДтФДтФДтФДтФДтФДтФДтФДтФДтФДтФДтФДтФДтФДтФДтФДтФДтФДтФДтФДтФДтФДтФДтФДтФДтФДтФДтФДтФДтФДтФДтФДтФДтФДтФД
тФВ ЁЯРЫ Total questions in test: 80
тФФтФАтФАтФАтФАтФАтФАтФАтФАтФАтФАтФАтФАтФАтФАтФАтФАтФАтФАтФАтФАтФАтФАтФАтФАтФАтФАтФАтФАтФАтФАтФАтФАтФАтФАтФАтФАтФАтФАтФАтФАтФАтФАтФАтФАтФАтФАтФАтФАтФАтФАтФАтФАтФАтФАтФАтФАтФАтФАтФАтФАтФАтФАтФАтФАтФАтФАтФАтФАтФАтФАтФАтФАтФАтФАтФАтФАтФАтФАтФАтФАтФАтФАтФАтФАтФАтФАтФАтФАтФАтФАтФАтФАтФАтФАтФАтФАтФАтФАтФАтФАтФАтФАтФАтФАтФАтФАтФАтФАтФАтФАтФАтФАтФАтФАтФАтФАтФАтФАтФА
тФМтФАтФАтФАтФАтФАтФАтФАтФАтФАтФАтФАтФАтФАтФАтФАтФАтФАтФАтФАтФАтФАтФАтФАтФАтФАтФАтФАтФАтФАтФАтФАтФАтФАтФАтФАтФАтФАтФАтФАтФАтФАтФАтФАтФАтФАтФАтФАтФАтФАтФАтФАтФАтФАтФАтФАтФАтФАтФАтФАтФАтФАтФАтФАтФАтФАтФАтФАтФАтФАтФАтФАтФАтФАтФАтФАтФАтФАтФАтФАтФАтФАтФАтФАтФАтФАтФАтФАтФАтФАтФАтФАтФАтФАтФАтФАтФАтФАтФАтФАтФАтФАтФАтФАтФАтФАтФАтФАтФАтФАтФАтФАтФАтФАтФАтФАтФАтФАтФАтФА
тФВ #0   TestService._completeBipolarTest (package:psycho_tests/services/test_service.dart:591:15)
тФВ #1   TestService.completeTest (package:psycho_tests/services/test_service.dart:55:16)
тФЬтФДтФДтФДтФДтФДтФДтФДтФДтФДтФДтФДтФДтФДтФДтФДтФДтФДтФДтФДтФДтФДтФДтФДтФДтФДтФДтФДтФДтФДтФДтФДтФДтФДтФДтФДтФДтФДтФДтФДтФДтФДтФДтФДтФДтФДтФДтФДтФДтФДтФДтФДтФДтФДтФДтФДтФДтФДтФДтФДтФДтФДтФДтФДтФДтФДтФДтФДтФДтФДтФДтФДтФДтФДтФДтФДтФДтФДтФДтФДтФДтФДтФДтФДтФДтФДтФДтФДтФДтФДтФДтФДтФДтФДтФДтФДтФДтФДтФДтФДтФДтФДтФДтФДтФДтФДтФДтФДтФДтФДтФДтФДтФДтФДтФДтФДтФДтФДтФДтФД
тФВ ЁЯРЫ Expected 80 answers, received: 80
тФФтФАтФАтФАтФАтФАтФАтФАтФАтФАтФАтФАтФАтФАтФАтФАтФАтФАтФАтФАтФАтФАтФАтФАтФАтФАтФАтФАтФАтФАтФАтФАтФАтФАтФАтФАтФАтФАтФАтФАтФАтФАтФАтФАтФАтФАтФАтФАтФАтФАтФАтФАтФАтФАтФАтФАтФАтФАтФАтФАтФАтФАтФАтФАтФАтФАтФАтФАтФАтФАтФАтФАтФАтФАтФАтФАтФАтФАтФАтФАтФАтФАтФАтФАтФАтФАтФАтФАтФАтФАтФАтФАтФАтФАтФАтФАтФАтФАтФАтФАтФАтФАтФАтФАтФАтФАтФАтФАтФАтФАтФАтФАтФАтФАтФАтФАтФАтФАтФАтФА
тФМтФАтФАтФАтФАтФАтФАтФАтФАтФАтФАтФАтФАтФАтФАтФАтФАтФАтФАтФАтФАтФАтФАтФАтФАтФАтФАтФАтФАтФАтФАтФАтФАтФАтФАтФАтФАтФАтФАтФАтФАтФАтФАтФАтФАтФАтФАтФАтФАтФАтФАтФАтФАтФАтФАтФАтФАтФАтФАтФАтФАтФАтФАтФАтФАтФАтФАтФАтФАтФАтФАтФАтФАтФАтФАтФАтФАтФАтФАтФАтФАтФАтФАтФАтФАтФАтФАтФАтФАтФАтФАтФАтФАтФАтФАтФАтФАтФАтФАтФАтФАтФАтФАтФАтФАтФАтФАтФАтФАтФАтФАтФАтФАтФАтФАтФАтФАтФАтФАтФА
тФВ #0   TestService._completeBipolarTest (package:psycho_tests/services/test_service.dart:592:15)
тФВ #1   TestService.completeTest (package:psycho_tests/services/test_service.dart:55:16)
тФЬтФДтФДтФДтФДтФДтФДтФДтФДтФДтФДтФДтФДтФДтФДтФДтФДтФДтФДтФДтФДтФДтФДтФДтФДтФДтФДтФДтФДтФДтФДтФДтФДтФДтФДтФДтФДтФДтФДтФДтФДтФДтФДтФДтФДтФДтФДтФДтФДтФДтФДтФДтФДтФДтФДтФДтФДтФДтФДтФДтФДтФДтФДтФДтФДтФДтФДтФДтФДтФДтФДтФДтФДтФДтФДтФДтФДтФДтФДтФДтФДтФДтФДтФДтФДтФДтФДтФДтФДтФДтФДтФДтФДтФДтФДтФДтФДтФДтФДтФДтФДтФДтФДтФДтФДтФДтФДтФДтФДтФДтФДтФДтФДтФДтФДтФДтФДтФДтФДтФД
тФВ ЁЯРЫ First 5 answers: q1:4, q2:4, q3:4, q4:4, q5:4
тФФтФАтФАтФАтФАтФАтФАтФАтФАтФАтФАтФАтФАтФАтФАтФАтФАтФАтФАтФАтФАтФАтФАтФАтФАтФАтФАтФАтФАтФАтФАтФАтФАтФАтФАтФАтФАтФАтФАтФАтФАтФАтФАтФАтФАтФАтФАтФАтФАтФАтФАтФАтФАтФАтФАтФАтФАтФАтФАтФАтФАтФАтФАтФАтФАтФАтФАтФАтФАтФАтФАтФАтФАтФАтФАтФАтФАтФАтФАтФАтФАтФАтФАтФАтФАтФАтФАтФАтФАтФАтФАтФАтФАтФАтФАтФАтФАтФАтФАтФАтФАтФАтФАтФАтФАтФАтФАтФАтФАтФАтФАтФАтФАтФАтФАтФАтФАтФАтФАтФА
тФМтФАтФАтФАтФАтФАтФАтФАтФАтФАтФАтФАтФАтФАтФАтФАтФАтФАтФАтФАтФАтФАтФАтФАтФАтФАтФАтФАтФАтФАтФАтФАтФАтФАтФАтФАтФАтФАтФАтФАтФАтФАтФАтФАтФАтФАтФАтФАтФАтФАтФАтФАтФАтФАтФАтФАтФАтФАтФАтФАтФАтФАтФАтФАтФАтФАтФАтФАтФАтФАтФАтФАтФАтФАтФАтФАтФАтФАтФАтФАтФАтФАтФАтФАтФАтФАтФАтФАтФАтФАтФАтФАтФАтФАтФАтФАтФАтФАтФАтФАтФАтФАтФАтФАтФАтФАтФАтФАтФАтФАтФАтФАтФАтФАтФАтФАтФАтФАтФАтФА
тФВ #0   TestService._completeBipolarTest (package:psycho_tests/services/test_service.dart:595:17)
тФВ #1   TestService.completeTest (package:psycho_tests/services/test_service.dart:55:16)
тФЬтФДтФДтФДтФДтФДтФДтФДтФДтФДтФДтФДтФДтФДтФДтФДтФДтФДтФДтФДтФДтФДтФДтФДтФДтФДтФДтФДтФДтФДтФДтФДтФДтФДтФДтФДтФДтФДтФДтФДтФДтФДтФДтФДтФДтФДтФДтФДтФДтФДтФДтФДтФДтФДтФДтФДтФДтФДтФДтФДтФДтФДтФДтФДтФДтФДтФДтФДтФДтФДтФДтФДтФДтФДтФДтФДтФДтФДтФДтФДтФДтФДтФДтФДтФДтФДтФДтФДтФДтФДтФДтФДтФДтФДтФДтФДтФДтФДтФДтФДтФДтФДтФДтФДтФДтФДтФДтФДтФДтФДтФДтФДтФДтФДтФДтФДтФДтФДтФДтФД
тФВ ЁЯРЫ Last 5 answers: q76:4, q77:4, q78:4, q79:4, q80:4
тФФтФАтФАтФАтФАтФАтФАтФАтФАтФАтФАтФАтФАтФАтФАтФАтФАтФАтФАтФАтФАтФАтФАтФАтФАтФАтФАтФАтФАтФАтФАтФАтФАтФАтФАтФАтФАтФАтФАтФАтФАтФАтФАтФАтФАтФАтФАтФАтФАтФАтФАтФАтФАтФАтФАтФАтФАтФАтФАтФАтФАтФАтФАтФАтФАтФАтФАтФАтФАтФАтФАтФАтФАтФАтФАтФАтФАтФАтФАтФАтФАтФАтФАтФАтФАтФАтФАтФАтФАтФАтФАтФАтФАтФАтФАтФАтФАтФАтФАтФАтФАтФАтФАтФАтФАтФАтФАтФАтФАтФАтФАтФАтФАтФАтФАтФАтФАтФАтФАтФА
тФМтФАтФАтФАтФАтФАтФАтФАтФАтФАтФАтФАтФАтФАтФАтФАтФАтФАтФАтФАтФАтФАтФАтФАтФАтФАтФАтФАтФАтФАтФАтФАтФАтФАтФАтФАтФАтФАтФАтФАтФАтФАтФАтФАтФАтФАтФАтФАтФАтФАтФАтФАтФАтФАтФАтФАтФАтФАтФАтФАтФАтФАтФАтФАтФАтФАтФАтФАтФАтФАтФАтФАтФАтФАтФАтФАтФАтФАтФАтФАтФАтФАтФАтФАтФАтФАтФАтФАтФАтФАтФАтФАтФАтФАтФАтФАтФАтФАтФАтФАтФАтФАтФАтФАтФАтФАтФАтФАтФАтФАтФАтФАтФАтФАтФАтФАтФАтФАтФАтФА
тФВ #0   TestService._completeBipolarTest (package:psycho_tests/services/test_service.dart:600:15)
тФВ #1   TestService.completeTest (package:psycho_tests/services/test_service.dart:55:16)
тФЬтФДтФДтФДтФДтФДтФДтФДтФДтФДтФДтФДтФДтФДтФДтФДтФДтФДтФДтФДтФДтФДтФДтФДтФДтФДтФДтФДтФДтФДтФДтФДтФДтФДтФДтФДтФДтФДтФДтФДтФДтФДтФДтФДтФДтФДтФДтФДтФДтФДтФДтФДтФДтФДтФДтФДтФДтФДтФДтФДтФДтФДтФДтФДтФДтФДтФДтФДтФДтФДтФДтФДтФДтФДтФДтФДтФДтФДтФДтФДтФДтФДтФДтФДтФДтФДтФДтФДтФДтФДтФДтФДтФДтФДтФДтФДтФДтФДтФДтФДтФДтФДтФДтФДтФДтФДтФДтФДтФДтФДтФДтФДтФДтФДтФДтФДтФДтФДтФДтФД
тФВ ЁЯРЫ ===== START QUALITY VALIDATION =====
тФФтФАтФАтФАтФАтФАтФАтФАтФАтФАтФАтФАтФАтФАтФАтФАтФАтФАтФАтФАтФАтФАтФАтФАтФАтФАтФАтФАтФАтФАтФАтФАтФАтФАтФАтФАтФАтФАтФАтФАтФАтФАтФАтФАтФАтФАтФАтФАтФАтФАтФАтФАтФАтФАтФАтФАтФАтФАтФАтФАтФАтФАтФАтФАтФАтФАтФАтФАтФАтФАтФАтФАтФАтФАтФАтФАтФАтФАтФАтФАтФАтФАтФАтФАтФАтФАтФАтФАтФАтФАтФАтФАтФАтФАтФАтФАтФАтФАтФАтФАтФАтФАтФАтФАтФАтФАтФАтФАтФАтФАтФАтФАтФАтФАтФАтФАтФАтФАтФАтФА
тФМтФАтФАтФАтФАтФАтФАтФАтФАтФАтФАтФАтФАтФАтФАтФАтФАтФАтФАтФАтФАтФАтФАтФАтФАтФАтФАтФАтФАтФАтФАтФАтФАтФАтФАтФАтФАтФАтФАтФАтФАтФАтФАтФАтФАтФАтФАтФАтФАтФАтФАтФАтФАтФАтФАтФАтФАтФАтФАтФАтФАтФАтФАтФАтФАтФАтФАтФАтФАтФАтФАтФАтФАтФАтФАтФАтФАтФАтФАтФАтФАтФАтФАтФАтФАтФАтФАтФАтФАтФАтФАтФАтФАтФАтФАтФАтФАтФАтФАтФАтФАтФАтФАтФАтФАтФАтФАтФАтФАтФАтФАтФАтФАтФАтФАтФАтФАтФАтФАтФА
тФВ #0   TestService.validateResponseQuality (package:psycho_tests/services/test_service.dart:634:15)
тФВ #1   TestService._completeBipolarTest (package:psycho_tests/services/test_service.dart:602:9)
тФЬтФДтФДтФДтФДтФДтФДтФДтФДтФДтФДтФДтФДтФДтФДтФДтФДтФДтФДтФДтФДтФДтФДтФДтФДтФДтФДтФДтФДтФДтФДтФДтФДтФДтФДтФДтФДтФДтФДтФДтФДтФДтФДтФДтФДтФДтФДтФДтФДтФДтФДтФДтФДтФДтФДтФДтФДтФДтФДтФДтФДтФДтФДтФДтФДтФДтФДтФДтФДтФДтФДтФДтФДтФДтФДтФДтФДтФДтФДтФДтФДтФДтФДтФДтФДтФДтФДтФДтФДтФДтФДтФДтФДтФДтФДтФДтФДтФДтФДтФДтФДтФДтФДтФДтФДтФДтФДтФДтФДтФДтФДтФДтФДтФДтФДтФДтФДтФДтФДтФД
тФВ ЁЯРЫ Starting validation of 80 answers
тФФтФАтФАтФАтФАтФАтФАтФАтФАтФАтФАтФАтФАтФАтФАтФАтФАтФАтФАтФАтФАтФАтФАтФАтФАтФАтФАтФАтФАтФАтФАтФАтФАтФАтФАтФАтФАтФАтФАтФАтФАтФАтФАтФАтФАтФАтФАтФАтФАтФАтФАтФАтФАтФАтФАтФАтФАтФАтФАтФАтФАтФАтФАтФАтФАтФАтФАтФАтФАтФАтФАтФАтФАтФАтФАтФАтФАтФАтФАтФАтФАтФАтФАтФАтФАтФАтФАтФАтФАтФАтФАтФАтФАтФАтФАтФАтФАтФАтФАтФАтФАтФАтФАтФАтФАтФАтФАтФАтФАтФАтФАтФАтФАтФАтФАтФАтФАтФАтФАтФА
тФМтФАтФАтФАтФАтФАтФАтФАтФАтФАтФАтФАтФАтФАтФАтФАтФАтФАтФАтФАтФАтФАтФАтФАтФАтФАтФАтФАтФАтФАтФАтФАтФАтФАтФАтФАтФАтФАтФАтФАтФАтФАтФАтФАтФАтФАтФАтФАтФАтФАтФАтФАтФАтФАтФАтФАтФАтФАтФАтФАтФАтФАтФАтФАтФАтФАтФАтФАтФАтФАтФАтФАтФАтФАтФАтФАтФАтФАтФАтФАтФАтФАтФАтФАтФАтФАтФАтФАтФАтФАтФАтФАтФАтФАтФАтФАтФАтФАтФАтФАтФАтФАтФАтФАтФАтФАтФАтФАтФАтФАтФАтФАтФАтФАтФАтФАтФАтФАтФАтФА
тФВ #0   TestService.validateResponseQuality (package:psycho_tests/services/test_service.dart:647:15)
тФВ #1   TestService._completeBipolarTest (package:psycho_tests/services/test_service.dart:602:9)
тФЬтФДтФДтФДтФДтФДтФДтФДтФДтФДтФДтФДтФДтФДтФДтФДтФДтФДтФДтФДтФДтФДтФДтФДтФДтФДтФДтФДтФДтФДтФДтФДтФДтФДтФДтФДтФДтФДтФДтФДтФДтФДтФДтФДтФДтФДтФДтФДтФДтФДтФДтФДтФДтФДтФДтФДтФДтФДтФДтФДтФДтФДтФДтФДтФДтФДтФДтФДтФДтФДтФДтФДтФДтФДтФДтФДтФДтФДтФДтФДтФДтФДтФДтФДтФДтФДтФДтФДтФДтФДтФДтФДтФДтФДтФДтФДтФДтФДтФДтФДтФДтФДтФДтФДтФДтФДтФДтФДтФДтФДтФДтФДтФДтФДтФДтФДтФДтФДтФДтФД
тФВ ЁЯРЫ Answer mean: 4.00
тФФтФАтФАтФАтФАтФАтФАтФАтФАтФАтФАтФАтФАтФАтФАтФАтФАтФАтФАтФАтФАтФАтФАтФАтФАтФАтФАтФАтФАтФАтФАтФАтФАтФАтФАтФАтФАтФАтФАтФАтФАтФАтФАтФАтФАтФАтФАтФАтФАтФАтФАтФАтФАтФАтФАтФАтФАтФАтФАтФАтФАтФАтФАтФАтФАтФАтФАтФАтФАтФАтФАтФАтФАтФАтФАтФАтФАтФАтФАтФАтФАтФАтФАтФАтФАтФАтФАтФАтФАтФАтФАтФАтФАтФАтФАтФАтФАтФАтФАтФАтФАтФАтФАтФАтФАтФАтФАтФАтФАтФАтФАтФАтФАтФАтФАтФАтФАтФАтФАтФА
тФМтФАтФАтФАтФАтФАтФАтФАтФАтФАтФАтФАтФАтФАтФАтФАтФАтФАтФАтФАтФАтФАтФАтФАтФАтФАтФАтФАтФАтФАтФАтФАтФАтФАтФАтФАтФАтФАтФАтФАтФАтФАтФАтФАтФАтФАтФАтФАтФАтФАтФАтФАтФАтФАтФАтФАтФАтФАтФАтФАтФАтФАтФАтФАтФАтФАтФАтФАтФАтФАтФАтФАтФАтФАтФАтФАтФАтФАтФАтФАтФАтФАтФАтФАтФАтФАтФАтФАтФАтФАтФАтФАтФАтФАтФАтФАтФАтФАтФАтФАтФАтФАтФАтФАтФАтФАтФАтФАтФАтФАтФАтФАтФАтФАтФАтФАтФАтФАтФАтФА
тФВ #0   TestService.validateResponseQuality (package:psycho_tests/services/test_service.dart:648:15)
тФВ #1   TestService._completeBipolarTest (package:psycho_tests/services/test_service.dart:602:9)
тФЬтФДтФДтФДтФДтФДтФДтФДтФДтФДтФДтФДтФДтФДтФДтФДтФДтФДтФДтФДтФДтФДтФДтФДтФДтФДтФДтФДтФДтФДтФДтФДтФДтФДтФДтФДтФДтФДтФДтФДтФДтФДтФДтФДтФДтФДтФДтФДтФДтФДтФДтФДтФДтФДтФДтФДтФДтФДтФДтФДтФДтФДтФДтФДтФДтФДтФДтФДтФДтФДтФДтФДтФДтФДтФДтФДтФДтФДтФДтФДтФДтФДтФДтФДтФДтФДтФДтФДтФДтФДтФДтФДтФДтФДтФДтФДтФДтФДтФДтФДтФДтФДтФДтФДтФДтФДтФДтФДтФДтФДтФДтФДтФДтФДтФДтФДтФДтФДтФДтФД
тФВ ЁЯРЫ Standard deviation: 0.00
тФФтФАтФАтФАтФАтФАтФАтФАтФАтФАтФАтФАтФАтФАтФАтФАтФАтФАтФАтФАтФАтФАтФАтФАтФАтФАтФАтФАтФАтФАтФАтФАтФАтФАтФАтФАтФАтФАтФАтФАтФАтФАтФАтФАтФАтФАтФАтФАтФАтФАтФАтФАтФАтФАтФАтФАтФАтФАтФАтФАтФАтФАтФАтФАтФАтФАтФАтФАтФАтФАтФАтФАтФАтФАтФАтФАтФАтФАтФАтФАтФАтФАтФАтФАтФАтФАтФАтФАтФАтФАтФАтФАтФАтФАтФАтФАтФАтФАтФАтФАтФАтФАтФАтФАтФАтФАтФАтФАтФАтФАтФАтФАтФАтФАтФАтФАтФАтФАтФАтФА
[38;5;208mтФМтФАтФАтФАтФАтФАтФАтФАтФАтФАтФАтФАтФАтФАтФАтФАтФАтФАтФАтФАтФАтФАтФАтФАтФАтФАтФАтФАтФАтФАтФАтФАтФАтФАтФАтФАтФАтФАтФАтФАтФАтФАтФАтФАтФАтФАтФАтФАтФАтФАтФАтФАтФАтФАтФАтФАтФАтФАтФАтФАтФАтФАтФАтФАтФАтФАтФАтФАтФАтФАтФАтФАтФАтФАтФАтФАтФАтФАтФАтФАтФАтФАтФАтФАтФАтФАтФАтФАтФАтФАтФАтФАтФАтФАтФАтФАтФАтФАтФАтФАтФАтФАтФАтФАтФАтФАтФАтФАтФАтФАтФАтФАтФАтФАтФАтФАтФАтФАтФАтФА[0m
[38;5;208mтФВ #0   TestService.validateResponseQuality (package:psycho_tests/services/test_service.dart:656:17)[0m
[38;5;208mтФВ #1   TestService._completeBipolarTest (package:psycho_tests/services/test_service.dart:602:9)[0m
[38;5;208mтФЬтФДтФДтФДтФДтФДтФДтФДтФДтФДтФДтФДтФДтФДтФДтФДтФДтФДтФДтФДтФДтФДтФДтФДтФДтФДтФДтФДтФДтФДтФДтФДтФДтФДтФДтФДтФДтФДтФДтФДтФДтФДтФДтФДтФДтФДтФДтФДтФДтФДтФДтФДтФДтФДтФДтФДтФДтФДтФДтФДтФДтФДтФДтФДтФДтФДтФДтФДтФДтФДтФДтФДтФДтФДтФДтФДтФДтФДтФДтФДтФДтФДтФДтФДтФДтФДтФДтФДтФДтФДтФДтФДтФДтФДтФДтФДтФДтФДтФДтФДтФДтФДтФДтФДтФДтФДтФДтФДтФДтФДтФДтФДтФДтФДтФДтФДтФДтФДтФДтФД[0m
[38;5;208mтФВ тЪая╕П ISSUE: Very low response variance (0.00). You may not have been thoughtful.[0m
[38;5;208mтФФтФАтФАтФАтФАтФАтФАтФАтФАтФАтФАтФАтФАтФАтФАтФАтФАтФАтФАтФАтФАтФАтФАтФАтФАтФАтФАтФАтФАтФАтФАтФАтФАтФАтФАтФАтФАтФАтФАтФАтФАтФАтФАтФАтФАтФАтФАтФАтФАтФАтФАтФАтФАтФАтФАтФАтФАтФАтФАтФАтФАтФАтФАтФАтФАтФАтФАтФАтФАтФАтФАтФАтФАтФАтФАтФАтФАтФАтФАтФАтФАтФАтФАтФАтФАтФАтФАтФАтФАтФАтФАтФАтФАтФАтФАтФАтФАтФАтФАтФАтФАтФАтФАтФАтФАтФАтФАтФАтФАтФАтФАтФАтФАтФАтФАтФАтФАтФАтФАтФА[0m
тФМтФАтФАтФАтФАтФАтФАтФАтФАтФАтФАтФАтФАтФАтФАтФАтФАтФАтФАтФАтФАтФАтФАтФАтФАтФАтФАтФАтФАтФАтФАтФАтФАтФАтФАтФАтФАтФАтФАтФАтФАтФАтФАтФАтФАтФАтФАтФАтФАтФАтФАтФАтФАтФАтФАтФАтФАтФАтФАтФАтФАтФАтФАтФАтФАтФАтФАтФАтФАтФАтФАтФАтФАтФАтФАтФАтФАтФАтФАтФАтФАтФАтФАтФАтФАтФАтФАтФАтФАтФАтФАтФАтФАтФАтФАтФАтФАтФАтФАтФАтФАтФАтФАтФАтФАтФАтФАтФАтФАтФАтФАтФАтФАтФАтФАтФАтФАтФАтФАтФА
тФВ #0   TestService.validateResponseQuality (package:psycho_tests/services/test_service.dart:669:15)
тФВ #1   TestService._completeBipolarTest (package:psycho_tests/services/test_service.dart:602:9)
тФЬтФДтФДтФДтФДтФДтФДтФДтФДтФДтФДтФДтФДтФДтФДтФДтФДтФДтФДтФДтФДтФДтФДтФДтФДтФДтФДтФДтФДтФДтФДтФДтФДтФДтФДтФДтФДтФДтФДтФДтФДтФДтФДтФДтФДтФДтФДтФДтФДтФДтФДтФДтФДтФДтФДтФДтФДтФДтФДтФДтФДтФДтФДтФДтФДтФДтФДтФДтФДтФДтФДтФДтФДтФДтФДтФДтФДтФДтФДтФДтФДтФДтФДтФДтФДтФДтФДтФДтФДтФДтФДтФДтФДтФДтФДтФДтФДтФДтФДтФДтФДтФДтФДтФДтФДтФДтФДтФДтФДтФДтФДтФДтФДтФДтФДтФДтФДтФДтФДтФД
тФВ ЁЯРЫ Neutral answers: 0 of 80 (0.0%)
тФФтФАтФАтФАтФАтФАтФАтФАтФАтФАтФАтФАтФАтФАтФАтФАтФАтФАтФАтФАтФАтФАтФАтФАтФАтФАтФАтФАтФАтФАтФАтФАтФАтФАтФАтФАтФАтФАтФАтФАтФАтФАтФАтФАтФАтФАтФАтФАтФАтФАтФАтФАтФАтФАтФАтФАтФАтФАтФАтФАтФАтФАтФАтФАтФАтФАтФАтФАтФАтФАтФАтФАтФАтФАтФАтФАтФАтФАтФАтФАтФАтФАтФАтФАтФАтФАтФАтФАтФАтФАтФАтФАтФАтФАтФАтФАтФАтФАтФАтФАтФАтФАтФАтФАтФАтФАтФАтФАтФАтФАтФАтФАтФАтФАтФАтФАтФАтФАтФАтФА
тФМтФАтФАтФАтФАтФАтФАтФАтФАтФАтФАтФАтФАтФАтФАтФАтФАтФАтФАтФАтФАтФАтФАтФАтФАтФАтФАтФАтФАтФАтФАтФАтФАтФАтФАтФАтФАтФАтФАтФАтФАтФАтФАтФАтФАтФАтФАтФАтФАтФАтФАтФАтФАтФАтФАтФАтФАтФАтФАтФАтФАтФАтФАтФАтФАтФАтФАтФАтФАтФАтФАтФАтФАтФАтФАтФАтФАтФАтФАтФАтФАтФАтФАтФАтФАтФАтФАтФАтФАтФАтФАтФАтФАтФАтФАтФАтФАтФАтФАтФАтФАтФАтФАтФАтФАтФАтФАтФАтФАтФАтФАтФАтФАтФАтФАтФАтФАтФАтФАтФА
тФВ #0   TestService.validateResponseQuality (package:psycho_tests/services/test_service.dart:691:15)
тФВ #1   TestService._completeBipolarTest (package:psycho_tests/services/test_service.dart:602:9)
тФЬтФДтФДтФДтФДтФДтФДтФДтФДтФДтФДтФДтФДтФДтФДтФДтФДтФДтФДтФДтФДтФДтФДтФДтФДтФДтФДтФДтФДтФДтФДтФДтФДтФДтФДтФДтФДтФДтФДтФДтФДтФДтФДтФДтФДтФДтФДтФДтФДтФДтФДтФДтФДтФДтФДтФДтФДтФДтФДтФДтФДтФДтФДтФДтФДтФДтФДтФДтФДтФДтФДтФДтФДтФДтФДтФДтФДтФДтФДтФДтФДтФДтФДтФДтФДтФДтФДтФДтФДтФДтФДтФДтФДтФДтФДтФДтФДтФДтФДтФДтФДтФДтФДтФДтФДтФДтФДтФДтФДтФДтФДтФДтФДтФДтФДтФДтФДтФДтФДтФД
тФВ ЁЯРЫ Extreme answers: 0 of 80 (0.0%)
тФФтФАтФАтФАтФАтФАтФАтФАтФАтФАтФАтФАтФАтФАтФАтФАтФАтФАтФАтФАтФАтФАтФАтФАтФАтФАтФАтФАтФАтФАтФАтФАтФАтФАтФАтФАтФАтФАтФАтФАтФАтФАтФАтФАтФАтФАтФАтФАтФАтФАтФАтФАтФАтФАтФАтФАтФАтФАтФАтФАтФАтФАтФАтФАтФАтФАтФАтФАтФАтФАтФАтФАтФАтФАтФАтФАтФАтФАтФАтФАтФАтФАтФАтФАтФАтФАтФАтФАтФАтФАтФАтФАтФАтФАтФАтФАтФАтФАтФАтФАтФАтФАтФАтФАтФАтФАтФАтФАтФАтФАтФАтФАтФАтФАтФАтФАтФАтФАтФАтФА
тФМтФАтФАтФАтФАтФАтФАтФАтФАтФАтФАтФАтФАтФАтФАтФАтФАтФАтФАтФАтФАтФАтФАтФАтФАтФАтФАтФАтФАтФАтФАтФАтФАтФАтФАтФАтФАтФАтФАтФАтФАтФАтФАтФАтФАтФАтФАтФАтФАтФАтФАтФАтФАтФАтФАтФАтФАтФАтФАтФАтФАтФАтФАтФАтФАтФАтФАтФАтФАтФАтФАтФАтФАтФАтФАтФАтФАтФАтФАтФАтФАтФАтФАтФАтФАтФАтФАтФАтФАтФАтФАтФАтФАтФАтФАтФАтФАтФАтФАтФАтФАтФАтФАтФАтФАтФАтФАтФАтФАтФАтФАтФАтФАтФАтФАтФАтФАтФАтФАтФА
тФВ #0   TestService.validateResponseQuality (package:psycho_tests/services/test_service.dart:751:15)
тФВ #1   TestService._completeBipolarTest (package:psycho_tests/services/test_service.dart:602:9)
тФЬтФДтФДтФДтФДтФДтФДтФДтФДтФДтФДтФДтФДтФДтФДтФДтФДтФДтФДтФДтФДтФДтФДтФДтФДтФДтФДтФДтФДтФДтФДтФДтФДтФДтФДтФДтФДтФДтФДтФДтФДтФДтФДтФДтФДтФДтФДтФДтФДтФДтФДтФДтФДтФДтФДтФДтФДтФДтФДтФДтФДтФДтФДтФДтФДтФДтФДтФДтФДтФДтФДтФДтФДтФДтФДтФДтФДтФДтФДтФДтФДтФДтФДтФДтФДтФДтФДтФДтФДтФДтФДтФДтФДтФДтФДтФДтФДтФДтФДтФДтФДтФДтФДтФДтФДтФДтФДтФДтФДтФДтФДтФДтФДтФДтФДтФДтФДтФДтФДтФД
тФВ ЁЯРЫ Consistency score: 100.0%
тФФтФАтФАтФАтФАтФАтФАтФАтФАтФАтФАтФАтФАтФАтФАтФАтФАтФАтФАтФАтФАтФАтФАтФАтФАтФАтФАтФАтФАтФАтФАтФАтФАтФАтФАтФАтФАтФАтФАтФАтФАтФАтФАтФАтФАтФАтФАтФАтФАтФАтФАтФАтФАтФАтФАтФАтФАтФАтФАтФАтФАтФАтФАтФАтФАтФАтФАтФАтФАтФАтФАтФАтФАтФАтФАтФАтФАтФАтФАтФАтФАтФАтФАтФАтФАтФАтФАтФАтФАтФАтФАтФАтФАтФАтФАтФАтФАтФАтФАтФАтФАтФАтФАтФАтФАтФАтФАтФАтФАтФАтФАтФАтФАтФАтФАтФАтФАтФАтФАтФА
[38;5;208mтФМтФАтФАтФАтФАтФАтФАтФАтФАтФАтФАтФАтФАтФАтФАтФАтФАтФАтФАтФАтФАтФАтФАтФАтФАтФАтФАтФАтФАтФАтФАтФАтФАтФАтФАтФАтФАтФАтФАтФАтФАтФАтФАтФАтФАтФАтФАтФАтФАтФАтФАтФАтФАтФАтФАтФАтФАтФАтФАтФАтФАтФАтФАтФАтФАтФАтФАтФАтФАтФАтФАтФАтФАтФАтФАтФАтФАтФАтФАтФАтФАтФАтФАтФАтФАтФАтФАтФАтФАтФАтФАтФАтФАтФАтФАтФАтФАтФАтФАтФАтФАтФАтФАтФАтФАтФАтФАтФАтФАтФАтФАтФАтФАтФАтФАтФАтФАтФАтФАтФА[0m
[38;5;208mтФВ #0   TestService.validateResponseQuality (package:psycho_tests/services/test_service.dart:780:17)[0m
[38;5;208mтФВ #1   TestService._completeBipolarTest (package:psycho_tests/services/test_service.dart:602:9)[0m
[38;5;208mтФЬтФДтФДтФДтФДтФДтФДтФДтФДтФДтФДтФДтФДтФДтФДтФДтФДтФДтФДтФДтФДтФДтФДтФДтФДтФДтФДтФДтФДтФДтФДтФДтФДтФДтФДтФДтФДтФДтФДтФДтФДтФДтФДтФДтФДтФДтФДтФДтФДтФДтФДтФДтФДтФДтФДтФДтФДтФДтФДтФДтФДтФДтФДтФДтФДтФДтФДтФДтФДтФДтФДтФДтФДтФДтФДтФДтФДтФДтФДтФДтФДтФДтФДтФДтФДтФДтФДтФДтФДтФДтФДтФДтФДтФДтФДтФДтФДтФДтФДтФДтФДтФДтФДтФДтФДтФДтФДтФДтФДтФДтФДтФДтФДтФДтФДтФДтФДтФДтФДтФД[0m
[38;5;208mтФВ тЪая╕П OVERALL QUALITY: CRITICAL[0m
[38;5;208mтФФтФАтФАтФАтФАтФАтФАтФАтФАтФАтФАтФАтФАтФАтФАтФАтФАтФАтФАтФАтФАтФАтФАтФАтФАтФАтФАтФАтФАтФАтФАтФАтФАтФАтФАтФАтФАтФАтФАтФАтФАтФАтФАтФАтФАтФАтФАтФАтФАтФАтФАтФАтФАтФАтФАтФАтФАтФАтФАтФАтФАтФАтФАтФАтФАтФАтФАтФАтФАтФАтФАтФАтФАтФАтФАтФАтФАтФАтФАтФАтФАтФАтФАтФАтФАтФАтФАтФАтФАтФАтФАтФАтФАтФАтФАтФАтФАтФАтФАтФАтФАтФАтФАтФАтФАтФАтФАтФАтФАтФАтФАтФАтФАтФАтФАтФАтФАтФАтФАтФА[0m
тФМтФАтФАтФАтФАтФАтФАтФАтФАтФАтФАтФАтФАтФАтФАтФАтФАтФАтФАтФАтФАтФАтФАтФАтФАтФАтФАтФАтФАтФАтФАтФАтФАтФАтФАтФАтФАтФАтФАтФАтФАтФАтФАтФАтФАтФАтФАтФАтФАтФАтФАтФАтФАтФАтФАтФАтФАтФАтФАтФАтФАтФАтФАтФАтФАтФАтФАтФАтФАтФАтФАтФАтФАтФАтФАтФАтФАтФАтФАтФАтФАтФАтФАтФАтФАтФАтФАтФАтФАтФАтФАтФАтФАтФАтФАтФАтФАтФАтФАтФАтФАтФАтФАтФАтФАтФАтФАтФАтФАтФАтФАтФАтФАтФАтФАтФАтФАтФАтФАтФА
тФВ #0   TestService._completeBipolarTest (package:psycho_tests/services/test_service.dart:603:15)
тФВ #1   TestService.completeTest (package:psycho_tests/services/test_service.dart:55:16)
тФЬтФДтФДтФДтФДтФДтФДтФДтФДтФДтФДтФДтФДтФДтФДтФДтФДтФДтФДтФДтФДтФДтФДтФДтФДтФДтФДтФДтФДтФДтФДтФДтФДтФДтФДтФДтФДтФДтФДтФДтФДтФДтФДтФДтФДтФДтФДтФДтФДтФДтФДтФДтФДтФДтФДтФДтФДтФДтФДтФДтФДтФДтФДтФДтФДтФДтФДтФДтФДтФДтФДтФДтФДтФДтФДтФДтФДтФДтФДтФДтФДтФДтФДтФДтФДтФДтФДтФДтФДтФДтФДтФДтФДтФДтФДтФДтФДтФДтФДтФДтФДтФДтФДтФДтФДтФДтФДтФДтФДтФДтФДтФДтФДтФДтФДтФДтФДтФДтФДтФД
тФВ ЁЯРЫ Response quality: error
тФФтФАтФАтФАтФАтФАтФАтФАтФАтФАтФАтФАтФАтФАтФАтФАтФАтФАтФАтФАтФАтФАтФАтФАтФАтФАтФАтФАтФАтФАтФАтФАтФАтФАтФАтФАтФАтФАтФАтФАтФАтФАтФАтФАтФАтФАтФАтФАтФАтФАтФАтФАтФАтФАтФАтФАтФАтФАтФАтФАтФАтФАтФАтФАтФАтФАтФАтФАтФАтФАтФАтФАтФАтФАтФАтФАтФАтФАтФАтФАтФАтФАтФАтФАтФАтФАтФАтФАтФАтФАтФАтФАтФАтФАтФАтФАтФАтФАтФАтФАтФАтФАтФАтФАтФАтФАтФАтФАтФАтФАтФАтФАтФАтФАтФАтФАтФАтФАтФАтФА
тФМтФАтФАтФАтФАтФАтФАтФАтФАтФАтФАтФАтФАтФАтФАтФАтФАтФАтФАтФАтФАтФАтФАтФАтФАтФАтФАтФАтФАтФАтФАтФАтФАтФАтФАтФАтФАтФАтФАтФАтФАтФАтФАтФАтФАтФАтФАтФАтФАтФАтФАтФАтФАтФАтФАтФАтФАтФАтФАтФАтФАтФАтФАтФАтФАтФАтФАтФАтФАтФАтФАтФАтФАтФАтФАтФАтФАтФАтФАтФАтФАтФАтФАтФАтФАтФАтФАтФАтФАтФАтФАтФАтФАтФАтФАтФАтФАтФАтФАтФАтФАтФАтФАтФАтФАтФАтФАтФАтФАтФАтФАтФАтФАтФАтФАтФАтФАтФАтФАтФА
тФВ #0   TestService._completeBipolarTest (package:psycho_tests/services/test_service.dart:604:15)
тФВ #1   TestService.completeTest (package:psycho_tests/services/test_service.dart:55:16)
тФЬтФДтФДтФДтФДтФДтФДтФДтФДтФДтФДтФДтФДтФДтФДтФДтФДтФДтФДтФДтФДтФДтФДтФДтФДтФДтФДтФДтФДтФДтФДтФДтФДтФДтФДтФДтФДтФДтФДтФДтФДтФДтФДтФДтФДтФДтФДтФДтФДтФДтФДтФДтФДтФДтФДтФДтФДтФДтФДтФДтФДтФДтФДтФДтФДтФДтФДтФДтФДтФДтФДтФДтФДтФДтФДтФДтФДтФДтФДтФДтФДтФДтФДтФДтФДтФДтФДтФДтФДтФДтФДтФДтФДтФДтФДтФДтФДтФДтФДтФДтФДтФДтФДтФДтФДтФДтФДтФДтФДтФДтФДтФДтФДтФДтФДтФДтФДтФДтФДтФД
тФВ ЁЯРЫ Detected issues: 1
тФФтФАтФАтФАтФАтФАтФАтФАтФАтФАтФАтФАтФАтФАтФАтФАтФАтФАтФАтФАтФАтФАтФАтФАтФАтФАтФАтФАтФАтФАтФАтФАтФАтФАтФАтФАтФАтФАтФАтФАтФАтФАтФАтФАтФАтФАтФАтФАтФАтФАтФАтФАтФАтФАтФАтФАтФАтФАтФАтФАтФАтФАтФАтФАтФАтФАтФАтФАтФАтФАтФАтФАтФАтФАтФАтФАтФАтФАтФАтФАтФАтФАтФАтФАтФАтФАтФАтФАтФАтФАтФАтФАтФАтФАтФАтФАтФАтФАтФАтФАтФАтФАтФАтФАтФАтФАтФАтФАтФАтФАтФАтФАтФАтФАтФАтФАтФАтФАтФАтФА
тФМтФАтФАтФАтФАтФАтФАтФАтФАтФАтФАтФАтФАтФАтФАтФАтФАтФАтФАтФАтФАтФАтФАтФАтФАтФАтФАтФАтФАтФАтФАтФАтФАтФАтФАтФАтФАтФАтФАтФАтФАтФАтФАтФАтФАтФАтФАтФАтФАтФАтФАтФАтФАтФАтФАтФАтФАтФАтФАтФАтФАтФАтФАтФАтФАтФАтФАтФАтФАтФАтФАтФАтФАтФАтФАтФАтФАтФАтФАтФАтФАтФАтФАтФАтФАтФАтФАтФАтФАтФАтФАтФАтФАтФАтФАтФАтФАтФАтФАтФАтФАтФАтФАтФАтФАтФАтФАтФАтФАтФАтФАтФАтФАтФАтФАтФАтФАтФАтФАтФА
тФВ #0   TestService._completeBipolarTest (package:psycho_tests/services/test_service.dart:620:15)
тФВ #1   TestService.completeTest (package:psycho_tests/services/test_service.dart:55:16)
тФЬтФДтФДтФДтФДтФДтФДтФДтФДтФДтФДтФДтФДтФДтФДтФДтФДтФДтФДтФДтФДтФДтФДтФДтФДтФДтФДтФДтФДтФДтФДтФДтФДтФДтФДтФДтФДтФДтФДтФДтФДтФДтФДтФДтФДтФДтФДтФДтФДтФДтФДтФДтФДтФДтФДтФДтФДтФДтФДтФДтФДтФДтФДтФДтФДтФДтФДтФДтФДтФДтФДтФДтФДтФДтФДтФДтФДтФДтФДтФДтФДтФДтФДтФДтФДтФДтФДтФДтФДтФДтФДтФДтФДтФДтФДтФДтФДтФДтФДтФДтФДтФДтФДтФДтФДтФДтФДтФДтФДтФДтФДтФДтФДтФДтФДтФДтФДтФДтФДтФД
тФВ ЁЯРЫ Created 16 types test result with typeScales
тФФтФАтФАтФАтФАтФАтФАтФАтФАтФАтФАтФАтФАтФАтФАтФАтФАтФАтФАтФАтФАтФАтФАтФАтФАтФАтФАтФАтФАтФАтФАтФАтФАтФАтФАтФАтФАтФАтФАтФАтФАтФАтФАтФАтФАтФАтФАтФАтФАтФАтФАтФАтФАтФАтФАтФАтФАтФАтФАтФАтФАтФАтФАтФАтФАтФАтФАтФАтФАтФАтФАтФАтФАтФАтФАтФАтФАтФАтФАтФАтФАтФАтФАтФАтФАтФАтФАтФАтФАтФАтФАтФАтФАтФАтФАтФАтФАтФАтФАтФАтФАтФАтФАтФАтФАтФАтФАтФАтФАтФАтФАтФАтФАтФАтФАтФАтФАтФАтФАтФА
тФМтФАтФАтФАтФАтФАтФАтФАтФАтФАтФАтФАтФАтФАтФАтФАтФАтФАтФАтФАтФАтФАтФАтФАтФАтФАтФАтФАтФАтФАтФАтФАтФАтФАтФАтФАтФАтФАтФАтФАтФАтФАтФАтФАтФАтФАтФАтФАтФАтФАтФАтФАтФАтФАтФАтФАтФАтФАтФАтФАтФАтФАтФАтФАтФАтФАтФАтФАтФАтФАтФАтФАтФАтФАтФАтФАтФАтФАтФАтФАтФАтФАтФАтФАтФАтФАтФАтФАтФАтФАтФАтФАтФАтФАтФАтФАтФАтФАтФАтФАтФАтФАтФАтФАтФАтФАтФАтФАтФАтФАтФАтФАтФАтФАтФАтФАтФАтФАтФАтФА
тФВ #0   TestService._completeBipolarTest (package:psycho_tests/services/test_service.dart:621:15)
тФВ #1   TestService.completeTest (package:psycho_tests/services/test_service.dart:55:16)
тФЬтФДтФДтФДтФДтФДтФДтФДтФДтФДтФДтФДтФДтФДтФДтФДтФДтФДтФДтФДтФДтФДтФДтФДтФДтФДтФДтФДтФДтФДтФДтФДтФДтФДтФДтФДтФДтФДтФДтФДтФДтФДтФДтФДтФДтФДтФДтФДтФДтФДтФДтФДтФДтФДтФДтФДтФДтФДтФДтФДтФДтФДтФДтФДтФДтФДтФДтФДтФДтФДтФДтФДтФДтФДтФДтФДтФДтФДтФДтФДтФДтФДтФДтФДтФДтФДтФДтФДтФДтФДтФДтФДтФДтФДтФДтФДтФДтФДтФДтФДтФДтФДтФДтФДтФДтФДтФДтФДтФДтФДтФДтФДтФДтФДтФДтФДтФДтФДтФДтФД
тФВ ЁЯРЫ result.userAnswers contains 80 answers
тФФтФАтФАтФАтФАтФАтФАтФАтФАтФАтФАтФАтФАтФАтФАтФАтФАтФАтФАтФАтФАтФАтФАтФАтФАтФАтФАтФАтФАтФАтФАтФАтФАтФАтФАтФАтФАтФАтФАтФАтФАтФАтФАтФАтФАтФАтФАтФАтФАтФАтФАтФАтФАтФАтФАтФАтФАтФАтФАтФАтФАтФАтФАтФАтФАтФАтФАтФАтФАтФАтФАтФАтФАтФАтФАтФАтФАтФАтФАтФАтФАтФАтФАтФАтФАтФАтФАтФАтФАтФАтФАтФАтФАтФАтФАтФАтФАтФАтФАтФАтФАтФАтФАтФАтФАтФАтФАтФАтФАтФАтФАтФАтФАтФАтФАтФАтФАтФАтФАтФА
тФМтФАтФАтФАтФАтФАтФАтФАтФАтФАтФАтФАтФАтФАтФАтФАтФАтФАтФАтФАтФАтФАтФАтФАтФАтФАтФАтФАтФАтФАтФАтФАтФАтФАтФАтФАтФАтФАтФАтФАтФАтФАтФАтФАтФАтФАтФАтФАтФАтФАтФАтФАтФАтФАтФАтФАтФАтФАтФАтФАтФАтФАтФАтФАтФАтФАтФАтФАтФАтФАтФАтФАтФАтФАтФАтФАтФАтФАтФАтФАтФАтФАтФАтФАтФАтФАтФАтФАтФАтФАтФАтФАтФАтФАтФАтФАтФАтФАтФАтФАтФАтФАтФАтФАтФАтФАтФАтФАтФАтФАтФАтФАтФАтФАтФАтФАтФАтФАтФАтФА
тФВ #0   TestService._completeBipolarTest (package:psycho_tests/services/test_service.dart:622:15)
тФВ #1   TestService.completeTest (package:psycho_tests/services/test_service.dart:55:16)
тФЬтФДтФДтФДтФДтФДтФДтФДтФДтФДтФДтФДтФДтФДтФДтФДтФДтФДтФДтФДтФДтФДтФДтФДтФДтФДтФДтФДтФДтФДтФДтФДтФДтФДтФДтФДтФДтФДтФДтФДтФДтФДтФДтФДтФДтФДтФДтФДтФДтФДтФДтФДтФДтФДтФДтФДтФДтФДтФДтФДтФДтФДтФДтФДтФДтФДтФДтФДтФДтФДтФДтФДтФДтФДтФДтФДтФДтФДтФДтФДтФДтФДтФДтФДтФДтФДтФДтФДтФДтФДтФДтФДтФДтФДтФДтФДтФДтФДтФДтФДтФДтФДтФДтФДтФДтФДтФДтФДтФДтФДтФДтФДтФДтФДтФДтФДтФДтФДтФДтФД
тФВ ЁЯРЫ result.typeScales contains 8 scales
тФФтФАтФАтФАтФАтФАтФАтФАтФАтФАтФАтФАтФАтФАтФАтФАтФАтФАтФАтФАтФАтФАтФАтФАтФАтФАтФАтФАтФАтФАтФАтФАтФАтФАтФАтФАтФАтФАтФАтФАтФАтФАтФАтФАтФАтФАтФАтФАтФАтФАтФАтФАтФАтФАтФАтФАтФАтФАтФАтФАтФАтФАтФАтФАтФАтФАтФАтФАтФАтФАтФАтФАтФАтФАтФАтФАтФАтФАтФАтФАтФАтФАтФАтФАтФАтФАтФАтФАтФАтФАтФАтФАтФАтФАтФАтФАтФАтФАтФАтФАтФАтФАтФАтФАтФАтФАтФАтФАтФАтФАтФАтФАтФАтФАтФАтФАтФАтФАтФАтФА
00:00 +16 -15: D:/Work/psycho_app/0.0.1.x_dev/test/services/test_service_test.dart: completeTest() - Bipolar Tests (16 Types) determines personality type from bipolar scores [E]
  Expected: <true>
    Actual: <false>
  
  package:matcher                                     expect
  package:flutter_test/src/widget_tester.dart 473:18  expect
  test\services\test_service_test.dart 267:7          main.<fn>.<fn>
  
00:00 +16 -15: D:/Work/psycho_app/0.0.1.x_dev/test/services/test_service_test.dart: completeTest() - Bipolar Tests (16 Types) bipolar scores are normalized to 0-100 range
тФМтФАтФАтФАтФАтФАтФАтФАтФАтФАтФАтФАтФАтФАтФАтФАтФАтФАтФАтФАтФАтФАтФАтФАтФАтФАтФАтФАтФАтФАтФАтФАтФАтФАтФАтФАтФАтФАтФАтФАтФАтФАтФАтФАтФАтФАтФАтФАтФАтФАтФАтФАтФАтФАтФАтФАтФАтФАтФАтФАтФАтФАтФАтФАтФАтФАтФАтФАтФАтФАтФАтФАтФАтФАтФАтФАтФАтФАтФАтФАтФАтФАтФАтФАтФАтФАтФАтФАтФАтФАтФАтФАтФАтФАтФАтФАтФАтФАтФАтФАтФАтФАтФАтФАтФАтФАтФАтФАтФАтФАтФАтФАтФАтФАтФАтФАтФАтФАтФАтФА
тФВ #0   TestService.completeTest (package:psycho_tests/services/test_service.dart:43:15)
тФВ #1   main.<anonymous closure>.<anonymous closure> (file:///D:/Work/psycho_app/0.0.1.x_dev/test/services/test_service_test.dart:274:40)
тФЬтФДтФДтФДтФДтФДтФДтФДтФДтФДтФДтФДтФДтФДтФДтФДтФДтФДтФДтФДтФДтФДтФДтФДтФДтФДтФДтФДтФДтФДтФДтФДтФДтФДтФДтФДтФДтФДтФДтФДтФДтФДтФДтФДтФДтФДтФДтФДтФДтФДтФДтФДтФДтФДтФДтФДтФДтФДтФДтФДтФДтФДтФДтФДтФДтФДтФДтФДтФДтФДтФДтФДтФДтФДтФДтФДтФДтФДтФДтФДтФДтФДтФДтФДтФДтФДтФДтФДтФДтФДтФДтФДтФДтФДтФДтФДтФДтФДтФДтФДтФДтФДтФДтФДтФДтФДтФДтФДтФДтФДтФДтФДтФДтФДтФДтФДтФДтФДтФДтФД
тФВ ЁЯРЫ ===== completeTest() CALLED =====
тФФтФАтФАтФАтФАтФАтФАтФАтФАтФАтФАтФАтФАтФАтФАтФАтФАтФАтФАтФАтФАтФАтФАтФАтФАтФАтФАтФАтФАтФАтФАтФАтФАтФАтФАтФАтФАтФАтФАтФАтФАтФАтФАтФАтФАтФАтФАтФАтФАтФАтФАтФАтФАтФАтФАтФАтФАтФАтФАтФАтФАтФАтФАтФАтФАтФАтФАтФАтФАтФАтФАтФАтФАтФАтФАтФАтФАтФАтФАтФАтФАтФАтФАтФАтФАтФАтФАтФАтФАтФАтФАтФАтФАтФАтФАтФАтФАтФАтФАтФАтФАтФАтФАтФАтФАтФАтФАтФАтФАтФАтФАтФАтФАтФАтФАтФАтФАтФАтФАтФА
тФМтФАтФАтФАтФАтФАтФАтФАтФАтФАтФАтФАтФАтФАтФАтФАтФАтФАтФАтФАтФАтФАтФАтФАтФАтФАтФАтФАтФАтФАтФАтФАтФАтФАтФАтФАтФАтФАтФАтФАтФАтФАтФАтФАтФАтФАтФАтФАтФАтФАтФАтФАтФАтФАтФАтФАтФАтФАтФАтФАтФАтФАтФАтФАтФАтФАтФАтФАтФАтФАтФАтФАтФАтФАтФАтФАтФАтФАтФАтФАтФАтФАтФАтФАтФАтФАтФАтФАтФАтФАтФАтФАтФАтФАтФАтФАтФАтФАтФАтФАтФАтФАтФАтФАтФАтФАтФАтФАтФАтФАтФАтФАтФАтФАтФАтФАтФАтФАтФАтФА
тФВ #0   TestService.completeTest (package:psycho_tests/services/test_service.dart:44:15)
тФВ #1   main.<anonymous closure>.<anonymous closure> (file:///D:/Work/psycho_app/0.0.1.x_dev/test/services/test_service_test.dart:274:40)
тФЬтФДтФДтФДтФДтФДтФДтФДтФДтФДтФДтФДтФДтФДтФДтФДтФДтФДтФДтФДтФДтФДтФДтФДтФДтФДтФДтФДтФДтФДтФДтФДтФДтФДтФДтФДтФДтФДтФДтФДтФДтФДтФДтФДтФДтФДтФДтФДтФДтФДтФДтФДтФДтФДтФДтФДтФДтФДтФДтФДтФДтФДтФДтФДтФДтФДтФДтФДтФДтФДтФДтФДтФДтФДтФДтФДтФДтФДтФДтФДтФДтФДтФДтФДтФДтФДтФДтФДтФДтФДтФДтФДтФДтФДтФДтФДтФДтФДтФДтФДтФДтФДтФДтФДтФДтФДтФДтФДтФДтФДтФДтФДтФДтФДтФДтФДтФДтФДтФДтФД
тФВ ЁЯРЫ testId: sixteen_types
тФФтФАтФАтФАтФАтФАтФАтФАтФАтФАтФАтФАтФАтФАтФАтФАтФАтФАтФАтФАтФАтФАтФАтФАтФАтФАтФАтФАтФАтФАтФАтФАтФАтФАтФАтФАтФАтФАтФАтФАтФАтФАтФАтФАтФАтФАтФАтФАтФАтФАтФАтФАтФАтФАтФАтФАтФАтФАтФАтФАтФАтФАтФАтФАтФАтФАтФАтФАтФАтФАтФАтФАтФАтФАтФАтФАтФАтФАтФАтФАтФАтФАтФАтФАтФАтФАтФАтФАтФАтФАтФАтФАтФАтФАтФАтФАтФАтФАтФАтФАтФАтФАтФАтФАтФАтФАтФАтФАтФАтФАтФАтФАтФАтФАтФАтФАтФАтФАтФАтФА
тФМтФАтФАтФАтФАтФАтФАтФАтФАтФАтФАтФАтФАтФАтФАтФАтФАтФАтФАтФАтФАтФАтФАтФАтФАтФАтФАтФАтФАтФАтФАтФАтФАтФАтФАтФАтФАтФАтФАтФАтФАтФАтФАтФАтФАтФАтФАтФАтФАтФАтФАтФАтФАтФАтФАтФАтФАтФАтФАтФАтФАтФАтФАтФАтФАтФАтФАтФАтФАтФАтФАтФАтФАтФАтФАтФАтФАтФАтФАтФАтФАтФАтФАтФАтФАтФАтФАтФАтФАтФАтФАтФАтФАтФАтФАтФАтФАтФАтФАтФАтФАтФАтФАтФАтФАтФАтФАтФАтФАтФАтФАтФАтФАтФАтФАтФАтФАтФАтФАтФА
тФВ #0   TestService.completeTest (package:psycho_tests/services/test_service.dart:45:15)
тФВ #1   main.<anonymous closure>.<anonymous closure> (file:///D:/Work/psycho_app/0.0.1.x_dev/test/services/test_service_test.dart:274:40)
тФЬтФДтФДтФДтФДтФДтФДтФДтФДтФДтФДтФДтФДтФДтФДтФДтФДтФДтФДтФДтФДтФДтФДтФДтФДтФДтФДтФДтФДтФДтФДтФДтФДтФДтФДтФДтФДтФДтФДтФДтФДтФДтФДтФДтФДтФДтФДтФДтФДтФДтФДтФДтФДтФДтФДтФДтФДтФДтФДтФДтФДтФДтФДтФДтФДтФДтФДтФДтФДтФДтФДтФДтФДтФДтФДтФДтФДтФДтФДтФДтФДтФДтФДтФДтФДтФДтФДтФДтФДтФДтФДтФДтФДтФДтФДтФДтФДтФДтФДтФДтФДтФДтФДтФДтФДтФДтФДтФДтФДтФДтФДтФДтФДтФДтФДтФДтФДтФДтФДтФД
тФВ ЁЯРЫ type: TestType.multiFactor
тФФтФАтФАтФАтФАтФАтФАтФАтФАтФАтФАтФАтФАтФАтФАтФАтФАтФАтФАтФАтФАтФАтФАтФАтФАтФАтФАтФАтФАтФАтФАтФАтФАтФАтФАтФАтФАтФАтФАтФАтФАтФАтФАтФАтФАтФАтФАтФАтФАтФАтФАтФАтФАтФАтФАтФАтФАтФАтФАтФАтФАтФАтФАтФАтФАтФАтФАтФАтФАтФАтФАтФАтФАтФАтФАтФАтФАтФАтФАтФАтФАтФАтФАтФАтФАтФАтФАтФАтФАтФАтФАтФАтФАтФАтФАтФАтФАтФАтФАтФАтФАтФАтФАтФАтФАтФАтФАтФАтФАтФАтФАтФАтФАтФАтФАтФАтФАтФАтФАтФА
тФМтФАтФАтФАтФАтФАтФАтФАтФАтФАтФАтФАтФАтФАтФАтФАтФАтФАтФАтФАтФАтФАтФАтФАтФАтФАтФАтФАтФАтФАтФАтФАтФАтФАтФАтФАтФАтФАтФАтФАтФАтФАтФАтФАтФАтФАтФАтФАтФАтФАтФАтФАтФАтФАтФАтФАтФАтФАтФАтФАтФАтФАтФАтФАтФАтФАтФАтФАтФАтФАтФАтФАтФАтФАтФАтФАтФАтФАтФАтФАтФАтФАтФАтФАтФАтФАтФАтФАтФАтФАтФАтФАтФАтФАтФАтФАтФАтФАтФАтФАтФАтФАтФАтФАтФАтФАтФАтФАтФАтФАтФАтФАтФАтФАтФАтФАтФАтФАтФАтФА
тФВ #0   TestService.completeTest (package:psycho_tests/services/test_service.dart:46:15)
тФВ #1   main.<anonymous closure>.<anonymous closure> (file:///D:/Work/psycho_app/0.0.1.x_dev/test/services/test_service_test.dart:274:40)
тФЬтФДтФДтФДтФДтФДтФДтФДтФДтФДтФДтФДтФДтФДтФДтФДтФДтФДтФДтФДтФДтФДтФДтФДтФДтФДтФДтФДтФДтФДтФДтФДтФДтФДтФДтФДтФДтФДтФДтФДтФДтФДтФДтФДтФДтФДтФДтФДтФДтФДтФДтФДтФДтФДтФДтФДтФДтФДтФДтФДтФДтФДтФДтФДтФДтФДтФДтФДтФДтФДтФДтФДтФДтФДтФДтФДтФДтФДтФДтФДтФДтФДтФДтФДтФДтФДтФДтФДтФДтФДтФДтФДтФДтФДтФДтФДтФДтФДтФДтФДтФДтФДтФДтФДтФДтФДтФДтФДтФДтФДтФДтФДтФДтФДтФДтФДтФДтФДтФДтФД
тФВ ЁЯРЫ isBipolar: true
тФФтФАтФАтФАтФАтФАтФАтФАтФАтФАтФАтФАтФАтФАтФАтФАтФАтФАтФАтФАтФАтФАтФАтФАтФАтФАтФАтФАтФАтФАтФАтФАтФАтФАтФАтФАтФАтФАтФАтФАтФАтФАтФАтФАтФАтФАтФАтФАтФАтФАтФАтФАтФАтФАтФАтФАтФАтФАтФАтФАтФАтФАтФАтФАтФАтФАтФАтФАтФАтФАтФАтФАтФАтФАтФАтФАтФАтФАтФАтФАтФАтФАтФАтФАтФАтФАтФАтФАтФАтФАтФАтФАтФАтФАтФАтФАтФАтФАтФАтФАтФАтФАтФАтФАтФАтФАтФАтФАтФАтФАтФАтФАтФАтФАтФАтФАтФАтФАтФАтФА
тФМтФАтФАтФАтФАтФАтФАтФАтФАтФАтФАтФАтФАтФАтФАтФАтФАтФАтФАтФАтФАтФАтФАтФАтФАтФАтФАтФАтФАтФАтФАтФАтФАтФАтФАтФАтФАтФАтФАтФАтФАтФАтФАтФАтФАтФАтФАтФАтФАтФАтФАтФАтФАтФАтФАтФАтФАтФАтФАтФАтФАтФАтФАтФАтФАтФАтФАтФАтФАтФАтФАтФАтФАтФАтФАтФАтФАтФАтФАтФАтФАтФАтФАтФАтФАтФАтФАтФАтФАтФАтФАтФАтФАтФАтФАтФАтФАтФАтФАтФАтФАтФАтФАтФАтФАтФАтФАтФАтФАтФАтФАтФАтФАтФАтФАтФАтФАтФАтФАтФА
тФВ #0   TestService.completeTest (package:psycho_tests/services/test_service.dart:47:15)
тФВ #1   main.<anonymous closure>.<anonymous closure> (file:///D:/Work/psycho_app/0.0.1.x_dev/test/services/test_service_test.dart:274:40)
тФЬтФДтФДтФДтФДтФДтФДтФДтФДтФДтФДтФДтФДтФДтФДтФДтФДтФДтФДтФДтФДтФДтФДтФДтФДтФДтФДтФДтФДтФДтФДтФДтФДтФДтФДтФДтФДтФДтФДтФДтФДтФДтФДтФДтФДтФДтФДтФДтФДтФДтФДтФДтФДтФДтФДтФДтФДтФДтФДтФДтФДтФДтФДтФДтФДтФДтФДтФДтФДтФДтФДтФДтФДтФДтФДтФДтФДтФДтФДтФДтФДтФДтФДтФДтФДтФДтФДтФДтФДтФДтФДтФДтФДтФДтФДтФДтФДтФДтФДтФДтФДтФДтФДтФДтФДтФДтФДтФДтФДтФДтФДтФДтФДтФДтФДтФДтФДтФДтФДтФД
тФВ ЁЯРЫ bipolarDimensions: [mbti_ei, mbti_sn, mbti_tf, mbti_jp]
тФФтФАтФАтФАтФАтФАтФАтФАтФАтФАтФАтФАтФАтФАтФАтФАтФАтФАтФАтФАтФАтФАтФАтФАтФАтФАтФАтФАтФАтФАтФАтФАтФАтФАтФАтФАтФАтФАтФАтФАтФАтФАтФАтФАтФАтФАтФАтФАтФАтФАтФАтФАтФАтФАтФАтФАтФАтФАтФАтФАтФАтФАтФАтФАтФАтФАтФАтФАтФАтФАтФАтФАтФАтФАтФАтФАтФАтФАтФАтФАтФАтФАтФАтФАтФАтФАтФАтФАтФАтФАтФАтФАтФАтФАтФАтФАтФАтФАтФАтФАтФАтФАтФАтФАтФАтФАтФАтФАтФАтФАтФАтФАтФАтФАтФАтФАтФАтФАтФАтФА
тФМтФАтФАтФАтФАтФАтФАтФАтФАтФАтФАтФАтФАтФАтФАтФАтФАтФАтФАтФАтФАтФАтФАтФАтФАтФАтФАтФАтФАтФАтФАтФАтФАтФАтФАтФАтФАтФАтФАтФАтФАтФАтФАтФАтФАтФАтФАтФАтФАтФАтФАтФАтФАтФАтФАтФАтФАтФАтФАтФАтФАтФАтФАтФАтФАтФАтФАтФАтФАтФАтФАтФАтФАтФАтФАтФАтФАтФАтФАтФАтФАтФАтФАтФАтФАтФАтФАтФАтФАтФАтФАтФАтФАтФАтФАтФАтФАтФАтФАтФАтФАтФАтФАтФАтФАтФАтФАтФАтФАтФАтФАтФАтФАтФАтФАтФАтФАтФАтФАтФА
тФВ #0   TestService.completeTest (package:psycho_tests/services/test_service.dart:51:17)
тФВ #1   main.<anonymous closure>.<anonymous closure> (file:///D:/Work/psycho_app/0.0.1.x_dev/test/services/test_service_test.dart:274:40)
тФЬтФДтФДтФДтФДтФДтФДтФДтФДтФДтФДтФДтФДтФДтФДтФДтФДтФДтФДтФДтФДтФДтФДтФДтФДтФДтФДтФДтФДтФДтФДтФДтФДтФДтФДтФДтФДтФДтФДтФДтФДтФДтФДтФДтФДтФДтФДтФДтФДтФДтФДтФДтФДтФДтФДтФДтФДтФДтФДтФДтФДтФДтФДтФДтФДтФДтФДтФДтФДтФДтФДтФДтФДтФДтФДтФДтФДтФДтФДтФДтФДтФДтФДтФДтФДтФДтФДтФДтФДтФДтФДтФДтФДтФДтФДтФДтФДтФДтФДтФДтФДтФДтФДтФДтФДтФДтФДтФДтФДтФДтФДтФДтФДтФДтФДтФДтФДтФДтФДтФД
тФВ ЁЯРЫ Multi-factor test detected
тФФтФАтФАтФАтФАтФАтФАтФАтФАтФАтФАтФАтФАтФАтФАтФАтФАтФАтФАтФАтФАтФАтФАтФАтФАтФАтФАтФАтФАтФАтФАтФАтФАтФАтФАтФАтФАтФАтФАтФАтФАтФАтФАтФАтФАтФАтФАтФАтФАтФАтФАтФАтФАтФАтФАтФАтФАтФАтФАтФАтФАтФАтФАтФАтФАтФАтФАтФАтФАтФАтФАтФАтФАтФАтФАтФАтФАтФАтФАтФАтФАтФАтФАтФАтФАтФАтФАтФАтФАтФАтФАтФАтФАтФАтФАтФАтФАтФАтФАтФАтФАтФАтФАтФАтФАтФАтФАтФАтФАтФАтФАтФАтФАтФАтФАтФАтФАтФАтФАтФА
тФМтФАтФАтФАтФАтФАтФАтФАтФАтФАтФАтФАтФАтФАтФАтФАтФАтФАтФАтФАтФАтФАтФАтФАтФАтФАтФАтФАтФАтФАтФАтФАтФАтФАтФАтФАтФАтФАтФАтФАтФАтФАтФАтФАтФАтФАтФАтФАтФАтФАтФАтФАтФАтФАтФАтФАтФАтФАтФАтФАтФАтФАтФАтФАтФАтФАтФАтФАтФАтФАтФАтФАтФАтФАтФАтФАтФАтФАтФАтФАтФАтФАтФАтФАтФАтФАтФАтФАтФАтФАтФАтФАтФАтФАтФАтФАтФАтФАтФАтФАтФАтФАтФАтФАтФАтФАтФАтФАтФАтФАтФАтФАтФАтФАтФАтФАтФАтФАтФАтФА
тФВ #0   TestService.completeTest (package:psycho_tests/services/test_service.dart:54:19)
тФВ #1   main.<anonymous closure>.<anonymous closure> (file:///D:/Work/psycho_app/0.0.1.x_dev/test/services/test_service_test.dart:274:40)
тФЬтФДтФДтФДтФДтФДтФДтФДтФДтФДтФДтФДтФДтФДтФДтФДтФДтФДтФДтФДтФДтФДтФДтФДтФДтФДтФДтФДтФДтФДтФДтФДтФДтФДтФДтФДтФДтФДтФДтФДтФДтФДтФДтФДтФДтФДтФДтФДтФДтФДтФДтФДтФДтФДтФДтФДтФДтФДтФДтФДтФДтФДтФДтФДтФДтФДтФДтФДтФДтФДтФДтФДтФДтФДтФДтФДтФДтФДтФДтФДтФДтФДтФДтФДтФДтФДтФДтФДтФДтФДтФДтФДтФДтФДтФДтФДтФДтФДтФДтФДтФДтФДтФДтФДтФДтФДтФДтФДтФДтФДтФДтФДтФДтФДтФДтФДтФДтФДтФДтФД
тФВ ЁЯРЫ Calling _completeBipolarTest()
тФФтФАтФАтФАтФАтФАтФАтФАтФАтФАтФАтФАтФАтФАтФАтФАтФАтФАтФАтФАтФАтФАтФАтФАтФАтФАтФАтФАтФАтФАтФАтФАтФАтФАтФАтФАтФАтФАтФАтФАтФАтФАтФАтФАтФАтФАтФАтФАтФАтФАтФАтФАтФАтФАтФАтФАтФАтФАтФАтФАтФАтФАтФАтФАтФАтФАтФАтФАтФАтФАтФАтФАтФАтФАтФАтФАтФАтФАтФАтФАтФАтФАтФАтФАтФАтФАтФАтФАтФАтФАтФАтФАтФАтФАтФАтФАтФАтФАтФАтФАтФАтФАтФАтФАтФАтФАтФАтФАтФАтФАтФАтФАтФАтФАтФАтФАтФАтФАтФАтФА
тФМтФАтФАтФАтФАтФАтФАтФАтФАтФАтФАтФАтФАтФАтФАтФАтФАтФАтФАтФАтФАтФАтФАтФАтФАтФАтФАтФАтФАтФАтФАтФАтФАтФАтФАтФАтФАтФАтФАтФАтФАтФАтФАтФАтФАтФАтФАтФАтФАтФАтФАтФАтФАтФАтФАтФАтФАтФАтФАтФАтФАтФАтФАтФАтФАтФАтФАтФАтФАтФАтФАтФАтФАтФАтФАтФАтФАтФАтФАтФАтФАтФАтФАтФАтФАтФАтФАтФАтФАтФАтФАтФАтФАтФАтФАтФАтФАтФАтФАтФАтФАтФАтФАтФАтФАтФАтФАтФАтФАтФАтФАтФАтФАтФАтФАтФАтФАтФАтФАтФА
тФВ #0   TestService._completeBipolarTest (package:psycho_tests/services/test_service.dart:366:15)
тФВ #1   TestService.completeTest (package:psycho_tests/services/test_service.dart:55:16)
тФЬтФДтФДтФДтФДтФДтФДтФДтФДтФДтФДтФДтФДтФДтФДтФДтФДтФДтФДтФДтФДтФДтФДтФДтФДтФДтФДтФДтФДтФДтФДтФДтФДтФДтФДтФДтФДтФДтФДтФДтФДтФДтФДтФДтФДтФДтФДтФДтФДтФДтФДтФДтФДтФДтФДтФДтФДтФДтФДтФДтФДтФДтФДтФДтФДтФДтФДтФДтФДтФДтФДтФДтФДтФДтФДтФДтФДтФДтФДтФДтФДтФДтФДтФДтФДтФДтФДтФДтФДтФДтФДтФДтФДтФДтФДтФДтФДтФДтФДтФДтФДтФДтФДтФДтФДтФДтФДтФДтФДтФДтФДтФДтФДтФДтФДтФДтФДтФДтФДтФД
тФВ ЁЯРЫ ===== START _completeBipolarTest() (UNIPOLAR V2 ALGORITHM) =====
тФФтФАтФАтФАтФАтФАтФАтФАтФАтФАтФАтФАтФАтФАтФАтФАтФАтФАтФАтФАтФАтФАтФАтФАтФАтФАтФАтФАтФАтФАтФАтФАтФАтФАтФАтФАтФАтФАтФАтФАтФАтФАтФАтФАтФАтФАтФАтФАтФАтФАтФАтФАтФАтФАтФАтФАтФАтФАтФАтФАтФАтФАтФАтФАтФАтФАтФАтФАтФАтФАтФАтФАтФАтФАтФАтФАтФАтФАтФАтФАтФАтФАтФАтФАтФАтФАтФАтФАтФАтФАтФАтФАтФАтФАтФАтФАтФАтФАтФАтФАтФАтФАтФАтФАтФАтФАтФАтФАтФАтФАтФАтФАтФАтФАтФАтФАтФАтФАтФАтФА
тФМтФАтФАтФАтФАтФАтФАтФАтФАтФАтФАтФАтФАтФАтФАтФАтФАтФАтФАтФАтФАтФАтФАтФАтФАтФАтФАтФАтФАтФАтФАтФАтФАтФАтФАтФАтФАтФАтФАтФАтФАтФАтФАтФАтФАтФАтФАтФАтФАтФАтФАтФАтФАтФАтФАтФАтФАтФАтФАтФАтФАтФАтФАтФАтФАтФАтФАтФАтФАтФАтФАтФАтФАтФАтФАтФАтФАтФАтФАтФАтФАтФАтФАтФАтФАтФАтФАтФАтФАтФАтФАтФАтФАтФАтФАтФАтФАтФАтФАтФАтФАтФАтФАтФАтФАтФАтФАтФАтФАтФАтФАтФАтФАтФАтФАтФАтФАтФАтФАтФА
тФВ #0   TestService._completeBipolarTest (package:psycho_tests/services/test_service.dart:367:15)
тФВ #1   TestService.completeTest (package:psycho_tests/services/test_service.dart:55:16)
тФЬтФДтФДтФДтФДтФДтФДтФДтФДтФДтФДтФДтФДтФДтФДтФДтФДтФДтФДтФДтФДтФДтФДтФДтФДтФДтФДтФДтФДтФДтФДтФДтФДтФДтФДтФДтФДтФДтФДтФДтФДтФДтФДтФДтФДтФДтФДтФДтФДтФДтФДтФДтФДтФДтФДтФДтФДтФДтФДтФДтФДтФДтФДтФДтФДтФДтФДтФДтФДтФДтФДтФДтФДтФДтФДтФДтФДтФДтФДтФДтФДтФДтФДтФДтФДтФДтФДтФДтФДтФДтФДтФДтФДтФДтФДтФДтФДтФДтФДтФДтФДтФДтФДтФДтФДтФДтФДтФДтФДтФДтФДтФДтФДтФДтФДтФДтФДтФДтФДтФД
тФВ ЁЯРЫ Total questions in test: 80
тФФтФАтФАтФАтФАтФАтФАтФАтФАтФАтФАтФАтФАтФАтФАтФАтФАтФАтФАтФАтФАтФАтФАтФАтФАтФАтФАтФАтФАтФАтФАтФАтФАтФАтФАтФАтФАтФАтФАтФАтФАтФАтФАтФАтФАтФАтФАтФАтФАтФАтФАтФАтФАтФАтФАтФАтФАтФАтФАтФАтФАтФАтФАтФАтФАтФАтФАтФАтФАтФАтФАтФАтФАтФАтФАтФАтФАтФАтФАтФАтФАтФАтФАтФАтФАтФАтФАтФАтФАтФАтФАтФАтФАтФАтФАтФАтФАтФАтФАтФАтФАтФАтФАтФАтФАтФАтФАтФАтФАтФАтФАтФАтФАтФАтФАтФАтФАтФАтФАтФА
тФМтФАтФАтФАтФАтФАтФАтФАтФАтФАтФАтФАтФАтФАтФАтФАтФАтФАтФАтФАтФАтФАтФАтФАтФАтФАтФАтФАтФАтФАтФАтФАтФАтФАтФАтФАтФАтФАтФАтФАтФАтФАтФАтФАтФАтФАтФАтФАтФАтФАтФАтФАтФАтФАтФАтФАтФАтФАтФАтФАтФАтФАтФАтФАтФАтФАтФАтФАтФАтФАтФАтФАтФАтФАтФАтФАтФАтФАтФАтФАтФАтФАтФАтФАтФАтФАтФАтФАтФАтФАтФАтФАтФАтФАтФАтФАтФАтФАтФАтФАтФАтФАтФАтФАтФАтФАтФАтФАтФАтФАтФАтФАтФАтФАтФАтФАтФАтФАтФАтФА
тФВ #0   TestService._completeBipolarTest (package:psycho_tests/services/test_service.dart:368:15)
тФВ #1   TestService.completeTest (package:psycho_tests/services/test_service.dart:55:16)
тФЬтФДтФДтФДтФДтФДтФДтФДтФДтФДтФДтФДтФДтФДтФДтФДтФДтФДтФДтФДтФДтФДтФДтФДтФДтФДтФДтФДтФДтФДтФДтФДтФДтФДтФДтФДтФДтФДтФДтФДтФДтФДтФДтФДтФДтФДтФДтФДтФДтФДтФДтФДтФДтФДтФДтФДтФДтФДтФДтФДтФДтФДтФДтФДтФДтФДтФДтФДтФДтФДтФДтФДтФДтФДтФДтФДтФДтФДтФДтФДтФДтФДтФДтФДтФДтФДтФДтФДтФДтФДтФДтФДтФДтФДтФДтФДтФДтФДтФДтФДтФДтФДтФДтФДтФДтФДтФДтФДтФДтФДтФДтФДтФДтФДтФДтФДтФДтФДтФДтФД
тФВ ЁЯРЫ Total answers: 80
тФФтФАтФАтФАтФАтФАтФАтФАтФАтФАтФАтФАтФАтФАтФАтФАтФАтФАтФАтФАтФАтФАтФАтФАтФАтФАтФАтФАтФАтФАтФАтФАтФАтФАтФАтФАтФАтФАтФАтФАтФАтФАтФАтФАтФАтФАтФАтФАтФАтФАтФАтФАтФАтФАтФАтФАтФАтФАтФАтФАтФАтФАтФАтФАтФАтФАтФАтФАтФАтФАтФАтФАтФАтФАтФАтФАтФАтФАтФАтФАтФАтФАтФАтФАтФАтФАтФАтФАтФАтФАтФАтФАтФАтФАтФАтФАтФАтФАтФАтФАтФАтФАтФАтФАтФАтФАтФАтФАтФАтФАтФАтФАтФАтФАтФАтФАтФАтФАтФАтФА
тФМтФАтФАтФАтФАтФАтФАтФАтФАтФАтФАтФАтФАтФАтФАтФАтФАтФАтФАтФАтФАтФАтФАтФАтФАтФАтФАтФАтФАтФАтФАтФАтФАтФАтФАтФАтФАтФАтФАтФАтФАтФАтФАтФАтФАтФАтФАтФАтФАтФАтФАтФАтФАтФАтФАтФАтФАтФАтФАтФАтФАтФАтФАтФАтФАтФАтФАтФАтФАтФАтФАтФАтФАтФАтФАтФАтФАтФАтФАтФАтФАтФАтФАтФАтФАтФАтФАтФАтФАтФАтФАтФАтФАтФАтФАтФАтФАтФАтФАтФАтФАтФАтФАтФАтФАтФАтФАтФАтФАтФАтФАтФАтФАтФАтФАтФАтФАтФАтФАтФА
тФВ #0   TestService._completeBipolarTest (package:psycho_tests/services/test_service.dart:400:15)
тФВ #1   TestService.completeTest (package:psycho_tests/services/test_service.dart:55:16)
тФЬтФДтФДтФДтФДтФДтФДтФДтФДтФДтФДтФДтФДтФДтФДтФДтФДтФДтФДтФДтФДтФДтФДтФДтФДтФДтФДтФДтФДтФДтФДтФДтФДтФДтФДтФДтФДтФДтФДтФДтФДтФДтФДтФДтФДтФДтФДтФДтФДтФДтФДтФДтФДтФДтФДтФДтФДтФДтФДтФДтФДтФДтФДтФДтФДтФДтФДтФДтФДтФДтФДтФДтФДтФДтФДтФДтФДтФДтФДтФДтФДтФДтФДтФДтФДтФДтФДтФДтФДтФДтФДтФДтФДтФДтФДтФДтФДтФДтФДтФДтФДтФДтФДтФДтФДтФДтФДтФДтФДтФДтФДтФДтФДтФДтФДтФДтФДтФДтФДтФД
тФВ ЁЯРЫ Starting question loop with targetScale method...
тФФтФАтФАтФАтФАтФАтФАтФАтФАтФАтФАтФАтФАтФАтФАтФАтФАтФАтФАтФАтФАтФАтФАтФАтФАтФАтФАтФАтФАтФАтФАтФАтФАтФАтФАтФАтФАтФАтФАтФАтФАтФАтФАтФАтФАтФАтФАтФАтФАтФАтФАтФАтФАтФАтФАтФАтФАтФАтФАтФАтФАтФАтФАтФАтФАтФАтФАтФАтФАтФАтФАтФАтФАтФАтФАтФАтФАтФАтФАтФАтФАтФАтФАтФАтФАтФАтФАтФАтФАтФАтФАтФАтФАтФАтФАтФАтФАтФАтФАтФАтФАтФАтФАтФАтФАтФАтФАтФАтФАтФАтФАтФАтФАтФАтФАтФАтФАтФАтФАтФА
тФМтФАтФАтФАтФАтФАтФАтФАтФАтФАтФАтФАтФАтФАтФАтФАтФАтФАтФАтФАтФАтФАтФАтФАтФАтФАтФАтФАтФАтФАтФАтФАтФАтФАтФАтФАтФАтФАтФАтФАтФАтФАтФАтФАтФАтФАтФАтФАтФАтФАтФАтФАтФАтФАтФАтФАтФАтФАтФАтФАтФАтФАтФАтФАтФАтФАтФАтФАтФАтФАтФАтФАтФАтФАтФАтФАтФАтФАтФАтФАтФАтФАтФАтФАтФАтФАтФАтФАтФАтФАтФАтФАтФАтФАтФАтФАтФАтФАтФАтФАтФАтФАтФАтФАтФАтФАтФАтФАтФАтФАтФАтФАтФАтФАтФАтФАтФАтФАтФАтФА
тФВ #0   TestService._completeBipolarTest (package:psycho_tests/services/test_service.dart:425:23)
тФВ #1   TestService.completeTest (package:psycho_tests/services/test_service.dart:55:16)
тФЬтФДтФДтФДтФДтФДтФДтФДтФДтФДтФДтФДтФДтФДтФДтФДтФДтФДтФДтФДтФДтФДтФДтФДтФДтФДтФДтФДтФДтФДтФДтФДтФДтФДтФДтФДтФДтФДтФДтФДтФДтФДтФДтФДтФДтФДтФДтФДтФДтФДтФДтФДтФДтФДтФДтФДтФДтФДтФДтФДтФДтФДтФДтФДтФДтФДтФДтФДтФДтФДтФДтФДтФДтФДтФДтФДтФДтФДтФДтФДтФДтФДтФДтФДтФДтФДтФДтФДтФДтФДтФДтФДтФДтФДтФДтФДтФДтФДтФДтФДтФДтФДтФДтФДтФДтФДтФДтФДтФДтФДтФДтФДтФДтФДтФДтФДтФДтФДтФДтФД
тФВ ЁЯРЫ Qq1: targetScale=extraversion, score=3
тФФтФАтФАтФАтФАтФАтФАтФАтФАтФАтФАтФАтФАтФАтФАтФАтФАтФАтФАтФАтФАтФАтФАтФАтФАтФАтФАтФАтФАтФАтФАтФАтФАтФАтФАтФАтФАтФАтФАтФАтФАтФАтФАтФАтФАтФАтФАтФАтФАтФАтФАтФАтФАтФАтФАтФАтФАтФАтФАтФАтФАтФАтФАтФАтФАтФАтФАтФАтФАтФАтФАтФАтФАтФАтФАтФАтФАтФАтФАтФАтФАтФАтФАтФАтФАтФАтФАтФАтФАтФАтФАтФАтФАтФАтФАтФАтФАтФАтФАтФАтФАтФАтФАтФАтФАтФАтФАтФАтФАтФАтФАтФАтФАтФАтФАтФАтФАтФАтФАтФА
тФМтФАтФАтФАтФАтФАтФАтФАтФАтФАтФАтФАтФАтФАтФАтФАтФАтФАтФАтФАтФАтФАтФАтФАтФАтФАтФАтФАтФАтФАтФАтФАтФАтФАтФАтФАтФАтФАтФАтФАтФАтФАтФАтФАтФАтФАтФАтФАтФАтФАтФАтФАтФАтФАтФАтФАтФАтФАтФАтФАтФАтФАтФАтФАтФАтФАтФАтФАтФАтФАтФАтФАтФАтФАтФАтФАтФАтФАтФАтФАтФАтФАтФАтФАтФАтФАтФАтФАтФАтФАтФАтФАтФАтФАтФАтФАтФАтФАтФАтФАтФАтФАтФАтФАтФАтФАтФАтФАтФАтФАтФАтФАтФАтФАтФАтФАтФАтФАтФАтФА
тФВ #0   TestService._completeBipolarTest (package:psycho_tests/services/test_service.dart:425:23)
тФВ #1   TestService.completeTest (package:psycho_tests/services/test_service.dart:55:16)
тФЬтФДтФДтФДтФДтФДтФДтФДтФДтФДтФДтФДтФДтФДтФДтФДтФДтФДтФДтФДтФДтФДтФДтФДтФДтФДтФДтФДтФДтФДтФДтФДтФДтФДтФДтФДтФДтФДтФДтФДтФДтФДтФДтФДтФДтФДтФДтФДтФДтФДтФДтФДтФДтФДтФДтФДтФДтФДтФДтФДтФДтФДтФДтФДтФДтФДтФДтФДтФДтФДтФДтФДтФДтФДтФДтФДтФДтФДтФДтФДтФДтФДтФДтФДтФДтФДтФДтФДтФДтФДтФДтФДтФДтФДтФДтФДтФДтФДтФДтФДтФДтФДтФДтФДтФДтФДтФДтФДтФДтФДтФДтФДтФДтФДтФДтФДтФДтФДтФДтФД
тФВ ЁЯРЫ Qq2: targetScale=extraversion, score=3
тФФтФАтФАтФАтФАтФАтФАтФАтФАтФАтФАтФАтФАтФАтФАтФАтФАтФАтФАтФАтФАтФАтФАтФАтФАтФАтФАтФАтФАтФАтФАтФАтФАтФАтФАтФАтФАтФАтФАтФАтФАтФАтФАтФАтФАтФАтФАтФАтФАтФАтФАтФАтФАтФАтФАтФАтФАтФАтФАтФАтФАтФАтФАтФАтФАтФАтФАтФАтФАтФАтФАтФАтФАтФАтФАтФАтФАтФАтФАтФАтФАтФАтФАтФАтФАтФАтФАтФАтФАтФАтФАтФАтФАтФАтФАтФАтФАтФАтФАтФАтФАтФАтФАтФАтФАтФАтФАтФАтФАтФАтФАтФАтФАтФАтФАтФАтФАтФАтФАтФА
тФМтФАтФАтФАтФАтФАтФАтФАтФАтФАтФАтФАтФАтФАтФАтФАтФАтФАтФАтФАтФАтФАтФАтФАтФАтФАтФАтФАтФАтФАтФАтФАтФАтФАтФАтФАтФАтФАтФАтФАтФАтФАтФАтФАтФАтФАтФАтФАтФАтФАтФАтФАтФАтФАтФАтФАтФАтФАтФАтФАтФАтФАтФАтФАтФАтФАтФАтФАтФАтФАтФАтФАтФАтФАтФАтФАтФАтФАтФАтФАтФАтФАтФАтФАтФАтФАтФАтФАтФАтФАтФАтФАтФАтФАтФАтФАтФАтФАтФАтФАтФАтФАтФАтФАтФАтФАтФАтФАтФАтФАтФАтФАтФАтФАтФАтФАтФАтФАтФАтФА
тФВ #0   TestService._completeBipolarTest (package:psycho_tests/services/test_service.dart:425:23)
тФВ #1   TestService.completeTest (package:psycho_tests/services/test_service.dart:55:16)
тФЬтФДтФДтФДтФДтФДтФДтФДтФДтФДтФДтФДтФДтФДтФДтФДтФДтФДтФДтФДтФДтФДтФДтФДтФДтФДтФДтФДтФДтФДтФДтФДтФДтФДтФДтФДтФДтФДтФДтФДтФДтФДтФДтФДтФДтФДтФДтФДтФДтФДтФДтФДтФДтФДтФДтФДтФДтФДтФДтФДтФДтФДтФДтФДтФДтФДтФДтФДтФДтФДтФДтФДтФДтФДтФДтФДтФДтФДтФДтФДтФДтФДтФДтФДтФДтФДтФДтФДтФДтФДтФДтФДтФДтФДтФДтФДтФДтФДтФДтФДтФДтФДтФДтФДтФДтФДтФДтФДтФДтФДтФДтФДтФДтФДтФДтФДтФДтФДтФДтФД
тФВ ЁЯРЫ Qq3: targetScale=extraversion, score=3
тФФтФАтФАтФАтФАтФАтФАтФАтФАтФАтФАтФАтФАтФАтФАтФАтФАтФАтФАтФАтФАтФАтФАтФАтФАтФАтФАтФАтФАтФАтФАтФАтФАтФАтФАтФАтФАтФАтФАтФАтФАтФАтФАтФАтФАтФАтФАтФАтФАтФАтФАтФАтФАтФАтФАтФАтФАтФАтФАтФАтФАтФАтФАтФАтФАтФАтФАтФАтФАтФАтФАтФАтФАтФАтФАтФАтФАтФАтФАтФАтФАтФАтФАтФАтФАтФАтФАтФАтФАтФАтФАтФАтФАтФАтФАтФАтФАтФАтФАтФАтФАтФАтФАтФАтФАтФАтФАтФАтФАтФАтФАтФАтФАтФАтФАтФАтФАтФАтФАтФА
тФМтФАтФАтФАтФАтФАтФАтФАтФАтФАтФАтФАтФАтФАтФАтФАтФАтФАтФАтФАтФАтФАтФАтФАтФАтФАтФАтФАтФАтФАтФАтФАтФАтФАтФАтФАтФАтФАтФАтФАтФАтФАтФАтФАтФАтФАтФАтФАтФАтФАтФАтФАтФАтФАтФАтФАтФАтФАтФАтФАтФАтФАтФАтФАтФАтФАтФАтФАтФАтФАтФАтФАтФАтФАтФАтФАтФАтФАтФАтФАтФАтФАтФАтФАтФАтФАтФАтФАтФАтФАтФАтФАтФАтФАтФАтФАтФАтФАтФАтФАтФАтФАтФАтФАтФАтФАтФАтФАтФАтФАтФАтФАтФАтФАтФАтФАтФАтФАтФАтФА
тФВ #0   TestService._completeBipolarTest (package:psycho_tests/services/test_service.dart:425:23)
тФВ #1   TestService.completeTest (package:psycho_tests/services/test_service.dart:55:16)
тФЬтФДтФДтФДтФДтФДтФДтФДтФДтФДтФДтФДтФДтФДтФДтФДтФДтФДтФДтФДтФДтФДтФДтФДтФДтФДтФДтФДтФДтФДтФДтФДтФДтФДтФДтФДтФДтФДтФДтФДтФДтФДтФДтФДтФДтФДтФДтФДтФДтФДтФДтФДтФДтФДтФДтФДтФДтФДтФДтФДтФДтФДтФДтФДтФДтФДтФДтФДтФДтФДтФДтФДтФДтФДтФДтФДтФДтФДтФДтФДтФДтФДтФДтФДтФДтФДтФДтФДтФДтФДтФДтФДтФДтФДтФДтФДтФДтФДтФДтФДтФДтФДтФДтФДтФДтФДтФДтФДтФДтФДтФДтФДтФДтФДтФДтФДтФДтФДтФДтФД
тФВ ЁЯРЫ Qq4: targetScale=introversion, score=3
тФФтФАтФАтФАтФАтФАтФАтФАтФАтФАтФАтФАтФАтФАтФАтФАтФАтФАтФАтФАтФАтФАтФАтФАтФАтФАтФАтФАтФАтФАтФАтФАтФАтФАтФАтФАтФАтФАтФАтФАтФАтФАтФАтФАтФАтФАтФАтФАтФАтФАтФАтФАтФАтФАтФАтФАтФАтФАтФАтФАтФАтФАтФАтФАтФАтФАтФАтФАтФАтФАтФАтФАтФАтФАтФАтФАтФАтФАтФАтФАтФАтФАтФАтФАтФАтФАтФАтФАтФАтФАтФАтФАтФАтФАтФАтФАтФАтФАтФАтФАтФАтФАтФАтФАтФАтФАтФАтФАтФАтФАтФАтФАтФАтФАтФАтФАтФАтФАтФАтФА
тФМтФАтФАтФАтФАтФАтФАтФАтФАтФАтФАтФАтФАтФАтФАтФАтФАтФАтФАтФАтФАтФАтФАтФАтФАтФАтФАтФАтФАтФАтФАтФАтФАтФАтФАтФАтФАтФАтФАтФАтФАтФАтФАтФАтФАтФАтФАтФАтФАтФАтФАтФАтФАтФАтФАтФАтФАтФАтФАтФАтФАтФАтФАтФАтФАтФАтФАтФАтФАтФАтФАтФАтФАтФАтФАтФАтФАтФАтФАтФАтФАтФАтФАтФАтФАтФАтФАтФАтФАтФАтФАтФАтФАтФАтФАтФАтФАтФАтФАтФАтФАтФАтФАтФАтФАтФАтФАтФАтФАтФАтФАтФАтФАтФАтФАтФАтФАтФАтФАтФА
тФВ #0   TestService._completeBipolarTest (package:psycho_tests/services/test_service.dart:425:23)
тФВ #1   TestService.completeTest (package:psycho_tests/services/test_service.dart:55:16)
тФЬтФДтФДтФДтФДтФДтФДтФДтФДтФДтФДтФДтФДтФДтФДтФДтФДтФДтФДтФДтФДтФДтФДтФДтФДтФДтФДтФДтФДтФДтФДтФДтФДтФДтФДтФДтФДтФДтФДтФДтФДтФДтФДтФДтФДтФДтФДтФДтФДтФДтФДтФДтФДтФДтФДтФДтФДтФДтФДтФДтФДтФДтФДтФДтФДтФДтФДтФДтФДтФДтФДтФДтФДтФДтФДтФДтФДтФДтФДтФДтФДтФДтФДтФДтФДтФДтФДтФДтФДтФДтФДтФДтФДтФДтФДтФДтФДтФДтФДтФДтФДтФДтФДтФДтФДтФДтФДтФДтФДтФДтФДтФДтФДтФДтФДтФДтФДтФДтФДтФД
тФВ ЁЯРЫ Qq5: targetScale=introversion, score=3
тФФтФАтФАтФАтФАтФАтФАтФАтФАтФАтФАтФАтФАтФАтФАтФАтФАтФАтФАтФАтФАтФАтФАтФАтФАтФАтФАтФАтФАтФАтФАтФАтФАтФАтФАтФАтФАтФАтФАтФАтФАтФАтФАтФАтФАтФАтФАтФАтФАтФАтФАтФАтФАтФАтФАтФАтФАтФАтФАтФАтФАтФАтФАтФАтФАтФАтФАтФАтФАтФАтФАтФАтФАтФАтФАтФАтФАтФАтФАтФАтФАтФАтФАтФАтФАтФАтФАтФАтФАтФАтФАтФАтФАтФАтФАтФАтФАтФАтФАтФАтФАтФАтФАтФАтФАтФАтФАтФАтФАтФАтФАтФАтФАтФАтФАтФАтФАтФАтФАтФА
тФМтФАтФАтФАтФАтФАтФАтФАтФАтФАтФАтФАтФАтФАтФАтФАтФАтФАтФАтФАтФАтФАтФАтФАтФАтФАтФАтФАтФАтФАтФАтФАтФАтФАтФАтФАтФАтФАтФАтФАтФАтФАтФАтФАтФАтФАтФАтФАтФАтФАтФАтФАтФАтФАтФАтФАтФАтФАтФАтФАтФАтФАтФАтФАтФАтФАтФАтФАтФАтФАтФАтФАтФАтФАтФАтФАтФАтФАтФАтФАтФАтФАтФАтФАтФАтФАтФАтФАтФАтФАтФАтФАтФАтФАтФАтФАтФАтФАтФАтФАтФАтФАтФАтФАтФАтФАтФАтФАтФАтФАтФАтФАтФАтФАтФАтФАтФАтФАтФАтФА
тФВ #0   TestService._completeBipolarTest (package:psycho_tests/services/test_service.dart:425:23)
тФВ #1   TestService.completeTest (package:psycho_tests/services/test_service.dart:55:16)
тФЬтФДтФДтФДтФДтФДтФДтФДтФДтФДтФДтФДтФДтФДтФДтФДтФДтФДтФДтФДтФДтФДтФДтФДтФДтФДтФДтФДтФДтФДтФДтФДтФДтФДтФДтФДтФДтФДтФДтФДтФДтФДтФДтФДтФДтФДтФДтФДтФДтФДтФДтФДтФДтФДтФДтФДтФДтФДтФДтФДтФДтФДтФДтФДтФДтФДтФДтФДтФДтФДтФДтФДтФДтФДтФДтФДтФДтФДтФДтФДтФДтФДтФДтФДтФДтФДтФДтФДтФДтФДтФДтФДтФДтФДтФДтФДтФДтФДтФДтФДтФДтФДтФДтФДтФДтФДтФДтФДтФДтФДтФДтФДтФДтФДтФДтФДтФДтФДтФДтФД
тФВ ЁЯРЫ Qq6: targetScale=introversion, score=3
тФФтФАтФАтФАтФАтФАтФАтФАтФАтФАтФАтФАтФАтФАтФАтФАтФАтФАтФАтФАтФАтФАтФАтФАтФАтФАтФАтФАтФАтФАтФАтФАтФАтФАтФАтФАтФАтФАтФАтФАтФАтФАтФАтФАтФАтФАтФАтФАтФАтФАтФАтФАтФАтФАтФАтФАтФАтФАтФАтФАтФАтФАтФАтФАтФАтФАтФАтФАтФАтФАтФАтФАтФАтФАтФАтФАтФАтФАтФАтФАтФАтФАтФАтФАтФАтФАтФАтФАтФАтФАтФАтФАтФАтФАтФАтФАтФАтФАтФАтФАтФАтФАтФАтФАтФАтФАтФАтФАтФАтФАтФАтФАтФАтФАтФАтФАтФАтФАтФАтФА
тФМтФАтФАтФАтФАтФАтФАтФАтФАтФАтФАтФАтФАтФАтФАтФАтФАтФАтФАтФАтФАтФАтФАтФАтФАтФАтФАтФАтФАтФАтФАтФАтФАтФАтФАтФАтФАтФАтФАтФАтФАтФАтФАтФАтФАтФАтФАтФАтФАтФАтФАтФАтФАтФАтФАтФАтФАтФАтФАтФАтФАтФАтФАтФАтФАтФАтФАтФАтФАтФАтФАтФАтФАтФАтФАтФАтФАтФАтФАтФАтФАтФАтФАтФАтФАтФАтФАтФАтФАтФАтФАтФАтФАтФАтФАтФАтФАтФАтФАтФАтФАтФАтФАтФАтФАтФАтФАтФАтФАтФАтФАтФАтФАтФАтФАтФАтФАтФАтФАтФА
тФВ #0   TestService._completeBipolarTest (package:psycho_tests/services/test_service.dart:425:23)
тФВ #1   TestService.completeTest (package:psycho_tests/services/test_service.dart:55:16)
тФЬтФДтФДтФДтФДтФДтФДтФДтФДтФДтФДтФДтФДтФДтФДтФДтФДтФДтФДтФДтФДтФДтФДтФДтФДтФДтФДтФДтФДтФДтФДтФДтФДтФДтФДтФДтФДтФДтФДтФДтФДтФДтФДтФДтФДтФДтФДтФДтФДтФДтФДтФДтФДтФДтФДтФДтФДтФДтФДтФДтФДтФДтФДтФДтФДтФДтФДтФДтФДтФДтФДтФДтФДтФДтФДтФДтФДтФДтФДтФДтФДтФДтФДтФДтФДтФДтФДтФДтФДтФДтФДтФДтФДтФДтФДтФДтФДтФДтФДтФДтФДтФДтФДтФДтФДтФДтФДтФДтФДтФДтФДтФДтФДтФДтФДтФДтФДтФДтФДтФД
тФВ ЁЯРЫ Qq7: targetScale=extraversion, score=3
тФФтФАтФАтФАтФАтФАтФАтФАтФАтФАтФАтФАтФАтФАтФАтФАтФАтФАтФАтФАтФАтФАтФАтФАтФАтФАтФАтФАтФАтФАтФАтФАтФАтФАтФАтФАтФАтФАтФАтФАтФАтФАтФАтФАтФАтФАтФАтФАтФАтФАтФАтФАтФАтФАтФАтФАтФАтФАтФАтФАтФАтФАтФАтФАтФАтФАтФАтФАтФАтФАтФАтФАтФАтФАтФАтФАтФАтФАтФАтФАтФАтФАтФАтФАтФАтФАтФАтФАтФАтФАтФАтФАтФАтФАтФАтФАтФАтФАтФАтФАтФАтФАтФАтФАтФАтФАтФАтФАтФАтФАтФАтФАтФАтФАтФАтФАтФАтФАтФАтФА
тФМтФАтФАтФАтФАтФАтФАтФАтФАтФАтФАтФАтФАтФАтФАтФАтФАтФАтФАтФАтФАтФАтФАтФАтФАтФАтФАтФАтФАтФАтФАтФАтФАтФАтФАтФАтФАтФАтФАтФАтФАтФАтФАтФАтФАтФАтФАтФАтФАтФАтФАтФАтФАтФАтФАтФАтФАтФАтФАтФАтФАтФАтФАтФАтФАтФАтФАтФАтФАтФАтФАтФАтФАтФАтФАтФАтФАтФАтФАтФАтФАтФАтФАтФАтФАтФАтФАтФАтФАтФАтФАтФАтФАтФАтФАтФАтФАтФАтФАтФАтФАтФАтФАтФАтФАтФАтФАтФАтФАтФАтФАтФАтФАтФАтФАтФАтФАтФАтФАтФА
тФВ #0   TestService._completeBipolarTest (package:psycho_tests/services/test_service.dart:425:23)
тФВ #1   TestService.completeTest (package:psycho_tests/services/test_service.dart:55:16)
тФЬтФДтФДтФДтФДтФДтФДтФДтФДтФДтФДтФДтФДтФДтФДтФДтФДтФДтФДтФДтФДтФДтФДтФДтФДтФДтФДтФДтФДтФДтФДтФДтФДтФДтФДтФДтФДтФДтФДтФДтФДтФДтФДтФДтФДтФДтФДтФДтФДтФДтФДтФДтФДтФДтФДтФДтФДтФДтФДтФДтФДтФДтФДтФДтФДтФДтФДтФДтФДтФДтФДтФДтФДтФДтФДтФДтФДтФДтФДтФДтФДтФДтФДтФДтФДтФДтФДтФДтФДтФДтФДтФДтФДтФДтФДтФДтФДтФДтФДтФДтФДтФДтФДтФДтФДтФДтФДтФДтФДтФДтФДтФДтФДтФДтФДтФДтФДтФДтФДтФД
тФВ ЁЯРЫ Qq8: targetScale=extraversion, score=3
тФФтФАтФАтФАтФАтФАтФАтФАтФАтФАтФАтФАтФАтФАтФАтФАтФАтФАтФАтФАтФАтФАтФАтФАтФАтФАтФАтФАтФАтФАтФАтФАтФАтФАтФАтФАтФАтФАтФАтФАтФАтФАтФАтФАтФАтФАтФАтФАтФАтФАтФАтФАтФАтФАтФАтФАтФАтФАтФАтФАтФАтФАтФАтФАтФАтФАтФАтФАтФАтФАтФАтФАтФАтФАтФАтФАтФАтФАтФАтФАтФАтФАтФАтФАтФАтФАтФАтФАтФАтФАтФАтФАтФАтФАтФАтФАтФАтФАтФАтФАтФАтФАтФАтФАтФАтФАтФАтФАтФАтФАтФАтФАтФАтФАтФАтФАтФАтФАтФАтФА
тФМтФАтФАтФАтФАтФАтФАтФАтФАтФАтФАтФАтФАтФАтФАтФАтФАтФАтФАтФАтФАтФАтФАтФАтФАтФАтФАтФАтФАтФАтФАтФАтФАтФАтФАтФАтФАтФАтФАтФАтФАтФАтФАтФАтФАтФАтФАтФАтФАтФАтФАтФАтФАтФАтФАтФАтФАтФАтФАтФАтФАтФАтФАтФАтФАтФАтФАтФАтФАтФАтФАтФАтФАтФАтФАтФАтФАтФАтФАтФАтФАтФАтФАтФАтФАтФАтФАтФАтФАтФАтФАтФАтФАтФАтФАтФАтФАтФАтФАтФАтФАтФАтФАтФАтФАтФАтФАтФАтФАтФАтФАтФАтФАтФАтФАтФАтФАтФАтФАтФА
тФВ #0   TestService._completeBipolarTest (package:psycho_tests/services/test_service.dart:425:23)
тФВ #1   TestService.completeTest (package:psycho_tests/services/test_service.dart:55:16)
тФЬтФДтФДтФДтФДтФДтФДтФДтФДтФДтФДтФДтФДтФДтФДтФДтФДтФДтФДтФДтФДтФДтФДтФДтФДтФДтФДтФДтФДтФДтФДтФДтФДтФДтФДтФДтФДтФДтФДтФДтФДтФДтФДтФДтФДтФДтФДтФДтФДтФДтФДтФДтФДтФДтФДтФДтФДтФДтФДтФДтФДтФДтФДтФДтФДтФДтФДтФДтФДтФДтФДтФДтФДтФДтФДтФДтФДтФДтФДтФДтФДтФДтФДтФДтФДтФДтФДтФДтФДтФДтФДтФДтФДтФДтФДтФДтФДтФДтФДтФДтФДтФДтФДтФДтФДтФДтФДтФДтФДтФДтФДтФДтФДтФДтФДтФДтФДтФДтФДтФД
тФВ ЁЯРЫ Qq9: targetScale=introversion, score=3
тФФтФАтФАтФАтФАтФАтФАтФАтФАтФАтФАтФАтФАтФАтФАтФАтФАтФАтФАтФАтФАтФАтФАтФАтФАтФАтФАтФАтФАтФАтФАтФАтФАтФАтФАтФАтФАтФАтФАтФАтФАтФАтФАтФАтФАтФАтФАтФАтФАтФАтФАтФАтФАтФАтФАтФАтФАтФАтФАтФАтФАтФАтФАтФАтФАтФАтФАтФАтФАтФАтФАтФАтФАтФАтФАтФАтФАтФАтФАтФАтФАтФАтФАтФАтФАтФАтФАтФАтФАтФАтФАтФАтФАтФАтФАтФАтФАтФАтФАтФАтФАтФАтФАтФАтФАтФАтФАтФАтФАтФАтФАтФАтФАтФАтФАтФАтФАтФАтФАтФА
тФМтФАтФАтФАтФАтФАтФАтФАтФАтФАтФАтФАтФАтФАтФАтФАтФАтФАтФАтФАтФАтФАтФАтФАтФАтФАтФАтФАтФАтФАтФАтФАтФАтФАтФАтФАтФАтФАтФАтФАтФАтФАтФАтФАтФАтФАтФАтФАтФАтФАтФАтФАтФАтФАтФАтФАтФАтФАтФАтФАтФАтФАтФАтФАтФАтФАтФАтФАтФАтФАтФАтФАтФАтФАтФАтФАтФАтФАтФАтФАтФАтФАтФАтФАтФАтФАтФАтФАтФАтФАтФАтФАтФАтФАтФАтФАтФАтФАтФАтФАтФАтФАтФАтФАтФАтФАтФАтФАтФАтФАтФАтФАтФАтФАтФАтФАтФАтФАтФАтФА
тФВ #0   TestService._completeBipolarTest (package:psycho_tests/services/test_service.dart:425:23)
тФВ #1   TestService.completeTest (package:psycho_tests/services/test_service.dart:55:16)
тФЬтФДтФДтФДтФДтФДтФДтФДтФДтФДтФДтФДтФДтФДтФДтФДтФДтФДтФДтФДтФДтФДтФДтФДтФДтФДтФДтФДтФДтФДтФДтФДтФДтФДтФДтФДтФДтФДтФДтФДтФДтФДтФДтФДтФДтФДтФДтФДтФДтФДтФДтФДтФДтФДтФДтФДтФДтФДтФДтФДтФДтФДтФДтФДтФДтФДтФДтФДтФДтФДтФДтФДтФДтФДтФДтФДтФДтФДтФДтФДтФДтФДтФДтФДтФДтФДтФДтФДтФДтФДтФДтФДтФДтФДтФДтФДтФДтФДтФДтФДтФДтФДтФДтФДтФДтФДтФДтФДтФДтФДтФДтФДтФДтФДтФДтФДтФДтФДтФДтФД
тФВ ЁЯРЫ Qq10: targetScale=introversion, score=3
тФФтФАтФАтФАтФАтФАтФАтФАтФАтФАтФАтФАтФАтФАтФАтФАтФАтФАтФАтФАтФАтФАтФАтФАтФАтФАтФАтФАтФАтФАтФАтФАтФАтФАтФАтФАтФАтФАтФАтФАтФАтФАтФАтФАтФАтФАтФАтФАтФАтФАтФАтФАтФАтФАтФАтФАтФАтФАтФАтФАтФАтФАтФАтФАтФАтФАтФАтФАтФАтФАтФАтФАтФАтФАтФАтФАтФАтФАтФАтФАтФАтФАтФАтФАтФАтФАтФАтФАтФАтФАтФАтФАтФАтФАтФАтФАтФАтФАтФАтФАтФАтФАтФАтФАтФАтФАтФАтФАтФАтФАтФАтФАтФАтФАтФАтФАтФАтФАтФАтФА
тФМтФАтФАтФАтФАтФАтФАтФАтФАтФАтФАтФАтФАтФАтФАтФАтФАтФАтФАтФАтФАтФАтФАтФАтФАтФАтФАтФАтФАтФАтФАтФАтФАтФАтФАтФАтФАтФАтФАтФАтФАтФАтФАтФАтФАтФАтФАтФАтФАтФАтФАтФАтФАтФАтФАтФАтФАтФАтФАтФАтФАтФАтФАтФАтФАтФАтФАтФАтФАтФАтФАтФАтФАтФАтФАтФАтФАтФАтФАтФАтФАтФАтФАтФАтФАтФАтФАтФАтФАтФАтФАтФАтФАтФАтФАтФАтФАтФАтФАтФАтФАтФАтФАтФАтФАтФАтФАтФАтФАтФАтФАтФАтФАтФАтФАтФАтФАтФАтФАтФА
тФВ #0   TestService._completeBipolarTest (package:psycho_tests/services/test_service.dart:425:23)
тФВ #1   TestService.completeTest (package:psycho_tests/services/test_service.dart:55:16)
тФЬтФДтФДтФДтФДтФДтФДтФДтФДтФДтФДтФДтФДтФДтФДтФДтФДтФДтФДтФДтФДтФДтФДтФДтФДтФДтФДтФДтФДтФДтФДтФДтФДтФДтФДтФДтФДтФДтФДтФДтФДтФДтФДтФДтФДтФДтФДтФДтФДтФДтФДтФДтФДтФДтФДтФДтФДтФДтФДтФДтФДтФДтФДтФДтФДтФДтФДтФДтФДтФДтФДтФДтФДтФДтФДтФДтФДтФДтФДтФДтФДтФДтФДтФДтФДтФДтФДтФДтФДтФДтФДтФДтФДтФДтФДтФДтФДтФДтФДтФДтФДтФДтФДтФДтФДтФДтФДтФДтФДтФДтФДтФДтФДтФДтФДтФДтФДтФДтФДтФД
тФВ ЁЯРЫ Qq11: targetScale=extraversion, score=3
тФФтФАтФАтФАтФАтФАтФАтФАтФАтФАтФАтФАтФАтФАтФАтФАтФАтФАтФАтФАтФАтФАтФАтФАтФАтФАтФАтФАтФАтФАтФАтФАтФАтФАтФАтФАтФАтФАтФАтФАтФАтФАтФАтФАтФАтФАтФАтФАтФАтФАтФАтФАтФАтФАтФАтФАтФАтФАтФАтФАтФАтФАтФАтФАтФАтФАтФАтФАтФАтФАтФАтФАтФАтФАтФАтФАтФАтФАтФАтФАтФАтФАтФАтФАтФАтФАтФАтФАтФАтФАтФАтФАтФАтФАтФАтФАтФАтФАтФАтФАтФАтФАтФАтФАтФАтФАтФАтФАтФАтФАтФАтФАтФАтФАтФАтФАтФАтФАтФАтФА
тФМтФАтФАтФАтФАтФАтФАтФАтФАтФАтФАтФАтФАтФАтФАтФАтФАтФАтФАтФАтФАтФАтФАтФАтФАтФАтФАтФАтФАтФАтФАтФАтФАтФАтФАтФАтФАтФАтФАтФАтФАтФАтФАтФАтФАтФАтФАтФАтФАтФАтФАтФАтФАтФАтФАтФАтФАтФАтФАтФАтФАтФАтФАтФАтФАтФАтФАтФАтФАтФАтФАтФАтФАтФАтФАтФАтФАтФАтФАтФАтФАтФАтФАтФАтФАтФАтФАтФАтФАтФАтФАтФАтФАтФАтФАтФАтФАтФАтФАтФАтФАтФАтФАтФАтФАтФАтФАтФАтФАтФАтФАтФАтФАтФАтФАтФАтФАтФАтФАтФА
тФВ #0   TestService._completeBipolarTest (package:psycho_tests/services/test_service.dart:425:23)
тФВ #1   TestService.completeTest (package:psycho_tests/services/test_service.dart:55:16)
тФЬтФДтФДтФДтФДтФДтФДтФДтФДтФДтФДтФДтФДтФДтФДтФДтФДтФДтФДтФДтФДтФДтФДтФДтФДтФДтФДтФДтФДтФДтФДтФДтФДтФДтФДтФДтФДтФДтФДтФДтФДтФДтФДтФДтФДтФДтФДтФДтФДтФДтФДтФДтФДтФДтФДтФДтФДтФДтФДтФДтФДтФДтФДтФДтФДтФДтФДтФДтФДтФДтФДтФДтФДтФДтФДтФДтФДтФДтФДтФДтФДтФДтФДтФДтФДтФДтФДтФДтФДтФДтФДтФДтФДтФДтФДтФДтФДтФДтФДтФДтФДтФДтФДтФДтФДтФДтФДтФДтФДтФДтФДтФДтФДтФДтФДтФДтФДтФДтФДтФД
тФВ ЁЯРЫ Qq12: targetScale=introversion, score=3
тФФтФАтФАтФАтФАтФАтФАтФАтФАтФАтФАтФАтФАтФАтФАтФАтФАтФАтФАтФАтФАтФАтФАтФАтФАтФАтФАтФАтФАтФАтФАтФАтФАтФАтФАтФАтФАтФАтФАтФАтФАтФАтФАтФАтФАтФАтФАтФАтФАтФАтФАтФАтФАтФАтФАтФАтФАтФАтФАтФАтФАтФАтФАтФАтФАтФАтФАтФАтФАтФАтФАтФАтФАтФАтФАтФАтФАтФАтФАтФАтФАтФАтФАтФАтФАтФАтФАтФАтФАтФАтФАтФАтФАтФАтФАтФАтФАтФАтФАтФАтФАтФАтФАтФАтФАтФАтФАтФАтФАтФАтФАтФАтФАтФАтФАтФАтФАтФАтФАтФА
тФМтФАтФАтФАтФАтФАтФАтФАтФАтФАтФАтФАтФАтФАтФАтФАтФАтФАтФАтФАтФАтФАтФАтФАтФАтФАтФАтФАтФАтФАтФАтФАтФАтФАтФАтФАтФАтФАтФАтФАтФАтФАтФАтФАтФАтФАтФАтФАтФАтФАтФАтФАтФАтФАтФАтФАтФАтФАтФАтФАтФАтФАтФАтФАтФАтФАтФАтФАтФАтФАтФАтФАтФАтФАтФАтФАтФАтФАтФАтФАтФАтФАтФАтФАтФАтФАтФАтФАтФАтФАтФАтФАтФАтФАтФАтФАтФАтФАтФАтФАтФАтФАтФАтФАтФАтФАтФАтФАтФАтФАтФАтФАтФАтФАтФАтФАтФАтФАтФАтФА
тФВ #0   TestService._completeBipolarTest (package:psycho_tests/services/test_service.dart:425:23)
тФВ #1   TestService.completeTest (package:psycho_tests/services/test_service.dart:55:16)
тФЬтФДтФДтФДтФДтФДтФДтФДтФДтФДтФДтФДтФДтФДтФДтФДтФДтФДтФДтФДтФДтФДтФДтФДтФДтФДтФДтФДтФДтФДтФДтФДтФДтФДтФДтФДтФДтФДтФДтФДтФДтФДтФДтФДтФДтФДтФДтФДтФДтФДтФДтФДтФДтФДтФДтФДтФДтФДтФДтФДтФДтФДтФДтФДтФДтФДтФДтФДтФДтФДтФДтФДтФДтФДтФДтФДтФДтФДтФДтФДтФДтФДтФДтФДтФДтФДтФДтФДтФДтФДтФДтФДтФДтФДтФДтФДтФДтФДтФДтФДтФДтФДтФДтФДтФДтФДтФДтФДтФДтФДтФДтФДтФДтФДтФДтФДтФДтФДтФДтФД
тФВ ЁЯРЫ Qq13: targetScale=extraversion, score=3
тФФтФАтФАтФАтФАтФАтФАтФАтФАтФАтФАтФАтФАтФАтФАтФАтФАтФАтФАтФАтФАтФАтФАтФАтФАтФАтФАтФАтФАтФАтФАтФАтФАтФАтФАтФАтФАтФАтФАтФАтФАтФАтФАтФАтФАтФАтФАтФАтФАтФАтФАтФАтФАтФАтФАтФАтФАтФАтФАтФАтФАтФАтФАтФАтФАтФАтФАтФАтФАтФАтФАтФАтФАтФАтФАтФАтФАтФАтФАтФАтФАтФАтФАтФАтФАтФАтФАтФАтФАтФАтФАтФАтФАтФАтФАтФАтФАтФАтФАтФАтФАтФАтФАтФАтФАтФАтФАтФАтФАтФАтФАтФАтФАтФАтФАтФАтФАтФАтФАтФА
тФМтФАтФАтФАтФАтФАтФАтФАтФАтФАтФАтФАтФАтФАтФАтФАтФАтФАтФАтФАтФАтФАтФАтФАтФАтФАтФАтФАтФАтФАтФАтФАтФАтФАтФАтФАтФАтФАтФАтФАтФАтФАтФАтФАтФАтФАтФАтФАтФАтФАтФАтФАтФАтФАтФАтФАтФАтФАтФАтФАтФАтФАтФАтФАтФАтФАтФАтФАтФАтФАтФАтФАтФАтФАтФАтФАтФАтФАтФАтФАтФАтФАтФАтФАтФАтФАтФАтФАтФАтФАтФАтФАтФАтФАтФАтФАтФАтФАтФАтФАтФАтФАтФАтФАтФАтФАтФАтФАтФАтФАтФАтФАтФАтФАтФАтФАтФАтФАтФАтФА
тФВ #0   TestService._completeBipolarTest (package:psycho_tests/services/test_service.dart:425:23)
тФВ #1   TestService.completeTest (package:psycho_tests/services/test_service.dart:55:16)
тФЬтФДтФДтФДтФДтФДтФДтФДтФДтФДтФДтФДтФДтФДтФДтФДтФДтФДтФДтФДтФДтФДтФДтФДтФДтФДтФДтФДтФДтФДтФДтФДтФДтФДтФДтФДтФДтФДтФДтФДтФДтФДтФДтФДтФДтФДтФДтФДтФДтФДтФДтФДтФДтФДтФДтФДтФДтФДтФДтФДтФДтФДтФДтФДтФДтФДтФДтФДтФДтФДтФДтФДтФДтФДтФДтФДтФДтФДтФДтФДтФДтФДтФДтФДтФДтФДтФДтФДтФДтФДтФДтФДтФДтФДтФДтФДтФДтФДтФДтФДтФДтФДтФДтФДтФДтФДтФДтФДтФДтФДтФДтФДтФДтФДтФДтФДтФДтФДтФДтФД
тФВ ЁЯРЫ Qq14: targetScale=introversion, score=3
тФФтФАтФАтФАтФАтФАтФАтФАтФАтФАтФАтФАтФАтФАтФАтФАтФАтФАтФАтФАтФАтФАтФАтФАтФАтФАтФАтФАтФАтФАтФАтФАтФАтФАтФАтФАтФАтФАтФАтФАтФАтФАтФАтФАтФАтФАтФАтФАтФАтФАтФАтФАтФАтФАтФАтФАтФАтФАтФАтФАтФАтФАтФАтФАтФАтФАтФАтФАтФАтФАтФАтФАтФАтФАтФАтФАтФАтФАтФАтФАтФАтФАтФАтФАтФАтФАтФАтФАтФАтФАтФАтФАтФАтФАтФАтФАтФАтФАтФАтФАтФАтФАтФАтФАтФАтФАтФАтФАтФАтФАтФАтФАтФАтФАтФАтФАтФАтФАтФАтФА
тФМтФАтФАтФАтФАтФАтФАтФАтФАтФАтФАтФАтФАтФАтФАтФАтФАтФАтФАтФАтФАтФАтФАтФАтФАтФАтФАтФАтФАтФАтФАтФАтФАтФАтФАтФАтФАтФАтФАтФАтФАтФАтФАтФАтФАтФАтФАтФАтФАтФАтФАтФАтФАтФАтФАтФАтФАтФАтФАтФАтФАтФАтФАтФАтФАтФАтФАтФАтФАтФАтФАтФАтФАтФАтФАтФАтФАтФАтФАтФАтФАтФАтФАтФАтФАтФАтФАтФАтФАтФАтФАтФАтФАтФАтФАтФАтФАтФАтФАтФАтФАтФАтФАтФАтФАтФАтФАтФАтФАтФАтФАтФАтФАтФАтФАтФАтФАтФАтФАтФА
тФВ #0   TestService._completeBipolarTest (package:psycho_tests/services/test_service.dart:425:23)
тФВ #1   TestService.completeTest (package:psycho_tests/services/test_service.dart:55:16)
тФЬтФДтФДтФДтФДтФДтФДтФДтФДтФДтФДтФДтФДтФДтФДтФДтФДтФДтФДтФДтФДтФДтФДтФДтФДтФДтФДтФДтФДтФДтФДтФДтФДтФДтФДтФДтФДтФДтФДтФДтФДтФДтФДтФДтФДтФДтФДтФДтФДтФДтФДтФДтФДтФДтФДтФДтФДтФДтФДтФДтФДтФДтФДтФДтФДтФДтФДтФДтФДтФДтФДтФДтФДтФДтФДтФДтФДтФДтФДтФДтФДтФДтФДтФДтФДтФДтФДтФДтФДтФДтФДтФДтФДтФДтФДтФДтФДтФДтФДтФДтФДтФДтФДтФДтФДтФДтФДтФДтФДтФДтФДтФДтФДтФДтФДтФДтФДтФДтФДтФД
тФВ ЁЯРЫ Qq15: targetScale=extraversion, score=3
тФФтФАтФАтФАтФАтФАтФАтФАтФАтФАтФАтФАтФАтФАтФАтФАтФАтФАтФАтФАтФАтФАтФАтФАтФАтФАтФАтФАтФАтФАтФАтФАтФАтФАтФАтФАтФАтФАтФАтФАтФАтФАтФАтФАтФАтФАтФАтФАтФАтФАтФАтФАтФАтФАтФАтФАтФАтФАтФАтФАтФАтФАтФАтФАтФАтФАтФАтФАтФАтФАтФАтФАтФАтФАтФАтФАтФАтФАтФАтФАтФАтФАтФАтФАтФАтФАтФАтФАтФАтФАтФАтФАтФАтФАтФАтФАтФАтФАтФАтФАтФАтФАтФАтФАтФАтФАтФАтФАтФАтФАтФАтФАтФАтФАтФАтФАтФАтФАтФАтФА
тФМтФАтФАтФАтФАтФАтФАтФАтФАтФАтФАтФАтФАтФАтФАтФАтФАтФАтФАтФАтФАтФАтФАтФАтФАтФАтФАтФАтФАтФАтФАтФАтФАтФАтФАтФАтФАтФАтФАтФАтФАтФАтФАтФАтФАтФАтФАтФАтФАтФАтФАтФАтФАтФАтФАтФАтФАтФАтФАтФАтФАтФАтФАтФАтФАтФАтФАтФАтФАтФАтФАтФАтФАтФАтФАтФАтФАтФАтФАтФАтФАтФАтФАтФАтФАтФАтФАтФАтФАтФАтФАтФАтФАтФАтФАтФАтФАтФАтФАтФАтФАтФАтФАтФАтФАтФАтФАтФАтФАтФАтФАтФАтФАтФАтФАтФАтФАтФАтФАтФА
тФВ #0   TestService._completeBipolarTest (package:psycho_tests/services/test_service.dart:425:23)
тФВ #1   TestService.completeTest (package:psycho_tests/services/test_service.dart:55:16)
тФЬтФДтФДтФДтФДтФДтФДтФДтФДтФДтФДтФДтФДтФДтФДтФДтФДтФДтФДтФДтФДтФДтФДтФДтФДтФДтФДтФДтФДтФДтФДтФДтФДтФДтФДтФДтФДтФДтФДтФДтФДтФДтФДтФДтФДтФДтФДтФДтФДтФДтФДтФДтФДтФДтФДтФДтФДтФДтФДтФДтФДтФДтФДтФДтФДтФДтФДтФДтФДтФДтФДтФДтФДтФДтФДтФДтФДтФДтФДтФДтФДтФДтФДтФДтФДтФДтФДтФДтФДтФДтФДтФДтФДтФДтФДтФДтФДтФДтФДтФДтФДтФДтФДтФДтФДтФДтФДтФДтФДтФДтФДтФДтФДтФДтФДтФДтФДтФДтФДтФД
тФВ ЁЯРЫ Qq16: targetScale=introversion, score=3
тФФтФАтФАтФАтФАтФАтФАтФАтФАтФАтФАтФАтФАтФАтФАтФАтФАтФАтФАтФАтФАтФАтФАтФАтФАтФАтФАтФАтФАтФАтФАтФАтФАтФАтФАтФАтФАтФАтФАтФАтФАтФАтФАтФАтФАтФАтФАтФАтФАтФАтФАтФАтФАтФАтФАтФАтФАтФАтФАтФАтФАтФАтФАтФАтФАтФАтФАтФАтФАтФАтФАтФАтФАтФАтФАтФАтФАтФАтФАтФАтФАтФАтФАтФАтФАтФАтФАтФАтФАтФАтФАтФАтФАтФАтФАтФАтФАтФАтФАтФАтФАтФАтФАтФАтФАтФАтФАтФАтФАтФАтФАтФАтФАтФАтФАтФАтФАтФАтФАтФА
тФМтФАтФАтФАтФАтФАтФАтФАтФАтФАтФАтФАтФАтФАтФАтФАтФАтФАтФАтФАтФАтФАтФАтФАтФАтФАтФАтФАтФАтФАтФАтФАтФАтФАтФАтФАтФАтФАтФАтФАтФАтФАтФАтФАтФАтФАтФАтФАтФАтФАтФАтФАтФАтФАтФАтФАтФАтФАтФАтФАтФАтФАтФАтФАтФАтФАтФАтФАтФАтФАтФАтФАтФАтФАтФАтФАтФАтФАтФАтФАтФАтФАтФАтФАтФАтФАтФАтФАтФАтФАтФАтФАтФАтФАтФАтФАтФАтФАтФАтФАтФАтФАтФАтФАтФАтФАтФАтФАтФАтФАтФАтФАтФАтФАтФАтФАтФАтФАтФАтФА
тФВ #0   TestService._completeBipolarTest (package:psycho_tests/services/test_service.dart:425:23)
тФВ #1   TestService.completeTest (package:psycho_tests/services/test_service.dart:55:16)
тФЬтФДтФДтФДтФДтФДтФДтФДтФДтФДтФДтФДтФДтФДтФДтФДтФДтФДтФДтФДтФДтФДтФДтФДтФДтФДтФДтФДтФДтФДтФДтФДтФДтФДтФДтФДтФДтФДтФДтФДтФДтФДтФДтФДтФДтФДтФДтФДтФДтФДтФДтФДтФДтФДтФДтФДтФДтФДтФДтФДтФДтФДтФДтФДтФДтФДтФДтФДтФДтФДтФДтФДтФДтФДтФДтФДтФДтФДтФДтФДтФДтФДтФДтФДтФДтФДтФДтФДтФДтФДтФДтФДтФДтФДтФДтФДтФДтФДтФДтФДтФДтФДтФДтФДтФДтФДтФДтФДтФДтФДтФДтФДтФДтФДтФДтФДтФДтФДтФДтФД
тФВ ЁЯРЫ Qq17: targetScale=extraversion, score=3
тФФтФАтФАтФАтФАтФАтФАтФАтФАтФАтФАтФАтФАтФАтФАтФАтФАтФАтФАтФАтФАтФАтФАтФАтФАтФАтФАтФАтФАтФАтФАтФАтФАтФАтФАтФАтФАтФАтФАтФАтФАтФАтФАтФАтФАтФАтФАтФАтФАтФАтФАтФАтФАтФАтФАтФАтФАтФАтФАтФАтФАтФАтФАтФАтФАтФАтФАтФАтФАтФАтФАтФАтФАтФАтФАтФАтФАтФАтФАтФАтФАтФАтФАтФАтФАтФАтФАтФАтФАтФАтФАтФАтФАтФАтФАтФАтФАтФАтФАтФАтФАтФАтФАтФАтФАтФАтФАтФАтФАтФАтФАтФАтФАтФАтФАтФАтФАтФАтФАтФА
тФМтФАтФАтФАтФАтФАтФАтФАтФАтФАтФАтФАтФАтФАтФАтФАтФАтФАтФАтФАтФАтФАтФАтФАтФАтФАтФАтФАтФАтФАтФАтФАтФАтФАтФАтФАтФАтФАтФАтФАтФАтФАтФАтФАтФАтФАтФАтФАтФАтФАтФАтФАтФАтФАтФАтФАтФАтФАтФАтФАтФАтФАтФАтФАтФАтФАтФАтФАтФАтФАтФАтФАтФАтФАтФАтФАтФАтФАтФАтФАтФАтФАтФАтФАтФАтФАтФАтФАтФАтФАтФАтФАтФАтФАтФАтФАтФАтФАтФАтФАтФАтФАтФАтФАтФАтФАтФАтФАтФАтФАтФАтФАтФАтФАтФАтФАтФАтФАтФАтФА
тФВ #0   TestService._completeBipolarTest (package:psycho_tests/services/test_service.dart:425:23)
тФВ #1   TestService.completeTest (package:psycho_tests/services/test_service.dart:55:16)
тФЬтФДтФДтФДтФДтФДтФДтФДтФДтФДтФДтФДтФДтФДтФДтФДтФДтФДтФДтФДтФДтФДтФДтФДтФДтФДтФДтФДтФДтФДтФДтФДтФДтФДтФДтФДтФДтФДтФДтФДтФДтФДтФДтФДтФДтФДтФДтФДтФДтФДтФДтФДтФДтФДтФДтФДтФДтФДтФДтФДтФДтФДтФДтФДтФДтФДтФДтФДтФДтФДтФДтФДтФДтФДтФДтФДтФДтФДтФДтФДтФДтФДтФДтФДтФДтФДтФДтФДтФДтФДтФДтФДтФДтФДтФДтФДтФДтФДтФДтФДтФДтФДтФДтФДтФДтФДтФДтФДтФДтФДтФДтФДтФДтФДтФДтФДтФДтФДтФДтФД
тФВ ЁЯРЫ Qq18: targetScale=introversion, score=3
тФФтФАтФАтФАтФАтФАтФАтФАтФАтФАтФАтФАтФАтФАтФАтФАтФАтФАтФАтФАтФАтФАтФАтФАтФАтФАтФАтФАтФАтФАтФАтФАтФАтФАтФАтФАтФАтФАтФАтФАтФАтФАтФАтФАтФАтФАтФАтФАтФАтФАтФАтФАтФАтФАтФАтФАтФАтФАтФАтФАтФАтФАтФАтФАтФАтФАтФАтФАтФАтФАтФАтФАтФАтФАтФАтФАтФАтФАтФАтФАтФАтФАтФАтФАтФАтФАтФАтФАтФАтФАтФАтФАтФАтФАтФАтФАтФАтФАтФАтФАтФАтФАтФАтФАтФАтФАтФАтФАтФАтФАтФАтФАтФАтФАтФАтФАтФАтФАтФАтФА
тФМтФАтФАтФАтФАтФАтФАтФАтФАтФАтФАтФАтФАтФАтФАтФАтФАтФАтФАтФАтФАтФАтФАтФАтФАтФАтФАтФАтФАтФАтФАтФАтФАтФАтФАтФАтФАтФАтФАтФАтФАтФАтФАтФАтФАтФАтФАтФАтФАтФАтФАтФАтФАтФАтФАтФАтФАтФАтФАтФАтФАтФАтФАтФАтФАтФАтФАтФАтФАтФАтФАтФАтФАтФАтФАтФАтФАтФАтФАтФАтФАтФАтФАтФАтФАтФАтФАтФАтФАтФАтФАтФАтФАтФАтФАтФАтФАтФАтФАтФАтФАтФАтФАтФАтФАтФАтФАтФАтФАтФАтФАтФАтФАтФАтФАтФАтФАтФАтФАтФА
тФВ #0   TestService._completeBipolarTest (package:psycho_tests/services/test_service.dart:425:23)
тФВ #1   TestService.completeTest (package:psycho_tests/services/test_service.dart:55:16)
тФЬтФДтФДтФДтФДтФДтФДтФДтФДтФДтФДтФДтФДтФДтФДтФДтФДтФДтФДтФДтФДтФДтФДтФДтФДтФДтФДтФДтФДтФДтФДтФДтФДтФДтФДтФДтФДтФДтФДтФДтФДтФДтФДтФДтФДтФДтФДтФДтФДтФДтФДтФДтФДтФДтФДтФДтФДтФДтФДтФДтФДтФДтФДтФДтФДтФДтФДтФДтФДтФДтФДтФДтФДтФДтФДтФДтФДтФДтФДтФДтФДтФДтФДтФДтФДтФДтФДтФДтФДтФДтФДтФДтФДтФДтФДтФДтФДтФДтФДтФДтФДтФДтФДтФДтФДтФДтФДтФДтФДтФДтФДтФДтФДтФДтФДтФДтФДтФДтФДтФД
тФВ ЁЯРЫ Qq19: targetScale=extraversion, score=3
тФФтФАтФАтФАтФАтФАтФАтФАтФАтФАтФАтФАтФАтФАтФАтФАтФАтФАтФАтФАтФАтФАтФАтФАтФАтФАтФАтФАтФАтФАтФАтФАтФАтФАтФАтФАтФАтФАтФАтФАтФАтФАтФАтФАтФАтФАтФАтФАтФАтФАтФАтФАтФАтФАтФАтФАтФАтФАтФАтФАтФАтФАтФАтФАтФАтФАтФАтФАтФАтФАтФАтФАтФАтФАтФАтФАтФАтФАтФАтФАтФАтФАтФАтФАтФАтФАтФАтФАтФАтФАтФАтФАтФАтФАтФАтФАтФАтФАтФАтФАтФАтФАтФАтФАтФАтФАтФАтФАтФАтФАтФАтФАтФАтФАтФАтФАтФАтФАтФАтФА
тФМтФАтФАтФАтФАтФАтФАтФАтФАтФАтФАтФАтФАтФАтФАтФАтФАтФАтФАтФАтФАтФАтФАтФАтФАтФАтФАтФАтФАтФАтФАтФАтФАтФАтФАтФАтФАтФАтФАтФАтФАтФАтФАтФАтФАтФАтФАтФАтФАтФАтФАтФАтФАтФАтФАтФАтФАтФАтФАтФАтФАтФАтФАтФАтФАтФАтФАтФАтФАтФАтФАтФАтФАтФАтФАтФАтФАтФАтФАтФАтФАтФАтФАтФАтФАтФАтФАтФАтФАтФАтФАтФАтФАтФАтФАтФАтФАтФАтФАтФАтФАтФАтФАтФАтФАтФАтФАтФАтФАтФАтФАтФАтФАтФАтФАтФАтФАтФАтФАтФА
тФВ #0   TestService._completeBipolarTest (package:psycho_tests/services/test_service.dart:425:23)
тФВ #1   TestService.completeTest (package:psycho_tests/services/test_service.dart:55:16)
тФЬтФДтФДтФДтФДтФДтФДтФДтФДтФДтФДтФДтФДтФДтФДтФДтФДтФДтФДтФДтФДтФДтФДтФДтФДтФДтФДтФДтФДтФДтФДтФДтФДтФДтФДтФДтФДтФДтФДтФДтФДтФДтФДтФДтФДтФДтФДтФДтФДтФДтФДтФДтФДтФДтФДтФДтФДтФДтФДтФДтФДтФДтФДтФДтФДтФДтФДтФДтФДтФДтФДтФДтФДтФДтФДтФДтФДтФДтФДтФДтФДтФДтФДтФДтФДтФДтФДтФДтФДтФДтФДтФДтФДтФДтФДтФДтФДтФДтФДтФДтФДтФДтФДтФДтФДтФДтФДтФДтФДтФДтФДтФДтФДтФДтФДтФДтФДтФДтФДтФД
тФВ ЁЯРЫ Qq20: targetScale=introversion, score=3
тФФтФАтФАтФАтФАтФАтФАтФАтФАтФАтФАтФАтФАтФАтФАтФАтФАтФАтФАтФАтФАтФАтФАтФАтФАтФАтФАтФАтФАтФАтФАтФАтФАтФАтФАтФАтФАтФАтФАтФАтФАтФАтФАтФАтФАтФАтФАтФАтФАтФАтФАтФАтФАтФАтФАтФАтФАтФАтФАтФАтФАтФАтФАтФАтФАтФАтФАтФАтФАтФАтФАтФАтФАтФАтФАтФАтФАтФАтФАтФАтФАтФАтФАтФАтФАтФАтФАтФАтФАтФАтФАтФАтФАтФАтФАтФАтФАтФАтФАтФАтФАтФАтФАтФАтФАтФАтФАтФАтФАтФАтФАтФАтФАтФАтФАтФАтФАтФАтФАтФА
тФМтФАтФАтФАтФАтФАтФАтФАтФАтФАтФАтФАтФАтФАтФАтФАтФАтФАтФАтФАтФАтФАтФАтФАтФАтФАтФАтФАтФАтФАтФАтФАтФАтФАтФАтФАтФАтФАтФАтФАтФАтФАтФАтФАтФАтФАтФАтФАтФАтФАтФАтФАтФАтФАтФАтФАтФАтФАтФАтФАтФАтФАтФАтФАтФАтФАтФАтФАтФАтФАтФАтФАтФАтФАтФАтФАтФАтФАтФАтФАтФАтФАтФАтФАтФАтФАтФАтФАтФАтФАтФАтФАтФАтФАтФАтФАтФАтФАтФАтФАтФАтФАтФАтФАтФАтФАтФАтФАтФАтФАтФАтФАтФАтФАтФАтФАтФАтФАтФАтФА
тФВ #0   TestService._completeBipolarTest (package:psycho_tests/services/test_service.dart:425:23)
тФВ #1   TestService.completeTest (package:psycho_tests/services/test_service.dart:55:16)
тФЬтФДтФДтФДтФДтФДтФДтФДтФДтФДтФДтФДтФДтФДтФДтФДтФДтФДтФДтФДтФДтФДтФДтФДтФДтФДтФДтФДтФДтФДтФДтФДтФДтФДтФДтФДтФДтФДтФДтФДтФДтФДтФДтФДтФДтФДтФДтФДтФДтФДтФДтФДтФДтФДтФДтФДтФДтФДтФДтФДтФДтФДтФДтФДтФДтФДтФДтФДтФДтФДтФДтФДтФДтФДтФДтФДтФДтФДтФДтФДтФДтФДтФДтФДтФДтФДтФДтФДтФДтФДтФДтФДтФДтФДтФДтФДтФДтФДтФДтФДтФДтФДтФДтФДтФДтФДтФДтФДтФДтФДтФДтФДтФДтФДтФДтФДтФДтФДтФДтФД
тФВ ЁЯРЫ Qq21: targetScale=sensing, score=3
тФФтФАтФАтФАтФАтФАтФАтФАтФАтФАтФАтФАтФАтФАтФАтФАтФАтФАтФАтФАтФАтФАтФАтФАтФАтФАтФАтФАтФАтФАтФАтФАтФАтФАтФАтФАтФАтФАтФАтФАтФАтФАтФАтФАтФАтФАтФАтФАтФАтФАтФАтФАтФАтФАтФАтФАтФАтФАтФАтФАтФАтФАтФАтФАтФАтФАтФАтФАтФАтФАтФАтФАтФАтФАтФАтФАтФАтФАтФАтФАтФАтФАтФАтФАтФАтФАтФАтФАтФАтФАтФАтФАтФАтФАтФАтФАтФАтФАтФАтФАтФАтФАтФАтФАтФАтФАтФАтФАтФАтФАтФАтФАтФАтФАтФАтФАтФАтФАтФАтФА
тФМтФАтФАтФАтФАтФАтФАтФАтФАтФАтФАтФАтФАтФАтФАтФАтФАтФАтФАтФАтФАтФАтФАтФАтФАтФАтФАтФАтФАтФАтФАтФАтФАтФАтФАтФАтФАтФАтФАтФАтФАтФАтФАтФАтФАтФАтФАтФАтФАтФАтФАтФАтФАтФАтФАтФАтФАтФАтФАтФАтФАтФАтФАтФАтФАтФАтФАтФАтФАтФАтФАтФАтФАтФАтФАтФАтФАтФАтФАтФАтФАтФАтФАтФАтФАтФАтФАтФАтФАтФАтФАтФАтФАтФАтФАтФАтФАтФАтФАтФАтФАтФАтФАтФАтФАтФАтФАтФАтФАтФАтФАтФАтФАтФАтФАтФАтФАтФАтФАтФА
тФВ #0   TestService._completeBipolarTest (package:psycho_tests/services/test_service.dart:425:23)
тФВ #1   TestService.completeTest (package:psycho_tests/services/test_service.dart:55:16)
тФЬтФДтФДтФДтФДтФДтФДтФДтФДтФДтФДтФДтФДтФДтФДтФДтФДтФДтФДтФДтФДтФДтФДтФДтФДтФДтФДтФДтФДтФДтФДтФДтФДтФДтФДтФДтФДтФДтФДтФДтФДтФДтФДтФДтФДтФДтФДтФДтФДтФДтФДтФДтФДтФДтФДтФДтФДтФДтФДтФДтФДтФДтФДтФДтФДтФДтФДтФДтФДтФДтФДтФДтФДтФДтФДтФДтФДтФДтФДтФДтФДтФДтФДтФДтФДтФДтФДтФДтФДтФДтФДтФДтФДтФДтФДтФДтФДтФДтФДтФДтФДтФДтФДтФДтФДтФДтФДтФДтФДтФДтФДтФДтФДтФДтФДтФДтФДтФДтФДтФД
тФВ ЁЯРЫ Qq22: targetScale=sensing, score=3
тФФтФАтФАтФАтФАтФАтФАтФАтФАтФАтФАтФАтФАтФАтФАтФАтФАтФАтФАтФАтФАтФАтФАтФАтФАтФАтФАтФАтФАтФАтФАтФАтФАтФАтФАтФАтФАтФАтФАтФАтФАтФАтФАтФАтФАтФАтФАтФАтФАтФАтФАтФАтФАтФАтФАтФАтФАтФАтФАтФАтФАтФАтФАтФАтФАтФАтФАтФАтФАтФАтФАтФАтФАтФАтФАтФАтФАтФАтФАтФАтФАтФАтФАтФАтФАтФАтФАтФАтФАтФАтФАтФАтФАтФАтФАтФАтФАтФАтФАтФАтФАтФАтФАтФАтФАтФАтФАтФАтФАтФАтФАтФАтФАтФАтФАтФАтФАтФАтФАтФА
тФМтФАтФАтФАтФАтФАтФАтФАтФАтФАтФАтФАтФАтФАтФАтФАтФАтФАтФАтФАтФАтФАтФАтФАтФАтФАтФАтФАтФАтФАтФАтФАтФАтФАтФАтФАтФАтФАтФАтФАтФАтФАтФАтФАтФАтФАтФАтФАтФАтФАтФАтФАтФАтФАтФАтФАтФАтФАтФАтФАтФАтФАтФАтФАтФАтФАтФАтФАтФАтФАтФАтФАтФАтФАтФАтФАтФАтФАтФАтФАтФАтФАтФАтФАтФАтФАтФАтФАтФАтФАтФАтФАтФАтФАтФАтФАтФАтФАтФАтФАтФАтФАтФАтФАтФАтФАтФАтФАтФАтФАтФАтФАтФАтФАтФАтФАтФАтФАтФАтФА
тФВ #0   TestService._completeBipolarTest (package:psycho_tests/services/test_service.dart:425:23)
тФВ #1   TestService.completeTest (package:psycho_tests/services/test_service.dart:55:16)
тФЬтФДтФДтФДтФДтФДтФДтФДтФДтФДтФДтФДтФДтФДтФДтФДтФДтФДтФДтФДтФДтФДтФДтФДтФДтФДтФДтФДтФДтФДтФДтФДтФДтФДтФДтФДтФДтФДтФДтФДтФДтФДтФДтФДтФДтФДтФДтФДтФДтФДтФДтФДтФДтФДтФДтФДтФДтФДтФДтФДтФДтФДтФДтФДтФДтФДтФДтФДтФДтФДтФДтФДтФДтФДтФДтФДтФДтФДтФДтФДтФДтФДтФДтФДтФДтФДтФДтФДтФДтФДтФДтФДтФДтФДтФДтФДтФДтФДтФДтФДтФДтФДтФДтФДтФДтФДтФДтФДтФДтФДтФДтФДтФДтФДтФДтФДтФДтФДтФДтФД
тФВ ЁЯРЫ Qq23: targetScale=sensing, score=3
тФФтФАтФАтФАтФАтФАтФАтФАтФАтФАтФАтФАтФАтФАтФАтФАтФАтФАтФАтФАтФАтФАтФАтФАтФАтФАтФАтФАтФАтФАтФАтФАтФАтФАтФАтФАтФАтФАтФАтФАтФАтФАтФАтФАтФАтФАтФАтФАтФАтФАтФАтФАтФАтФАтФАтФАтФАтФАтФАтФАтФАтФАтФАтФАтФАтФАтФАтФАтФАтФАтФАтФАтФАтФАтФАтФАтФАтФАтФАтФАтФАтФАтФАтФАтФАтФАтФАтФАтФАтФАтФАтФАтФАтФАтФАтФАтФАтФАтФАтФАтФАтФАтФАтФАтФАтФАтФАтФАтФАтФАтФАтФАтФАтФАтФАтФАтФАтФАтФАтФА
тФМтФАтФАтФАтФАтФАтФАтФАтФАтФАтФАтФАтФАтФАтФАтФАтФАтФАтФАтФАтФАтФАтФАтФАтФАтФАтФАтФАтФАтФАтФАтФАтФАтФАтФАтФАтФАтФАтФАтФАтФАтФАтФАтФАтФАтФАтФАтФАтФАтФАтФАтФАтФАтФАтФАтФАтФАтФАтФАтФАтФАтФАтФАтФАтФАтФАтФАтФАтФАтФАтФАтФАтФАтФАтФАтФАтФАтФАтФАтФАтФАтФАтФАтФАтФАтФАтФАтФАтФАтФАтФАтФАтФАтФАтФАтФАтФАтФАтФАтФАтФАтФАтФАтФАтФАтФАтФАтФАтФАтФАтФАтФАтФАтФАтФАтФАтФАтФАтФАтФА
тФВ #0   TestService._completeBipolarTest (package:psycho_tests/services/test_service.dart:425:23)
тФВ #1   TestService.completeTest (package:psycho_tests/services/test_service.dart:55:16)
тФЬтФДтФДтФДтФДтФДтФДтФДтФДтФДтФДтФДтФДтФДтФДтФДтФДтФДтФДтФДтФДтФДтФДтФДтФДтФДтФДтФДтФДтФДтФДтФДтФДтФДтФДтФДтФДтФДтФДтФДтФДтФДтФДтФДтФДтФДтФДтФДтФДтФДтФДтФДтФДтФДтФДтФДтФДтФДтФДтФДтФДтФДтФДтФДтФДтФДтФДтФДтФДтФДтФДтФДтФДтФДтФДтФДтФДтФДтФДтФДтФДтФДтФДтФДтФДтФДтФДтФДтФДтФДтФДтФДтФДтФДтФДтФДтФДтФДтФДтФДтФДтФДтФДтФДтФДтФДтФДтФДтФДтФДтФДтФДтФДтФДтФДтФДтФДтФДтФДтФД
тФВ ЁЯРЫ Qq24: targetScale=sensing, score=3
тФФтФАтФАтФАтФАтФАтФАтФАтФАтФАтФАтФАтФАтФАтФАтФАтФАтФАтФАтФАтФАтФАтФАтФАтФАтФАтФАтФАтФАтФАтФАтФАтФАтФАтФАтФАтФАтФАтФАтФАтФАтФАтФАтФАтФАтФАтФАтФАтФАтФАтФАтФАтФАтФАтФАтФАтФАтФАтФАтФАтФАтФАтФАтФАтФАтФАтФАтФАтФАтФАтФАтФАтФАтФАтФАтФАтФАтФАтФАтФАтФАтФАтФАтФАтФАтФАтФАтФАтФАтФАтФАтФАтФАтФАтФАтФАтФАтФАтФАтФАтФАтФАтФАтФАтФАтФАтФАтФАтФАтФАтФАтФАтФАтФАтФАтФАтФАтФАтФАтФА
тФМтФАтФАтФАтФАтФАтФАтФАтФАтФАтФАтФАтФАтФАтФАтФАтФАтФАтФАтФАтФАтФАтФАтФАтФАтФАтФАтФАтФАтФАтФАтФАтФАтФАтФАтФАтФАтФАтФАтФАтФАтФАтФАтФАтФАтФАтФАтФАтФАтФАтФАтФАтФАтФАтФАтФАтФАтФАтФАтФАтФАтФАтФАтФАтФАтФАтФАтФАтФАтФАтФАтФАтФАтФАтФАтФАтФАтФАтФАтФАтФАтФАтФАтФАтФАтФАтФАтФАтФАтФАтФАтФАтФАтФАтФАтФАтФАтФАтФАтФАтФАтФАтФАтФАтФАтФАтФАтФАтФАтФАтФАтФАтФАтФАтФАтФАтФАтФАтФАтФА
тФВ #0   TestService._completeBipolarTest (package:psycho_tests/services/test_service.dart:425:23)
тФВ #1   TestService.completeTest (package:psycho_tests/services/test_service.dart:55:16)
тФЬтФДтФДтФДтФДтФДтФДтФДтФДтФДтФДтФДтФДтФДтФДтФДтФДтФДтФДтФДтФДтФДтФДтФДтФДтФДтФДтФДтФДтФДтФДтФДтФДтФДтФДтФДтФДтФДтФДтФДтФДтФДтФДтФДтФДтФДтФДтФДтФДтФДтФДтФДтФДтФДтФДтФДтФДтФДтФДтФДтФДтФДтФДтФДтФДтФДтФДтФДтФДтФДтФДтФДтФДтФДтФДтФДтФДтФДтФДтФДтФДтФДтФДтФДтФДтФДтФДтФДтФДтФДтФДтФДтФДтФДтФДтФДтФДтФДтФДтФДтФДтФДтФДтФДтФДтФДтФДтФДтФДтФДтФДтФДтФДтФДтФДтФДтФДтФДтФДтФД
тФВ ЁЯРЫ Qq25: targetScale=sensing, score=3
тФФтФАтФАтФАтФАтФАтФАтФАтФАтФАтФАтФАтФАтФАтФАтФАтФАтФАтФАтФАтФАтФАтФАтФАтФАтФАтФАтФАтФАтФАтФАтФАтФАтФАтФАтФАтФАтФАтФАтФАтФАтФАтФАтФАтФАтФАтФАтФАтФАтФАтФАтФАтФАтФАтФАтФАтФАтФАтФАтФАтФАтФАтФАтФАтФАтФАтФАтФАтФАтФАтФАтФАтФАтФАтФАтФАтФАтФАтФАтФАтФАтФАтФАтФАтФАтФАтФАтФАтФАтФАтФАтФАтФАтФАтФАтФАтФАтФАтФАтФАтФАтФАтФАтФАтФАтФАтФАтФАтФАтФАтФАтФАтФАтФАтФАтФАтФАтФАтФАтФА
тФМтФАтФАтФАтФАтФАтФАтФАтФАтФАтФАтФАтФАтФАтФАтФАтФАтФАтФАтФАтФАтФАтФАтФАтФАтФАтФАтФАтФАтФАтФАтФАтФАтФАтФАтФАтФАтФАтФАтФАтФАтФАтФАтФАтФАтФАтФАтФАтФАтФАтФАтФАтФАтФАтФАтФАтФАтФАтФАтФАтФАтФАтФАтФАтФАтФАтФАтФАтФАтФАтФАтФАтФАтФАтФАтФАтФАтФАтФАтФАтФАтФАтФАтФАтФАтФАтФАтФАтФАтФАтФАтФАтФАтФАтФАтФАтФАтФАтФАтФАтФАтФАтФАтФАтФАтФАтФАтФАтФАтФАтФАтФАтФАтФАтФАтФАтФАтФАтФАтФА
тФВ #0   TestService._completeBipolarTest (package:psycho_tests/services/test_service.dart:425:23)
тФВ #1   TestService.completeTest (package:psycho_tests/services/test_service.dart:55:16)
тФЬтФДтФДтФДтФДтФДтФДтФДтФДтФДтФДтФДтФДтФДтФДтФДтФДтФДтФДтФДтФДтФДтФДтФДтФДтФДтФДтФДтФДтФДтФДтФДтФДтФДтФДтФДтФДтФДтФДтФДтФДтФДтФДтФДтФДтФДтФДтФДтФДтФДтФДтФДтФДтФДтФДтФДтФДтФДтФДтФДтФДтФДтФДтФДтФДтФДтФДтФДтФДтФДтФДтФДтФДтФДтФДтФДтФДтФДтФДтФДтФДтФДтФДтФДтФДтФДтФДтФДтФДтФДтФДтФДтФДтФДтФДтФДтФДтФДтФДтФДтФДтФДтФДтФДтФДтФДтФДтФДтФДтФДтФДтФДтФДтФДтФДтФДтФДтФДтФДтФД
тФВ ЁЯРЫ Qq26: targetScale=intuition, score=3
тФФтФАтФАтФАтФАтФАтФАтФАтФАтФАтФАтФАтФАтФАтФАтФАтФАтФАтФАтФАтФАтФАтФАтФАтФАтФАтФАтФАтФАтФАтФАтФАтФАтФАтФАтФАтФАтФАтФАтФАтФАтФАтФАтФАтФАтФАтФАтФАтФАтФАтФАтФАтФАтФАтФАтФАтФАтФАтФАтФАтФАтФАтФАтФАтФАтФАтФАтФАтФАтФАтФАтФАтФАтФАтФАтФАтФАтФАтФАтФАтФАтФАтФАтФАтФАтФАтФАтФАтФАтФАтФАтФАтФАтФАтФАтФАтФАтФАтФАтФАтФАтФАтФАтФАтФАтФАтФАтФАтФАтФАтФАтФАтФАтФАтФАтФАтФАтФАтФАтФА
тФМтФАтФАтФАтФАтФАтФАтФАтФАтФАтФАтФАтФАтФАтФАтФАтФАтФАтФАтФАтФАтФАтФАтФАтФАтФАтФАтФАтФАтФАтФАтФАтФАтФАтФАтФАтФАтФАтФАтФАтФАтФАтФАтФАтФАтФАтФАтФАтФАтФАтФАтФАтФАтФАтФАтФАтФАтФАтФАтФАтФАтФАтФАтФАтФАтФАтФАтФАтФАтФАтФАтФАтФАтФАтФАтФАтФАтФАтФАтФАтФАтФАтФАтФАтФАтФАтФАтФАтФАтФАтФАтФАтФАтФАтФАтФАтФАтФАтФАтФАтФАтФАтФАтФАтФАтФАтФАтФАтФАтФАтФАтФАтФАтФАтФАтФАтФАтФАтФАтФА
тФВ #0   TestService._completeBipolarTest (package:psycho_tests/services/test_service.dart:425:23)
тФВ #1   TestService.completeTest (package:psycho_tests/services/test_service.dart:55:16)
тФЬтФДтФДтФДтФДтФДтФДтФДтФДтФДтФДтФДтФДтФДтФДтФДтФДтФДтФДтФДтФДтФДтФДтФДтФДтФДтФДтФДтФДтФДтФДтФДтФДтФДтФДтФДтФДтФДтФДтФДтФДтФДтФДтФДтФДтФДтФДтФДтФДтФДтФДтФДтФДтФДтФДтФДтФДтФДтФДтФДтФДтФДтФДтФДтФДтФДтФДтФДтФДтФДтФДтФДтФДтФДтФДтФДтФДтФДтФДтФДтФДтФДтФДтФДтФДтФДтФДтФДтФДтФДтФДтФДтФДтФДтФДтФДтФДтФДтФДтФДтФДтФДтФДтФДтФДтФДтФДтФДтФДтФДтФДтФДтФДтФДтФДтФДтФДтФДтФДтФД
тФВ ЁЯРЫ Qq27: targetScale=intuition, score=3
тФФтФАтФАтФАтФАтФАтФАтФАтФАтФАтФАтФАтФАтФАтФАтФАтФАтФАтФАтФАтФАтФАтФАтФАтФАтФАтФАтФАтФАтФАтФАтФАтФАтФАтФАтФАтФАтФАтФАтФАтФАтФАтФАтФАтФАтФАтФАтФАтФАтФАтФАтФАтФАтФАтФАтФАтФАтФАтФАтФАтФАтФАтФАтФАтФАтФАтФАтФАтФАтФАтФАтФАтФАтФАтФАтФАтФАтФАтФАтФАтФАтФАтФАтФАтФАтФАтФАтФАтФАтФАтФАтФАтФАтФАтФАтФАтФАтФАтФАтФАтФАтФАтФАтФАтФАтФАтФАтФАтФАтФАтФАтФАтФАтФАтФАтФАтФАтФАтФАтФА
тФМтФАтФАтФАтФАтФАтФАтФАтФАтФАтФАтФАтФАтФАтФАтФАтФАтФАтФАтФАтФАтФАтФАтФАтФАтФАтФАтФАтФАтФАтФАтФАтФАтФАтФАтФАтФАтФАтФАтФАтФАтФАтФАтФАтФАтФАтФАтФАтФАтФАтФАтФАтФАтФАтФАтФАтФАтФАтФАтФАтФАтФАтФАтФАтФАтФАтФАтФАтФАтФАтФАтФАтФАтФАтФАтФАтФАтФАтФАтФАтФАтФАтФАтФАтФАтФАтФАтФАтФАтФАтФАтФАтФАтФАтФАтФАтФАтФАтФАтФАтФАтФАтФАтФАтФАтФАтФАтФАтФАтФАтФАтФАтФАтФАтФАтФАтФАтФАтФАтФА
тФВ #0   TestService._completeBipolarTest (package:psycho_tests/services/test_service.dart:425:23)
тФВ #1   TestService.completeTest (package:psycho_tests/services/test_service.dart:55:16)
тФЬтФДтФДтФДтФДтФДтФДтФДтФДтФДтФДтФДтФДтФДтФДтФДтФДтФДтФДтФДтФДтФДтФДтФДтФДтФДтФДтФДтФДтФДтФДтФДтФДтФДтФДтФДтФДтФДтФДтФДтФДтФДтФДтФДтФДтФДтФДтФДтФДтФДтФДтФДтФДтФДтФДтФДтФДтФДтФДтФДтФДтФДтФДтФДтФДтФДтФДтФДтФДтФДтФДтФДтФДтФДтФДтФДтФДтФДтФДтФДтФДтФДтФДтФДтФДтФДтФДтФДтФДтФДтФДтФДтФДтФДтФДтФДтФДтФДтФДтФДтФДтФДтФДтФДтФДтФДтФДтФДтФДтФДтФДтФДтФДтФДтФДтФДтФДтФДтФДтФД
тФВ ЁЯРЫ Qq28: targetScale=intuition, score=3
тФФтФАтФАтФАтФАтФАтФАтФАтФАтФАтФАтФАтФАтФАтФАтФАтФАтФАтФАтФАтФАтФАтФАтФАтФАтФАтФАтФАтФАтФАтФАтФАтФАтФАтФАтФАтФАтФАтФАтФАтФАтФАтФАтФАтФАтФАтФАтФАтФАтФАтФАтФАтФАтФАтФАтФАтФАтФАтФАтФАтФАтФАтФАтФАтФАтФАтФАтФАтФАтФАтФАтФАтФАтФАтФАтФАтФАтФАтФАтФАтФАтФАтФАтФАтФАтФАтФАтФАтФАтФАтФАтФАтФАтФАтФАтФАтФАтФАтФАтФАтФАтФАтФАтФАтФАтФАтФАтФАтФАтФАтФАтФАтФАтФАтФАтФАтФАтФАтФАтФА
тФМтФАтФАтФАтФАтФАтФАтФАтФАтФАтФАтФАтФАтФАтФАтФАтФАтФАтФАтФАтФАтФАтФАтФАтФАтФАтФАтФАтФАтФАтФАтФАтФАтФАтФАтФАтФАтФАтФАтФАтФАтФАтФАтФАтФАтФАтФАтФАтФАтФАтФАтФАтФАтФАтФАтФАтФАтФАтФАтФАтФАтФАтФАтФАтФАтФАтФАтФАтФАтФАтФАтФАтФАтФАтФАтФАтФАтФАтФАтФАтФАтФАтФАтФАтФАтФАтФАтФАтФАтФАтФАтФАтФАтФАтФАтФАтФАтФАтФАтФАтФАтФАтФАтФАтФАтФАтФАтФАтФАтФАтФАтФАтФАтФАтФАтФАтФАтФАтФАтФА
тФВ #0   TestService._completeBipolarTest (package:psycho_tests/services/test_service.dart:425:23)
тФВ #1   TestService.completeTest (package:psycho_tests/services/test_service.dart:55:16)
тФЬтФДтФДтФДтФДтФДтФДтФДтФДтФДтФДтФДтФДтФДтФДтФДтФДтФДтФДтФДтФДтФДтФДтФДтФДтФДтФДтФДтФДтФДтФДтФДтФДтФДтФДтФДтФДтФДтФДтФДтФДтФДтФДтФДтФДтФДтФДтФДтФДтФДтФДтФДтФДтФДтФДтФДтФДтФДтФДтФДтФДтФДтФДтФДтФДтФДтФДтФДтФДтФДтФДтФДтФДтФДтФДтФДтФДтФДтФДтФДтФДтФДтФДтФДтФДтФДтФДтФДтФДтФДтФДтФДтФДтФДтФДтФДтФДтФДтФДтФДтФДтФДтФДтФДтФДтФДтФДтФДтФДтФДтФДтФДтФДтФДтФДтФДтФДтФДтФДтФД
тФВ ЁЯРЫ Qq29: targetScale=intuition, score=3
тФФтФАтФАтФАтФАтФАтФАтФАтФАтФАтФАтФАтФАтФАтФАтФАтФАтФАтФАтФАтФАтФАтФАтФАтФАтФАтФАтФАтФАтФАтФАтФАтФАтФАтФАтФАтФАтФАтФАтФАтФАтФАтФАтФАтФАтФАтФАтФАтФАтФАтФАтФАтФАтФАтФАтФАтФАтФАтФАтФАтФАтФАтФАтФАтФАтФАтФАтФАтФАтФАтФАтФАтФАтФАтФАтФАтФАтФАтФАтФАтФАтФАтФАтФАтФАтФАтФАтФАтФАтФАтФАтФАтФАтФАтФАтФАтФАтФАтФАтФАтФАтФАтФАтФАтФАтФАтФАтФАтФАтФАтФАтФАтФАтФАтФАтФАтФАтФАтФАтФА
тФМтФАтФАтФАтФАтФАтФАтФАтФАтФАтФАтФАтФАтФАтФАтФАтФАтФАтФАтФАтФАтФАтФАтФАтФАтФАтФАтФАтФАтФАтФАтФАтФАтФАтФАтФАтФАтФАтФАтФАтФАтФАтФАтФАтФАтФАтФАтФАтФАтФАтФАтФАтФАтФАтФАтФАтФАтФАтФАтФАтФАтФАтФАтФАтФАтФАтФАтФАтФАтФАтФАтФАтФАтФАтФАтФАтФАтФАтФАтФАтФАтФАтФАтФАтФАтФАтФАтФАтФАтФАтФАтФАтФАтФАтФАтФАтФАтФАтФАтФАтФАтФАтФАтФАтФАтФАтФАтФАтФАтФАтФАтФАтФАтФАтФАтФАтФАтФАтФАтФА
тФВ #0   TestService._completeBipolarTest (package:psycho_tests/services/test_service.dart:425:23)
тФВ #1   TestService.completeTest (package:psycho_tests/services/test_service.dart:55:16)
тФЬтФДтФДтФДтФДтФДтФДтФДтФДтФДтФДтФДтФДтФДтФДтФДтФДтФДтФДтФДтФДтФДтФДтФДтФДтФДтФДтФДтФДтФДтФДтФДтФДтФДтФДтФДтФДтФДтФДтФДтФДтФДтФДтФДтФДтФДтФДтФДтФДтФДтФДтФДтФДтФДтФДтФДтФДтФДтФДтФДтФДтФДтФДтФДтФДтФДтФДтФДтФДтФДтФДтФДтФДтФДтФДтФДтФДтФДтФДтФДтФДтФДтФДтФДтФДтФДтФДтФДтФДтФДтФДтФДтФДтФДтФДтФДтФДтФДтФДтФДтФДтФДтФДтФДтФДтФДтФДтФДтФДтФДтФДтФДтФДтФДтФДтФДтФДтФДтФДтФД
тФВ ЁЯРЫ Qq30: targetScale=sensing, score=3
тФФтФАтФАтФАтФАтФАтФАтФАтФАтФАтФАтФАтФАтФАтФАтФАтФАтФАтФАтФАтФАтФАтФАтФАтФАтФАтФАтФАтФАтФАтФАтФАтФАтФАтФАтФАтФАтФАтФАтФАтФАтФАтФАтФАтФАтФАтФАтФАтФАтФАтФАтФАтФАтФАтФАтФАтФАтФАтФАтФАтФАтФАтФАтФАтФАтФАтФАтФАтФАтФАтФАтФАтФАтФАтФАтФАтФАтФАтФАтФАтФАтФАтФАтФАтФАтФАтФАтФАтФАтФАтФАтФАтФАтФАтФАтФАтФАтФАтФАтФАтФАтФАтФАтФАтФАтФАтФАтФАтФАтФАтФАтФАтФАтФАтФАтФАтФАтФАтФАтФА
тФМтФАтФАтФАтФАтФАтФАтФАтФАтФАтФАтФАтФАтФАтФАтФАтФАтФАтФАтФАтФАтФАтФАтФАтФАтФАтФАтФАтФАтФАтФАтФАтФАтФАтФАтФАтФАтФАтФАтФАтФАтФАтФАтФАтФАтФАтФАтФАтФАтФАтФАтФАтФАтФАтФАтФАтФАтФАтФАтФАтФАтФАтФАтФАтФАтФАтФАтФАтФАтФАтФАтФАтФАтФАтФАтФАтФАтФАтФАтФАтФАтФАтФАтФАтФАтФАтФАтФАтФАтФАтФАтФАтФАтФАтФАтФАтФАтФАтФАтФАтФАтФАтФАтФАтФАтФАтФАтФАтФАтФАтФАтФАтФАтФАтФАтФАтФАтФАтФАтФА
тФВ #0   TestService._completeBipolarTest (package:psycho_tests/services/test_service.dart:425:23)
тФВ #1   TestService.completeTest (package:psycho_tests/services/test_service.dart:55:16)
тФЬтФДтФДтФДтФДтФДтФДтФДтФДтФДтФДтФДтФДтФДтФДтФДтФДтФДтФДтФДтФДтФДтФДтФДтФДтФДтФДтФДтФДтФДтФДтФДтФДтФДтФДтФДтФДтФДтФДтФДтФДтФДтФДтФДтФДтФДтФДтФДтФДтФДтФДтФДтФДтФДтФДтФДтФДтФДтФДтФДтФДтФДтФДтФДтФДтФДтФДтФДтФДтФДтФДтФДтФДтФДтФДтФДтФДтФДтФДтФДтФДтФДтФДтФДтФДтФДтФДтФДтФДтФДтФДтФДтФДтФДтФДтФДтФДтФДтФДтФДтФДтФДтФДтФДтФДтФДтФДтФДтФДтФДтФДтФДтФДтФДтФДтФДтФДтФДтФДтФД
тФВ ЁЯРЫ Qq31: targetScale=sensing, score=3
тФФтФАтФАтФАтФАтФАтФАтФАтФАтФАтФАтФАтФАтФАтФАтФАтФАтФАтФАтФАтФАтФАтФАтФАтФАтФАтФАтФАтФАтФАтФАтФАтФАтФАтФАтФАтФАтФАтФАтФАтФАтФАтФАтФАтФАтФАтФАтФАтФАтФАтФАтФАтФАтФАтФАтФАтФАтФАтФАтФАтФАтФАтФАтФАтФАтФАтФАтФАтФАтФАтФАтФАтФАтФАтФАтФАтФАтФАтФАтФАтФАтФАтФАтФАтФАтФАтФАтФАтФАтФАтФАтФАтФАтФАтФАтФАтФАтФАтФАтФАтФАтФАтФАтФАтФАтФАтФАтФАтФАтФАтФАтФАтФАтФАтФАтФАтФАтФАтФАтФА
тФМтФАтФАтФАтФАтФАтФАтФАтФАтФАтФАтФАтФАтФАтФАтФАтФАтФАтФАтФАтФАтФАтФАтФАтФАтФАтФАтФАтФАтФАтФАтФАтФАтФАтФАтФАтФАтФАтФАтФАтФАтФАтФАтФАтФАтФАтФАтФАтФАтФАтФАтФАтФАтФАтФАтФАтФАтФАтФАтФАтФАтФАтФАтФАтФАтФАтФАтФАтФАтФАтФАтФАтФАтФАтФАтФАтФАтФАтФАтФАтФАтФАтФАтФАтФАтФАтФАтФАтФАтФАтФАтФАтФАтФАтФАтФАтФАтФАтФАтФАтФАтФАтФАтФАтФАтФАтФАтФАтФАтФАтФАтФАтФАтФАтФАтФАтФАтФАтФАтФА
тФВ #0   TestService._completeBipolarTest (package:psycho_tests/services/test_service.dart:425:23)
тФВ #1   TestService.completeTest (package:psycho_tests/services/test_service.dart:55:16)
тФЬтФДтФДтФДтФДтФДтФДтФДтФДтФДтФДтФДтФДтФДтФДтФДтФДтФДтФДтФДтФДтФДтФДтФДтФДтФДтФДтФДтФДтФДтФДтФДтФДтФДтФДтФДтФДтФДтФДтФДтФДтФДтФДтФДтФДтФДтФДтФДтФДтФДтФДтФДтФДтФДтФДтФДтФДтФДтФДтФДтФДтФДтФДтФДтФДтФДтФДтФДтФДтФДтФДтФДтФДтФДтФДтФДтФДтФДтФДтФДтФДтФДтФДтФДтФДтФДтФДтФДтФДтФДтФДтФДтФДтФДтФДтФДтФДтФДтФДтФДтФДтФДтФДтФДтФДтФДтФДтФДтФДтФДтФДтФДтФДтФДтФДтФДтФДтФДтФДтФД
тФВ ЁЯРЫ Qq32: targetScale=intuition, score=3
тФФтФАтФАтФАтФАтФАтФАтФАтФАтФАтФАтФАтФАтФАтФАтФАтФАтФАтФАтФАтФАтФАтФАтФАтФАтФАтФАтФАтФАтФАтФАтФАтФАтФАтФАтФАтФАтФАтФАтФАтФАтФАтФАтФАтФАтФАтФАтФАтФАтФАтФАтФАтФАтФАтФАтФАтФАтФАтФАтФАтФАтФАтФАтФАтФАтФАтФАтФАтФАтФАтФАтФАтФАтФАтФАтФАтФАтФАтФАтФАтФАтФАтФАтФАтФАтФАтФАтФАтФАтФАтФАтФАтФАтФАтФАтФАтФАтФАтФАтФАтФАтФАтФАтФАтФАтФАтФАтФАтФАтФАтФАтФАтФАтФАтФАтФАтФАтФАтФАтФА
тФМтФАтФАтФАтФАтФАтФАтФАтФАтФАтФАтФАтФАтФАтФАтФАтФАтФАтФАтФАтФАтФАтФАтФАтФАтФАтФАтФАтФАтФАтФАтФАтФАтФАтФАтФАтФАтФАтФАтФАтФАтФАтФАтФАтФАтФАтФАтФАтФАтФАтФАтФАтФАтФАтФАтФАтФАтФАтФАтФАтФАтФАтФАтФАтФАтФАтФАтФАтФАтФАтФАтФАтФАтФАтФАтФАтФАтФАтФАтФАтФАтФАтФАтФАтФАтФАтФАтФАтФАтФАтФАтФАтФАтФАтФАтФАтФАтФАтФАтФАтФАтФАтФАтФАтФАтФАтФАтФАтФАтФАтФАтФАтФАтФАтФАтФАтФАтФАтФАтФА
тФВ #0   TestService._completeBipolarTest (package:psycho_tests/services/test_service.dart:425:23)
тФВ #1   TestService.completeTest (package:psycho_tests/services/test_service.dart:55:16)
тФЬтФДтФДтФДтФДтФДтФДтФДтФДтФДтФДтФДтФДтФДтФДтФДтФДтФДтФДтФДтФДтФДтФДтФДтФДтФДтФДтФДтФДтФДтФДтФДтФДтФДтФДтФДтФДтФДтФДтФДтФДтФДтФДтФДтФДтФДтФДтФДтФДтФДтФДтФДтФДтФДтФДтФДтФДтФДтФДтФДтФДтФДтФДтФДтФДтФДтФДтФДтФДтФДтФДтФДтФДтФДтФДтФДтФДтФДтФДтФДтФДтФДтФДтФДтФДтФДтФДтФДтФДтФДтФДтФДтФДтФДтФДтФДтФДтФДтФДтФДтФДтФДтФДтФДтФДтФДтФДтФДтФДтФДтФДтФДтФДтФДтФДтФДтФДтФДтФДтФД
тФВ ЁЯРЫ Qq33: targetScale=intuition, score=3
тФФтФАтФАтФАтФАтФАтФАтФАтФАтФАтФАтФАтФАтФАтФАтФАтФАтФАтФАтФАтФАтФАтФАтФАтФАтФАтФАтФАтФАтФАтФАтФАтФАтФАтФАтФАтФАтФАтФАтФАтФАтФАтФАтФАтФАтФАтФАтФАтФАтФАтФАтФАтФАтФАтФАтФАтФАтФАтФАтФАтФАтФАтФАтФАтФАтФАтФАтФАтФАтФАтФАтФАтФАтФАтФАтФАтФАтФАтФАтФАтФАтФАтФАтФАтФАтФАтФАтФАтФАтФАтФАтФАтФАтФАтФАтФАтФАтФАтФАтФАтФАтФАтФАтФАтФАтФАтФАтФАтФАтФАтФАтФАтФАтФАтФАтФАтФАтФАтФАтФА
тФМтФАтФАтФАтФАтФАтФАтФАтФАтФАтФАтФАтФАтФАтФАтФАтФАтФАтФАтФАтФАтФАтФАтФАтФАтФАтФАтФАтФАтФАтФАтФАтФАтФАтФАтФАтФАтФАтФАтФАтФАтФАтФАтФАтФАтФАтФАтФАтФАтФАтФАтФАтФАтФАтФАтФАтФАтФАтФАтФАтФАтФАтФАтФАтФАтФАтФАтФАтФАтФАтФАтФАтФАтФАтФАтФАтФАтФАтФАтФАтФАтФАтФАтФАтФАтФАтФАтФАтФАтФАтФАтФАтФАтФАтФАтФАтФАтФАтФАтФАтФАтФАтФАтФАтФАтФАтФАтФАтФАтФАтФАтФАтФАтФАтФАтФАтФАтФАтФАтФА
тФВ #0   TestService._completeBipolarTest (package:psycho_tests/services/test_service.dart:425:23)
тФВ #1   TestService.completeTest (package:psycho_tests/services/test_service.dart:55:16)
тФЬтФДтФДтФДтФДтФДтФДтФДтФДтФДтФДтФДтФДтФДтФДтФДтФДтФДтФДтФДтФДтФДтФДтФДтФДтФДтФДтФДтФДтФДтФДтФДтФДтФДтФДтФДтФДтФДтФДтФДтФДтФДтФДтФДтФДтФДтФДтФДтФДтФДтФДтФДтФДтФДтФДтФДтФДтФДтФДтФДтФДтФДтФДтФДтФДтФДтФДтФДтФДтФДтФДтФДтФДтФДтФДтФДтФДтФДтФДтФДтФДтФДтФДтФДтФДтФДтФДтФДтФДтФДтФДтФДтФДтФДтФДтФДтФДтФДтФДтФДтФДтФДтФДтФДтФДтФДтФДтФДтФДтФДтФДтФДтФДтФДтФДтФДтФДтФДтФДтФД
тФВ ЁЯРЫ Qq34: targetScale=sensing, score=3
тФФтФАтФАтФАтФАтФАтФАтФАтФАтФАтФАтФАтФАтФАтФАтФАтФАтФАтФАтФАтФАтФАтФАтФАтФАтФАтФАтФАтФАтФАтФАтФАтФАтФАтФАтФАтФАтФАтФАтФАтФАтФАтФАтФАтФАтФАтФАтФАтФАтФАтФАтФАтФАтФАтФАтФАтФАтФАтФАтФАтФАтФАтФАтФАтФАтФАтФАтФАтФАтФАтФАтФАтФАтФАтФАтФАтФАтФАтФАтФАтФАтФАтФАтФАтФАтФАтФАтФАтФАтФАтФАтФАтФАтФАтФАтФАтФАтФАтФАтФАтФАтФАтФАтФАтФАтФАтФАтФАтФАтФАтФАтФАтФАтФАтФАтФАтФАтФАтФАтФА
тФМтФАтФАтФАтФАтФАтФАтФАтФАтФАтФАтФАтФАтФАтФАтФАтФАтФАтФАтФАтФАтФАтФАтФАтФАтФАтФАтФАтФАтФАтФАтФАтФАтФАтФАтФАтФАтФАтФАтФАтФАтФАтФАтФАтФАтФАтФАтФАтФАтФАтФАтФАтФАтФАтФАтФАтФАтФАтФАтФАтФАтФАтФАтФАтФАтФАтФАтФАтФАтФАтФАтФАтФАтФАтФАтФАтФАтФАтФАтФАтФАтФАтФАтФАтФАтФАтФАтФАтФАтФАтФАтФАтФАтФАтФАтФАтФАтФАтФАтФАтФАтФАтФАтФАтФАтФАтФАтФАтФАтФАтФАтФАтФАтФАтФАтФАтФАтФАтФАтФА
тФВ #0   TestService._completeBipolarTest (package:psycho_tests/services/test_service.dart:425:23)
тФВ #1   TestService.completeTest (package:psycho_tests/services/test_service.dart:55:16)
тФЬтФДтФДтФДтФДтФДтФДтФДтФДтФДтФДтФДтФДтФДтФДтФДтФДтФДтФДтФДтФДтФДтФДтФДтФДтФДтФДтФДтФДтФДтФДтФДтФДтФДтФДтФДтФДтФДтФДтФДтФДтФДтФДтФДтФДтФДтФДтФДтФДтФДтФДтФДтФДтФДтФДтФДтФДтФДтФДтФДтФДтФДтФДтФДтФДтФДтФДтФДтФДтФДтФДтФДтФДтФДтФДтФДтФДтФДтФДтФДтФДтФДтФДтФДтФДтФДтФДтФДтФДтФДтФДтФДтФДтФДтФДтФДтФДтФДтФДтФДтФДтФДтФДтФДтФДтФДтФДтФДтФДтФДтФДтФДтФДтФДтФДтФДтФДтФДтФДтФД
тФВ ЁЯРЫ Qq35: targetScale=sensing, score=3
тФФтФАтФАтФАтФАтФАтФАтФАтФАтФАтФАтФАтФАтФАтФАтФАтФАтФАтФАтФАтФАтФАтФАтФАтФАтФАтФАтФАтФАтФАтФАтФАтФАтФАтФАтФАтФАтФАтФАтФАтФАтФАтФАтФАтФАтФАтФАтФАтФАтФАтФАтФАтФАтФАтФАтФАтФАтФАтФАтФАтФАтФАтФАтФАтФАтФАтФАтФАтФАтФАтФАтФАтФАтФАтФАтФАтФАтФАтФАтФАтФАтФАтФАтФАтФАтФАтФАтФАтФАтФАтФАтФАтФАтФАтФАтФАтФАтФАтФАтФАтФАтФАтФАтФАтФАтФАтФАтФАтФАтФАтФАтФАтФАтФАтФАтФАтФАтФАтФАтФА
тФМтФАтФАтФАтФАтФАтФАтФАтФАтФАтФАтФАтФАтФАтФАтФАтФАтФАтФАтФАтФАтФАтФАтФАтФАтФАтФАтФАтФАтФАтФАтФАтФАтФАтФАтФАтФАтФАтФАтФАтФАтФАтФАтФАтФАтФАтФАтФАтФАтФАтФАтФАтФАтФАтФАтФАтФАтФАтФАтФАтФАтФАтФАтФАтФАтФАтФАтФАтФАтФАтФАтФАтФАтФАтФАтФАтФАтФАтФАтФАтФАтФАтФАтФАтФАтФАтФАтФАтФАтФАтФАтФАтФАтФАтФАтФАтФАтФАтФАтФАтФАтФАтФАтФАтФАтФАтФАтФАтФАтФАтФАтФАтФАтФАтФАтФАтФАтФАтФАтФА
тФВ #0   TestService._completeBipolarTest (package:psycho_tests/services/test_service.dart:425:23)
тФВ #1   TestService.completeTest (package:psycho_tests/services/test_service.dart:55:16)
тФЬтФДтФДтФДтФДтФДтФДтФДтФДтФДтФДтФДтФДтФДтФДтФДтФДтФДтФДтФДтФДтФДтФДтФДтФДтФДтФДтФДтФДтФДтФДтФДтФДтФДтФДтФДтФДтФДтФДтФДтФДтФДтФДтФДтФДтФДтФДтФДтФДтФДтФДтФДтФДтФДтФДтФДтФДтФДтФДтФДтФДтФДтФДтФДтФДтФДтФДтФДтФДтФДтФДтФДтФДтФДтФДтФДтФДтФДтФДтФДтФДтФДтФДтФДтФДтФДтФДтФДтФДтФДтФДтФДтФДтФДтФДтФДтФДтФДтФДтФДтФДтФДтФДтФДтФДтФДтФДтФДтФДтФДтФДтФДтФДтФДтФДтФДтФДтФДтФДтФД
тФВ ЁЯРЫ Qq36: targetScale=intuition, score=3
тФФтФАтФАтФАтФАтФАтФАтФАтФАтФАтФАтФАтФАтФАтФАтФАтФАтФАтФАтФАтФАтФАтФАтФАтФАтФАтФАтФАтФАтФАтФАтФАтФАтФАтФАтФАтФАтФАтФАтФАтФАтФАтФАтФАтФАтФАтФАтФАтФАтФАтФАтФАтФАтФАтФАтФАтФАтФАтФАтФАтФАтФАтФАтФАтФАтФАтФАтФАтФАтФАтФАтФАтФАтФАтФАтФАтФАтФАтФАтФАтФАтФАтФАтФАтФАтФАтФАтФАтФАтФАтФАтФАтФАтФАтФАтФАтФАтФАтФАтФАтФАтФАтФАтФАтФАтФАтФАтФАтФАтФАтФАтФАтФАтФАтФАтФАтФАтФАтФАтФА
тФМтФАтФАтФАтФАтФАтФАтФАтФАтФАтФАтФАтФАтФАтФАтФАтФАтФАтФАтФАтФАтФАтФАтФАтФАтФАтФАтФАтФАтФАтФАтФАтФАтФАтФАтФАтФАтФАтФАтФАтФАтФАтФАтФАтФАтФАтФАтФАтФАтФАтФАтФАтФАтФАтФАтФАтФАтФАтФАтФАтФАтФАтФАтФАтФАтФАтФАтФАтФАтФАтФАтФАтФАтФАтФАтФАтФАтФАтФАтФАтФАтФАтФАтФАтФАтФАтФАтФАтФАтФАтФАтФАтФАтФАтФАтФАтФАтФАтФАтФАтФАтФАтФАтФАтФАтФАтФАтФАтФАтФАтФАтФАтФАтФАтФАтФАтФАтФАтФАтФА
тФВ #0   TestService._completeBipolarTest (package:psycho_tests/services/test_service.dart:425:23)
тФВ #1   TestService.completeTest (package:psycho_tests/services/test_service.dart:55:16)
тФЬтФДтФДтФДтФДтФДтФДтФДтФДтФДтФДтФДтФДтФДтФДтФДтФДтФДтФДтФДтФДтФДтФДтФДтФДтФДтФДтФДтФДтФДтФДтФДтФДтФДтФДтФДтФДтФДтФДтФДтФДтФДтФДтФДтФДтФДтФДтФДтФДтФДтФДтФДтФДтФДтФДтФДтФДтФДтФДтФДтФДтФДтФДтФДтФДтФДтФДтФДтФДтФДтФДтФДтФДтФДтФДтФДтФДтФДтФДтФДтФДтФДтФДтФДтФДтФДтФДтФДтФДтФДтФДтФДтФДтФДтФДтФДтФДтФДтФДтФДтФДтФДтФДтФДтФДтФДтФДтФДтФДтФДтФДтФДтФДтФДтФДтФДтФДтФДтФДтФД
тФВ ЁЯРЫ Qq37: targetScale=intuition, score=3
тФФтФАтФАтФАтФАтФАтФАтФАтФАтФАтФАтФАтФАтФАтФАтФАтФАтФАтФАтФАтФАтФАтФАтФАтФАтФАтФАтФАтФАтФАтФАтФАтФАтФАтФАтФАтФАтФАтФАтФАтФАтФАтФАтФАтФАтФАтФАтФАтФАтФАтФАтФАтФАтФАтФАтФАтФАтФАтФАтФАтФАтФАтФАтФАтФАтФАтФАтФАтФАтФАтФАтФАтФАтФАтФАтФАтФАтФАтФАтФАтФАтФАтФАтФАтФАтФАтФАтФАтФАтФАтФАтФАтФАтФАтФАтФАтФАтФАтФАтФАтФАтФАтФАтФАтФАтФАтФАтФАтФАтФАтФАтФАтФАтФАтФАтФАтФАтФАтФАтФА
тФМтФАтФАтФАтФАтФАтФАтФАтФАтФАтФАтФАтФАтФАтФАтФАтФАтФАтФАтФАтФАтФАтФАтФАтФАтФАтФАтФАтФАтФАтФАтФАтФАтФАтФАтФАтФАтФАтФАтФАтФАтФАтФАтФАтФАтФАтФАтФАтФАтФАтФАтФАтФАтФАтФАтФАтФАтФАтФАтФАтФАтФАтФАтФАтФАтФАтФАтФАтФАтФАтФАтФАтФАтФАтФАтФАтФАтФАтФАтФАтФАтФАтФАтФАтФАтФАтФАтФАтФАтФАтФАтФАтФАтФАтФАтФАтФАтФАтФАтФАтФАтФАтФАтФАтФАтФАтФАтФАтФАтФАтФАтФАтФАтФАтФАтФАтФАтФАтФАтФА
тФВ #0   TestService._completeBipolarTest (package:psycho_tests/services/test_service.dart:425:23)
тФВ #1   TestService.completeTest (package:psycho_tests/services/test_service.dart:55:16)
тФЬтФДтФДтФДтФДтФДтФДтФДтФДтФДтФДтФДтФДтФДтФДтФДтФДтФДтФДтФДтФДтФДтФДтФДтФДтФДтФДтФДтФДтФДтФДтФДтФДтФДтФДтФДтФДтФДтФДтФДтФДтФДтФДтФДтФДтФДтФДтФДтФДтФДтФДтФДтФДтФДтФДтФДтФДтФДтФДтФДтФДтФДтФДтФДтФДтФДтФДтФДтФДтФДтФДтФДтФДтФДтФДтФДтФДтФДтФДтФДтФДтФДтФДтФДтФДтФДтФДтФДтФДтФДтФДтФДтФДтФДтФДтФДтФДтФДтФДтФДтФДтФДтФДтФДтФДтФДтФДтФДтФДтФДтФДтФДтФДтФДтФДтФДтФДтФДтФДтФД
тФВ ЁЯРЫ Qq38: targetScale=sensing, score=3
тФФтФАтФАтФАтФАтФАтФАтФАтФАтФАтФАтФАтФАтФАтФАтФАтФАтФАтФАтФАтФАтФАтФАтФАтФАтФАтФАтФАтФАтФАтФАтФАтФАтФАтФАтФАтФАтФАтФАтФАтФАтФАтФАтФАтФАтФАтФАтФАтФАтФАтФАтФАтФАтФАтФАтФАтФАтФАтФАтФАтФАтФАтФАтФАтФАтФАтФАтФАтФАтФАтФАтФАтФАтФАтФАтФАтФАтФАтФАтФАтФАтФАтФАтФАтФАтФАтФАтФАтФАтФАтФАтФАтФАтФАтФАтФАтФАтФАтФАтФАтФАтФАтФАтФАтФАтФАтФАтФАтФАтФАтФАтФАтФАтФАтФАтФАтФАтФАтФАтФА
тФМтФАтФАтФАтФАтФАтФАтФАтФАтФАтФАтФАтФАтФАтФАтФАтФАтФАтФАтФАтФАтФАтФАтФАтФАтФАтФАтФАтФАтФАтФАтФАтФАтФАтФАтФАтФАтФАтФАтФАтФАтФАтФАтФАтФАтФАтФАтФАтФАтФАтФАтФАтФАтФАтФАтФАтФАтФАтФАтФАтФАтФАтФАтФАтФАтФАтФАтФАтФАтФАтФАтФАтФАтФАтФАтФАтФАтФАтФАтФАтФАтФАтФАтФАтФАтФАтФАтФАтФАтФАтФАтФАтФАтФАтФАтФАтФАтФАтФАтФАтФАтФАтФАтФАтФАтФАтФАтФАтФАтФАтФАтФАтФАтФАтФАтФАтФАтФАтФАтФА
тФВ #0   TestService._completeBipolarTest (package:psycho_tests/services/test_service.dart:425:23)
тФВ #1   TestService.completeTest (package:psycho_tests/services/test_service.dart:55:16)
тФЬтФДтФДтФДтФДтФДтФДтФДтФДтФДтФДтФДтФДтФДтФДтФДтФДтФДтФДтФДтФДтФДтФДтФДтФДтФДтФДтФДтФДтФДтФДтФДтФДтФДтФДтФДтФДтФДтФДтФДтФДтФДтФДтФДтФДтФДтФДтФДтФДтФДтФДтФДтФДтФДтФДтФДтФДтФДтФДтФДтФДтФДтФДтФДтФДтФДтФДтФДтФДтФДтФДтФДтФДтФДтФДтФДтФДтФДтФДтФДтФДтФДтФДтФДтФДтФДтФДтФДтФДтФДтФДтФДтФДтФДтФДтФДтФДтФДтФДтФДтФДтФДтФДтФДтФДтФДтФДтФДтФДтФДтФДтФДтФДтФДтФДтФДтФДтФДтФДтФД
тФВ ЁЯРЫ Qq39: targetScale=intuition, score=3
тФФтФАтФАтФАтФАтФАтФАтФАтФАтФАтФАтФАтФАтФАтФАтФАтФАтФАтФАтФАтФАтФАтФАтФАтФАтФАтФАтФАтФАтФАтФАтФАтФАтФАтФАтФАтФАтФАтФАтФАтФАтФАтФАтФАтФАтФАтФАтФАтФАтФАтФАтФАтФАтФАтФАтФАтФАтФАтФАтФАтФАтФАтФАтФАтФАтФАтФАтФАтФАтФАтФАтФАтФАтФАтФАтФАтФАтФАтФАтФАтФАтФАтФАтФАтФАтФАтФАтФАтФАтФАтФАтФАтФАтФАтФАтФАтФАтФАтФАтФАтФАтФАтФАтФАтФАтФАтФАтФАтФАтФАтФАтФАтФАтФАтФАтФАтФАтФАтФАтФА
тФМтФАтФАтФАтФАтФАтФАтФАтФАтФАтФАтФАтФАтФАтФАтФАтФАтФАтФАтФАтФАтФАтФАтФАтФАтФАтФАтФАтФАтФАтФАтФАтФАтФАтФАтФАтФАтФАтФАтФАтФАтФАтФАтФАтФАтФАтФАтФАтФАтФАтФАтФАтФАтФАтФАтФАтФАтФАтФАтФАтФАтФАтФАтФАтФАтФАтФАтФАтФАтФАтФАтФАтФАтФАтФАтФАтФАтФАтФАтФАтФАтФАтФАтФАтФАтФАтФАтФАтФАтФАтФАтФАтФАтФАтФАтФАтФАтФАтФАтФАтФАтФАтФАтФАтФАтФАтФАтФАтФАтФАтФАтФАтФАтФАтФАтФАтФАтФАтФАтФА
тФВ #0   TestService._completeBipolarTest (package:psycho_tests/services/test_service.dart:425:23)
тФВ #1   TestService.completeTest (package:psycho_tests/services/test_service.dart:55:16)
тФЬтФДтФДтФДтФДтФДтФДтФДтФДтФДтФДтФДтФДтФДтФДтФДтФДтФДтФДтФДтФДтФДтФДтФДтФДтФДтФДтФДтФДтФДтФДтФДтФДтФДтФДтФДтФДтФДтФДтФДтФДтФДтФДтФДтФДтФДтФДтФДтФДтФДтФДтФДтФДтФДтФДтФДтФДтФДтФДтФДтФДтФДтФДтФДтФДтФДтФДтФДтФДтФДтФДтФДтФДтФДтФДтФДтФДтФДтФДтФДтФДтФДтФДтФДтФДтФДтФДтФДтФДтФДтФДтФДтФДтФДтФДтФДтФДтФДтФДтФДтФДтФДтФДтФДтФДтФДтФДтФДтФДтФДтФДтФДтФДтФДтФДтФДтФДтФДтФДтФД
тФВ ЁЯРЫ Qq40: targetScale=sensing, score=3
тФФтФАтФАтФАтФАтФАтФАтФАтФАтФАтФАтФАтФАтФАтФАтФАтФАтФАтФАтФАтФАтФАтФАтФАтФАтФАтФАтФАтФАтФАтФАтФАтФАтФАтФАтФАтФАтФАтФАтФАтФАтФАтФАтФАтФАтФАтФАтФАтФАтФАтФАтФАтФАтФАтФАтФАтФАтФАтФАтФАтФАтФАтФАтФАтФАтФАтФАтФАтФАтФАтФАтФАтФАтФАтФАтФАтФАтФАтФАтФАтФАтФАтФАтФАтФАтФАтФАтФАтФАтФАтФАтФАтФАтФАтФАтФАтФАтФАтФАтФАтФАтФАтФАтФАтФАтФАтФАтФАтФАтФАтФАтФАтФАтФАтФАтФАтФАтФАтФАтФА
тФМтФАтФАтФАтФАтФАтФАтФАтФАтФАтФАтФАтФАтФАтФАтФАтФАтФАтФАтФАтФАтФАтФАтФАтФАтФАтФАтФАтФАтФАтФАтФАтФАтФАтФАтФАтФАтФАтФАтФАтФАтФАтФАтФАтФАтФАтФАтФАтФАтФАтФАтФАтФАтФАтФАтФАтФАтФАтФАтФАтФАтФАтФАтФАтФАтФАтФАтФАтФАтФАтФАтФАтФАтФАтФАтФАтФАтФАтФАтФАтФАтФАтФАтФАтФАтФАтФАтФАтФАтФАтФАтФАтФАтФАтФАтФАтФАтФАтФАтФАтФАтФАтФАтФАтФАтФАтФАтФАтФАтФАтФАтФАтФАтФАтФАтФАтФАтФАтФАтФА
тФВ #0   TestService._completeBipolarTest (package:psycho_tests/services/test_service.dart:425:23)
тФВ #1   TestService.completeTest (package:psycho_tests/services/test_service.dart:55:16)
тФЬтФДтФДтФДтФДтФДтФДтФДтФДтФДтФДтФДтФДтФДтФДтФДтФДтФДтФДтФДтФДтФДтФДтФДтФДтФДтФДтФДтФДтФДтФДтФДтФДтФДтФДтФДтФДтФДтФДтФДтФДтФДтФДтФДтФДтФДтФДтФДтФДтФДтФДтФДтФДтФДтФДтФДтФДтФДтФДтФДтФДтФДтФДтФДтФДтФДтФДтФДтФДтФДтФДтФДтФДтФДтФДтФДтФДтФДтФДтФДтФДтФДтФДтФДтФДтФДтФДтФДтФДтФДтФДтФДтФДтФДтФДтФДтФДтФДтФДтФДтФДтФДтФДтФДтФДтФДтФДтФДтФДтФДтФДтФДтФДтФДтФДтФДтФДтФДтФДтФД
тФВ ЁЯРЫ Qq41: targetScale=thinking, score=3
тФФтФАтФАтФАтФАтФАтФАтФАтФАтФАтФАтФАтФАтФАтФАтФАтФАтФАтФАтФАтФАтФАтФАтФАтФАтФАтФАтФАтФАтФАтФАтФАтФАтФАтФАтФАтФАтФАтФАтФАтФАтФАтФАтФАтФАтФАтФАтФАтФАтФАтФАтФАтФАтФАтФАтФАтФАтФАтФАтФАтФАтФАтФАтФАтФАтФАтФАтФАтФАтФАтФАтФАтФАтФАтФАтФАтФАтФАтФАтФАтФАтФАтФАтФАтФАтФАтФАтФАтФАтФАтФАтФАтФАтФАтФАтФАтФАтФАтФАтФАтФАтФАтФАтФАтФАтФАтФАтФАтФАтФАтФАтФАтФАтФАтФАтФАтФАтФАтФАтФА
тФМтФАтФАтФАтФАтФАтФАтФАтФАтФАтФАтФАтФАтФАтФАтФАтФАтФАтФАтФАтФАтФАтФАтФАтФАтФАтФАтФАтФАтФАтФАтФАтФАтФАтФАтФАтФАтФАтФАтФАтФАтФАтФАтФАтФАтФАтФАтФАтФАтФАтФАтФАтФАтФАтФАтФАтФАтФАтФАтФАтФАтФАтФАтФАтФАтФАтФАтФАтФАтФАтФАтФАтФАтФАтФАтФАтФАтФАтФАтФАтФАтФАтФАтФАтФАтФАтФАтФАтФАтФАтФАтФАтФАтФАтФАтФАтФАтФАтФАтФАтФАтФАтФАтФАтФАтФАтФАтФАтФАтФАтФАтФАтФАтФАтФАтФАтФАтФАтФАтФА
тФВ #0   TestService._completeBipolarTest (package:psycho_tests/services/test_service.dart:425:23)
тФВ #1   TestService.completeTest (package:psycho_tests/services/test_service.dart:55:16)
тФЬтФДтФДтФДтФДтФДтФДтФДтФДтФДтФДтФДтФДтФДтФДтФДтФДтФДтФДтФДтФДтФДтФДтФДтФДтФДтФДтФДтФДтФДтФДтФДтФДтФДтФДтФДтФДтФДтФДтФДтФДтФДтФДтФДтФДтФДтФДтФДтФДтФДтФДтФДтФДтФДтФДтФДтФДтФДтФДтФДтФДтФДтФДтФДтФДтФДтФДтФДтФДтФДтФДтФДтФДтФДтФДтФДтФДтФДтФДтФДтФДтФДтФДтФДтФДтФДтФДтФДтФДтФДтФДтФДтФДтФДтФДтФДтФДтФДтФДтФДтФДтФДтФДтФДтФДтФДтФДтФДтФДтФДтФДтФДтФДтФДтФДтФДтФДтФДтФДтФД
тФВ ЁЯРЫ Qq42: targetScale=thinking, score=3
тФФтФАтФАтФАтФАтФАтФАтФАтФАтФАтФАтФАтФАтФАтФАтФАтФАтФАтФАтФАтФАтФАтФАтФАтФАтФАтФАтФАтФАтФАтФАтФАтФАтФАтФАтФАтФАтФАтФАтФАтФАтФАтФАтФАтФАтФАтФАтФАтФАтФАтФАтФАтФАтФАтФАтФАтФАтФАтФАтФАтФАтФАтФАтФАтФАтФАтФАтФАтФАтФАтФАтФАтФАтФАтФАтФАтФАтФАтФАтФАтФАтФАтФАтФАтФАтФАтФАтФАтФАтФАтФАтФАтФАтФАтФАтФАтФАтФАтФАтФАтФАтФАтФАтФАтФАтФАтФАтФАтФАтФАтФАтФАтФАтФАтФАтФАтФАтФАтФАтФА
тФМтФАтФАтФАтФАтФАтФАтФАтФАтФАтФАтФАтФАтФАтФАтФАтФАтФАтФАтФАтФАтФАтФАтФАтФАтФАтФАтФАтФАтФАтФАтФАтФАтФАтФАтФАтФАтФАтФАтФАтФАтФАтФАтФАтФАтФАтФАтФАтФАтФАтФАтФАтФАтФАтФАтФАтФАтФАтФАтФАтФАтФАтФАтФАтФАтФАтФАтФАтФАтФАтФАтФАтФАтФАтФАтФАтФАтФАтФАтФАтФАтФАтФАтФАтФАтФАтФАтФАтФАтФАтФАтФАтФАтФАтФАтФАтФАтФАтФАтФАтФАтФАтФАтФАтФАтФАтФАтФАтФАтФАтФАтФАтФАтФАтФАтФАтФАтФАтФАтФА
тФВ #0   TestService._completeBipolarTest (package:psycho_tests/services/test_service.dart:425:23)
тФВ #1   TestService.completeTest (package:psycho_tests/services/test_service.dart:55:16)
тФЬтФДтФДтФДтФДтФДтФДтФДтФДтФДтФДтФДтФДтФДтФДтФДтФДтФДтФДтФДтФДтФДтФДтФДтФДтФДтФДтФДтФДтФДтФДтФДтФДтФДтФДтФДтФДтФДтФДтФДтФДтФДтФДтФДтФДтФДтФДтФДтФДтФДтФДтФДтФДтФДтФДтФДтФДтФДтФДтФДтФДтФДтФДтФДтФДтФДтФДтФДтФДтФДтФДтФДтФДтФДтФДтФДтФДтФДтФДтФДтФДтФДтФДтФДтФДтФДтФДтФДтФДтФДтФДтФДтФДтФДтФДтФДтФДтФДтФДтФДтФДтФДтФДтФДтФДтФДтФДтФДтФДтФДтФДтФДтФДтФДтФДтФДтФДтФДтФДтФД
тФВ ЁЯРЫ Qq43: targetScale=thinking, score=3
тФФтФАтФАтФАтФАтФАтФАтФАтФАтФАтФАтФАтФАтФАтФАтФАтФАтФАтФАтФАтФАтФАтФАтФАтФАтФАтФАтФАтФАтФАтФАтФАтФАтФАтФАтФАтФАтФАтФАтФАтФАтФАтФАтФАтФАтФАтФАтФАтФАтФАтФАтФАтФАтФАтФАтФАтФАтФАтФАтФАтФАтФАтФАтФАтФАтФАтФАтФАтФАтФАтФАтФАтФАтФАтФАтФАтФАтФАтФАтФАтФАтФАтФАтФАтФАтФАтФАтФАтФАтФАтФАтФАтФАтФАтФАтФАтФАтФАтФАтФАтФАтФАтФАтФАтФАтФАтФАтФАтФАтФАтФАтФАтФАтФАтФАтФАтФАтФАтФАтФА
тФМтФАтФАтФАтФАтФАтФАтФАтФАтФАтФАтФАтФАтФАтФАтФАтФАтФАтФАтФАтФАтФАтФАтФАтФАтФАтФАтФАтФАтФАтФАтФАтФАтФАтФАтФАтФАтФАтФАтФАтФАтФАтФАтФАтФАтФАтФАтФАтФАтФАтФАтФАтФАтФАтФАтФАтФАтФАтФАтФАтФАтФАтФАтФАтФАтФАтФАтФАтФАтФАтФАтФАтФАтФАтФАтФАтФАтФАтФАтФАтФАтФАтФАтФАтФАтФАтФАтФАтФАтФАтФАтФАтФАтФАтФАтФАтФАтФАтФАтФАтФАтФАтФАтФАтФАтФАтФАтФАтФАтФАтФАтФАтФАтФАтФАтФАтФАтФАтФАтФА
тФВ #0   TestService._completeBipolarTest (package:psycho_tests/services/test_service.dart:425:23)
тФВ #1   TestService.completeTest (package:psycho_tests/services/test_service.dart:55:16)
тФЬтФДтФДтФДтФДтФДтФДтФДтФДтФДтФДтФДтФДтФДтФДтФДтФДтФДтФДтФДтФДтФДтФДтФДтФДтФДтФДтФДтФДтФДтФДтФДтФДтФДтФДтФДтФДтФДтФДтФДтФДтФДтФДтФДтФДтФДтФДтФДтФДтФДтФДтФДтФДтФДтФДтФДтФДтФДтФДтФДтФДтФДтФДтФДтФДтФДтФДтФДтФДтФДтФДтФДтФДтФДтФДтФДтФДтФДтФДтФДтФДтФДтФДтФДтФДтФДтФДтФДтФДтФДтФДтФДтФДтФДтФДтФДтФДтФДтФДтФДтФДтФДтФДтФДтФДтФДтФДтФДтФДтФДтФДтФДтФДтФДтФДтФДтФДтФДтФДтФД
тФВ ЁЯРЫ Qq44: targetScale=feeling, score=3
тФФтФАтФАтФАтФАтФАтФАтФАтФАтФАтФАтФАтФАтФАтФАтФАтФАтФАтФАтФАтФАтФАтФАтФАтФАтФАтФАтФАтФАтФАтФАтФАтФАтФАтФАтФАтФАтФАтФАтФАтФАтФАтФАтФАтФАтФАтФАтФАтФАтФАтФАтФАтФАтФАтФАтФАтФАтФАтФАтФАтФАтФАтФАтФАтФАтФАтФАтФАтФАтФАтФАтФАтФАтФАтФАтФАтФАтФАтФАтФАтФАтФАтФАтФАтФАтФАтФАтФАтФАтФАтФАтФАтФАтФАтФАтФАтФАтФАтФАтФАтФАтФАтФАтФАтФАтФАтФАтФАтФАтФАтФАтФАтФАтФАтФАтФАтФАтФАтФАтФА
тФМтФАтФАтФАтФАтФАтФАтФАтФАтФАтФАтФАтФАтФАтФАтФАтФАтФАтФАтФАтФАтФАтФАтФАтФАтФАтФАтФАтФАтФАтФАтФАтФАтФАтФАтФАтФАтФАтФАтФАтФАтФАтФАтФАтФАтФАтФАтФАтФАтФАтФАтФАтФАтФАтФАтФАтФАтФАтФАтФАтФАтФАтФАтФАтФАтФАтФАтФАтФАтФАтФАтФАтФАтФАтФАтФАтФАтФАтФАтФАтФАтФАтФАтФАтФАтФАтФАтФАтФАтФАтФАтФАтФАтФАтФАтФАтФАтФАтФАтФАтФАтФАтФАтФАтФАтФАтФАтФАтФАтФАтФАтФАтФАтФАтФАтФАтФАтФАтФАтФА
тФВ #0   TestService._completeBipolarTest (package:psycho_tests/services/test_service.dart:425:23)
тФВ #1   TestService.completeTest (package:psycho_tests/services/test_service.dart:55:16)
тФЬтФДтФДтФДтФДтФДтФДтФДтФДтФДтФДтФДтФДтФДтФДтФДтФДтФДтФДтФДтФДтФДтФДтФДтФДтФДтФДтФДтФДтФДтФДтФДтФДтФДтФДтФДтФДтФДтФДтФДтФДтФДтФДтФДтФДтФДтФДтФДтФДтФДтФДтФДтФДтФДтФДтФДтФДтФДтФДтФДтФДтФДтФДтФДтФДтФДтФДтФДтФДтФДтФДтФДтФДтФДтФДтФДтФДтФДтФДтФДтФДтФДтФДтФДтФДтФДтФДтФДтФДтФДтФДтФДтФДтФДтФДтФДтФДтФДтФДтФДтФДтФДтФДтФДтФДтФДтФДтФДтФДтФДтФДтФДтФДтФДтФДтФДтФДтФДтФДтФД
тФВ ЁЯРЫ Qq45: targetScale=feeling, score=3
тФФтФАтФАтФАтФАтФАтФАтФАтФАтФАтФАтФАтФАтФАтФАтФАтФАтФАтФАтФАтФАтФАтФАтФАтФАтФАтФАтФАтФАтФАтФАтФАтФАтФАтФАтФАтФАтФАтФАтФАтФАтФАтФАтФАтФАтФАтФАтФАтФАтФАтФАтФАтФАтФАтФАтФАтФАтФАтФАтФАтФАтФАтФАтФАтФАтФАтФАтФАтФАтФАтФАтФАтФАтФАтФАтФАтФАтФАтФАтФАтФАтФАтФАтФАтФАтФАтФАтФАтФАтФАтФАтФАтФАтФАтФАтФАтФАтФАтФАтФАтФАтФАтФАтФАтФАтФАтФАтФАтФАтФАтФАтФАтФАтФАтФАтФАтФАтФАтФАтФА
тФМтФАтФАтФАтФАтФАтФАтФАтФАтФАтФАтФАтФАтФАтФАтФАтФАтФАтФАтФАтФАтФАтФАтФАтФАтФАтФАтФАтФАтФАтФАтФАтФАтФАтФАтФАтФАтФАтФАтФАтФАтФАтФАтФАтФАтФАтФАтФАтФАтФАтФАтФАтФАтФАтФАтФАтФАтФАтФАтФАтФАтФАтФАтФАтФАтФАтФАтФАтФАтФАтФАтФАтФАтФАтФАтФАтФАтФАтФАтФАтФАтФАтФАтФАтФАтФАтФАтФАтФАтФАтФАтФАтФАтФАтФАтФАтФАтФАтФАтФАтФАтФАтФАтФАтФАтФАтФАтФАтФАтФАтФАтФАтФАтФАтФАтФАтФАтФАтФАтФА
тФВ #0   TestService._completeBipolarTest (package:psycho_tests/services/test_service.dart:425:23)
тФВ #1   TestService.completeTest (package:psycho_tests/services/test_service.dart:55:16)
тФЬтФДтФДтФДтФДтФДтФДтФДтФДтФДтФДтФДтФДтФДтФДтФДтФДтФДтФДтФДтФДтФДтФДтФДтФДтФДтФДтФДтФДтФДтФДтФДтФДтФДтФДтФДтФДтФДтФДтФДтФДтФДтФДтФДтФДтФДтФДтФДтФДтФДтФДтФДтФДтФДтФДтФДтФДтФДтФДтФДтФДтФДтФДтФДтФДтФДтФДтФДтФДтФДтФДтФДтФДтФДтФДтФДтФДтФДтФДтФДтФДтФДтФДтФДтФДтФДтФДтФДтФДтФДтФДтФДтФДтФДтФДтФДтФДтФДтФДтФДтФДтФДтФДтФДтФДтФДтФДтФДтФДтФДтФДтФДтФДтФДтФДтФДтФДтФДтФДтФД
тФВ ЁЯРЫ Qq46: targetScale=feeling, score=3
тФФтФАтФАтФАтФАтФАтФАтФАтФАтФАтФАтФАтФАтФАтФАтФАтФАтФАтФАтФАтФАтФАтФАтФАтФАтФАтФАтФАтФАтФАтФАтФАтФАтФАтФАтФАтФАтФАтФАтФАтФАтФАтФАтФАтФАтФАтФАтФАтФАтФАтФАтФАтФАтФАтФАтФАтФАтФАтФАтФАтФАтФАтФАтФАтФАтФАтФАтФАтФАтФАтФАтФАтФАтФАтФАтФАтФАтФАтФАтФАтФАтФАтФАтФАтФАтФАтФАтФАтФАтФАтФАтФАтФАтФАтФАтФАтФАтФАтФАтФАтФАтФАтФАтФАтФАтФАтФАтФАтФАтФАтФАтФАтФАтФАтФАтФАтФАтФАтФАтФА
тФМтФАтФАтФАтФАтФАтФАтФАтФАтФАтФАтФАтФАтФАтФАтФАтФАтФАтФАтФАтФАтФАтФАтФАтФАтФАтФАтФАтФАтФАтФАтФАтФАтФАтФАтФАтФАтФАтФАтФАтФАтФАтФАтФАтФАтФАтФАтФАтФАтФАтФАтФАтФАтФАтФАтФАтФАтФАтФАтФАтФАтФАтФАтФАтФАтФАтФАтФАтФАтФАтФАтФАтФАтФАтФАтФАтФАтФАтФАтФАтФАтФАтФАтФАтФАтФАтФАтФАтФАтФАтФАтФАтФАтФАтФАтФАтФАтФАтФАтФАтФАтФАтФАтФАтФАтФАтФАтФАтФАтФАтФАтФАтФАтФАтФАтФАтФАтФАтФАтФА
тФВ #0   TestService._completeBipolarTest (package:psycho_tests/services/test_service.dart:425:23)
тФВ #1   TestService.completeTest (package:psycho_tests/services/test_service.dart:55:16)
тФЬтФДтФДтФДтФДтФДтФДтФДтФДтФДтФДтФДтФДтФДтФДтФДтФДтФДтФДтФДтФДтФДтФДтФДтФДтФДтФДтФДтФДтФДтФДтФДтФДтФДтФДтФДтФДтФДтФДтФДтФДтФДтФДтФДтФДтФДтФДтФДтФДтФДтФДтФДтФДтФДтФДтФДтФДтФДтФДтФДтФДтФДтФДтФДтФДтФДтФДтФДтФДтФДтФДтФДтФДтФДтФДтФДтФДтФДтФДтФДтФДтФДтФДтФДтФДтФДтФДтФДтФДтФДтФДтФДтФДтФДтФДтФДтФДтФДтФДтФДтФДтФДтФДтФДтФДтФДтФДтФДтФДтФДтФДтФДтФДтФДтФДтФДтФДтФДтФДтФД
тФВ ЁЯРЫ Qq47: targetScale=thinking, score=3
тФФтФАтФАтФАтФАтФАтФАтФАтФАтФАтФАтФАтФАтФАтФАтФАтФАтФАтФАтФАтФАтФАтФАтФАтФАтФАтФАтФАтФАтФАтФАтФАтФАтФАтФАтФАтФАтФАтФАтФАтФАтФАтФАтФАтФАтФАтФАтФАтФАтФАтФАтФАтФАтФАтФАтФАтФАтФАтФАтФАтФАтФАтФАтФАтФАтФАтФАтФАтФАтФАтФАтФАтФАтФАтФАтФАтФАтФАтФАтФАтФАтФАтФАтФАтФАтФАтФАтФАтФАтФАтФАтФАтФАтФАтФАтФАтФАтФАтФАтФАтФАтФАтФАтФАтФАтФАтФАтФАтФАтФАтФАтФАтФАтФАтФАтФАтФАтФАтФАтФА
тФМтФАтФАтФАтФАтФАтФАтФАтФАтФАтФАтФАтФАтФАтФАтФАтФАтФАтФАтФАтФАтФАтФАтФАтФАтФАтФАтФАтФАтФАтФАтФАтФАтФАтФАтФАтФАтФАтФАтФАтФАтФАтФАтФАтФАтФАтФАтФАтФАтФАтФАтФАтФАтФАтФАтФАтФАтФАтФАтФАтФАтФАтФАтФАтФАтФАтФАтФАтФАтФАтФАтФАтФАтФАтФАтФАтФАтФАтФАтФАтФАтФАтФАтФАтФАтФАтФАтФАтФАтФАтФАтФАтФАтФАтФАтФАтФАтФАтФАтФАтФАтФАтФАтФАтФАтФАтФАтФАтФАтФАтФАтФАтФАтФАтФАтФАтФАтФАтФАтФА
тФВ #0   TestService._completeBipolarTest (package:psycho_tests/services/test_service.dart:425:23)
тФВ #1   TestService.completeTest (package:psycho_tests/services/test_service.dart:55:16)
тФЬтФДтФДтФДтФДтФДтФДтФДтФДтФДтФДтФДтФДтФДтФДтФДтФДтФДтФДтФДтФДтФДтФДтФДтФДтФДтФДтФДтФДтФДтФДтФДтФДтФДтФДтФДтФДтФДтФДтФДтФДтФДтФДтФДтФДтФДтФДтФДтФДтФДтФДтФДтФДтФДтФДтФДтФДтФДтФДтФДтФДтФДтФДтФДтФДтФДтФДтФДтФДтФДтФДтФДтФДтФДтФДтФДтФДтФДтФДтФДтФДтФДтФДтФДтФДтФДтФДтФДтФДтФДтФДтФДтФДтФДтФДтФДтФДтФДтФДтФДтФДтФДтФДтФДтФДтФДтФДтФДтФДтФДтФДтФДтФДтФДтФДтФДтФДтФДтФДтФД
тФВ ЁЯРЫ Qq48: targetScale=feeling, score=3
тФФтФАтФАтФАтФАтФАтФАтФАтФАтФАтФАтФАтФАтФАтФАтФАтФАтФАтФАтФАтФАтФАтФАтФАтФАтФАтФАтФАтФАтФАтФАтФАтФАтФАтФАтФАтФАтФАтФАтФАтФАтФАтФАтФАтФАтФАтФАтФАтФАтФАтФАтФАтФАтФАтФАтФАтФАтФАтФАтФАтФАтФАтФАтФАтФАтФАтФАтФАтФАтФАтФАтФАтФАтФАтФАтФАтФАтФАтФАтФАтФАтФАтФАтФАтФАтФАтФАтФАтФАтФАтФАтФАтФАтФАтФАтФАтФАтФАтФАтФАтФАтФАтФАтФАтФАтФАтФАтФАтФАтФАтФАтФАтФАтФАтФАтФАтФАтФАтФАтФА
тФМтФАтФАтФАтФАтФАтФАтФАтФАтФАтФАтФАтФАтФАтФАтФАтФАтФАтФАтФАтФАтФАтФАтФАтФАтФАтФАтФАтФАтФАтФАтФАтФАтФАтФАтФАтФАтФАтФАтФАтФАтФАтФАтФАтФАтФАтФАтФАтФАтФАтФАтФАтФАтФАтФАтФАтФАтФАтФАтФАтФАтФАтФАтФАтФАтФАтФАтФАтФАтФАтФАтФАтФАтФАтФАтФАтФАтФАтФАтФАтФАтФАтФАтФАтФАтФАтФАтФАтФАтФАтФАтФАтФАтФАтФАтФАтФАтФАтФАтФАтФАтФАтФАтФАтФАтФАтФАтФАтФАтФАтФАтФАтФАтФАтФАтФАтФАтФАтФАтФА
тФВ #0   TestService._completeBipolarTest (package:psycho_tests/services/test_service.dart:425:23)
тФВ #1   TestService.completeTest (package:psycho_tests/services/test_service.dart:55:16)
тФЬтФДтФДтФДтФДтФДтФДтФДтФДтФДтФДтФДтФДтФДтФДтФДтФДтФДтФДтФДтФДтФДтФДтФДтФДтФДтФДтФДтФДтФДтФДтФДтФДтФДтФДтФДтФДтФДтФДтФДтФДтФДтФДтФДтФДтФДтФДтФДтФДтФДтФДтФДтФДтФДтФДтФДтФДтФДтФДтФДтФДтФДтФДтФДтФДтФДтФДтФДтФДтФДтФДтФДтФДтФДтФДтФДтФДтФДтФДтФДтФДтФДтФДтФДтФДтФДтФДтФДтФДтФДтФДтФДтФДтФДтФДтФДтФДтФДтФДтФДтФДтФДтФДтФДтФДтФДтФДтФДтФДтФДтФДтФДтФДтФДтФДтФДтФДтФДтФДтФД
тФВ ЁЯРЫ Qq49: targetScale=thinking, score=3
тФФтФАтФАтФАтФАтФАтФАтФАтФАтФАтФАтФАтФАтФАтФАтФАтФАтФАтФАтФАтФАтФАтФАтФАтФАтФАтФАтФАтФАтФАтФАтФАтФАтФАтФАтФАтФАтФАтФАтФАтФАтФАтФАтФАтФАтФАтФАтФАтФАтФАтФАтФАтФАтФАтФАтФАтФАтФАтФАтФАтФАтФАтФАтФАтФАтФАтФАтФАтФАтФАтФАтФАтФАтФАтФАтФАтФАтФАтФАтФАтФАтФАтФАтФАтФАтФАтФАтФАтФАтФАтФАтФАтФАтФАтФАтФАтФАтФАтФАтФАтФАтФАтФАтФАтФАтФАтФАтФАтФАтФАтФАтФАтФАтФАтФАтФАтФАтФАтФАтФА
тФМтФАтФАтФАтФАтФАтФАтФАтФАтФАтФАтФАтФАтФАтФАтФАтФАтФАтФАтФАтФАтФАтФАтФАтФАтФАтФАтФАтФАтФАтФАтФАтФАтФАтФАтФАтФАтФАтФАтФАтФАтФАтФАтФАтФАтФАтФАтФАтФАтФАтФАтФАтФАтФАтФАтФАтФАтФАтФАтФАтФАтФАтФАтФАтФАтФАтФАтФАтФАтФАтФАтФАтФАтФАтФАтФАтФАтФАтФАтФАтФАтФАтФАтФАтФАтФАтФАтФАтФАтФАтФАтФАтФАтФАтФАтФАтФАтФАтФАтФАтФАтФАтФАтФАтФАтФАтФАтФАтФАтФАтФАтФАтФАтФАтФАтФАтФАтФАтФАтФА
тФВ #0   TestService._completeBipolarTest (package:psycho_tests/services/test_service.dart:425:23)
тФВ #1   TestService.completeTest (package:psycho_tests/services/test_service.dart:55:16)
тФЬтФДтФДтФДтФДтФДтФДтФДтФДтФДтФДтФДтФДтФДтФДтФДтФДтФДтФДтФДтФДтФДтФДтФДтФДтФДтФДтФДтФДтФДтФДтФДтФДтФДтФДтФДтФДтФДтФДтФДтФДтФДтФДтФДтФДтФДтФДтФДтФДтФДтФДтФДтФДтФДтФДтФДтФДтФДтФДтФДтФДтФДтФДтФДтФДтФДтФДтФДтФДтФДтФДтФДтФДтФДтФДтФДтФДтФДтФДтФДтФДтФДтФДтФДтФДтФДтФДтФДтФДтФДтФДтФДтФДтФДтФДтФДтФДтФДтФДтФДтФДтФДтФДтФДтФДтФДтФДтФДтФДтФДтФДтФДтФДтФДтФДтФДтФДтФДтФДтФД
тФВ ЁЯРЫ Qq50: targetScale=feeling, score=3
тФФтФАтФАтФАтФАтФАтФАтФАтФАтФАтФАтФАтФАтФАтФАтФАтФАтФАтФАтФАтФАтФАтФАтФАтФАтФАтФАтФАтФАтФАтФАтФАтФАтФАтФАтФАтФАтФАтФАтФАтФАтФАтФАтФАтФАтФАтФАтФАтФАтФАтФАтФАтФАтФАтФАтФАтФАтФАтФАтФАтФАтФАтФАтФАтФАтФАтФАтФАтФАтФАтФАтФАтФАтФАтФАтФАтФАтФАтФАтФАтФАтФАтФАтФАтФАтФАтФАтФАтФАтФАтФАтФАтФАтФАтФАтФАтФАтФАтФАтФАтФАтФАтФАтФАтФАтФАтФАтФАтФАтФАтФАтФАтФАтФАтФАтФАтФАтФАтФАтФА
тФМтФАтФАтФАтФАтФАтФАтФАтФАтФАтФАтФАтФАтФАтФАтФАтФАтФАтФАтФАтФАтФАтФАтФАтФАтФАтФАтФАтФАтФАтФАтФАтФАтФАтФАтФАтФАтФАтФАтФАтФАтФАтФАтФАтФАтФАтФАтФАтФАтФАтФАтФАтФАтФАтФАтФАтФАтФАтФАтФАтФАтФАтФАтФАтФАтФАтФАтФАтФАтФАтФАтФАтФАтФАтФАтФАтФАтФАтФАтФАтФАтФАтФАтФАтФАтФАтФАтФАтФАтФАтФАтФАтФАтФАтФАтФАтФАтФАтФАтФАтФАтФАтФАтФАтФАтФАтФАтФАтФАтФАтФАтФАтФАтФАтФАтФАтФАтФАтФАтФА
тФВ #0   TestService._completeBipolarTest (package:psycho_tests/services/test_service.dart:425:23)
тФВ #1   TestService.completeTest (package:psycho_tests/services/test_service.dart:55:16)
тФЬтФДтФДтФДтФДтФДтФДтФДтФДтФДтФДтФДтФДтФДтФДтФДтФДтФДтФДтФДтФДтФДтФДтФДтФДтФДтФДтФДтФДтФДтФДтФДтФДтФДтФДтФДтФДтФДтФДтФДтФДтФДтФДтФДтФДтФДтФДтФДтФДтФДтФДтФДтФДтФДтФДтФДтФДтФДтФДтФДтФДтФДтФДтФДтФДтФДтФДтФДтФДтФДтФДтФДтФДтФДтФДтФДтФДтФДтФДтФДтФДтФДтФДтФДтФДтФДтФДтФДтФДтФДтФДтФДтФДтФДтФДтФДтФДтФДтФДтФДтФДтФДтФДтФДтФДтФДтФДтФДтФДтФДтФДтФДтФДтФДтФДтФДтФДтФДтФДтФД
тФВ ЁЯРЫ Qq51: targetScale=thinking, score=3
тФФтФАтФАтФАтФАтФАтФАтФАтФАтФАтФАтФАтФАтФАтФАтФАтФАтФАтФАтФАтФАтФАтФАтФАтФАтФАтФАтФАтФАтФАтФАтФАтФАтФАтФАтФАтФАтФАтФАтФАтФАтФАтФАтФАтФАтФАтФАтФАтФАтФАтФАтФАтФАтФАтФАтФАтФАтФАтФАтФАтФАтФАтФАтФАтФАтФАтФАтФАтФАтФАтФАтФАтФАтФАтФАтФАтФАтФАтФАтФАтФАтФАтФАтФАтФАтФАтФАтФАтФАтФАтФАтФАтФАтФАтФАтФАтФАтФАтФАтФАтФАтФАтФАтФАтФАтФАтФАтФАтФАтФАтФАтФАтФАтФАтФАтФАтФАтФАтФАтФА
тФМтФАтФАтФАтФАтФАтФАтФАтФАтФАтФАтФАтФАтФАтФАтФАтФАтФАтФАтФАтФАтФАтФАтФАтФАтФАтФАтФАтФАтФАтФАтФАтФАтФАтФАтФАтФАтФАтФАтФАтФАтФАтФАтФАтФАтФАтФАтФАтФАтФАтФАтФАтФАтФАтФАтФАтФАтФАтФАтФАтФАтФАтФАтФАтФАтФАтФАтФАтФАтФАтФАтФАтФАтФАтФАтФАтФАтФАтФАтФАтФАтФАтФАтФАтФАтФАтФАтФАтФАтФАтФАтФАтФАтФАтФАтФАтФАтФАтФАтФАтФАтФАтФАтФАтФАтФАтФАтФАтФАтФАтФАтФАтФАтФАтФАтФАтФАтФАтФАтФА
тФВ #0   TestService._completeBipolarTest (package:psycho_tests/services/test_service.dart:425:23)
тФВ #1   TestService.completeTest (package:psycho_tests/services/test_service.dart:55:16)
тФЬтФДтФДтФДтФДтФДтФДтФДтФДтФДтФДтФДтФДтФДтФДтФДтФДтФДтФДтФДтФДтФДтФДтФДтФДтФДтФДтФДтФДтФДтФДтФДтФДтФДтФДтФДтФДтФДтФДтФДтФДтФДтФДтФДтФДтФДтФДтФДтФДтФДтФДтФДтФДтФДтФДтФДтФДтФДтФДтФДтФДтФДтФДтФДтФДтФДтФДтФДтФДтФДтФДтФДтФДтФДтФДтФДтФДтФДтФДтФДтФДтФДтФДтФДтФДтФДтФДтФДтФДтФДтФДтФДтФДтФДтФДтФДтФДтФДтФДтФДтФДтФДтФДтФДтФДтФДтФДтФДтФДтФДтФДтФДтФДтФДтФДтФДтФДтФДтФДтФД
тФВ ЁЯРЫ Qq52: targetScale=feeling, score=3
тФФтФАтФАтФАтФАтФАтФАтФАтФАтФАтФАтФАтФАтФАтФАтФАтФАтФАтФАтФАтФАтФАтФАтФАтФАтФАтФАтФАтФАтФАтФАтФАтФАтФАтФАтФАтФАтФАтФАтФАтФАтФАтФАтФАтФАтФАтФАтФАтФАтФАтФАтФАтФАтФАтФАтФАтФАтФАтФАтФАтФАтФАтФАтФАтФАтФАтФАтФАтФАтФАтФАтФАтФАтФАтФАтФАтФАтФАтФАтФАтФАтФАтФАтФАтФАтФАтФАтФАтФАтФАтФАтФАтФАтФАтФАтФАтФАтФАтФАтФАтФАтФАтФАтФАтФАтФАтФАтФАтФАтФАтФАтФАтФАтФАтФАтФАтФАтФАтФАтФА
тФМтФАтФАтФАтФАтФАтФАтФАтФАтФАтФАтФАтФАтФАтФАтФАтФАтФАтФАтФАтФАтФАтФАтФАтФАтФАтФАтФАтФАтФАтФАтФАтФАтФАтФАтФАтФАтФАтФАтФАтФАтФАтФАтФАтФАтФАтФАтФАтФАтФАтФАтФАтФАтФАтФАтФАтФАтФАтФАтФАтФАтФАтФАтФАтФАтФАтФАтФАтФАтФАтФАтФАтФАтФАтФАтФАтФАтФАтФАтФАтФАтФАтФАтФАтФАтФАтФАтФАтФАтФАтФАтФАтФАтФАтФАтФАтФАтФАтФАтФАтФАтФАтФАтФАтФАтФАтФАтФАтФАтФАтФАтФАтФАтФАтФАтФАтФАтФАтФАтФА
тФВ #0   TestService._completeBipolarTest (package:psycho_tests/services/test_service.dart:425:23)
тФВ #1   TestService.completeTest (package:psycho_tests/services/test_service.dart:55:16)
тФЬтФДтФДтФДтФДтФДтФДтФДтФДтФДтФДтФДтФДтФДтФДтФДтФДтФДтФДтФДтФДтФДтФДтФДтФДтФДтФДтФДтФДтФДтФДтФДтФДтФДтФДтФДтФДтФДтФДтФДтФДтФДтФДтФДтФДтФДтФДтФДтФДтФДтФДтФДтФДтФДтФДтФДтФДтФДтФДтФДтФДтФДтФДтФДтФДтФДтФДтФДтФДтФДтФДтФДтФДтФДтФДтФДтФДтФДтФДтФДтФДтФДтФДтФДтФДтФДтФДтФДтФДтФДтФДтФДтФДтФДтФДтФДтФДтФДтФДтФДтФДтФДтФДтФДтФДтФДтФДтФДтФДтФДтФДтФДтФДтФДтФДтФДтФДтФДтФДтФД
тФВ ЁЯРЫ Qq53: targetScale=thinking, score=3
тФФтФАтФАтФАтФАтФАтФАтФАтФАтФАтФАтФАтФАтФАтФАтФАтФАтФАтФАтФАтФАтФАтФАтФАтФАтФАтФАтФАтФАтФАтФАтФАтФАтФАтФАтФАтФАтФАтФАтФАтФАтФАтФАтФАтФАтФАтФАтФАтФАтФАтФАтФАтФАтФАтФАтФАтФАтФАтФАтФАтФАтФАтФАтФАтФАтФАтФАтФАтФАтФАтФАтФАтФАтФАтФАтФАтФАтФАтФАтФАтФАтФАтФАтФАтФАтФАтФАтФАтФАтФАтФАтФАтФАтФАтФАтФАтФАтФАтФАтФАтФАтФАтФАтФАтФАтФАтФАтФАтФАтФАтФАтФАтФАтФАтФАтФАтФАтФАтФАтФА
тФМтФАтФАтФАтФАтФАтФАтФАтФАтФАтФАтФАтФАтФАтФАтФАтФАтФАтФАтФАтФАтФАтФАтФАтФАтФАтФАтФАтФАтФАтФАтФАтФАтФАтФАтФАтФАтФАтФАтФАтФАтФАтФАтФАтФАтФАтФАтФАтФАтФАтФАтФАтФАтФАтФАтФАтФАтФАтФАтФАтФАтФАтФАтФАтФАтФАтФАтФАтФАтФАтФАтФАтФАтФАтФАтФАтФАтФАтФАтФАтФАтФАтФАтФАтФАтФАтФАтФАтФАтФАтФАтФАтФАтФАтФАтФАтФАтФАтФАтФАтФАтФАтФАтФАтФАтФАтФАтФАтФАтФАтФАтФАтФАтФАтФАтФАтФАтФАтФАтФА
тФВ #0   TestService._completeBipolarTest (package:psycho_tests/services/test_service.dart:425:23)
тФВ #1   TestService.completeTest (package:psycho_tests/services/test_service.dart:55:16)
тФЬтФДтФДтФДтФДтФДтФДтФДтФДтФДтФДтФДтФДтФДтФДтФДтФДтФДтФДтФДтФДтФДтФДтФДтФДтФДтФДтФДтФДтФДтФДтФДтФДтФДтФДтФДтФДтФДтФДтФДтФДтФДтФДтФДтФДтФДтФДтФДтФДтФДтФДтФДтФДтФДтФДтФДтФДтФДтФДтФДтФДтФДтФДтФДтФДтФДтФДтФДтФДтФДтФДтФДтФДтФДтФДтФДтФДтФДтФДтФДтФДтФДтФДтФДтФДтФДтФДтФДтФДтФДтФДтФДтФДтФДтФДтФДтФДтФДтФДтФДтФДтФДтФДтФДтФДтФДтФДтФДтФДтФДтФДтФДтФДтФДтФДтФДтФДтФДтФДтФД
тФВ ЁЯРЫ Qq54: targetScale=feeling, score=3
тФФтФАтФАтФАтФАтФАтФАтФАтФАтФАтФАтФАтФАтФАтФАтФАтФАтФАтФАтФАтФАтФАтФАтФАтФАтФАтФАтФАтФАтФАтФАтФАтФАтФАтФАтФАтФАтФАтФАтФАтФАтФАтФАтФАтФАтФАтФАтФАтФАтФАтФАтФАтФАтФАтФАтФАтФАтФАтФАтФАтФАтФАтФАтФАтФАтФАтФАтФАтФАтФАтФАтФАтФАтФАтФАтФАтФАтФАтФАтФАтФАтФАтФАтФАтФАтФАтФАтФАтФАтФАтФАтФАтФАтФАтФАтФАтФАтФАтФАтФАтФАтФАтФАтФАтФАтФАтФАтФАтФАтФАтФАтФАтФАтФАтФАтФАтФАтФАтФАтФА
тФМтФАтФАтФАтФАтФАтФАтФАтФАтФАтФАтФАтФАтФАтФАтФАтФАтФАтФАтФАтФАтФАтФАтФАтФАтФАтФАтФАтФАтФАтФАтФАтФАтФАтФАтФАтФАтФАтФАтФАтФАтФАтФАтФАтФАтФАтФАтФАтФАтФАтФАтФАтФАтФАтФАтФАтФАтФАтФАтФАтФАтФАтФАтФАтФАтФАтФАтФАтФАтФАтФАтФАтФАтФАтФАтФАтФАтФАтФАтФАтФАтФАтФАтФАтФАтФАтФАтФАтФАтФАтФАтФАтФАтФАтФАтФАтФАтФАтФАтФАтФАтФАтФАтФАтФАтФАтФАтФАтФАтФАтФАтФАтФАтФАтФАтФАтФАтФАтФАтФА
тФВ #0   TestService._completeBipolarTest (package:psycho_tests/services/test_service.dart:425:23)
тФВ #1   TestService.completeTest (package:psycho_tests/services/test_service.dart:55:16)
тФЬтФДтФДтФДтФДтФДтФДтФДтФДтФДтФДтФДтФДтФДтФДтФДтФДтФДтФДтФДтФДтФДтФДтФДтФДтФДтФДтФДтФДтФДтФДтФДтФДтФДтФДтФДтФДтФДтФДтФДтФДтФДтФДтФДтФДтФДтФДтФДтФДтФДтФДтФДтФДтФДтФДтФДтФДтФДтФДтФДтФДтФДтФДтФДтФДтФДтФДтФДтФДтФДтФДтФДтФДтФДтФДтФДтФДтФДтФДтФДтФДтФДтФДтФДтФДтФДтФДтФДтФДтФДтФДтФДтФДтФДтФДтФДтФДтФДтФДтФДтФДтФДтФДтФДтФДтФДтФДтФДтФДтФДтФДтФДтФДтФДтФДтФДтФДтФДтФДтФД
тФВ ЁЯРЫ Qq55: targetScale=thinking, score=3
тФФтФАтФАтФАтФАтФАтФАтФАтФАтФАтФАтФАтФАтФАтФАтФАтФАтФАтФАтФАтФАтФАтФАтФАтФАтФАтФАтФАтФАтФАтФАтФАтФАтФАтФАтФАтФАтФАтФАтФАтФАтФАтФАтФАтФАтФАтФАтФАтФАтФАтФАтФАтФАтФАтФАтФАтФАтФАтФАтФАтФАтФАтФАтФАтФАтФАтФАтФАтФАтФАтФАтФАтФАтФАтФАтФАтФАтФАтФАтФАтФАтФАтФАтФАтФАтФАтФАтФАтФАтФАтФАтФАтФАтФАтФАтФАтФАтФАтФАтФАтФАтФАтФАтФАтФАтФАтФАтФАтФАтФАтФАтФАтФАтФАтФАтФАтФАтФАтФАтФА
тФМтФАтФАтФАтФАтФАтФАтФАтФАтФАтФАтФАтФАтФАтФАтФАтФАтФАтФАтФАтФАтФАтФАтФАтФАтФАтФАтФАтФАтФАтФАтФАтФАтФАтФАтФАтФАтФАтФАтФАтФАтФАтФАтФАтФАтФАтФАтФАтФАтФАтФАтФАтФАтФАтФАтФАтФАтФАтФАтФАтФАтФАтФАтФАтФАтФАтФАтФАтФАтФАтФАтФАтФАтФАтФАтФАтФАтФАтФАтФАтФАтФАтФАтФАтФАтФАтФАтФАтФАтФАтФАтФАтФАтФАтФАтФАтФАтФАтФАтФАтФАтФАтФАтФАтФАтФАтФАтФАтФАтФАтФАтФАтФАтФАтФАтФАтФАтФАтФАтФА
тФВ #0   TestService._completeBipolarTest (package:psycho_tests/services/test_service.dart:425:23)
тФВ #1   TestService.completeTest (package:psycho_tests/services/test_service.dart:55:16)
тФЬтФДтФДтФДтФДтФДтФДтФДтФДтФДтФДтФДтФДтФДтФДтФДтФДтФДтФДтФДтФДтФДтФДтФДтФДтФДтФДтФДтФДтФДтФДтФДтФДтФДтФДтФДтФДтФДтФДтФДтФДтФДтФДтФДтФДтФДтФДтФДтФДтФДтФДтФДтФДтФДтФДтФДтФДтФДтФДтФДтФДтФДтФДтФДтФДтФДтФДтФДтФДтФДтФДтФДтФДтФДтФДтФДтФДтФДтФДтФДтФДтФДтФДтФДтФДтФДтФДтФДтФДтФДтФДтФДтФДтФДтФДтФДтФДтФДтФДтФДтФДтФДтФДтФДтФДтФДтФДтФДтФДтФДтФДтФДтФДтФДтФДтФДтФДтФДтФДтФД
тФВ ЁЯРЫ Qq56: targetScale=feeling, score=3
тФФтФАтФАтФАтФАтФАтФАтФАтФАтФАтФАтФАтФАтФАтФАтФАтФАтФАтФАтФАтФАтФАтФАтФАтФАтФАтФАтФАтФАтФАтФАтФАтФАтФАтФАтФАтФАтФАтФАтФАтФАтФАтФАтФАтФАтФАтФАтФАтФАтФАтФАтФАтФАтФАтФАтФАтФАтФАтФАтФАтФАтФАтФАтФАтФАтФАтФАтФАтФАтФАтФАтФАтФАтФАтФАтФАтФАтФАтФАтФАтФАтФАтФАтФАтФАтФАтФАтФАтФАтФАтФАтФАтФАтФАтФАтФАтФАтФАтФАтФАтФАтФАтФАтФАтФАтФАтФАтФАтФАтФАтФАтФАтФАтФАтФАтФАтФАтФАтФАтФА
тФМтФАтФАтФАтФАтФАтФАтФАтФАтФАтФАтФАтФАтФАтФАтФАтФАтФАтФАтФАтФАтФАтФАтФАтФАтФАтФАтФАтФАтФАтФАтФАтФАтФАтФАтФАтФАтФАтФАтФАтФАтФАтФАтФАтФАтФАтФАтФАтФАтФАтФАтФАтФАтФАтФАтФАтФАтФАтФАтФАтФАтФАтФАтФАтФАтФАтФАтФАтФАтФАтФАтФАтФАтФАтФАтФАтФАтФАтФАтФАтФАтФАтФАтФАтФАтФАтФАтФАтФАтФАтФАтФАтФАтФАтФАтФАтФАтФАтФАтФАтФАтФАтФАтФАтФАтФАтФАтФАтФАтФАтФАтФАтФАтФАтФАтФАтФАтФАтФАтФА
тФВ #0   TestService._completeBipolarTest (package:psycho_tests/services/test_service.dart:425:23)
тФВ #1   TestService.completeTest (package:psycho_tests/services/test_service.dart:55:16)
тФЬтФДтФДтФДтФДтФДтФДтФДтФДтФДтФДтФДтФДтФДтФДтФДтФДтФДтФДтФДтФДтФДтФДтФДтФДтФДтФДтФДтФДтФДтФДтФДтФДтФДтФДтФДтФДтФДтФДтФДтФДтФДтФДтФДтФДтФДтФДтФДтФДтФДтФДтФДтФДтФДтФДтФДтФДтФДтФДтФДтФДтФДтФДтФДтФДтФДтФДтФДтФДтФДтФДтФДтФДтФДтФДтФДтФДтФДтФДтФДтФДтФДтФДтФДтФДтФДтФДтФДтФДтФДтФДтФДтФДтФДтФДтФДтФДтФДтФДтФДтФДтФДтФДтФДтФДтФДтФДтФДтФДтФДтФДтФДтФДтФДтФДтФДтФДтФДтФДтФД
тФВ ЁЯРЫ Qq57: targetScale=thinking, score=3
тФФтФАтФАтФАтФАтФАтФАтФАтФАтФАтФАтФАтФАтФАтФАтФАтФАтФАтФАтФАтФАтФАтФАтФАтФАтФАтФАтФАтФАтФАтФАтФАтФАтФАтФАтФАтФАтФАтФАтФАтФАтФАтФАтФАтФАтФАтФАтФАтФАтФАтФАтФАтФАтФАтФАтФАтФАтФАтФАтФАтФАтФАтФАтФАтФАтФАтФАтФАтФАтФАтФАтФАтФАтФАтФАтФАтФАтФАтФАтФАтФАтФАтФАтФАтФАтФАтФАтФАтФАтФАтФАтФАтФАтФАтФАтФАтФАтФАтФАтФАтФАтФАтФАтФАтФАтФАтФАтФАтФАтФАтФАтФАтФАтФАтФАтФАтФАтФАтФАтФА
тФМтФАтФАтФАтФАтФАтФАтФАтФАтФАтФАтФАтФАтФАтФАтФАтФАтФАтФАтФАтФАтФАтФАтФАтФАтФАтФАтФАтФАтФАтФАтФАтФАтФАтФАтФАтФАтФАтФАтФАтФАтФАтФАтФАтФАтФАтФАтФАтФАтФАтФАтФАтФАтФАтФАтФАтФАтФАтФАтФАтФАтФАтФАтФАтФАтФАтФАтФАтФАтФАтФАтФАтФАтФАтФАтФАтФАтФАтФАтФАтФАтФАтФАтФАтФАтФАтФАтФАтФАтФАтФАтФАтФАтФАтФАтФАтФАтФАтФАтФАтФАтФАтФАтФАтФАтФАтФАтФАтФАтФАтФАтФАтФАтФАтФАтФАтФАтФАтФАтФА
тФВ #0   TestService._completeBipolarTest (package:psycho_tests/services/test_service.dart:425:23)
тФВ #1   TestService.completeTest (package:psycho_tests/services/test_service.dart:55:16)
тФЬтФДтФДтФДтФДтФДтФДтФДтФДтФДтФДтФДтФДтФДтФДтФДтФДтФДтФДтФДтФДтФДтФДтФДтФДтФДтФДтФДтФДтФДтФДтФДтФДтФДтФДтФДтФДтФДтФДтФДтФДтФДтФДтФДтФДтФДтФДтФДтФДтФДтФДтФДтФДтФДтФДтФДтФДтФДтФДтФДтФДтФДтФДтФДтФДтФДтФДтФДтФДтФДтФДтФДтФДтФДтФДтФДтФДтФДтФДтФДтФДтФДтФДтФДтФДтФДтФДтФДтФДтФДтФДтФДтФДтФДтФДтФДтФДтФДтФДтФДтФДтФДтФДтФДтФДтФДтФДтФДтФДтФДтФДтФДтФДтФДтФДтФДтФДтФДтФДтФД
тФВ ЁЯРЫ Qq58: targetScale=feeling, score=3
тФФтФАтФАтФАтФАтФАтФАтФАтФАтФАтФАтФАтФАтФАтФАтФАтФАтФАтФАтФАтФАтФАтФАтФАтФАтФАтФАтФАтФАтФАтФАтФАтФАтФАтФАтФАтФАтФАтФАтФАтФАтФАтФАтФАтФАтФАтФАтФАтФАтФАтФАтФАтФАтФАтФАтФАтФАтФАтФАтФАтФАтФАтФАтФАтФАтФАтФАтФАтФАтФАтФАтФАтФАтФАтФАтФАтФАтФАтФАтФАтФАтФАтФАтФАтФАтФАтФАтФАтФАтФАтФАтФАтФАтФАтФАтФАтФАтФАтФАтФАтФАтФАтФАтФАтФАтФАтФАтФАтФАтФАтФАтФАтФАтФАтФАтФАтФАтФАтФАтФА
тФМтФАтФАтФАтФАтФАтФАтФАтФАтФАтФАтФАтФАтФАтФАтФАтФАтФАтФАтФАтФАтФАтФАтФАтФАтФАтФАтФАтФАтФАтФАтФАтФАтФАтФАтФАтФАтФАтФАтФАтФАтФАтФАтФАтФАтФАтФАтФАтФАтФАтФАтФАтФАтФАтФАтФАтФАтФАтФАтФАтФАтФАтФАтФАтФАтФАтФАтФАтФАтФАтФАтФАтФАтФАтФАтФАтФАтФАтФАтФАтФАтФАтФАтФАтФАтФАтФАтФАтФАтФАтФАтФАтФАтФАтФАтФАтФАтФАтФАтФАтФАтФАтФАтФАтФАтФАтФАтФАтФАтФАтФАтФАтФАтФАтФАтФАтФАтФАтФАтФА
тФВ #0   TestService._completeBipolarTest (package:psycho_tests/services/test_service.dart:425:23)
тФВ #1   TestService.completeTest (package:psycho_tests/services/test_service.dart:55:16)
тФЬтФДтФДтФДтФДтФДтФДтФДтФДтФДтФДтФДтФДтФДтФДтФДтФДтФДтФДтФДтФДтФДтФДтФДтФДтФДтФДтФДтФДтФДтФДтФДтФДтФДтФДтФДтФДтФДтФДтФДтФДтФДтФДтФДтФДтФДтФДтФДтФДтФДтФДтФДтФДтФДтФДтФДтФДтФДтФДтФДтФДтФДтФДтФДтФДтФДтФДтФДтФДтФДтФДтФДтФДтФДтФДтФДтФДтФДтФДтФДтФДтФДтФДтФДтФДтФДтФДтФДтФДтФДтФДтФДтФДтФДтФДтФДтФДтФДтФДтФДтФДтФДтФДтФДтФДтФДтФДтФДтФДтФДтФДтФДтФДтФДтФДтФДтФДтФДтФДтФД
тФВ ЁЯРЫ Qq59: targetScale=feeling, score=3
тФФтФАтФАтФАтФАтФАтФАтФАтФАтФАтФАтФАтФАтФАтФАтФАтФАтФАтФАтФАтФАтФАтФАтФАтФАтФАтФАтФАтФАтФАтФАтФАтФАтФАтФАтФАтФАтФАтФАтФАтФАтФАтФАтФАтФАтФАтФАтФАтФАтФАтФАтФАтФАтФАтФАтФАтФАтФАтФАтФАтФАтФАтФАтФАтФАтФАтФАтФАтФАтФАтФАтФАтФАтФАтФАтФАтФАтФАтФАтФАтФАтФАтФАтФАтФАтФАтФАтФАтФАтФАтФАтФАтФАтФАтФАтФАтФАтФАтФАтФАтФАтФАтФАтФАтФАтФАтФАтФАтФАтФАтФАтФАтФАтФАтФАтФАтФАтФАтФАтФА
тФМтФАтФАтФАтФАтФАтФАтФАтФАтФАтФАтФАтФАтФАтФАтФАтФАтФАтФАтФАтФАтФАтФАтФАтФАтФАтФАтФАтФАтФАтФАтФАтФАтФАтФАтФАтФАтФАтФАтФАтФАтФАтФАтФАтФАтФАтФАтФАтФАтФАтФАтФАтФАтФАтФАтФАтФАтФАтФАтФАтФАтФАтФАтФАтФАтФАтФАтФАтФАтФАтФАтФАтФАтФАтФАтФАтФАтФАтФАтФАтФАтФАтФАтФАтФАтФАтФАтФАтФАтФАтФАтФАтФАтФАтФАтФАтФАтФАтФАтФАтФАтФАтФАтФАтФАтФАтФАтФАтФАтФАтФАтФАтФАтФАтФАтФАтФАтФАтФАтФА
тФВ #0   TestService._completeBipolarTest (package:psycho_tests/services/test_service.dart:425:23)
тФВ #1   TestService.completeTest (package:psycho_tests/services/test_service.dart:55:16)
тФЬтФДтФДтФДтФДтФДтФДтФДтФДтФДтФДтФДтФДтФДтФДтФДтФДтФДтФДтФДтФДтФДтФДтФДтФДтФДтФДтФДтФДтФДтФДтФДтФДтФДтФДтФДтФДтФДтФДтФДтФДтФДтФДтФДтФДтФДтФДтФДтФДтФДтФДтФДтФДтФДтФДтФДтФДтФДтФДтФДтФДтФДтФДтФДтФДтФДтФДтФДтФДтФДтФДтФДтФДтФДтФДтФДтФДтФДтФДтФДтФДтФДтФДтФДтФДтФДтФДтФДтФДтФДтФДтФДтФДтФДтФДтФДтФДтФДтФДтФДтФДтФДтФДтФДтФДтФДтФДтФДтФДтФДтФДтФДтФДтФДтФДтФДтФДтФДтФДтФД
тФВ ЁЯРЫ Qq60: targetScale=thinking, score=3
тФФтФАтФАтФАтФАтФАтФАтФАтФАтФАтФАтФАтФАтФАтФАтФАтФАтФАтФАтФАтФАтФАтФАтФАтФАтФАтФАтФАтФАтФАтФАтФАтФАтФАтФАтФАтФАтФАтФАтФАтФАтФАтФАтФАтФАтФАтФАтФАтФАтФАтФАтФАтФАтФАтФАтФАтФАтФАтФАтФАтФАтФАтФАтФАтФАтФАтФАтФАтФАтФАтФАтФАтФАтФАтФАтФАтФАтФАтФАтФАтФАтФАтФАтФАтФАтФАтФАтФАтФАтФАтФАтФАтФАтФАтФАтФАтФАтФАтФАтФАтФАтФАтФАтФАтФАтФАтФАтФАтФАтФАтФАтФАтФАтФАтФАтФАтФАтФАтФАтФА
тФМтФАтФАтФАтФАтФАтФАтФАтФАтФАтФАтФАтФАтФАтФАтФАтФАтФАтФАтФАтФАтФАтФАтФАтФАтФАтФАтФАтФАтФАтФАтФАтФАтФАтФАтФАтФАтФАтФАтФАтФАтФАтФАтФАтФАтФАтФАтФАтФАтФАтФАтФАтФАтФАтФАтФАтФАтФАтФАтФАтФАтФАтФАтФАтФАтФАтФАтФАтФАтФАтФАтФАтФАтФАтФАтФАтФАтФАтФАтФАтФАтФАтФАтФАтФАтФАтФАтФАтФАтФАтФАтФАтФАтФАтФАтФАтФАтФАтФАтФАтФАтФАтФАтФАтФАтФАтФАтФАтФАтФАтФАтФАтФАтФАтФАтФАтФАтФАтФАтФА
тФВ #0   TestService._completeBipolarTest (package:psycho_tests/services/test_service.dart:425:23)
тФВ #1   TestService.completeTest (package:psycho_tests/services/test_service.dart:55:16)
тФЬтФДтФДтФДтФДтФДтФДтФДтФДтФДтФДтФДтФДтФДтФДтФДтФДтФДтФДтФДтФДтФДтФДтФДтФДтФДтФДтФДтФДтФДтФДтФДтФДтФДтФДтФДтФДтФДтФДтФДтФДтФДтФДтФДтФДтФДтФДтФДтФДтФДтФДтФДтФДтФДтФДтФДтФДтФДтФДтФДтФДтФДтФДтФДтФДтФДтФДтФДтФДтФДтФДтФДтФДтФДтФДтФДтФДтФДтФДтФДтФДтФДтФДтФДтФДтФДтФДтФДтФДтФДтФДтФДтФДтФДтФДтФДтФДтФДтФДтФДтФДтФДтФДтФДтФДтФДтФДтФДтФДтФДтФДтФДтФДтФДтФДтФДтФДтФДтФДтФД
тФВ ЁЯРЫ Qq61: targetScale=judging, score=3
тФФтФАтФАтФАтФАтФАтФАтФАтФАтФАтФАтФАтФАтФАтФАтФАтФАтФАтФАтФАтФАтФАтФАтФАтФАтФАтФАтФАтФАтФАтФАтФАтФАтФАтФАтФАтФАтФАтФАтФАтФАтФАтФАтФАтФАтФАтФАтФАтФАтФАтФАтФАтФАтФАтФАтФАтФАтФАтФАтФАтФАтФАтФАтФАтФАтФАтФАтФАтФАтФАтФАтФАтФАтФАтФАтФАтФАтФАтФАтФАтФАтФАтФАтФАтФАтФАтФАтФАтФАтФАтФАтФАтФАтФАтФАтФАтФАтФАтФАтФАтФАтФАтФАтФАтФАтФАтФАтФАтФАтФАтФАтФАтФАтФАтФАтФАтФАтФАтФАтФА
тФМтФАтФАтФАтФАтФАтФАтФАтФАтФАтФАтФАтФАтФАтФАтФАтФАтФАтФАтФАтФАтФАтФАтФАтФАтФАтФАтФАтФАтФАтФАтФАтФАтФАтФАтФАтФАтФАтФАтФАтФАтФАтФАтФАтФАтФАтФАтФАтФАтФАтФАтФАтФАтФАтФАтФАтФАтФАтФАтФАтФАтФАтФАтФАтФАтФАтФАтФАтФАтФАтФАтФАтФАтФАтФАтФАтФАтФАтФАтФАтФАтФАтФАтФАтФАтФАтФАтФАтФАтФАтФАтФАтФАтФАтФАтФАтФАтФАтФАтФАтФАтФАтФАтФАтФАтФАтФАтФАтФАтФАтФАтФАтФАтФАтФАтФАтФАтФАтФАтФА
тФВ #0   TestService._completeBipolarTest (package:psycho_tests/services/test_service.dart:425:23)
тФВ #1   TestService.completeTest (package:psycho_tests/services/test_service.dart:55:16)
тФЬтФДтФДтФДтФДтФДтФДтФДтФДтФДтФДтФДтФДтФДтФДтФДтФДтФДтФДтФДтФДтФДтФДтФДтФДтФДтФДтФДтФДтФДтФДтФДтФДтФДтФДтФДтФДтФДтФДтФДтФДтФДтФДтФДтФДтФДтФДтФДтФДтФДтФДтФДтФДтФДтФДтФДтФДтФДтФДтФДтФДтФДтФДтФДтФДтФДтФДтФДтФДтФДтФДтФДтФДтФДтФДтФДтФДтФДтФДтФДтФДтФДтФДтФДтФДтФДтФДтФДтФДтФДтФДтФДтФДтФДтФДтФДтФДтФДтФДтФДтФДтФДтФДтФДтФДтФДтФДтФДтФДтФДтФДтФДтФДтФДтФДтФДтФДтФДтФДтФД
тФВ ЁЯРЫ Qq62: targetScale=judging, score=3
тФФтФАтФАтФАтФАтФАтФАтФАтФАтФАтФАтФАтФАтФАтФАтФАтФАтФАтФАтФАтФАтФАтФАтФАтФАтФАтФАтФАтФАтФАтФАтФАтФАтФАтФАтФАтФАтФАтФАтФАтФАтФАтФАтФАтФАтФАтФАтФАтФАтФАтФАтФАтФАтФАтФАтФАтФАтФАтФАтФАтФАтФАтФАтФАтФАтФАтФАтФАтФАтФАтФАтФАтФАтФАтФАтФАтФАтФАтФАтФАтФАтФАтФАтФАтФАтФАтФАтФАтФАтФАтФАтФАтФАтФАтФАтФАтФАтФАтФАтФАтФАтФАтФАтФАтФАтФАтФАтФАтФАтФАтФАтФАтФАтФАтФАтФАтФАтФАтФАтФА
тФМтФАтФАтФАтФАтФАтФАтФАтФАтФАтФАтФАтФАтФАтФАтФАтФАтФАтФАтФАтФАтФАтФАтФАтФАтФАтФАтФАтФАтФАтФАтФАтФАтФАтФАтФАтФАтФАтФАтФАтФАтФАтФАтФАтФАтФАтФАтФАтФАтФАтФАтФАтФАтФАтФАтФАтФАтФАтФАтФАтФАтФАтФАтФАтФАтФАтФАтФАтФАтФАтФАтФАтФАтФАтФАтФАтФАтФАтФАтФАтФАтФАтФАтФАтФАтФАтФАтФАтФАтФАтФАтФАтФАтФАтФАтФАтФАтФАтФАтФАтФАтФАтФАтФАтФАтФАтФАтФАтФАтФАтФАтФАтФАтФАтФАтФАтФАтФАтФАтФА
тФВ #0   TestService._completeBipolarTest (package:psycho_tests/services/test_service.dart:425:23)
тФВ #1   TestService.completeTest (package:psycho_tests/services/test_service.dart:55:16)
тФЬтФДтФДтФДтФДтФДтФДтФДтФДтФДтФДтФДтФДтФДтФДтФДтФДтФДтФДтФДтФДтФДтФДтФДтФДтФДтФДтФДтФДтФДтФДтФДтФДтФДтФДтФДтФДтФДтФДтФДтФДтФДтФДтФДтФДтФДтФДтФДтФДтФДтФДтФДтФДтФДтФДтФДтФДтФДтФДтФДтФДтФДтФДтФДтФДтФДтФДтФДтФДтФДтФДтФДтФДтФДтФДтФДтФДтФДтФДтФДтФДтФДтФДтФДтФДтФДтФДтФДтФДтФДтФДтФДтФДтФДтФДтФДтФДтФДтФДтФДтФДтФДтФДтФДтФДтФДтФДтФДтФДтФДтФДтФДтФДтФДтФДтФДтФДтФДтФДтФД
тФВ ЁЯРЫ Qq63: targetScale=judging, score=3
тФФтФАтФАтФАтФАтФАтФАтФАтФАтФАтФАтФАтФАтФАтФАтФАтФАтФАтФАтФАтФАтФАтФАтФАтФАтФАтФАтФАтФАтФАтФАтФАтФАтФАтФАтФАтФАтФАтФАтФАтФАтФАтФАтФАтФАтФАтФАтФАтФАтФАтФАтФАтФАтФАтФАтФАтФАтФАтФАтФАтФАтФАтФАтФАтФАтФАтФАтФАтФАтФАтФАтФАтФАтФАтФАтФАтФАтФАтФАтФАтФАтФАтФАтФАтФАтФАтФАтФАтФАтФАтФАтФАтФАтФАтФАтФАтФАтФАтФАтФАтФАтФАтФАтФАтФАтФАтФАтФАтФАтФАтФАтФАтФАтФАтФАтФАтФАтФАтФАтФА
тФМтФАтФАтФАтФАтФАтФАтФАтФАтФАтФАтФАтФАтФАтФАтФАтФАтФАтФАтФАтФАтФАтФАтФАтФАтФАтФАтФАтФАтФАтФАтФАтФАтФАтФАтФАтФАтФАтФАтФАтФАтФАтФАтФАтФАтФАтФАтФАтФАтФАтФАтФАтФАтФАтФАтФАтФАтФАтФАтФАтФАтФАтФАтФАтФАтФАтФАтФАтФАтФАтФАтФАтФАтФАтФАтФАтФАтФАтФАтФАтФАтФАтФАтФАтФАтФАтФАтФАтФАтФАтФАтФАтФАтФАтФАтФАтФАтФАтФАтФАтФАтФАтФАтФАтФАтФАтФАтФАтФАтФАтФАтФАтФАтФАтФАтФАтФАтФАтФАтФА
тФВ #0   TestService._completeBipolarTest (package:psycho_tests/services/test_service.dart:425:23)
тФВ #1   TestService.completeTest (package:psycho_tests/services/test_service.dart:55:16)
тФЬтФДтФДтФДтФДтФДтФДтФДтФДтФДтФДтФДтФДтФДтФДтФДтФДтФДтФДтФДтФДтФДтФДтФДтФДтФДтФДтФДтФДтФДтФДтФДтФДтФДтФДтФДтФДтФДтФДтФДтФДтФДтФДтФДтФДтФДтФДтФДтФДтФДтФДтФДтФДтФДтФДтФДтФДтФДтФДтФДтФДтФДтФДтФДтФДтФДтФДтФДтФДтФДтФДтФДтФДтФДтФДтФДтФДтФДтФДтФДтФДтФДтФДтФДтФДтФДтФДтФДтФДтФДтФДтФДтФДтФДтФДтФДтФДтФДтФДтФДтФДтФДтФДтФДтФДтФДтФДтФДтФДтФДтФДтФДтФДтФДтФДтФДтФДтФДтФДтФД
тФВ ЁЯРЫ Qq64: targetScale=judging, score=3
тФФтФАтФАтФАтФАтФАтФАтФАтФАтФАтФАтФАтФАтФАтФАтФАтФАтФАтФАтФАтФАтФАтФАтФАтФАтФАтФАтФАтФАтФАтФАтФАтФАтФАтФАтФАтФАтФАтФАтФАтФАтФАтФАтФАтФАтФАтФАтФАтФАтФАтФАтФАтФАтФАтФАтФАтФАтФАтФАтФАтФАтФАтФАтФАтФАтФАтФАтФАтФАтФАтФАтФАтФАтФАтФАтФАтФАтФАтФАтФАтФАтФАтФАтФАтФАтФАтФАтФАтФАтФАтФАтФАтФАтФАтФАтФАтФАтФАтФАтФАтФАтФАтФАтФАтФАтФАтФАтФАтФАтФАтФАтФАтФАтФАтФАтФАтФАтФАтФАтФА
тФМтФАтФАтФАтФАтФАтФАтФАтФАтФАтФАтФАтФАтФАтФАтФАтФАтФАтФАтФАтФАтФАтФАтФАтФАтФАтФАтФАтФАтФАтФАтФАтФАтФАтФАтФАтФАтФАтФАтФАтФАтФАтФАтФАтФАтФАтФАтФАтФАтФАтФАтФАтФАтФАтФАтФАтФАтФАтФАтФАтФАтФАтФАтФАтФАтФАтФАтФАтФАтФАтФАтФАтФАтФАтФАтФАтФАтФАтФАтФАтФАтФАтФАтФАтФАтФАтФАтФАтФАтФАтФАтФАтФАтФАтФАтФАтФАтФАтФАтФАтФАтФАтФАтФАтФАтФАтФАтФАтФАтФАтФАтФАтФАтФАтФАтФАтФАтФАтФАтФА
тФВ #0   TestService._completeBipolarTest (package:psycho_tests/services/test_service.dart:425:23)
тФВ #1   TestService.completeTest (package:psycho_tests/services/test_service.dart:55:16)
тФЬтФДтФДтФДтФДтФДтФДтФДтФДтФДтФДтФДтФДтФДтФДтФДтФДтФДтФДтФДтФДтФДтФДтФДтФДтФДтФДтФДтФДтФДтФДтФДтФДтФДтФДтФДтФДтФДтФДтФДтФДтФДтФДтФДтФДтФДтФДтФДтФДтФДтФДтФДтФДтФДтФДтФДтФДтФДтФДтФДтФДтФДтФДтФДтФДтФДтФДтФДтФДтФДтФДтФДтФДтФДтФДтФДтФДтФДтФДтФДтФДтФДтФДтФДтФДтФДтФДтФДтФДтФДтФДтФДтФДтФДтФДтФДтФДтФДтФДтФДтФДтФДтФДтФДтФДтФДтФДтФДтФДтФДтФДтФДтФДтФДтФДтФДтФДтФДтФДтФД
тФВ ЁЯРЫ Qq65: targetScale=perceiving, score=3
тФФтФАтФАтФАтФАтФАтФАтФАтФАтФАтФАтФАтФАтФАтФАтФАтФАтФАтФАтФАтФАтФАтФАтФАтФАтФАтФАтФАтФАтФАтФАтФАтФАтФАтФАтФАтФАтФАтФАтФАтФАтФАтФАтФАтФАтФАтФАтФАтФАтФАтФАтФАтФАтФАтФАтФАтФАтФАтФАтФАтФАтФАтФАтФАтФАтФАтФАтФАтФАтФАтФАтФАтФАтФАтФАтФАтФАтФАтФАтФАтФАтФАтФАтФАтФАтФАтФАтФАтФАтФАтФАтФАтФАтФАтФАтФАтФАтФАтФАтФАтФАтФАтФАтФАтФАтФАтФАтФАтФАтФАтФАтФАтФАтФАтФАтФАтФАтФАтФАтФА
тФМтФАтФАтФАтФАтФАтФАтФАтФАтФАтФАтФАтФАтФАтФАтФАтФАтФАтФАтФАтФАтФАтФАтФАтФАтФАтФАтФАтФАтФАтФАтФАтФАтФАтФАтФАтФАтФАтФАтФАтФАтФАтФАтФАтФАтФАтФАтФАтФАтФАтФАтФАтФАтФАтФАтФАтФАтФАтФАтФАтФАтФАтФАтФАтФАтФАтФАтФАтФАтФАтФАтФАтФАтФАтФАтФАтФАтФАтФАтФАтФАтФАтФАтФАтФАтФАтФАтФАтФАтФАтФАтФАтФАтФАтФАтФАтФАтФАтФАтФАтФАтФАтФАтФАтФАтФАтФАтФАтФАтФАтФАтФАтФАтФАтФАтФАтФАтФАтФАтФА
тФВ #0   TestService._completeBipolarTest (package:psycho_tests/services/test_service.dart:425:23)
тФВ #1   TestService.completeTest (package:psycho_tests/services/test_service.dart:55:16)
тФЬтФДтФДтФДтФДтФДтФДтФДтФДтФДтФДтФДтФДтФДтФДтФДтФДтФДтФДтФДтФДтФДтФДтФДтФДтФДтФДтФДтФДтФДтФДтФДтФДтФДтФДтФДтФДтФДтФДтФДтФДтФДтФДтФДтФДтФДтФДтФДтФДтФДтФДтФДтФДтФДтФДтФДтФДтФДтФДтФДтФДтФДтФДтФДтФДтФДтФДтФДтФДтФДтФДтФДтФДтФДтФДтФДтФДтФДтФДтФДтФДтФДтФДтФДтФДтФДтФДтФДтФДтФДтФДтФДтФДтФДтФДтФДтФДтФДтФДтФДтФДтФДтФДтФДтФДтФДтФДтФДтФДтФДтФДтФДтФДтФДтФДтФДтФДтФДтФДтФД
тФВ ЁЯРЫ Qq66: targetScale=perceiving, score=3
тФФтФАтФАтФАтФАтФАтФАтФАтФАтФАтФАтФАтФАтФАтФАтФАтФАтФАтФАтФАтФАтФАтФАтФАтФАтФАтФАтФАтФАтФАтФАтФАтФАтФАтФАтФАтФАтФАтФАтФАтФАтФАтФАтФАтФАтФАтФАтФАтФАтФАтФАтФАтФАтФАтФАтФАтФАтФАтФАтФАтФАтФАтФАтФАтФАтФАтФАтФАтФАтФАтФАтФАтФАтФАтФАтФАтФАтФАтФАтФАтФАтФАтФАтФАтФАтФАтФАтФАтФАтФАтФАтФАтФАтФАтФАтФАтФАтФАтФАтФАтФАтФАтФАтФАтФАтФАтФАтФАтФАтФАтФАтФАтФАтФАтФАтФАтФАтФАтФАтФА
тФМтФАтФАтФАтФАтФАтФАтФАтФАтФАтФАтФАтФАтФАтФАтФАтФАтФАтФАтФАтФАтФАтФАтФАтФАтФАтФАтФАтФАтФАтФАтФАтФАтФАтФАтФАтФАтФАтФАтФАтФАтФАтФАтФАтФАтФАтФАтФАтФАтФАтФАтФАтФАтФАтФАтФАтФАтФАтФАтФАтФАтФАтФАтФАтФАтФАтФАтФАтФАтФАтФАтФАтФАтФАтФАтФАтФАтФАтФАтФАтФАтФАтФАтФАтФАтФАтФАтФАтФАтФАтФАтФАтФАтФАтФАтФАтФАтФАтФАтФАтФАтФАтФАтФАтФАтФАтФАтФАтФАтФАтФАтФАтФАтФАтФАтФАтФАтФАтФАтФА
тФВ #0   TestService._completeBipolarTest (package:psycho_tests/services/test_service.dart:425:23)
тФВ #1   TestService.completeTest (package:psycho_tests/services/test_service.dart:55:16)
тФЬтФДтФДтФДтФДтФДтФДтФДтФДтФДтФДтФДтФДтФДтФДтФДтФДтФДтФДтФДтФДтФДтФДтФДтФДтФДтФДтФДтФДтФДтФДтФДтФДтФДтФДтФДтФДтФДтФДтФДтФДтФДтФДтФДтФДтФДтФДтФДтФДтФДтФДтФДтФДтФДтФДтФДтФДтФДтФДтФДтФДтФДтФДтФДтФДтФДтФДтФДтФДтФДтФДтФДтФДтФДтФДтФДтФДтФДтФДтФДтФДтФДтФДтФДтФДтФДтФДтФДтФДтФДтФДтФДтФДтФДтФДтФДтФДтФДтФДтФДтФДтФДтФДтФДтФДтФДтФДтФДтФДтФДтФДтФДтФДтФДтФДтФДтФДтФДтФДтФД
тФВ ЁЯРЫ Qq67: targetScale=perceiving, score=3
тФФтФАтФАтФАтФАтФАтФАтФАтФАтФАтФАтФАтФАтФАтФАтФАтФАтФАтФАтФАтФАтФАтФАтФАтФАтФАтФАтФАтФАтФАтФАтФАтФАтФАтФАтФАтФАтФАтФАтФАтФАтФАтФАтФАтФАтФАтФАтФАтФАтФАтФАтФАтФАтФАтФАтФАтФАтФАтФАтФАтФАтФАтФАтФАтФАтФАтФАтФАтФАтФАтФАтФАтФАтФАтФАтФАтФАтФАтФАтФАтФАтФАтФАтФАтФАтФАтФАтФАтФАтФАтФАтФАтФАтФАтФАтФАтФАтФАтФАтФАтФАтФАтФАтФАтФАтФАтФАтФАтФАтФАтФАтФАтФАтФАтФАтФАтФАтФАтФАтФА
тФМтФАтФАтФАтФАтФАтФАтФАтФАтФАтФАтФАтФАтФАтФАтФАтФАтФАтФАтФАтФАтФАтФАтФАтФАтФАтФАтФАтФАтФАтФАтФАтФАтФАтФАтФАтФАтФАтФАтФАтФАтФАтФАтФАтФАтФАтФАтФАтФАтФАтФАтФАтФАтФАтФАтФАтФАтФАтФАтФАтФАтФАтФАтФАтФАтФАтФАтФАтФАтФАтФАтФАтФАтФАтФАтФАтФАтФАтФАтФАтФАтФАтФАтФАтФАтФАтФАтФАтФАтФАтФАтФАтФАтФАтФАтФАтФАтФАтФАтФАтФАтФАтФАтФАтФАтФАтФАтФАтФАтФАтФАтФАтФАтФАтФАтФАтФАтФАтФАтФА
тФВ #0   TestService._completeBipolarTest (package:psycho_tests/services/test_service.dart:425:23)
тФВ #1   TestService.completeTest (package:psycho_tests/services/test_service.dart:55:16)
тФЬтФДтФДтФДтФДтФДтФДтФДтФДтФДтФДтФДтФДтФДтФДтФДтФДтФДтФДтФДтФДтФДтФДтФДтФДтФДтФДтФДтФДтФДтФДтФДтФДтФДтФДтФДтФДтФДтФДтФДтФДтФДтФДтФДтФДтФДтФДтФДтФДтФДтФДтФДтФДтФДтФДтФДтФДтФДтФДтФДтФДтФДтФДтФДтФДтФДтФДтФДтФДтФДтФДтФДтФДтФДтФДтФДтФДтФДтФДтФДтФДтФДтФДтФДтФДтФДтФДтФДтФДтФДтФДтФДтФДтФДтФДтФДтФДтФДтФДтФДтФДтФДтФДтФДтФДтФДтФДтФДтФДтФДтФДтФДтФДтФДтФДтФДтФДтФДтФДтФД
тФВ ЁЯРЫ Qq68: targetScale=perceiving, score=3
тФФтФАтФАтФАтФАтФАтФАтФАтФАтФАтФАтФАтФАтФАтФАтФАтФАтФАтФАтФАтФАтФАтФАтФАтФАтФАтФАтФАтФАтФАтФАтФАтФАтФАтФАтФАтФАтФАтФАтФАтФАтФАтФАтФАтФАтФАтФАтФАтФАтФАтФАтФАтФАтФАтФАтФАтФАтФАтФАтФАтФАтФАтФАтФАтФАтФАтФАтФАтФАтФАтФАтФАтФАтФАтФАтФАтФАтФАтФАтФАтФАтФАтФАтФАтФАтФАтФАтФАтФАтФАтФАтФАтФАтФАтФАтФАтФАтФАтФАтФАтФАтФАтФАтФАтФАтФАтФАтФАтФАтФАтФАтФАтФАтФАтФАтФАтФАтФАтФАтФА
тФМтФАтФАтФАтФАтФАтФАтФАтФАтФАтФАтФАтФАтФАтФАтФАтФАтФАтФАтФАтФАтФАтФАтФАтФАтФАтФАтФАтФАтФАтФАтФАтФАтФАтФАтФАтФАтФАтФАтФАтФАтФАтФАтФАтФАтФАтФАтФАтФАтФАтФАтФАтФАтФАтФАтФАтФАтФАтФАтФАтФАтФАтФАтФАтФАтФАтФАтФАтФАтФАтФАтФАтФАтФАтФАтФАтФАтФАтФАтФАтФАтФАтФАтФАтФАтФАтФАтФАтФАтФАтФАтФАтФАтФАтФАтФАтФАтФАтФАтФАтФАтФАтФАтФАтФАтФАтФАтФАтФАтФАтФАтФАтФАтФАтФАтФАтФАтФАтФАтФА
тФВ #0   TestService._completeBipolarTest (package:psycho_tests/services/test_service.dart:425:23)
тФВ #1   TestService.completeTest (package:psycho_tests/services/test_service.dart:55:16)
тФЬтФДтФДтФДтФДтФДтФДтФДтФДтФДтФДтФДтФДтФДтФДтФДтФДтФДтФДтФДтФДтФДтФДтФДтФДтФДтФДтФДтФДтФДтФДтФДтФДтФДтФДтФДтФДтФДтФДтФДтФДтФДтФДтФДтФДтФДтФДтФДтФДтФДтФДтФДтФДтФДтФДтФДтФДтФДтФДтФДтФДтФДтФДтФДтФДтФДтФДтФДтФДтФДтФДтФДтФДтФДтФДтФДтФДтФДтФДтФДтФДтФДтФДтФДтФДтФДтФДтФДтФДтФДтФДтФДтФДтФДтФДтФДтФДтФДтФДтФДтФДтФДтФДтФДтФДтФДтФДтФДтФДтФДтФДтФДтФДтФДтФДтФДтФДтФДтФДтФД
тФВ ЁЯРЫ Qq69: targetScale=judging, score=3
тФФтФАтФАтФАтФАтФАтФАтФАтФАтФАтФАтФАтФАтФАтФАтФАтФАтФАтФАтФАтФАтФАтФАтФАтФАтФАтФАтФАтФАтФАтФАтФАтФАтФАтФАтФАтФАтФАтФАтФАтФАтФАтФАтФАтФАтФАтФАтФАтФАтФАтФАтФАтФАтФАтФАтФАтФАтФАтФАтФАтФАтФАтФАтФАтФАтФАтФАтФАтФАтФАтФАтФАтФАтФАтФАтФАтФАтФАтФАтФАтФАтФАтФАтФАтФАтФАтФАтФАтФАтФАтФАтФАтФАтФАтФАтФАтФАтФАтФАтФАтФАтФАтФАтФАтФАтФАтФАтФАтФАтФАтФАтФАтФАтФАтФАтФАтФАтФАтФАтФА
тФМтФАтФАтФАтФАтФАтФАтФАтФАтФАтФАтФАтФАтФАтФАтФАтФАтФАтФАтФАтФАтФАтФАтФАтФАтФАтФАтФАтФАтФАтФАтФАтФАтФАтФАтФАтФАтФАтФАтФАтФАтФАтФАтФАтФАтФАтФАтФАтФАтФАтФАтФАтФАтФАтФАтФАтФАтФАтФАтФАтФАтФАтФАтФАтФАтФАтФАтФАтФАтФАтФАтФАтФАтФАтФАтФАтФАтФАтФАтФАтФАтФАтФАтФАтФАтФАтФАтФАтФАтФАтФАтФАтФАтФАтФАтФАтФАтФАтФАтФАтФАтФАтФАтФАтФАтФАтФАтФАтФАтФАтФАтФАтФАтФАтФАтФАтФАтФАтФАтФА
тФВ #0   TestService._completeBipolarTest (package:psycho_tests/services/test_service.dart:425:23)
тФВ #1   TestService.completeTest (package:psycho_tests/services/test_service.dart:55:16)
тФЬтФДтФДтФДтФДтФДтФДтФДтФДтФДтФДтФДтФДтФДтФДтФДтФДтФДтФДтФДтФДтФДтФДтФДтФДтФДтФДтФДтФДтФДтФДтФДтФДтФДтФДтФДтФДтФДтФДтФДтФДтФДтФДтФДтФДтФДтФДтФДтФДтФДтФДтФДтФДтФДтФДтФДтФДтФДтФДтФДтФДтФДтФДтФДтФДтФДтФДтФДтФДтФДтФДтФДтФДтФДтФДтФДтФДтФДтФДтФДтФДтФДтФДтФДтФДтФДтФДтФДтФДтФДтФДтФДтФДтФДтФДтФДтФДтФДтФДтФДтФДтФДтФДтФДтФДтФДтФДтФДтФДтФДтФДтФДтФДтФДтФДтФДтФДтФДтФДтФД
тФВ ЁЯРЫ Qq70: targetScale=perceiving, score=3
тФФтФАтФАтФАтФАтФАтФАтФАтФАтФАтФАтФАтФАтФАтФАтФАтФАтФАтФАтФАтФАтФАтФАтФАтФАтФАтФАтФАтФАтФАтФАтФАтФАтФАтФАтФАтФАтФАтФАтФАтФАтФАтФАтФАтФАтФАтФАтФАтФАтФАтФАтФАтФАтФАтФАтФАтФАтФАтФАтФАтФАтФАтФАтФАтФАтФАтФАтФАтФАтФАтФАтФАтФАтФАтФАтФАтФАтФАтФАтФАтФАтФАтФАтФАтФАтФАтФАтФАтФАтФАтФАтФАтФАтФАтФАтФАтФАтФАтФАтФАтФАтФАтФАтФАтФАтФАтФАтФАтФАтФАтФАтФАтФАтФАтФАтФАтФАтФАтФАтФА
тФМтФАтФАтФАтФАтФАтФАтФАтФАтФАтФАтФАтФАтФАтФАтФАтФАтФАтФАтФАтФАтФАтФАтФАтФАтФАтФАтФАтФАтФАтФАтФАтФАтФАтФАтФАтФАтФАтФАтФАтФАтФАтФАтФАтФАтФАтФАтФАтФАтФАтФАтФАтФАтФАтФАтФАтФАтФАтФАтФАтФАтФАтФАтФАтФАтФАтФАтФАтФАтФАтФАтФАтФАтФАтФАтФАтФАтФАтФАтФАтФАтФАтФАтФАтФАтФАтФАтФАтФАтФАтФАтФАтФАтФАтФАтФАтФАтФАтФАтФАтФАтФАтФАтФАтФАтФАтФАтФАтФАтФАтФАтФАтФАтФАтФАтФАтФАтФАтФАтФА
тФВ #0   TestService._completeBipolarTest (package:psycho_tests/services/test_service.dart:425:23)
тФВ #1   TestService.completeTest (package:psycho_tests/services/test_service.dart:55:16)
тФЬтФДтФДтФДтФДтФДтФДтФДтФДтФДтФДтФДтФДтФДтФДтФДтФДтФДтФДтФДтФДтФДтФДтФДтФДтФДтФДтФДтФДтФДтФДтФДтФДтФДтФДтФДтФДтФДтФДтФДтФДтФДтФДтФДтФДтФДтФДтФДтФДтФДтФДтФДтФДтФДтФДтФДтФДтФДтФДтФДтФДтФДтФДтФДтФДтФДтФДтФДтФДтФДтФДтФДтФДтФДтФДтФДтФДтФДтФДтФДтФДтФДтФДтФДтФДтФДтФДтФДтФДтФДтФДтФДтФДтФДтФДтФДтФДтФДтФДтФДтФДтФДтФДтФДтФДтФДтФДтФДтФДтФДтФДтФДтФДтФДтФДтФДтФДтФДтФДтФД
тФВ ЁЯРЫ Qq71: targetScale=judging, score=3
тФФтФАтФАтФАтФАтФАтФАтФАтФАтФАтФАтФАтФАтФАтФАтФАтФАтФАтФАтФАтФАтФАтФАтФАтФАтФАтФАтФАтФАтФАтФАтФАтФАтФАтФАтФАтФАтФАтФАтФАтФАтФАтФАтФАтФАтФАтФАтФАтФАтФАтФАтФАтФАтФАтФАтФАтФАтФАтФАтФАтФАтФАтФАтФАтФАтФАтФАтФАтФАтФАтФАтФАтФАтФАтФАтФАтФАтФАтФАтФАтФАтФАтФАтФАтФАтФАтФАтФАтФАтФАтФАтФАтФАтФАтФАтФАтФАтФАтФАтФАтФАтФАтФАтФАтФАтФАтФАтФАтФАтФАтФАтФАтФАтФАтФАтФАтФАтФАтФАтФА
тФМтФАтФАтФАтФАтФАтФАтФАтФАтФАтФАтФАтФАтФАтФАтФАтФАтФАтФАтФАтФАтФАтФАтФАтФАтФАтФАтФАтФАтФАтФАтФАтФАтФАтФАтФАтФАтФАтФАтФАтФАтФАтФАтФАтФАтФАтФАтФАтФАтФАтФАтФАтФАтФАтФАтФАтФАтФАтФАтФАтФАтФАтФАтФАтФАтФАтФАтФАтФАтФАтФАтФАтФАтФАтФАтФАтФАтФАтФАтФАтФАтФАтФАтФАтФАтФАтФАтФАтФАтФАтФАтФАтФАтФАтФАтФАтФАтФАтФАтФАтФАтФАтФАтФАтФАтФАтФАтФАтФАтФАтФАтФАтФАтФАтФАтФАтФАтФАтФАтФА
тФВ #0   TestService._completeBipolarTest (package:psycho_tests/services/test_service.dart:425:23)
тФВ #1   TestService.completeTest (package:psycho_tests/services/test_service.dart:55:16)
тФЬтФДтФДтФДтФДтФДтФДтФДтФДтФДтФДтФДтФДтФДтФДтФДтФДтФДтФДтФДтФДтФДтФДтФДтФДтФДтФДтФДтФДтФДтФДтФДтФДтФДтФДтФДтФДтФДтФДтФДтФДтФДтФДтФДтФДтФДтФДтФДтФДтФДтФДтФДтФДтФДтФДтФДтФДтФДтФДтФДтФДтФДтФДтФДтФДтФДтФДтФДтФДтФДтФДтФДтФДтФДтФДтФДтФДтФДтФДтФДтФДтФДтФДтФДтФДтФДтФДтФДтФДтФДтФДтФДтФДтФДтФДтФДтФДтФДтФДтФДтФДтФДтФДтФДтФДтФДтФДтФДтФДтФДтФДтФДтФДтФДтФДтФДтФДтФДтФДтФД
тФВ ЁЯРЫ Qq72: targetScale=perceiving, score=3
тФФтФАтФАтФАтФАтФАтФАтФАтФАтФАтФАтФАтФАтФАтФАтФАтФАтФАтФАтФАтФАтФАтФАтФАтФАтФАтФАтФАтФАтФАтФАтФАтФАтФАтФАтФАтФАтФАтФАтФАтФАтФАтФАтФАтФАтФАтФАтФАтФАтФАтФАтФАтФАтФАтФАтФАтФАтФАтФАтФАтФАтФАтФАтФАтФАтФАтФАтФАтФАтФАтФАтФАтФАтФАтФАтФАтФАтФАтФАтФАтФАтФАтФАтФАтФАтФАтФАтФАтФАтФАтФАтФАтФАтФАтФАтФАтФАтФАтФАтФАтФАтФАтФАтФАтФАтФАтФАтФАтФАтФАтФАтФАтФАтФАтФАтФАтФАтФАтФАтФА
тФМтФАтФАтФАтФАтФАтФАтФАтФАтФАтФАтФАтФАтФАтФАтФАтФАтФАтФАтФАтФАтФАтФАтФАтФАтФАтФАтФАтФАтФАтФАтФАтФАтФАтФАтФАтФАтФАтФАтФАтФАтФАтФАтФАтФАтФАтФАтФАтФАтФАтФАтФАтФАтФАтФАтФАтФАтФАтФАтФАтФАтФАтФАтФАтФАтФАтФАтФАтФАтФАтФАтФАтФАтФАтФАтФАтФАтФАтФАтФАтФАтФАтФАтФАтФАтФАтФАтФАтФАтФАтФАтФАтФАтФАтФАтФАтФАтФАтФАтФАтФАтФАтФАтФАтФАтФАтФАтФАтФАтФАтФАтФАтФАтФАтФАтФАтФАтФАтФАтФА
тФВ #0   TestService._completeBipolarTest (package:psycho_tests/services/test_service.dart:425:23)
тФВ #1   TestService.completeTest (package:psycho_tests/services/test_service.dart:55:16)
тФЬтФДтФДтФДтФДтФДтФДтФДтФДтФДтФДтФДтФДтФДтФДтФДтФДтФДтФДтФДтФДтФДтФДтФДтФДтФДтФДтФДтФДтФДтФДтФДтФДтФДтФДтФДтФДтФДтФДтФДтФДтФДтФДтФДтФДтФДтФДтФДтФДтФДтФДтФДтФДтФДтФДтФДтФДтФДтФДтФДтФДтФДтФДтФДтФДтФДтФДтФДтФДтФДтФДтФДтФДтФДтФДтФДтФДтФДтФДтФДтФДтФДтФДтФДтФДтФДтФДтФДтФДтФДтФДтФДтФДтФДтФДтФДтФДтФДтФДтФДтФДтФДтФДтФДтФДтФДтФДтФДтФДтФДтФДтФДтФДтФДтФДтФДтФДтФДтФДтФД
тФВ ЁЯРЫ Qq73: targetScale=judging, score=3
тФФтФАтФАтФАтФАтФАтФАтФАтФАтФАтФАтФАтФАтФАтФАтФАтФАтФАтФАтФАтФАтФАтФАтФАтФАтФАтФАтФАтФАтФАтФАтФАтФАтФАтФАтФАтФАтФАтФАтФАтФАтФАтФАтФАтФАтФАтФАтФАтФАтФАтФАтФАтФАтФАтФАтФАтФАтФАтФАтФАтФАтФАтФАтФАтФАтФАтФАтФАтФАтФАтФАтФАтФАтФАтФАтФАтФАтФАтФАтФАтФАтФАтФАтФАтФАтФАтФАтФАтФАтФАтФАтФАтФАтФАтФАтФАтФАтФАтФАтФАтФАтФАтФАтФАтФАтФАтФАтФАтФАтФАтФАтФАтФАтФАтФАтФАтФАтФАтФАтФА
тФМтФАтФАтФАтФАтФАтФАтФАтФАтФАтФАтФАтФАтФАтФАтФАтФАтФАтФАтФАтФАтФАтФАтФАтФАтФАтФАтФАтФАтФАтФАтФАтФАтФАтФАтФАтФАтФАтФАтФАтФАтФАтФАтФАтФАтФАтФАтФАтФАтФАтФАтФАтФАтФАтФАтФАтФАтФАтФАтФАтФАтФАтФАтФАтФАтФАтФАтФАтФАтФАтФАтФАтФАтФАтФАтФАтФАтФАтФАтФАтФАтФАтФАтФАтФАтФАтФАтФАтФАтФАтФАтФАтФАтФАтФАтФАтФАтФАтФАтФАтФАтФАтФАтФАтФАтФАтФАтФАтФАтФАтФАтФАтФАтФАтФАтФАтФАтФАтФАтФА
тФВ #0   TestService._completeBipolarTest (package:psycho_tests/services/test_service.dart:425:23)
тФВ #1   TestService.completeTest (package:psycho_tests/services/test_service.dart:55:16)
тФЬтФДтФДтФДтФДтФДтФДтФДтФДтФДтФДтФДтФДтФДтФДтФДтФДтФДтФДтФДтФДтФДтФДтФДтФДтФДтФДтФДтФДтФДтФДтФДтФДтФДтФДтФДтФДтФДтФДтФДтФДтФДтФДтФДтФДтФДтФДтФДтФДтФДтФДтФДтФДтФДтФДтФДтФДтФДтФДтФДтФДтФДтФДтФДтФДтФДтФДтФДтФДтФДтФДтФДтФДтФДтФДтФДтФДтФДтФДтФДтФДтФДтФДтФДтФДтФДтФДтФДтФДтФДтФДтФДтФДтФДтФДтФДтФДтФДтФДтФДтФДтФДтФДтФДтФДтФДтФДтФДтФДтФДтФДтФДтФДтФДтФДтФДтФДтФДтФДтФД
тФВ ЁЯРЫ Qq74: targetScale=perceiving, score=3
тФФтФАтФАтФАтФАтФАтФАтФАтФАтФАтФАтФАтФАтФАтФАтФАтФАтФАтФАтФАтФАтФАтФАтФАтФАтФАтФАтФАтФАтФАтФАтФАтФАтФАтФАтФАтФАтФАтФАтФАтФАтФАтФАтФАтФАтФАтФАтФАтФАтФАтФАтФАтФАтФАтФАтФАтФАтФАтФАтФАтФАтФАтФАтФАтФАтФАтФАтФАтФАтФАтФАтФАтФАтФАтФАтФАтФАтФАтФАтФАтФАтФАтФАтФАтФАтФАтФАтФАтФАтФАтФАтФАтФАтФАтФАтФАтФАтФАтФАтФАтФАтФАтФАтФАтФАтФАтФАтФАтФАтФАтФАтФАтФАтФАтФАтФАтФАтФАтФАтФА
тФМтФАтФАтФАтФАтФАтФАтФАтФАтФАтФАтФАтФАтФАтФАтФАтФАтФАтФАтФАтФАтФАтФАтФАтФАтФАтФАтФАтФАтФАтФАтФАтФАтФАтФАтФАтФАтФАтФАтФАтФАтФАтФАтФАтФАтФАтФАтФАтФАтФАтФАтФАтФАтФАтФАтФАтФАтФАтФАтФАтФАтФАтФАтФАтФАтФАтФАтФАтФАтФАтФАтФАтФАтФАтФАтФАтФАтФАтФАтФАтФАтФАтФАтФАтФАтФАтФАтФАтФАтФАтФАтФАтФАтФАтФАтФАтФАтФАтФАтФАтФАтФАтФАтФАтФАтФАтФАтФАтФАтФАтФАтФАтФАтФАтФАтФАтФАтФАтФАтФА
тФВ #0   TestService._completeBipolarTest (package:psycho_tests/services/test_service.dart:425:23)
тФВ #1   TestService.completeTest (package:psycho_tests/services/test_service.dart:55:16)
тФЬтФДтФДтФДтФДтФДтФДтФДтФДтФДтФДтФДтФДтФДтФДтФДтФДтФДтФДтФДтФДтФДтФДтФДтФДтФДтФДтФДтФДтФДтФДтФДтФДтФДтФДтФДтФДтФДтФДтФДтФДтФДтФДтФДтФДтФДтФДтФДтФДтФДтФДтФДтФДтФДтФДтФДтФДтФДтФДтФДтФДтФДтФДтФДтФДтФДтФДтФДтФДтФДтФДтФДтФДтФДтФДтФДтФДтФДтФДтФДтФДтФДтФДтФДтФДтФДтФДтФДтФДтФДтФДтФДтФДтФДтФДтФДтФДтФДтФДтФДтФДтФДтФДтФДтФДтФДтФДтФДтФДтФДтФДтФДтФДтФДтФДтФДтФДтФДтФДтФД
тФВ ЁЯРЫ Qq75: targetScale=judging, score=3
тФФтФАтФАтФАтФАтФАтФАтФАтФАтФАтФАтФАтФАтФАтФАтФАтФАтФАтФАтФАтФАтФАтФАтФАтФАтФАтФАтФАтФАтФАтФАтФАтФАтФАтФАтФАтФАтФАтФАтФАтФАтФАтФАтФАтФАтФАтФАтФАтФАтФАтФАтФАтФАтФАтФАтФАтФАтФАтФАтФАтФАтФАтФАтФАтФАтФАтФАтФАтФАтФАтФАтФАтФАтФАтФАтФАтФАтФАтФАтФАтФАтФАтФАтФАтФАтФАтФАтФАтФАтФАтФАтФАтФАтФАтФАтФАтФАтФАтФАтФАтФАтФАтФАтФАтФАтФАтФАтФАтФАтФАтФАтФАтФАтФАтФАтФАтФАтФАтФАтФА
тФМтФАтФАтФАтФАтФАтФАтФАтФАтФАтФАтФАтФАтФАтФАтФАтФАтФАтФАтФАтФАтФАтФАтФАтФАтФАтФАтФАтФАтФАтФАтФАтФАтФАтФАтФАтФАтФАтФАтФАтФАтФАтФАтФАтФАтФАтФАтФАтФАтФАтФАтФАтФАтФАтФАтФАтФАтФАтФАтФАтФАтФАтФАтФАтФАтФАтФАтФАтФАтФАтФАтФАтФАтФАтФАтФАтФАтФАтФАтФАтФАтФАтФАтФАтФАтФАтФАтФАтФАтФАтФАтФАтФАтФАтФАтФАтФАтФАтФАтФАтФАтФАтФАтФАтФАтФАтФАтФАтФАтФАтФАтФАтФАтФАтФАтФАтФАтФАтФАтФА
тФВ #0   TestService._completeBipolarTest (package:psycho_tests/services/test_service.dart:425:23)
тФВ #1   TestService.completeTest (package:psycho_tests/services/test_service.dart:55:16)
тФЬтФДтФДтФДтФДтФДтФДтФДтФДтФДтФДтФДтФДтФДтФДтФДтФДтФДтФДтФДтФДтФДтФДтФДтФДтФДтФДтФДтФДтФДтФДтФДтФДтФДтФДтФДтФДтФДтФДтФДтФДтФДтФДтФДтФДтФДтФДтФДтФДтФДтФДтФДтФДтФДтФДтФДтФДтФДтФДтФДтФДтФДтФДтФДтФДтФДтФДтФДтФДтФДтФДтФДтФДтФДтФДтФДтФДтФДтФДтФДтФДтФДтФДтФДтФДтФДтФДтФДтФДтФДтФДтФДтФДтФДтФДтФДтФДтФДтФДтФДтФДтФДтФДтФДтФДтФДтФДтФДтФДтФДтФДтФДтФДтФДтФДтФДтФДтФДтФДтФД
тФВ ЁЯРЫ Qq76: targetScale=perceiving, score=3
тФФтФАтФАтФАтФАтФАтФАтФАтФАтФАтФАтФАтФАтФАтФАтФАтФАтФАтФАтФАтФАтФАтФАтФАтФАтФАтФАтФАтФАтФАтФАтФАтФАтФАтФАтФАтФАтФАтФАтФАтФАтФАтФАтФАтФАтФАтФАтФАтФАтФАтФАтФАтФАтФАтФАтФАтФАтФАтФАтФАтФАтФАтФАтФАтФАтФАтФАтФАтФАтФАтФАтФАтФАтФАтФАтФАтФАтФАтФАтФАтФАтФАтФАтФАтФАтФАтФАтФАтФАтФАтФАтФАтФАтФАтФАтФАтФАтФАтФАтФАтФАтФАтФАтФАтФАтФАтФАтФАтФАтФАтФАтФАтФАтФАтФАтФАтФАтФАтФАтФА
тФМтФАтФАтФАтФАтФАтФАтФАтФАтФАтФАтФАтФАтФАтФАтФАтФАтФАтФАтФАтФАтФАтФАтФАтФАтФАтФАтФАтФАтФАтФАтФАтФАтФАтФАтФАтФАтФАтФАтФАтФАтФАтФАтФАтФАтФАтФАтФАтФАтФАтФАтФАтФАтФАтФАтФАтФАтФАтФАтФАтФАтФАтФАтФАтФАтФАтФАтФАтФАтФАтФАтФАтФАтФАтФАтФАтФАтФАтФАтФАтФАтФАтФАтФАтФАтФАтФАтФАтФАтФАтФАтФАтФАтФАтФАтФАтФАтФАтФАтФАтФАтФАтФАтФАтФАтФАтФАтФАтФАтФАтФАтФАтФАтФАтФАтФАтФАтФАтФАтФА
тФВ #0   TestService._completeBipolarTest (package:psycho_tests/services/test_service.dart:425:23)
тФВ #1   TestService.completeTest (package:psycho_tests/services/test_service.dart:55:16)
тФЬтФДтФДтФДтФДтФДтФДтФДтФДтФДтФДтФДтФДтФДтФДтФДтФДтФДтФДтФДтФДтФДтФДтФДтФДтФДтФДтФДтФДтФДтФДтФДтФДтФДтФДтФДтФДтФДтФДтФДтФДтФДтФДтФДтФДтФДтФДтФДтФДтФДтФДтФДтФДтФДтФДтФДтФДтФДтФДтФДтФДтФДтФДтФДтФДтФДтФДтФДтФДтФДтФДтФДтФДтФДтФДтФДтФДтФДтФДтФДтФДтФДтФДтФДтФДтФДтФДтФДтФДтФДтФДтФДтФДтФДтФДтФДтФДтФДтФДтФДтФДтФДтФДтФДтФДтФДтФДтФДтФДтФДтФДтФДтФДтФДтФДтФДтФДтФДтФДтФД
тФВ ЁЯРЫ Qq77: targetScale=judging, score=3
тФФтФАтФАтФАтФАтФАтФАтФАтФАтФАтФАтФАтФАтФАтФАтФАтФАтФАтФАтФАтФАтФАтФАтФАтФАтФАтФАтФАтФАтФАтФАтФАтФАтФАтФАтФАтФАтФАтФАтФАтФАтФАтФАтФАтФАтФАтФАтФАтФАтФАтФАтФАтФАтФАтФАтФАтФАтФАтФАтФАтФАтФАтФАтФАтФАтФАтФАтФАтФАтФАтФАтФАтФАтФАтФАтФАтФАтФАтФАтФАтФАтФАтФАтФАтФАтФАтФАтФАтФАтФАтФАтФАтФАтФАтФАтФАтФАтФАтФАтФАтФАтФАтФАтФАтФАтФАтФАтФАтФАтФАтФАтФАтФАтФАтФАтФАтФАтФАтФАтФА
тФМтФАтФАтФАтФАтФАтФАтФАтФАтФАтФАтФАтФАтФАтФАтФАтФАтФАтФАтФАтФАтФАтФАтФАтФАтФАтФАтФАтФАтФАтФАтФАтФАтФАтФАтФАтФАтФАтФАтФАтФАтФАтФАтФАтФАтФАтФАтФАтФАтФАтФАтФАтФАтФАтФАтФАтФАтФАтФАтФАтФАтФАтФАтФАтФАтФАтФАтФАтФАтФАтФАтФАтФАтФАтФАтФАтФАтФАтФАтФАтФАтФАтФАтФАтФАтФАтФАтФАтФАтФАтФАтФАтФАтФАтФАтФАтФАтФАтФАтФАтФАтФАтФАтФАтФАтФАтФАтФАтФАтФАтФАтФАтФАтФАтФАтФАтФАтФАтФАтФА
тФВ #0   TestService._completeBipolarTest (package:psycho_tests/services/test_service.dart:425:23)
тФВ #1   TestService.completeTest (package:psycho_tests/services/test_service.dart:55:16)
тФЬтФДтФДтФДтФДтФДтФДтФДтФДтФДтФДтФДтФДтФДтФДтФДтФДтФДтФДтФДтФДтФДтФДтФДтФДтФДтФДтФДтФДтФДтФДтФДтФДтФДтФДтФДтФДтФДтФДтФДтФДтФДтФДтФДтФДтФДтФДтФДтФДтФДтФДтФДтФДтФДтФДтФДтФДтФДтФДтФДтФДтФДтФДтФДтФДтФДтФДтФДтФДтФДтФДтФДтФДтФДтФДтФДтФДтФДтФДтФДтФДтФДтФДтФДтФДтФДтФДтФДтФДтФДтФДтФДтФДтФДтФДтФДтФДтФДтФДтФДтФДтФДтФДтФДтФДтФДтФДтФДтФДтФДтФДтФДтФДтФДтФДтФДтФДтФДтФДтФД
тФВ ЁЯРЫ Qq78: targetScale=perceiving, score=3
тФФтФАтФАтФАтФАтФАтФАтФАтФАтФАтФАтФАтФАтФАтФАтФАтФАтФАтФАтФАтФАтФАтФАтФАтФАтФАтФАтФАтФАтФАтФАтФАтФАтФАтФАтФАтФАтФАтФАтФАтФАтФАтФАтФАтФАтФАтФАтФАтФАтФАтФАтФАтФАтФАтФАтФАтФАтФАтФАтФАтФАтФАтФАтФАтФАтФАтФАтФАтФАтФАтФАтФАтФАтФАтФАтФАтФАтФАтФАтФАтФАтФАтФАтФАтФАтФАтФАтФАтФАтФАтФАтФАтФАтФАтФАтФАтФАтФАтФАтФАтФАтФАтФАтФАтФАтФАтФАтФАтФАтФАтФАтФАтФАтФАтФАтФАтФАтФАтФАтФА
тФМтФАтФАтФАтФАтФАтФАтФАтФАтФАтФАтФАтФАтФАтФАтФАтФАтФАтФАтФАтФАтФАтФАтФАтФАтФАтФАтФАтФАтФАтФАтФАтФАтФАтФАтФАтФАтФАтФАтФАтФАтФАтФАтФАтФАтФАтФАтФАтФАтФАтФАтФАтФАтФАтФАтФАтФАтФАтФАтФАтФАтФАтФАтФАтФАтФАтФАтФАтФАтФАтФАтФАтФАтФАтФАтФАтФАтФАтФАтФАтФАтФАтФАтФАтФАтФАтФАтФАтФАтФАтФАтФАтФАтФАтФАтФАтФАтФАтФАтФАтФАтФАтФАтФАтФАтФАтФАтФАтФАтФАтФАтФАтФАтФАтФАтФАтФАтФАтФАтФА
тФВ #0   TestService._completeBipolarTest (package:psycho_tests/services/test_service.dart:425:23)
тФВ #1   TestService.completeTest (package:psycho_tests/services/test_service.dart:55:16)
тФЬтФДтФДтФДтФДтФДтФДтФДтФДтФДтФДтФДтФДтФДтФДтФДтФДтФДтФДтФДтФДтФДтФДтФДтФДтФДтФДтФДтФДтФДтФДтФДтФДтФДтФДтФДтФДтФДтФДтФДтФДтФДтФДтФДтФДтФДтФДтФДтФДтФДтФДтФДтФДтФДтФДтФДтФДтФДтФДтФДтФДтФДтФДтФДтФДтФДтФДтФДтФДтФДтФДтФДтФДтФДтФДтФДтФДтФДтФДтФДтФДтФДтФДтФДтФДтФДтФДтФДтФДтФДтФДтФДтФДтФДтФДтФДтФДтФДтФДтФДтФДтФДтФДтФДтФДтФДтФДтФДтФДтФДтФДтФДтФДтФДтФДтФДтФДтФДтФДтФД
тФВ ЁЯРЫ Qq79: targetScale=judging, score=3
тФФтФАтФАтФАтФАтФАтФАтФАтФАтФАтФАтФАтФАтФАтФАтФАтФАтФАтФАтФАтФАтФАтФАтФАтФАтФАтФАтФАтФАтФАтФАтФАтФАтФАтФАтФАтФАтФАтФАтФАтФАтФАтФАтФАтФАтФАтФАтФАтФАтФАтФАтФАтФАтФАтФАтФАтФАтФАтФАтФАтФАтФАтФАтФАтФАтФАтФАтФАтФАтФАтФАтФАтФАтФАтФАтФАтФАтФАтФАтФАтФАтФАтФАтФАтФАтФАтФАтФАтФАтФАтФАтФАтФАтФАтФАтФАтФАтФАтФАтФАтФАтФАтФАтФАтФАтФАтФАтФАтФАтФАтФАтФАтФАтФАтФАтФАтФАтФАтФАтФА
тФМтФАтФАтФАтФАтФАтФАтФАтФАтФАтФАтФАтФАтФАтФАтФАтФАтФАтФАтФАтФАтФАтФАтФАтФАтФАтФАтФАтФАтФАтФАтФАтФАтФАтФАтФАтФАтФАтФАтФАтФАтФАтФАтФАтФАтФАтФАтФАтФАтФАтФАтФАтФАтФАтФАтФАтФАтФАтФАтФАтФАтФАтФАтФАтФАтФАтФАтФАтФАтФАтФАтФАтФАтФАтФАтФАтФАтФАтФАтФАтФАтФАтФАтФАтФАтФАтФАтФАтФАтФАтФАтФАтФАтФАтФАтФАтФАтФАтФАтФАтФАтФАтФАтФАтФАтФАтФАтФАтФАтФАтФАтФАтФАтФАтФАтФАтФАтФАтФАтФА
тФВ #0   TestService._completeBipolarTest (package:psycho_tests/services/test_service.dart:425:23)
тФВ #1   TestService.completeTest (package:psycho_tests/services/test_service.dart:55:16)
тФЬтФДтФДтФДтФДтФДтФДтФДтФДтФДтФДтФДтФДтФДтФДтФДтФДтФДтФДтФДтФДтФДтФДтФДтФДтФДтФДтФДтФДтФДтФДтФДтФДтФДтФДтФДтФДтФДтФДтФДтФДтФДтФДтФДтФДтФДтФДтФДтФДтФДтФДтФДтФДтФДтФДтФДтФДтФДтФДтФДтФДтФДтФДтФДтФДтФДтФДтФДтФДтФДтФДтФДтФДтФДтФДтФДтФДтФДтФДтФДтФДтФДтФДтФДтФДтФДтФДтФДтФДтФДтФДтФДтФДтФДтФДтФДтФДтФДтФДтФДтФДтФДтФДтФДтФДтФДтФДтФДтФДтФДтФДтФДтФДтФДтФДтФДтФДтФДтФДтФД
тФВ ЁЯРЫ Qq80: targetScale=perceiving, score=3
тФФтФАтФАтФАтФАтФАтФАтФАтФАтФАтФАтФАтФАтФАтФАтФАтФАтФАтФАтФАтФАтФАтФАтФАтФАтФАтФАтФАтФАтФАтФАтФАтФАтФАтФАтФАтФАтФАтФАтФАтФАтФАтФАтФАтФАтФАтФАтФАтФАтФАтФАтФАтФАтФАтФАтФАтФАтФАтФАтФАтФАтФАтФАтФАтФАтФАтФАтФАтФАтФАтФАтФАтФАтФАтФАтФАтФАтФАтФАтФАтФАтФАтФАтФАтФАтФАтФАтФАтФАтФАтФАтФАтФАтФАтФАтФАтФАтФАтФАтФАтФАтФАтФАтФАтФАтФАтФАтФАтФАтФАтФАтФАтФАтФАтФАтФАтФАтФАтФАтФА
тФМтФАтФАтФАтФАтФАтФАтФАтФАтФАтФАтФАтФАтФАтФАтФАтФАтФАтФАтФАтФАтФАтФАтФАтФАтФАтФАтФАтФАтФАтФАтФАтФАтФАтФАтФАтФАтФАтФАтФАтФАтФАтФАтФАтФАтФАтФАтФАтФАтФАтФАтФАтФАтФАтФАтФАтФАтФАтФАтФАтФАтФАтФАтФАтФАтФАтФАтФАтФАтФАтФАтФАтФАтФАтФАтФАтФАтФАтФАтФАтФАтФАтФАтФАтФАтФАтФАтФАтФАтФАтФАтФАтФАтФАтФАтФАтФАтФАтФАтФАтФАтФАтФАтФАтФАтФАтФАтФАтФАтФАтФАтФАтФАтФАтФАтФАтФАтФАтФАтФА
тФВ #0   TestService._completeBipolarTest (package:psycho_tests/services/test_service.dart:465:15)
тФВ #1   TestService.completeTest (package:psycho_tests/services/test_service.dart:55:16)
тФЬтФДтФДтФДтФДтФДтФДтФДтФДтФДтФДтФДтФДтФДтФДтФДтФДтФДтФДтФДтФДтФДтФДтФДтФДтФДтФДтФДтФДтФДтФДтФДтФДтФДтФДтФДтФДтФДтФДтФДтФДтФДтФДтФДтФДтФДтФДтФДтФДтФДтФДтФДтФДтФДтФДтФДтФДтФДтФДтФДтФДтФДтФДтФДтФДтФДтФДтФДтФДтФДтФДтФДтФДтФДтФДтФДтФДтФДтФДтФДтФДтФДтФДтФДтФДтФДтФДтФДтФДтФДтФДтФДтФДтФДтФДтФДтФДтФДтФДтФДтФДтФДтФДтФДтФДтФДтФДтФДтФДтФДтФДтФДтФДтФДтФДтФДтФДтФДтФДтФД
тФВ ЁЯРЫ End of loop. Processed questions: 80
тФФтФАтФАтФАтФАтФАтФАтФАтФАтФАтФАтФАтФАтФАтФАтФАтФАтФАтФАтФАтФАтФАтФАтФАтФАтФАтФАтФАтФАтФАтФАтФАтФАтФАтФАтФАтФАтФАтФАтФАтФАтФАтФАтФАтФАтФАтФАтФАтФАтФАтФАтФАтФАтФАтФАтФАтФАтФАтФАтФАтФАтФАтФАтФАтФАтФАтФАтФАтФАтФАтФАтФАтФАтФАтФАтФАтФАтФАтФАтФАтФАтФАтФАтФАтФАтФАтФАтФАтФАтФАтФАтФАтФАтФАтФАтФАтФАтФАтФАтФАтФАтФАтФАтФАтФАтФАтФАтФАтФАтФАтФАтФАтФАтФАтФАтФАтФАтФАтФАтФА
тФМтФАтФАтФАтФАтФАтФАтФАтФАтФАтФАтФАтФАтФАтФАтФАтФАтФАтФАтФАтФАтФАтФАтФАтФАтФАтФАтФАтФАтФАтФАтФАтФАтФАтФАтФАтФАтФАтФАтФАтФАтФАтФАтФАтФАтФАтФАтФАтФАтФАтФАтФАтФАтФАтФАтФАтФАтФАтФАтФАтФАтФАтФАтФАтФАтФАтФАтФАтФАтФАтФАтФАтФАтФАтФАтФАтФАтФАтФАтФАтФАтФАтФАтФАтФАтФАтФАтФАтФАтФАтФАтФАтФАтФАтФАтФАтФАтФАтФАтФАтФАтФАтФАтФАтФАтФАтФАтФАтФАтФАтФАтФАтФАтФАтФАтФАтФАтФАтФАтФА
тФВ #0   TestService._completeBipolarTest (package:psycho_tests/services/test_service.dart:466:15)
тФВ #1   TestService.completeTest (package:psycho_tests/services/test_service.dart:55:16)
тФЬтФДтФДтФДтФДтФДтФДтФДтФДтФДтФДтФДтФДтФДтФДтФДтФДтФДтФДтФДтФДтФДтФДтФДтФДтФДтФДтФДтФДтФДтФДтФДтФДтФДтФДтФДтФДтФДтФДтФДтФДтФДтФДтФДтФДтФДтФДтФДтФДтФДтФДтФДтФДтФДтФДтФДтФДтФДтФДтФДтФДтФДтФДтФДтФДтФДтФДтФДтФДтФДтФДтФДтФДтФДтФДтФДтФДтФДтФДтФДтФДтФДтФДтФДтФДтФДтФДтФДтФДтФДтФДтФДтФДтФДтФДтФДтФДтФДтФДтФДтФДтФДтФДтФДтФДтФДтФДтФДтФДтФДтФДтФДтФДтФДтФДтФДтФДтФДтФДтФД
тФВ ЁЯРЫ Skipped questions: 0
тФФтФАтФАтФАтФАтФАтФАтФАтФАтФАтФАтФАтФАтФАтФАтФАтФАтФАтФАтФАтФАтФАтФАтФАтФАтФАтФАтФАтФАтФАтФАтФАтФАтФАтФАтФАтФАтФАтФАтФАтФАтФАтФАтФАтФАтФАтФАтФАтФАтФАтФАтФАтФАтФАтФАтФАтФАтФАтФАтФАтФАтФАтФАтФАтФАтФАтФАтФАтФАтФАтФАтФАтФАтФАтФАтФАтФАтФАтФАтФАтФАтФАтФАтФАтФАтФАтФАтФАтФАтФАтФАтФАтФАтФАтФАтФАтФАтФАтФАтФАтФАтФАтФАтФАтФАтФАтФАтФАтФАтФАтФАтФАтФАтФАтФАтФАтФАтФАтФАтФА
тФМтФАтФАтФАтФАтФАтФАтФАтФАтФАтФАтФАтФАтФАтФАтФАтФАтФАтФАтФАтФАтФАтФАтФАтФАтФАтФАтФАтФАтФАтФАтФАтФАтФАтФАтФАтФАтФАтФАтФАтФАтФАтФАтФАтФАтФАтФАтФАтФАтФАтФАтФАтФАтФАтФАтФАтФАтФАтФАтФАтФАтФАтФАтФАтФАтФАтФАтФАтФАтФАтФАтФАтФАтФАтФАтФАтФАтФАтФАтФАтФАтФАтФАтФАтФАтФАтФАтФАтФАтФАтФАтФАтФАтФАтФАтФАтФАтФАтФАтФАтФАтФАтФАтФАтФАтФАтФАтФАтФАтФАтФАтФАтФАтФАтФАтФАтФАтФАтФАтФА
тФВ #0   TestService._completeBipolarTest (package:psycho_tests/services/test_service.dart:467:15)
тФВ #1   TestService.completeTest (package:psycho_tests/services/test_service.dart:55:16)
тФЬтФДтФДтФДтФДтФДтФДтФДтФДтФДтФДтФДтФДтФДтФДтФДтФДтФДтФДтФДтФДтФДтФДтФДтФДтФДтФДтФДтФДтФДтФДтФДтФДтФДтФДтФДтФДтФДтФДтФДтФДтФДтФДтФДтФДтФДтФДтФДтФДтФДтФДтФДтФДтФДтФДтФДтФДтФДтФДтФДтФДтФДтФДтФДтФДтФДтФДтФДтФДтФДтФДтФДтФДтФДтФДтФДтФДтФДтФДтФДтФДтФДтФДтФДтФДтФДтФДтФДтФДтФДтФДтФДтФДтФДтФДтФДтФДтФДтФДтФДтФДтФДтФДтФДтФДтФДтФДтФДтФДтФДтФДтФДтФДтФДтФДтФДтФДтФДтФДтФД
тФВ ЁЯРЫ Answered questions: 80
тФФтФАтФАтФАтФАтФАтФАтФАтФАтФАтФАтФАтФАтФАтФАтФАтФАтФАтФАтФАтФАтФАтФАтФАтФАтФАтФАтФАтФАтФАтФАтФАтФАтФАтФАтФАтФАтФАтФАтФАтФАтФАтФАтФАтФАтФАтФАтФАтФАтФАтФАтФАтФАтФАтФАтФАтФАтФАтФАтФАтФАтФАтФАтФАтФАтФАтФАтФАтФАтФАтФАтФАтФАтФАтФАтФАтФАтФАтФАтФАтФАтФАтФАтФАтФАтФАтФАтФАтФАтФАтФАтФАтФАтФАтФАтФАтФАтФАтФАтФАтФАтФАтФАтФАтФАтФАтФАтФАтФАтФАтФАтФАтФАтФАтФАтФАтФАтФАтФАтФА
тФМтФАтФАтФАтФАтФАтФАтФАтФАтФАтФАтФАтФАтФАтФАтФАтФАтФАтФАтФАтФАтФАтФАтФАтФАтФАтФАтФАтФАтФАтФАтФАтФАтФАтФАтФАтФАтФАтФАтФАтФАтФАтФАтФАтФАтФАтФАтФАтФАтФАтФАтФАтФАтФАтФАтФАтФАтФАтФАтФАтФАтФАтФАтФАтФАтФАтФАтФАтФАтФАтФАтФАтФАтФАтФАтФАтФАтФАтФАтФАтФАтФАтФАтФАтФАтФАтФАтФАтФАтФАтФАтФАтФАтФАтФАтФАтФАтФАтФАтФАтФАтФАтФАтФАтФАтФАтФАтФАтФАтФАтФАтФАтФАтФАтФАтФАтФАтФАтФАтФА
тФВ #0   TestService._completeBipolarTest (package:psycho_tests/services/test_service.dart:468:15)
тФВ #1   TestService.completeTest (package:psycho_tests/services/test_service.dart:55:16)
тФЬтФДтФДтФДтФДтФДтФДтФДтФДтФДтФДтФДтФДтФДтФДтФДтФДтФДтФДтФДтФДтФДтФДтФДтФДтФДтФДтФДтФДтФДтФДтФДтФДтФДтФДтФДтФДтФДтФДтФДтФДтФДтФДтФДтФДтФДтФДтФДтФДтФДтФДтФДтФДтФДтФДтФДтФДтФДтФДтФДтФДтФДтФДтФДтФДтФДтФДтФДтФДтФДтФДтФДтФДтФДтФДтФДтФДтФДтФДтФДтФДтФДтФДтФДтФДтФДтФДтФДтФДтФДтФДтФДтФДтФДтФДтФДтФДтФДтФДтФДтФДтФДтФДтФДтФДтФДтФДтФДтФДтФДтФДтФДтФДтФДтФДтФДтФДтФДтФДтФД
тФВ ЁЯРЫ Raw scale scores: {extraversion: 30, introversion: 30, sensing: 33, intuition: 27, thinking: 30, feeling: 30, judging: 30, perceiving: 30}
тФФтФАтФАтФАтФАтФАтФАтФАтФАтФАтФАтФАтФАтФАтФАтФАтФАтФАтФАтФАтФАтФАтФАтФАтФАтФАтФАтФАтФАтФАтФАтФАтФАтФАтФАтФАтФАтФАтФАтФАтФАтФАтФАтФАтФАтФАтФАтФАтФАтФАтФАтФАтФАтФАтФАтФАтФАтФАтФАтФАтФАтФАтФАтФАтФАтФАтФАтФАтФАтФАтФАтФАтФАтФАтФАтФАтФАтФАтФАтФАтФАтФАтФАтФАтФАтФАтФАтФАтФАтФАтФАтФАтФАтФАтФАтФАтФАтФАтФАтФАтФАтФАтФАтФАтФАтФАтФАтФАтФАтФАтФАтФАтФАтФАтФАтФАтФАтФАтФАтФА
тФМтФАтФАтФАтФАтФАтФАтФАтФАтФАтФАтФАтФАтФАтФАтФАтФАтФАтФАтФАтФАтФАтФАтФАтФАтФАтФАтФАтФАтФАтФАтФАтФАтФАтФАтФАтФАтФАтФАтФАтФАтФАтФАтФАтФАтФАтФАтФАтФАтФАтФАтФАтФАтФАтФАтФАтФАтФАтФАтФАтФАтФАтФАтФАтФАтФАтФАтФАтФАтФАтФАтФАтФАтФАтФАтФАтФАтФАтФАтФАтФАтФАтФАтФАтФАтФАтФАтФАтФАтФАтФАтФАтФАтФАтФАтФАтФАтФАтФАтФАтФАтФАтФАтФАтФАтФАтФАтФАтФАтФАтФАтФАтФАтФАтФАтФАтФАтФАтФАтФА
тФВ #0   TestService._completeBipolarTest (package:psycho_tests/services/test_service.dart:482:17)
тФВ #1   TestService.completeTest (package:psycho_tests/services/test_service.dart:55:16)
тФЬтФДтФДтФДтФДтФДтФДтФДтФДтФДтФДтФДтФДтФДтФДтФДтФДтФДтФДтФДтФДтФДтФДтФДтФДтФДтФДтФДтФДтФДтФДтФДтФДтФДтФДтФДтФДтФДтФДтФДтФДтФДтФДтФДтФДтФДтФДтФДтФДтФДтФДтФДтФДтФДтФДтФДтФДтФДтФДтФДтФДтФДтФДтФДтФДтФДтФДтФДтФДтФДтФДтФДтФДтФДтФДтФДтФДтФДтФДтФДтФДтФДтФДтФДтФДтФДтФДтФДтФДтФДтФДтФДтФДтФДтФДтФДтФДтФДтФДтФДтФДтФДтФДтФДтФДтФДтФДтФДтФДтФДтФДтФДтФДтФДтФДтФДтФДтФДтФДтФД
тФВ ЁЯРЫ Scale extraversion: 30/50 = 60.0%
тФФтФАтФАтФАтФАтФАтФАтФАтФАтФАтФАтФАтФАтФАтФАтФАтФАтФАтФАтФАтФАтФАтФАтФАтФАтФАтФАтФАтФАтФАтФАтФАтФАтФАтФАтФАтФАтФАтФАтФАтФАтФАтФАтФАтФАтФАтФАтФАтФАтФАтФАтФАтФАтФАтФАтФАтФАтФАтФАтФАтФАтФАтФАтФАтФАтФАтФАтФАтФАтФАтФАтФАтФАтФАтФАтФАтФАтФАтФАтФАтФАтФАтФАтФАтФАтФАтФАтФАтФАтФАтФАтФАтФАтФАтФАтФАтФАтФАтФАтФАтФАтФАтФАтФАтФАтФАтФАтФАтФАтФАтФАтФАтФАтФАтФАтФАтФАтФАтФАтФА
тФМтФАтФАтФАтФАтФАтФАтФАтФАтФАтФАтФАтФАтФАтФАтФАтФАтФАтФАтФАтФАтФАтФАтФАтФАтФАтФАтФАтФАтФАтФАтФАтФАтФАтФАтФАтФАтФАтФАтФАтФАтФАтФАтФАтФАтФАтФАтФАтФАтФАтФАтФАтФАтФАтФАтФАтФАтФАтФАтФАтФАтФАтФАтФАтФАтФАтФАтФАтФАтФАтФАтФАтФАтФАтФАтФАтФАтФАтФАтФАтФАтФАтФАтФАтФАтФАтФАтФАтФАтФАтФАтФАтФАтФАтФАтФАтФАтФАтФАтФАтФАтФАтФАтФАтФАтФАтФАтФАтФАтФАтФАтФАтФАтФАтФАтФАтФАтФАтФАтФА
тФВ #0   TestService._completeBipolarTest (package:psycho_tests/services/test_service.dart:482:17)
тФВ #1   TestService.completeTest (package:psycho_tests/services/test_service.dart:55:16)
тФЬтФДтФДтФДтФДтФДтФДтФДтФДтФДтФДтФДтФДтФДтФДтФДтФДтФДтФДтФДтФДтФДтФДтФДтФДтФДтФДтФДтФДтФДтФДтФДтФДтФДтФДтФДтФДтФДтФДтФДтФДтФДтФДтФДтФДтФДтФДтФДтФДтФДтФДтФДтФДтФДтФДтФДтФДтФДтФДтФДтФДтФДтФДтФДтФДтФДтФДтФДтФДтФДтФДтФДтФДтФДтФДтФДтФДтФДтФДтФДтФДтФДтФДтФДтФДтФДтФДтФДтФДтФДтФДтФДтФДтФДтФДтФДтФДтФДтФДтФДтФДтФДтФДтФДтФДтФДтФДтФДтФДтФДтФДтФДтФДтФДтФДтФДтФДтФДтФДтФД
тФВ ЁЯРЫ Scale introversion: 30/50 = 60.0%
тФФтФАтФАтФАтФАтФАтФАтФАтФАтФАтФАтФАтФАтФАтФАтФАтФАтФАтФАтФАтФАтФАтФАтФАтФАтФАтФАтФАтФАтФАтФАтФАтФАтФАтФАтФАтФАтФАтФАтФАтФАтФАтФАтФАтФАтФАтФАтФАтФАтФАтФАтФАтФАтФАтФАтФАтФАтФАтФАтФАтФАтФАтФАтФАтФАтФАтФАтФАтФАтФАтФАтФАтФАтФАтФАтФАтФАтФАтФАтФАтФАтФАтФАтФАтФАтФАтФАтФАтФАтФАтФАтФАтФАтФАтФАтФАтФАтФАтФАтФАтФАтФАтФАтФАтФАтФАтФАтФАтФАтФАтФАтФАтФАтФАтФАтФАтФАтФАтФАтФА
тФМтФАтФАтФАтФАтФАтФАтФАтФАтФАтФАтФАтФАтФАтФАтФАтФАтФАтФАтФАтФАтФАтФАтФАтФАтФАтФАтФАтФАтФАтФАтФАтФАтФАтФАтФАтФАтФАтФАтФАтФАтФАтФАтФАтФАтФАтФАтФАтФАтФАтФАтФАтФАтФАтФАтФАтФАтФАтФАтФАтФАтФАтФАтФАтФАтФАтФАтФАтФАтФАтФАтФАтФАтФАтФАтФАтФАтФАтФАтФАтФАтФАтФАтФАтФАтФАтФАтФАтФАтФАтФАтФАтФАтФАтФАтФАтФАтФАтФАтФАтФАтФАтФАтФАтФАтФАтФАтФАтФАтФАтФАтФАтФАтФАтФАтФАтФАтФАтФАтФА
тФВ #0   TestService._completeBipolarTest (package:psycho_tests/services/test_service.dart:482:17)
тФВ #1   TestService.completeTest (package:psycho_tests/services/test_service.dart:55:16)
тФЬтФДтФДтФДтФДтФДтФДтФДтФДтФДтФДтФДтФДтФДтФДтФДтФДтФДтФДтФДтФДтФДтФДтФДтФДтФДтФДтФДтФДтФДтФДтФДтФДтФДтФДтФДтФДтФДтФДтФДтФДтФДтФДтФДтФДтФДтФДтФДтФДтФДтФДтФДтФДтФДтФДтФДтФДтФДтФДтФДтФДтФДтФДтФДтФДтФДтФДтФДтФДтФДтФДтФДтФДтФДтФДтФДтФДтФДтФДтФДтФДтФДтФДтФДтФДтФДтФДтФДтФДтФДтФДтФДтФДтФДтФДтФДтФДтФДтФДтФДтФДтФДтФДтФДтФДтФДтФДтФДтФДтФДтФДтФДтФДтФДтФДтФДтФДтФДтФДтФД
тФВ ЁЯРЫ Scale sensing: 33/55 = 60.0%
тФФтФАтФАтФАтФАтФАтФАтФАтФАтФАтФАтФАтФАтФАтФАтФАтФАтФАтФАтФАтФАтФАтФАтФАтФАтФАтФАтФАтФАтФАтФАтФАтФАтФАтФАтФАтФАтФАтФАтФАтФАтФАтФАтФАтФАтФАтФАтФАтФАтФАтФАтФАтФАтФАтФАтФАтФАтФАтФАтФАтФАтФАтФАтФАтФАтФАтФАтФАтФАтФАтФАтФАтФАтФАтФАтФАтФАтФАтФАтФАтФАтФАтФАтФАтФАтФАтФАтФАтФАтФАтФАтФАтФАтФАтФАтФАтФАтФАтФАтФАтФАтФАтФАтФАтФАтФАтФАтФАтФАтФАтФАтФАтФАтФАтФАтФАтФАтФАтФАтФА
тФМтФАтФАтФАтФАтФАтФАтФАтФАтФАтФАтФАтФАтФАтФАтФАтФАтФАтФАтФАтФАтФАтФАтФАтФАтФАтФАтФАтФАтФАтФАтФАтФАтФАтФАтФАтФАтФАтФАтФАтФАтФАтФАтФАтФАтФАтФАтФАтФАтФАтФАтФАтФАтФАтФАтФАтФАтФАтФАтФАтФАтФАтФАтФАтФАтФАтФАтФАтФАтФАтФАтФАтФАтФАтФАтФАтФАтФАтФАтФАтФАтФАтФАтФАтФАтФАтФАтФАтФАтФАтФАтФАтФАтФАтФАтФАтФАтФАтФАтФАтФАтФАтФАтФАтФАтФАтФАтФАтФАтФАтФАтФАтФАтФАтФАтФАтФАтФАтФАтФА
тФВ #0   TestService._completeBipolarTest (package:psycho_tests/services/test_service.dart:482:17)
тФВ #1   TestService.completeTest (package:psycho_tests/services/test_service.dart:55:16)
тФЬтФДтФДтФДтФДтФДтФДтФДтФДтФДтФДтФДтФДтФДтФДтФДтФДтФДтФДтФДтФДтФДтФДтФДтФДтФДтФДтФДтФДтФДтФДтФДтФДтФДтФДтФДтФДтФДтФДтФДтФДтФДтФДтФДтФДтФДтФДтФДтФДтФДтФДтФДтФДтФДтФДтФДтФДтФДтФДтФДтФДтФДтФДтФДтФДтФДтФДтФДтФДтФДтФДтФДтФДтФДтФДтФДтФДтФДтФДтФДтФДтФДтФДтФДтФДтФДтФДтФДтФДтФДтФДтФДтФДтФДтФДтФДтФДтФДтФДтФДтФДтФДтФДтФДтФДтФДтФДтФДтФДтФДтФДтФДтФДтФДтФДтФДтФДтФДтФДтФД
тФВ ЁЯРЫ Scale intuition: 27/45 = 60.0%
тФФтФАтФАтФАтФАтФАтФАтФАтФАтФАтФАтФАтФАтФАтФАтФАтФАтФАтФАтФАтФАтФАтФАтФАтФАтФАтФАтФАтФАтФАтФАтФАтФАтФАтФАтФАтФАтФАтФАтФАтФАтФАтФАтФАтФАтФАтФАтФАтФАтФАтФАтФАтФАтФАтФАтФАтФАтФАтФАтФАтФАтФАтФАтФАтФАтФАтФАтФАтФАтФАтФАтФАтФАтФАтФАтФАтФАтФАтФАтФАтФАтФАтФАтФАтФАтФАтФАтФАтФАтФАтФАтФАтФАтФАтФАтФАтФАтФАтФАтФАтФАтФАтФАтФАтФАтФАтФАтФАтФАтФАтФАтФАтФАтФАтФАтФАтФАтФАтФАтФА
тФМтФАтФАтФАтФАтФАтФАтФАтФАтФАтФАтФАтФАтФАтФАтФАтФАтФАтФАтФАтФАтФАтФАтФАтФАтФАтФАтФАтФАтФАтФАтФАтФАтФАтФАтФАтФАтФАтФАтФАтФАтФАтФАтФАтФАтФАтФАтФАтФАтФАтФАтФАтФАтФАтФАтФАтФАтФАтФАтФАтФАтФАтФАтФАтФАтФАтФАтФАтФАтФАтФАтФАтФАтФАтФАтФАтФАтФАтФАтФАтФАтФАтФАтФАтФАтФАтФАтФАтФАтФАтФАтФАтФАтФАтФАтФАтФАтФАтФАтФАтФАтФАтФАтФАтФАтФАтФАтФАтФАтФАтФАтФАтФАтФАтФАтФАтФАтФАтФАтФА
тФВ #0   TestService._completeBipolarTest (package:psycho_tests/services/test_service.dart:482:17)
тФВ #1   TestService.completeTest (package:psycho_tests/services/test_service.dart:55:16)
тФЬтФДтФДтФДтФДтФДтФДтФДтФДтФДтФДтФДтФДтФДтФДтФДтФДтФДтФДтФДтФДтФДтФДтФДтФДтФДтФДтФДтФДтФДтФДтФДтФДтФДтФДтФДтФДтФДтФДтФДтФДтФДтФДтФДтФДтФДтФДтФДтФДтФДтФДтФДтФДтФДтФДтФДтФДтФДтФДтФДтФДтФДтФДтФДтФДтФДтФДтФДтФДтФДтФДтФДтФДтФДтФДтФДтФДтФДтФДтФДтФДтФДтФДтФДтФДтФДтФДтФДтФДтФДтФДтФДтФДтФДтФДтФДтФДтФДтФДтФДтФДтФДтФДтФДтФДтФДтФДтФДтФДтФДтФДтФДтФДтФДтФДтФДтФДтФДтФДтФД
тФВ ЁЯРЫ Scale thinking: 30/50 = 60.0%
тФФтФАтФАтФАтФАтФАтФАтФАтФАтФАтФАтФАтФАтФАтФАтФАтФАтФАтФАтФАтФАтФАтФАтФАтФАтФАтФАтФАтФАтФАтФАтФАтФАтФАтФАтФАтФАтФАтФАтФАтФАтФАтФАтФАтФАтФАтФАтФАтФАтФАтФАтФАтФАтФАтФАтФАтФАтФАтФАтФАтФАтФАтФАтФАтФАтФАтФАтФАтФАтФАтФАтФАтФАтФАтФАтФАтФАтФАтФАтФАтФАтФАтФАтФАтФАтФАтФАтФАтФАтФАтФАтФАтФАтФАтФАтФАтФАтФАтФАтФАтФАтФАтФАтФАтФАтФАтФАтФАтФАтФАтФАтФАтФАтФАтФАтФАтФАтФАтФАтФА
тФМтФАтФАтФАтФАтФАтФАтФАтФАтФАтФАтФАтФАтФАтФАтФАтФАтФАтФАтФАтФАтФАтФАтФАтФАтФАтФАтФАтФАтФАтФАтФАтФАтФАтФАтФАтФАтФАтФАтФАтФАтФАтФАтФАтФАтФАтФАтФАтФАтФАтФАтФАтФАтФАтФАтФАтФАтФАтФАтФАтФАтФАтФАтФАтФАтФАтФАтФАтФАтФАтФАтФАтФАтФАтФАтФАтФАтФАтФАтФАтФАтФАтФАтФАтФАтФАтФАтФАтФАтФАтФАтФАтФАтФАтФАтФАтФАтФАтФАтФАтФАтФАтФАтФАтФАтФАтФАтФАтФАтФАтФАтФАтФАтФАтФАтФАтФАтФАтФАтФА
тФВ #0   TestService._completeBipolarTest (package:psycho_tests/services/test_service.dart:482:17)
тФВ #1   TestService.completeTest (package:psycho_tests/services/test_service.dart:55:16)
тФЬтФДтФДтФДтФДтФДтФДтФДтФДтФДтФДтФДтФДтФДтФДтФДтФДтФДтФДтФДтФДтФДтФДтФДтФДтФДтФДтФДтФДтФДтФДтФДтФДтФДтФДтФДтФДтФДтФДтФДтФДтФДтФДтФДтФДтФДтФДтФДтФДтФДтФДтФДтФДтФДтФДтФДтФДтФДтФДтФДтФДтФДтФДтФДтФДтФДтФДтФДтФДтФДтФДтФДтФДтФДтФДтФДтФДтФДтФДтФДтФДтФДтФДтФДтФДтФДтФДтФДтФДтФДтФДтФДтФДтФДтФДтФДтФДтФДтФДтФДтФДтФДтФДтФДтФДтФДтФДтФДтФДтФДтФДтФДтФДтФДтФДтФДтФДтФДтФДтФД
тФВ ЁЯРЫ Scale feeling: 30/50 = 60.0%
тФФтФАтФАтФАтФАтФАтФАтФАтФАтФАтФАтФАтФАтФАтФАтФАтФАтФАтФАтФАтФАтФАтФАтФАтФАтФАтФАтФАтФАтФАтФАтФАтФАтФАтФАтФАтФАтФАтФАтФАтФАтФАтФАтФАтФАтФАтФАтФАтФАтФАтФАтФАтФАтФАтФАтФАтФАтФАтФАтФАтФАтФАтФАтФАтФАтФАтФАтФАтФАтФАтФАтФАтФАтФАтФАтФАтФАтФАтФАтФАтФАтФАтФАтФАтФАтФАтФАтФАтФАтФАтФАтФАтФАтФАтФАтФАтФАтФАтФАтФАтФАтФАтФАтФАтФАтФАтФАтФАтФАтФАтФАтФАтФАтФАтФАтФАтФАтФАтФАтФА
тФМтФАтФАтФАтФАтФАтФАтФАтФАтФАтФАтФАтФАтФАтФАтФАтФАтФАтФАтФАтФАтФАтФАтФАтФАтФАтФАтФАтФАтФАтФАтФАтФАтФАтФАтФАтФАтФАтФАтФАтФАтФАтФАтФАтФАтФАтФАтФАтФАтФАтФАтФАтФАтФАтФАтФАтФАтФАтФАтФАтФАтФАтФАтФАтФАтФАтФАтФАтФАтФАтФАтФАтФАтФАтФАтФАтФАтФАтФАтФАтФАтФАтФАтФАтФАтФАтФАтФАтФАтФАтФАтФАтФАтФАтФАтФАтФАтФАтФАтФАтФАтФАтФАтФАтФАтФАтФАтФАтФАтФАтФАтФАтФАтФАтФАтФАтФАтФАтФАтФА
тФВ #0   TestService._completeBipolarTest (package:psycho_tests/services/test_service.dart:482:17)
тФВ #1   TestService.completeTest (package:psycho_tests/services/test_service.dart:55:16)
тФЬтФДтФДтФДтФДтФДтФДтФДтФДтФДтФДтФДтФДтФДтФДтФДтФДтФДтФДтФДтФДтФДтФДтФДтФДтФДтФДтФДтФДтФДтФДтФДтФДтФДтФДтФДтФДтФДтФДтФДтФДтФДтФДтФДтФДтФДтФДтФДтФДтФДтФДтФДтФДтФДтФДтФДтФДтФДтФДтФДтФДтФДтФДтФДтФДтФДтФДтФДтФДтФДтФДтФДтФДтФДтФДтФДтФДтФДтФДтФДтФДтФДтФДтФДтФДтФДтФДтФДтФДтФДтФДтФДтФДтФДтФДтФДтФДтФДтФДтФДтФДтФДтФДтФДтФДтФДтФДтФДтФДтФДтФДтФДтФДтФДтФДтФДтФДтФДтФДтФД
тФВ ЁЯРЫ Scale judging: 30/50 = 60.0%
тФФтФАтФАтФАтФАтФАтФАтФАтФАтФАтФАтФАтФАтФАтФАтФАтФАтФАтФАтФАтФАтФАтФАтФАтФАтФАтФАтФАтФАтФАтФАтФАтФАтФАтФАтФАтФАтФАтФАтФАтФАтФАтФАтФАтФАтФАтФАтФАтФАтФАтФАтФАтФАтФАтФАтФАтФАтФАтФАтФАтФАтФАтФАтФАтФАтФАтФАтФАтФАтФАтФАтФАтФАтФАтФАтФАтФАтФАтФАтФАтФАтФАтФАтФАтФАтФАтФАтФАтФАтФАтФАтФАтФАтФАтФАтФАтФАтФАтФАтФАтФАтФАтФАтФАтФАтФАтФАтФАтФАтФАтФАтФАтФАтФАтФАтФАтФАтФАтФАтФА
тФМтФАтФАтФАтФАтФАтФАтФАтФАтФАтФАтФАтФАтФАтФАтФАтФАтФАтФАтФАтФАтФАтФАтФАтФАтФАтФАтФАтФАтФАтФАтФАтФАтФАтФАтФАтФАтФАтФАтФАтФАтФАтФАтФАтФАтФАтФАтФАтФАтФАтФАтФАтФАтФАтФАтФАтФАтФАтФАтФАтФАтФАтФАтФАтФАтФАтФАтФАтФАтФАтФАтФАтФАтФАтФАтФАтФАтФАтФАтФАтФАтФАтФАтФАтФАтФАтФАтФАтФАтФАтФАтФАтФАтФАтФАтФАтФАтФАтФАтФАтФАтФАтФАтФАтФАтФАтФАтФАтФАтФАтФАтФАтФАтФАтФАтФАтФАтФАтФАтФА
тФВ #0   TestService._completeBipolarTest (package:psycho_tests/services/test_service.dart:482:17)
тФВ #1   TestService.completeTest (package:psycho_tests/services/test_service.dart:55:16)
тФЬтФДтФДтФДтФДтФДтФДтФДтФДтФДтФДтФДтФДтФДтФДтФДтФДтФДтФДтФДтФДтФДтФДтФДтФДтФДтФДтФДтФДтФДтФДтФДтФДтФДтФДтФДтФДтФДтФДтФДтФДтФДтФДтФДтФДтФДтФДтФДтФДтФДтФДтФДтФДтФДтФДтФДтФДтФДтФДтФДтФДтФДтФДтФДтФДтФДтФДтФДтФДтФДтФДтФДтФДтФДтФДтФДтФДтФДтФДтФДтФДтФДтФДтФДтФДтФДтФДтФДтФДтФДтФДтФДтФДтФДтФДтФДтФДтФДтФДтФДтФДтФДтФДтФДтФДтФДтФДтФДтФДтФДтФДтФДтФДтФДтФДтФДтФДтФДтФДтФД
тФВ ЁЯРЫ Scale perceiving: 30/50 = 60.0%
тФФтФАтФАтФАтФАтФАтФАтФАтФАтФАтФАтФАтФАтФАтФАтФАтФАтФАтФАтФАтФАтФАтФАтФАтФАтФАтФАтФАтФАтФАтФАтФАтФАтФАтФАтФАтФАтФАтФАтФАтФАтФАтФАтФАтФАтФАтФАтФАтФАтФАтФАтФАтФАтФАтФАтФАтФАтФАтФАтФАтФАтФАтФАтФАтФАтФАтФАтФАтФАтФАтФАтФАтФАтФАтФАтФАтФАтФАтФАтФАтФАтФАтФАтФАтФАтФАтФАтФАтФАтФАтФАтФАтФАтФАтФАтФАтФАтФАтФАтФАтФАтФАтФАтФАтФАтФАтФАтФАтФАтФАтФАтФАтФАтФАтФАтФАтФАтФАтФАтФА
тФМтФАтФАтФАтФАтФАтФАтФАтФАтФАтФАтФАтФАтФАтФАтФАтФАтФАтФАтФАтФАтФАтФАтФАтФАтФАтФАтФАтФАтФАтФАтФАтФАтФАтФАтФАтФАтФАтФАтФАтФАтФАтФАтФАтФАтФАтФАтФАтФАтФАтФАтФАтФАтФАтФАтФАтФАтФАтФАтФАтФАтФАтФАтФАтФАтФАтФАтФАтФАтФАтФАтФАтФАтФАтФАтФАтФАтФАтФАтФАтФАтФАтФАтФАтФАтФАтФАтФАтФАтФАтФАтФАтФАтФАтФАтФАтФАтФАтФАтФАтФАтФАтФАтФАтФАтФАтФАтФАтФАтФАтФАтФАтФАтФАтФАтФАтФАтФАтФАтФА
тФВ #0   TestService._completeBipolarTest (package:psycho_tests/services/test_service.dart:487:15)
тФВ #1   TestService.completeTest (package:psycho_tests/services/test_service.dart:55:16)
тФЬтФДтФДтФДтФДтФДтФДтФДтФДтФДтФДтФДтФДтФДтФДтФДтФДтФДтФДтФДтФДтФДтФДтФДтФДтФДтФДтФДтФДтФДтФДтФДтФДтФДтФДтФДтФДтФДтФДтФДтФДтФДтФДтФДтФДтФДтФДтФДтФДтФДтФДтФДтФДтФДтФДтФДтФДтФДтФДтФДтФДтФДтФДтФДтФДтФДтФДтФДтФДтФДтФДтФДтФДтФДтФДтФДтФДтФДтФДтФДтФДтФДтФДтФДтФДтФДтФДтФДтФДтФДтФДтФДтФДтФДтФДтФДтФДтФДтФДтФДтФДтФДтФДтФДтФДтФДтФДтФДтФДтФДтФДтФДтФДтФДтФДтФДтФДтФДтФДтФД
тФВ ЁЯРЫ Bipolar percentages (for UI): {EI: 50.0, SN: 50.0, TF: 50.0, JP: 50.0}
тФФтФАтФАтФАтФАтФАтФАтФАтФАтФАтФАтФАтФАтФАтФАтФАтФАтФАтФАтФАтФАтФАтФАтФАтФАтФАтФАтФАтФАтФАтФАтФАтФАтФАтФАтФАтФАтФАтФАтФАтФАтФАтФАтФАтФАтФАтФАтФАтФАтФАтФАтФАтФАтФАтФАтФАтФАтФАтФАтФАтФАтФАтФАтФАтФАтФАтФАтФАтФАтФАтФАтФАтФАтФАтФАтФАтФАтФАтФАтФАтФАтФАтФАтФАтФАтФАтФАтФАтФАтФАтФАтФАтФАтФАтФАтФАтФАтФАтФАтФАтФАтФАтФАтФАтФАтФАтФАтФАтФАтФАтФАтФАтФАтФАтФАтФАтФАтФАтФАтФА
тФМтФАтФАтФАтФАтФАтФАтФАтФАтФАтФАтФАтФАтФАтФАтФАтФАтФАтФАтФАтФАтФАтФАтФАтФАтФАтФАтФАтФАтФАтФАтФАтФАтФАтФАтФАтФАтФАтФАтФАтФАтФАтФАтФАтФАтФАтФАтФАтФАтФАтФАтФАтФАтФАтФАтФАтФАтФАтФАтФАтФАтФАтФАтФАтФАтФАтФАтФАтФАтФАтФАтФАтФАтФАтФАтФАтФАтФАтФАтФАтФАтФАтФАтФАтФАтФАтФАтФАтФАтФАтФАтФАтФАтФАтФАтФАтФАтФАтФАтФАтФАтФАтФАтФАтФАтФАтФАтФАтФАтФАтФАтФАтФАтФАтФАтФАтФАтФАтФАтФА
тФВ #0   TestService._completeBipolarTest (package:psycho_tests/services/test_service.dart:491:15)
тФВ #1   TestService.completeTest (package:psycho_tests/services/test_service.dart:55:16)
тФЬтФДтФДтФДтФДтФДтФДтФДтФДтФДтФДтФДтФДтФДтФДтФДтФДтФДтФДтФДтФДтФДтФДтФДтФДтФДтФДтФДтФДтФДтФДтФДтФДтФДтФДтФДтФДтФДтФДтФДтФДтФДтФДтФДтФДтФДтФДтФДтФДтФДтФДтФДтФДтФДтФДтФДтФДтФДтФДтФДтФДтФДтФДтФДтФДтФДтФДтФДтФДтФДтФДтФДтФДтФДтФДтФДтФДтФДтФДтФДтФДтФДтФДтФДтФДтФДтФДтФДтФДтФДтФДтФДтФДтФДтФДтФДтФДтФДтФДтФДтФДтФДтФДтФДтФДтФДтФДтФДтФДтФДтФДтФДтФДтФДтФДтФДтФДтФДтФДтФД
тФВ ЁЯРЫ Personality type code: XXXX
тФФтФАтФАтФАтФАтФАтФАтФАтФАтФАтФАтФАтФАтФАтФАтФАтФАтФАтФАтФАтФАтФАтФАтФАтФАтФАтФАтФАтФАтФАтФАтФАтФАтФАтФАтФАтФАтФАтФАтФАтФАтФАтФАтФАтФАтФАтФАтФАтФАтФАтФАтФАтФАтФАтФАтФАтФАтФАтФАтФАтФАтФАтФАтФАтФАтФАтФАтФАтФАтФАтФАтФАтФАтФАтФАтФАтФАтФАтФАтФАтФАтФАтФАтФАтФАтФАтФАтФАтФАтФАтФАтФАтФАтФАтФАтФАтФАтФАтФАтФАтФАтФАтФАтФАтФАтФАтФАтФАтФАтФАтФАтФАтФАтФАтФАтФАтФАтФАтФАтФА
тФМтФАтФАтФАтФАтФАтФАтФАтФАтФАтФАтФАтФАтФАтФАтФАтФАтФАтФАтФАтФАтФАтФАтФАтФАтФАтФАтФАтФАтФАтФАтФАтФАтФАтФАтФАтФАтФАтФАтФАтФАтФАтФАтФАтФАтФАтФАтФАтФАтФАтФАтФАтФАтФАтФАтФАтФАтФАтФАтФАтФАтФАтФАтФАтФАтФАтФАтФАтФАтФАтФАтФАтФАтФАтФАтФАтФАтФАтФАтФАтФАтФАтФАтФАтФАтФАтФАтФАтФАтФАтФАтФАтФАтФАтФАтФАтФАтФАтФАтФАтФАтФАтФАтФАтФАтФАтФАтФАтФАтФАтФАтФАтФАтФАтФАтФАтФАтФАтФАтФА
тФВ #0   TestService._completeBipolarTest (package:psycho_tests/services/test_service.dart:575:17)
тФВ #1   TestService.completeTest (package:psycho_tests/services/test_service.dart:55:16)
тФЬтФДтФДтФДтФДтФДтФДтФДтФДтФДтФДтФДтФДтФДтФДтФДтФДтФДтФДтФДтФДтФДтФДтФДтФДтФДтФДтФДтФДтФДтФДтФДтФДтФДтФДтФДтФДтФДтФДтФДтФДтФДтФДтФДтФДтФДтФДтФДтФДтФДтФДтФДтФДтФДтФДтФДтФДтФДтФДтФДтФДтФДтФДтФДтФДтФДтФДтФДтФДтФДтФДтФДтФДтФДтФДтФДтФДтФДтФДтФДтФДтФДтФДтФДтФДтФДтФДтФДтФДтФДтФДтФДтФДтФДтФДтФДтФДтФДтФДтФДтФДтФДтФДтФДтФДтФДтФДтФДтФДтФДтФДтФДтФДтФДтФДтФДтФДтФДтФДтФД
тФВ ЁЯРЫ mbti_ei: normalized=50.0%, dominant=E, CI=┬▒5.0%
тФФтФАтФАтФАтФАтФАтФАтФАтФАтФАтФАтФАтФАтФАтФАтФАтФАтФАтФАтФАтФАтФАтФАтФАтФАтФАтФАтФАтФАтФАтФАтФАтФАтФАтФАтФАтФАтФАтФАтФАтФАтФАтФАтФАтФАтФАтФАтФАтФАтФАтФАтФАтФАтФАтФАтФАтФАтФАтФАтФАтФАтФАтФАтФАтФАтФАтФАтФАтФАтФАтФАтФАтФАтФАтФАтФАтФАтФАтФАтФАтФАтФАтФАтФАтФАтФАтФАтФАтФАтФАтФАтФАтФАтФАтФАтФАтФАтФАтФАтФАтФАтФАтФАтФАтФАтФАтФАтФАтФАтФАтФАтФАтФАтФАтФАтФАтФАтФАтФАтФА
тФМтФАтФАтФАтФАтФАтФАтФАтФАтФАтФАтФАтФАтФАтФАтФАтФАтФАтФАтФАтФАтФАтФАтФАтФАтФАтФАтФАтФАтФАтФАтФАтФАтФАтФАтФАтФАтФАтФАтФАтФАтФАтФАтФАтФАтФАтФАтФАтФАтФАтФАтФАтФАтФАтФАтФАтФАтФАтФАтФАтФАтФАтФАтФАтФАтФАтФАтФАтФАтФАтФАтФАтФАтФАтФАтФАтФАтФАтФАтФАтФАтФАтФАтФАтФАтФАтФАтФАтФАтФАтФАтФАтФАтФАтФАтФАтФАтФАтФАтФАтФАтФАтФАтФАтФАтФАтФАтФАтФАтФАтФАтФАтФАтФАтФАтФАтФАтФАтФАтФА
тФВ #0   TestService._completeBipolarTest (package:psycho_tests/services/test_service.dart:575:17)
тФВ #1   TestService.completeTest (package:psycho_tests/services/test_service.dart:55:16)
тФЬтФДтФДтФДтФДтФДтФДтФДтФДтФДтФДтФДтФДтФДтФДтФДтФДтФДтФДтФДтФДтФДтФДтФДтФДтФДтФДтФДтФДтФДтФДтФДтФДтФДтФДтФДтФДтФДтФДтФДтФДтФДтФДтФДтФДтФДтФДтФДтФДтФДтФДтФДтФДтФДтФДтФДтФДтФДтФДтФДтФДтФДтФДтФДтФДтФДтФДтФДтФДтФДтФДтФДтФДтФДтФДтФДтФДтФДтФДтФДтФДтФДтФДтФДтФДтФДтФДтФДтФДтФДтФДтФДтФДтФДтФДтФДтФДтФДтФДтФДтФДтФДтФДтФДтФДтФДтФДтФДтФДтФДтФДтФДтФДтФДтФДтФДтФДтФДтФДтФД
тФВ ЁЯРЫ mbti_sn: normalized=50.0%, dominant=S, CI=┬▒5.0%
тФФтФАтФАтФАтФАтФАтФАтФАтФАтФАтФАтФАтФАтФАтФАтФАтФАтФАтФАтФАтФАтФАтФАтФАтФАтФАтФАтФАтФАтФАтФАтФАтФАтФАтФАтФАтФАтФАтФАтФАтФАтФАтФАтФАтФАтФАтФАтФАтФАтФАтФАтФАтФАтФАтФАтФАтФАтФАтФАтФАтФАтФАтФАтФАтФАтФАтФАтФАтФАтФАтФАтФАтФАтФАтФАтФАтФАтФАтФАтФАтФАтФАтФАтФАтФАтФАтФАтФАтФАтФАтФАтФАтФАтФАтФАтФАтФАтФАтФАтФАтФАтФАтФАтФАтФАтФАтФАтФАтФАтФАтФАтФАтФАтФАтФАтФАтФАтФАтФАтФА
тФМтФАтФАтФАтФАтФАтФАтФАтФАтФАтФАтФАтФАтФАтФАтФАтФАтФАтФАтФАтФАтФАтФАтФАтФАтФАтФАтФАтФАтФАтФАтФАтФАтФАтФАтФАтФАтФАтФАтФАтФАтФАтФАтФАтФАтФАтФАтФАтФАтФАтФАтФАтФАтФАтФАтФАтФАтФАтФАтФАтФАтФАтФАтФАтФАтФАтФАтФАтФАтФАтФАтФАтФАтФАтФАтФАтФАтФАтФАтФАтФАтФАтФАтФАтФАтФАтФАтФАтФАтФАтФАтФАтФАтФАтФАтФАтФАтФАтФАтФАтФАтФАтФАтФАтФАтФАтФАтФАтФАтФАтФАтФАтФАтФАтФАтФАтФАтФАтФАтФА
тФВ #0   TestService._completeBipolarTest (package:psycho_tests/services/test_service.dart:575:17)
тФВ #1   TestService.completeTest (package:psycho_tests/services/test_service.dart:55:16)
тФЬтФДтФДтФДтФДтФДтФДтФДтФДтФДтФДтФДтФДтФДтФДтФДтФДтФДтФДтФДтФДтФДтФДтФДтФДтФДтФДтФДтФДтФДтФДтФДтФДтФДтФДтФДтФДтФДтФДтФДтФДтФДтФДтФДтФДтФДтФДтФДтФДтФДтФДтФДтФДтФДтФДтФДтФДтФДтФДтФДтФДтФДтФДтФДтФДтФДтФДтФДтФДтФДтФДтФДтФДтФДтФДтФДтФДтФДтФДтФДтФДтФДтФДтФДтФДтФДтФДтФДтФДтФДтФДтФДтФДтФДтФДтФДтФДтФДтФДтФДтФДтФДтФДтФДтФДтФДтФДтФДтФДтФДтФДтФДтФДтФДтФДтФДтФДтФДтФДтФД
тФВ ЁЯРЫ mbti_tf: normalized=50.0%, dominant=T, CI=┬▒5.0%
тФФтФАтФАтФАтФАтФАтФАтФАтФАтФАтФАтФАтФАтФАтФАтФАтФАтФАтФАтФАтФАтФАтФАтФАтФАтФАтФАтФАтФАтФАтФАтФАтФАтФАтФАтФАтФАтФАтФАтФАтФАтФАтФАтФАтФАтФАтФАтФАтФАтФАтФАтФАтФАтФАтФАтФАтФАтФАтФАтФАтФАтФАтФАтФАтФАтФАтФАтФАтФАтФАтФАтФАтФАтФАтФАтФАтФАтФАтФАтФАтФАтФАтФАтФАтФАтФАтФАтФАтФАтФАтФАтФАтФАтФАтФАтФАтФАтФАтФАтФАтФАтФАтФАтФАтФАтФАтФАтФАтФАтФАтФАтФАтФАтФАтФАтФАтФАтФАтФАтФА
тФМтФАтФАтФАтФАтФАтФАтФАтФАтФАтФАтФАтФАтФАтФАтФАтФАтФАтФАтФАтФАтФАтФАтФАтФАтФАтФАтФАтФАтФАтФАтФАтФАтФАтФАтФАтФАтФАтФАтФАтФАтФАтФАтФАтФАтФАтФАтФАтФАтФАтФАтФАтФАтФАтФАтФАтФАтФАтФАтФАтФАтФАтФАтФАтФАтФАтФАтФАтФАтФАтФАтФАтФАтФАтФАтФАтФАтФАтФАтФАтФАтФАтФАтФАтФАтФАтФАтФАтФАтФАтФАтФАтФАтФАтФАтФАтФАтФАтФАтФАтФАтФАтФАтФАтФАтФАтФАтФАтФАтФАтФАтФАтФАтФАтФАтФАтФАтФАтФАтФА
тФВ #0   TestService._completeBipolarTest (package:psycho_tests/services/test_service.dart:575:17)
тФВ #1   TestService.completeTest (package:psycho_tests/services/test_service.dart:55:16)
тФЬтФДтФДтФДтФДтФДтФДтФДтФДтФДтФДтФДтФДтФДтФДтФДтФДтФДтФДтФДтФДтФДтФДтФДтФДтФДтФДтФДтФДтФДтФДтФДтФДтФДтФДтФДтФДтФДтФДтФДтФДтФДтФДтФДтФДтФДтФДтФДтФДтФДтФДтФДтФДтФДтФДтФДтФДтФДтФДтФДтФДтФДтФДтФДтФДтФДтФДтФДтФДтФДтФДтФДтФДтФДтФДтФДтФДтФДтФДтФДтФДтФДтФДтФДтФДтФДтФДтФДтФДтФДтФДтФДтФДтФДтФДтФДтФДтФДтФДтФДтФДтФДтФДтФДтФДтФДтФДтФДтФДтФДтФДтФДтФДтФДтФДтФДтФДтФДтФДтФД
тФВ ЁЯРЫ mbti_jp: normalized=50.0%, dominant=J, CI=┬▒5.0%
тФФтФАтФАтФАтФАтФАтФАтФАтФАтФАтФАтФАтФАтФАтФАтФАтФАтФАтФАтФАтФАтФАтФАтФАтФАтФАтФАтФАтФАтФАтФАтФАтФАтФАтФАтФАтФАтФАтФАтФАтФАтФАтФАтФАтФАтФАтФАтФАтФАтФАтФАтФАтФАтФАтФАтФАтФАтФАтФАтФАтФАтФАтФАтФАтФАтФАтФАтФАтФАтФАтФАтФАтФАтФАтФАтФАтФАтФАтФАтФАтФАтФАтФАтФАтФАтФАтФАтФАтФАтФАтФАтФАтФАтФАтФАтФАтФАтФАтФАтФАтФАтФАтФАтФАтФАтФАтФАтФАтФАтФАтФАтФАтФАтФАтФАтФАтФАтФАтФАтФА
тФМтФАтФАтФАтФАтФАтФАтФАтФАтФАтФАтФАтФАтФАтФАтФАтФАтФАтФАтФАтФАтФАтФАтФАтФАтФАтФАтФАтФАтФАтФАтФАтФАтФАтФАтФАтФАтФАтФАтФАтФАтФАтФАтФАтФАтФАтФАтФАтФАтФАтФАтФАтФАтФАтФАтФАтФАтФАтФАтФАтФАтФАтФАтФАтФАтФАтФАтФАтФАтФАтФАтФАтФАтФАтФАтФАтФАтФАтФАтФАтФАтФАтФАтФАтФАтФАтФАтФАтФАтФАтФАтФАтФАтФАтФАтФАтФАтФАтФАтФАтФАтФАтФАтФАтФАтФАтФАтФАтФАтФАтФАтФАтФАтФАтФАтФАтФАтФАтФАтФА
тФВ #0   TestService._completeBipolarTest (package:psycho_tests/services/test_service.dart:589:15)
тФВ #1   TestService.completeTest (package:psycho_tests/services/test_service.dart:55:16)
тФЬтФДтФДтФДтФДтФДтФДтФДтФДтФДтФДтФДтФДтФДтФДтФДтФДтФДтФДтФДтФДтФДтФДтФДтФДтФДтФДтФДтФДтФДтФДтФДтФДтФДтФДтФДтФДтФДтФДтФДтФДтФДтФДтФДтФДтФДтФДтФДтФДтФДтФДтФДтФДтФДтФДтФДтФДтФДтФДтФДтФДтФДтФДтФДтФДтФДтФДтФДтФДтФДтФДтФДтФДтФДтФДтФДтФДтФДтФДтФДтФДтФДтФДтФДтФДтФДтФДтФДтФДтФДтФДтФДтФДтФДтФДтФДтФДтФДтФДтФДтФДтФДтФДтФДтФДтФДтФДтФДтФДтФДтФДтФДтФДтФДтФДтФДтФДтФДтФДтФД
тФВ ЁЯРЫ userAnswersScores contains 80 answers
тФФтФАтФАтФАтФАтФАтФАтФАтФАтФАтФАтФАтФАтФАтФАтФАтФАтФАтФАтФАтФАтФАтФАтФАтФАтФАтФАтФАтФАтФАтФАтФАтФАтФАтФАтФАтФАтФАтФАтФАтФАтФАтФАтФАтФАтФАтФАтФАтФАтФАтФАтФАтФАтФАтФАтФАтФАтФАтФАтФАтФАтФАтФАтФАтФАтФАтФАтФАтФАтФАтФАтФАтФАтФАтФАтФАтФАтФАтФАтФАтФАтФАтФАтФАтФАтФАтФАтФАтФАтФАтФАтФАтФАтФАтФАтФАтФАтФАтФАтФАтФАтФАтФАтФАтФАтФАтФАтФАтФАтФАтФАтФАтФАтФАтФАтФАтФАтФАтФАтФА
тФМтФАтФАтФАтФАтФАтФАтФАтФАтФАтФАтФАтФАтФАтФАтФАтФАтФАтФАтФАтФАтФАтФАтФАтФАтФАтФАтФАтФАтФАтФАтФАтФАтФАтФАтФАтФАтФАтФАтФАтФАтФАтФАтФАтФАтФАтФАтФАтФАтФАтФАтФАтФАтФАтФАтФАтФАтФАтФАтФАтФАтФАтФАтФАтФАтФАтФАтФАтФАтФАтФАтФАтФАтФАтФАтФАтФАтФАтФАтФАтФАтФАтФАтФАтФАтФАтФАтФАтФАтФАтФАтФАтФАтФАтФАтФАтФАтФАтФАтФАтФАтФАтФАтФАтФАтФАтФАтФАтФАтФАтФАтФАтФАтФАтФАтФАтФАтФАтФАтФА
тФВ #0   TestService._completeBipolarTest (package:psycho_tests/services/test_service.dart:590:15)
тФВ #1   TestService.completeTest (package:psycho_tests/services/test_service.dart:55:16)
тФЬтФДтФДтФДтФДтФДтФДтФДтФДтФДтФДтФДтФДтФДтФДтФДтФДтФДтФДтФДтФДтФДтФДтФДтФДтФДтФДтФДтФДтФДтФДтФДтФДтФДтФДтФДтФДтФДтФДтФДтФДтФДтФДтФДтФДтФДтФДтФДтФДтФДтФДтФДтФДтФДтФДтФДтФДтФДтФДтФДтФДтФДтФДтФДтФДтФДтФДтФДтФДтФДтФДтФДтФДтФДтФДтФДтФДтФДтФДтФДтФДтФДтФДтФДтФДтФДтФДтФДтФДтФДтФДтФДтФДтФДтФДтФДтФДтФДтФДтФДтФДтФДтФДтФДтФДтФДтФДтФДтФДтФДтФДтФДтФДтФДтФДтФДтФДтФДтФДтФД
тФВ ЁЯРЫ Total questions in test: 80
тФФтФАтФАтФАтФАтФАтФАтФАтФАтФАтФАтФАтФАтФАтФАтФАтФАтФАтФАтФАтФАтФАтФАтФАтФАтФАтФАтФАтФАтФАтФАтФАтФАтФАтФАтФАтФАтФАтФАтФАтФАтФАтФАтФАтФАтФАтФАтФАтФАтФАтФАтФАтФАтФАтФАтФАтФАтФАтФАтФАтФАтФАтФАтФАтФАтФАтФАтФАтФАтФАтФАтФАтФАтФАтФАтФАтФАтФАтФАтФАтФАтФАтФАтФАтФАтФАтФАтФАтФАтФАтФАтФАтФАтФАтФАтФАтФАтФАтФАтФАтФАтФАтФАтФАтФАтФАтФАтФАтФАтФАтФАтФАтФАтФАтФАтФАтФАтФАтФАтФА
тФМтФАтФАтФАтФАтФАтФАтФАтФАтФАтФАтФАтФАтФАтФАтФАтФАтФАтФАтФАтФАтФАтФАтФАтФАтФАтФАтФАтФАтФАтФАтФАтФАтФАтФАтФАтФАтФАтФАтФАтФАтФАтФАтФАтФАтФАтФАтФАтФАтФАтФАтФАтФАтФАтФАтФАтФАтФАтФАтФАтФАтФАтФАтФАтФАтФАтФАтФАтФАтФАтФАтФАтФАтФАтФАтФАтФАтФАтФАтФАтФАтФАтФАтФАтФАтФАтФАтФАтФАтФАтФАтФАтФАтФАтФАтФАтФАтФАтФАтФАтФАтФАтФАтФАтФАтФАтФАтФАтФАтФАтФАтФАтФАтФАтФАтФАтФАтФАтФАтФА
тФВ #0   TestService._completeBipolarTest (package:psycho_tests/services/test_service.dart:591:15)
тФВ #1   TestService.completeTest (package:psycho_tests/services/test_service.dart:55:16)
тФЬтФДтФДтФДтФДтФДтФДтФДтФДтФДтФДтФДтФДтФДтФДтФДтФДтФДтФДтФДтФДтФДтФДтФДтФДтФДтФДтФДтФДтФДтФДтФДтФДтФДтФДтФДтФДтФДтФДтФДтФДтФДтФДтФДтФДтФДтФДтФДтФДтФДтФДтФДтФДтФДтФДтФДтФДтФДтФДтФДтФДтФДтФДтФДтФДтФДтФДтФДтФДтФДтФДтФДтФДтФДтФДтФДтФДтФДтФДтФДтФДтФДтФДтФДтФДтФДтФДтФДтФДтФДтФДтФДтФДтФДтФДтФДтФДтФДтФДтФДтФДтФДтФДтФДтФДтФДтФДтФДтФДтФДтФДтФДтФДтФДтФДтФДтФДтФДтФДтФД
тФВ ЁЯРЫ Expected 80 answers, received: 80
тФФтФАтФАтФАтФАтФАтФАтФАтФАтФАтФАтФАтФАтФАтФАтФАтФАтФАтФАтФАтФАтФАтФАтФАтФАтФАтФАтФАтФАтФАтФАтФАтФАтФАтФАтФАтФАтФАтФАтФАтФАтФАтФАтФАтФАтФАтФАтФАтФАтФАтФАтФАтФАтФАтФАтФАтФАтФАтФАтФАтФАтФАтФАтФАтФАтФАтФАтФАтФАтФАтФАтФАтФАтФАтФАтФАтФАтФАтФАтФАтФАтФАтФАтФАтФАтФАтФАтФАтФАтФАтФАтФАтФАтФАтФАтФАтФАтФАтФАтФАтФАтФАтФАтФАтФАтФАтФАтФАтФАтФАтФАтФАтФАтФАтФАтФАтФАтФАтФАтФА
тФМтФАтФАтФАтФАтФАтФАтФАтФАтФАтФАтФАтФАтФАтФАтФАтФАтФАтФАтФАтФАтФАтФАтФАтФАтФАтФАтФАтФАтФАтФАтФАтФАтФАтФАтФАтФАтФАтФАтФАтФАтФАтФАтФАтФАтФАтФАтФАтФАтФАтФАтФАтФАтФАтФАтФАтФАтФАтФАтФАтФАтФАтФАтФАтФАтФАтФАтФАтФАтФАтФАтФАтФАтФАтФАтФАтФАтФАтФАтФАтФАтФАтФАтФАтФАтФАтФАтФАтФАтФАтФАтФАтФАтФАтФАтФАтФАтФАтФАтФАтФАтФАтФАтФАтФАтФАтФАтФАтФАтФАтФАтФАтФАтФАтФАтФАтФАтФАтФАтФА
тФВ #0   TestService._completeBipolarTest (package:psycho_tests/services/test_service.dart:592:15)
тФВ #1   TestService.completeTest (package:psycho_tests/services/test_service.dart:55:16)
тФЬтФДтФДтФДтФДтФДтФДтФДтФДтФДтФДтФДтФДтФДтФДтФДтФДтФДтФДтФДтФДтФДтФДтФДтФДтФДтФДтФДтФДтФДтФДтФДтФДтФДтФДтФДтФДтФДтФДтФДтФДтФДтФДтФДтФДтФДтФДтФДтФДтФДтФДтФДтФДтФДтФДтФДтФДтФДтФДтФДтФДтФДтФДтФДтФДтФДтФДтФДтФДтФДтФДтФДтФДтФДтФДтФДтФДтФДтФДтФДтФДтФДтФДтФДтФДтФДтФДтФДтФДтФДтФДтФДтФДтФДтФДтФДтФДтФДтФДтФДтФДтФДтФДтФДтФДтФДтФДтФДтФДтФДтФДтФДтФДтФДтФДтФДтФДтФДтФДтФД
тФВ ЁЯРЫ First 5 answers: q1:3, q2:3, q3:3, q4:3, q5:3
тФФтФАтФАтФАтФАтФАтФАтФАтФАтФАтФАтФАтФАтФАтФАтФАтФАтФАтФАтФАтФАтФАтФАтФАтФАтФАтФАтФАтФАтФАтФАтФАтФАтФАтФАтФАтФАтФАтФАтФАтФАтФАтФАтФАтФАтФАтФАтФАтФАтФАтФАтФАтФАтФАтФАтФАтФАтФАтФАтФАтФАтФАтФАтФАтФАтФАтФАтФАтФАтФАтФАтФАтФАтФАтФАтФАтФАтФАтФАтФАтФАтФАтФАтФАтФАтФАтФАтФАтФАтФАтФАтФАтФАтФАтФАтФАтФАтФАтФАтФАтФАтФАтФАтФАтФАтФАтФАтФАтФАтФАтФАтФАтФАтФАтФАтФАтФАтФАтФАтФА
тФМтФАтФАтФАтФАтФАтФАтФАтФАтФАтФАтФАтФАтФАтФАтФАтФАтФАтФАтФАтФАтФАтФАтФАтФАтФАтФАтФАтФАтФАтФАтФАтФАтФАтФАтФАтФАтФАтФАтФАтФАтФАтФАтФАтФАтФАтФАтФАтФАтФАтФАтФАтФАтФАтФАтФАтФАтФАтФАтФАтФАтФАтФАтФАтФАтФАтФАтФАтФАтФАтФАтФАтФАтФАтФАтФАтФАтФАтФАтФАтФАтФАтФАтФАтФАтФАтФАтФАтФАтФАтФАтФАтФАтФАтФАтФАтФАтФАтФАтФАтФАтФАтФАтФАтФАтФАтФАтФАтФАтФАтФАтФАтФАтФАтФАтФАтФАтФАтФАтФА
тФВ #0   TestService._completeBipolarTest (package:psycho_tests/services/test_service.dart:595:17)
тФВ #1   TestService.completeTest (package:psycho_tests/services/test_service.dart:55:16)
тФЬтФДтФДтФДтФДтФДтФДтФДтФДтФДтФДтФДтФДтФДтФДтФДтФДтФДтФДтФДтФДтФДтФДтФДтФДтФДтФДтФДтФДтФДтФДтФДтФДтФДтФДтФДтФДтФДтФДтФДтФДтФДтФДтФДтФДтФДтФДтФДтФДтФДтФДтФДтФДтФДтФДтФДтФДтФДтФДтФДтФДтФДтФДтФДтФДтФДтФДтФДтФДтФДтФДтФДтФДтФДтФДтФДтФДтФДтФДтФДтФДтФДтФДтФДтФДтФДтФДтФДтФДтФДтФДтФДтФДтФДтФДтФДтФДтФДтФДтФДтФДтФДтФДтФДтФДтФДтФДтФДтФДтФДтФДтФДтФДтФДтФДтФДтФДтФДтФДтФД
тФВ ЁЯРЫ Last 5 answers: q76:3, q77:3, q78:3, q79:3, q80:3
тФФтФАтФАтФАтФАтФАтФАтФАтФАтФАтФАтФАтФАтФАтФАтФАтФАтФАтФАтФАтФАтФАтФАтФАтФАтФАтФАтФАтФАтФАтФАтФАтФАтФАтФАтФАтФАтФАтФАтФАтФАтФАтФАтФАтФАтФАтФАтФАтФАтФАтФАтФАтФАтФАтФАтФАтФАтФАтФАтФАтФАтФАтФАтФАтФАтФАтФАтФАтФАтФАтФАтФАтФАтФАтФАтФАтФАтФАтФАтФАтФАтФАтФАтФАтФАтФАтФАтФАтФАтФАтФАтФАтФАтФАтФАтФАтФАтФАтФАтФАтФАтФАтФАтФАтФАтФАтФАтФАтФАтФАтФАтФАтФАтФАтФАтФАтФАтФАтФАтФА
тФМтФАтФАтФАтФАтФАтФАтФАтФАтФАтФАтФАтФАтФАтФАтФАтФАтФАтФАтФАтФАтФАтФАтФАтФАтФАтФАтФАтФАтФАтФАтФАтФАтФАтФАтФАтФАтФАтФАтФАтФАтФАтФАтФАтФАтФАтФАтФАтФАтФАтФАтФАтФАтФАтФАтФАтФАтФАтФАтФАтФАтФАтФАтФАтФАтФАтФАтФАтФАтФАтФАтФАтФАтФАтФАтФАтФАтФАтФАтФАтФАтФАтФАтФАтФАтФАтФАтФАтФАтФАтФАтФАтФАтФАтФАтФАтФАтФАтФАтФАтФАтФАтФАтФАтФАтФАтФАтФАтФАтФАтФАтФАтФАтФАтФАтФАтФАтФАтФАтФА
тФВ #0   TestService._completeBipolarTest (package:psycho_tests/services/test_service.dart:600:15)
тФВ #1   TestService.completeTest (package:psycho_tests/services/test_service.dart:55:16)
тФЬтФДтФДтФДтФДтФДтФДтФДтФДтФДтФДтФДтФДтФДтФДтФДтФДтФДтФДтФДтФДтФДтФДтФДтФДтФДтФДтФДтФДтФДтФДтФДтФДтФДтФДтФДтФДтФДтФДтФДтФДтФДтФДтФДтФДтФДтФДтФДтФДтФДтФДтФДтФДтФДтФДтФДтФДтФДтФДтФДтФДтФДтФДтФДтФДтФДтФДтФДтФДтФДтФДтФДтФДтФДтФДтФДтФДтФДтФДтФДтФДтФДтФДтФДтФДтФДтФДтФДтФДтФДтФДтФДтФДтФДтФДтФДтФДтФДтФДтФДтФДтФДтФДтФДтФДтФДтФДтФДтФДтФДтФДтФДтФДтФДтФДтФДтФДтФДтФДтФД
тФВ ЁЯРЫ ===== START QUALITY VALIDATION =====
тФФтФАтФАтФАтФАтФАтФАтФАтФАтФАтФАтФАтФАтФАтФАтФАтФАтФАтФАтФАтФАтФАтФАтФАтФАтФАтФАтФАтФАтФАтФАтФАтФАтФАтФАтФАтФАтФАтФАтФАтФАтФАтФАтФАтФАтФАтФАтФАтФАтФАтФАтФАтФАтФАтФАтФАтФАтФАтФАтФАтФАтФАтФАтФАтФАтФАтФАтФАтФАтФАтФАтФАтФАтФАтФАтФАтФАтФАтФАтФАтФАтФАтФАтФАтФАтФАтФАтФАтФАтФАтФАтФАтФАтФАтФАтФАтФАтФАтФАтФАтФАтФАтФАтФАтФАтФАтФАтФАтФАтФАтФАтФАтФАтФАтФАтФАтФАтФАтФАтФА
тФМтФАтФАтФАтФАтФАтФАтФАтФАтФАтФАтФАтФАтФАтФАтФАтФАтФАтФАтФАтФАтФАтФАтФАтФАтФАтФАтФАтФАтФАтФАтФАтФАтФАтФАтФАтФАтФАтФАтФАтФАтФАтФАтФАтФАтФАтФАтФАтФАтФАтФАтФАтФАтФАтФАтФАтФАтФАтФАтФАтФАтФАтФАтФАтФАтФАтФАтФАтФАтФАтФАтФАтФАтФАтФАтФАтФАтФАтФАтФАтФАтФАтФАтФАтФАтФАтФАтФАтФАтФАтФАтФАтФАтФАтФАтФАтФАтФАтФАтФАтФАтФАтФАтФАтФАтФАтФАтФАтФАтФАтФАтФАтФАтФАтФАтФАтФАтФАтФАтФА
тФВ #0   TestService.validateResponseQuality (package:psycho_tests/services/test_service.dart:634:15)
тФВ #1   TestService._completeBipolarTest (package:psycho_tests/services/test_service.dart:602:9)
тФЬтФДтФДтФДтФДтФДтФДтФДтФДтФДтФДтФДтФДтФДтФДтФДтФДтФДтФДтФДтФДтФДтФДтФДтФДтФДтФДтФДтФДтФДтФДтФДтФДтФДтФДтФДтФДтФДтФДтФДтФДтФДтФДтФДтФДтФДтФДтФДтФДтФДтФДтФДтФДтФДтФДтФДтФДтФДтФДтФДтФДтФДтФДтФДтФДтФДтФДтФДтФДтФДтФДтФДтФДтФДтФДтФДтФДтФДтФДтФДтФДтФДтФДтФДтФДтФДтФДтФДтФДтФДтФДтФДтФДтФДтФДтФДтФДтФДтФДтФДтФДтФДтФДтФДтФДтФДтФДтФДтФДтФДтФДтФДтФДтФДтФДтФДтФДтФДтФДтФД
тФВ ЁЯРЫ Starting validation of 80 answers
тФФтФАтФАтФАтФАтФАтФАтФАтФАтФАтФАтФАтФАтФАтФАтФАтФАтФАтФАтФАтФАтФАтФАтФАтФАтФАтФАтФАтФАтФАтФАтФАтФАтФАтФАтФАтФАтФАтФАтФАтФАтФАтФАтФАтФАтФАтФАтФАтФАтФАтФАтФАтФАтФАтФАтФАтФАтФАтФАтФАтФАтФАтФАтФАтФАтФАтФАтФАтФАтФАтФАтФАтФАтФАтФАтФАтФАтФАтФАтФАтФАтФАтФАтФАтФАтФАтФАтФАтФАтФАтФАтФАтФАтФАтФАтФАтФАтФАтФАтФАтФАтФАтФАтФАтФАтФАтФАтФАтФАтФАтФАтФАтФАтФАтФАтФАтФАтФАтФАтФА
тФМтФАтФАтФАтФАтФАтФАтФАтФАтФАтФАтФАтФАтФАтФАтФАтФАтФАтФАтФАтФАтФАтФАтФАтФАтФАтФАтФАтФАтФАтФАтФАтФАтФАтФАтФАтФАтФАтФАтФАтФАтФАтФАтФАтФАтФАтФАтФАтФАтФАтФАтФАтФАтФАтФАтФАтФАтФАтФАтФАтФАтФАтФАтФАтФАтФАтФАтФАтФАтФАтФАтФАтФАтФАтФАтФАтФАтФАтФАтФАтФАтФАтФАтФАтФАтФАтФАтФАтФАтФАтФАтФАтФАтФАтФАтФАтФАтФАтФАтФАтФАтФАтФАтФАтФАтФАтФАтФАтФАтФАтФАтФАтФАтФАтФАтФАтФАтФАтФАтФА
тФВ #0   TestService.validateResponseQuality (package:psycho_tests/services/test_service.dart:647:15)
тФВ #1   TestService._completeBipolarTest (package:psycho_tests/services/test_service.dart:602:9)
тФЬтФДтФДтФДтФДтФДтФДтФДтФДтФДтФДтФДтФДтФДтФДтФДтФДтФДтФДтФДтФДтФДтФДтФДтФДтФДтФДтФДтФДтФДтФДтФДтФДтФДтФДтФДтФДтФДтФДтФДтФДтФДтФДтФДтФДтФДтФДтФДтФДтФДтФДтФДтФДтФДтФДтФДтФДтФДтФДтФДтФДтФДтФДтФДтФДтФДтФДтФДтФДтФДтФДтФДтФДтФДтФДтФДтФДтФДтФДтФДтФДтФДтФДтФДтФДтФДтФДтФДтФДтФДтФДтФДтФДтФДтФДтФДтФДтФДтФДтФДтФДтФДтФДтФДтФДтФДтФДтФДтФДтФДтФДтФДтФДтФДтФДтФДтФДтФДтФДтФД
тФВ ЁЯРЫ Answer mean: 3.00
тФФтФАтФАтФАтФАтФАтФАтФАтФАтФАтФАтФАтФАтФАтФАтФАтФАтФАтФАтФАтФАтФАтФАтФАтФАтФАтФАтФАтФАтФАтФАтФАтФАтФАтФАтФАтФАтФАтФАтФАтФАтФАтФАтФАтФАтФАтФАтФАтФАтФАтФАтФАтФАтФАтФАтФАтФАтФАтФАтФАтФАтФАтФАтФАтФАтФАтФАтФАтФАтФАтФАтФАтФАтФАтФАтФАтФАтФАтФАтФАтФАтФАтФАтФАтФАтФАтФАтФАтФАтФАтФАтФАтФАтФАтФАтФАтФАтФАтФАтФАтФАтФАтФАтФАтФАтФАтФАтФАтФАтФАтФАтФАтФАтФАтФАтФАтФАтФАтФАтФА
тФМтФАтФАтФАтФАтФАтФАтФАтФАтФАтФАтФАтФАтФАтФАтФАтФАтФАтФАтФАтФАтФАтФАтФАтФАтФАтФАтФАтФАтФАтФАтФАтФАтФАтФАтФАтФАтФАтФАтФАтФАтФАтФАтФАтФАтФАтФАтФАтФАтФАтФАтФАтФАтФАтФАтФАтФАтФАтФАтФАтФАтФАтФАтФАтФАтФАтФАтФАтФАтФАтФАтФАтФАтФАтФАтФАтФАтФАтФАтФАтФАтФАтФАтФАтФАтФАтФАтФАтФАтФАтФАтФАтФАтФАтФАтФАтФАтФАтФАтФАтФАтФАтФАтФАтФАтФАтФАтФАтФАтФАтФАтФАтФАтФАтФАтФАтФАтФАтФАтФА
тФВ #0   TestService.validateResponseQuality (package:psycho_tests/services/test_service.dart:648:15)
тФВ #1   TestService._completeBipolarTest (package:psycho_tests/services/test_service.dart:602:9)
тФЬтФДтФДтФДтФДтФДтФДтФДтФДтФДтФДтФДтФДтФДтФДтФДтФДтФДтФДтФДтФДтФДтФДтФДтФДтФДтФДтФДтФДтФДтФДтФДтФДтФДтФДтФДтФДтФДтФДтФДтФДтФДтФДтФДтФДтФДтФДтФДтФДтФДтФДтФДтФДтФДтФДтФДтФДтФДтФДтФДтФДтФДтФДтФДтФДтФДтФДтФДтФДтФДтФДтФДтФДтФДтФДтФДтФДтФДтФДтФДтФДтФДтФДтФДтФДтФДтФДтФДтФДтФДтФДтФДтФДтФДтФДтФДтФДтФДтФДтФДтФДтФДтФДтФДтФДтФДтФДтФДтФДтФДтФДтФДтФДтФДтФДтФДтФДтФДтФДтФД
тФВ ЁЯРЫ Standard deviation: 0.00
тФФтФАтФАтФАтФАтФАтФАтФАтФАтФАтФАтФАтФАтФАтФАтФАтФАтФАтФАтФАтФАтФАтФАтФАтФАтФАтФАтФАтФАтФАтФАтФАтФАтФАтФАтФАтФАтФАтФАтФАтФАтФАтФАтФАтФАтФАтФАтФАтФАтФАтФАтФАтФАтФАтФАтФАтФАтФАтФАтФАтФАтФАтФАтФАтФАтФАтФАтФАтФАтФАтФАтФАтФАтФАтФАтФАтФАтФАтФАтФАтФАтФАтФАтФАтФАтФАтФАтФАтФАтФАтФАтФАтФАтФАтФАтФАтФАтФАтФАтФАтФАтФАтФАтФАтФАтФАтФАтФАтФАтФАтФАтФАтФАтФАтФАтФАтФАтФАтФАтФА
[38;5;208mтФМтФАтФАтФАтФАтФАтФАтФАтФАтФАтФАтФАтФАтФАтФАтФАтФАтФАтФАтФАтФАтФАтФАтФАтФАтФАтФАтФАтФАтФАтФАтФАтФАтФАтФАтФАтФАтФАтФАтФАтФАтФАтФАтФАтФАтФАтФАтФАтФАтФАтФАтФАтФАтФАтФАтФАтФАтФАтФАтФАтФАтФАтФАтФАтФАтФАтФАтФАтФАтФАтФАтФАтФАтФАтФАтФАтФАтФАтФАтФАтФАтФАтФАтФАтФАтФАтФАтФАтФАтФАтФАтФАтФАтФАтФАтФАтФАтФАтФАтФАтФАтФАтФАтФАтФАтФАтФАтФАтФАтФАтФАтФАтФАтФАтФАтФАтФАтФАтФАтФА[0m
[38;5;208mтФВ #0   TestService.validateResponseQuality (package:psycho_tests/services/test_service.dart:656:17)[0m
[38;5;208mтФВ #1   TestService._completeBipolarTest (package:psycho_tests/services/test_service.dart:602:9)[0m
[38;5;208mтФЬтФДтФДтФДтФДтФДтФДтФДтФДтФДтФДтФДтФДтФДтФДтФДтФДтФДтФДтФДтФДтФДтФДтФДтФДтФДтФДтФДтФДтФДтФДтФДтФДтФДтФДтФДтФДтФДтФДтФДтФДтФДтФДтФДтФДтФДтФДтФДтФДтФДтФДтФДтФДтФДтФДтФДтФДтФДтФДтФДтФДтФДтФДтФДтФДтФДтФДтФДтФДтФДтФДтФДтФДтФДтФДтФДтФДтФДтФДтФДтФДтФДтФДтФДтФДтФДтФДтФДтФДтФДтФДтФДтФДтФДтФДтФДтФДтФДтФДтФДтФДтФДтФДтФДтФДтФДтФДтФДтФДтФДтФДтФДтФДтФДтФДтФДтФДтФДтФДтФД[0m
[38;5;208mтФВ тЪая╕П ISSUE: Very low response variance (0.00). You may not have been thoughtful.[0m
[38;5;208mтФФтФАтФАтФАтФАтФАтФАтФАтФАтФАтФАтФАтФАтФАтФАтФАтФАтФАтФАтФАтФАтФАтФАтФАтФАтФАтФАтФАтФАтФАтФАтФАтФАтФАтФАтФАтФАтФАтФАтФАтФАтФАтФАтФАтФАтФАтФАтФАтФАтФАтФАтФАтФАтФАтФАтФАтФАтФАтФАтФАтФАтФАтФАтФАтФАтФАтФАтФАтФАтФАтФАтФАтФАтФАтФАтФАтФАтФАтФАтФАтФАтФАтФАтФАтФАтФАтФАтФАтФАтФАтФАтФАтФАтФАтФАтФАтФАтФАтФАтФАтФАтФАтФАтФАтФАтФАтФАтФАтФАтФАтФАтФАтФАтФАтФАтФАтФАтФАтФАтФА[0m
тФМтФАтФАтФАтФАтФАтФАтФАтФАтФАтФАтФАтФАтФАтФАтФАтФАтФАтФАтФАтФАтФАтФАтФАтФАтФАтФАтФАтФАтФАтФАтФАтФАтФАтФАтФАтФАтФАтФАтФАтФАтФАтФАтФАтФАтФАтФАтФАтФАтФАтФАтФАтФАтФАтФАтФАтФАтФАтФАтФАтФАтФАтФАтФАтФАтФАтФАтФАтФАтФАтФАтФАтФАтФАтФАтФАтФАтФАтФАтФАтФАтФАтФАтФАтФАтФАтФАтФАтФАтФАтФАтФАтФАтФАтФАтФАтФАтФАтФАтФАтФАтФАтФАтФАтФАтФАтФАтФАтФАтФАтФАтФАтФАтФАтФАтФАтФАтФАтФАтФА
тФВ #0   TestService.validateResponseQuality (package:psycho_tests/services/test_service.dart:669:15)
тФВ #1   TestService._completeBipolarTest (package:psycho_tests/services/test_service.dart:602:9)
тФЬтФДтФДтФДтФДтФДтФДтФДтФДтФДтФДтФДтФДтФДтФДтФДтФДтФДтФДтФДтФДтФДтФДтФДтФДтФДтФДтФДтФДтФДтФДтФДтФДтФДтФДтФДтФДтФДтФДтФДтФДтФДтФДтФДтФДтФДтФДтФДтФДтФДтФДтФДтФДтФДтФДтФДтФДтФДтФДтФДтФДтФДтФДтФДтФДтФДтФДтФДтФДтФДтФДтФДтФДтФДтФДтФДтФДтФДтФДтФДтФДтФДтФДтФДтФДтФДтФДтФДтФДтФДтФДтФДтФДтФДтФДтФДтФДтФДтФДтФДтФДтФДтФДтФДтФДтФДтФДтФДтФДтФДтФДтФДтФДтФДтФДтФДтФДтФДтФДтФД
тФВ ЁЯРЫ Neutral answers: 80 of 80 (100.0%)
тФФтФАтФАтФАтФАтФАтФАтФАтФАтФАтФАтФАтФАтФАтФАтФАтФАтФАтФАтФАтФАтФАтФАтФАтФАтФАтФАтФАтФАтФАтФАтФАтФАтФАтФАтФАтФАтФАтФАтФАтФАтФАтФАтФАтФАтФАтФАтФАтФАтФАтФАтФАтФАтФАтФАтФАтФАтФАтФАтФАтФАтФАтФАтФАтФАтФАтФАтФАтФАтФАтФАтФАтФАтФАтФАтФАтФАтФАтФАтФАтФАтФАтФАтФАтФАтФАтФАтФАтФАтФАтФАтФАтФАтФАтФАтФАтФАтФАтФАтФАтФАтФАтФАтФАтФАтФАтФАтФАтФАтФАтФАтФАтФАтФАтФАтФАтФАтФАтФАтФА
[38;5;208mтФМтФАтФАтФАтФАтФАтФАтФАтФАтФАтФАтФАтФАтФАтФАтФАтФАтФАтФАтФАтФАтФАтФАтФАтФАтФАтФАтФАтФАтФАтФАтФАтФАтФАтФАтФАтФАтФАтФАтФАтФАтФАтФАтФАтФАтФАтФАтФАтФАтФАтФАтФАтФАтФАтФАтФАтФАтФАтФАтФАтФАтФАтФАтФАтФАтФАтФАтФАтФАтФАтФАтФАтФАтФАтФАтФАтФАтФАтФАтФАтФАтФАтФАтФАтФАтФАтФАтФАтФАтФАтФАтФАтФАтФАтФАтФАтФАтФАтФАтФАтФАтФАтФАтФАтФАтФАтФАтФАтФАтФАтФАтФАтФАтФАтФАтФАтФАтФАтФАтФА[0m
[38;5;208mтФВ #0   TestService.validateResponseQuality (package:psycho_tests/services/test_service.dart:678:17)[0m
[38;5;208mтФВ #1   TestService._completeBipolarTest (package:psycho_tests/services/test_service.dart:602:9)[0m
[38;5;208mтФЬтФДтФДтФДтФДтФДтФДтФДтФДтФДтФДтФДтФДтФДтФДтФДтФДтФДтФДтФДтФДтФДтФДтФДтФДтФДтФДтФДтФДтФДтФДтФДтФДтФДтФДтФДтФДтФДтФДтФДтФДтФДтФДтФДтФДтФДтФДтФДтФДтФДтФДтФДтФДтФДтФДтФДтФДтФДтФДтФДтФДтФДтФДтФДтФДтФДтФДтФДтФДтФДтФДтФДтФДтФДтФДтФДтФДтФДтФДтФДтФДтФДтФДтФДтФДтФДтФДтФДтФДтФДтФДтФДтФДтФДтФДтФДтФДтФДтФДтФДтФДтФДтФДтФДтФДтФДтФДтФДтФДтФДтФДтФДтФДтФДтФДтФДтФДтФДтФДтФД[0m
[38;5;208mтФВ тЪая╕П ISSUE: Too many neutral answers (100%). Try to be more decisive.[0m
[38;5;208mтФФтФАтФАтФАтФАтФАтФАтФАтФАтФАтФАтФАтФАтФАтФАтФАтФАтФАтФАтФАтФАтФАтФАтФАтФАтФАтФАтФАтФАтФАтФАтФАтФАтФАтФАтФАтФАтФАтФАтФАтФАтФАтФАтФАтФАтФАтФАтФАтФАтФАтФАтФАтФАтФАтФАтФАтФАтФАтФАтФАтФАтФАтФАтФАтФАтФАтФАтФАтФАтФАтФАтФАтФАтФАтФАтФАтФАтФАтФАтФАтФАтФАтФАтФАтФАтФАтФАтФАтФАтФАтФАтФАтФАтФАтФАтФАтФАтФАтФАтФАтФАтФАтФАтФАтФАтФАтФАтФАтФАтФАтФАтФАтФАтФАтФАтФАтФАтФАтФАтФА[0m
тФМтФАтФАтФАтФАтФАтФАтФАтФАтФАтФАтФАтФАтФАтФАтФАтФАтФАтФАтФАтФАтФАтФАтФАтФАтФАтФАтФАтФАтФАтФАтФАтФАтФАтФАтФАтФАтФАтФАтФАтФАтФАтФАтФАтФАтФАтФАтФАтФАтФАтФАтФАтФАтФАтФАтФАтФАтФАтФАтФАтФАтФАтФАтФАтФАтФАтФАтФАтФАтФАтФАтФАтФАтФАтФАтФАтФАтФАтФАтФАтФАтФАтФАтФАтФАтФАтФАтФАтФАтФАтФАтФАтФАтФАтФАтФАтФАтФАтФАтФАтФАтФАтФАтФАтФАтФАтФАтФАтФАтФАтФАтФАтФАтФАтФАтФАтФАтФАтФАтФА
тФВ #0   TestService.validateResponseQuality (package:psycho_tests/services/test_service.dart:691:15)
тФВ #1   TestService._completeBipolarTest (package:psycho_tests/services/test_service.dart:602:9)
тФЬтФДтФДтФДтФДтФДтФДтФДтФДтФДтФДтФДтФДтФДтФДтФДтФДтФДтФДтФДтФДтФДтФДтФДтФДтФДтФДтФДтФДтФДтФДтФДтФДтФДтФДтФДтФДтФДтФДтФДтФДтФДтФДтФДтФДтФДтФДтФДтФДтФДтФДтФДтФДтФДтФДтФДтФДтФДтФДтФДтФДтФДтФДтФДтФДтФДтФДтФДтФДтФДтФДтФДтФДтФДтФДтФДтФДтФДтФДтФДтФДтФДтФДтФДтФДтФДтФДтФДтФДтФДтФДтФДтФДтФДтФДтФДтФДтФДтФДтФДтФДтФДтФДтФДтФДтФДтФДтФДтФДтФДтФДтФДтФДтФДтФДтФДтФДтФДтФДтФД
тФВ ЁЯРЫ Extreme answers: 0 of 80 (0.0%)
тФФтФАтФАтФАтФАтФАтФАтФАтФАтФАтФАтФАтФАтФАтФАтФАтФАтФАтФАтФАтФАтФАтФАтФАтФАтФАтФАтФАтФАтФАтФАтФАтФАтФАтФАтФАтФАтФАтФАтФАтФАтФАтФАтФАтФАтФАтФАтФАтФАтФАтФАтФАтФАтФАтФАтФАтФАтФАтФАтФАтФАтФАтФАтФАтФАтФАтФАтФАтФАтФАтФАтФАтФАтФАтФАтФАтФАтФАтФАтФАтФАтФАтФАтФАтФАтФАтФАтФАтФАтФАтФАтФАтФАтФАтФАтФАтФАтФАтФАтФАтФАтФАтФАтФАтФАтФАтФАтФАтФАтФАтФАтФАтФАтФАтФАтФАтФАтФАтФАтФА
тФМтФАтФАтФАтФАтФАтФАтФАтФАтФАтФАтФАтФАтФАтФАтФАтФАтФАтФАтФАтФАтФАтФАтФАтФАтФАтФАтФАтФАтФАтФАтФАтФАтФАтФАтФАтФАтФАтФАтФАтФАтФАтФАтФАтФАтФАтФАтФАтФАтФАтФАтФАтФАтФАтФАтФАтФАтФАтФАтФАтФАтФАтФАтФАтФАтФАтФАтФАтФАтФАтФАтФАтФАтФАтФАтФАтФАтФАтФАтФАтФАтФАтФАтФАтФАтФАтФАтФАтФАтФАтФАтФАтФАтФАтФАтФАтФАтФАтФАтФАтФАтФАтФАтФАтФАтФАтФАтФАтФАтФАтФАтФАтФАтФАтФАтФАтФАтФАтФАтФА
тФВ #0   TestService.validateResponseQuality (package:psycho_tests/services/test_service.dart:751:15)
тФВ #1   TestService._completeBipolarTest (package:psycho_tests/services/test_service.dart:602:9)
тФЬтФДтФДтФДтФДтФДтФДтФДтФДтФДтФДтФДтФДтФДтФДтФДтФДтФДтФДтФДтФДтФДтФДтФДтФДтФДтФДтФДтФДтФДтФДтФДтФДтФДтФДтФДтФДтФДтФДтФДтФДтФДтФДтФДтФДтФДтФДтФДтФДтФДтФДтФДтФДтФДтФДтФДтФДтФДтФДтФДтФДтФДтФДтФДтФДтФДтФДтФДтФДтФДтФДтФДтФДтФДтФДтФДтФДтФДтФДтФДтФДтФДтФДтФДтФДтФДтФДтФДтФДтФДтФДтФДтФДтФДтФДтФДтФДтФДтФДтФДтФДтФДтФДтФДтФДтФДтФДтФДтФДтФДтФДтФДтФДтФДтФДтФДтФДтФДтФДтФД
тФВ ЁЯРЫ Consistency score: 100.0%
тФФтФАтФАтФАтФАтФАтФАтФАтФАтФАтФАтФАтФАтФАтФАтФАтФАтФАтФАтФАтФАтФАтФАтФАтФАтФАтФАтФАтФАтФАтФАтФАтФАтФАтФАтФАтФАтФАтФАтФАтФАтФАтФАтФАтФАтФАтФАтФАтФАтФАтФАтФАтФАтФАтФАтФАтФАтФАтФАтФАтФАтФАтФАтФАтФАтФАтФАтФАтФАтФАтФАтФАтФАтФАтФАтФАтФАтФАтФАтФАтФАтФАтФАтФАтФАтФАтФАтФАтФАтФАтФАтФАтФАтФАтФАтФАтФАтФАтФАтФАтФАтФАтФАтФАтФАтФАтФАтФАтФАтФАтФАтФАтФАтФАтФАтФАтФАтФАтФАтФА
[38;5;208mтФМтФАтФАтФАтФАтФАтФАтФАтФАтФАтФАтФАтФАтФАтФАтФАтФАтФАтФАтФАтФАтФАтФАтФАтФАтФАтФАтФАтФАтФАтФАтФАтФАтФАтФАтФАтФАтФАтФАтФАтФАтФАтФАтФАтФАтФАтФАтФАтФАтФАтФАтФАтФАтФАтФАтФАтФАтФАтФАтФАтФАтФАтФАтФАтФАтФАтФАтФАтФАтФАтФАтФАтФАтФАтФАтФАтФАтФАтФАтФАтФАтФАтФАтФАтФАтФАтФАтФАтФАтФАтФАтФАтФАтФАтФАтФАтФАтФАтФАтФАтФАтФАтФАтФАтФАтФАтФАтФАтФАтФАтФАтФАтФАтФАтФАтФАтФАтФАтФАтФА[0m
[38;5;208mтФВ #0   TestService.validateResponseQuality (package:psycho_tests/services/test_service.dart:780:17)[0m
[38;5;208mтФВ #1   TestService._completeBipolarTest (package:psycho_tests/services/test_service.dart:602:9)[0m
[38;5;208mтФЬтФДтФДтФДтФДтФДтФДтФДтФДтФДтФДтФДтФДтФДтФДтФДтФДтФДтФДтФДтФДтФДтФДтФДтФДтФДтФДтФДтФДтФДтФДтФДтФДтФДтФДтФДтФДтФДтФДтФДтФДтФДтФДтФДтФДтФДтФДтФДтФДтФДтФДтФДтФДтФДтФДтФДтФДтФДтФДтФДтФДтФДтФДтФДтФДтФДтФДтФДтФДтФДтФДтФДтФДтФДтФДтФДтФДтФДтФДтФДтФДтФДтФДтФДтФДтФДтФДтФДтФДтФДтФДтФДтФДтФДтФДтФДтФДтФДтФДтФДтФДтФДтФДтФДтФДтФДтФДтФДтФДтФДтФДтФДтФДтФДтФДтФДтФДтФДтФДтФД[0m
[38;5;208mтФВ тЪая╕П OVERALL QUALITY: CRITICAL[0m
[38;5;208mтФФтФАтФАтФАтФАтФАтФАтФАтФАтФАтФАтФАтФАтФАтФАтФАтФАтФАтФАтФАтФАтФАтФАтФАтФАтФАтФАтФАтФАтФАтФАтФАтФАтФАтФАтФАтФАтФАтФАтФАтФАтФАтФАтФАтФАтФАтФАтФАтФАтФАтФАтФАтФАтФАтФАтФАтФАтФАтФАтФАтФАтФАтФАтФАтФАтФАтФАтФАтФАтФАтФАтФАтФАтФАтФАтФАтФАтФАтФАтФАтФАтФАтФАтФАтФАтФАтФАтФАтФАтФАтФАтФАтФАтФАтФАтФАтФАтФАтФАтФАтФАтФАтФАтФАтФАтФАтФАтФАтФАтФАтФАтФАтФАтФАтФАтФАтФАтФАтФАтФА[0m
тФМтФАтФАтФАтФАтФАтФАтФАтФАтФАтФАтФАтФАтФАтФАтФАтФАтФАтФАтФАтФАтФАтФАтФАтФАтФАтФАтФАтФАтФАтФАтФАтФАтФАтФАтФАтФАтФАтФАтФАтФАтФАтФАтФАтФАтФАтФАтФАтФАтФАтФАтФАтФАтФАтФАтФАтФАтФАтФАтФАтФАтФАтФАтФАтФАтФАтФАтФАтФАтФАтФАтФАтФАтФАтФАтФАтФАтФАтФАтФАтФАтФАтФАтФАтФАтФАтФАтФАтФАтФАтФАтФАтФАтФАтФАтФАтФАтФАтФАтФАтФАтФАтФАтФАтФАтФАтФАтФАтФАтФАтФАтФАтФАтФАтФАтФАтФАтФАтФАтФА
тФВ #0   TestService._completeBipolarTest (package:psycho_tests/services/test_service.dart:603:15)
тФВ #1   TestService.completeTest (package:psycho_tests/services/test_service.dart:55:16)
тФЬтФДтФДтФДтФДтФДтФДтФДтФДтФДтФДтФДтФДтФДтФДтФДтФДтФДтФДтФДтФДтФДтФДтФДтФДтФДтФДтФДтФДтФДтФДтФДтФДтФДтФДтФДтФДтФДтФДтФДтФДтФДтФДтФДтФДтФДтФДтФДтФДтФДтФДтФДтФДтФДтФДтФДтФДтФДтФДтФДтФДтФДтФДтФДтФДтФДтФДтФДтФДтФДтФДтФДтФДтФДтФДтФДтФДтФДтФДтФДтФДтФДтФДтФДтФДтФДтФДтФДтФДтФДтФДтФДтФДтФДтФДтФДтФДтФДтФДтФДтФДтФДтФДтФДтФДтФДтФДтФДтФДтФДтФДтФДтФДтФДтФДтФДтФДтФДтФДтФД
тФВ ЁЯРЫ Response quality: error
тФФтФАтФАтФАтФАтФАтФАтФАтФАтФАтФАтФАтФАтФАтФАтФАтФАтФАтФАтФАтФАтФАтФАтФАтФАтФАтФАтФАтФАтФАтФАтФАтФАтФАтФАтФАтФАтФАтФАтФАтФАтФАтФАтФАтФАтФАтФАтФАтФАтФАтФАтФАтФАтФАтФАтФАтФАтФАтФАтФАтФАтФАтФАтФАтФАтФАтФАтФАтФАтФАтФАтФАтФАтФАтФАтФАтФАтФАтФАтФАтФАтФАтФАтФАтФАтФАтФАтФАтФАтФАтФАтФАтФАтФАтФАтФАтФАтФАтФАтФАтФАтФАтФАтФАтФАтФАтФАтФАтФАтФАтФАтФАтФАтФАтФАтФАтФАтФАтФАтФА
тФМтФАтФАтФАтФАтФАтФАтФАтФАтФАтФАтФАтФАтФАтФАтФАтФАтФАтФАтФАтФАтФАтФАтФАтФАтФАтФАтФАтФАтФАтФАтФАтФАтФАтФАтФАтФАтФАтФАтФАтФАтФАтФАтФАтФАтФАтФАтФАтФАтФАтФАтФАтФАтФАтФАтФАтФАтФАтФАтФАтФАтФАтФАтФАтФАтФАтФАтФАтФАтФАтФАтФАтФАтФАтФАтФАтФАтФАтФАтФАтФАтФАтФАтФАтФАтФАтФАтФАтФАтФАтФАтФАтФАтФАтФАтФАтФАтФАтФАтФАтФАтФАтФАтФАтФАтФАтФАтФАтФАтФАтФАтФАтФАтФАтФАтФАтФАтФАтФАтФА
тФВ #0   TestService._completeBipolarTest (package:psycho_tests/services/test_service.dart:604:15)
тФВ #1   TestService.completeTest (package:psycho_tests/services/test_service.dart:55:16)
тФЬтФДтФДтФДтФДтФДтФДтФДтФДтФДтФДтФДтФДтФДтФДтФДтФДтФДтФДтФДтФДтФДтФДтФДтФДтФДтФДтФДтФДтФДтФДтФДтФДтФДтФДтФДтФДтФДтФДтФДтФДтФДтФДтФДтФДтФДтФДтФДтФДтФДтФДтФДтФДтФДтФДтФДтФДтФДтФДтФДтФДтФДтФДтФДтФДтФДтФДтФДтФДтФДтФДтФДтФДтФДтФДтФДтФДтФДтФДтФДтФДтФДтФДтФДтФДтФДтФДтФДтФДтФДтФДтФДтФДтФДтФДтФДтФДтФДтФДтФДтФДтФДтФДтФДтФДтФДтФДтФДтФДтФДтФДтФДтФДтФДтФДтФДтФДтФДтФДтФД
тФВ ЁЯРЫ Detected issues: 2
тФФтФАтФАтФАтФАтФАтФАтФАтФАтФАтФАтФАтФАтФАтФАтФАтФАтФАтФАтФАтФАтФАтФАтФАтФАтФАтФАтФАтФАтФАтФАтФАтФАтФАтФАтФАтФАтФАтФАтФАтФАтФАтФАтФАтФАтФАтФАтФАтФАтФАтФАтФАтФАтФАтФАтФАтФАтФАтФАтФАтФАтФАтФАтФАтФАтФАтФАтФАтФАтФАтФАтФАтФАтФАтФАтФАтФАтФАтФАтФАтФАтФАтФАтФАтФАтФАтФАтФАтФАтФАтФАтФАтФАтФАтФАтФАтФАтФАтФАтФАтФАтФАтФАтФАтФАтФАтФАтФАтФАтФАтФАтФАтФАтФАтФАтФАтФАтФАтФАтФА
тФМтФАтФАтФАтФАтФАтФАтФАтФАтФАтФАтФАтФАтФАтФАтФАтФАтФАтФАтФАтФАтФАтФАтФАтФАтФАтФАтФАтФАтФАтФАтФАтФАтФАтФАтФАтФАтФАтФАтФАтФАтФАтФАтФАтФАтФАтФАтФАтФАтФАтФАтФАтФАтФАтФАтФАтФАтФАтФАтФАтФАтФАтФАтФАтФАтФАтФАтФАтФАтФАтФАтФАтФАтФАтФАтФАтФАтФАтФАтФАтФАтФАтФАтФАтФАтФАтФАтФАтФАтФАтФАтФАтФАтФАтФАтФАтФАтФАтФАтФАтФАтФАтФАтФАтФАтФАтФАтФАтФАтФАтФАтФАтФАтФАтФАтФАтФАтФАтФАтФА
тФВ #0   TestService._completeBipolarTest (package:psycho_tests/services/test_service.dart:620:15)
тФВ #1   TestService.completeTest (package:psycho_tests/services/test_service.dart:55:16)
тФЬтФДтФДтФДтФДтФДтФДтФДтФДтФДтФДтФДтФДтФДтФДтФДтФДтФДтФДтФДтФДтФДтФДтФДтФДтФДтФДтФДтФДтФДтФДтФДтФДтФДтФДтФДтФДтФДтФДтФДтФДтФДтФДтФДтФДтФДтФДтФДтФДтФДтФДтФДтФДтФДтФДтФДтФДтФДтФДтФДтФДтФДтФДтФДтФДтФДтФДтФДтФДтФДтФДтФДтФДтФДтФДтФДтФДтФДтФДтФДтФДтФДтФДтФДтФДтФДтФДтФДтФДтФДтФДтФДтФДтФДтФДтФДтФДтФДтФДтФДтФДтФДтФДтФДтФДтФДтФДтФДтФДтФДтФДтФДтФДтФДтФДтФДтФДтФДтФДтФД
тФВ ЁЯРЫ Created 16 types test result with typeScales
тФФтФАтФАтФАтФАтФАтФАтФАтФАтФАтФАтФАтФАтФАтФАтФАтФАтФАтФАтФАтФАтФАтФАтФАтФАтФАтФАтФАтФАтФАтФАтФАтФАтФАтФАтФАтФАтФАтФАтФАтФАтФАтФАтФАтФАтФАтФАтФАтФАтФАтФАтФАтФАтФАтФАтФАтФАтФАтФАтФАтФАтФАтФАтФАтФАтФАтФАтФАтФАтФАтФАтФАтФАтФАтФАтФАтФАтФАтФАтФАтФАтФАтФАтФАтФАтФАтФАтФАтФАтФАтФАтФАтФАтФАтФАтФАтФАтФАтФАтФАтФАтФАтФАтФАтФАтФАтФАтФАтФАтФАтФАтФАтФАтФАтФАтФАтФАтФАтФАтФА
тФМтФАтФАтФАтФАтФАтФАтФАтФАтФАтФАтФАтФАтФАтФАтФАтФАтФАтФАтФАтФАтФАтФАтФАтФАтФАтФАтФАтФАтФАтФАтФАтФАтФАтФАтФАтФАтФАтФАтФАтФАтФАтФАтФАтФАтФАтФАтФАтФАтФАтФАтФАтФАтФАтФАтФАтФАтФАтФАтФАтФАтФАтФАтФАтФАтФАтФАтФАтФАтФАтФАтФАтФАтФАтФАтФАтФАтФАтФАтФАтФАтФАтФАтФАтФАтФАтФАтФАтФАтФАтФАтФАтФАтФАтФАтФАтФАтФАтФАтФАтФАтФАтФАтФАтФАтФАтФАтФАтФАтФАтФАтФАтФАтФАтФАтФАтФАтФАтФАтФА
тФВ #0   TestService._completeBipolarTest (package:psycho_tests/services/test_service.dart:621:15)
тФВ #1   TestService.completeTest (package:psycho_tests/services/test_service.dart:55:16)
тФЬтФДтФДтФДтФДтФДтФДтФДтФДтФДтФДтФДтФДтФДтФДтФДтФДтФДтФДтФДтФДтФДтФДтФДтФДтФДтФДтФДтФДтФДтФДтФДтФДтФДтФДтФДтФДтФДтФДтФДтФДтФДтФДтФДтФДтФДтФДтФДтФДтФДтФДтФДтФДтФДтФДтФДтФДтФДтФДтФДтФДтФДтФДтФДтФДтФДтФДтФДтФДтФДтФДтФДтФДтФДтФДтФДтФДтФДтФДтФДтФДтФДтФДтФДтФДтФДтФДтФДтФДтФДтФДтФДтФДтФДтФДтФДтФДтФДтФДтФДтФДтФДтФДтФДтФДтФДтФДтФДтФДтФДтФДтФДтФДтФДтФДтФДтФДтФДтФДтФД
тФВ ЁЯРЫ result.userAnswers contains 80 answers
тФФтФАтФАтФАтФАтФАтФАтФАтФАтФАтФАтФАтФАтФАтФАтФАтФАтФАтФАтФАтФАтФАтФАтФАтФАтФАтФАтФАтФАтФАтФАтФАтФАтФАтФАтФАтФАтФАтФАтФАтФАтФАтФАтФАтФАтФАтФАтФАтФАтФАтФАтФАтФАтФАтФАтФАтФАтФАтФАтФАтФАтФАтФАтФАтФАтФАтФАтФАтФАтФАтФАтФАтФАтФАтФАтФАтФАтФАтФАтФАтФАтФАтФАтФАтФАтФАтФАтФАтФАтФАтФАтФАтФАтФАтФАтФАтФАтФАтФАтФАтФАтФАтФАтФАтФАтФАтФАтФАтФАтФАтФАтФАтФАтФАтФАтФАтФАтФАтФАтФА
тФМтФАтФАтФАтФАтФАтФАтФАтФАтФАтФАтФАтФАтФАтФАтФАтФАтФАтФАтФАтФАтФАтФАтФАтФАтФАтФАтФАтФАтФАтФАтФАтФАтФАтФАтФАтФАтФАтФАтФАтФАтФАтФАтФАтФАтФАтФАтФАтФАтФАтФАтФАтФАтФАтФАтФАтФАтФАтФАтФАтФАтФАтФАтФАтФАтФАтФАтФАтФАтФАтФАтФАтФАтФАтФАтФАтФАтФАтФАтФАтФАтФАтФАтФАтФАтФАтФАтФАтФАтФАтФАтФАтФАтФАтФАтФАтФАтФАтФАтФАтФАтФАтФАтФАтФАтФАтФАтФАтФАтФАтФАтФАтФАтФАтФАтФАтФАтФАтФАтФА
тФВ #0   TestService._completeBipolarTest (package:psycho_tests/services/test_service.dart:622:15)
тФВ #1   TestService.completeTest (package:psycho_tests/services/test_service.dart:55:16)
тФЬтФДтФДтФДтФДтФДтФДтФДтФДтФДтФДтФДтФДтФДтФДтФДтФДтФДтФДтФДтФДтФДтФДтФДтФДтФДтФДтФДтФДтФДтФДтФДтФДтФДтФДтФДтФДтФДтФДтФДтФДтФДтФДтФДтФДтФДтФДтФДтФДтФДтФДтФДтФДтФДтФДтФДтФДтФДтФДтФДтФДтФДтФДтФДтФДтФДтФДтФДтФДтФДтФДтФДтФДтФДтФДтФДтФДтФДтФДтФДтФДтФДтФДтФДтФДтФДтФДтФДтФДтФДтФДтФДтФДтФДтФДтФДтФДтФДтФДтФДтФДтФДтФДтФДтФДтФДтФДтФДтФДтФДтФДтФДтФДтФДтФДтФДтФДтФДтФДтФД
тФВ ЁЯРЫ result.typeScales contains 8 scales
тФФтФАтФАтФАтФАтФАтФАтФАтФАтФАтФАтФАтФАтФАтФАтФАтФАтФАтФАтФАтФАтФАтФАтФАтФАтФАтФАтФАтФАтФАтФАтФАтФАтФАтФАтФАтФАтФАтФАтФАтФАтФАтФАтФАтФАтФАтФАтФАтФАтФАтФАтФАтФАтФАтФАтФАтФАтФАтФАтФАтФАтФАтФАтФАтФАтФАтФАтФАтФАтФАтФАтФАтФАтФАтФАтФАтФАтФАтФАтФАтФАтФАтФАтФАтФАтФАтФАтФАтФАтФАтФАтФАтФАтФАтФАтФАтФАтФАтФАтФАтФАтФАтФАтФАтФАтФАтФАтФАтФАтФАтФАтФАтФАтФАтФАтФАтФАтФАтФАтФА
00:00 +17 -15: D:/Work/psycho_app/0.0.1.x_dev/test/services/test_service_test.dart: completeTest() - Bipolar Tests (16 Types) identifies dominant pole for each dimension
тФМтФАтФАтФАтФАтФАтФАтФАтФАтФАтФАтФАтФАтФАтФАтФАтФАтФАтФАтФАтФАтФАтФАтФАтФАтФАтФАтФАтФАтФАтФАтФАтФАтФАтФАтФАтФАтФАтФАтФАтФАтФАтФАтФАтФАтФАтФАтФАтФАтФАтФАтФАтФАтФАтФАтФАтФАтФАтФАтФАтФАтФАтФАтФАтФАтФАтФАтФАтФАтФАтФАтФАтФАтФАтФАтФАтФАтФАтФАтФАтФАтФАтФАтФАтФАтФАтФАтФАтФАтФАтФАтФАтФАтФАтФАтФАтФАтФАтФАтФАтФАтФАтФАтФАтФАтФАтФАтФАтФАтФАтФАтФАтФАтФАтФАтФАтФАтФАтФАтФА
тФВ #0   TestService.completeTest (package:psycho_tests/services/test_service.dart:43:15)
тФВ #1   main.<anonymous closure>.<anonymous closure> (file:///D:/Work/psycho_app/0.0.1.x_dev/test/services/test_service_test.dart:286:40)
тФЬтФДтФДтФДтФДтФДтФДтФДтФДтФДтФДтФДтФДтФДтФДтФДтФДтФДтФДтФДтФДтФДтФДтФДтФДтФДтФДтФДтФДтФДтФДтФДтФДтФДтФДтФДтФДтФДтФДтФДтФДтФДтФДтФДтФДтФДтФДтФДтФДтФДтФДтФДтФДтФДтФДтФДтФДтФДтФДтФДтФДтФДтФДтФДтФДтФДтФДтФДтФДтФДтФДтФДтФДтФДтФДтФДтФДтФДтФДтФДтФДтФДтФДтФДтФДтФДтФДтФДтФДтФДтФДтФДтФДтФДтФДтФДтФДтФДтФДтФДтФДтФДтФДтФДтФДтФДтФДтФДтФДтФДтФДтФДтФДтФДтФДтФДтФДтФДтФДтФД
тФВ ЁЯРЫ ===== completeTest() CALLED =====
тФФтФАтФАтФАтФАтФАтФАтФАтФАтФАтФАтФАтФАтФАтФАтФАтФАтФАтФАтФАтФАтФАтФАтФАтФАтФАтФАтФАтФАтФАтФАтФАтФАтФАтФАтФАтФАтФАтФАтФАтФАтФАтФАтФАтФАтФАтФАтФАтФАтФАтФАтФАтФАтФАтФАтФАтФАтФАтФАтФАтФАтФАтФАтФАтФАтФАтФАтФАтФАтФАтФАтФАтФАтФАтФАтФАтФАтФАтФАтФАтФАтФАтФАтФАтФАтФАтФАтФАтФАтФАтФАтФАтФАтФАтФАтФАтФАтФАтФАтФАтФАтФАтФАтФАтФАтФАтФАтФАтФАтФАтФАтФАтФАтФАтФАтФАтФАтФАтФАтФА
тФМтФАтФАтФАтФАтФАтФАтФАтФАтФАтФАтФАтФАтФАтФАтФАтФАтФАтФАтФАтФАтФАтФАтФАтФАтФАтФАтФАтФАтФАтФАтФАтФАтФАтФАтФАтФАтФАтФАтФАтФАтФАтФАтФАтФАтФАтФАтФАтФАтФАтФАтФАтФАтФАтФАтФАтФАтФАтФАтФАтФАтФАтФАтФАтФАтФАтФАтФАтФАтФАтФАтФАтФАтФАтФАтФАтФАтФАтФАтФАтФАтФАтФАтФАтФАтФАтФАтФАтФАтФАтФАтФАтФАтФАтФАтФАтФАтФАтФАтФАтФАтФАтФАтФАтФАтФАтФАтФАтФАтФАтФАтФАтФАтФАтФАтФАтФАтФАтФАтФА
тФВ #0   TestService.completeTest (package:psycho_tests/services/test_service.dart:44:15)
тФВ #1   main.<anonymous closure>.<anonymous closure> (file:///D:/Work/psycho_app/0.0.1.x_dev/test/services/test_service_test.dart:286:40)
тФЬтФДтФДтФДтФДтФДтФДтФДтФДтФДтФДтФДтФДтФДтФДтФДтФДтФДтФДтФДтФДтФДтФДтФДтФДтФДтФДтФДтФДтФДтФДтФДтФДтФДтФДтФДтФДтФДтФДтФДтФДтФДтФДтФДтФДтФДтФДтФДтФДтФДтФДтФДтФДтФДтФДтФДтФДтФДтФДтФДтФДтФДтФДтФДтФДтФДтФДтФДтФДтФДтФДтФДтФДтФДтФДтФДтФДтФДтФДтФДтФДтФДтФДтФДтФДтФДтФДтФДтФДтФДтФДтФДтФДтФДтФДтФДтФДтФДтФДтФДтФДтФДтФДтФДтФДтФДтФДтФДтФДтФДтФДтФДтФДтФДтФДтФДтФДтФДтФДтФД
тФВ ЁЯРЫ testId: sixteen_types
тФФтФАтФАтФАтФАтФАтФАтФАтФАтФАтФАтФАтФАтФАтФАтФАтФАтФАтФАтФАтФАтФАтФАтФАтФАтФАтФАтФАтФАтФАтФАтФАтФАтФАтФАтФАтФАтФАтФАтФАтФАтФАтФАтФАтФАтФАтФАтФАтФАтФАтФАтФАтФАтФАтФАтФАтФАтФАтФАтФАтФАтФАтФАтФАтФАтФАтФАтФАтФАтФАтФАтФАтФАтФАтФАтФАтФАтФАтФАтФАтФАтФАтФАтФАтФАтФАтФАтФАтФАтФАтФАтФАтФАтФАтФАтФАтФАтФАтФАтФАтФАтФАтФАтФАтФАтФАтФАтФАтФАтФАтФАтФАтФАтФАтФАтФАтФАтФАтФАтФА
тФМтФАтФАтФАтФАтФАтФАтФАтФАтФАтФАтФАтФАтФАтФАтФАтФАтФАтФАтФАтФАтФАтФАтФАтФАтФАтФАтФАтФАтФАтФАтФАтФАтФАтФАтФАтФАтФАтФАтФАтФАтФАтФАтФАтФАтФАтФАтФАтФАтФАтФАтФАтФАтФАтФАтФАтФАтФАтФАтФАтФАтФАтФАтФАтФАтФАтФАтФАтФАтФАтФАтФАтФАтФАтФАтФАтФАтФАтФАтФАтФАтФАтФАтФАтФАтФАтФАтФАтФАтФАтФАтФАтФАтФАтФАтФАтФАтФАтФАтФАтФАтФАтФАтФАтФАтФАтФАтФАтФАтФАтФАтФАтФАтФАтФАтФАтФАтФАтФАтФА
тФВ #0   TestService.completeTest (package:psycho_tests/services/test_service.dart:45:15)
тФВ #1   main.<anonymous closure>.<anonymous closure> (file:///D:/Work/psycho_app/0.0.1.x_dev/test/services/test_service_test.dart:286:40)
тФЬтФДтФДтФДтФДтФДтФДтФДтФДтФДтФДтФДтФДтФДтФДтФДтФДтФДтФДтФДтФДтФДтФДтФДтФДтФДтФДтФДтФДтФДтФДтФДтФДтФДтФДтФДтФДтФДтФДтФДтФДтФДтФДтФДтФДтФДтФДтФДтФДтФДтФДтФДтФДтФДтФДтФДтФДтФДтФДтФДтФДтФДтФДтФДтФДтФДтФДтФДтФДтФДтФДтФДтФДтФДтФДтФДтФДтФДтФДтФДтФДтФДтФДтФДтФДтФДтФДтФДтФДтФДтФДтФДтФДтФДтФДтФДтФДтФДтФДтФДтФДтФДтФДтФДтФДтФДтФДтФДтФДтФДтФДтФДтФДтФДтФДтФДтФДтФДтФДтФД
тФВ ЁЯРЫ type: TestType.multiFactor
тФФтФАтФАтФАтФАтФАтФАтФАтФАтФАтФАтФАтФАтФАтФАтФАтФАтФАтФАтФАтФАтФАтФАтФАтФАтФАтФАтФАтФАтФАтФАтФАтФАтФАтФАтФАтФАтФАтФАтФАтФАтФАтФАтФАтФАтФАтФАтФАтФАтФАтФАтФАтФАтФАтФАтФАтФАтФАтФАтФАтФАтФАтФАтФАтФАтФАтФАтФАтФАтФАтФАтФАтФАтФАтФАтФАтФАтФАтФАтФАтФАтФАтФАтФАтФАтФАтФАтФАтФАтФАтФАтФАтФАтФАтФАтФАтФАтФАтФАтФАтФАтФАтФАтФАтФАтФАтФАтФАтФАтФАтФАтФАтФАтФАтФАтФАтФАтФАтФАтФА
тФМтФАтФАтФАтФАтФАтФАтФАтФАтФАтФАтФАтФАтФАтФАтФАтФАтФАтФАтФАтФАтФАтФАтФАтФАтФАтФАтФАтФАтФАтФАтФАтФАтФАтФАтФАтФАтФАтФАтФАтФАтФАтФАтФАтФАтФАтФАтФАтФАтФАтФАтФАтФАтФАтФАтФАтФАтФАтФАтФАтФАтФАтФАтФАтФАтФАтФАтФАтФАтФАтФАтФАтФАтФАтФАтФАтФАтФАтФАтФАтФАтФАтФАтФАтФАтФАтФАтФАтФАтФАтФАтФАтФАтФАтФАтФАтФАтФАтФАтФАтФАтФАтФАтФАтФАтФАтФАтФАтФАтФАтФАтФАтФАтФАтФАтФАтФАтФАтФАтФА
тФВ #0   TestService.completeTest (package:psycho_tests/services/test_service.dart:46:15)
тФВ #1   main.<anonymous closure>.<anonymous closure> (file:///D:/Work/psycho_app/0.0.1.x_dev/test/services/test_service_test.dart:286:40)
тФЬтФДтФДтФДтФДтФДтФДтФДтФДтФДтФДтФДтФДтФДтФДтФДтФДтФДтФДтФДтФДтФДтФДтФДтФДтФДтФДтФДтФДтФДтФДтФДтФДтФДтФДтФДтФДтФДтФДтФДтФДтФДтФДтФДтФДтФДтФДтФДтФДтФДтФДтФДтФДтФДтФДтФДтФДтФДтФДтФДтФДтФДтФДтФДтФДтФДтФДтФДтФДтФДтФДтФДтФДтФДтФДтФДтФДтФДтФДтФДтФДтФДтФДтФДтФДтФДтФДтФДтФДтФДтФДтФДтФДтФДтФДтФДтФДтФДтФДтФДтФДтФДтФДтФДтФДтФДтФДтФДтФДтФДтФДтФДтФДтФДтФДтФДтФДтФДтФДтФД
тФВ ЁЯРЫ isBipolar: true
тФФтФАтФАтФАтФАтФАтФАтФАтФАтФАтФАтФАтФАтФАтФАтФАтФАтФАтФАтФАтФАтФАтФАтФАтФАтФАтФАтФАтФАтФАтФАтФАтФАтФАтФАтФАтФАтФАтФАтФАтФАтФАтФАтФАтФАтФАтФАтФАтФАтФАтФАтФАтФАтФАтФАтФАтФАтФАтФАтФАтФАтФАтФАтФАтФАтФАтФАтФАтФАтФАтФАтФАтФАтФАтФАтФАтФАтФАтФАтФАтФАтФАтФАтФАтФАтФАтФАтФАтФАтФАтФАтФАтФАтФАтФАтФАтФАтФАтФАтФАтФАтФАтФАтФАтФАтФАтФАтФАтФАтФАтФАтФАтФАтФАтФАтФАтФАтФАтФАтФА
тФМтФАтФАтФАтФАтФАтФАтФАтФАтФАтФАтФАтФАтФАтФАтФАтФАтФАтФАтФАтФАтФАтФАтФАтФАтФАтФАтФАтФАтФАтФАтФАтФАтФАтФАтФАтФАтФАтФАтФАтФАтФАтФАтФАтФАтФАтФАтФАтФАтФАтФАтФАтФАтФАтФАтФАтФАтФАтФАтФАтФАтФАтФАтФАтФАтФАтФАтФАтФАтФАтФАтФАтФАтФАтФАтФАтФАтФАтФАтФАтФАтФАтФАтФАтФАтФАтФАтФАтФАтФАтФАтФАтФАтФАтФАтФАтФАтФАтФАтФАтФАтФАтФАтФАтФАтФАтФАтФАтФАтФАтФАтФАтФАтФАтФАтФАтФАтФАтФАтФА
тФВ #0   TestService.completeTest (package:psycho_tests/services/test_service.dart:47:15)
тФВ #1   main.<anonymous closure>.<anonymous closure> (file:///D:/Work/psycho_app/0.0.1.x_dev/test/services/test_service_test.dart:286:40)
тФЬтФДтФДтФДтФДтФДтФДтФДтФДтФДтФДтФДтФДтФДтФДтФДтФДтФДтФДтФДтФДтФДтФДтФДтФДтФДтФДтФДтФДтФДтФДтФДтФДтФДтФДтФДтФДтФДтФДтФДтФДтФДтФДтФДтФДтФДтФДтФДтФДтФДтФДтФДтФДтФДтФДтФДтФДтФДтФДтФДтФДтФДтФДтФДтФДтФДтФДтФДтФДтФДтФДтФДтФДтФДтФДтФДтФДтФДтФДтФДтФДтФДтФДтФДтФДтФДтФДтФДтФДтФДтФДтФДтФДтФДтФДтФДтФДтФДтФДтФДтФДтФДтФДтФДтФДтФДтФДтФДтФДтФДтФДтФДтФДтФДтФДтФДтФДтФДтФДтФД
тФВ ЁЯРЫ bipolarDimensions: [mbti_ei, mbti_sn, mbti_tf, mbti_jp]
тФФтФАтФАтФАтФАтФАтФАтФАтФАтФАтФАтФАтФАтФАтФАтФАтФАтФАтФАтФАтФАтФАтФАтФАтФАтФАтФАтФАтФАтФАтФАтФАтФАтФАтФАтФАтФАтФАтФАтФАтФАтФАтФАтФАтФАтФАтФАтФАтФАтФАтФАтФАтФАтФАтФАтФАтФАтФАтФАтФАтФАтФАтФАтФАтФАтФАтФАтФАтФАтФАтФАтФАтФАтФАтФАтФАтФАтФАтФАтФАтФАтФАтФАтФАтФАтФАтФАтФАтФАтФАтФАтФАтФАтФАтФАтФАтФАтФАтФАтФАтФАтФАтФАтФАтФАтФАтФАтФАтФАтФАтФАтФАтФАтФАтФАтФАтФАтФАтФАтФА
тФМтФАтФАтФАтФАтФАтФАтФАтФАтФАтФАтФАтФАтФАтФАтФАтФАтФАтФАтФАтФАтФАтФАтФАтФАтФАтФАтФАтФАтФАтФАтФАтФАтФАтФАтФАтФАтФАтФАтФАтФАтФАтФАтФАтФАтФАтФАтФАтФАтФАтФАтФАтФАтФАтФАтФАтФАтФАтФАтФАтФАтФАтФАтФАтФАтФАтФАтФАтФАтФАтФАтФАтФАтФАтФАтФАтФАтФАтФАтФАтФАтФАтФАтФАтФАтФАтФАтФАтФАтФАтФАтФАтФАтФАтФАтФАтФАтФАтФАтФАтФАтФАтФАтФАтФАтФАтФАтФАтФАтФАтФАтФАтФАтФАтФАтФАтФАтФАтФАтФА
тФВ #0   TestService.completeTest (package:psycho_tests/services/test_service.dart:51:17)
тФВ #1   main.<anonymous closure>.<anonymous closure> (file:///D:/Work/psycho_app/0.0.1.x_dev/test/services/test_service_test.dart:286:40)
тФЬтФДтФДтФДтФДтФДтФДтФДтФДтФДтФДтФДтФДтФДтФДтФДтФДтФДтФДтФДтФДтФДтФДтФДтФДтФДтФДтФДтФДтФДтФДтФДтФДтФДтФДтФДтФДтФДтФДтФДтФДтФДтФДтФДтФДтФДтФДтФДтФДтФДтФДтФДтФДтФДтФДтФДтФДтФДтФДтФДтФДтФДтФДтФДтФДтФДтФДтФДтФДтФДтФДтФДтФДтФДтФДтФДтФДтФДтФДтФДтФДтФДтФДтФДтФДтФДтФДтФДтФДтФДтФДтФДтФДтФДтФДтФДтФДтФДтФДтФДтФДтФДтФДтФДтФДтФДтФДтФДтФДтФДтФДтФДтФДтФДтФДтФДтФДтФДтФДтФД
тФВ ЁЯРЫ Multi-factor test detected
тФФтФАтФАтФАтФАтФАтФАтФАтФАтФАтФАтФАтФАтФАтФАтФАтФАтФАтФАтФАтФАтФАтФАтФАтФАтФАтФАтФАтФАтФАтФАтФАтФАтФАтФАтФАтФАтФАтФАтФАтФАтФАтФАтФАтФАтФАтФАтФАтФАтФАтФАтФАтФАтФАтФАтФАтФАтФАтФАтФАтФАтФАтФАтФАтФАтФАтФАтФАтФАтФАтФАтФАтФАтФАтФАтФАтФАтФАтФАтФАтФАтФАтФАтФАтФАтФАтФАтФАтФАтФАтФАтФАтФАтФАтФАтФАтФАтФАтФАтФАтФАтФАтФАтФАтФАтФАтФАтФАтФАтФАтФАтФАтФАтФАтФАтФАтФАтФАтФАтФА
тФМтФАтФАтФАтФАтФАтФАтФАтФАтФАтФАтФАтФАтФАтФАтФАтФАтФАтФАтФАтФАтФАтФАтФАтФАтФАтФАтФАтФАтФАтФАтФАтФАтФАтФАтФАтФАтФАтФАтФАтФАтФАтФАтФАтФАтФАтФАтФАтФАтФАтФАтФАтФАтФАтФАтФАтФАтФАтФАтФАтФАтФАтФАтФАтФАтФАтФАтФАтФАтФАтФАтФАтФАтФАтФАтФАтФАтФАтФАтФАтФАтФАтФАтФАтФАтФАтФАтФАтФАтФАтФАтФАтФАтФАтФАтФАтФАтФАтФАтФАтФАтФАтФАтФАтФАтФАтФАтФАтФАтФАтФАтФАтФАтФАтФАтФАтФАтФАтФАтФА
тФВ #0   TestService.completeTest (package:psycho_tests/services/test_service.dart:54:19)
тФВ #1   main.<anonymous closure>.<anonymous closure> (file:///D:/Work/psycho_app/0.0.1.x_dev/test/services/test_service_test.dart:286:40)
тФЬтФДтФДтФДтФДтФДтФДтФДтФДтФДтФДтФДтФДтФДтФДтФДтФДтФДтФДтФДтФДтФДтФДтФДтФДтФДтФДтФДтФДтФДтФДтФДтФДтФДтФДтФДтФДтФДтФДтФДтФДтФДтФДтФДтФДтФДтФДтФДтФДтФДтФДтФДтФДтФДтФДтФДтФДтФДтФДтФДтФДтФДтФДтФДтФДтФДтФДтФДтФДтФДтФДтФДтФДтФДтФДтФДтФДтФДтФДтФДтФДтФДтФДтФДтФДтФДтФДтФДтФДтФДтФДтФДтФДтФДтФДтФДтФДтФДтФДтФДтФДтФДтФДтФДтФДтФДтФДтФДтФДтФДтФДтФДтФДтФДтФДтФДтФДтФДтФДтФД
тФВ ЁЯРЫ Calling _completeBipolarTest()
тФФтФАтФАтФАтФАтФАтФАтФАтФАтФАтФАтФАтФАтФАтФАтФАтФАтФАтФАтФАтФАтФАтФАтФАтФАтФАтФАтФАтФАтФАтФАтФАтФАтФАтФАтФАтФАтФАтФАтФАтФАтФАтФАтФАтФАтФАтФАтФАтФАтФАтФАтФАтФАтФАтФАтФАтФАтФАтФАтФАтФАтФАтФАтФАтФАтФАтФАтФАтФАтФАтФАтФАтФАтФАтФАтФАтФАтФАтФАтФАтФАтФАтФАтФАтФАтФАтФАтФАтФАтФАтФАтФАтФАтФАтФАтФАтФАтФАтФАтФАтФАтФАтФАтФАтФАтФАтФАтФАтФАтФАтФАтФАтФАтФАтФАтФАтФАтФАтФАтФА
тФМтФАтФАтФАтФАтФАтФАтФАтФАтФАтФАтФАтФАтФАтФАтФАтФАтФАтФАтФАтФАтФАтФАтФАтФАтФАтФАтФАтФАтФАтФАтФАтФАтФАтФАтФАтФАтФАтФАтФАтФАтФАтФАтФАтФАтФАтФАтФАтФАтФАтФАтФАтФАтФАтФАтФАтФАтФАтФАтФАтФАтФАтФАтФАтФАтФАтФАтФАтФАтФАтФАтФАтФАтФАтФАтФАтФАтФАтФАтФАтФАтФАтФАтФАтФАтФАтФАтФАтФАтФАтФАтФАтФАтФАтФАтФАтФАтФАтФАтФАтФАтФАтФАтФАтФАтФАтФАтФАтФАтФАтФАтФАтФАтФАтФАтФАтФАтФАтФАтФА
тФВ #0   TestService._completeBipolarTest (package:psycho_tests/services/test_service.dart:366:15)
тФВ #1   TestService.completeTest (package:psycho_tests/services/test_service.dart:55:16)
тФЬтФДтФДтФДтФДтФДтФДтФДтФДтФДтФДтФДтФДтФДтФДтФДтФДтФДтФДтФДтФДтФДтФДтФДтФДтФДтФДтФДтФДтФДтФДтФДтФДтФДтФДтФДтФДтФДтФДтФДтФДтФДтФДтФДтФДтФДтФДтФДтФДтФДтФДтФДтФДтФДтФДтФДтФДтФДтФДтФДтФДтФДтФДтФДтФДтФДтФДтФДтФДтФДтФДтФДтФДтФДтФДтФДтФДтФДтФДтФДтФДтФДтФДтФДтФДтФДтФДтФДтФДтФДтФДтФДтФДтФДтФДтФДтФДтФДтФДтФДтФДтФДтФДтФДтФДтФДтФДтФДтФДтФДтФДтФДтФДтФДтФДтФДтФДтФДтФДтФД
тФВ ЁЯРЫ ===== START _completeBipolarTest() (UNIPOLAR V2 ALGORITHM) =====
тФФтФАтФАтФАтФАтФАтФАтФАтФАтФАтФАтФАтФАтФАтФАтФАтФАтФАтФАтФАтФАтФАтФАтФАтФАтФАтФАтФАтФАтФАтФАтФАтФАтФАтФАтФАтФАтФАтФАтФАтФАтФАтФАтФАтФАтФАтФАтФАтФАтФАтФАтФАтФАтФАтФАтФАтФАтФАтФАтФАтФАтФАтФАтФАтФАтФАтФАтФАтФАтФАтФАтФАтФАтФАтФАтФАтФАтФАтФАтФАтФАтФАтФАтФАтФАтФАтФАтФАтФАтФАтФАтФАтФАтФАтФАтФАтФАтФАтФАтФАтФАтФАтФАтФАтФАтФАтФАтФАтФАтФАтФАтФАтФАтФАтФАтФАтФАтФАтФАтФА
тФМтФАтФАтФАтФАтФАтФАтФАтФАтФАтФАтФАтФАтФАтФАтФАтФАтФАтФАтФАтФАтФАтФАтФАтФАтФАтФАтФАтФАтФАтФАтФАтФАтФАтФАтФАтФАтФАтФАтФАтФАтФАтФАтФАтФАтФАтФАтФАтФАтФАтФАтФАтФАтФАтФАтФАтФАтФАтФАтФАтФАтФАтФАтФАтФАтФАтФАтФАтФАтФАтФАтФАтФАтФАтФАтФАтФАтФАтФАтФАтФАтФАтФАтФАтФАтФАтФАтФАтФАтФАтФАтФАтФАтФАтФАтФАтФАтФАтФАтФАтФАтФАтФАтФАтФАтФАтФАтФАтФАтФАтФАтФАтФАтФАтФАтФАтФАтФАтФАтФА
тФВ #0   TestService._completeBipolarTest (package:psycho_tests/services/test_service.dart:367:15)
тФВ #1   TestService.completeTest (package:psycho_tests/services/test_service.dart:55:16)
тФЬтФДтФДтФДтФДтФДтФДтФДтФДтФДтФДтФДтФДтФДтФДтФДтФДтФДтФДтФДтФДтФДтФДтФДтФДтФДтФДтФДтФДтФДтФДтФДтФДтФДтФДтФДтФДтФДтФДтФДтФДтФДтФДтФДтФДтФДтФДтФДтФДтФДтФДтФДтФДтФДтФДтФДтФДтФДтФДтФДтФДтФДтФДтФДтФДтФДтФДтФДтФДтФДтФДтФДтФДтФДтФДтФДтФДтФДтФДтФДтФДтФДтФДтФДтФДтФДтФДтФДтФДтФДтФДтФДтФДтФДтФДтФДтФДтФДтФДтФДтФДтФДтФДтФДтФДтФДтФДтФДтФДтФДтФДтФДтФДтФДтФДтФДтФДтФДтФДтФД
тФВ ЁЯРЫ Total questions in test: 80
тФФтФАтФАтФАтФАтФАтФАтФАтФАтФАтФАтФАтФАтФАтФАтФАтФАтФАтФАтФАтФАтФАтФАтФАтФАтФАтФАтФАтФАтФАтФАтФАтФАтФАтФАтФАтФАтФАтФАтФАтФАтФАтФАтФАтФАтФАтФАтФАтФАтФАтФАтФАтФАтФАтФАтФАтФАтФАтФАтФАтФАтФАтФАтФАтФАтФАтФАтФАтФАтФАтФАтФАтФАтФАтФАтФАтФАтФАтФАтФАтФАтФАтФАтФАтФАтФАтФАтФАтФАтФАтФАтФАтФАтФАтФАтФАтФАтФАтФАтФАтФАтФАтФАтФАтФАтФАтФАтФАтФАтФАтФАтФАтФАтФАтФАтФАтФАтФАтФАтФА
тФМтФАтФАтФАтФАтФАтФАтФАтФАтФАтФАтФАтФАтФАтФАтФАтФАтФАтФАтФАтФАтФАтФАтФАтФАтФАтФАтФАтФАтФАтФАтФАтФАтФАтФАтФАтФАтФАтФАтФАтФАтФАтФАтФАтФАтФАтФАтФАтФАтФАтФАтФАтФАтФАтФАтФАтФАтФАтФАтФАтФАтФАтФАтФАтФАтФАтФАтФАтФАтФАтФАтФАтФАтФАтФАтФАтФАтФАтФАтФАтФАтФАтФАтФАтФАтФАтФАтФАтФАтФАтФАтФАтФАтФАтФАтФАтФАтФАтФАтФАтФАтФАтФАтФАтФАтФАтФАтФАтФАтФАтФАтФАтФАтФАтФАтФАтФАтФАтФАтФА
тФВ #0   TestService._completeBipolarTest (package:psycho_tests/services/test_service.dart:368:15)
тФВ #1   TestService.completeTest (package:psycho_tests/services/test_service.dart:55:16)
тФЬтФДтФДтФДтФДтФДтФДтФДтФДтФДтФДтФДтФДтФДтФДтФДтФДтФДтФДтФДтФДтФДтФДтФДтФДтФДтФДтФДтФДтФДтФДтФДтФДтФДтФДтФДтФДтФДтФДтФДтФДтФДтФДтФДтФДтФДтФДтФДтФДтФДтФДтФДтФДтФДтФДтФДтФДтФДтФДтФДтФДтФДтФДтФДтФДтФДтФДтФДтФДтФДтФДтФДтФДтФДтФДтФДтФДтФДтФДтФДтФДтФДтФДтФДтФДтФДтФДтФДтФДтФДтФДтФДтФДтФДтФДтФДтФДтФДтФДтФДтФДтФДтФДтФДтФДтФДтФДтФДтФДтФДтФДтФДтФДтФДтФДтФДтФДтФДтФДтФД
тФВ ЁЯРЫ Total answers: 80
тФФтФАтФАтФАтФАтФАтФАтФАтФАтФАтФАтФАтФАтФАтФАтФАтФАтФАтФАтФАтФАтФАтФАтФАтФАтФАтФАтФАтФАтФАтФАтФАтФАтФАтФАтФАтФАтФАтФАтФАтФАтФАтФАтФАтФАтФАтФАтФАтФАтФАтФАтФАтФАтФАтФАтФАтФАтФАтФАтФАтФАтФАтФАтФАтФАтФАтФАтФАтФАтФАтФАтФАтФАтФАтФАтФАтФАтФАтФАтФАтФАтФАтФАтФАтФАтФАтФАтФАтФАтФАтФАтФАтФАтФАтФАтФАтФАтФАтФАтФАтФАтФАтФАтФАтФАтФАтФАтФАтФАтФАтФАтФАтФАтФАтФАтФАтФАтФАтФАтФА
тФМтФАтФАтФАтФАтФАтФАтФАтФАтФАтФАтФАтФАтФАтФАтФАтФАтФАтФАтФАтФАтФАтФАтФАтФАтФАтФАтФАтФАтФАтФАтФАтФАтФАтФАтФАтФАтФАтФАтФАтФАтФАтФАтФАтФАтФАтФАтФАтФАтФАтФАтФАтФАтФАтФАтФАтФАтФАтФАтФАтФАтФАтФАтФАтФАтФАтФАтФАтФАтФАтФАтФАтФАтФАтФАтФАтФАтФАтФАтФАтФАтФАтФАтФАтФАтФАтФАтФАтФАтФАтФАтФАтФАтФАтФАтФАтФАтФАтФАтФАтФАтФАтФАтФАтФАтФАтФАтФАтФАтФАтФАтФАтФАтФАтФАтФАтФАтФАтФАтФА
тФВ #0   TestService._completeBipolarTest (package:psycho_tests/services/test_service.dart:400:15)
тФВ #1   TestService.completeTest (package:psycho_tests/services/test_service.dart:55:16)
тФЬтФДтФДтФДтФДтФДтФДтФДтФДтФДтФДтФДтФДтФДтФДтФДтФДтФДтФДтФДтФДтФДтФДтФДтФДтФДтФДтФДтФДтФДтФДтФДтФДтФДтФДтФДтФДтФДтФДтФДтФДтФДтФДтФДтФДтФДтФДтФДтФДтФДтФДтФДтФДтФДтФДтФДтФДтФДтФДтФДтФДтФДтФДтФДтФДтФДтФДтФДтФДтФДтФДтФДтФДтФДтФДтФДтФДтФДтФДтФДтФДтФДтФДтФДтФДтФДтФДтФДтФДтФДтФДтФДтФДтФДтФДтФДтФДтФДтФДтФДтФДтФДтФДтФДтФДтФДтФДтФДтФДтФДтФДтФДтФДтФДтФДтФДтФДтФДтФДтФД
тФВ ЁЯРЫ Starting question loop with targetScale method...
тФФтФАтФАтФАтФАтФАтФАтФАтФАтФАтФАтФАтФАтФАтФАтФАтФАтФАтФАтФАтФАтФАтФАтФАтФАтФАтФАтФАтФАтФАтФАтФАтФАтФАтФАтФАтФАтФАтФАтФАтФАтФАтФАтФАтФАтФАтФАтФАтФАтФАтФАтФАтФАтФАтФАтФАтФАтФАтФАтФАтФАтФАтФАтФАтФАтФАтФАтФАтФАтФАтФАтФАтФАтФАтФАтФАтФАтФАтФАтФАтФАтФАтФАтФАтФАтФАтФАтФАтФАтФАтФАтФАтФАтФАтФАтФАтФАтФАтФАтФАтФАтФАтФАтФАтФАтФАтФАтФАтФАтФАтФАтФАтФАтФАтФАтФАтФАтФАтФАтФА
тФМтФАтФАтФАтФАтФАтФАтФАтФАтФАтФАтФАтФАтФАтФАтФАтФАтФАтФАтФАтФАтФАтФАтФАтФАтФАтФАтФАтФАтФАтФАтФАтФАтФАтФАтФАтФАтФАтФАтФАтФАтФАтФАтФАтФАтФАтФАтФАтФАтФАтФАтФАтФАтФАтФАтФАтФАтФАтФАтФАтФАтФАтФАтФАтФАтФАтФАтФАтФАтФАтФАтФАтФАтФАтФАтФАтФАтФАтФАтФАтФАтФАтФАтФАтФАтФАтФАтФАтФАтФАтФАтФАтФАтФАтФАтФАтФАтФАтФАтФАтФАтФАтФАтФАтФАтФАтФАтФАтФАтФАтФАтФАтФАтФАтФАтФАтФАтФАтФАтФА
тФВ #0   TestService._completeBipolarTest (package:psycho_tests/services/test_service.dart:425:23)
тФВ #1   TestService.completeTest (package:psycho_tests/services/test_service.dart:55:16)
тФЬтФДтФДтФДтФДтФДтФДтФДтФДтФДтФДтФДтФДтФДтФДтФДтФДтФДтФДтФДтФДтФДтФДтФДтФДтФДтФДтФДтФДтФДтФДтФДтФДтФДтФДтФДтФДтФДтФДтФДтФДтФДтФДтФДтФДтФДтФДтФДтФДтФДтФДтФДтФДтФДтФДтФДтФДтФДтФДтФДтФДтФДтФДтФДтФДтФДтФДтФДтФДтФДтФДтФДтФДтФДтФДтФДтФДтФДтФДтФДтФДтФДтФДтФДтФДтФДтФДтФДтФДтФДтФДтФДтФДтФДтФДтФДтФДтФДтФДтФДтФДтФДтФДтФДтФДтФДтФДтФДтФДтФДтФДтФДтФДтФДтФДтФДтФДтФДтФДтФД
тФВ ЁЯРЫ Qq1: targetScale=extraversion, score=5
тФФтФАтФАтФАтФАтФАтФАтФАтФАтФАтФАтФАтФАтФАтФАтФАтФАтФАтФАтФАтФАтФАтФАтФАтФАтФАтФАтФАтФАтФАтФАтФАтФАтФАтФАтФАтФАтФАтФАтФАтФАтФАтФАтФАтФАтФАтФАтФАтФАтФАтФАтФАтФАтФАтФАтФАтФАтФАтФАтФАтФАтФАтФАтФАтФАтФАтФАтФАтФАтФАтФАтФАтФАтФАтФАтФАтФАтФАтФАтФАтФАтФАтФАтФАтФАтФАтФАтФАтФАтФАтФАтФАтФАтФАтФАтФАтФАтФАтФАтФАтФАтФАтФАтФАтФАтФАтФАтФАтФАтФАтФАтФАтФАтФАтФАтФАтФАтФАтФАтФА
тФМтФАтФАтФАтФАтФАтФАтФАтФАтФАтФАтФАтФАтФАтФАтФАтФАтФАтФАтФАтФАтФАтФАтФАтФАтФАтФАтФАтФАтФАтФАтФАтФАтФАтФАтФАтФАтФАтФАтФАтФАтФАтФАтФАтФАтФАтФАтФАтФАтФАтФАтФАтФАтФАтФАтФАтФАтФАтФАтФАтФАтФАтФАтФАтФАтФАтФАтФАтФАтФАтФАтФАтФАтФАтФАтФАтФАтФАтФАтФАтФАтФАтФАтФАтФАтФАтФАтФАтФАтФАтФАтФАтФАтФАтФАтФАтФАтФАтФАтФАтФАтФАтФАтФАтФАтФАтФАтФАтФАтФАтФАтФАтФАтФАтФАтФАтФАтФАтФАтФА
тФВ #0   TestService._completeBipolarTest (package:psycho_tests/services/test_service.dart:425:23)
тФВ #1   TestService.completeTest (package:psycho_tests/services/test_service.dart:55:16)
тФЬтФДтФДтФДтФДтФДтФДтФДтФДтФДтФДтФДтФДтФДтФДтФДтФДтФДтФДтФДтФДтФДтФДтФДтФДтФДтФДтФДтФДтФДтФДтФДтФДтФДтФДтФДтФДтФДтФДтФДтФДтФДтФДтФДтФДтФДтФДтФДтФДтФДтФДтФДтФДтФДтФДтФДтФДтФДтФДтФДтФДтФДтФДтФДтФДтФДтФДтФДтФДтФДтФДтФДтФДтФДтФДтФДтФДтФДтФДтФДтФДтФДтФДтФДтФДтФДтФДтФДтФДтФДтФДтФДтФДтФДтФДтФДтФДтФДтФДтФДтФДтФДтФДтФДтФДтФДтФДтФДтФДтФДтФДтФДтФДтФДтФДтФДтФДтФДтФДтФД
тФВ ЁЯРЫ Qq2: targetScale=extraversion, score=5
тФФтФАтФАтФАтФАтФАтФАтФАтФАтФАтФАтФАтФАтФАтФАтФАтФАтФАтФАтФАтФАтФАтФАтФАтФАтФАтФАтФАтФАтФАтФАтФАтФАтФАтФАтФАтФАтФАтФАтФАтФАтФАтФАтФАтФАтФАтФАтФАтФАтФАтФАтФАтФАтФАтФАтФАтФАтФАтФАтФАтФАтФАтФАтФАтФАтФАтФАтФАтФАтФАтФАтФАтФАтФАтФАтФАтФАтФАтФАтФАтФАтФАтФАтФАтФАтФАтФАтФАтФАтФАтФАтФАтФАтФАтФАтФАтФАтФАтФАтФАтФАтФАтФАтФАтФАтФАтФАтФАтФАтФАтФАтФАтФАтФАтФАтФАтФАтФАтФАтФА
тФМтФАтФАтФАтФАтФАтФАтФАтФАтФАтФАтФАтФАтФАтФАтФАтФАтФАтФАтФАтФАтФАтФАтФАтФАтФАтФАтФАтФАтФАтФАтФАтФАтФАтФАтФАтФАтФАтФАтФАтФАтФАтФАтФАтФАтФАтФАтФАтФАтФАтФАтФАтФАтФАтФАтФАтФАтФАтФАтФАтФАтФАтФАтФАтФАтФАтФАтФАтФАтФАтФАтФАтФАтФАтФАтФАтФАтФАтФАтФАтФАтФАтФАтФАтФАтФАтФАтФАтФАтФАтФАтФАтФАтФАтФАтФАтФАтФАтФАтФАтФАтФАтФАтФАтФАтФАтФАтФАтФАтФАтФАтФАтФАтФАтФАтФАтФАтФАтФАтФА
тФВ #0   TestService._completeBipolarTest (package:psycho_tests/services/test_service.dart:425:23)
тФВ #1   TestService.completeTest (package:psycho_tests/services/test_service.dart:55:16)
тФЬтФДтФДтФДтФДтФДтФДтФДтФДтФДтФДтФДтФДтФДтФДтФДтФДтФДтФДтФДтФДтФДтФДтФДтФДтФДтФДтФДтФДтФДтФДтФДтФДтФДтФДтФДтФДтФДтФДтФДтФДтФДтФДтФДтФДтФДтФДтФДтФДтФДтФДтФДтФДтФДтФДтФДтФДтФДтФДтФДтФДтФДтФДтФДтФДтФДтФДтФДтФДтФДтФДтФДтФДтФДтФДтФДтФДтФДтФДтФДтФДтФДтФДтФДтФДтФДтФДтФДтФДтФДтФДтФДтФДтФДтФДтФДтФДтФДтФДтФДтФДтФДтФДтФДтФДтФДтФДтФДтФДтФДтФДтФДтФДтФДтФДтФДтФДтФДтФДтФД
тФВ ЁЯРЫ Qq3: targetScale=extraversion, score=5
тФФтФАтФАтФАтФАтФАтФАтФАтФАтФАтФАтФАтФАтФАтФАтФАтФАтФАтФАтФАтФАтФАтФАтФАтФАтФАтФАтФАтФАтФАтФАтФАтФАтФАтФАтФАтФАтФАтФАтФАтФАтФАтФАтФАтФАтФАтФАтФАтФАтФАтФАтФАтФАтФАтФАтФАтФАтФАтФАтФАтФАтФАтФАтФАтФАтФАтФАтФАтФАтФАтФАтФАтФАтФАтФАтФАтФАтФАтФАтФАтФАтФАтФАтФАтФАтФАтФАтФАтФАтФАтФАтФАтФАтФАтФАтФАтФАтФАтФАтФАтФАтФАтФАтФАтФАтФАтФАтФАтФАтФАтФАтФАтФАтФАтФАтФАтФАтФАтФАтФА
тФМтФАтФАтФАтФАтФАтФАтФАтФАтФАтФАтФАтФАтФАтФАтФАтФАтФАтФАтФАтФАтФАтФАтФАтФАтФАтФАтФАтФАтФАтФАтФАтФАтФАтФАтФАтФАтФАтФАтФАтФАтФАтФАтФАтФАтФАтФАтФАтФАтФАтФАтФАтФАтФАтФАтФАтФАтФАтФАтФАтФАтФАтФАтФАтФАтФАтФАтФАтФАтФАтФАтФАтФАтФАтФАтФАтФАтФАтФАтФАтФАтФАтФАтФАтФАтФАтФАтФАтФАтФАтФАтФАтФАтФАтФАтФАтФАтФАтФАтФАтФАтФАтФАтФАтФАтФАтФАтФАтФАтФАтФАтФАтФАтФАтФАтФАтФАтФАтФАтФА
тФВ #0   TestService._completeBipolarTest (package:psycho_tests/services/test_service.dart:425:23)
тФВ #1   TestService.completeTest (package:psycho_tests/services/test_service.dart:55:16)
тФЬтФДтФДтФДтФДтФДтФДтФДтФДтФДтФДтФДтФДтФДтФДтФДтФДтФДтФДтФДтФДтФДтФДтФДтФДтФДтФДтФДтФДтФДтФДтФДтФДтФДтФДтФДтФДтФДтФДтФДтФДтФДтФДтФДтФДтФДтФДтФДтФДтФДтФДтФДтФДтФДтФДтФДтФДтФДтФДтФДтФДтФДтФДтФДтФДтФДтФДтФДтФДтФДтФДтФДтФДтФДтФДтФДтФДтФДтФДтФДтФДтФДтФДтФДтФДтФДтФДтФДтФДтФДтФДтФДтФДтФДтФДтФДтФДтФДтФДтФДтФДтФДтФДтФДтФДтФДтФДтФДтФДтФДтФДтФДтФДтФДтФДтФДтФДтФДтФДтФД
тФВ ЁЯРЫ Qq4: targetScale=introversion, score=5
тФФтФАтФАтФАтФАтФАтФАтФАтФАтФАтФАтФАтФАтФАтФАтФАтФАтФАтФАтФАтФАтФАтФАтФАтФАтФАтФАтФАтФАтФАтФАтФАтФАтФАтФАтФАтФАтФАтФАтФАтФАтФАтФАтФАтФАтФАтФАтФАтФАтФАтФАтФАтФАтФАтФАтФАтФАтФАтФАтФАтФАтФАтФАтФАтФАтФАтФАтФАтФАтФАтФАтФАтФАтФАтФАтФАтФАтФАтФАтФАтФАтФАтФАтФАтФАтФАтФАтФАтФАтФАтФАтФАтФАтФАтФАтФАтФАтФАтФАтФАтФАтФАтФАтФАтФАтФАтФАтФАтФАтФАтФАтФАтФАтФАтФАтФАтФАтФАтФАтФА
тФМтФАтФАтФАтФАтФАтФАтФАтФАтФАтФАтФАтФАтФАтФАтФАтФАтФАтФАтФАтФАтФАтФАтФАтФАтФАтФАтФАтФАтФАтФАтФАтФАтФАтФАтФАтФАтФАтФАтФАтФАтФАтФАтФАтФАтФАтФАтФАтФАтФАтФАтФАтФАтФАтФАтФАтФАтФАтФАтФАтФАтФАтФАтФАтФАтФАтФАтФАтФАтФАтФАтФАтФАтФАтФАтФАтФАтФАтФАтФАтФАтФАтФАтФАтФАтФАтФАтФАтФАтФАтФАтФАтФАтФАтФАтФАтФАтФАтФАтФАтФАтФАтФАтФАтФАтФАтФАтФАтФАтФАтФАтФАтФАтФАтФАтФАтФАтФАтФАтФА
тФВ #0   TestService._completeBipolarTest (package:psycho_tests/services/test_service.dart:425:23)
тФВ #1   TestService.completeTest (package:psycho_tests/services/test_service.dart:55:16)
тФЬтФДтФДтФДтФДтФДтФДтФДтФДтФДтФДтФДтФДтФДтФДтФДтФДтФДтФДтФДтФДтФДтФДтФДтФДтФДтФДтФДтФДтФДтФДтФДтФДтФДтФДтФДтФДтФДтФДтФДтФДтФДтФДтФДтФДтФДтФДтФДтФДтФДтФДтФДтФДтФДтФДтФДтФДтФДтФДтФДтФДтФДтФДтФДтФДтФДтФДтФДтФДтФДтФДтФДтФДтФДтФДтФДтФДтФДтФДтФДтФДтФДтФДтФДтФДтФДтФДтФДтФДтФДтФДтФДтФДтФДтФДтФДтФДтФДтФДтФДтФДтФДтФДтФДтФДтФДтФДтФДтФДтФДтФДтФДтФДтФДтФДтФДтФДтФДтФДтФД
тФВ ЁЯРЫ Qq5: targetScale=introversion, score=5
тФФтФАтФАтФАтФАтФАтФАтФАтФАтФАтФАтФАтФАтФАтФАтФАтФАтФАтФАтФАтФАтФАтФАтФАтФАтФАтФАтФАтФАтФАтФАтФАтФАтФАтФАтФАтФАтФАтФАтФАтФАтФАтФАтФАтФАтФАтФАтФАтФАтФАтФАтФАтФАтФАтФАтФАтФАтФАтФАтФАтФАтФАтФАтФАтФАтФАтФАтФАтФАтФАтФАтФАтФАтФАтФАтФАтФАтФАтФАтФАтФАтФАтФАтФАтФАтФАтФАтФАтФАтФАтФАтФАтФАтФАтФАтФАтФАтФАтФАтФАтФАтФАтФАтФАтФАтФАтФАтФАтФАтФАтФАтФАтФАтФАтФАтФАтФАтФАтФАтФА
тФМтФАтФАтФАтФАтФАтФАтФАтФАтФАтФАтФАтФАтФАтФАтФАтФАтФАтФАтФАтФАтФАтФАтФАтФАтФАтФАтФАтФАтФАтФАтФАтФАтФАтФАтФАтФАтФАтФАтФАтФАтФАтФАтФАтФАтФАтФАтФАтФАтФАтФАтФАтФАтФАтФАтФАтФАтФАтФАтФАтФАтФАтФАтФАтФАтФАтФАтФАтФАтФАтФАтФАтФАтФАтФАтФАтФАтФАтФАтФАтФАтФАтФАтФАтФАтФАтФАтФАтФАтФАтФАтФАтФАтФАтФАтФАтФАтФАтФАтФАтФАтФАтФАтФАтФАтФАтФАтФАтФАтФАтФАтФАтФАтФАтФАтФАтФАтФАтФАтФА
тФВ #0   TestService._completeBipolarTest (package:psycho_tests/services/test_service.dart:425:23)
тФВ #1   TestService.completeTest (package:psycho_tests/services/test_service.dart:55:16)
тФЬтФДтФДтФДтФДтФДтФДтФДтФДтФДтФДтФДтФДтФДтФДтФДтФДтФДтФДтФДтФДтФДтФДтФДтФДтФДтФДтФДтФДтФДтФДтФДтФДтФДтФДтФДтФДтФДтФДтФДтФДтФДтФДтФДтФДтФДтФДтФДтФДтФДтФДтФДтФДтФДтФДтФДтФДтФДтФДтФДтФДтФДтФДтФДтФДтФДтФДтФДтФДтФДтФДтФДтФДтФДтФДтФДтФДтФДтФДтФДтФДтФДтФДтФДтФДтФДтФДтФДтФДтФДтФДтФДтФДтФДтФДтФДтФДтФДтФДтФДтФДтФДтФДтФДтФДтФДтФДтФДтФДтФДтФДтФДтФДтФДтФДтФДтФДтФДтФДтФД
тФВ ЁЯРЫ Qq6: targetScale=introversion, score=5
тФФтФАтФАтФАтФАтФАтФАтФАтФАтФАтФАтФАтФАтФАтФАтФАтФАтФАтФАтФАтФАтФАтФАтФАтФАтФАтФАтФАтФАтФАтФАтФАтФАтФАтФАтФАтФАтФАтФАтФАтФАтФАтФАтФАтФАтФАтФАтФАтФАтФАтФАтФАтФАтФАтФАтФАтФАтФАтФАтФАтФАтФАтФАтФАтФАтФАтФАтФАтФАтФАтФАтФАтФАтФАтФАтФАтФАтФАтФАтФАтФАтФАтФАтФАтФАтФАтФАтФАтФАтФАтФАтФАтФАтФАтФАтФАтФАтФАтФАтФАтФАтФАтФАтФАтФАтФАтФАтФАтФАтФАтФАтФАтФАтФАтФАтФАтФАтФАтФАтФА
тФМтФАтФАтФАтФАтФАтФАтФАтФАтФАтФАтФАтФАтФАтФАтФАтФАтФАтФАтФАтФАтФАтФАтФАтФАтФАтФАтФАтФАтФАтФАтФАтФАтФАтФАтФАтФАтФАтФАтФАтФАтФАтФАтФАтФАтФАтФАтФАтФАтФАтФАтФАтФАтФАтФАтФАтФАтФАтФАтФАтФАтФАтФАтФАтФАтФАтФАтФАтФАтФАтФАтФАтФАтФАтФАтФАтФАтФАтФАтФАтФАтФАтФАтФАтФАтФАтФАтФАтФАтФАтФАтФАтФАтФАтФАтФАтФАтФАтФАтФАтФАтФАтФАтФАтФАтФАтФАтФАтФАтФАтФАтФАтФАтФАтФАтФАтФАтФАтФАтФА
тФВ #0   TestService._completeBipolarTest (package:psycho_tests/services/test_service.dart:425:23)
тФВ #1   TestService.completeTest (package:psycho_tests/services/test_service.dart:55:16)
тФЬтФДтФДтФДтФДтФДтФДтФДтФДтФДтФДтФДтФДтФДтФДтФДтФДтФДтФДтФДтФДтФДтФДтФДтФДтФДтФДтФДтФДтФДтФДтФДтФДтФДтФДтФДтФДтФДтФДтФДтФДтФДтФДтФДтФДтФДтФДтФДтФДтФДтФДтФДтФДтФДтФДтФДтФДтФДтФДтФДтФДтФДтФДтФДтФДтФДтФДтФДтФДтФДтФДтФДтФДтФДтФДтФДтФДтФДтФДтФДтФДтФДтФДтФДтФДтФДтФДтФДтФДтФДтФДтФДтФДтФДтФДтФДтФДтФДтФДтФДтФДтФДтФДтФДтФДтФДтФДтФДтФДтФДтФДтФДтФДтФДтФДтФДтФДтФДтФДтФД
тФВ ЁЯРЫ Qq7: targetScale=extraversion, score=5
тФФтФАтФАтФАтФАтФАтФАтФАтФАтФАтФАтФАтФАтФАтФАтФАтФАтФАтФАтФАтФАтФАтФАтФАтФАтФАтФАтФАтФАтФАтФАтФАтФАтФАтФАтФАтФАтФАтФАтФАтФАтФАтФАтФАтФАтФАтФАтФАтФАтФАтФАтФАтФАтФАтФАтФАтФАтФАтФАтФАтФАтФАтФАтФАтФАтФАтФАтФАтФАтФАтФАтФАтФАтФАтФАтФАтФАтФАтФАтФАтФАтФАтФАтФАтФАтФАтФАтФАтФАтФАтФАтФАтФАтФАтФАтФАтФАтФАтФАтФАтФАтФАтФАтФАтФАтФАтФАтФАтФАтФАтФАтФАтФАтФАтФАтФАтФАтФАтФАтФА
тФМтФАтФАтФАтФАтФАтФАтФАтФАтФАтФАтФАтФАтФАтФАтФАтФАтФАтФАтФАтФАтФАтФАтФАтФАтФАтФАтФАтФАтФАтФАтФАтФАтФАтФАтФАтФАтФАтФАтФАтФАтФАтФАтФАтФАтФАтФАтФАтФАтФАтФАтФАтФАтФАтФАтФАтФАтФАтФАтФАтФАтФАтФАтФАтФАтФАтФАтФАтФАтФАтФАтФАтФАтФАтФАтФАтФАтФАтФАтФАтФАтФАтФАтФАтФАтФАтФАтФАтФАтФАтФАтФАтФАтФАтФАтФАтФАтФАтФАтФАтФАтФАтФАтФАтФАтФАтФАтФАтФАтФАтФАтФАтФАтФАтФАтФАтФАтФАтФАтФА
тФВ #0   TestService._completeBipolarTest (package:psycho_tests/services/test_service.dart:425:23)
тФВ #1   TestService.completeTest (package:psycho_tests/services/test_service.dart:55:16)
тФЬтФДтФДтФДтФДтФДтФДтФДтФДтФДтФДтФДтФДтФДтФДтФДтФДтФДтФДтФДтФДтФДтФДтФДтФДтФДтФДтФДтФДтФДтФДтФДтФДтФДтФДтФДтФДтФДтФДтФДтФДтФДтФДтФДтФДтФДтФДтФДтФДтФДтФДтФДтФДтФДтФДтФДтФДтФДтФДтФДтФДтФДтФДтФДтФДтФДтФДтФДтФДтФДтФДтФДтФДтФДтФДтФДтФДтФДтФДтФДтФДтФДтФДтФДтФДтФДтФДтФДтФДтФДтФДтФДтФДтФДтФДтФДтФДтФДтФДтФДтФДтФДтФДтФДтФДтФДтФДтФДтФДтФДтФДтФДтФДтФДтФДтФДтФДтФДтФДтФД
тФВ ЁЯРЫ Qq8: targetScale=extraversion, score=5
тФФтФАтФАтФАтФАтФАтФАтФАтФАтФАтФАтФАтФАтФАтФАтФАтФАтФАтФАтФАтФАтФАтФАтФАтФАтФАтФАтФАтФАтФАтФАтФАтФАтФАтФАтФАтФАтФАтФАтФАтФАтФАтФАтФАтФАтФАтФАтФАтФАтФАтФАтФАтФАтФАтФАтФАтФАтФАтФАтФАтФАтФАтФАтФАтФАтФАтФАтФАтФАтФАтФАтФАтФАтФАтФАтФАтФАтФАтФАтФАтФАтФАтФАтФАтФАтФАтФАтФАтФАтФАтФАтФАтФАтФАтФАтФАтФАтФАтФАтФАтФАтФАтФАтФАтФАтФАтФАтФАтФАтФАтФАтФАтФАтФАтФАтФАтФАтФАтФАтФА
тФМтФАтФАтФАтФАтФАтФАтФАтФАтФАтФАтФАтФАтФАтФАтФАтФАтФАтФАтФАтФАтФАтФАтФАтФАтФАтФАтФАтФАтФАтФАтФАтФАтФАтФАтФАтФАтФАтФАтФАтФАтФАтФАтФАтФАтФАтФАтФАтФАтФАтФАтФАтФАтФАтФАтФАтФАтФАтФАтФАтФАтФАтФАтФАтФАтФАтФАтФАтФАтФАтФАтФАтФАтФАтФАтФАтФАтФАтФАтФАтФАтФАтФАтФАтФАтФАтФАтФАтФАтФАтФАтФАтФАтФАтФАтФАтФАтФАтФАтФАтФАтФАтФАтФАтФАтФАтФАтФАтФАтФАтФАтФАтФАтФАтФАтФАтФАтФАтФАтФА
тФВ #0   TestService._completeBipolarTest (package:psycho_tests/services/test_service.dart:425:23)
тФВ #1   TestService.completeTest (package:psycho_tests/services/test_service.dart:55:16)
тФЬтФДтФДтФДтФДтФДтФДтФДтФДтФДтФДтФДтФДтФДтФДтФДтФДтФДтФДтФДтФДтФДтФДтФДтФДтФДтФДтФДтФДтФДтФДтФДтФДтФДтФДтФДтФДтФДтФДтФДтФДтФДтФДтФДтФДтФДтФДтФДтФДтФДтФДтФДтФДтФДтФДтФДтФДтФДтФДтФДтФДтФДтФДтФДтФДтФДтФДтФДтФДтФДтФДтФДтФДтФДтФДтФДтФДтФДтФДтФДтФДтФДтФДтФДтФДтФДтФДтФДтФДтФДтФДтФДтФДтФДтФДтФДтФДтФДтФДтФДтФДтФДтФДтФДтФДтФДтФДтФДтФДтФДтФДтФДтФДтФДтФДтФДтФДтФДтФДтФД
тФВ ЁЯРЫ Qq9: targetScale=introversion, score=5
тФФтФАтФАтФАтФАтФАтФАтФАтФАтФАтФАтФАтФАтФАтФАтФАтФАтФАтФАтФАтФАтФАтФАтФАтФАтФАтФАтФАтФАтФАтФАтФАтФАтФАтФАтФАтФАтФАтФАтФАтФАтФАтФАтФАтФАтФАтФАтФАтФАтФАтФАтФАтФАтФАтФАтФАтФАтФАтФАтФАтФАтФАтФАтФАтФАтФАтФАтФАтФАтФАтФАтФАтФАтФАтФАтФАтФАтФАтФАтФАтФАтФАтФАтФАтФАтФАтФАтФАтФАтФАтФАтФАтФАтФАтФАтФАтФАтФАтФАтФАтФАтФАтФАтФАтФАтФАтФАтФАтФАтФАтФАтФАтФАтФАтФАтФАтФАтФАтФАтФА
тФМтФАтФАтФАтФАтФАтФАтФАтФАтФАтФАтФАтФАтФАтФАтФАтФАтФАтФАтФАтФАтФАтФАтФАтФАтФАтФАтФАтФАтФАтФАтФАтФАтФАтФАтФАтФАтФАтФАтФАтФАтФАтФАтФАтФАтФАтФАтФАтФАтФАтФАтФАтФАтФАтФАтФАтФАтФАтФАтФАтФАтФАтФАтФАтФАтФАтФАтФАтФАтФАтФАтФАтФАтФАтФАтФАтФАтФАтФАтФАтФАтФАтФАтФАтФАтФАтФАтФАтФАтФАтФАтФАтФАтФАтФАтФАтФАтФАтФАтФАтФАтФАтФАтФАтФАтФАтФАтФАтФАтФАтФАтФАтФАтФАтФАтФАтФАтФАтФАтФА
тФВ #0   TestService._completeBipolarTest (package:psycho_tests/services/test_service.dart:425:23)
тФВ #1   TestService.completeTest (package:psycho_tests/services/test_service.dart:55:16)
тФЬтФДтФДтФДтФДтФДтФДтФДтФДтФДтФДтФДтФДтФДтФДтФДтФДтФДтФДтФДтФДтФДтФДтФДтФДтФДтФДтФДтФДтФДтФДтФДтФДтФДтФДтФДтФДтФДтФДтФДтФДтФДтФДтФДтФДтФДтФДтФДтФДтФДтФДтФДтФДтФДтФДтФДтФДтФДтФДтФДтФДтФДтФДтФДтФДтФДтФДтФДтФДтФДтФДтФДтФДтФДтФДтФДтФДтФДтФДтФДтФДтФДтФДтФДтФДтФДтФДтФДтФДтФДтФДтФДтФДтФДтФДтФДтФДтФДтФДтФДтФДтФДтФДтФДтФДтФДтФДтФДтФДтФДтФДтФДтФДтФДтФДтФДтФДтФДтФДтФД
тФВ ЁЯРЫ Qq10: targetScale=introversion, score=5
тФФтФАтФАтФАтФАтФАтФАтФАтФАтФАтФАтФАтФАтФАтФАтФАтФАтФАтФАтФАтФАтФАтФАтФАтФАтФАтФАтФАтФАтФАтФАтФАтФАтФАтФАтФАтФАтФАтФАтФАтФАтФАтФАтФАтФАтФАтФАтФАтФАтФАтФАтФАтФАтФАтФАтФАтФАтФАтФАтФАтФАтФАтФАтФАтФАтФАтФАтФАтФАтФАтФАтФАтФАтФАтФАтФАтФАтФАтФАтФАтФАтФАтФАтФАтФАтФАтФАтФАтФАтФАтФАтФАтФАтФАтФАтФАтФАтФАтФАтФАтФАтФАтФАтФАтФАтФАтФАтФАтФАтФАтФАтФАтФАтФАтФАтФАтФАтФАтФАтФА
тФМтФАтФАтФАтФАтФАтФАтФАтФАтФАтФАтФАтФАтФАтФАтФАтФАтФАтФАтФАтФАтФАтФАтФАтФАтФАтФАтФАтФАтФАтФАтФАтФАтФАтФАтФАтФАтФАтФАтФАтФАтФАтФАтФАтФАтФАтФАтФАтФАтФАтФАтФАтФАтФАтФАтФАтФАтФАтФАтФАтФАтФАтФАтФАтФАтФАтФАтФАтФАтФАтФАтФАтФАтФАтФАтФАтФАтФАтФАтФАтФАтФАтФАтФАтФАтФАтФАтФАтФАтФАтФАтФАтФАтФАтФАтФАтФАтФАтФАтФАтФАтФАтФАтФАтФАтФАтФАтФАтФАтФАтФАтФАтФАтФАтФАтФАтФАтФАтФАтФА
тФВ #0   TestService._completeBipolarTest (package:psycho_tests/services/test_service.dart:425:23)
тФВ #1   TestService.completeTest (package:psycho_tests/services/test_service.dart:55:16)
тФЬтФДтФДтФДтФДтФДтФДтФДтФДтФДтФДтФДтФДтФДтФДтФДтФДтФДтФДтФДтФДтФДтФДтФДтФДтФДтФДтФДтФДтФДтФДтФДтФДтФДтФДтФДтФДтФДтФДтФДтФДтФДтФДтФДтФДтФДтФДтФДтФДтФДтФДтФДтФДтФДтФДтФДтФДтФДтФДтФДтФДтФДтФДтФДтФДтФДтФДтФДтФДтФДтФДтФДтФДтФДтФДтФДтФДтФДтФДтФДтФДтФДтФДтФДтФДтФДтФДтФДтФДтФДтФДтФДтФДтФДтФДтФДтФДтФДтФДтФДтФДтФДтФДтФДтФДтФДтФДтФДтФДтФДтФДтФДтФДтФДтФДтФДтФДтФДтФДтФД
тФВ ЁЯРЫ Qq11: targetScale=extraversion, score=5
тФФтФАтФАтФАтФАтФАтФАтФАтФАтФАтФАтФАтФАтФАтФАтФАтФАтФАтФАтФАтФАтФАтФАтФАтФАтФАтФАтФАтФАтФАтФАтФАтФАтФАтФАтФАтФАтФАтФАтФАтФАтФАтФАтФАтФАтФАтФАтФАтФАтФАтФАтФАтФАтФАтФАтФАтФАтФАтФАтФАтФАтФАтФАтФАтФАтФАтФАтФАтФАтФАтФАтФАтФАтФАтФАтФАтФАтФАтФАтФАтФАтФАтФАтФАтФАтФАтФАтФАтФАтФАтФАтФАтФАтФАтФАтФАтФАтФАтФАтФАтФАтФАтФАтФАтФАтФАтФАтФАтФАтФАтФАтФАтФАтФАтФАтФАтФАтФАтФАтФА
тФМтФАтФАтФАтФАтФАтФАтФАтФАтФАтФАтФАтФАтФАтФАтФАтФАтФАтФАтФАтФАтФАтФАтФАтФАтФАтФАтФАтФАтФАтФАтФАтФАтФАтФАтФАтФАтФАтФАтФАтФАтФАтФАтФАтФАтФАтФАтФАтФАтФАтФАтФАтФАтФАтФАтФАтФАтФАтФАтФАтФАтФАтФАтФАтФАтФАтФАтФАтФАтФАтФАтФАтФАтФАтФАтФАтФАтФАтФАтФАтФАтФАтФАтФАтФАтФАтФАтФАтФАтФАтФАтФАтФАтФАтФАтФАтФАтФАтФАтФАтФАтФАтФАтФАтФАтФАтФАтФАтФАтФАтФАтФАтФАтФАтФАтФАтФАтФАтФАтФА
тФВ #0   TestService._completeBipolarTest (package:psycho_tests/services/test_service.dart:425:23)
тФВ #1   TestService.completeTest (package:psycho_tests/services/test_service.dart:55:16)
тФЬтФДтФДтФДтФДтФДтФДтФДтФДтФДтФДтФДтФДтФДтФДтФДтФДтФДтФДтФДтФДтФДтФДтФДтФДтФДтФДтФДтФДтФДтФДтФДтФДтФДтФДтФДтФДтФДтФДтФДтФДтФДтФДтФДтФДтФДтФДтФДтФДтФДтФДтФДтФДтФДтФДтФДтФДтФДтФДтФДтФДтФДтФДтФДтФДтФДтФДтФДтФДтФДтФДтФДтФДтФДтФДтФДтФДтФДтФДтФДтФДтФДтФДтФДтФДтФДтФДтФДтФДтФДтФДтФДтФДтФДтФДтФДтФДтФДтФДтФДтФДтФДтФДтФДтФДтФДтФДтФДтФДтФДтФДтФДтФДтФДтФДтФДтФДтФДтФДтФД
тФВ ЁЯРЫ Qq12: targetScale=introversion, score=5
тФФтФАтФАтФАтФАтФАтФАтФАтФАтФАтФАтФАтФАтФАтФАтФАтФАтФАтФАтФАтФАтФАтФАтФАтФАтФАтФАтФАтФАтФАтФАтФАтФАтФАтФАтФАтФАтФАтФАтФАтФАтФАтФАтФАтФАтФАтФАтФАтФАтФАтФАтФАтФАтФАтФАтФАтФАтФАтФАтФАтФАтФАтФАтФАтФАтФАтФАтФАтФАтФАтФАтФАтФАтФАтФАтФАтФАтФАтФАтФАтФАтФАтФАтФАтФАтФАтФАтФАтФАтФАтФАтФАтФАтФАтФАтФАтФАтФАтФАтФАтФАтФАтФАтФАтФАтФАтФАтФАтФАтФАтФАтФАтФАтФАтФАтФАтФАтФАтФАтФА
тФМтФАтФАтФАтФАтФАтФАтФАтФАтФАтФАтФАтФАтФАтФАтФАтФАтФАтФАтФАтФАтФАтФАтФАтФАтФАтФАтФАтФАтФАтФАтФАтФАтФАтФАтФАтФАтФАтФАтФАтФАтФАтФАтФАтФАтФАтФАтФАтФАтФАтФАтФАтФАтФАтФАтФАтФАтФАтФАтФАтФАтФАтФАтФАтФАтФАтФАтФАтФАтФАтФАтФАтФАтФАтФАтФАтФАтФАтФАтФАтФАтФАтФАтФАтФАтФАтФАтФАтФАтФАтФАтФАтФАтФАтФАтФАтФАтФАтФАтФАтФАтФАтФАтФАтФАтФАтФАтФАтФАтФАтФАтФАтФАтФАтФАтФАтФАтФАтФАтФА
тФВ #0   TestService._completeBipolarTest (package:psycho_tests/services/test_service.dart:425:23)
тФВ #1   TestService.completeTest (package:psycho_tests/services/test_service.dart:55:16)
тФЬтФДтФДтФДтФДтФДтФДтФДтФДтФДтФДтФДтФДтФДтФДтФДтФДтФДтФДтФДтФДтФДтФДтФДтФДтФДтФДтФДтФДтФДтФДтФДтФДтФДтФДтФДтФДтФДтФДтФДтФДтФДтФДтФДтФДтФДтФДтФДтФДтФДтФДтФДтФДтФДтФДтФДтФДтФДтФДтФДтФДтФДтФДтФДтФДтФДтФДтФДтФДтФДтФДтФДтФДтФДтФДтФДтФДтФДтФДтФДтФДтФДтФДтФДтФДтФДтФДтФДтФДтФДтФДтФДтФДтФДтФДтФДтФДтФДтФДтФДтФДтФДтФДтФДтФДтФДтФДтФДтФДтФДтФДтФДтФДтФДтФДтФДтФДтФДтФДтФД
тФВ ЁЯРЫ Qq13: targetScale=extraversion, score=5
тФФтФАтФАтФАтФАтФАтФАтФАтФАтФАтФАтФАтФАтФАтФАтФАтФАтФАтФАтФАтФАтФАтФАтФАтФАтФАтФАтФАтФАтФАтФАтФАтФАтФАтФАтФАтФАтФАтФАтФАтФАтФАтФАтФАтФАтФАтФАтФАтФАтФАтФАтФАтФАтФАтФАтФАтФАтФАтФАтФАтФАтФАтФАтФАтФАтФАтФАтФАтФАтФАтФАтФАтФАтФАтФАтФАтФАтФАтФАтФАтФАтФАтФАтФАтФАтФАтФАтФАтФАтФАтФАтФАтФАтФАтФАтФАтФАтФАтФАтФАтФАтФАтФАтФАтФАтФАтФАтФАтФАтФАтФАтФАтФАтФАтФАтФАтФАтФАтФАтФА
тФМтФАтФАтФАтФАтФАтФАтФАтФАтФАтФАтФАтФАтФАтФАтФАтФАтФАтФАтФАтФАтФАтФАтФАтФАтФАтФАтФАтФАтФАтФАтФАтФАтФАтФАтФАтФАтФАтФАтФАтФАтФАтФАтФАтФАтФАтФАтФАтФАтФАтФАтФАтФАтФАтФАтФАтФАтФАтФАтФАтФАтФАтФАтФАтФАтФАтФАтФАтФАтФАтФАтФАтФАтФАтФАтФАтФАтФАтФАтФАтФАтФАтФАтФАтФАтФАтФАтФАтФАтФАтФАтФАтФАтФАтФАтФАтФАтФАтФАтФАтФАтФАтФАтФАтФАтФАтФАтФАтФАтФАтФАтФАтФАтФАтФАтФАтФАтФАтФАтФА
тФВ #0   TestService._completeBipolarTest (package:psycho_tests/services/test_service.dart:425:23)
тФВ #1   TestService.completeTest (package:psycho_tests/services/test_service.dart:55:16)
тФЬтФДтФДтФДтФДтФДтФДтФДтФДтФДтФДтФДтФДтФДтФДтФДтФДтФДтФДтФДтФДтФДтФДтФДтФДтФДтФДтФДтФДтФДтФДтФДтФДтФДтФДтФДтФДтФДтФДтФДтФДтФДтФДтФДтФДтФДтФДтФДтФДтФДтФДтФДтФДтФДтФДтФДтФДтФДтФДтФДтФДтФДтФДтФДтФДтФДтФДтФДтФДтФДтФДтФДтФДтФДтФДтФДтФДтФДтФДтФДтФДтФДтФДтФДтФДтФДтФДтФДтФДтФДтФДтФДтФДтФДтФДтФДтФДтФДтФДтФДтФДтФДтФДтФДтФДтФДтФДтФДтФДтФДтФДтФДтФДтФДтФДтФДтФДтФДтФДтФД
тФВ ЁЯРЫ Qq14: targetScale=introversion, score=5
тФФтФАтФАтФАтФАтФАтФАтФАтФАтФАтФАтФАтФАтФАтФАтФАтФАтФАтФАтФАтФАтФАтФАтФАтФАтФАтФАтФАтФАтФАтФАтФАтФАтФАтФАтФАтФАтФАтФАтФАтФАтФАтФАтФАтФАтФАтФАтФАтФАтФАтФАтФАтФАтФАтФАтФАтФАтФАтФАтФАтФАтФАтФАтФАтФАтФАтФАтФАтФАтФАтФАтФАтФАтФАтФАтФАтФАтФАтФАтФАтФАтФАтФАтФАтФАтФАтФАтФАтФАтФАтФАтФАтФАтФАтФАтФАтФАтФАтФАтФАтФАтФАтФАтФАтФАтФАтФАтФАтФАтФАтФАтФАтФАтФАтФАтФАтФАтФАтФАтФА
тФМтФАтФАтФАтФАтФАтФАтФАтФАтФАтФАтФАтФАтФАтФАтФАтФАтФАтФАтФАтФАтФАтФАтФАтФАтФАтФАтФАтФАтФАтФАтФАтФАтФАтФАтФАтФАтФАтФАтФАтФАтФАтФАтФАтФАтФАтФАтФАтФАтФАтФАтФАтФАтФАтФАтФАтФАтФАтФАтФАтФАтФАтФАтФАтФАтФАтФАтФАтФАтФАтФАтФАтФАтФАтФАтФАтФАтФАтФАтФАтФАтФАтФАтФАтФАтФАтФАтФАтФАтФАтФАтФАтФАтФАтФАтФАтФАтФАтФАтФАтФАтФАтФАтФАтФАтФАтФАтФАтФАтФАтФАтФАтФАтФАтФАтФАтФАтФАтФАтФА
тФВ #0   TestService._completeBipolarTest (package:psycho_tests/services/test_service.dart:425:23)
тФВ #1   TestService.completeTest (package:psycho_tests/services/test_service.dart:55:16)
тФЬтФДтФДтФДтФДтФДтФДтФДтФДтФДтФДтФДтФДтФДтФДтФДтФДтФДтФДтФДтФДтФДтФДтФДтФДтФДтФДтФДтФДтФДтФДтФДтФДтФДтФДтФДтФДтФДтФДтФДтФДтФДтФДтФДтФДтФДтФДтФДтФДтФДтФДтФДтФДтФДтФДтФДтФДтФДтФДтФДтФДтФДтФДтФДтФДтФДтФДтФДтФДтФДтФДтФДтФДтФДтФДтФДтФДтФДтФДтФДтФДтФДтФДтФДтФДтФДтФДтФДтФДтФДтФДтФДтФДтФДтФДтФДтФДтФДтФДтФДтФДтФДтФДтФДтФДтФДтФДтФДтФДтФДтФДтФДтФДтФДтФДтФДтФДтФДтФДтФД
тФВ ЁЯРЫ Qq15: targetScale=extraversion, score=5
тФФтФАтФАтФАтФАтФАтФАтФАтФАтФАтФАтФАтФАтФАтФАтФАтФАтФАтФАтФАтФАтФАтФАтФАтФАтФАтФАтФАтФАтФАтФАтФАтФАтФАтФАтФАтФАтФАтФАтФАтФАтФАтФАтФАтФАтФАтФАтФАтФАтФАтФАтФАтФАтФАтФАтФАтФАтФАтФАтФАтФАтФАтФАтФАтФАтФАтФАтФАтФАтФАтФАтФАтФАтФАтФАтФАтФАтФАтФАтФАтФАтФАтФАтФАтФАтФАтФАтФАтФАтФАтФАтФАтФАтФАтФАтФАтФАтФАтФАтФАтФАтФАтФАтФАтФАтФАтФАтФАтФАтФАтФАтФАтФАтФАтФАтФАтФАтФАтФАтФА
тФМтФАтФАтФАтФАтФАтФАтФАтФАтФАтФАтФАтФАтФАтФАтФАтФАтФАтФАтФАтФАтФАтФАтФАтФАтФАтФАтФАтФАтФАтФАтФАтФАтФАтФАтФАтФАтФАтФАтФАтФАтФАтФАтФАтФАтФАтФАтФАтФАтФАтФАтФАтФАтФАтФАтФАтФАтФАтФАтФАтФАтФАтФАтФАтФАтФАтФАтФАтФАтФАтФАтФАтФАтФАтФАтФАтФАтФАтФАтФАтФАтФАтФАтФАтФАтФАтФАтФАтФАтФАтФАтФАтФАтФАтФАтФАтФАтФАтФАтФАтФАтФАтФАтФАтФАтФАтФАтФАтФАтФАтФАтФАтФАтФАтФАтФАтФАтФАтФАтФА
тФВ #0   TestService._completeBipolarTest (package:psycho_tests/services/test_service.dart:425:23)
тФВ #1   TestService.completeTest (package:psycho_tests/services/test_service.dart:55:16)
тФЬтФДтФДтФДтФДтФДтФДтФДтФДтФДтФДтФДтФДтФДтФДтФДтФДтФДтФДтФДтФДтФДтФДтФДтФДтФДтФДтФДтФДтФДтФДтФДтФДтФДтФДтФДтФДтФДтФДтФДтФДтФДтФДтФДтФДтФДтФДтФДтФДтФДтФДтФДтФДтФДтФДтФДтФДтФДтФДтФДтФДтФДтФДтФДтФДтФДтФДтФДтФДтФДтФДтФДтФДтФДтФДтФДтФДтФДтФДтФДтФДтФДтФДтФДтФДтФДтФДтФДтФДтФДтФДтФДтФДтФДтФДтФДтФДтФДтФДтФДтФДтФДтФДтФДтФДтФДтФДтФДтФДтФДтФДтФДтФДтФДтФДтФДтФДтФДтФДтФД
тФВ ЁЯРЫ Qq16: targetScale=introversion, score=5
тФФтФАтФАтФАтФАтФАтФАтФАтФАтФАтФАтФАтФАтФАтФАтФАтФАтФАтФАтФАтФАтФАтФАтФАтФАтФАтФАтФАтФАтФАтФАтФАтФАтФАтФАтФАтФАтФАтФАтФАтФАтФАтФАтФАтФАтФАтФАтФАтФАтФАтФАтФАтФАтФАтФАтФАтФАтФАтФАтФАтФАтФАтФАтФАтФАтФАтФАтФАтФАтФАтФАтФАтФАтФАтФАтФАтФАтФАтФАтФАтФАтФАтФАтФАтФАтФАтФАтФАтФАтФАтФАтФАтФАтФАтФАтФАтФАтФАтФАтФАтФАтФАтФАтФАтФАтФАтФАтФАтФАтФАтФАтФАтФАтФАтФАтФАтФАтФАтФАтФА
тФМтФАтФАтФАтФАтФАтФАтФАтФАтФАтФАтФАтФАтФАтФАтФАтФАтФАтФАтФАтФАтФАтФАтФАтФАтФАтФАтФАтФАтФАтФАтФАтФАтФАтФАтФАтФАтФАтФАтФАтФАтФАтФАтФАтФАтФАтФАтФАтФАтФАтФАтФАтФАтФАтФАтФАтФАтФАтФАтФАтФАтФАтФАтФАтФАтФАтФАтФАтФАтФАтФАтФАтФАтФАтФАтФАтФАтФАтФАтФАтФАтФАтФАтФАтФАтФАтФАтФАтФАтФАтФАтФАтФАтФАтФАтФАтФАтФАтФАтФАтФАтФАтФАтФАтФАтФАтФАтФАтФАтФАтФАтФАтФАтФАтФАтФАтФАтФАтФАтФА
тФВ #0   TestService._completeBipolarTest (package:psycho_tests/services/test_service.dart:425:23)
тФВ #1   TestService.completeTest (package:psycho_tests/services/test_service.dart:55:16)
тФЬтФДтФДтФДтФДтФДтФДтФДтФДтФДтФДтФДтФДтФДтФДтФДтФДтФДтФДтФДтФДтФДтФДтФДтФДтФДтФДтФДтФДтФДтФДтФДтФДтФДтФДтФДтФДтФДтФДтФДтФДтФДтФДтФДтФДтФДтФДтФДтФДтФДтФДтФДтФДтФДтФДтФДтФДтФДтФДтФДтФДтФДтФДтФДтФДтФДтФДтФДтФДтФДтФДтФДтФДтФДтФДтФДтФДтФДтФДтФДтФДтФДтФДтФДтФДтФДтФДтФДтФДтФДтФДтФДтФДтФДтФДтФДтФДтФДтФДтФДтФДтФДтФДтФДтФДтФДтФДтФДтФДтФДтФДтФДтФДтФДтФДтФДтФДтФДтФДтФД
тФВ ЁЯРЫ Qq17: targetScale=extraversion, score=5
тФФтФАтФАтФАтФАтФАтФАтФАтФАтФАтФАтФАтФАтФАтФАтФАтФАтФАтФАтФАтФАтФАтФАтФАтФАтФАтФАтФАтФАтФАтФАтФАтФАтФАтФАтФАтФАтФАтФАтФАтФАтФАтФАтФАтФАтФАтФАтФАтФАтФАтФАтФАтФАтФАтФАтФАтФАтФАтФАтФАтФАтФАтФАтФАтФАтФАтФАтФАтФАтФАтФАтФАтФАтФАтФАтФАтФАтФАтФАтФАтФАтФАтФАтФАтФАтФАтФАтФАтФАтФАтФАтФАтФАтФАтФАтФАтФАтФАтФАтФАтФАтФАтФАтФАтФАтФАтФАтФАтФАтФАтФАтФАтФАтФАтФАтФАтФАтФАтФАтФА
тФМтФАтФАтФАтФАтФАтФАтФАтФАтФАтФАтФАтФАтФАтФАтФАтФАтФАтФАтФАтФАтФАтФАтФАтФАтФАтФАтФАтФАтФАтФАтФАтФАтФАтФАтФАтФАтФАтФАтФАтФАтФАтФАтФАтФАтФАтФАтФАтФАтФАтФАтФАтФАтФАтФАтФАтФАтФАтФАтФАтФАтФАтФАтФАтФАтФАтФАтФАтФАтФАтФАтФАтФАтФАтФАтФАтФАтФАтФАтФАтФАтФАтФАтФАтФАтФАтФАтФАтФАтФАтФАтФАтФАтФАтФАтФАтФАтФАтФАтФАтФАтФАтФАтФАтФАтФАтФАтФАтФАтФАтФАтФАтФАтФАтФАтФАтФАтФАтФАтФА
тФВ #0   TestService._completeBipolarTest (package:psycho_tests/services/test_service.dart:425:23)
тФВ #1   TestService.completeTest (package:psycho_tests/services/test_service.dart:55:16)
тФЬтФДтФДтФДтФДтФДтФДтФДтФДтФДтФДтФДтФДтФДтФДтФДтФДтФДтФДтФДтФДтФДтФДтФДтФДтФДтФДтФДтФДтФДтФДтФДтФДтФДтФДтФДтФДтФДтФДтФДтФДтФДтФДтФДтФДтФДтФДтФДтФДтФДтФДтФДтФДтФДтФДтФДтФДтФДтФДтФДтФДтФДтФДтФДтФДтФДтФДтФДтФДтФДтФДтФДтФДтФДтФДтФДтФДтФДтФДтФДтФДтФДтФДтФДтФДтФДтФДтФДтФДтФДтФДтФДтФДтФДтФДтФДтФДтФДтФДтФДтФДтФДтФДтФДтФДтФДтФДтФДтФДтФДтФДтФДтФДтФДтФДтФДтФДтФДтФДтФД
тФВ ЁЯРЫ Qq18: targetScale=introversion, score=5
тФФтФАтФАтФАтФАтФАтФАтФАтФАтФАтФАтФАтФАтФАтФАтФАтФАтФАтФАтФАтФАтФАтФАтФАтФАтФАтФАтФАтФАтФАтФАтФАтФАтФАтФАтФАтФАтФАтФАтФАтФАтФАтФАтФАтФАтФАтФАтФАтФАтФАтФАтФАтФАтФАтФАтФАтФАтФАтФАтФАтФАтФАтФАтФАтФАтФАтФАтФАтФАтФАтФАтФАтФАтФАтФАтФАтФАтФАтФАтФАтФАтФАтФАтФАтФАтФАтФАтФАтФАтФАтФАтФАтФАтФАтФАтФАтФАтФАтФАтФАтФАтФАтФАтФАтФАтФАтФАтФАтФАтФАтФАтФАтФАтФАтФАтФАтФАтФАтФАтФА
тФМтФАтФАтФАтФАтФАтФАтФАтФАтФАтФАтФАтФАтФАтФАтФАтФАтФАтФАтФАтФАтФАтФАтФАтФАтФАтФАтФАтФАтФАтФАтФАтФАтФАтФАтФАтФАтФАтФАтФАтФАтФАтФАтФАтФАтФАтФАтФАтФАтФАтФАтФАтФАтФАтФАтФАтФАтФАтФАтФАтФАтФАтФАтФАтФАтФАтФАтФАтФАтФАтФАтФАтФАтФАтФАтФАтФАтФАтФАтФАтФАтФАтФАтФАтФАтФАтФАтФАтФАтФАтФАтФАтФАтФАтФАтФАтФАтФАтФАтФАтФАтФАтФАтФАтФАтФАтФАтФАтФАтФАтФАтФАтФАтФАтФАтФАтФАтФАтФАтФА
тФВ #0   TestService._completeBipolarTest (package:psycho_tests/services/test_service.dart:425:23)
тФВ #1   TestService.completeTest (package:psycho_tests/services/test_service.dart:55:16)
тФЬтФДтФДтФДтФДтФДтФДтФДтФДтФДтФДтФДтФДтФДтФДтФДтФДтФДтФДтФДтФДтФДтФДтФДтФДтФДтФДтФДтФДтФДтФДтФДтФДтФДтФДтФДтФДтФДтФДтФДтФДтФДтФДтФДтФДтФДтФДтФДтФДтФДтФДтФДтФДтФДтФДтФДтФДтФДтФДтФДтФДтФДтФДтФДтФДтФДтФДтФДтФДтФДтФДтФДтФДтФДтФДтФДтФДтФДтФДтФДтФДтФДтФДтФДтФДтФДтФДтФДтФДтФДтФДтФДтФДтФДтФДтФДтФДтФДтФДтФДтФДтФДтФДтФДтФДтФДтФДтФДтФДтФДтФДтФДтФДтФДтФДтФДтФДтФДтФДтФД
тФВ ЁЯРЫ Qq19: targetScale=extraversion, score=5
тФФтФАтФАтФАтФАтФАтФАтФАтФАтФАтФАтФАтФАтФАтФАтФАтФАтФАтФАтФАтФАтФАтФАтФАтФАтФАтФАтФАтФАтФАтФАтФАтФАтФАтФАтФАтФАтФАтФАтФАтФАтФАтФАтФАтФАтФАтФАтФАтФАтФАтФАтФАтФАтФАтФАтФАтФАтФАтФАтФАтФАтФАтФАтФАтФАтФАтФАтФАтФАтФАтФАтФАтФАтФАтФАтФАтФАтФАтФАтФАтФАтФАтФАтФАтФАтФАтФАтФАтФАтФАтФАтФАтФАтФАтФАтФАтФАтФАтФАтФАтФАтФАтФАтФАтФАтФАтФАтФАтФАтФАтФАтФАтФАтФАтФАтФАтФАтФАтФАтФА
тФМтФАтФАтФАтФАтФАтФАтФАтФАтФАтФАтФАтФАтФАтФАтФАтФАтФАтФАтФАтФАтФАтФАтФАтФАтФАтФАтФАтФАтФАтФАтФАтФАтФАтФАтФАтФАтФАтФАтФАтФАтФАтФАтФАтФАтФАтФАтФАтФАтФАтФАтФАтФАтФАтФАтФАтФАтФАтФАтФАтФАтФАтФАтФАтФАтФАтФАтФАтФАтФАтФАтФАтФАтФАтФАтФАтФАтФАтФАтФАтФАтФАтФАтФАтФАтФАтФАтФАтФАтФАтФАтФАтФАтФАтФАтФАтФАтФАтФАтФАтФАтФАтФАтФАтФАтФАтФАтФАтФАтФАтФАтФАтФАтФАтФАтФАтФАтФАтФАтФА
тФВ #0   TestService._completeBipolarTest (package:psycho_tests/services/test_service.dart:425:23)
тФВ #1   TestService.completeTest (package:psycho_tests/services/test_service.dart:55:16)
тФЬтФДтФДтФДтФДтФДтФДтФДтФДтФДтФДтФДтФДтФДтФДтФДтФДтФДтФДтФДтФДтФДтФДтФДтФДтФДтФДтФДтФДтФДтФДтФДтФДтФДтФДтФДтФДтФДтФДтФДтФДтФДтФДтФДтФДтФДтФДтФДтФДтФДтФДтФДтФДтФДтФДтФДтФДтФДтФДтФДтФДтФДтФДтФДтФДтФДтФДтФДтФДтФДтФДтФДтФДтФДтФДтФДтФДтФДтФДтФДтФДтФДтФДтФДтФДтФДтФДтФДтФДтФДтФДтФДтФДтФДтФДтФДтФДтФДтФДтФДтФДтФДтФДтФДтФДтФДтФДтФДтФДтФДтФДтФДтФДтФДтФДтФДтФДтФДтФДтФД
тФВ ЁЯРЫ Qq20: targetScale=introversion, score=5
тФФтФАтФАтФАтФАтФАтФАтФАтФАтФАтФАтФАтФАтФАтФАтФАтФАтФАтФАтФАтФАтФАтФАтФАтФАтФАтФАтФАтФАтФАтФАтФАтФАтФАтФАтФАтФАтФАтФАтФАтФАтФАтФАтФАтФАтФАтФАтФАтФАтФАтФАтФАтФАтФАтФАтФАтФАтФАтФАтФАтФАтФАтФАтФАтФАтФАтФАтФАтФАтФАтФАтФАтФАтФАтФАтФАтФАтФАтФАтФАтФАтФАтФАтФАтФАтФАтФАтФАтФАтФАтФАтФАтФАтФАтФАтФАтФАтФАтФАтФАтФАтФАтФАтФАтФАтФАтФАтФАтФАтФАтФАтФАтФАтФАтФАтФАтФАтФАтФАтФА
тФМтФАтФАтФАтФАтФАтФАтФАтФАтФАтФАтФАтФАтФАтФАтФАтФАтФАтФАтФАтФАтФАтФАтФАтФАтФАтФАтФАтФАтФАтФАтФАтФАтФАтФАтФАтФАтФАтФАтФАтФАтФАтФАтФАтФАтФАтФАтФАтФАтФАтФАтФАтФАтФАтФАтФАтФАтФАтФАтФАтФАтФАтФАтФАтФАтФАтФАтФАтФАтФАтФАтФАтФАтФАтФАтФАтФАтФАтФАтФАтФАтФАтФАтФАтФАтФАтФАтФАтФАтФАтФАтФАтФАтФАтФАтФАтФАтФАтФАтФАтФАтФАтФАтФАтФАтФАтФАтФАтФАтФАтФАтФАтФАтФАтФАтФАтФАтФАтФАтФА
тФВ #0   TestService._completeBipolarTest (package:psycho_tests/services/test_service.dart:425:23)
тФВ #1   TestService.completeTest (package:psycho_tests/services/test_service.dart:55:16)
тФЬтФДтФДтФДтФДтФДтФДтФДтФДтФДтФДтФДтФДтФДтФДтФДтФДтФДтФДтФДтФДтФДтФДтФДтФДтФДтФДтФДтФДтФДтФДтФДтФДтФДтФДтФДтФДтФДтФДтФДтФДтФДтФДтФДтФДтФДтФДтФДтФДтФДтФДтФДтФДтФДтФДтФДтФДтФДтФДтФДтФДтФДтФДтФДтФДтФДтФДтФДтФДтФДтФДтФДтФДтФДтФДтФДтФДтФДтФДтФДтФДтФДтФДтФДтФДтФДтФДтФДтФДтФДтФДтФДтФДтФДтФДтФДтФДтФДтФДтФДтФДтФДтФДтФДтФДтФДтФДтФДтФДтФДтФДтФДтФДтФДтФДтФДтФДтФДтФДтФД
тФВ ЁЯРЫ Qq21: targetScale=sensing, score=5
тФФтФАтФАтФАтФАтФАтФАтФАтФАтФАтФАтФАтФАтФАтФАтФАтФАтФАтФАтФАтФАтФАтФАтФАтФАтФАтФАтФАтФАтФАтФАтФАтФАтФАтФАтФАтФАтФАтФАтФАтФАтФАтФАтФАтФАтФАтФАтФАтФАтФАтФАтФАтФАтФАтФАтФАтФАтФАтФАтФАтФАтФАтФАтФАтФАтФАтФАтФАтФАтФАтФАтФАтФАтФАтФАтФАтФАтФАтФАтФАтФАтФАтФАтФАтФАтФАтФАтФАтФАтФАтФАтФАтФАтФАтФАтФАтФАтФАтФАтФАтФАтФАтФАтФАтФАтФАтФАтФАтФАтФАтФАтФАтФАтФАтФАтФАтФАтФАтФАтФА
тФМтФАтФАтФАтФАтФАтФАтФАтФАтФАтФАтФАтФАтФАтФАтФАтФАтФАтФАтФАтФАтФАтФАтФАтФАтФАтФАтФАтФАтФАтФАтФАтФАтФАтФАтФАтФАтФАтФАтФАтФАтФАтФАтФАтФАтФАтФАтФАтФАтФАтФАтФАтФАтФАтФАтФАтФАтФАтФАтФАтФАтФАтФАтФАтФАтФАтФАтФАтФАтФАтФАтФАтФАтФАтФАтФАтФАтФАтФАтФАтФАтФАтФАтФАтФАтФАтФАтФАтФАтФАтФАтФАтФАтФАтФАтФАтФАтФАтФАтФАтФАтФАтФАтФАтФАтФАтФАтФАтФАтФАтФАтФАтФАтФАтФАтФАтФАтФАтФАтФА
тФВ #0   TestService._completeBipolarTest (package:psycho_tests/services/test_service.dart:425:23)
тФВ #1   TestService.completeTest (package:psycho_tests/services/test_service.dart:55:16)
тФЬтФДтФДтФДтФДтФДтФДтФДтФДтФДтФДтФДтФДтФДтФДтФДтФДтФДтФДтФДтФДтФДтФДтФДтФДтФДтФДтФДтФДтФДтФДтФДтФДтФДтФДтФДтФДтФДтФДтФДтФДтФДтФДтФДтФДтФДтФДтФДтФДтФДтФДтФДтФДтФДтФДтФДтФДтФДтФДтФДтФДтФДтФДтФДтФДтФДтФДтФДтФДтФДтФДтФДтФДтФДтФДтФДтФДтФДтФДтФДтФДтФДтФДтФДтФДтФДтФДтФДтФДтФДтФДтФДтФДтФДтФДтФДтФДтФДтФДтФДтФДтФДтФДтФДтФДтФДтФДтФДтФДтФДтФДтФДтФДтФДтФДтФДтФДтФДтФДтФД
тФВ ЁЯРЫ Qq22: targetScale=sensing, score=5
тФФтФАтФАтФАтФАтФАтФАтФАтФАтФАтФАтФАтФАтФАтФАтФАтФАтФАтФАтФАтФАтФАтФАтФАтФАтФАтФАтФАтФАтФАтФАтФАтФАтФАтФАтФАтФАтФАтФАтФАтФАтФАтФАтФАтФАтФАтФАтФАтФАтФАтФАтФАтФАтФАтФАтФАтФАтФАтФАтФАтФАтФАтФАтФАтФАтФАтФАтФАтФАтФАтФАтФАтФАтФАтФАтФАтФАтФАтФАтФАтФАтФАтФАтФАтФАтФАтФАтФАтФАтФАтФАтФАтФАтФАтФАтФАтФАтФАтФАтФАтФАтФАтФАтФАтФАтФАтФАтФАтФАтФАтФАтФАтФАтФАтФАтФАтФАтФАтФАтФА
тФМтФАтФАтФАтФАтФАтФАтФАтФАтФАтФАтФАтФАтФАтФАтФАтФАтФАтФАтФАтФАтФАтФАтФАтФАтФАтФАтФАтФАтФАтФАтФАтФАтФАтФАтФАтФАтФАтФАтФАтФАтФАтФАтФАтФАтФАтФАтФАтФАтФАтФАтФАтФАтФАтФАтФАтФАтФАтФАтФАтФАтФАтФАтФАтФАтФАтФАтФАтФАтФАтФАтФАтФАтФАтФАтФАтФАтФАтФАтФАтФАтФАтФАтФАтФАтФАтФАтФАтФАтФАтФАтФАтФАтФАтФАтФАтФАтФАтФАтФАтФАтФАтФАтФАтФАтФАтФАтФАтФАтФАтФАтФАтФАтФАтФАтФАтФАтФАтФАтФА
тФВ #0   TestService._completeBipolarTest (package:psycho_tests/services/test_service.dart:425:23)
тФВ #1   TestService.completeTest (package:psycho_tests/services/test_service.dart:55:16)
тФЬтФДтФДтФДтФДтФДтФДтФДтФДтФДтФДтФДтФДтФДтФДтФДтФДтФДтФДтФДтФДтФДтФДтФДтФДтФДтФДтФДтФДтФДтФДтФДтФДтФДтФДтФДтФДтФДтФДтФДтФДтФДтФДтФДтФДтФДтФДтФДтФДтФДтФДтФДтФДтФДтФДтФДтФДтФДтФДтФДтФДтФДтФДтФДтФДтФДтФДтФДтФДтФДтФДтФДтФДтФДтФДтФДтФДтФДтФДтФДтФДтФДтФДтФДтФДтФДтФДтФДтФДтФДтФДтФДтФДтФДтФДтФДтФДтФДтФДтФДтФДтФДтФДтФДтФДтФДтФДтФДтФДтФДтФДтФДтФДтФДтФДтФДтФДтФДтФДтФД
тФВ ЁЯРЫ Qq23: targetScale=sensing, score=5
тФФтФАтФАтФАтФАтФАтФАтФАтФАтФАтФАтФАтФАтФАтФАтФАтФАтФАтФАтФАтФАтФАтФАтФАтФАтФАтФАтФАтФАтФАтФАтФАтФАтФАтФАтФАтФАтФАтФАтФАтФАтФАтФАтФАтФАтФАтФАтФАтФАтФАтФАтФАтФАтФАтФАтФАтФАтФАтФАтФАтФАтФАтФАтФАтФАтФАтФАтФАтФАтФАтФАтФАтФАтФАтФАтФАтФАтФАтФАтФАтФАтФАтФАтФАтФАтФАтФАтФАтФАтФАтФАтФАтФАтФАтФАтФАтФАтФАтФАтФАтФАтФАтФАтФАтФАтФАтФАтФАтФАтФАтФАтФАтФАтФАтФАтФАтФАтФАтФАтФА
тФМтФАтФАтФАтФАтФАтФАтФАтФАтФАтФАтФАтФАтФАтФАтФАтФАтФАтФАтФАтФАтФАтФАтФАтФАтФАтФАтФАтФАтФАтФАтФАтФАтФАтФАтФАтФАтФАтФАтФАтФАтФАтФАтФАтФАтФАтФАтФАтФАтФАтФАтФАтФАтФАтФАтФАтФАтФАтФАтФАтФАтФАтФАтФАтФАтФАтФАтФАтФАтФАтФАтФАтФАтФАтФАтФАтФАтФАтФАтФАтФАтФАтФАтФАтФАтФАтФАтФАтФАтФАтФАтФАтФАтФАтФАтФАтФАтФАтФАтФАтФАтФАтФАтФАтФАтФАтФАтФАтФАтФАтФАтФАтФАтФАтФАтФАтФАтФАтФАтФА
тФВ #0   TestService._completeBipolarTest (package:psycho_tests/services/test_service.dart:425:23)
тФВ #1   TestService.completeTest (package:psycho_tests/services/test_service.dart:55:16)
тФЬтФДтФДтФДтФДтФДтФДтФДтФДтФДтФДтФДтФДтФДтФДтФДтФДтФДтФДтФДтФДтФДтФДтФДтФДтФДтФДтФДтФДтФДтФДтФДтФДтФДтФДтФДтФДтФДтФДтФДтФДтФДтФДтФДтФДтФДтФДтФДтФДтФДтФДтФДтФДтФДтФДтФДтФДтФДтФДтФДтФДтФДтФДтФДтФДтФДтФДтФДтФДтФДтФДтФДтФДтФДтФДтФДтФДтФДтФДтФДтФДтФДтФДтФДтФДтФДтФДтФДтФДтФДтФДтФДтФДтФДтФДтФДтФДтФДтФДтФДтФДтФДтФДтФДтФДтФДтФДтФДтФДтФДтФДтФДтФДтФДтФДтФДтФДтФДтФДтФД
тФВ ЁЯРЫ Qq24: targetScale=sensing, score=5
тФФтФАтФАтФАтФАтФАтФАтФАтФАтФАтФАтФАтФАтФАтФАтФАтФАтФАтФАтФАтФАтФАтФАтФАтФАтФАтФАтФАтФАтФАтФАтФАтФАтФАтФАтФАтФАтФАтФАтФАтФАтФАтФАтФАтФАтФАтФАтФАтФАтФАтФАтФАтФАтФАтФАтФАтФАтФАтФАтФАтФАтФАтФАтФАтФАтФАтФАтФАтФАтФАтФАтФАтФАтФАтФАтФАтФАтФАтФАтФАтФАтФАтФАтФАтФАтФАтФАтФАтФАтФАтФАтФАтФАтФАтФАтФАтФАтФАтФАтФАтФАтФАтФАтФАтФАтФАтФАтФАтФАтФАтФАтФАтФАтФАтФАтФАтФАтФАтФАтФА
тФМтФАтФАтФАтФАтФАтФАтФАтФАтФАтФАтФАтФАтФАтФАтФАтФАтФАтФАтФАтФАтФАтФАтФАтФАтФАтФАтФАтФАтФАтФАтФАтФАтФАтФАтФАтФАтФАтФАтФАтФАтФАтФАтФАтФАтФАтФАтФАтФАтФАтФАтФАтФАтФАтФАтФАтФАтФАтФАтФАтФАтФАтФАтФАтФАтФАтФАтФАтФАтФАтФАтФАтФАтФАтФАтФАтФАтФАтФАтФАтФАтФАтФАтФАтФАтФАтФАтФАтФАтФАтФАтФАтФАтФАтФАтФАтФАтФАтФАтФАтФАтФАтФАтФАтФАтФАтФАтФАтФАтФАтФАтФАтФАтФАтФАтФАтФАтФАтФАтФА
тФВ #0   TestService._completeBipolarTest (package:psycho_tests/services/test_service.dart:425:23)
тФВ #1   TestService.completeTest (package:psycho_tests/services/test_service.dart:55:16)
тФЬтФДтФДтФДтФДтФДтФДтФДтФДтФДтФДтФДтФДтФДтФДтФДтФДтФДтФДтФДтФДтФДтФДтФДтФДтФДтФДтФДтФДтФДтФДтФДтФДтФДтФДтФДтФДтФДтФДтФДтФДтФДтФДтФДтФДтФДтФДтФДтФДтФДтФДтФДтФДтФДтФДтФДтФДтФДтФДтФДтФДтФДтФДтФДтФДтФДтФДтФДтФДтФДтФДтФДтФДтФДтФДтФДтФДтФДтФДтФДтФДтФДтФДтФДтФДтФДтФДтФДтФДтФДтФДтФДтФДтФДтФДтФДтФДтФДтФДтФДтФДтФДтФДтФДтФДтФДтФДтФДтФДтФДтФДтФДтФДтФДтФДтФДтФДтФДтФДтФД
тФВ ЁЯРЫ Qq25: targetScale=sensing, score=5
тФФтФАтФАтФАтФАтФАтФАтФАтФАтФАтФАтФАтФАтФАтФАтФАтФАтФАтФАтФАтФАтФАтФАтФАтФАтФАтФАтФАтФАтФАтФАтФАтФАтФАтФАтФАтФАтФАтФАтФАтФАтФАтФАтФАтФАтФАтФАтФАтФАтФАтФАтФАтФАтФАтФАтФАтФАтФАтФАтФАтФАтФАтФАтФАтФАтФАтФАтФАтФАтФАтФАтФАтФАтФАтФАтФАтФАтФАтФАтФАтФАтФАтФАтФАтФАтФАтФАтФАтФАтФАтФАтФАтФАтФАтФАтФАтФАтФАтФАтФАтФАтФАтФАтФАтФАтФАтФАтФАтФАтФАтФАтФАтФАтФАтФАтФАтФАтФАтФАтФА
тФМтФАтФАтФАтФАтФАтФАтФАтФАтФАтФАтФАтФАтФАтФАтФАтФАтФАтФАтФАтФАтФАтФАтФАтФАтФАтФАтФАтФАтФАтФАтФАтФАтФАтФАтФАтФАтФАтФАтФАтФАтФАтФАтФАтФАтФАтФАтФАтФАтФАтФАтФАтФАтФАтФАтФАтФАтФАтФАтФАтФАтФАтФАтФАтФАтФАтФАтФАтФАтФАтФАтФАтФАтФАтФАтФАтФАтФАтФАтФАтФАтФАтФАтФАтФАтФАтФАтФАтФАтФАтФАтФАтФАтФАтФАтФАтФАтФАтФАтФАтФАтФАтФАтФАтФАтФАтФАтФАтФАтФАтФАтФАтФАтФАтФАтФАтФАтФАтФАтФА
тФВ #0   TestService._completeBipolarTest (package:psycho_tests/services/test_service.dart:425:23)
тФВ #1   TestService.completeTest (package:psycho_tests/services/test_service.dart:55:16)
тФЬтФДтФДтФДтФДтФДтФДтФДтФДтФДтФДтФДтФДтФДтФДтФДтФДтФДтФДтФДтФДтФДтФДтФДтФДтФДтФДтФДтФДтФДтФДтФДтФДтФДтФДтФДтФДтФДтФДтФДтФДтФДтФДтФДтФДтФДтФДтФДтФДтФДтФДтФДтФДтФДтФДтФДтФДтФДтФДтФДтФДтФДтФДтФДтФДтФДтФДтФДтФДтФДтФДтФДтФДтФДтФДтФДтФДтФДтФДтФДтФДтФДтФДтФДтФДтФДтФДтФДтФДтФДтФДтФДтФДтФДтФДтФДтФДтФДтФДтФДтФДтФДтФДтФДтФДтФДтФДтФДтФДтФДтФДтФДтФДтФДтФДтФДтФДтФДтФДтФД
тФВ ЁЯРЫ Qq26: targetScale=intuition, score=5
тФФтФАтФАтФАтФАтФАтФАтФАтФАтФАтФАтФАтФАтФАтФАтФАтФАтФАтФАтФАтФАтФАтФАтФАтФАтФАтФАтФАтФАтФАтФАтФАтФАтФАтФАтФАтФАтФАтФАтФАтФАтФАтФАтФАтФАтФАтФАтФАтФАтФАтФАтФАтФАтФАтФАтФАтФАтФАтФАтФАтФАтФАтФАтФАтФАтФАтФАтФАтФАтФАтФАтФАтФАтФАтФАтФАтФАтФАтФАтФАтФАтФАтФАтФАтФАтФАтФАтФАтФАтФАтФАтФАтФАтФАтФАтФАтФАтФАтФАтФАтФАтФАтФАтФАтФАтФАтФАтФАтФАтФАтФАтФАтФАтФАтФАтФАтФАтФАтФАтФА
тФМтФАтФАтФАтФАтФАтФАтФАтФАтФАтФАтФАтФАтФАтФАтФАтФАтФАтФАтФАтФАтФАтФАтФАтФАтФАтФАтФАтФАтФАтФАтФАтФАтФАтФАтФАтФАтФАтФАтФАтФАтФАтФАтФАтФАтФАтФАтФАтФАтФАтФАтФАтФАтФАтФАтФАтФАтФАтФАтФАтФАтФАтФАтФАтФАтФАтФАтФАтФАтФАтФАтФАтФАтФАтФАтФАтФАтФАтФАтФАтФАтФАтФАтФАтФАтФАтФАтФАтФАтФАтФАтФАтФАтФАтФАтФАтФАтФАтФАтФАтФАтФАтФАтФАтФАтФАтФАтФАтФАтФАтФАтФАтФАтФАтФАтФАтФАтФАтФАтФА
тФВ #0   TestService._completeBipolarTest (package:psycho_tests/services/test_service.dart:425:23)
тФВ #1   TestService.completeTest (package:psycho_tests/services/test_service.dart:55:16)
тФЬтФДтФДтФДтФДтФДтФДтФДтФДтФДтФДтФДтФДтФДтФДтФДтФДтФДтФДтФДтФДтФДтФДтФДтФДтФДтФДтФДтФДтФДтФДтФДтФДтФДтФДтФДтФДтФДтФДтФДтФДтФДтФДтФДтФДтФДтФДтФДтФДтФДтФДтФДтФДтФДтФДтФДтФДтФДтФДтФДтФДтФДтФДтФДтФДтФДтФДтФДтФДтФДтФДтФДтФДтФДтФДтФДтФДтФДтФДтФДтФДтФДтФДтФДтФДтФДтФДтФДтФДтФДтФДтФДтФДтФДтФДтФДтФДтФДтФДтФДтФДтФДтФДтФДтФДтФДтФДтФДтФДтФДтФДтФДтФДтФДтФДтФДтФДтФДтФДтФД
тФВ ЁЯРЫ Qq27: targetScale=intuition, score=5
тФФтФАтФАтФАтФАтФАтФАтФАтФАтФАтФАтФАтФАтФАтФАтФАтФАтФАтФАтФАтФАтФАтФАтФАтФАтФАтФАтФАтФАтФАтФАтФАтФАтФАтФАтФАтФАтФАтФАтФАтФАтФАтФАтФАтФАтФАтФАтФАтФАтФАтФАтФАтФАтФАтФАтФАтФАтФАтФАтФАтФАтФАтФАтФАтФАтФАтФАтФАтФАтФАтФАтФАтФАтФАтФАтФАтФАтФАтФАтФАтФАтФАтФАтФАтФАтФАтФАтФАтФАтФАтФАтФАтФАтФАтФАтФАтФАтФАтФАтФАтФАтФАтФАтФАтФАтФАтФАтФАтФАтФАтФАтФАтФАтФАтФАтФАтФАтФАтФАтФА
тФМтФАтФАтФАтФАтФАтФАтФАтФАтФАтФАтФАтФАтФАтФАтФАтФАтФАтФАтФАтФАтФАтФАтФАтФАтФАтФАтФАтФАтФАтФАтФАтФАтФАтФАтФАтФАтФАтФАтФАтФАтФАтФАтФАтФАтФАтФАтФАтФАтФАтФАтФАтФАтФАтФАтФАтФАтФАтФАтФАтФАтФАтФАтФАтФАтФАтФАтФАтФАтФАтФАтФАтФАтФАтФАтФАтФАтФАтФАтФАтФАтФАтФАтФАтФАтФАтФАтФАтФАтФАтФАтФАтФАтФАтФАтФАтФАтФАтФАтФАтФАтФАтФАтФАтФАтФАтФАтФАтФАтФАтФАтФАтФАтФАтФАтФАтФАтФАтФАтФА
тФВ #0   TestService._completeBipolarTest (package:psycho_tests/services/test_service.dart:425:23)
тФВ #1   TestService.completeTest (package:psycho_tests/services/test_service.dart:55:16)
тФЬтФДтФДтФДтФДтФДтФДтФДтФДтФДтФДтФДтФДтФДтФДтФДтФДтФДтФДтФДтФДтФДтФДтФДтФДтФДтФДтФДтФДтФДтФДтФДтФДтФДтФДтФДтФДтФДтФДтФДтФДтФДтФДтФДтФДтФДтФДтФДтФДтФДтФДтФДтФДтФДтФДтФДтФДтФДтФДтФДтФДтФДтФДтФДтФДтФДтФДтФДтФДтФДтФДтФДтФДтФДтФДтФДтФДтФДтФДтФДтФДтФДтФДтФДтФДтФДтФДтФДтФДтФДтФДтФДтФДтФДтФДтФДтФДтФДтФДтФДтФДтФДтФДтФДтФДтФДтФДтФДтФДтФДтФДтФДтФДтФДтФДтФДтФДтФДтФДтФД
тФВ ЁЯРЫ Qq28: targetScale=intuition, score=5
тФФтФАтФАтФАтФАтФАтФАтФАтФАтФАтФАтФАтФАтФАтФАтФАтФАтФАтФАтФАтФАтФАтФАтФАтФАтФАтФАтФАтФАтФАтФАтФАтФАтФАтФАтФАтФАтФАтФАтФАтФАтФАтФАтФАтФАтФАтФАтФАтФАтФАтФАтФАтФАтФАтФАтФАтФАтФАтФАтФАтФАтФАтФАтФАтФАтФАтФАтФАтФАтФАтФАтФАтФАтФАтФАтФАтФАтФАтФАтФАтФАтФАтФАтФАтФАтФАтФАтФАтФАтФАтФАтФАтФАтФАтФАтФАтФАтФАтФАтФАтФАтФАтФАтФАтФАтФАтФАтФАтФАтФАтФАтФАтФАтФАтФАтФАтФАтФАтФАтФА
тФМтФАтФАтФАтФАтФАтФАтФАтФАтФАтФАтФАтФАтФАтФАтФАтФАтФАтФАтФАтФАтФАтФАтФАтФАтФАтФАтФАтФАтФАтФАтФАтФАтФАтФАтФАтФАтФАтФАтФАтФАтФАтФАтФАтФАтФАтФАтФАтФАтФАтФАтФАтФАтФАтФАтФАтФАтФАтФАтФАтФАтФАтФАтФАтФАтФАтФАтФАтФАтФАтФАтФАтФАтФАтФАтФАтФАтФАтФАтФАтФАтФАтФАтФАтФАтФАтФАтФАтФАтФАтФАтФАтФАтФАтФАтФАтФАтФАтФАтФАтФАтФАтФАтФАтФАтФАтФАтФАтФАтФАтФАтФАтФАтФАтФАтФАтФАтФАтФАтФА
тФВ #0   TestService._completeBipolarTest (package:psycho_tests/services/test_service.dart:425:23)
тФВ #1   TestService.completeTest (package:psycho_tests/services/test_service.dart:55:16)
тФЬтФДтФДтФДтФДтФДтФДтФДтФДтФДтФДтФДтФДтФДтФДтФДтФДтФДтФДтФДтФДтФДтФДтФДтФДтФДтФДтФДтФДтФДтФДтФДтФДтФДтФДтФДтФДтФДтФДтФДтФДтФДтФДтФДтФДтФДтФДтФДтФДтФДтФДтФДтФДтФДтФДтФДтФДтФДтФДтФДтФДтФДтФДтФДтФДтФДтФДтФДтФДтФДтФДтФДтФДтФДтФДтФДтФДтФДтФДтФДтФДтФДтФДтФДтФДтФДтФДтФДтФДтФДтФДтФДтФДтФДтФДтФДтФДтФДтФДтФДтФДтФДтФДтФДтФДтФДтФДтФДтФДтФДтФДтФДтФДтФДтФДтФДтФДтФДтФДтФД
тФВ ЁЯРЫ Qq29: targetScale=intuition, score=5
тФФтФАтФАтФАтФАтФАтФАтФАтФАтФАтФАтФАтФАтФАтФАтФАтФАтФАтФАтФАтФАтФАтФАтФАтФАтФАтФАтФАтФАтФАтФАтФАтФАтФАтФАтФАтФАтФАтФАтФАтФАтФАтФАтФАтФАтФАтФАтФАтФАтФАтФАтФАтФАтФАтФАтФАтФАтФАтФАтФАтФАтФАтФАтФАтФАтФАтФАтФАтФАтФАтФАтФАтФАтФАтФАтФАтФАтФАтФАтФАтФАтФАтФАтФАтФАтФАтФАтФАтФАтФАтФАтФАтФАтФАтФАтФАтФАтФАтФАтФАтФАтФАтФАтФАтФАтФАтФАтФАтФАтФАтФАтФАтФАтФАтФАтФАтФАтФАтФАтФА
тФМтФАтФАтФАтФАтФАтФАтФАтФАтФАтФАтФАтФАтФАтФАтФАтФАтФАтФАтФАтФАтФАтФАтФАтФАтФАтФАтФАтФАтФАтФАтФАтФАтФАтФАтФАтФАтФАтФАтФАтФАтФАтФАтФАтФАтФАтФАтФАтФАтФАтФАтФАтФАтФАтФАтФАтФАтФАтФАтФАтФАтФАтФАтФАтФАтФАтФАтФАтФАтФАтФАтФАтФАтФАтФАтФАтФАтФАтФАтФАтФАтФАтФАтФАтФАтФАтФАтФАтФАтФАтФАтФАтФАтФАтФАтФАтФАтФАтФАтФАтФАтФАтФАтФАтФАтФАтФАтФАтФАтФАтФАтФАтФАтФАтФАтФАтФАтФАтФАтФА
тФВ #0   TestService._completeBipolarTest (package:psycho_tests/services/test_service.dart:425:23)
тФВ #1   TestService.completeTest (package:psycho_tests/services/test_service.dart:55:16)
тФЬтФДтФДтФДтФДтФДтФДтФДтФДтФДтФДтФДтФДтФДтФДтФДтФДтФДтФДтФДтФДтФДтФДтФДтФДтФДтФДтФДтФДтФДтФДтФДтФДтФДтФДтФДтФДтФДтФДтФДтФДтФДтФДтФДтФДтФДтФДтФДтФДтФДтФДтФДтФДтФДтФДтФДтФДтФДтФДтФДтФДтФДтФДтФДтФДтФДтФДтФДтФДтФДтФДтФДтФДтФДтФДтФДтФДтФДтФДтФДтФДтФДтФДтФДтФДтФДтФДтФДтФДтФДтФДтФДтФДтФДтФДтФДтФДтФДтФДтФДтФДтФДтФДтФДтФДтФДтФДтФДтФДтФДтФДтФДтФДтФДтФДтФДтФДтФДтФДтФД
тФВ ЁЯРЫ Qq30: targetScale=sensing, score=5
тФФтФАтФАтФАтФАтФАтФАтФАтФАтФАтФАтФАтФАтФАтФАтФАтФАтФАтФАтФАтФАтФАтФАтФАтФАтФАтФАтФАтФАтФАтФАтФАтФАтФАтФАтФАтФАтФАтФАтФАтФАтФАтФАтФАтФАтФАтФАтФАтФАтФАтФАтФАтФАтФАтФАтФАтФАтФАтФАтФАтФАтФАтФАтФАтФАтФАтФАтФАтФАтФАтФАтФАтФАтФАтФАтФАтФАтФАтФАтФАтФАтФАтФАтФАтФАтФАтФАтФАтФАтФАтФАтФАтФАтФАтФАтФАтФАтФАтФАтФАтФАтФАтФАтФАтФАтФАтФАтФАтФАтФАтФАтФАтФАтФАтФАтФАтФАтФАтФАтФА
тФМтФАтФАтФАтФАтФАтФАтФАтФАтФАтФАтФАтФАтФАтФАтФАтФАтФАтФАтФАтФАтФАтФАтФАтФАтФАтФАтФАтФАтФАтФАтФАтФАтФАтФАтФАтФАтФАтФАтФАтФАтФАтФАтФАтФАтФАтФАтФАтФАтФАтФАтФАтФАтФАтФАтФАтФАтФАтФАтФАтФАтФАтФАтФАтФАтФАтФАтФАтФАтФАтФАтФАтФАтФАтФАтФАтФАтФАтФАтФАтФАтФАтФАтФАтФАтФАтФАтФАтФАтФАтФАтФАтФАтФАтФАтФАтФАтФАтФАтФАтФАтФАтФАтФАтФАтФАтФАтФАтФАтФАтФАтФАтФАтФАтФАтФАтФАтФАтФАтФА
тФВ #0   TestService._completeBipolarTest (package:psycho_tests/services/test_service.dart:425:23)
тФВ #1   TestService.completeTest (package:psycho_tests/services/test_service.dart:55:16)
тФЬтФДтФДтФДтФДтФДтФДтФДтФДтФДтФДтФДтФДтФДтФДтФДтФДтФДтФДтФДтФДтФДтФДтФДтФДтФДтФДтФДтФДтФДтФДтФДтФДтФДтФДтФДтФДтФДтФДтФДтФДтФДтФДтФДтФДтФДтФДтФДтФДтФДтФДтФДтФДтФДтФДтФДтФДтФДтФДтФДтФДтФДтФДтФДтФДтФДтФДтФДтФДтФДтФДтФДтФДтФДтФДтФДтФДтФДтФДтФДтФДтФДтФДтФДтФДтФДтФДтФДтФДтФДтФДтФДтФДтФДтФДтФДтФДтФДтФДтФДтФДтФДтФДтФДтФДтФДтФДтФДтФДтФДтФДтФДтФДтФДтФДтФДтФДтФДтФДтФД
тФВ ЁЯРЫ Qq31: targetScale=sensing, score=5
тФФтФАтФАтФАтФАтФАтФАтФАтФАтФАтФАтФАтФАтФАтФАтФАтФАтФАтФАтФАтФАтФАтФАтФАтФАтФАтФАтФАтФАтФАтФАтФАтФАтФАтФАтФАтФАтФАтФАтФАтФАтФАтФАтФАтФАтФАтФАтФАтФАтФАтФАтФАтФАтФАтФАтФАтФАтФАтФАтФАтФАтФАтФАтФАтФАтФАтФАтФАтФАтФАтФАтФАтФАтФАтФАтФАтФАтФАтФАтФАтФАтФАтФАтФАтФАтФАтФАтФАтФАтФАтФАтФАтФАтФАтФАтФАтФАтФАтФАтФАтФАтФАтФАтФАтФАтФАтФАтФАтФАтФАтФАтФАтФАтФАтФАтФАтФАтФАтФАтФА
тФМтФАтФАтФАтФАтФАтФАтФАтФАтФАтФАтФАтФАтФАтФАтФАтФАтФАтФАтФАтФАтФАтФАтФАтФАтФАтФАтФАтФАтФАтФАтФАтФАтФАтФАтФАтФАтФАтФАтФАтФАтФАтФАтФАтФАтФАтФАтФАтФАтФАтФАтФАтФАтФАтФАтФАтФАтФАтФАтФАтФАтФАтФАтФАтФАтФАтФАтФАтФАтФАтФАтФАтФАтФАтФАтФАтФАтФАтФАтФАтФАтФАтФАтФАтФАтФАтФАтФАтФАтФАтФАтФАтФАтФАтФАтФАтФАтФАтФАтФАтФАтФАтФАтФАтФАтФАтФАтФАтФАтФАтФАтФАтФАтФАтФАтФАтФАтФАтФАтФА
тФВ #0   TestService._completeBipolarTest (package:psycho_tests/services/test_service.dart:425:23)
тФВ #1   TestService.completeTest (package:psycho_tests/services/test_service.dart:55:16)
тФЬтФДтФДтФДтФДтФДтФДтФДтФДтФДтФДтФДтФДтФДтФДтФДтФДтФДтФДтФДтФДтФДтФДтФДтФДтФДтФДтФДтФДтФДтФДтФДтФДтФДтФДтФДтФДтФДтФДтФДтФДтФДтФДтФДтФДтФДтФДтФДтФДтФДтФДтФДтФДтФДтФДтФДтФДтФДтФДтФДтФДтФДтФДтФДтФДтФДтФДтФДтФДтФДтФДтФДтФДтФДтФДтФДтФДтФДтФДтФДтФДтФДтФДтФДтФДтФДтФДтФДтФДтФДтФДтФДтФДтФДтФДтФДтФДтФДтФДтФДтФДтФДтФДтФДтФДтФДтФДтФДтФДтФДтФДтФДтФДтФДтФДтФДтФДтФДтФДтФД
тФВ ЁЯРЫ Qq32: targetScale=intuition, score=5
тФФтФАтФАтФАтФАтФАтФАтФАтФАтФАтФАтФАтФАтФАтФАтФАтФАтФАтФАтФАтФАтФАтФАтФАтФАтФАтФАтФАтФАтФАтФАтФАтФАтФАтФАтФАтФАтФАтФАтФАтФАтФАтФАтФАтФАтФАтФАтФАтФАтФАтФАтФАтФАтФАтФАтФАтФАтФАтФАтФАтФАтФАтФАтФАтФАтФАтФАтФАтФАтФАтФАтФАтФАтФАтФАтФАтФАтФАтФАтФАтФАтФАтФАтФАтФАтФАтФАтФАтФАтФАтФАтФАтФАтФАтФАтФАтФАтФАтФАтФАтФАтФАтФАтФАтФАтФАтФАтФАтФАтФАтФАтФАтФАтФАтФАтФАтФАтФАтФАтФА
тФМтФАтФАтФАтФАтФАтФАтФАтФАтФАтФАтФАтФАтФАтФАтФАтФАтФАтФАтФАтФАтФАтФАтФАтФАтФАтФАтФАтФАтФАтФАтФАтФАтФАтФАтФАтФАтФАтФАтФАтФАтФАтФАтФАтФАтФАтФАтФАтФАтФАтФАтФАтФАтФАтФАтФАтФАтФАтФАтФАтФАтФАтФАтФАтФАтФАтФАтФАтФАтФАтФАтФАтФАтФАтФАтФАтФАтФАтФАтФАтФАтФАтФАтФАтФАтФАтФАтФАтФАтФАтФАтФАтФАтФАтФАтФАтФАтФАтФАтФАтФАтФАтФАтФАтФАтФАтФАтФАтФАтФАтФАтФАтФАтФАтФАтФАтФАтФАтФАтФА
тФВ #0   TestService._completeBipolarTest (package:psycho_tests/services/test_service.dart:425:23)
тФВ #1   TestService.completeTest (package:psycho_tests/services/test_service.dart:55:16)
тФЬтФДтФДтФДтФДтФДтФДтФДтФДтФДтФДтФДтФДтФДтФДтФДтФДтФДтФДтФДтФДтФДтФДтФДтФДтФДтФДтФДтФДтФДтФДтФДтФДтФДтФДтФДтФДтФДтФДтФДтФДтФДтФДтФДтФДтФДтФДтФДтФДтФДтФДтФДтФДтФДтФДтФДтФДтФДтФДтФДтФДтФДтФДтФДтФДтФДтФДтФДтФДтФДтФДтФДтФДтФДтФДтФДтФДтФДтФДтФДтФДтФДтФДтФДтФДтФДтФДтФДтФДтФДтФДтФДтФДтФДтФДтФДтФДтФДтФДтФДтФДтФДтФДтФДтФДтФДтФДтФДтФДтФДтФДтФДтФДтФДтФДтФДтФДтФДтФДтФД
тФВ ЁЯРЫ Qq33: targetScale=intuition, score=5
тФФтФАтФАтФАтФАтФАтФАтФАтФАтФАтФАтФАтФАтФАтФАтФАтФАтФАтФАтФАтФАтФАтФАтФАтФАтФАтФАтФАтФАтФАтФАтФАтФАтФАтФАтФАтФАтФАтФАтФАтФАтФАтФАтФАтФАтФАтФАтФАтФАтФАтФАтФАтФАтФАтФАтФАтФАтФАтФАтФАтФАтФАтФАтФАтФАтФАтФАтФАтФАтФАтФАтФАтФАтФАтФАтФАтФАтФАтФАтФАтФАтФАтФАтФАтФАтФАтФАтФАтФАтФАтФАтФАтФАтФАтФАтФАтФАтФАтФАтФАтФАтФАтФАтФАтФАтФАтФАтФАтФАтФАтФАтФАтФАтФАтФАтФАтФАтФАтФАтФА
тФМтФАтФАтФАтФАтФАтФАтФАтФАтФАтФАтФАтФАтФАтФАтФАтФАтФАтФАтФАтФАтФАтФАтФАтФАтФАтФАтФАтФАтФАтФАтФАтФАтФАтФАтФАтФАтФАтФАтФАтФАтФАтФАтФАтФАтФАтФАтФАтФАтФАтФАтФАтФАтФАтФАтФАтФАтФАтФАтФАтФАтФАтФАтФАтФАтФАтФАтФАтФАтФАтФАтФАтФАтФАтФАтФАтФАтФАтФАтФАтФАтФАтФАтФАтФАтФАтФАтФАтФАтФАтФАтФАтФАтФАтФАтФАтФАтФАтФАтФАтФАтФАтФАтФАтФАтФАтФАтФАтФАтФАтФАтФАтФАтФАтФАтФАтФАтФАтФАтФА
тФВ #0   TestService._completeBipolarTest (package:psycho_tests/services/test_service.dart:425:23)
тФВ #1   TestService.completeTest (package:psycho_tests/services/test_service.dart:55:16)
тФЬтФДтФДтФДтФДтФДтФДтФДтФДтФДтФДтФДтФДтФДтФДтФДтФДтФДтФДтФДтФДтФДтФДтФДтФДтФДтФДтФДтФДтФДтФДтФДтФДтФДтФДтФДтФДтФДтФДтФДтФДтФДтФДтФДтФДтФДтФДтФДтФДтФДтФДтФДтФДтФДтФДтФДтФДтФДтФДтФДтФДтФДтФДтФДтФДтФДтФДтФДтФДтФДтФДтФДтФДтФДтФДтФДтФДтФДтФДтФДтФДтФДтФДтФДтФДтФДтФДтФДтФДтФДтФДтФДтФДтФДтФДтФДтФДтФДтФДтФДтФДтФДтФДтФДтФДтФДтФДтФДтФДтФДтФДтФДтФДтФДтФДтФДтФДтФДтФДтФД
тФВ ЁЯРЫ Qq34: targetScale=sensing, score=5
тФФтФАтФАтФАтФАтФАтФАтФАтФАтФАтФАтФАтФАтФАтФАтФАтФАтФАтФАтФАтФАтФАтФАтФАтФАтФАтФАтФАтФАтФАтФАтФАтФАтФАтФАтФАтФАтФАтФАтФАтФАтФАтФАтФАтФАтФАтФАтФАтФАтФАтФАтФАтФАтФАтФАтФАтФАтФАтФАтФАтФАтФАтФАтФАтФАтФАтФАтФАтФАтФАтФАтФАтФАтФАтФАтФАтФАтФАтФАтФАтФАтФАтФАтФАтФАтФАтФАтФАтФАтФАтФАтФАтФАтФАтФАтФАтФАтФАтФАтФАтФАтФАтФАтФАтФАтФАтФАтФАтФАтФАтФАтФАтФАтФАтФАтФАтФАтФАтФАтФА
тФМтФАтФАтФАтФАтФАтФАтФАтФАтФАтФАтФАтФАтФАтФАтФАтФАтФАтФАтФАтФАтФАтФАтФАтФАтФАтФАтФАтФАтФАтФАтФАтФАтФАтФАтФАтФАтФАтФАтФАтФАтФАтФАтФАтФАтФАтФАтФАтФАтФАтФАтФАтФАтФАтФАтФАтФАтФАтФАтФАтФАтФАтФАтФАтФАтФАтФАтФАтФАтФАтФАтФАтФАтФАтФАтФАтФАтФАтФАтФАтФАтФАтФАтФАтФАтФАтФАтФАтФАтФАтФАтФАтФАтФАтФАтФАтФАтФАтФАтФАтФАтФАтФАтФАтФАтФАтФАтФАтФАтФАтФАтФАтФАтФАтФАтФАтФАтФАтФАтФА
тФВ #0   TestService._completeBipolarTest (package:psycho_tests/services/test_service.dart:425:23)
тФВ #1   TestService.completeTest (package:psycho_tests/services/test_service.dart:55:16)
тФЬтФДтФДтФДтФДтФДтФДтФДтФДтФДтФДтФДтФДтФДтФДтФДтФДтФДтФДтФДтФДтФДтФДтФДтФДтФДтФДтФДтФДтФДтФДтФДтФДтФДтФДтФДтФДтФДтФДтФДтФДтФДтФДтФДтФДтФДтФДтФДтФДтФДтФДтФДтФДтФДтФДтФДтФДтФДтФДтФДтФДтФДтФДтФДтФДтФДтФДтФДтФДтФДтФДтФДтФДтФДтФДтФДтФДтФДтФДтФДтФДтФДтФДтФДтФДтФДтФДтФДтФДтФДтФДтФДтФДтФДтФДтФДтФДтФДтФДтФДтФДтФДтФДтФДтФДтФДтФДтФДтФДтФДтФДтФДтФДтФДтФДтФДтФДтФДтФДтФД
тФВ ЁЯРЫ Qq35: targetScale=sensing, score=5
тФФтФАтФАтФАтФАтФАтФАтФАтФАтФАтФАтФАтФАтФАтФАтФАтФАтФАтФАтФАтФАтФАтФАтФАтФАтФАтФАтФАтФАтФАтФАтФАтФАтФАтФАтФАтФАтФАтФАтФАтФАтФАтФАтФАтФАтФАтФАтФАтФАтФАтФАтФАтФАтФАтФАтФАтФАтФАтФАтФАтФАтФАтФАтФАтФАтФАтФАтФАтФАтФАтФАтФАтФАтФАтФАтФАтФАтФАтФАтФАтФАтФАтФАтФАтФАтФАтФАтФАтФАтФАтФАтФАтФАтФАтФАтФАтФАтФАтФАтФАтФАтФАтФАтФАтФАтФАтФАтФАтФАтФАтФАтФАтФАтФАтФАтФАтФАтФАтФАтФА
тФМтФАтФАтФАтФАтФАтФАтФАтФАтФАтФАтФАтФАтФАтФАтФАтФАтФАтФАтФАтФАтФАтФАтФАтФАтФАтФАтФАтФАтФАтФАтФАтФАтФАтФАтФАтФАтФАтФАтФАтФАтФАтФАтФАтФАтФАтФАтФАтФАтФАтФАтФАтФАтФАтФАтФАтФАтФАтФАтФАтФАтФАтФАтФАтФАтФАтФАтФАтФАтФАтФАтФАтФАтФАтФАтФАтФАтФАтФАтФАтФАтФАтФАтФАтФАтФАтФАтФАтФАтФАтФАтФАтФАтФАтФАтФАтФАтФАтФАтФАтФАтФАтФАтФАтФАтФАтФАтФАтФАтФАтФАтФАтФАтФАтФАтФАтФАтФАтФАтФА
тФВ #0   TestService._completeBipolarTest (package:psycho_tests/services/test_service.dart:425:23)
тФВ #1   TestService.completeTest (package:psycho_tests/services/test_service.dart:55:16)
тФЬтФДтФДтФДтФДтФДтФДтФДтФДтФДтФДтФДтФДтФДтФДтФДтФДтФДтФДтФДтФДтФДтФДтФДтФДтФДтФДтФДтФДтФДтФДтФДтФДтФДтФДтФДтФДтФДтФДтФДтФДтФДтФДтФДтФДтФДтФДтФДтФДтФДтФДтФДтФДтФДтФДтФДтФДтФДтФДтФДтФДтФДтФДтФДтФДтФДтФДтФДтФДтФДтФДтФДтФДтФДтФДтФДтФДтФДтФДтФДтФДтФДтФДтФДтФДтФДтФДтФДтФДтФДтФДтФДтФДтФДтФДтФДтФДтФДтФДтФДтФДтФДтФДтФДтФДтФДтФДтФДтФДтФДтФДтФДтФДтФДтФДтФДтФДтФДтФДтФД
тФВ ЁЯРЫ Qq36: targetScale=intuition, score=5
тФФтФАтФАтФАтФАтФАтФАтФАтФАтФАтФАтФАтФАтФАтФАтФАтФАтФАтФАтФАтФАтФАтФАтФАтФАтФАтФАтФАтФАтФАтФАтФАтФАтФАтФАтФАтФАтФАтФАтФАтФАтФАтФАтФАтФАтФАтФАтФАтФАтФАтФАтФАтФАтФАтФАтФАтФАтФАтФАтФАтФАтФАтФАтФАтФАтФАтФАтФАтФАтФАтФАтФАтФАтФАтФАтФАтФАтФАтФАтФАтФАтФАтФАтФАтФАтФАтФАтФАтФАтФАтФАтФАтФАтФАтФАтФАтФАтФАтФАтФАтФАтФАтФАтФАтФАтФАтФАтФАтФАтФАтФАтФАтФАтФАтФАтФАтФАтФАтФАтФА
тФМтФАтФАтФАтФАтФАтФАтФАтФАтФАтФАтФАтФАтФАтФАтФАтФАтФАтФАтФАтФАтФАтФАтФАтФАтФАтФАтФАтФАтФАтФАтФАтФАтФАтФАтФАтФАтФАтФАтФАтФАтФАтФАтФАтФАтФАтФАтФАтФАтФАтФАтФАтФАтФАтФАтФАтФАтФАтФАтФАтФАтФАтФАтФАтФАтФАтФАтФАтФАтФАтФАтФАтФАтФАтФАтФАтФАтФАтФАтФАтФАтФАтФАтФАтФАтФАтФАтФАтФАтФАтФАтФАтФАтФАтФАтФАтФАтФАтФАтФАтФАтФАтФАтФАтФАтФАтФАтФАтФАтФАтФАтФАтФАтФАтФАтФАтФАтФАтФАтФА
тФВ #0   TestService._completeBipolarTest (package:psycho_tests/services/test_service.dart:425:23)
тФВ #1   TestService.completeTest (package:psycho_tests/services/test_service.dart:55:16)
тФЬтФДтФДтФДтФДтФДтФДтФДтФДтФДтФДтФДтФДтФДтФДтФДтФДтФДтФДтФДтФДтФДтФДтФДтФДтФДтФДтФДтФДтФДтФДтФДтФДтФДтФДтФДтФДтФДтФДтФДтФДтФДтФДтФДтФДтФДтФДтФДтФДтФДтФДтФДтФДтФДтФДтФДтФДтФДтФДтФДтФДтФДтФДтФДтФДтФДтФДтФДтФДтФДтФДтФДтФДтФДтФДтФДтФДтФДтФДтФДтФДтФДтФДтФДтФДтФДтФДтФДтФДтФДтФДтФДтФДтФДтФДтФДтФДтФДтФДтФДтФДтФДтФДтФДтФДтФДтФДтФДтФДтФДтФДтФДтФДтФДтФДтФДтФДтФДтФДтФД
тФВ ЁЯРЫ Qq37: targetScale=intuition, score=5
тФФтФАтФАтФАтФАтФАтФАтФАтФАтФАтФАтФАтФАтФАтФАтФАтФАтФАтФАтФАтФАтФАтФАтФАтФАтФАтФАтФАтФАтФАтФАтФАтФАтФАтФАтФАтФАтФАтФАтФАтФАтФАтФАтФАтФАтФАтФАтФАтФАтФАтФАтФАтФАтФАтФАтФАтФАтФАтФАтФАтФАтФАтФАтФАтФАтФАтФАтФАтФАтФАтФАтФАтФАтФАтФАтФАтФАтФАтФАтФАтФАтФАтФАтФАтФАтФАтФАтФАтФАтФАтФАтФАтФАтФАтФАтФАтФАтФАтФАтФАтФАтФАтФАтФАтФАтФАтФАтФАтФАтФАтФАтФАтФАтФАтФАтФАтФАтФАтФАтФА
тФМтФАтФАтФАтФАтФАтФАтФАтФАтФАтФАтФАтФАтФАтФАтФАтФАтФАтФАтФАтФАтФАтФАтФАтФАтФАтФАтФАтФАтФАтФАтФАтФАтФАтФАтФАтФАтФАтФАтФАтФАтФАтФАтФАтФАтФАтФАтФАтФАтФАтФАтФАтФАтФАтФАтФАтФАтФАтФАтФАтФАтФАтФАтФАтФАтФАтФАтФАтФАтФАтФАтФАтФАтФАтФАтФАтФАтФАтФАтФАтФАтФАтФАтФАтФАтФАтФАтФАтФАтФАтФАтФАтФАтФАтФАтФАтФАтФАтФАтФАтФАтФАтФАтФАтФАтФАтФАтФАтФАтФАтФАтФАтФАтФАтФАтФАтФАтФАтФАтФА
тФВ #0   TestService._completeBipolarTest (package:psycho_tests/services/test_service.dart:425:23)
тФВ #1   TestService.completeTest (package:psycho_tests/services/test_service.dart:55:16)
тФЬтФДтФДтФДтФДтФДтФДтФДтФДтФДтФДтФДтФДтФДтФДтФДтФДтФДтФДтФДтФДтФДтФДтФДтФДтФДтФДтФДтФДтФДтФДтФДтФДтФДтФДтФДтФДтФДтФДтФДтФДтФДтФДтФДтФДтФДтФДтФДтФДтФДтФДтФДтФДтФДтФДтФДтФДтФДтФДтФДтФДтФДтФДтФДтФДтФДтФДтФДтФДтФДтФДтФДтФДтФДтФДтФДтФДтФДтФДтФДтФДтФДтФДтФДтФДтФДтФДтФДтФДтФДтФДтФДтФДтФДтФДтФДтФДтФДтФДтФДтФДтФДтФДтФДтФДтФДтФДтФДтФДтФДтФДтФДтФДтФДтФДтФДтФДтФДтФДтФД
тФВ ЁЯРЫ Qq38: targetScale=sensing, score=5
тФФтФАтФАтФАтФАтФАтФАтФАтФАтФАтФАтФАтФАтФАтФАтФАтФАтФАтФАтФАтФАтФАтФАтФАтФАтФАтФАтФАтФАтФАтФАтФАтФАтФАтФАтФАтФАтФАтФАтФАтФАтФАтФАтФАтФАтФАтФАтФАтФАтФАтФАтФАтФАтФАтФАтФАтФАтФАтФАтФАтФАтФАтФАтФАтФАтФАтФАтФАтФАтФАтФАтФАтФАтФАтФАтФАтФАтФАтФАтФАтФАтФАтФАтФАтФАтФАтФАтФАтФАтФАтФАтФАтФАтФАтФАтФАтФАтФАтФАтФАтФАтФАтФАтФАтФАтФАтФАтФАтФАтФАтФАтФАтФАтФАтФАтФАтФАтФАтФАтФА
тФМтФАтФАтФАтФАтФАтФАтФАтФАтФАтФАтФАтФАтФАтФАтФАтФАтФАтФАтФАтФАтФАтФАтФАтФАтФАтФАтФАтФАтФАтФАтФАтФАтФАтФАтФАтФАтФАтФАтФАтФАтФАтФАтФАтФАтФАтФАтФАтФАтФАтФАтФАтФАтФАтФАтФАтФАтФАтФАтФАтФАтФАтФАтФАтФАтФАтФАтФАтФАтФАтФАтФАтФАтФАтФАтФАтФАтФАтФАтФАтФАтФАтФАтФАтФАтФАтФАтФАтФАтФАтФАтФАтФАтФАтФАтФАтФАтФАтФАтФАтФАтФАтФАтФАтФАтФАтФАтФАтФАтФАтФАтФАтФАтФАтФАтФАтФАтФАтФАтФА
тФВ #0   TestService._completeBipolarTest (package:psycho_tests/services/test_service.dart:425:23)
тФВ #1   TestService.completeTest (package:psycho_tests/services/test_service.dart:55:16)
тФЬтФДтФДтФДтФДтФДтФДтФДтФДтФДтФДтФДтФДтФДтФДтФДтФДтФДтФДтФДтФДтФДтФДтФДтФДтФДтФДтФДтФДтФДтФДтФДтФДтФДтФДтФДтФДтФДтФДтФДтФДтФДтФДтФДтФДтФДтФДтФДтФДтФДтФДтФДтФДтФДтФДтФДтФДтФДтФДтФДтФДтФДтФДтФДтФДтФДтФДтФДтФДтФДтФДтФДтФДтФДтФДтФДтФДтФДтФДтФДтФДтФДтФДтФДтФДтФДтФДтФДтФДтФДтФДтФДтФДтФДтФДтФДтФДтФДтФДтФДтФДтФДтФДтФДтФДтФДтФДтФДтФДтФДтФДтФДтФДтФДтФДтФДтФДтФДтФДтФД
тФВ ЁЯРЫ Qq39: targetScale=intuition, score=5
тФФтФАтФАтФАтФАтФАтФАтФАтФАтФАтФАтФАтФАтФАтФАтФАтФАтФАтФАтФАтФАтФАтФАтФАтФАтФАтФАтФАтФАтФАтФАтФАтФАтФАтФАтФАтФАтФАтФАтФАтФАтФАтФАтФАтФАтФАтФАтФАтФАтФАтФАтФАтФАтФАтФАтФАтФАтФАтФАтФАтФАтФАтФАтФАтФАтФАтФАтФАтФАтФАтФАтФАтФАтФАтФАтФАтФАтФАтФАтФАтФАтФАтФАтФАтФАтФАтФАтФАтФАтФАтФАтФАтФАтФАтФАтФАтФАтФАтФАтФАтФАтФАтФАтФАтФАтФАтФАтФАтФАтФАтФАтФАтФАтФАтФАтФАтФАтФАтФАтФА
тФМтФАтФАтФАтФАтФАтФАтФАтФАтФАтФАтФАтФАтФАтФАтФАтФАтФАтФАтФАтФАтФАтФАтФАтФАтФАтФАтФАтФАтФАтФАтФАтФАтФАтФАтФАтФАтФАтФАтФАтФАтФАтФАтФАтФАтФАтФАтФАтФАтФАтФАтФАтФАтФАтФАтФАтФАтФАтФАтФАтФАтФАтФАтФАтФАтФАтФАтФАтФАтФАтФАтФАтФАтФАтФАтФАтФАтФАтФАтФАтФАтФАтФАтФАтФАтФАтФАтФАтФАтФАтФАтФАтФАтФАтФАтФАтФАтФАтФАтФАтФАтФАтФАтФАтФАтФАтФАтФАтФАтФАтФАтФАтФАтФАтФАтФАтФАтФАтФАтФА
тФВ #0   TestService._completeBipolarTest (package:psycho_tests/services/test_service.dart:425:23)
тФВ #1   TestService.completeTest (package:psycho_tests/services/test_service.dart:55:16)
тФЬтФДтФДтФДтФДтФДтФДтФДтФДтФДтФДтФДтФДтФДтФДтФДтФДтФДтФДтФДтФДтФДтФДтФДтФДтФДтФДтФДтФДтФДтФДтФДтФДтФДтФДтФДтФДтФДтФДтФДтФДтФДтФДтФДтФДтФДтФДтФДтФДтФДтФДтФДтФДтФДтФДтФДтФДтФДтФДтФДтФДтФДтФДтФДтФДтФДтФДтФДтФДтФДтФДтФДтФДтФДтФДтФДтФДтФДтФДтФДтФДтФДтФДтФДтФДтФДтФДтФДтФДтФДтФДтФДтФДтФДтФДтФДтФДтФДтФДтФДтФДтФДтФДтФДтФДтФДтФДтФДтФДтФДтФДтФДтФДтФДтФДтФДтФДтФДтФДтФД
тФВ ЁЯРЫ Qq40: targetScale=sensing, score=5
тФФтФАтФАтФАтФАтФАтФАтФАтФАтФАтФАтФАтФАтФАтФАтФАтФАтФАтФАтФАтФАтФАтФАтФАтФАтФАтФАтФАтФАтФАтФАтФАтФАтФАтФАтФАтФАтФАтФАтФАтФАтФАтФАтФАтФАтФАтФАтФАтФАтФАтФАтФАтФАтФАтФАтФАтФАтФАтФАтФАтФАтФАтФАтФАтФАтФАтФАтФАтФАтФАтФАтФАтФАтФАтФАтФАтФАтФАтФАтФАтФАтФАтФАтФАтФАтФАтФАтФАтФАтФАтФАтФАтФАтФАтФАтФАтФАтФАтФАтФАтФАтФАтФАтФАтФАтФАтФАтФАтФАтФАтФАтФАтФАтФАтФАтФАтФАтФАтФАтФА
тФМтФАтФАтФАтФАтФАтФАтФАтФАтФАтФАтФАтФАтФАтФАтФАтФАтФАтФАтФАтФАтФАтФАтФАтФАтФАтФАтФАтФАтФАтФАтФАтФАтФАтФАтФАтФАтФАтФАтФАтФАтФАтФАтФАтФАтФАтФАтФАтФАтФАтФАтФАтФАтФАтФАтФАтФАтФАтФАтФАтФАтФАтФАтФАтФАтФАтФАтФАтФАтФАтФАтФАтФАтФАтФАтФАтФАтФАтФАтФАтФАтФАтФАтФАтФАтФАтФАтФАтФАтФАтФАтФАтФАтФАтФАтФАтФАтФАтФАтФАтФАтФАтФАтФАтФАтФАтФАтФАтФАтФАтФАтФАтФАтФАтФАтФАтФАтФАтФАтФА
тФВ #0   TestService._completeBipolarTest (package:psycho_tests/services/test_service.dart:425:23)
тФВ #1   TestService.completeTest (package:psycho_tests/services/test_service.dart:55:16)
тФЬтФДтФДтФДтФДтФДтФДтФДтФДтФДтФДтФДтФДтФДтФДтФДтФДтФДтФДтФДтФДтФДтФДтФДтФДтФДтФДтФДтФДтФДтФДтФДтФДтФДтФДтФДтФДтФДтФДтФДтФДтФДтФДтФДтФДтФДтФДтФДтФДтФДтФДтФДтФДтФДтФДтФДтФДтФДтФДтФДтФДтФДтФДтФДтФДтФДтФДтФДтФДтФДтФДтФДтФДтФДтФДтФДтФДтФДтФДтФДтФДтФДтФДтФДтФДтФДтФДтФДтФДтФДтФДтФДтФДтФДтФДтФДтФДтФДтФДтФДтФДтФДтФДтФДтФДтФДтФДтФДтФДтФДтФДтФДтФДтФДтФДтФДтФДтФДтФДтФД
тФВ ЁЯРЫ Qq41: targetScale=thinking, score=5
тФФтФАтФАтФАтФАтФАтФАтФАтФАтФАтФАтФАтФАтФАтФАтФАтФАтФАтФАтФАтФАтФАтФАтФАтФАтФАтФАтФАтФАтФАтФАтФАтФАтФАтФАтФАтФАтФАтФАтФАтФАтФАтФАтФАтФАтФАтФАтФАтФАтФАтФАтФАтФАтФАтФАтФАтФАтФАтФАтФАтФАтФАтФАтФАтФАтФАтФАтФАтФАтФАтФАтФАтФАтФАтФАтФАтФАтФАтФАтФАтФАтФАтФАтФАтФАтФАтФАтФАтФАтФАтФАтФАтФАтФАтФАтФАтФАтФАтФАтФАтФАтФАтФАтФАтФАтФАтФАтФАтФАтФАтФАтФАтФАтФАтФАтФАтФАтФАтФАтФА
тФМтФАтФАтФАтФАтФАтФАтФАтФАтФАтФАтФАтФАтФАтФАтФАтФАтФАтФАтФАтФАтФАтФАтФАтФАтФАтФАтФАтФАтФАтФАтФАтФАтФАтФАтФАтФАтФАтФАтФАтФАтФАтФАтФАтФАтФАтФАтФАтФАтФАтФАтФАтФАтФАтФАтФАтФАтФАтФАтФАтФАтФАтФАтФАтФАтФАтФАтФАтФАтФАтФАтФАтФАтФАтФАтФАтФАтФАтФАтФАтФАтФАтФАтФАтФАтФАтФАтФАтФАтФАтФАтФАтФАтФАтФАтФАтФАтФАтФАтФАтФАтФАтФАтФАтФАтФАтФАтФАтФАтФАтФАтФАтФАтФАтФАтФАтФАтФАтФАтФА
тФВ #0   TestService._completeBipolarTest (package:psycho_tests/services/test_service.dart:425:23)
тФВ #1   TestService.completeTest (package:psycho_tests/services/test_service.dart:55:16)
тФЬтФДтФДтФДтФДтФДтФДтФДтФДтФДтФДтФДтФДтФДтФДтФДтФДтФДтФДтФДтФДтФДтФДтФДтФДтФДтФДтФДтФДтФДтФДтФДтФДтФДтФДтФДтФДтФДтФДтФДтФДтФДтФДтФДтФДтФДтФДтФДтФДтФДтФДтФДтФДтФДтФДтФДтФДтФДтФДтФДтФДтФДтФДтФДтФДтФДтФДтФДтФДтФДтФДтФДтФДтФДтФДтФДтФДтФДтФДтФДтФДтФДтФДтФДтФДтФДтФДтФДтФДтФДтФДтФДтФДтФДтФДтФДтФДтФДтФДтФДтФДтФДтФДтФДтФДтФДтФДтФДтФДтФДтФДтФДтФДтФДтФДтФДтФДтФДтФДтФД
тФВ ЁЯРЫ Qq42: targetScale=thinking, score=5
тФФтФАтФАтФАтФАтФАтФАтФАтФАтФАтФАтФАтФАтФАтФАтФАтФАтФАтФАтФАтФАтФАтФАтФАтФАтФАтФАтФАтФАтФАтФАтФАтФАтФАтФАтФАтФАтФАтФАтФАтФАтФАтФАтФАтФАтФАтФАтФАтФАтФАтФАтФАтФАтФАтФАтФАтФАтФАтФАтФАтФАтФАтФАтФАтФАтФАтФАтФАтФАтФАтФАтФАтФАтФАтФАтФАтФАтФАтФАтФАтФАтФАтФАтФАтФАтФАтФАтФАтФАтФАтФАтФАтФАтФАтФАтФАтФАтФАтФАтФАтФАтФАтФАтФАтФАтФАтФАтФАтФАтФАтФАтФАтФАтФАтФАтФАтФАтФАтФАтФА
тФМтФАтФАтФАтФАтФАтФАтФАтФАтФАтФАтФАтФАтФАтФАтФАтФАтФАтФАтФАтФАтФАтФАтФАтФАтФАтФАтФАтФАтФАтФАтФАтФАтФАтФАтФАтФАтФАтФАтФАтФАтФАтФАтФАтФАтФАтФАтФАтФАтФАтФАтФАтФАтФАтФАтФАтФАтФАтФАтФАтФАтФАтФАтФАтФАтФАтФАтФАтФАтФАтФАтФАтФАтФАтФАтФАтФАтФАтФАтФАтФАтФАтФАтФАтФАтФАтФАтФАтФАтФАтФАтФАтФАтФАтФАтФАтФАтФАтФАтФАтФАтФАтФАтФАтФАтФАтФАтФАтФАтФАтФАтФАтФАтФАтФАтФАтФАтФАтФАтФА
тФВ #0   TestService._completeBipolarTest (package:psycho_tests/services/test_service.dart:425:23)
тФВ #1   TestService.completeTest (package:psycho_tests/services/test_service.dart:55:16)
тФЬтФДтФДтФДтФДтФДтФДтФДтФДтФДтФДтФДтФДтФДтФДтФДтФДтФДтФДтФДтФДтФДтФДтФДтФДтФДтФДтФДтФДтФДтФДтФДтФДтФДтФДтФДтФДтФДтФДтФДтФДтФДтФДтФДтФДтФДтФДтФДтФДтФДтФДтФДтФДтФДтФДтФДтФДтФДтФДтФДтФДтФДтФДтФДтФДтФДтФДтФДтФДтФДтФДтФДтФДтФДтФДтФДтФДтФДтФДтФДтФДтФДтФДтФДтФДтФДтФДтФДтФДтФДтФДтФДтФДтФДтФДтФДтФДтФДтФДтФДтФДтФДтФДтФДтФДтФДтФДтФДтФДтФДтФДтФДтФДтФДтФДтФДтФДтФДтФДтФД
тФВ ЁЯРЫ Qq43: targetScale=thinking, score=5
тФФтФАтФАтФАтФАтФАтФАтФАтФАтФАтФАтФАтФАтФАтФАтФАтФАтФАтФАтФАтФАтФАтФАтФАтФАтФАтФАтФАтФАтФАтФАтФАтФАтФАтФАтФАтФАтФАтФАтФАтФАтФАтФАтФАтФАтФАтФАтФАтФАтФАтФАтФАтФАтФАтФАтФАтФАтФАтФАтФАтФАтФАтФАтФАтФАтФАтФАтФАтФАтФАтФАтФАтФАтФАтФАтФАтФАтФАтФАтФАтФАтФАтФАтФАтФАтФАтФАтФАтФАтФАтФАтФАтФАтФАтФАтФАтФАтФАтФАтФАтФАтФАтФАтФАтФАтФАтФАтФАтФАтФАтФАтФАтФАтФАтФАтФАтФАтФАтФАтФА
тФМтФАтФАтФАтФАтФАтФАтФАтФАтФАтФАтФАтФАтФАтФАтФАтФАтФАтФАтФАтФАтФАтФАтФАтФАтФАтФАтФАтФАтФАтФАтФАтФАтФАтФАтФАтФАтФАтФАтФАтФАтФАтФАтФАтФАтФАтФАтФАтФАтФАтФАтФАтФАтФАтФАтФАтФАтФАтФАтФАтФАтФАтФАтФАтФАтФАтФАтФАтФАтФАтФАтФАтФАтФАтФАтФАтФАтФАтФАтФАтФАтФАтФАтФАтФАтФАтФАтФАтФАтФАтФАтФАтФАтФАтФАтФАтФАтФАтФАтФАтФАтФАтФАтФАтФАтФАтФАтФАтФАтФАтФАтФАтФАтФАтФАтФАтФАтФАтФАтФА
тФВ #0   TestService._completeBipolarTest (package:psycho_tests/services/test_service.dart:425:23)
тФВ #1   TestService.completeTest (package:psycho_tests/services/test_service.dart:55:16)
тФЬтФДтФДтФДтФДтФДтФДтФДтФДтФДтФДтФДтФДтФДтФДтФДтФДтФДтФДтФДтФДтФДтФДтФДтФДтФДтФДтФДтФДтФДтФДтФДтФДтФДтФДтФДтФДтФДтФДтФДтФДтФДтФДтФДтФДтФДтФДтФДтФДтФДтФДтФДтФДтФДтФДтФДтФДтФДтФДтФДтФДтФДтФДтФДтФДтФДтФДтФДтФДтФДтФДтФДтФДтФДтФДтФДтФДтФДтФДтФДтФДтФДтФДтФДтФДтФДтФДтФДтФДтФДтФДтФДтФДтФДтФДтФДтФДтФДтФДтФДтФДтФДтФДтФДтФДтФДтФДтФДтФДтФДтФДтФДтФДтФДтФДтФДтФДтФДтФДтФД
тФВ ЁЯРЫ Qq44: targetScale=feeling, score=5
тФФтФАтФАтФАтФАтФАтФАтФАтФАтФАтФАтФАтФАтФАтФАтФАтФАтФАтФАтФАтФАтФАтФАтФАтФАтФАтФАтФАтФАтФАтФАтФАтФАтФАтФАтФАтФАтФАтФАтФАтФАтФАтФАтФАтФАтФАтФАтФАтФАтФАтФАтФАтФАтФАтФАтФАтФАтФАтФАтФАтФАтФАтФАтФАтФАтФАтФАтФАтФАтФАтФАтФАтФАтФАтФАтФАтФАтФАтФАтФАтФАтФАтФАтФАтФАтФАтФАтФАтФАтФАтФАтФАтФАтФАтФАтФАтФАтФАтФАтФАтФАтФАтФАтФАтФАтФАтФАтФАтФАтФАтФАтФАтФАтФАтФАтФАтФАтФАтФАтФА
тФМтФАтФАтФАтФАтФАтФАтФАтФАтФАтФАтФАтФАтФАтФАтФАтФАтФАтФАтФАтФАтФАтФАтФАтФАтФАтФАтФАтФАтФАтФАтФАтФАтФАтФАтФАтФАтФАтФАтФАтФАтФАтФАтФАтФАтФАтФАтФАтФАтФАтФАтФАтФАтФАтФАтФАтФАтФАтФАтФАтФАтФАтФАтФАтФАтФАтФАтФАтФАтФАтФАтФАтФАтФАтФАтФАтФАтФАтФАтФАтФАтФАтФАтФАтФАтФАтФАтФАтФАтФАтФАтФАтФАтФАтФАтФАтФАтФАтФАтФАтФАтФАтФАтФАтФАтФАтФАтФАтФАтФАтФАтФАтФАтФАтФАтФАтФАтФАтФАтФА
тФВ #0   TestService._completeBipolarTest (package:psycho_tests/services/test_service.dart:425:23)
тФВ #1   TestService.completeTest (package:psycho_tests/services/test_service.dart:55:16)
тФЬтФДтФДтФДтФДтФДтФДтФДтФДтФДтФДтФДтФДтФДтФДтФДтФДтФДтФДтФДтФДтФДтФДтФДтФДтФДтФДтФДтФДтФДтФДтФДтФДтФДтФДтФДтФДтФДтФДтФДтФДтФДтФДтФДтФДтФДтФДтФДтФДтФДтФДтФДтФДтФДтФДтФДтФДтФДтФДтФДтФДтФДтФДтФДтФДтФДтФДтФДтФДтФДтФДтФДтФДтФДтФДтФДтФДтФДтФДтФДтФДтФДтФДтФДтФДтФДтФДтФДтФДтФДтФДтФДтФДтФДтФДтФДтФДтФДтФДтФДтФДтФДтФДтФДтФДтФДтФДтФДтФДтФДтФДтФДтФДтФДтФДтФДтФДтФДтФДтФД
тФВ ЁЯРЫ Qq45: targetScale=feeling, score=5
тФФтФАтФАтФАтФАтФАтФАтФАтФАтФАтФАтФАтФАтФАтФАтФАтФАтФАтФАтФАтФАтФАтФАтФАтФАтФАтФАтФАтФАтФАтФАтФАтФАтФАтФАтФАтФАтФАтФАтФАтФАтФАтФАтФАтФАтФАтФАтФАтФАтФАтФАтФАтФАтФАтФАтФАтФАтФАтФАтФАтФАтФАтФАтФАтФАтФАтФАтФАтФАтФАтФАтФАтФАтФАтФАтФАтФАтФАтФАтФАтФАтФАтФАтФАтФАтФАтФАтФАтФАтФАтФАтФАтФАтФАтФАтФАтФАтФАтФАтФАтФАтФАтФАтФАтФАтФАтФАтФАтФАтФАтФАтФАтФАтФАтФАтФАтФАтФАтФАтФА
тФМтФАтФАтФАтФАтФАтФАтФАтФАтФАтФАтФАтФАтФАтФАтФАтФАтФАтФАтФАтФАтФАтФАтФАтФАтФАтФАтФАтФАтФАтФАтФАтФАтФАтФАтФАтФАтФАтФАтФАтФАтФАтФАтФАтФАтФАтФАтФАтФАтФАтФАтФАтФАтФАтФАтФАтФАтФАтФАтФАтФАтФАтФАтФАтФАтФАтФАтФАтФАтФАтФАтФАтФАтФАтФАтФАтФАтФАтФАтФАтФАтФАтФАтФАтФАтФАтФАтФАтФАтФАтФАтФАтФАтФАтФАтФАтФАтФАтФАтФАтФАтФАтФАтФАтФАтФАтФАтФАтФАтФАтФАтФАтФАтФАтФАтФАтФАтФАтФАтФА
тФВ #0   TestService._completeBipolarTest (package:psycho_tests/services/test_service.dart:425:23)
тФВ #1   TestService.completeTest (package:psycho_tests/services/test_service.dart:55:16)
тФЬтФДтФДтФДтФДтФДтФДтФДтФДтФДтФДтФДтФДтФДтФДтФДтФДтФДтФДтФДтФДтФДтФДтФДтФДтФДтФДтФДтФДтФДтФДтФДтФДтФДтФДтФДтФДтФДтФДтФДтФДтФДтФДтФДтФДтФДтФДтФДтФДтФДтФДтФДтФДтФДтФДтФДтФДтФДтФДтФДтФДтФДтФДтФДтФДтФДтФДтФДтФДтФДтФДтФДтФДтФДтФДтФДтФДтФДтФДтФДтФДтФДтФДтФДтФДтФДтФДтФДтФДтФДтФДтФДтФДтФДтФДтФДтФДтФДтФДтФДтФДтФДтФДтФДтФДтФДтФДтФДтФДтФДтФДтФДтФДтФДтФДтФДтФДтФДтФДтФД
тФВ ЁЯРЫ Qq46: targetScale=feeling, score=5
тФФтФАтФАтФАтФАтФАтФАтФАтФАтФАтФАтФАтФАтФАтФАтФАтФАтФАтФАтФАтФАтФАтФАтФАтФАтФАтФАтФАтФАтФАтФАтФАтФАтФАтФАтФАтФАтФАтФАтФАтФАтФАтФАтФАтФАтФАтФАтФАтФАтФАтФАтФАтФАтФАтФАтФАтФАтФАтФАтФАтФАтФАтФАтФАтФАтФАтФАтФАтФАтФАтФАтФАтФАтФАтФАтФАтФАтФАтФАтФАтФАтФАтФАтФАтФАтФАтФАтФАтФАтФАтФАтФАтФАтФАтФАтФАтФАтФАтФАтФАтФАтФАтФАтФАтФАтФАтФАтФАтФАтФАтФАтФАтФАтФАтФАтФАтФАтФАтФАтФА
тФМтФАтФАтФАтФАтФАтФАтФАтФАтФАтФАтФАтФАтФАтФАтФАтФАтФАтФАтФАтФАтФАтФАтФАтФАтФАтФАтФАтФАтФАтФАтФАтФАтФАтФАтФАтФАтФАтФАтФАтФАтФАтФАтФАтФАтФАтФАтФАтФАтФАтФАтФАтФАтФАтФАтФАтФАтФАтФАтФАтФАтФАтФАтФАтФАтФАтФАтФАтФАтФАтФАтФАтФАтФАтФАтФАтФАтФАтФАтФАтФАтФАтФАтФАтФАтФАтФАтФАтФАтФАтФАтФАтФАтФАтФАтФАтФАтФАтФАтФАтФАтФАтФАтФАтФАтФАтФАтФАтФАтФАтФАтФАтФАтФАтФАтФАтФАтФАтФАтФА
тФВ #0   TestService._completeBipolarTest (package:psycho_tests/services/test_service.dart:425:23)
тФВ #1   TestService.completeTest (package:psycho_tests/services/test_service.dart:55:16)
тФЬтФДтФДтФДтФДтФДтФДтФДтФДтФДтФДтФДтФДтФДтФДтФДтФДтФДтФДтФДтФДтФДтФДтФДтФДтФДтФДтФДтФДтФДтФДтФДтФДтФДтФДтФДтФДтФДтФДтФДтФДтФДтФДтФДтФДтФДтФДтФДтФДтФДтФДтФДтФДтФДтФДтФДтФДтФДтФДтФДтФДтФДтФДтФДтФДтФДтФДтФДтФДтФДтФДтФДтФДтФДтФДтФДтФДтФДтФДтФДтФДтФДтФДтФДтФДтФДтФДтФДтФДтФДтФДтФДтФДтФДтФДтФДтФДтФДтФДтФДтФДтФДтФДтФДтФДтФДтФДтФДтФДтФДтФДтФДтФДтФДтФДтФДтФДтФДтФДтФД
тФВ ЁЯРЫ Qq47: targetScale=thinking, score=5
тФФтФАтФАтФАтФАтФАтФАтФАтФАтФАтФАтФАтФАтФАтФАтФАтФАтФАтФАтФАтФАтФАтФАтФАтФАтФАтФАтФАтФАтФАтФАтФАтФАтФАтФАтФАтФАтФАтФАтФАтФАтФАтФАтФАтФАтФАтФАтФАтФАтФАтФАтФАтФАтФАтФАтФАтФАтФАтФАтФАтФАтФАтФАтФАтФАтФАтФАтФАтФАтФАтФАтФАтФАтФАтФАтФАтФАтФАтФАтФАтФАтФАтФАтФАтФАтФАтФАтФАтФАтФАтФАтФАтФАтФАтФАтФАтФАтФАтФАтФАтФАтФАтФАтФАтФАтФАтФАтФАтФАтФАтФАтФАтФАтФАтФАтФАтФАтФАтФАтФА
тФМтФАтФАтФАтФАтФАтФАтФАтФАтФАтФАтФАтФАтФАтФАтФАтФАтФАтФАтФАтФАтФАтФАтФАтФАтФАтФАтФАтФАтФАтФАтФАтФАтФАтФАтФАтФАтФАтФАтФАтФАтФАтФАтФАтФАтФАтФАтФАтФАтФАтФАтФАтФАтФАтФАтФАтФАтФАтФАтФАтФАтФАтФАтФАтФАтФАтФАтФАтФАтФАтФАтФАтФАтФАтФАтФАтФАтФАтФАтФАтФАтФАтФАтФАтФАтФАтФАтФАтФАтФАтФАтФАтФАтФАтФАтФАтФАтФАтФАтФАтФАтФАтФАтФАтФАтФАтФАтФАтФАтФАтФАтФАтФАтФАтФАтФАтФАтФАтФАтФА
тФВ #0   TestService._completeBipolarTest (package:psycho_tests/services/test_service.dart:425:23)
тФВ #1   TestService.completeTest (package:psycho_tests/services/test_service.dart:55:16)
тФЬтФДтФДтФДтФДтФДтФДтФДтФДтФДтФДтФДтФДтФДтФДтФДтФДтФДтФДтФДтФДтФДтФДтФДтФДтФДтФДтФДтФДтФДтФДтФДтФДтФДтФДтФДтФДтФДтФДтФДтФДтФДтФДтФДтФДтФДтФДтФДтФДтФДтФДтФДтФДтФДтФДтФДтФДтФДтФДтФДтФДтФДтФДтФДтФДтФДтФДтФДтФДтФДтФДтФДтФДтФДтФДтФДтФДтФДтФДтФДтФДтФДтФДтФДтФДтФДтФДтФДтФДтФДтФДтФДтФДтФДтФДтФДтФДтФДтФДтФДтФДтФДтФДтФДтФДтФДтФДтФДтФДтФДтФДтФДтФДтФДтФДтФДтФДтФДтФДтФД
тФВ ЁЯРЫ Qq48: targetScale=feeling, score=5
тФФтФАтФАтФАтФАтФАтФАтФАтФАтФАтФАтФАтФАтФАтФАтФАтФАтФАтФАтФАтФАтФАтФАтФАтФАтФАтФАтФАтФАтФАтФАтФАтФАтФАтФАтФАтФАтФАтФАтФАтФАтФАтФАтФАтФАтФАтФАтФАтФАтФАтФАтФАтФАтФАтФАтФАтФАтФАтФАтФАтФАтФАтФАтФАтФАтФАтФАтФАтФАтФАтФАтФАтФАтФАтФАтФАтФАтФАтФАтФАтФАтФАтФАтФАтФАтФАтФАтФАтФАтФАтФАтФАтФАтФАтФАтФАтФАтФАтФАтФАтФАтФАтФАтФАтФАтФАтФАтФАтФАтФАтФАтФАтФАтФАтФАтФАтФАтФАтФАтФА
тФМтФАтФАтФАтФАтФАтФАтФАтФАтФАтФАтФАтФАтФАтФАтФАтФАтФАтФАтФАтФАтФАтФАтФАтФАтФАтФАтФАтФАтФАтФАтФАтФАтФАтФАтФАтФАтФАтФАтФАтФАтФАтФАтФАтФАтФАтФАтФАтФАтФАтФАтФАтФАтФАтФАтФАтФАтФАтФАтФАтФАтФАтФАтФАтФАтФАтФАтФАтФАтФАтФАтФАтФАтФАтФАтФАтФАтФАтФАтФАтФАтФАтФАтФАтФАтФАтФАтФАтФАтФАтФАтФАтФАтФАтФАтФАтФАтФАтФАтФАтФАтФАтФАтФАтФАтФАтФАтФАтФАтФАтФАтФАтФАтФАтФАтФАтФАтФАтФАтФА
тФВ #0   TestService._completeBipolarTest (package:psycho_tests/services/test_service.dart:425:23)
тФВ #1   TestService.completeTest (package:psycho_tests/services/test_service.dart:55:16)
тФЬтФДтФДтФДтФДтФДтФДтФДтФДтФДтФДтФДтФДтФДтФДтФДтФДтФДтФДтФДтФДтФДтФДтФДтФДтФДтФДтФДтФДтФДтФДтФДтФДтФДтФДтФДтФДтФДтФДтФДтФДтФДтФДтФДтФДтФДтФДтФДтФДтФДтФДтФДтФДтФДтФДтФДтФДтФДтФДтФДтФДтФДтФДтФДтФДтФДтФДтФДтФДтФДтФДтФДтФДтФДтФДтФДтФДтФДтФДтФДтФДтФДтФДтФДтФДтФДтФДтФДтФДтФДтФДтФДтФДтФДтФДтФДтФДтФДтФДтФДтФДтФДтФДтФДтФДтФДтФДтФДтФДтФДтФДтФДтФДтФДтФДтФДтФДтФДтФДтФД
тФВ ЁЯРЫ Qq49: targetScale=thinking, score=5
тФФтФАтФАтФАтФАтФАтФАтФАтФАтФАтФАтФАтФАтФАтФАтФАтФАтФАтФАтФАтФАтФАтФАтФАтФАтФАтФАтФАтФАтФАтФАтФАтФАтФАтФАтФАтФАтФАтФАтФАтФАтФАтФАтФАтФАтФАтФАтФАтФАтФАтФАтФАтФАтФАтФАтФАтФАтФАтФАтФАтФАтФАтФАтФАтФАтФАтФАтФАтФАтФАтФАтФАтФАтФАтФАтФАтФАтФАтФАтФАтФАтФАтФАтФАтФАтФАтФАтФАтФАтФАтФАтФАтФАтФАтФАтФАтФАтФАтФАтФАтФАтФАтФАтФАтФАтФАтФАтФАтФАтФАтФАтФАтФАтФАтФАтФАтФАтФАтФАтФА
тФМтФАтФАтФАтФАтФАтФАтФАтФАтФАтФАтФАтФАтФАтФАтФАтФАтФАтФАтФАтФАтФАтФАтФАтФАтФАтФАтФАтФАтФАтФАтФАтФАтФАтФАтФАтФАтФАтФАтФАтФАтФАтФАтФАтФАтФАтФАтФАтФАтФАтФАтФАтФАтФАтФАтФАтФАтФАтФАтФАтФАтФАтФАтФАтФАтФАтФАтФАтФАтФАтФАтФАтФАтФАтФАтФАтФАтФАтФАтФАтФАтФАтФАтФАтФАтФАтФАтФАтФАтФАтФАтФАтФАтФАтФАтФАтФАтФАтФАтФАтФАтФАтФАтФАтФАтФАтФАтФАтФАтФАтФАтФАтФАтФАтФАтФАтФАтФАтФАтФА
тФВ #0   TestService._completeBipolarTest (package:psycho_tests/services/test_service.dart:425:23)
тФВ #1   TestService.completeTest (package:psycho_tests/services/test_service.dart:55:16)
тФЬтФДтФДтФДтФДтФДтФДтФДтФДтФДтФДтФДтФДтФДтФДтФДтФДтФДтФДтФДтФДтФДтФДтФДтФДтФДтФДтФДтФДтФДтФДтФДтФДтФДтФДтФДтФДтФДтФДтФДтФДтФДтФДтФДтФДтФДтФДтФДтФДтФДтФДтФДтФДтФДтФДтФДтФДтФДтФДтФДтФДтФДтФДтФДтФДтФДтФДтФДтФДтФДтФДтФДтФДтФДтФДтФДтФДтФДтФДтФДтФДтФДтФДтФДтФДтФДтФДтФДтФДтФДтФДтФДтФДтФДтФДтФДтФДтФДтФДтФДтФДтФДтФДтФДтФДтФДтФДтФДтФДтФДтФДтФДтФДтФДтФДтФДтФДтФДтФДтФД
тФВ ЁЯРЫ Qq50: targetScale=feeling, score=5
тФФтФАтФАтФАтФАтФАтФАтФАтФАтФАтФАтФАтФАтФАтФАтФАтФАтФАтФАтФАтФАтФАтФАтФАтФАтФАтФАтФАтФАтФАтФАтФАтФАтФАтФАтФАтФАтФАтФАтФАтФАтФАтФАтФАтФАтФАтФАтФАтФАтФАтФАтФАтФАтФАтФАтФАтФАтФАтФАтФАтФАтФАтФАтФАтФАтФАтФАтФАтФАтФАтФАтФАтФАтФАтФАтФАтФАтФАтФАтФАтФАтФАтФАтФАтФАтФАтФАтФАтФАтФАтФАтФАтФАтФАтФАтФАтФАтФАтФАтФАтФАтФАтФАтФАтФАтФАтФАтФАтФАтФАтФАтФАтФАтФАтФАтФАтФАтФАтФАтФА
тФМтФАтФАтФАтФАтФАтФАтФАтФАтФАтФАтФАтФАтФАтФАтФАтФАтФАтФАтФАтФАтФАтФАтФАтФАтФАтФАтФАтФАтФАтФАтФАтФАтФАтФАтФАтФАтФАтФАтФАтФАтФАтФАтФАтФАтФАтФАтФАтФАтФАтФАтФАтФАтФАтФАтФАтФАтФАтФАтФАтФАтФАтФАтФАтФАтФАтФАтФАтФАтФАтФАтФАтФАтФАтФАтФАтФАтФАтФАтФАтФАтФАтФАтФАтФАтФАтФАтФАтФАтФАтФАтФАтФАтФАтФАтФАтФАтФАтФАтФАтФАтФАтФАтФАтФАтФАтФАтФАтФАтФАтФАтФАтФАтФАтФАтФАтФАтФАтФАтФА
тФВ #0   TestService._completeBipolarTest (package:psycho_tests/services/test_service.dart:425:23)
тФВ #1   TestService.completeTest (package:psycho_tests/services/test_service.dart:55:16)
тФЬтФДтФДтФДтФДтФДтФДтФДтФДтФДтФДтФДтФДтФДтФДтФДтФДтФДтФДтФДтФДтФДтФДтФДтФДтФДтФДтФДтФДтФДтФДтФДтФДтФДтФДтФДтФДтФДтФДтФДтФДтФДтФДтФДтФДтФДтФДтФДтФДтФДтФДтФДтФДтФДтФДтФДтФДтФДтФДтФДтФДтФДтФДтФДтФДтФДтФДтФДтФДтФДтФДтФДтФДтФДтФДтФДтФДтФДтФДтФДтФДтФДтФДтФДтФДтФДтФДтФДтФДтФДтФДтФДтФДтФДтФДтФДтФДтФДтФДтФДтФДтФДтФДтФДтФДтФДтФДтФДтФДтФДтФДтФДтФДтФДтФДтФДтФДтФДтФДтФД
тФВ ЁЯРЫ Qq51: targetScale=thinking, score=5
тФФтФАтФАтФАтФАтФАтФАтФАтФАтФАтФАтФАтФАтФАтФАтФАтФАтФАтФАтФАтФАтФАтФАтФАтФАтФАтФАтФАтФАтФАтФАтФАтФАтФАтФАтФАтФАтФАтФАтФАтФАтФАтФАтФАтФАтФАтФАтФАтФАтФАтФАтФАтФАтФАтФАтФАтФАтФАтФАтФАтФАтФАтФАтФАтФАтФАтФАтФАтФАтФАтФАтФАтФАтФАтФАтФАтФАтФАтФАтФАтФАтФАтФАтФАтФАтФАтФАтФАтФАтФАтФАтФАтФАтФАтФАтФАтФАтФАтФАтФАтФАтФАтФАтФАтФАтФАтФАтФАтФАтФАтФАтФАтФАтФАтФАтФАтФАтФАтФАтФА
тФМтФАтФАтФАтФАтФАтФАтФАтФАтФАтФАтФАтФАтФАтФАтФАтФАтФАтФАтФАтФАтФАтФАтФАтФАтФАтФАтФАтФАтФАтФАтФАтФАтФАтФАтФАтФАтФАтФАтФАтФАтФАтФАтФАтФАтФАтФАтФАтФАтФАтФАтФАтФАтФАтФАтФАтФАтФАтФАтФАтФАтФАтФАтФАтФАтФАтФАтФАтФАтФАтФАтФАтФАтФАтФАтФАтФАтФАтФАтФАтФАтФАтФАтФАтФАтФАтФАтФАтФАтФАтФАтФАтФАтФАтФАтФАтФАтФАтФАтФАтФАтФАтФАтФАтФАтФАтФАтФАтФАтФАтФАтФАтФАтФАтФАтФАтФАтФАтФАтФА
тФВ #0   TestService._completeBipolarTest (package:psycho_tests/services/test_service.dart:425:23)
тФВ #1   TestService.completeTest (package:psycho_tests/services/test_service.dart:55:16)
тФЬтФДтФДтФДтФДтФДтФДтФДтФДтФДтФДтФДтФДтФДтФДтФДтФДтФДтФДтФДтФДтФДтФДтФДтФДтФДтФДтФДтФДтФДтФДтФДтФДтФДтФДтФДтФДтФДтФДтФДтФДтФДтФДтФДтФДтФДтФДтФДтФДтФДтФДтФДтФДтФДтФДтФДтФДтФДтФДтФДтФДтФДтФДтФДтФДтФДтФДтФДтФДтФДтФДтФДтФДтФДтФДтФДтФДтФДтФДтФДтФДтФДтФДтФДтФДтФДтФДтФДтФДтФДтФДтФДтФДтФДтФДтФДтФДтФДтФДтФДтФДтФДтФДтФДтФДтФДтФДтФДтФДтФДтФДтФДтФДтФДтФДтФДтФДтФДтФДтФД
тФВ ЁЯРЫ Qq52: targetScale=feeling, score=5
тФФтФАтФАтФАтФАтФАтФАтФАтФАтФАтФАтФАтФАтФАтФАтФАтФАтФАтФАтФАтФАтФАтФАтФАтФАтФАтФАтФАтФАтФАтФАтФАтФАтФАтФАтФАтФАтФАтФАтФАтФАтФАтФАтФАтФАтФАтФАтФАтФАтФАтФАтФАтФАтФАтФАтФАтФАтФАтФАтФАтФАтФАтФАтФАтФАтФАтФАтФАтФАтФАтФАтФАтФАтФАтФАтФАтФАтФАтФАтФАтФАтФАтФАтФАтФАтФАтФАтФАтФАтФАтФАтФАтФАтФАтФАтФАтФАтФАтФАтФАтФАтФАтФАтФАтФАтФАтФАтФАтФАтФАтФАтФАтФАтФАтФАтФАтФАтФАтФАтФА
тФМтФАтФАтФАтФАтФАтФАтФАтФАтФАтФАтФАтФАтФАтФАтФАтФАтФАтФАтФАтФАтФАтФАтФАтФАтФАтФАтФАтФАтФАтФАтФАтФАтФАтФАтФАтФАтФАтФАтФАтФАтФАтФАтФАтФАтФАтФАтФАтФАтФАтФАтФАтФАтФАтФАтФАтФАтФАтФАтФАтФАтФАтФАтФАтФАтФАтФАтФАтФАтФАтФАтФАтФАтФАтФАтФАтФАтФАтФАтФАтФАтФАтФАтФАтФАтФАтФАтФАтФАтФАтФАтФАтФАтФАтФАтФАтФАтФАтФАтФАтФАтФАтФАтФАтФАтФАтФАтФАтФАтФАтФАтФАтФАтФАтФАтФАтФАтФАтФАтФА
тФВ #0   TestService._completeBipolarTest (package:psycho_tests/services/test_service.dart:425:23)
тФВ #1   TestService.completeTest (package:psycho_tests/services/test_service.dart:55:16)
тФЬтФДтФДтФДтФДтФДтФДтФДтФДтФДтФДтФДтФДтФДтФДтФДтФДтФДтФДтФДтФДтФДтФДтФДтФДтФДтФДтФДтФДтФДтФДтФДтФДтФДтФДтФДтФДтФДтФДтФДтФДтФДтФДтФДтФДтФДтФДтФДтФДтФДтФДтФДтФДтФДтФДтФДтФДтФДтФДтФДтФДтФДтФДтФДтФДтФДтФДтФДтФДтФДтФДтФДтФДтФДтФДтФДтФДтФДтФДтФДтФДтФДтФДтФДтФДтФДтФДтФДтФДтФДтФДтФДтФДтФДтФДтФДтФДтФДтФДтФДтФДтФДтФДтФДтФДтФДтФДтФДтФДтФДтФДтФДтФДтФДтФДтФДтФДтФДтФДтФД
тФВ ЁЯРЫ Qq53: targetScale=thinking, score=5
тФФтФАтФАтФАтФАтФАтФАтФАтФАтФАтФАтФАтФАтФАтФАтФАтФАтФАтФАтФАтФАтФАтФАтФАтФАтФАтФАтФАтФАтФАтФАтФАтФАтФАтФАтФАтФАтФАтФАтФАтФАтФАтФАтФАтФАтФАтФАтФАтФАтФАтФАтФАтФАтФАтФАтФАтФАтФАтФАтФАтФАтФАтФАтФАтФАтФАтФАтФАтФАтФАтФАтФАтФАтФАтФАтФАтФАтФАтФАтФАтФАтФАтФАтФАтФАтФАтФАтФАтФАтФАтФАтФАтФАтФАтФАтФАтФАтФАтФАтФАтФАтФАтФАтФАтФАтФАтФАтФАтФАтФАтФАтФАтФАтФАтФАтФАтФАтФАтФАтФА
тФМтФАтФАтФАтФАтФАтФАтФАтФАтФАтФАтФАтФАтФАтФАтФАтФАтФАтФАтФАтФАтФАтФАтФАтФАтФАтФАтФАтФАтФАтФАтФАтФАтФАтФАтФАтФАтФАтФАтФАтФАтФАтФАтФАтФАтФАтФАтФАтФАтФАтФАтФАтФАтФАтФАтФАтФАтФАтФАтФАтФАтФАтФАтФАтФАтФАтФАтФАтФАтФАтФАтФАтФАтФАтФАтФАтФАтФАтФАтФАтФАтФАтФАтФАтФАтФАтФАтФАтФАтФАтФАтФАтФАтФАтФАтФАтФАтФАтФАтФАтФАтФАтФАтФАтФАтФАтФАтФАтФАтФАтФАтФАтФАтФАтФАтФАтФАтФАтФАтФА
тФВ #0   TestService._completeBipolarTest (package:psycho_tests/services/test_service.dart:425:23)
тФВ #1   TestService.completeTest (package:psycho_tests/services/test_service.dart:55:16)
тФЬтФДтФДтФДтФДтФДтФДтФДтФДтФДтФДтФДтФДтФДтФДтФДтФДтФДтФДтФДтФДтФДтФДтФДтФДтФДтФДтФДтФДтФДтФДтФДтФДтФДтФДтФДтФДтФДтФДтФДтФДтФДтФДтФДтФДтФДтФДтФДтФДтФДтФДтФДтФДтФДтФДтФДтФДтФДтФДтФДтФДтФДтФДтФДтФДтФДтФДтФДтФДтФДтФДтФДтФДтФДтФДтФДтФДтФДтФДтФДтФДтФДтФДтФДтФДтФДтФДтФДтФДтФДтФДтФДтФДтФДтФДтФДтФДтФДтФДтФДтФДтФДтФДтФДтФДтФДтФДтФДтФДтФДтФДтФДтФДтФДтФДтФДтФДтФДтФДтФД
тФВ ЁЯРЫ Qq54: targetScale=feeling, score=5
тФФтФАтФАтФАтФАтФАтФАтФАтФАтФАтФАтФАтФАтФАтФАтФАтФАтФАтФАтФАтФАтФАтФАтФАтФАтФАтФАтФАтФАтФАтФАтФАтФАтФАтФАтФАтФАтФАтФАтФАтФАтФАтФАтФАтФАтФАтФАтФАтФАтФАтФАтФАтФАтФАтФАтФАтФАтФАтФАтФАтФАтФАтФАтФАтФАтФАтФАтФАтФАтФАтФАтФАтФАтФАтФАтФАтФАтФАтФАтФАтФАтФАтФАтФАтФАтФАтФАтФАтФАтФАтФАтФАтФАтФАтФАтФАтФАтФАтФАтФАтФАтФАтФАтФАтФАтФАтФАтФАтФАтФАтФАтФАтФАтФАтФАтФАтФАтФАтФАтФА
тФМтФАтФАтФАтФАтФАтФАтФАтФАтФАтФАтФАтФАтФАтФАтФАтФАтФАтФАтФАтФАтФАтФАтФАтФАтФАтФАтФАтФАтФАтФАтФАтФАтФАтФАтФАтФАтФАтФАтФАтФАтФАтФАтФАтФАтФАтФАтФАтФАтФАтФАтФАтФАтФАтФАтФАтФАтФАтФАтФАтФАтФАтФАтФАтФАтФАтФАтФАтФАтФАтФАтФАтФАтФАтФАтФАтФАтФАтФАтФАтФАтФАтФАтФАтФАтФАтФАтФАтФАтФАтФАтФАтФАтФАтФАтФАтФАтФАтФАтФАтФАтФАтФАтФАтФАтФАтФАтФАтФАтФАтФАтФАтФАтФАтФАтФАтФАтФАтФАтФА
тФВ #0   TestService._completeBipolarTest (package:psycho_tests/services/test_service.dart:425:23)
тФВ #1   TestService.completeTest (package:psycho_tests/services/test_service.dart:55:16)
тФЬтФДтФДтФДтФДтФДтФДтФДтФДтФДтФДтФДтФДтФДтФДтФДтФДтФДтФДтФДтФДтФДтФДтФДтФДтФДтФДтФДтФДтФДтФДтФДтФДтФДтФДтФДтФДтФДтФДтФДтФДтФДтФДтФДтФДтФДтФДтФДтФДтФДтФДтФДтФДтФДтФДтФДтФДтФДтФДтФДтФДтФДтФДтФДтФДтФДтФДтФДтФДтФДтФДтФДтФДтФДтФДтФДтФДтФДтФДтФДтФДтФДтФДтФДтФДтФДтФДтФДтФДтФДтФДтФДтФДтФДтФДтФДтФДтФДтФДтФДтФДтФДтФДтФДтФДтФДтФДтФДтФДтФДтФДтФДтФДтФДтФДтФДтФДтФДтФДтФД
тФВ ЁЯРЫ Qq55: targetScale=thinking, score=5
тФФтФАтФАтФАтФАтФАтФАтФАтФАтФАтФАтФАтФАтФАтФАтФАтФАтФАтФАтФАтФАтФАтФАтФАтФАтФАтФАтФАтФАтФАтФАтФАтФАтФАтФАтФАтФАтФАтФАтФАтФАтФАтФАтФАтФАтФАтФАтФАтФАтФАтФАтФАтФАтФАтФАтФАтФАтФАтФАтФАтФАтФАтФАтФАтФАтФАтФАтФАтФАтФАтФАтФАтФАтФАтФАтФАтФАтФАтФАтФАтФАтФАтФАтФАтФАтФАтФАтФАтФАтФАтФАтФАтФАтФАтФАтФАтФАтФАтФАтФАтФАтФАтФАтФАтФАтФАтФАтФАтФАтФАтФАтФАтФАтФАтФАтФАтФАтФАтФАтФА
тФМтФАтФАтФАтФАтФАтФАтФАтФАтФАтФАтФАтФАтФАтФАтФАтФАтФАтФАтФАтФАтФАтФАтФАтФАтФАтФАтФАтФАтФАтФАтФАтФАтФАтФАтФАтФАтФАтФАтФАтФАтФАтФАтФАтФАтФАтФАтФАтФАтФАтФАтФАтФАтФАтФАтФАтФАтФАтФАтФАтФАтФАтФАтФАтФАтФАтФАтФАтФАтФАтФАтФАтФАтФАтФАтФАтФАтФАтФАтФАтФАтФАтФАтФАтФАтФАтФАтФАтФАтФАтФАтФАтФАтФАтФАтФАтФАтФАтФАтФАтФАтФАтФАтФАтФАтФАтФАтФАтФАтФАтФАтФАтФАтФАтФАтФАтФАтФАтФАтФА
тФВ #0   TestService._completeBipolarTest (package:psycho_tests/services/test_service.dart:425:23)
тФВ #1   TestService.completeTest (package:psycho_tests/services/test_service.dart:55:16)
тФЬтФДтФДтФДтФДтФДтФДтФДтФДтФДтФДтФДтФДтФДтФДтФДтФДтФДтФДтФДтФДтФДтФДтФДтФДтФДтФДтФДтФДтФДтФДтФДтФДтФДтФДтФДтФДтФДтФДтФДтФДтФДтФДтФДтФДтФДтФДтФДтФДтФДтФДтФДтФДтФДтФДтФДтФДтФДтФДтФДтФДтФДтФДтФДтФДтФДтФДтФДтФДтФДтФДтФДтФДтФДтФДтФДтФДтФДтФДтФДтФДтФДтФДтФДтФДтФДтФДтФДтФДтФДтФДтФДтФДтФДтФДтФДтФДтФДтФДтФДтФДтФДтФДтФДтФДтФДтФДтФДтФДтФДтФДтФДтФДтФДтФДтФДтФДтФДтФДтФД
тФВ ЁЯРЫ Qq56: targetScale=feeling, score=5
тФФтФАтФАтФАтФАтФАтФАтФАтФАтФАтФАтФАтФАтФАтФАтФАтФАтФАтФАтФАтФАтФАтФАтФАтФАтФАтФАтФАтФАтФАтФАтФАтФАтФАтФАтФАтФАтФАтФАтФАтФАтФАтФАтФАтФАтФАтФАтФАтФАтФАтФАтФАтФАтФАтФАтФАтФАтФАтФАтФАтФАтФАтФАтФАтФАтФАтФАтФАтФАтФАтФАтФАтФАтФАтФАтФАтФАтФАтФАтФАтФАтФАтФАтФАтФАтФАтФАтФАтФАтФАтФАтФАтФАтФАтФАтФАтФАтФАтФАтФАтФАтФАтФАтФАтФАтФАтФАтФАтФАтФАтФАтФАтФАтФАтФАтФАтФАтФАтФАтФА
тФМтФАтФАтФАтФАтФАтФАтФАтФАтФАтФАтФАтФАтФАтФАтФАтФАтФАтФАтФАтФАтФАтФАтФАтФАтФАтФАтФАтФАтФАтФАтФАтФАтФАтФАтФАтФАтФАтФАтФАтФАтФАтФАтФАтФАтФАтФАтФАтФАтФАтФАтФАтФАтФАтФАтФАтФАтФАтФАтФАтФАтФАтФАтФАтФАтФАтФАтФАтФАтФАтФАтФАтФАтФАтФАтФАтФАтФАтФАтФАтФАтФАтФАтФАтФАтФАтФАтФАтФАтФАтФАтФАтФАтФАтФАтФАтФАтФАтФАтФАтФАтФАтФАтФАтФАтФАтФАтФАтФАтФАтФАтФАтФАтФАтФАтФАтФАтФАтФАтФА
тФВ #0   TestService._completeBipolarTest (package:psycho_tests/services/test_service.dart:425:23)
тФВ #1   TestService.completeTest (package:psycho_tests/services/test_service.dart:55:16)
тФЬтФДтФДтФДтФДтФДтФДтФДтФДтФДтФДтФДтФДтФДтФДтФДтФДтФДтФДтФДтФДтФДтФДтФДтФДтФДтФДтФДтФДтФДтФДтФДтФДтФДтФДтФДтФДтФДтФДтФДтФДтФДтФДтФДтФДтФДтФДтФДтФДтФДтФДтФДтФДтФДтФДтФДтФДтФДтФДтФДтФДтФДтФДтФДтФДтФДтФДтФДтФДтФДтФДтФДтФДтФДтФДтФДтФДтФДтФДтФДтФДтФДтФДтФДтФДтФДтФДтФДтФДтФДтФДтФДтФДтФДтФДтФДтФДтФДтФДтФДтФДтФДтФДтФДтФДтФДтФДтФДтФДтФДтФДтФДтФДтФДтФДтФДтФДтФДтФДтФД
тФВ ЁЯРЫ Qq57: targetScale=thinking, score=5
тФФтФАтФАтФАтФАтФАтФАтФАтФАтФАтФАтФАтФАтФАтФАтФАтФАтФАтФАтФАтФАтФАтФАтФАтФАтФАтФАтФАтФАтФАтФАтФАтФАтФАтФАтФАтФАтФАтФАтФАтФАтФАтФАтФАтФАтФАтФАтФАтФАтФАтФАтФАтФАтФАтФАтФАтФАтФАтФАтФАтФАтФАтФАтФАтФАтФАтФАтФАтФАтФАтФАтФАтФАтФАтФАтФАтФАтФАтФАтФАтФАтФАтФАтФАтФАтФАтФАтФАтФАтФАтФАтФАтФАтФАтФАтФАтФАтФАтФАтФАтФАтФАтФАтФАтФАтФАтФАтФАтФАтФАтФАтФАтФАтФАтФАтФАтФАтФАтФАтФА
тФМтФАтФАтФАтФАтФАтФАтФАтФАтФАтФАтФАтФАтФАтФАтФАтФАтФАтФАтФАтФАтФАтФАтФАтФАтФАтФАтФАтФАтФАтФАтФАтФАтФАтФАтФАтФАтФАтФАтФАтФАтФАтФАтФАтФАтФАтФАтФАтФАтФАтФАтФАтФАтФАтФАтФАтФАтФАтФАтФАтФАтФАтФАтФАтФАтФАтФАтФАтФАтФАтФАтФАтФАтФАтФАтФАтФАтФАтФАтФАтФАтФАтФАтФАтФАтФАтФАтФАтФАтФАтФАтФАтФАтФАтФАтФАтФАтФАтФАтФАтФАтФАтФАтФАтФАтФАтФАтФАтФАтФАтФАтФАтФАтФАтФАтФАтФАтФАтФАтФА
тФВ #0   TestService._completeBipolarTest (package:psycho_tests/services/test_service.dart:425:23)
тФВ #1   TestService.completeTest (package:psycho_tests/services/test_service.dart:55:16)
тФЬтФДтФДтФДтФДтФДтФДтФДтФДтФДтФДтФДтФДтФДтФДтФДтФДтФДтФДтФДтФДтФДтФДтФДтФДтФДтФДтФДтФДтФДтФДтФДтФДтФДтФДтФДтФДтФДтФДтФДтФДтФДтФДтФДтФДтФДтФДтФДтФДтФДтФДтФДтФДтФДтФДтФДтФДтФДтФДтФДтФДтФДтФДтФДтФДтФДтФДтФДтФДтФДтФДтФДтФДтФДтФДтФДтФДтФДтФДтФДтФДтФДтФДтФДтФДтФДтФДтФДтФДтФДтФДтФДтФДтФДтФДтФДтФДтФДтФДтФДтФДтФДтФДтФДтФДтФДтФДтФДтФДтФДтФДтФДтФДтФДтФДтФДтФДтФДтФДтФД
тФВ ЁЯРЫ Qq58: targetScale=feeling, score=5
тФФтФАтФАтФАтФАтФАтФАтФАтФАтФАтФАтФАтФАтФАтФАтФАтФАтФАтФАтФАтФАтФАтФАтФАтФАтФАтФАтФАтФАтФАтФАтФАтФАтФАтФАтФАтФАтФАтФАтФАтФАтФАтФАтФАтФАтФАтФАтФАтФАтФАтФАтФАтФАтФАтФАтФАтФАтФАтФАтФАтФАтФАтФАтФАтФАтФАтФАтФАтФАтФАтФАтФАтФАтФАтФАтФАтФАтФАтФАтФАтФАтФАтФАтФАтФАтФАтФАтФАтФАтФАтФАтФАтФАтФАтФАтФАтФАтФАтФАтФАтФАтФАтФАтФАтФАтФАтФАтФАтФАтФАтФАтФАтФАтФАтФАтФАтФАтФАтФАтФА
тФМтФАтФАтФАтФАтФАтФАтФАтФАтФАтФАтФАтФАтФАтФАтФАтФАтФАтФАтФАтФАтФАтФАтФАтФАтФАтФАтФАтФАтФАтФАтФАтФАтФАтФАтФАтФАтФАтФАтФАтФАтФАтФАтФАтФАтФАтФАтФАтФАтФАтФАтФАтФАтФАтФАтФАтФАтФАтФАтФАтФАтФАтФАтФАтФАтФАтФАтФАтФАтФАтФАтФАтФАтФАтФАтФАтФАтФАтФАтФАтФАтФАтФАтФАтФАтФАтФАтФАтФАтФАтФАтФАтФАтФАтФАтФАтФАтФАтФАтФАтФАтФАтФАтФАтФАтФАтФАтФАтФАтФАтФАтФАтФАтФАтФАтФАтФАтФАтФАтФА
тФВ #0   TestService._completeBipolarTest (package:psycho_tests/services/test_service.dart:425:23)
тФВ #1   TestService.completeTest (package:psycho_tests/services/test_service.dart:55:16)
тФЬтФДтФДтФДтФДтФДтФДтФДтФДтФДтФДтФДтФДтФДтФДтФДтФДтФДтФДтФДтФДтФДтФДтФДтФДтФДтФДтФДтФДтФДтФДтФДтФДтФДтФДтФДтФДтФДтФДтФДтФДтФДтФДтФДтФДтФДтФДтФДтФДтФДтФДтФДтФДтФДтФДтФДтФДтФДтФДтФДтФДтФДтФДтФДтФДтФДтФДтФДтФДтФДтФДтФДтФДтФДтФДтФДтФДтФДтФДтФДтФДтФДтФДтФДтФДтФДтФДтФДтФДтФДтФДтФДтФДтФДтФДтФДтФДтФДтФДтФДтФДтФДтФДтФДтФДтФДтФДтФДтФДтФДтФДтФДтФДтФДтФДтФДтФДтФДтФДтФД
тФВ ЁЯРЫ Qq59: targetScale=feeling, score=5
тФФтФАтФАтФАтФАтФАтФАтФАтФАтФАтФАтФАтФАтФАтФАтФАтФАтФАтФАтФАтФАтФАтФАтФАтФАтФАтФАтФАтФАтФАтФАтФАтФАтФАтФАтФАтФАтФАтФАтФАтФАтФАтФАтФАтФАтФАтФАтФАтФАтФАтФАтФАтФАтФАтФАтФАтФАтФАтФАтФАтФАтФАтФАтФАтФАтФАтФАтФАтФАтФАтФАтФАтФАтФАтФАтФАтФАтФАтФАтФАтФАтФАтФАтФАтФАтФАтФАтФАтФАтФАтФАтФАтФАтФАтФАтФАтФАтФАтФАтФАтФАтФАтФАтФАтФАтФАтФАтФАтФАтФАтФАтФАтФАтФАтФАтФАтФАтФАтФАтФА
тФМтФАтФАтФАтФАтФАтФАтФАтФАтФАтФАтФАтФАтФАтФАтФАтФАтФАтФАтФАтФАтФАтФАтФАтФАтФАтФАтФАтФАтФАтФАтФАтФАтФАтФАтФАтФАтФАтФАтФАтФАтФАтФАтФАтФАтФАтФАтФАтФАтФАтФАтФАтФАтФАтФАтФАтФАтФАтФАтФАтФАтФАтФАтФАтФАтФАтФАтФАтФАтФАтФАтФАтФАтФАтФАтФАтФАтФАтФАтФАтФАтФАтФАтФАтФАтФАтФАтФАтФАтФАтФАтФАтФАтФАтФАтФАтФАтФАтФАтФАтФАтФАтФАтФАтФАтФАтФАтФАтФАтФАтФАтФАтФАтФАтФАтФАтФАтФАтФАтФА
тФВ #0   TestService._completeBipolarTest (package:psycho_tests/services/test_service.dart:425:23)
тФВ #1   TestService.completeTest (package:psycho_tests/services/test_service.dart:55:16)
тФЬтФДтФДтФДтФДтФДтФДтФДтФДтФДтФДтФДтФДтФДтФДтФДтФДтФДтФДтФДтФДтФДтФДтФДтФДтФДтФДтФДтФДтФДтФДтФДтФДтФДтФДтФДтФДтФДтФДтФДтФДтФДтФДтФДтФДтФДтФДтФДтФДтФДтФДтФДтФДтФДтФДтФДтФДтФДтФДтФДтФДтФДтФДтФДтФДтФДтФДтФДтФДтФДтФДтФДтФДтФДтФДтФДтФДтФДтФДтФДтФДтФДтФДтФДтФДтФДтФДтФДтФДтФДтФДтФДтФДтФДтФДтФДтФДтФДтФДтФДтФДтФДтФДтФДтФДтФДтФДтФДтФДтФДтФДтФДтФДтФДтФДтФДтФДтФДтФДтФД
тФВ ЁЯРЫ Qq60: targetScale=thinking, score=5
тФФтФАтФАтФАтФАтФАтФАтФАтФАтФАтФАтФАтФАтФАтФАтФАтФАтФАтФАтФАтФАтФАтФАтФАтФАтФАтФАтФАтФАтФАтФАтФАтФАтФАтФАтФАтФАтФАтФАтФАтФАтФАтФАтФАтФАтФАтФАтФАтФАтФАтФАтФАтФАтФАтФАтФАтФАтФАтФАтФАтФАтФАтФАтФАтФАтФАтФАтФАтФАтФАтФАтФАтФАтФАтФАтФАтФАтФАтФАтФАтФАтФАтФАтФАтФАтФАтФАтФАтФАтФАтФАтФАтФАтФАтФАтФАтФАтФАтФАтФАтФАтФАтФАтФАтФАтФАтФАтФАтФАтФАтФАтФАтФАтФАтФАтФАтФАтФАтФАтФА
тФМтФАтФАтФАтФАтФАтФАтФАтФАтФАтФАтФАтФАтФАтФАтФАтФАтФАтФАтФАтФАтФАтФАтФАтФАтФАтФАтФАтФАтФАтФАтФАтФАтФАтФАтФАтФАтФАтФАтФАтФАтФАтФАтФАтФАтФАтФАтФАтФАтФАтФАтФАтФАтФАтФАтФАтФАтФАтФАтФАтФАтФАтФАтФАтФАтФАтФАтФАтФАтФАтФАтФАтФАтФАтФАтФАтФАтФАтФАтФАтФАтФАтФАтФАтФАтФАтФАтФАтФАтФАтФАтФАтФАтФАтФАтФАтФАтФАтФАтФАтФАтФАтФАтФАтФАтФАтФАтФАтФАтФАтФАтФАтФАтФАтФАтФАтФАтФАтФАтФА
тФВ #0   TestService._completeBipolarTest (package:psycho_tests/services/test_service.dart:425:23)
тФВ #1   TestService.completeTest (package:psycho_tests/services/test_service.dart:55:16)
тФЬтФДтФДтФДтФДтФДтФДтФДтФДтФДтФДтФДтФДтФДтФДтФДтФДтФДтФДтФДтФДтФДтФДтФДтФДтФДтФДтФДтФДтФДтФДтФДтФДтФДтФДтФДтФДтФДтФДтФДтФДтФДтФДтФДтФДтФДтФДтФДтФДтФДтФДтФДтФДтФДтФДтФДтФДтФДтФДтФДтФДтФДтФДтФДтФДтФДтФДтФДтФДтФДтФДтФДтФДтФДтФДтФДтФДтФДтФДтФДтФДтФДтФДтФДтФДтФДтФДтФДтФДтФДтФДтФДтФДтФДтФДтФДтФДтФДтФДтФДтФДтФДтФДтФДтФДтФДтФДтФДтФДтФДтФДтФДтФДтФДтФДтФДтФДтФДтФДтФД
тФВ ЁЯРЫ Qq61: targetScale=judging, score=5
тФФтФАтФАтФАтФАтФАтФАтФАтФАтФАтФАтФАтФАтФАтФАтФАтФАтФАтФАтФАтФАтФАтФАтФАтФАтФАтФАтФАтФАтФАтФАтФАтФАтФАтФАтФАтФАтФАтФАтФАтФАтФАтФАтФАтФАтФАтФАтФАтФАтФАтФАтФАтФАтФАтФАтФАтФАтФАтФАтФАтФАтФАтФАтФАтФАтФАтФАтФАтФАтФАтФАтФАтФАтФАтФАтФАтФАтФАтФАтФАтФАтФАтФАтФАтФАтФАтФАтФАтФАтФАтФАтФАтФАтФАтФАтФАтФАтФАтФАтФАтФАтФАтФАтФАтФАтФАтФАтФАтФАтФАтФАтФАтФАтФАтФАтФАтФАтФАтФАтФА
тФМтФАтФАтФАтФАтФАтФАтФАтФАтФАтФАтФАтФАтФАтФАтФАтФАтФАтФАтФАтФАтФАтФАтФАтФАтФАтФАтФАтФАтФАтФАтФАтФАтФАтФАтФАтФАтФАтФАтФАтФАтФАтФАтФАтФАтФАтФАтФАтФАтФАтФАтФАтФАтФАтФАтФАтФАтФАтФАтФАтФАтФАтФАтФАтФАтФАтФАтФАтФАтФАтФАтФАтФАтФАтФАтФАтФАтФАтФАтФАтФАтФАтФАтФАтФАтФАтФАтФАтФАтФАтФАтФАтФАтФАтФАтФАтФАтФАтФАтФАтФАтФАтФАтФАтФАтФАтФАтФАтФАтФАтФАтФАтФАтФАтФАтФАтФАтФАтФАтФА
тФВ #0   TestService._completeBipolarTest (package:psycho_tests/services/test_service.dart:425:23)
тФВ #1   TestService.completeTest (package:psycho_tests/services/test_service.dart:55:16)
тФЬтФДтФДтФДтФДтФДтФДтФДтФДтФДтФДтФДтФДтФДтФДтФДтФДтФДтФДтФДтФДтФДтФДтФДтФДтФДтФДтФДтФДтФДтФДтФДтФДтФДтФДтФДтФДтФДтФДтФДтФДтФДтФДтФДтФДтФДтФДтФДтФДтФДтФДтФДтФДтФДтФДтФДтФДтФДтФДтФДтФДтФДтФДтФДтФДтФДтФДтФДтФДтФДтФДтФДтФДтФДтФДтФДтФДтФДтФДтФДтФДтФДтФДтФДтФДтФДтФДтФДтФДтФДтФДтФДтФДтФДтФДтФДтФДтФДтФДтФДтФДтФДтФДтФДтФДтФДтФДтФДтФДтФДтФДтФДтФДтФДтФДтФДтФДтФДтФДтФД
тФВ ЁЯРЫ Qq62: targetScale=judging, score=5
тФФтФАтФАтФАтФАтФАтФАтФАтФАтФАтФАтФАтФАтФАтФАтФАтФАтФАтФАтФАтФАтФАтФАтФАтФАтФАтФАтФАтФАтФАтФАтФАтФАтФАтФАтФАтФАтФАтФАтФАтФАтФАтФАтФАтФАтФАтФАтФАтФАтФАтФАтФАтФАтФАтФАтФАтФАтФАтФАтФАтФАтФАтФАтФАтФАтФАтФАтФАтФАтФАтФАтФАтФАтФАтФАтФАтФАтФАтФАтФАтФАтФАтФАтФАтФАтФАтФАтФАтФАтФАтФАтФАтФАтФАтФАтФАтФАтФАтФАтФАтФАтФАтФАтФАтФАтФАтФАтФАтФАтФАтФАтФАтФАтФАтФАтФАтФАтФАтФАтФА
тФМтФАтФАтФАтФАтФАтФАтФАтФАтФАтФАтФАтФАтФАтФАтФАтФАтФАтФАтФАтФАтФАтФАтФАтФАтФАтФАтФАтФАтФАтФАтФАтФАтФАтФАтФАтФАтФАтФАтФАтФАтФАтФАтФАтФАтФАтФАтФАтФАтФАтФАтФАтФАтФАтФАтФАтФАтФАтФАтФАтФАтФАтФАтФАтФАтФАтФАтФАтФАтФАтФАтФАтФАтФАтФАтФАтФАтФАтФАтФАтФАтФАтФАтФАтФАтФАтФАтФАтФАтФАтФАтФАтФАтФАтФАтФАтФАтФАтФАтФАтФАтФАтФАтФАтФАтФАтФАтФАтФАтФАтФАтФАтФАтФАтФАтФАтФАтФАтФАтФА
тФВ #0   TestService._completeBipolarTest (package:psycho_tests/services/test_service.dart:425:23)
тФВ #1   TestService.completeTest (package:psycho_tests/services/test_service.dart:55:16)
тФЬтФДтФДтФДтФДтФДтФДтФДтФДтФДтФДтФДтФДтФДтФДтФДтФДтФДтФДтФДтФДтФДтФДтФДтФДтФДтФДтФДтФДтФДтФДтФДтФДтФДтФДтФДтФДтФДтФДтФДтФДтФДтФДтФДтФДтФДтФДтФДтФДтФДтФДтФДтФДтФДтФДтФДтФДтФДтФДтФДтФДтФДтФДтФДтФДтФДтФДтФДтФДтФДтФДтФДтФДтФДтФДтФДтФДтФДтФДтФДтФДтФДтФДтФДтФДтФДтФДтФДтФДтФДтФДтФДтФДтФДтФДтФДтФДтФДтФДтФДтФДтФДтФДтФДтФДтФДтФДтФДтФДтФДтФДтФДтФДтФДтФДтФДтФДтФДтФДтФД
тФВ ЁЯРЫ Qq63: targetScale=judging, score=5
тФФтФАтФАтФАтФАтФАтФАтФАтФАтФАтФАтФАтФАтФАтФАтФАтФАтФАтФАтФАтФАтФАтФАтФАтФАтФАтФАтФАтФАтФАтФАтФАтФАтФАтФАтФАтФАтФАтФАтФАтФАтФАтФАтФАтФАтФАтФАтФАтФАтФАтФАтФАтФАтФАтФАтФАтФАтФАтФАтФАтФАтФАтФАтФАтФАтФАтФАтФАтФАтФАтФАтФАтФАтФАтФАтФАтФАтФАтФАтФАтФАтФАтФАтФАтФАтФАтФАтФАтФАтФАтФАтФАтФАтФАтФАтФАтФАтФАтФАтФАтФАтФАтФАтФАтФАтФАтФАтФАтФАтФАтФАтФАтФАтФАтФАтФАтФАтФАтФАтФА
тФМтФАтФАтФАтФАтФАтФАтФАтФАтФАтФАтФАтФАтФАтФАтФАтФАтФАтФАтФАтФАтФАтФАтФАтФАтФАтФАтФАтФАтФАтФАтФАтФАтФАтФАтФАтФАтФАтФАтФАтФАтФАтФАтФАтФАтФАтФАтФАтФАтФАтФАтФАтФАтФАтФАтФАтФАтФАтФАтФАтФАтФАтФАтФАтФАтФАтФАтФАтФАтФАтФАтФАтФАтФАтФАтФАтФАтФАтФАтФАтФАтФАтФАтФАтФАтФАтФАтФАтФАтФАтФАтФАтФАтФАтФАтФАтФАтФАтФАтФАтФАтФАтФАтФАтФАтФАтФАтФАтФАтФАтФАтФАтФАтФАтФАтФАтФАтФАтФАтФА
тФВ #0   TestService._completeBipolarTest (package:psycho_tests/services/test_service.dart:425:23)
тФВ #1   TestService.completeTest (package:psycho_tests/services/test_service.dart:55:16)
тФЬтФДтФДтФДтФДтФДтФДтФДтФДтФДтФДтФДтФДтФДтФДтФДтФДтФДтФДтФДтФДтФДтФДтФДтФДтФДтФДтФДтФДтФДтФДтФДтФДтФДтФДтФДтФДтФДтФДтФДтФДтФДтФДтФДтФДтФДтФДтФДтФДтФДтФДтФДтФДтФДтФДтФДтФДтФДтФДтФДтФДтФДтФДтФДтФДтФДтФДтФДтФДтФДтФДтФДтФДтФДтФДтФДтФДтФДтФДтФДтФДтФДтФДтФДтФДтФДтФДтФДтФДтФДтФДтФДтФДтФДтФДтФДтФДтФДтФДтФДтФДтФДтФДтФДтФДтФДтФДтФДтФДтФДтФДтФДтФДтФДтФДтФДтФДтФДтФДтФД
тФВ ЁЯРЫ Qq64: targetScale=judging, score=5
тФФтФАтФАтФАтФАтФАтФАтФАтФАтФАтФАтФАтФАтФАтФАтФАтФАтФАтФАтФАтФАтФАтФАтФАтФАтФАтФАтФАтФАтФАтФАтФАтФАтФАтФАтФАтФАтФАтФАтФАтФАтФАтФАтФАтФАтФАтФАтФАтФАтФАтФАтФАтФАтФАтФАтФАтФАтФАтФАтФАтФАтФАтФАтФАтФАтФАтФАтФАтФАтФАтФАтФАтФАтФАтФАтФАтФАтФАтФАтФАтФАтФАтФАтФАтФАтФАтФАтФАтФАтФАтФАтФАтФАтФАтФАтФАтФАтФАтФАтФАтФАтФАтФАтФАтФАтФАтФАтФАтФАтФАтФАтФАтФАтФАтФАтФАтФАтФАтФАтФА
тФМтФАтФАтФАтФАтФАтФАтФАтФАтФАтФАтФАтФАтФАтФАтФАтФАтФАтФАтФАтФАтФАтФАтФАтФАтФАтФАтФАтФАтФАтФАтФАтФАтФАтФАтФАтФАтФАтФАтФАтФАтФАтФАтФАтФАтФАтФАтФАтФАтФАтФАтФАтФАтФАтФАтФАтФАтФАтФАтФАтФАтФАтФАтФАтФАтФАтФАтФАтФАтФАтФАтФАтФАтФАтФАтФАтФАтФАтФАтФАтФАтФАтФАтФАтФАтФАтФАтФАтФАтФАтФАтФАтФАтФАтФАтФАтФАтФАтФАтФАтФАтФАтФАтФАтФАтФАтФАтФАтФАтФАтФАтФАтФАтФАтФАтФАтФАтФАтФАтФА
тФВ #0   TestService._completeBipolarTest (package:psycho_tests/services/test_service.dart:425:23)
тФВ #1   TestService.completeTest (package:psycho_tests/services/test_service.dart:55:16)
тФЬтФДтФДтФДтФДтФДтФДтФДтФДтФДтФДтФДтФДтФДтФДтФДтФДтФДтФДтФДтФДтФДтФДтФДтФДтФДтФДтФДтФДтФДтФДтФДтФДтФДтФДтФДтФДтФДтФДтФДтФДтФДтФДтФДтФДтФДтФДтФДтФДтФДтФДтФДтФДтФДтФДтФДтФДтФДтФДтФДтФДтФДтФДтФДтФДтФДтФДтФДтФДтФДтФДтФДтФДтФДтФДтФДтФДтФДтФДтФДтФДтФДтФДтФДтФДтФДтФДтФДтФДтФДтФДтФДтФДтФДтФДтФДтФДтФДтФДтФДтФДтФДтФДтФДтФДтФДтФДтФДтФДтФДтФДтФДтФДтФДтФДтФДтФДтФДтФДтФД
тФВ ЁЯРЫ Qq65: targetScale=perceiving, score=5
тФФтФАтФАтФАтФАтФАтФАтФАтФАтФАтФАтФАтФАтФАтФАтФАтФАтФАтФАтФАтФАтФАтФАтФАтФАтФАтФАтФАтФАтФАтФАтФАтФАтФАтФАтФАтФАтФАтФАтФАтФАтФАтФАтФАтФАтФАтФАтФАтФАтФАтФАтФАтФАтФАтФАтФАтФАтФАтФАтФАтФАтФАтФАтФАтФАтФАтФАтФАтФАтФАтФАтФАтФАтФАтФАтФАтФАтФАтФАтФАтФАтФАтФАтФАтФАтФАтФАтФАтФАтФАтФАтФАтФАтФАтФАтФАтФАтФАтФАтФАтФАтФАтФАтФАтФАтФАтФАтФАтФАтФАтФАтФАтФАтФАтФАтФАтФАтФАтФАтФА
тФМтФАтФАтФАтФАтФАтФАтФАтФАтФАтФАтФАтФАтФАтФАтФАтФАтФАтФАтФАтФАтФАтФАтФАтФАтФАтФАтФАтФАтФАтФАтФАтФАтФАтФАтФАтФАтФАтФАтФАтФАтФАтФАтФАтФАтФАтФАтФАтФАтФАтФАтФАтФАтФАтФАтФАтФАтФАтФАтФАтФАтФАтФАтФАтФАтФАтФАтФАтФАтФАтФАтФАтФАтФАтФАтФАтФАтФАтФАтФАтФАтФАтФАтФАтФАтФАтФАтФАтФАтФАтФАтФАтФАтФАтФАтФАтФАтФАтФАтФАтФАтФАтФАтФАтФАтФАтФАтФАтФАтФАтФАтФАтФАтФАтФАтФАтФАтФАтФАтФА
тФВ #0   TestService._completeBipolarTest (package:psycho_tests/services/test_service.dart:425:23)
тФВ #1   TestService.completeTest (package:psycho_tests/services/test_service.dart:55:16)
тФЬтФДтФДтФДтФДтФДтФДтФДтФДтФДтФДтФДтФДтФДтФДтФДтФДтФДтФДтФДтФДтФДтФДтФДтФДтФДтФДтФДтФДтФДтФДтФДтФДтФДтФДтФДтФДтФДтФДтФДтФДтФДтФДтФДтФДтФДтФДтФДтФДтФДтФДтФДтФДтФДтФДтФДтФДтФДтФДтФДтФДтФДтФДтФДтФДтФДтФДтФДтФДтФДтФДтФДтФДтФДтФДтФДтФДтФДтФДтФДтФДтФДтФДтФДтФДтФДтФДтФДтФДтФДтФДтФДтФДтФДтФДтФДтФДтФДтФДтФДтФДтФДтФДтФДтФДтФДтФДтФДтФДтФДтФДтФДтФДтФДтФДтФДтФДтФДтФДтФД
тФВ ЁЯРЫ Qq66: targetScale=perceiving, score=5
тФФтФАтФАтФАтФАтФАтФАтФАтФАтФАтФАтФАтФАтФАтФАтФАтФАтФАтФАтФАтФАтФАтФАтФАтФАтФАтФАтФАтФАтФАтФАтФАтФАтФАтФАтФАтФАтФАтФАтФАтФАтФАтФАтФАтФАтФАтФАтФАтФАтФАтФАтФАтФАтФАтФАтФАтФАтФАтФАтФАтФАтФАтФАтФАтФАтФАтФАтФАтФАтФАтФАтФАтФАтФАтФАтФАтФАтФАтФАтФАтФАтФАтФАтФАтФАтФАтФАтФАтФАтФАтФАтФАтФАтФАтФАтФАтФАтФАтФАтФАтФАтФАтФАтФАтФАтФАтФАтФАтФАтФАтФАтФАтФАтФАтФАтФАтФАтФАтФАтФА
тФМтФАтФАтФАтФАтФАтФАтФАтФАтФАтФАтФАтФАтФАтФАтФАтФАтФАтФАтФАтФАтФАтФАтФАтФАтФАтФАтФАтФАтФАтФАтФАтФАтФАтФАтФАтФАтФАтФАтФАтФАтФАтФАтФАтФАтФАтФАтФАтФАтФАтФАтФАтФАтФАтФАтФАтФАтФАтФАтФАтФАтФАтФАтФАтФАтФАтФАтФАтФАтФАтФАтФАтФАтФАтФАтФАтФАтФАтФАтФАтФАтФАтФАтФАтФАтФАтФАтФАтФАтФАтФАтФАтФАтФАтФАтФАтФАтФАтФАтФАтФАтФАтФАтФАтФАтФАтФАтФАтФАтФАтФАтФАтФАтФАтФАтФАтФАтФАтФАтФА
тФВ #0   TestService._completeBipolarTest (package:psycho_tests/services/test_service.dart:425:23)
тФВ #1   TestService.completeTest (package:psycho_tests/services/test_service.dart:55:16)
тФЬтФДтФДтФДтФДтФДтФДтФДтФДтФДтФДтФДтФДтФДтФДтФДтФДтФДтФДтФДтФДтФДтФДтФДтФДтФДтФДтФДтФДтФДтФДтФДтФДтФДтФДтФДтФДтФДтФДтФДтФДтФДтФДтФДтФДтФДтФДтФДтФДтФДтФДтФДтФДтФДтФДтФДтФДтФДтФДтФДтФДтФДтФДтФДтФДтФДтФДтФДтФДтФДтФДтФДтФДтФДтФДтФДтФДтФДтФДтФДтФДтФДтФДтФДтФДтФДтФДтФДтФДтФДтФДтФДтФДтФДтФДтФДтФДтФДтФДтФДтФДтФДтФДтФДтФДтФДтФДтФДтФДтФДтФДтФДтФДтФДтФДтФДтФДтФДтФДтФД
тФВ ЁЯРЫ Qq67: targetScale=perceiving, score=5
тФФтФАтФАтФАтФАтФАтФАтФАтФАтФАтФАтФАтФАтФАтФАтФАтФАтФАтФАтФАтФАтФАтФАтФАтФАтФАтФАтФАтФАтФАтФАтФАтФАтФАтФАтФАтФАтФАтФАтФАтФАтФАтФАтФАтФАтФАтФАтФАтФАтФАтФАтФАтФАтФАтФАтФАтФАтФАтФАтФАтФАтФАтФАтФАтФАтФАтФАтФАтФАтФАтФАтФАтФАтФАтФАтФАтФАтФАтФАтФАтФАтФАтФАтФАтФАтФАтФАтФАтФАтФАтФАтФАтФАтФАтФАтФАтФАтФАтФАтФАтФАтФАтФАтФАтФАтФАтФАтФАтФАтФАтФАтФАтФАтФАтФАтФАтФАтФАтФАтФА
тФМтФАтФАтФАтФАтФАтФАтФАтФАтФАтФАтФАтФАтФАтФАтФАтФАтФАтФАтФАтФАтФАтФАтФАтФАтФАтФАтФАтФАтФАтФАтФАтФАтФАтФАтФАтФАтФАтФАтФАтФАтФАтФАтФАтФАтФАтФАтФАтФАтФАтФАтФАтФАтФАтФАтФАтФАтФАтФАтФАтФАтФАтФАтФАтФАтФАтФАтФАтФАтФАтФАтФАтФАтФАтФАтФАтФАтФАтФАтФАтФАтФАтФАтФАтФАтФАтФАтФАтФАтФАтФАтФАтФАтФАтФАтФАтФАтФАтФАтФАтФАтФАтФАтФАтФАтФАтФАтФАтФАтФАтФАтФАтФАтФАтФАтФАтФАтФАтФАтФА
тФВ #0   TestService._completeBipolarTest (package:psycho_tests/services/test_service.dart:425:23)
тФВ #1   TestService.completeTest (package:psycho_tests/services/test_service.dart:55:16)
тФЬтФДтФДтФДтФДтФДтФДтФДтФДтФДтФДтФДтФДтФДтФДтФДтФДтФДтФДтФДтФДтФДтФДтФДтФДтФДтФДтФДтФДтФДтФДтФДтФДтФДтФДтФДтФДтФДтФДтФДтФДтФДтФДтФДтФДтФДтФДтФДтФДтФДтФДтФДтФДтФДтФДтФДтФДтФДтФДтФДтФДтФДтФДтФДтФДтФДтФДтФДтФДтФДтФДтФДтФДтФДтФДтФДтФДтФДтФДтФДтФДтФДтФДтФДтФДтФДтФДтФДтФДтФДтФДтФДтФДтФДтФДтФДтФДтФДтФДтФДтФДтФДтФДтФДтФДтФДтФДтФДтФДтФДтФДтФДтФДтФДтФДтФДтФДтФДтФДтФД
тФВ ЁЯРЫ Qq68: targetScale=perceiving, score=5
тФФтФАтФАтФАтФАтФАтФАтФАтФАтФАтФАтФАтФАтФАтФАтФАтФАтФАтФАтФАтФАтФАтФАтФАтФАтФАтФАтФАтФАтФАтФАтФАтФАтФАтФАтФАтФАтФАтФАтФАтФАтФАтФАтФАтФАтФАтФАтФАтФАтФАтФАтФАтФАтФАтФАтФАтФАтФАтФАтФАтФАтФАтФАтФАтФАтФАтФАтФАтФАтФАтФАтФАтФАтФАтФАтФАтФАтФАтФАтФАтФАтФАтФАтФАтФАтФАтФАтФАтФАтФАтФАтФАтФАтФАтФАтФАтФАтФАтФАтФАтФАтФАтФАтФАтФАтФАтФАтФАтФАтФАтФАтФАтФАтФАтФАтФАтФАтФАтФАтФА
тФМтФАтФАтФАтФАтФАтФАтФАтФАтФАтФАтФАтФАтФАтФАтФАтФАтФАтФАтФАтФАтФАтФАтФАтФАтФАтФАтФАтФАтФАтФАтФАтФАтФАтФАтФАтФАтФАтФАтФАтФАтФАтФАтФАтФАтФАтФАтФАтФАтФАтФАтФАтФАтФАтФАтФАтФАтФАтФАтФАтФАтФАтФАтФАтФАтФАтФАтФАтФАтФАтФАтФАтФАтФАтФАтФАтФАтФАтФАтФАтФАтФАтФАтФАтФАтФАтФАтФАтФАтФАтФАтФАтФАтФАтФАтФАтФАтФАтФАтФАтФАтФАтФАтФАтФАтФАтФАтФАтФАтФАтФАтФАтФАтФАтФАтФАтФАтФАтФАтФА
тФВ #0   TestService._completeBipolarTest (package:psycho_tests/services/test_service.dart:425:23)
тФВ #1   TestService.completeTest (package:psycho_tests/services/test_service.dart:55:16)
тФЬтФДтФДтФДтФДтФДтФДтФДтФДтФДтФДтФДтФДтФДтФДтФДтФДтФДтФДтФДтФДтФДтФДтФДтФДтФДтФДтФДтФДтФДтФДтФДтФДтФДтФДтФДтФДтФДтФДтФДтФДтФДтФДтФДтФДтФДтФДтФДтФДтФДтФДтФДтФДтФДтФДтФДтФДтФДтФДтФДтФДтФДтФДтФДтФДтФДтФДтФДтФДтФДтФДтФДтФДтФДтФДтФДтФДтФДтФДтФДтФДтФДтФДтФДтФДтФДтФДтФДтФДтФДтФДтФДтФДтФДтФДтФДтФДтФДтФДтФДтФДтФДтФДтФДтФДтФДтФДтФДтФДтФДтФДтФДтФДтФДтФДтФДтФДтФДтФДтФД
тФВ ЁЯРЫ Qq69: targetScale=judging, score=5
тФФтФАтФАтФАтФАтФАтФАтФАтФАтФАтФАтФАтФАтФАтФАтФАтФАтФАтФАтФАтФАтФАтФАтФАтФАтФАтФАтФАтФАтФАтФАтФАтФАтФАтФАтФАтФАтФАтФАтФАтФАтФАтФАтФАтФАтФАтФАтФАтФАтФАтФАтФАтФАтФАтФАтФАтФАтФАтФАтФАтФАтФАтФАтФАтФАтФАтФАтФАтФАтФАтФАтФАтФАтФАтФАтФАтФАтФАтФАтФАтФАтФАтФАтФАтФАтФАтФАтФАтФАтФАтФАтФАтФАтФАтФАтФАтФАтФАтФАтФАтФАтФАтФАтФАтФАтФАтФАтФАтФАтФАтФАтФАтФАтФАтФАтФАтФАтФАтФАтФА
тФМтФАтФАтФАтФАтФАтФАтФАтФАтФАтФАтФАтФАтФАтФАтФАтФАтФАтФАтФАтФАтФАтФАтФАтФАтФАтФАтФАтФАтФАтФАтФАтФАтФАтФАтФАтФАтФАтФАтФАтФАтФАтФАтФАтФАтФАтФАтФАтФАтФАтФАтФАтФАтФАтФАтФАтФАтФАтФАтФАтФАтФАтФАтФАтФАтФАтФАтФАтФАтФАтФАтФАтФАтФАтФАтФАтФАтФАтФАтФАтФАтФАтФАтФАтФАтФАтФАтФАтФАтФАтФАтФАтФАтФАтФАтФАтФАтФАтФАтФАтФАтФАтФАтФАтФАтФАтФАтФАтФАтФАтФАтФАтФАтФАтФАтФАтФАтФАтФАтФА
тФВ #0   TestService._completeBipolarTest (package:psycho_tests/services/test_service.dart:425:23)
тФВ #1   TestService.completeTest (package:psycho_tests/services/test_service.dart:55:16)
тФЬтФДтФДтФДтФДтФДтФДтФДтФДтФДтФДтФДтФДтФДтФДтФДтФДтФДтФДтФДтФДтФДтФДтФДтФДтФДтФДтФДтФДтФДтФДтФДтФДтФДтФДтФДтФДтФДтФДтФДтФДтФДтФДтФДтФДтФДтФДтФДтФДтФДтФДтФДтФДтФДтФДтФДтФДтФДтФДтФДтФДтФДтФДтФДтФДтФДтФДтФДтФДтФДтФДтФДтФДтФДтФДтФДтФДтФДтФДтФДтФДтФДтФДтФДтФДтФДтФДтФДтФДтФДтФДтФДтФДтФДтФДтФДтФДтФДтФДтФДтФДтФДтФДтФДтФДтФДтФДтФДтФДтФДтФДтФДтФДтФДтФДтФДтФДтФДтФДтФД
тФВ ЁЯРЫ Qq70: targetScale=perceiving, score=5
тФФтФАтФАтФАтФАтФАтФАтФАтФАтФАтФАтФАтФАтФАтФАтФАтФАтФАтФАтФАтФАтФАтФАтФАтФАтФАтФАтФАтФАтФАтФАтФАтФАтФАтФАтФАтФАтФАтФАтФАтФАтФАтФАтФАтФАтФАтФАтФАтФАтФАтФАтФАтФАтФАтФАтФАтФАтФАтФАтФАтФАтФАтФАтФАтФАтФАтФАтФАтФАтФАтФАтФАтФАтФАтФАтФАтФАтФАтФАтФАтФАтФАтФАтФАтФАтФАтФАтФАтФАтФАтФАтФАтФАтФАтФАтФАтФАтФАтФАтФАтФАтФАтФАтФАтФАтФАтФАтФАтФАтФАтФАтФАтФАтФАтФАтФАтФАтФАтФАтФА
тФМтФАтФАтФАтФАтФАтФАтФАтФАтФАтФАтФАтФАтФАтФАтФАтФАтФАтФАтФАтФАтФАтФАтФАтФАтФАтФАтФАтФАтФАтФАтФАтФАтФАтФАтФАтФАтФАтФАтФАтФАтФАтФАтФАтФАтФАтФАтФАтФАтФАтФАтФАтФАтФАтФАтФАтФАтФАтФАтФАтФАтФАтФАтФАтФАтФАтФАтФАтФАтФАтФАтФАтФАтФАтФАтФАтФАтФАтФАтФАтФАтФАтФАтФАтФАтФАтФАтФАтФАтФАтФАтФАтФАтФАтФАтФАтФАтФАтФАтФАтФАтФАтФАтФАтФАтФАтФАтФАтФАтФАтФАтФАтФАтФАтФАтФАтФАтФАтФАтФА
тФВ #0   TestService._completeBipolarTest (package:psycho_tests/services/test_service.dart:425:23)
тФВ #1   TestService.completeTest (package:psycho_tests/services/test_service.dart:55:16)
тФЬтФДтФДтФДтФДтФДтФДтФДтФДтФДтФДтФДтФДтФДтФДтФДтФДтФДтФДтФДтФДтФДтФДтФДтФДтФДтФДтФДтФДтФДтФДтФДтФДтФДтФДтФДтФДтФДтФДтФДтФДтФДтФДтФДтФДтФДтФДтФДтФДтФДтФДтФДтФДтФДтФДтФДтФДтФДтФДтФДтФДтФДтФДтФДтФДтФДтФДтФДтФДтФДтФДтФДтФДтФДтФДтФДтФДтФДтФДтФДтФДтФДтФДтФДтФДтФДтФДтФДтФДтФДтФДтФДтФДтФДтФДтФДтФДтФДтФДтФДтФДтФДтФДтФДтФДтФДтФДтФДтФДтФДтФДтФДтФДтФДтФДтФДтФДтФДтФДтФД
тФВ ЁЯРЫ Qq71: targetScale=judging, score=5
тФФтФАтФАтФАтФАтФАтФАтФАтФАтФАтФАтФАтФАтФАтФАтФАтФАтФАтФАтФАтФАтФАтФАтФАтФАтФАтФАтФАтФАтФАтФАтФАтФАтФАтФАтФАтФАтФАтФАтФАтФАтФАтФАтФАтФАтФАтФАтФАтФАтФАтФАтФАтФАтФАтФАтФАтФАтФАтФАтФАтФАтФАтФАтФАтФАтФАтФАтФАтФАтФАтФАтФАтФАтФАтФАтФАтФАтФАтФАтФАтФАтФАтФАтФАтФАтФАтФАтФАтФАтФАтФАтФАтФАтФАтФАтФАтФАтФАтФАтФАтФАтФАтФАтФАтФАтФАтФАтФАтФАтФАтФАтФАтФАтФАтФАтФАтФАтФАтФАтФА
тФМтФАтФАтФАтФАтФАтФАтФАтФАтФАтФАтФАтФАтФАтФАтФАтФАтФАтФАтФАтФАтФАтФАтФАтФАтФАтФАтФАтФАтФАтФАтФАтФАтФАтФАтФАтФАтФАтФАтФАтФАтФАтФАтФАтФАтФАтФАтФАтФАтФАтФАтФАтФАтФАтФАтФАтФАтФАтФАтФАтФАтФАтФАтФАтФАтФАтФАтФАтФАтФАтФАтФАтФАтФАтФАтФАтФАтФАтФАтФАтФАтФАтФАтФАтФАтФАтФАтФАтФАтФАтФАтФАтФАтФАтФАтФАтФАтФАтФАтФАтФАтФАтФАтФАтФАтФАтФАтФАтФАтФАтФАтФАтФАтФАтФАтФАтФАтФАтФАтФА
тФВ #0   TestService._completeBipolarTest (package:psycho_tests/services/test_service.dart:425:23)
тФВ #1   TestService.completeTest (package:psycho_tests/services/test_service.dart:55:16)
тФЬтФДтФДтФДтФДтФДтФДтФДтФДтФДтФДтФДтФДтФДтФДтФДтФДтФДтФДтФДтФДтФДтФДтФДтФДтФДтФДтФДтФДтФДтФДтФДтФДтФДтФДтФДтФДтФДтФДтФДтФДтФДтФДтФДтФДтФДтФДтФДтФДтФДтФДтФДтФДтФДтФДтФДтФДтФДтФДтФДтФДтФДтФДтФДтФДтФДтФДтФДтФДтФДтФДтФДтФДтФДтФДтФДтФДтФДтФДтФДтФДтФДтФДтФДтФДтФДтФДтФДтФДтФДтФДтФДтФДтФДтФДтФДтФДтФДтФДтФДтФДтФДтФДтФДтФДтФДтФДтФДтФДтФДтФДтФДтФДтФДтФДтФДтФДтФДтФДтФД
тФВ ЁЯРЫ Qq72: targetScale=perceiving, score=5
тФФтФАтФАтФАтФАтФАтФАтФАтФАтФАтФАтФАтФАтФАтФАтФАтФАтФАтФАтФАтФАтФАтФАтФАтФАтФАтФАтФАтФАтФАтФАтФАтФАтФАтФАтФАтФАтФАтФАтФАтФАтФАтФАтФАтФАтФАтФАтФАтФАтФАтФАтФАтФАтФАтФАтФАтФАтФАтФАтФАтФАтФАтФАтФАтФАтФАтФАтФАтФАтФАтФАтФАтФАтФАтФАтФАтФАтФАтФАтФАтФАтФАтФАтФАтФАтФАтФАтФАтФАтФАтФАтФАтФАтФАтФАтФАтФАтФАтФАтФАтФАтФАтФАтФАтФАтФАтФАтФАтФАтФАтФАтФАтФАтФАтФАтФАтФАтФАтФАтФА
тФМтФАтФАтФАтФАтФАтФАтФАтФАтФАтФАтФАтФАтФАтФАтФАтФАтФАтФАтФАтФАтФАтФАтФАтФАтФАтФАтФАтФАтФАтФАтФАтФАтФАтФАтФАтФАтФАтФАтФАтФАтФАтФАтФАтФАтФАтФАтФАтФАтФАтФАтФАтФАтФАтФАтФАтФАтФАтФАтФАтФАтФАтФАтФАтФАтФАтФАтФАтФАтФАтФАтФАтФАтФАтФАтФАтФАтФАтФАтФАтФАтФАтФАтФАтФАтФАтФАтФАтФАтФАтФАтФАтФАтФАтФАтФАтФАтФАтФАтФАтФАтФАтФАтФАтФАтФАтФАтФАтФАтФАтФАтФАтФАтФАтФАтФАтФАтФАтФАтФА
тФВ #0   TestService._completeBipolarTest (package:psycho_tests/services/test_service.dart:425:23)
тФВ #1   TestService.completeTest (package:psycho_tests/services/test_service.dart:55:16)
тФЬтФДтФДтФДтФДтФДтФДтФДтФДтФДтФДтФДтФДтФДтФДтФДтФДтФДтФДтФДтФДтФДтФДтФДтФДтФДтФДтФДтФДтФДтФДтФДтФДтФДтФДтФДтФДтФДтФДтФДтФДтФДтФДтФДтФДтФДтФДтФДтФДтФДтФДтФДтФДтФДтФДтФДтФДтФДтФДтФДтФДтФДтФДтФДтФДтФДтФДтФДтФДтФДтФДтФДтФДтФДтФДтФДтФДтФДтФДтФДтФДтФДтФДтФДтФДтФДтФДтФДтФДтФДтФДтФДтФДтФДтФДтФДтФДтФДтФДтФДтФДтФДтФДтФДтФДтФДтФДтФДтФДтФДтФДтФДтФДтФДтФДтФДтФДтФДтФДтФД
тФВ ЁЯРЫ Qq73: targetScale=judging, score=5
тФФтФАтФАтФАтФАтФАтФАтФАтФАтФАтФАтФАтФАтФАтФАтФАтФАтФАтФАтФАтФАтФАтФАтФАтФАтФАтФАтФАтФАтФАтФАтФАтФАтФАтФАтФАтФАтФАтФАтФАтФАтФАтФАтФАтФАтФАтФАтФАтФАтФАтФАтФАтФАтФАтФАтФАтФАтФАтФАтФАтФАтФАтФАтФАтФАтФАтФАтФАтФАтФАтФАтФАтФАтФАтФАтФАтФАтФАтФАтФАтФАтФАтФАтФАтФАтФАтФАтФАтФАтФАтФАтФАтФАтФАтФАтФАтФАтФАтФАтФАтФАтФАтФАтФАтФАтФАтФАтФАтФАтФАтФАтФАтФАтФАтФАтФАтФАтФАтФАтФА
тФМтФАтФАтФАтФАтФАтФАтФАтФАтФАтФАтФАтФАтФАтФАтФАтФАтФАтФАтФАтФАтФАтФАтФАтФАтФАтФАтФАтФАтФАтФАтФАтФАтФАтФАтФАтФАтФАтФАтФАтФАтФАтФАтФАтФАтФАтФАтФАтФАтФАтФАтФАтФАтФАтФАтФАтФАтФАтФАтФАтФАтФАтФАтФАтФАтФАтФАтФАтФАтФАтФАтФАтФАтФАтФАтФАтФАтФАтФАтФАтФАтФАтФАтФАтФАтФАтФАтФАтФАтФАтФАтФАтФАтФАтФАтФАтФАтФАтФАтФАтФАтФАтФАтФАтФАтФАтФАтФАтФАтФАтФАтФАтФАтФАтФАтФАтФАтФАтФАтФА
тФВ #0   TestService._completeBipolarTest (package:psycho_tests/services/test_service.dart:425:23)
тФВ #1   TestService.completeTest (package:psycho_tests/services/test_service.dart:55:16)
тФЬтФДтФДтФДтФДтФДтФДтФДтФДтФДтФДтФДтФДтФДтФДтФДтФДтФДтФДтФДтФДтФДтФДтФДтФДтФДтФДтФДтФДтФДтФДтФДтФДтФДтФДтФДтФДтФДтФДтФДтФДтФДтФДтФДтФДтФДтФДтФДтФДтФДтФДтФДтФДтФДтФДтФДтФДтФДтФДтФДтФДтФДтФДтФДтФДтФДтФДтФДтФДтФДтФДтФДтФДтФДтФДтФДтФДтФДтФДтФДтФДтФДтФДтФДтФДтФДтФДтФДтФДтФДтФДтФДтФДтФДтФДтФДтФДтФДтФДтФДтФДтФДтФДтФДтФДтФДтФДтФДтФДтФДтФДтФДтФДтФДтФДтФДтФДтФДтФДтФД
тФВ ЁЯРЫ Qq74: targetScale=perceiving, score=5
тФФтФАтФАтФАтФАтФАтФАтФАтФАтФАтФАтФАтФАтФАтФАтФАтФАтФАтФАтФАтФАтФАтФАтФАтФАтФАтФАтФАтФАтФАтФАтФАтФАтФАтФАтФАтФАтФАтФАтФАтФАтФАтФАтФАтФАтФАтФАтФАтФАтФАтФАтФАтФАтФАтФАтФАтФАтФАтФАтФАтФАтФАтФАтФАтФАтФАтФАтФАтФАтФАтФАтФАтФАтФАтФАтФАтФАтФАтФАтФАтФАтФАтФАтФАтФАтФАтФАтФАтФАтФАтФАтФАтФАтФАтФАтФАтФАтФАтФАтФАтФАтФАтФАтФАтФАтФАтФАтФАтФАтФАтФАтФАтФАтФАтФАтФАтФАтФАтФАтФА
тФМтФАтФАтФАтФАтФАтФАтФАтФАтФАтФАтФАтФАтФАтФАтФАтФАтФАтФАтФАтФАтФАтФАтФАтФАтФАтФАтФАтФАтФАтФАтФАтФАтФАтФАтФАтФАтФАтФАтФАтФАтФАтФАтФАтФАтФАтФАтФАтФАтФАтФАтФАтФАтФАтФАтФАтФАтФАтФАтФАтФАтФАтФАтФАтФАтФАтФАтФАтФАтФАтФАтФАтФАтФАтФАтФАтФАтФАтФАтФАтФАтФАтФАтФАтФАтФАтФАтФАтФАтФАтФАтФАтФАтФАтФАтФАтФАтФАтФАтФАтФАтФАтФАтФАтФАтФАтФАтФАтФАтФАтФАтФАтФАтФАтФАтФАтФАтФАтФАтФА
тФВ #0   TestService._completeBipolarTest (package:psycho_tests/services/test_service.dart:425:23)
тФВ #1   TestService.completeTest (package:psycho_tests/services/test_service.dart:55:16)
тФЬтФДтФДтФДтФДтФДтФДтФДтФДтФДтФДтФДтФДтФДтФДтФДтФДтФДтФДтФДтФДтФДтФДтФДтФДтФДтФДтФДтФДтФДтФДтФДтФДтФДтФДтФДтФДтФДтФДтФДтФДтФДтФДтФДтФДтФДтФДтФДтФДтФДтФДтФДтФДтФДтФДтФДтФДтФДтФДтФДтФДтФДтФДтФДтФДтФДтФДтФДтФДтФДтФДтФДтФДтФДтФДтФДтФДтФДтФДтФДтФДтФДтФДтФДтФДтФДтФДтФДтФДтФДтФДтФДтФДтФДтФДтФДтФДтФДтФДтФДтФДтФДтФДтФДтФДтФДтФДтФДтФДтФДтФДтФДтФДтФДтФДтФДтФДтФДтФДтФД
тФВ ЁЯРЫ Qq75: targetScale=judging, score=5
тФФтФАтФАтФАтФАтФАтФАтФАтФАтФАтФАтФАтФАтФАтФАтФАтФАтФАтФАтФАтФАтФАтФАтФАтФАтФАтФАтФАтФАтФАтФАтФАтФАтФАтФАтФАтФАтФАтФАтФАтФАтФАтФАтФАтФАтФАтФАтФАтФАтФАтФАтФАтФАтФАтФАтФАтФАтФАтФАтФАтФАтФАтФАтФАтФАтФАтФАтФАтФАтФАтФАтФАтФАтФАтФАтФАтФАтФАтФАтФАтФАтФАтФАтФАтФАтФАтФАтФАтФАтФАтФАтФАтФАтФАтФАтФАтФАтФАтФАтФАтФАтФАтФАтФАтФАтФАтФАтФАтФАтФАтФАтФАтФАтФАтФАтФАтФАтФАтФАтФА
тФМтФАтФАтФАтФАтФАтФАтФАтФАтФАтФАтФАтФАтФАтФАтФАтФАтФАтФАтФАтФАтФАтФАтФАтФАтФАтФАтФАтФАтФАтФАтФАтФАтФАтФАтФАтФАтФАтФАтФАтФАтФАтФАтФАтФАтФАтФАтФАтФАтФАтФАтФАтФАтФАтФАтФАтФАтФАтФАтФАтФАтФАтФАтФАтФАтФАтФАтФАтФАтФАтФАтФАтФАтФАтФАтФАтФАтФАтФАтФАтФАтФАтФАтФАтФАтФАтФАтФАтФАтФАтФАтФАтФАтФАтФАтФАтФАтФАтФАтФАтФАтФАтФАтФАтФАтФАтФАтФАтФАтФАтФАтФАтФАтФАтФАтФАтФАтФАтФАтФА
тФВ #0   TestService._completeBipolarTest (package:psycho_tests/services/test_service.dart:425:23)
тФВ #1   TestService.completeTest (package:psycho_tests/services/test_service.dart:55:16)
тФЬтФДтФДтФДтФДтФДтФДтФДтФДтФДтФДтФДтФДтФДтФДтФДтФДтФДтФДтФДтФДтФДтФДтФДтФДтФДтФДтФДтФДтФДтФДтФДтФДтФДтФДтФДтФДтФДтФДтФДтФДтФДтФДтФДтФДтФДтФДтФДтФДтФДтФДтФДтФДтФДтФДтФДтФДтФДтФДтФДтФДтФДтФДтФДтФДтФДтФДтФДтФДтФДтФДтФДтФДтФДтФДтФДтФДтФДтФДтФДтФДтФДтФДтФДтФДтФДтФДтФДтФДтФДтФДтФДтФДтФДтФДтФДтФДтФДтФДтФДтФДтФДтФДтФДтФДтФДтФДтФДтФДтФДтФДтФДтФДтФДтФДтФДтФДтФДтФДтФД
тФВ ЁЯРЫ Qq76: targetScale=perceiving, score=5
тФФтФАтФАтФАтФАтФАтФАтФАтФАтФАтФАтФАтФАтФАтФАтФАтФАтФАтФАтФАтФАтФАтФАтФАтФАтФАтФАтФАтФАтФАтФАтФАтФАтФАтФАтФАтФАтФАтФАтФАтФАтФАтФАтФАтФАтФАтФАтФАтФАтФАтФАтФАтФАтФАтФАтФАтФАтФАтФАтФАтФАтФАтФАтФАтФАтФАтФАтФАтФАтФАтФАтФАтФАтФАтФАтФАтФАтФАтФАтФАтФАтФАтФАтФАтФАтФАтФАтФАтФАтФАтФАтФАтФАтФАтФАтФАтФАтФАтФАтФАтФАтФАтФАтФАтФАтФАтФАтФАтФАтФАтФАтФАтФАтФАтФАтФАтФАтФАтФАтФА
тФМтФАтФАтФАтФАтФАтФАтФАтФАтФАтФАтФАтФАтФАтФАтФАтФАтФАтФАтФАтФАтФАтФАтФАтФАтФАтФАтФАтФАтФАтФАтФАтФАтФАтФАтФАтФАтФАтФАтФАтФАтФАтФАтФАтФАтФАтФАтФАтФАтФАтФАтФАтФАтФАтФАтФАтФАтФАтФАтФАтФАтФАтФАтФАтФАтФАтФАтФАтФАтФАтФАтФАтФАтФАтФАтФАтФАтФАтФАтФАтФАтФАтФАтФАтФАтФАтФАтФАтФАтФАтФАтФАтФАтФАтФАтФАтФАтФАтФАтФАтФАтФАтФАтФАтФАтФАтФАтФАтФАтФАтФАтФАтФАтФАтФАтФАтФАтФАтФАтФА
тФВ #0   TestService._completeBipolarTest (package:psycho_tests/services/test_service.dart:425:23)
тФВ #1   TestService.completeTest (package:psycho_tests/services/test_service.dart:55:16)
тФЬтФДтФДтФДтФДтФДтФДтФДтФДтФДтФДтФДтФДтФДтФДтФДтФДтФДтФДтФДтФДтФДтФДтФДтФДтФДтФДтФДтФДтФДтФДтФДтФДтФДтФДтФДтФДтФДтФДтФДтФДтФДтФДтФДтФДтФДтФДтФДтФДтФДтФДтФДтФДтФДтФДтФДтФДтФДтФДтФДтФДтФДтФДтФДтФДтФДтФДтФДтФДтФДтФДтФДтФДтФДтФДтФДтФДтФДтФДтФДтФДтФДтФДтФДтФДтФДтФДтФДтФДтФДтФДтФДтФДтФДтФДтФДтФДтФДтФДтФДтФДтФДтФДтФДтФДтФДтФДтФДтФДтФДтФДтФДтФДтФДтФДтФДтФДтФДтФДтФД
тФВ ЁЯРЫ Qq77: targetScale=judging, score=5
тФФтФАтФАтФАтФАтФАтФАтФАтФАтФАтФАтФАтФАтФАтФАтФАтФАтФАтФАтФАтФАтФАтФАтФАтФАтФАтФАтФАтФАтФАтФАтФАтФАтФАтФАтФАтФАтФАтФАтФАтФАтФАтФАтФАтФАтФАтФАтФАтФАтФАтФАтФАтФАтФАтФАтФАтФАтФАтФАтФАтФАтФАтФАтФАтФАтФАтФАтФАтФАтФАтФАтФАтФАтФАтФАтФАтФАтФАтФАтФАтФАтФАтФАтФАтФАтФАтФАтФАтФАтФАтФАтФАтФАтФАтФАтФАтФАтФАтФАтФАтФАтФАтФАтФАтФАтФАтФАтФАтФАтФАтФАтФАтФАтФАтФАтФАтФАтФАтФАтФА
тФМтФАтФАтФАтФАтФАтФАтФАтФАтФАтФАтФАтФАтФАтФАтФАтФАтФАтФАтФАтФАтФАтФАтФАтФАтФАтФАтФАтФАтФАтФАтФАтФАтФАтФАтФАтФАтФАтФАтФАтФАтФАтФАтФАтФАтФАтФАтФАтФАтФАтФАтФАтФАтФАтФАтФАтФАтФАтФАтФАтФАтФАтФАтФАтФАтФАтФАтФАтФАтФАтФАтФАтФАтФАтФАтФАтФАтФАтФАтФАтФАтФАтФАтФАтФАтФАтФАтФАтФАтФАтФАтФАтФАтФАтФАтФАтФАтФАтФАтФАтФАтФАтФАтФАтФАтФАтФАтФАтФАтФАтФАтФАтФАтФАтФАтФАтФАтФАтФАтФА
тФВ #0   TestService._completeBipolarTest (package:psycho_tests/services/test_service.dart:425:23)
тФВ #1   TestService.completeTest (package:psycho_tests/services/test_service.dart:55:16)
тФЬтФДтФДтФДтФДтФДтФДтФДтФДтФДтФДтФДтФДтФДтФДтФДтФДтФДтФДтФДтФДтФДтФДтФДтФДтФДтФДтФДтФДтФДтФДтФДтФДтФДтФДтФДтФДтФДтФДтФДтФДтФДтФДтФДтФДтФДтФДтФДтФДтФДтФДтФДтФДтФДтФДтФДтФДтФДтФДтФДтФДтФДтФДтФДтФДтФДтФДтФДтФДтФДтФДтФДтФДтФДтФДтФДтФДтФДтФДтФДтФДтФДтФДтФДтФДтФДтФДтФДтФДтФДтФДтФДтФДтФДтФДтФДтФДтФДтФДтФДтФДтФДтФДтФДтФДтФДтФДтФДтФДтФДтФДтФДтФДтФДтФДтФДтФДтФДтФДтФД
тФВ ЁЯРЫ Qq78: targetScale=perceiving, score=5
тФФтФАтФАтФАтФАтФАтФАтФАтФАтФАтФАтФАтФАтФАтФАтФАтФАтФАтФАтФАтФАтФАтФАтФАтФАтФАтФАтФАтФАтФАтФАтФАтФАтФАтФАтФАтФАтФАтФАтФАтФАтФАтФАтФАтФАтФАтФАтФАтФАтФАтФАтФАтФАтФАтФАтФАтФАтФАтФАтФАтФАтФАтФАтФАтФАтФАтФАтФАтФАтФАтФАтФАтФАтФАтФАтФАтФАтФАтФАтФАтФАтФАтФАтФАтФАтФАтФАтФАтФАтФАтФАтФАтФАтФАтФАтФАтФАтФАтФАтФАтФАтФАтФАтФАтФАтФАтФАтФАтФАтФАтФАтФАтФАтФАтФАтФАтФАтФАтФАтФА
тФМтФАтФАтФАтФАтФАтФАтФАтФАтФАтФАтФАтФАтФАтФАтФАтФАтФАтФАтФАтФАтФАтФАтФАтФАтФАтФАтФАтФАтФАтФАтФАтФАтФАтФАтФАтФАтФАтФАтФАтФАтФАтФАтФАтФАтФАтФАтФАтФАтФАтФАтФАтФАтФАтФАтФАтФАтФАтФАтФАтФАтФАтФАтФАтФАтФАтФАтФАтФАтФАтФАтФАтФАтФАтФАтФАтФАтФАтФАтФАтФАтФАтФАтФАтФАтФАтФАтФАтФАтФАтФАтФАтФАтФАтФАтФАтФАтФАтФАтФАтФАтФАтФАтФАтФАтФАтФАтФАтФАтФАтФАтФАтФАтФАтФАтФАтФАтФАтФАтФА
тФВ #0   TestService._completeBipolarTest (package:psycho_tests/services/test_service.dart:425:23)
тФВ #1   TestService.completeTest (package:psycho_tests/services/test_service.dart:55:16)
тФЬтФДтФДтФДтФДтФДтФДтФДтФДтФДтФДтФДтФДтФДтФДтФДтФДтФДтФДтФДтФДтФДтФДтФДтФДтФДтФДтФДтФДтФДтФДтФДтФДтФДтФДтФДтФДтФДтФДтФДтФДтФДтФДтФДтФДтФДтФДтФДтФДтФДтФДтФДтФДтФДтФДтФДтФДтФДтФДтФДтФДтФДтФДтФДтФДтФДтФДтФДтФДтФДтФДтФДтФДтФДтФДтФДтФДтФДтФДтФДтФДтФДтФДтФДтФДтФДтФДтФДтФДтФДтФДтФДтФДтФДтФДтФДтФДтФДтФДтФДтФДтФДтФДтФДтФДтФДтФДтФДтФДтФДтФДтФДтФДтФДтФДтФДтФДтФДтФДтФД
тФВ ЁЯРЫ Qq79: targetScale=judging, score=5
тФФтФАтФАтФАтФАтФАтФАтФАтФАтФАтФАтФАтФАтФАтФАтФАтФАтФАтФАтФАтФАтФАтФАтФАтФАтФАтФАтФАтФАтФАтФАтФАтФАтФАтФАтФАтФАтФАтФАтФАтФАтФАтФАтФАтФАтФАтФАтФАтФАтФАтФАтФАтФАтФАтФАтФАтФАтФАтФАтФАтФАтФАтФАтФАтФАтФАтФАтФАтФАтФАтФАтФАтФАтФАтФАтФАтФАтФАтФАтФАтФАтФАтФАтФАтФАтФАтФАтФАтФАтФАтФАтФАтФАтФАтФАтФАтФАтФАтФАтФАтФАтФАтФАтФАтФАтФАтФАтФАтФАтФАтФАтФАтФАтФАтФАтФАтФАтФАтФАтФА
тФМтФАтФАтФАтФАтФАтФАтФАтФАтФАтФАтФАтФАтФАтФАтФАтФАтФАтФАтФАтФАтФАтФАтФАтФАтФАтФАтФАтФАтФАтФАтФАтФАтФАтФАтФАтФАтФАтФАтФАтФАтФАтФАтФАтФАтФАтФАтФАтФАтФАтФАтФАтФАтФАтФАтФАтФАтФАтФАтФАтФАтФАтФАтФАтФАтФАтФАтФАтФАтФАтФАтФАтФАтФАтФАтФАтФАтФАтФАтФАтФАтФАтФАтФАтФАтФАтФАтФАтФАтФАтФАтФАтФАтФАтФАтФАтФАтФАтФАтФАтФАтФАтФАтФАтФАтФАтФАтФАтФАтФАтФАтФАтФАтФАтФАтФАтФАтФАтФАтФА
тФВ #0   TestService._completeBipolarTest (package:psycho_tests/services/test_service.dart:425:23)
тФВ #1   TestService.completeTest (package:psycho_tests/services/test_service.dart:55:16)
тФЬтФДтФДтФДтФДтФДтФДтФДтФДтФДтФДтФДтФДтФДтФДтФДтФДтФДтФДтФДтФДтФДтФДтФДтФДтФДтФДтФДтФДтФДтФДтФДтФДтФДтФДтФДтФДтФДтФДтФДтФДтФДтФДтФДтФДтФДтФДтФДтФДтФДтФДтФДтФДтФДтФДтФДтФДтФДтФДтФДтФДтФДтФДтФДтФДтФДтФДтФДтФДтФДтФДтФДтФДтФДтФДтФДтФДтФДтФДтФДтФДтФДтФДтФДтФДтФДтФДтФДтФДтФДтФДтФДтФДтФДтФДтФДтФДтФДтФДтФДтФДтФДтФДтФДтФДтФДтФДтФДтФДтФДтФДтФДтФДтФДтФДтФДтФДтФДтФДтФД
тФВ ЁЯРЫ Qq80: targetScale=perceiving, score=5
тФФтФАтФАтФАтФАтФАтФАтФАтФАтФАтФАтФАтФАтФАтФАтФАтФАтФАтФАтФАтФАтФАтФАтФАтФАтФАтФАтФАтФАтФАтФАтФАтФАтФАтФАтФАтФАтФАтФАтФАтФАтФАтФАтФАтФАтФАтФАтФАтФАтФАтФАтФАтФАтФАтФАтФАтФАтФАтФАтФАтФАтФАтФАтФАтФАтФАтФАтФАтФАтФАтФАтФАтФАтФАтФАтФАтФАтФАтФАтФАтФАтФАтФАтФАтФАтФАтФАтФАтФАтФАтФАтФАтФАтФАтФАтФАтФАтФАтФАтФАтФАтФАтФАтФАтФАтФАтФАтФАтФАтФАтФАтФАтФАтФАтФАтФАтФАтФАтФАтФА
тФМтФАтФАтФАтФАтФАтФАтФАтФАтФАтФАтФАтФАтФАтФАтФАтФАтФАтФАтФАтФАтФАтФАтФАтФАтФАтФАтФАтФАтФАтФАтФАтФАтФАтФАтФАтФАтФАтФАтФАтФАтФАтФАтФАтФАтФАтФАтФАтФАтФАтФАтФАтФАтФАтФАтФАтФАтФАтФАтФАтФАтФАтФАтФАтФАтФАтФАтФАтФАтФАтФАтФАтФАтФАтФАтФАтФАтФАтФАтФАтФАтФАтФАтФАтФАтФАтФАтФАтФАтФАтФАтФАтФАтФАтФАтФАтФАтФАтФАтФАтФАтФАтФАтФАтФАтФАтФАтФАтФАтФАтФАтФАтФАтФАтФАтФАтФАтФАтФАтФА
тФВ #0   TestService._completeBipolarTest (package:psycho_tests/services/test_service.dart:465:15)
тФВ #1   TestService.completeTest (package:psycho_tests/services/test_service.dart:55:16)
тФЬтФДтФДтФДтФДтФДтФДтФДтФДтФДтФДтФДтФДтФДтФДтФДтФДтФДтФДтФДтФДтФДтФДтФДтФДтФДтФДтФДтФДтФДтФДтФДтФДтФДтФДтФДтФДтФДтФДтФДтФДтФДтФДтФДтФДтФДтФДтФДтФДтФДтФДтФДтФДтФДтФДтФДтФДтФДтФДтФДтФДтФДтФДтФДтФДтФДтФДтФДтФДтФДтФДтФДтФДтФДтФДтФДтФДтФДтФДтФДтФДтФДтФДтФДтФДтФДтФДтФДтФДтФДтФДтФДтФДтФДтФДтФДтФДтФДтФДтФДтФДтФДтФДтФДтФДтФДтФДтФДтФДтФДтФДтФДтФДтФДтФДтФДтФДтФДтФДтФД
тФВ ЁЯРЫ End of loop. Processed questions: 80
тФФтФАтФАтФАтФАтФАтФАтФАтФАтФАтФАтФАтФАтФАтФАтФАтФАтФАтФАтФАтФАтФАтФАтФАтФАтФАтФАтФАтФАтФАтФАтФАтФАтФАтФАтФАтФАтФАтФАтФАтФАтФАтФАтФАтФАтФАтФАтФАтФАтФАтФАтФАтФАтФАтФАтФАтФАтФАтФАтФАтФАтФАтФАтФАтФАтФАтФАтФАтФАтФАтФАтФАтФАтФАтФАтФАтФАтФАтФАтФАтФАтФАтФАтФАтФАтФАтФАтФАтФАтФАтФАтФАтФАтФАтФАтФАтФАтФАтФАтФАтФАтФАтФАтФАтФАтФАтФАтФАтФАтФАтФАтФАтФАтФАтФАтФАтФАтФАтФАтФА
тФМтФАтФАтФАтФАтФАтФАтФАтФАтФАтФАтФАтФАтФАтФАтФАтФАтФАтФАтФАтФАтФАтФАтФАтФАтФАтФАтФАтФАтФАтФАтФАтФАтФАтФАтФАтФАтФАтФАтФАтФАтФАтФАтФАтФАтФАтФАтФАтФАтФАтФАтФАтФАтФАтФАтФАтФАтФАтФАтФАтФАтФАтФАтФАтФАтФАтФАтФАтФАтФАтФАтФАтФАтФАтФАтФАтФАтФАтФАтФАтФАтФАтФАтФАтФАтФАтФАтФАтФАтФАтФАтФАтФАтФАтФАтФАтФАтФАтФАтФАтФАтФАтФАтФАтФАтФАтФАтФАтФАтФАтФАтФАтФАтФАтФАтФАтФАтФАтФАтФА
тФВ #0   TestService._completeBipolarTest (package:psycho_tests/services/test_service.dart:466:15)
тФВ #1   TestService.completeTest (package:psycho_tests/services/test_service.dart:55:16)
тФЬтФДтФДтФДтФДтФДтФДтФДтФДтФДтФДтФДтФДтФДтФДтФДтФДтФДтФДтФДтФДтФДтФДтФДтФДтФДтФДтФДтФДтФДтФДтФДтФДтФДтФДтФДтФДтФДтФДтФДтФДтФДтФДтФДтФДтФДтФДтФДтФДтФДтФДтФДтФДтФДтФДтФДтФДтФДтФДтФДтФДтФДтФДтФДтФДтФДтФДтФДтФДтФДтФДтФДтФДтФДтФДтФДтФДтФДтФДтФДтФДтФДтФДтФДтФДтФДтФДтФДтФДтФДтФДтФДтФДтФДтФДтФДтФДтФДтФДтФДтФДтФДтФДтФДтФДтФДтФДтФДтФДтФДтФДтФДтФДтФДтФДтФДтФДтФДтФДтФД
тФВ ЁЯРЫ Skipped questions: 0
тФФтФАтФАтФАтФАтФАтФАтФАтФАтФАтФАтФАтФАтФАтФАтФАтФАтФАтФАтФАтФАтФАтФАтФАтФАтФАтФАтФАтФАтФАтФАтФАтФАтФАтФАтФАтФАтФАтФАтФАтФАтФАтФАтФАтФАтФАтФАтФАтФАтФАтФАтФАтФАтФАтФАтФАтФАтФАтФАтФАтФАтФАтФАтФАтФАтФАтФАтФАтФАтФАтФАтФАтФАтФАтФАтФАтФАтФАтФАтФАтФАтФАтФАтФАтФАтФАтФАтФАтФАтФАтФАтФАтФАтФАтФАтФАтФАтФАтФАтФАтФАтФАтФАтФАтФАтФАтФАтФАтФАтФАтФАтФАтФАтФАтФАтФАтФАтФАтФАтФА
тФМтФАтФАтФАтФАтФАтФАтФАтФАтФАтФАтФАтФАтФАтФАтФАтФАтФАтФАтФАтФАтФАтФАтФАтФАтФАтФАтФАтФАтФАтФАтФАтФАтФАтФАтФАтФАтФАтФАтФАтФАтФАтФАтФАтФАтФАтФАтФАтФАтФАтФАтФАтФАтФАтФАтФАтФАтФАтФАтФАтФАтФАтФАтФАтФАтФАтФАтФАтФАтФАтФАтФАтФАтФАтФАтФАтФАтФАтФАтФАтФАтФАтФАтФАтФАтФАтФАтФАтФАтФАтФАтФАтФАтФАтФАтФАтФАтФАтФАтФАтФАтФАтФАтФАтФАтФАтФАтФАтФАтФАтФАтФАтФАтФАтФАтФАтФАтФАтФАтФА
тФВ #0   TestService._completeBipolarTest (package:psycho_tests/services/test_service.dart:467:15)
тФВ #1   TestService.completeTest (package:psycho_tests/services/test_service.dart:55:16)
тФЬтФДтФДтФДтФДтФДтФДтФДтФДтФДтФДтФДтФДтФДтФДтФДтФДтФДтФДтФДтФДтФДтФДтФДтФДтФДтФДтФДтФДтФДтФДтФДтФДтФДтФДтФДтФДтФДтФДтФДтФДтФДтФДтФДтФДтФДтФДтФДтФДтФДтФДтФДтФДтФДтФДтФДтФДтФДтФДтФДтФДтФДтФДтФДтФДтФДтФДтФДтФДтФДтФДтФДтФДтФДтФДтФДтФДтФДтФДтФДтФДтФДтФДтФДтФДтФДтФДтФДтФДтФДтФДтФДтФДтФДтФДтФДтФДтФДтФДтФДтФДтФДтФДтФДтФДтФДтФДтФДтФДтФДтФДтФДтФДтФДтФДтФДтФДтФДтФДтФД
тФВ ЁЯРЫ Answered questions: 80
тФФтФАтФАтФАтФАтФАтФАтФАтФАтФАтФАтФАтФАтФАтФАтФАтФАтФАтФАтФАтФАтФАтФАтФАтФАтФАтФАтФАтФАтФАтФАтФАтФАтФАтФАтФАтФАтФАтФАтФАтФАтФАтФАтФАтФАтФАтФАтФАтФАтФАтФАтФАтФАтФАтФАтФАтФАтФАтФАтФАтФАтФАтФАтФАтФАтФАтФАтФАтФАтФАтФАтФАтФАтФАтФАтФАтФАтФАтФАтФАтФАтФАтФАтФАтФАтФАтФАтФАтФАтФАтФАтФАтФАтФАтФАтФАтФАтФАтФАтФАтФАтФАтФАтФАтФАтФАтФАтФАтФАтФАтФАтФАтФАтФАтФАтФАтФАтФАтФАтФА
тФМтФАтФАтФАтФАтФАтФАтФАтФАтФАтФАтФАтФАтФАтФАтФАтФАтФАтФАтФАтФАтФАтФАтФАтФАтФАтФАтФАтФАтФАтФАтФАтФАтФАтФАтФАтФАтФАтФАтФАтФАтФАтФАтФАтФАтФАтФАтФАтФАтФАтФАтФАтФАтФАтФАтФАтФАтФАтФАтФАтФАтФАтФАтФАтФАтФАтФАтФАтФАтФАтФАтФАтФАтФАтФАтФАтФАтФАтФАтФАтФАтФАтФАтФАтФАтФАтФАтФАтФАтФАтФАтФАтФАтФАтФАтФАтФАтФАтФАтФАтФАтФАтФАтФАтФАтФАтФАтФАтФАтФАтФАтФАтФАтФАтФАтФАтФАтФАтФАтФА
тФВ #0   TestService._completeBipolarTest (package:psycho_tests/services/test_service.dart:468:15)
тФВ #1   TestService.completeTest (package:psycho_tests/services/test_service.dart:55:16)
тФЬтФДтФДтФДтФДтФДтФДтФДтФДтФДтФДтФДтФДтФДтФДтФДтФДтФДтФДтФДтФДтФДтФДтФДтФДтФДтФДтФДтФДтФДтФДтФДтФДтФДтФДтФДтФДтФДтФДтФДтФДтФДтФДтФДтФДтФДтФДтФДтФДтФДтФДтФДтФДтФДтФДтФДтФДтФДтФДтФДтФДтФДтФДтФДтФДтФДтФДтФДтФДтФДтФДтФДтФДтФДтФДтФДтФДтФДтФДтФДтФДтФДтФДтФДтФДтФДтФДтФДтФДтФДтФДтФДтФДтФДтФДтФДтФДтФДтФДтФДтФДтФДтФДтФДтФДтФДтФДтФДтФДтФДтФДтФДтФДтФДтФДтФДтФДтФДтФДтФД
тФВ ЁЯРЫ Raw scale scores: {extraversion: 50, introversion: 50, sensing: 55, intuition: 45, thinking: 50, feeling: 50, judging: 50, perceiving: 50}
тФФтФАтФАтФАтФАтФАтФАтФАтФАтФАтФАтФАтФАтФАтФАтФАтФАтФАтФАтФАтФАтФАтФАтФАтФАтФАтФАтФАтФАтФАтФАтФАтФАтФАтФАтФАтФАтФАтФАтФАтФАтФАтФАтФАтФАтФАтФАтФАтФАтФАтФАтФАтФАтФАтФАтФАтФАтФАтФАтФАтФАтФАтФАтФАтФАтФАтФАтФАтФАтФАтФАтФАтФАтФАтФАтФАтФАтФАтФАтФАтФАтФАтФАтФАтФАтФАтФАтФАтФАтФАтФАтФАтФАтФАтФАтФАтФАтФАтФАтФАтФАтФАтФАтФАтФАтФАтФАтФАтФАтФАтФАтФАтФАтФАтФАтФАтФАтФАтФАтФА
тФМтФАтФАтФАтФАтФАтФАтФАтФАтФАтФАтФАтФАтФАтФАтФАтФАтФАтФАтФАтФАтФАтФАтФАтФАтФАтФАтФАтФАтФАтФАтФАтФАтФАтФАтФАтФАтФАтФАтФАтФАтФАтФАтФАтФАтФАтФАтФАтФАтФАтФАтФАтФАтФАтФАтФАтФАтФАтФАтФАтФАтФАтФАтФАтФАтФАтФАтФАтФАтФАтФАтФАтФАтФАтФАтФАтФАтФАтФАтФАтФАтФАтФАтФАтФАтФАтФАтФАтФАтФАтФАтФАтФАтФАтФАтФАтФАтФАтФАтФАтФАтФАтФАтФАтФАтФАтФАтФАтФАтФАтФАтФАтФАтФАтФАтФАтФАтФАтФАтФА
тФВ #0   TestService._completeBipolarTest (package:psycho_tests/services/test_service.dart:482:17)
тФВ #1   TestService.completeTest (package:psycho_tests/services/test_service.dart:55:16)
тФЬтФДтФДтФДтФДтФДтФДтФДтФДтФДтФДтФДтФДтФДтФДтФДтФДтФДтФДтФДтФДтФДтФДтФДтФДтФДтФДтФДтФДтФДтФДтФДтФДтФДтФДтФДтФДтФДтФДтФДтФДтФДтФДтФДтФДтФДтФДтФДтФДтФДтФДтФДтФДтФДтФДтФДтФДтФДтФДтФДтФДтФДтФДтФДтФДтФДтФДтФДтФДтФДтФДтФДтФДтФДтФДтФДтФДтФДтФДтФДтФДтФДтФДтФДтФДтФДтФДтФДтФДтФДтФДтФДтФДтФДтФДтФДтФДтФДтФДтФДтФДтФДтФДтФДтФДтФДтФДтФДтФДтФДтФДтФДтФДтФДтФДтФДтФДтФДтФДтФД
тФВ ЁЯРЫ Scale extraversion: 50/50 = 100.0%
тФФтФАтФАтФАтФАтФАтФАтФАтФАтФАтФАтФАтФАтФАтФАтФАтФАтФАтФАтФАтФАтФАтФАтФАтФАтФАтФАтФАтФАтФАтФАтФАтФАтФАтФАтФАтФАтФАтФАтФАтФАтФАтФАтФАтФАтФАтФАтФАтФАтФАтФАтФАтФАтФАтФАтФАтФАтФАтФАтФАтФАтФАтФАтФАтФАтФАтФАтФАтФАтФАтФАтФАтФАтФАтФАтФАтФАтФАтФАтФАтФАтФАтФАтФАтФАтФАтФАтФАтФАтФАтФАтФАтФАтФАтФАтФАтФАтФАтФАтФАтФАтФАтФАтФАтФАтФАтФАтФАтФАтФАтФАтФАтФАтФАтФАтФАтФАтФАтФАтФА
тФМтФАтФАтФАтФАтФАтФАтФАтФАтФАтФАтФАтФАтФАтФАтФАтФАтФАтФАтФАтФАтФАтФАтФАтФАтФАтФАтФАтФАтФАтФАтФАтФАтФАтФАтФАтФАтФАтФАтФАтФАтФАтФАтФАтФАтФАтФАтФАтФАтФАтФАтФАтФАтФАтФАтФАтФАтФАтФАтФАтФАтФАтФАтФАтФАтФАтФАтФАтФАтФАтФАтФАтФАтФАтФАтФАтФАтФАтФАтФАтФАтФАтФАтФАтФАтФАтФАтФАтФАтФАтФАтФАтФАтФАтФАтФАтФАтФАтФАтФАтФАтФАтФАтФАтФАтФАтФАтФАтФАтФАтФАтФАтФАтФАтФАтФАтФАтФАтФАтФА
тФВ #0   TestService._completeBipolarTest (package:psycho_tests/services/test_service.dart:482:17)
тФВ #1   TestService.completeTest (package:psycho_tests/services/test_service.dart:55:16)
тФЬтФДтФДтФДтФДтФДтФДтФДтФДтФДтФДтФДтФДтФДтФДтФДтФДтФДтФДтФДтФДтФДтФДтФДтФДтФДтФДтФДтФДтФДтФДтФДтФДтФДтФДтФДтФДтФДтФДтФДтФДтФДтФДтФДтФДтФДтФДтФДтФДтФДтФДтФДтФДтФДтФДтФДтФДтФДтФДтФДтФДтФДтФДтФДтФДтФДтФДтФДтФДтФДтФДтФДтФДтФДтФДтФДтФДтФДтФДтФДтФДтФДтФДтФДтФДтФДтФДтФДтФДтФДтФДтФДтФДтФДтФДтФДтФДтФДтФДтФДтФДтФДтФДтФДтФДтФДтФДтФДтФДтФДтФДтФДтФДтФДтФДтФДтФДтФДтФДтФД
тФВ ЁЯРЫ Scale introversion: 50/50 = 100.0%
тФФтФАтФАтФАтФАтФАтФАтФАтФАтФАтФАтФАтФАтФАтФАтФАтФАтФАтФАтФАтФАтФАтФАтФАтФАтФАтФАтФАтФАтФАтФАтФАтФАтФАтФАтФАтФАтФАтФАтФАтФАтФАтФАтФАтФАтФАтФАтФАтФАтФАтФАтФАтФАтФАтФАтФАтФАтФАтФАтФАтФАтФАтФАтФАтФАтФАтФАтФАтФАтФАтФАтФАтФАтФАтФАтФАтФАтФАтФАтФАтФАтФАтФАтФАтФАтФАтФАтФАтФАтФАтФАтФАтФАтФАтФАтФАтФАтФАтФАтФАтФАтФАтФАтФАтФАтФАтФАтФАтФАтФАтФАтФАтФАтФАтФАтФАтФАтФАтФАтФА
тФМтФАтФАтФАтФАтФАтФАтФАтФАтФАтФАтФАтФАтФАтФАтФАтФАтФАтФАтФАтФАтФАтФАтФАтФАтФАтФАтФАтФАтФАтФАтФАтФАтФАтФАтФАтФАтФАтФАтФАтФАтФАтФАтФАтФАтФАтФАтФАтФАтФАтФАтФАтФАтФАтФАтФАтФАтФАтФАтФАтФАтФАтФАтФАтФАтФАтФАтФАтФАтФАтФАтФАтФАтФАтФАтФАтФАтФАтФАтФАтФАтФАтФАтФАтФАтФАтФАтФАтФАтФАтФАтФАтФАтФАтФАтФАтФАтФАтФАтФАтФАтФАтФАтФАтФАтФАтФАтФАтФАтФАтФАтФАтФАтФАтФАтФАтФАтФАтФАтФА
тФВ #0   TestService._completeBipolarTest (package:psycho_tests/services/test_service.dart:482:17)
тФВ #1   TestService.completeTest (package:psycho_tests/services/test_service.dart:55:16)
тФЬтФДтФДтФДтФДтФДтФДтФДтФДтФДтФДтФДтФДтФДтФДтФДтФДтФДтФДтФДтФДтФДтФДтФДтФДтФДтФДтФДтФДтФДтФДтФДтФДтФДтФДтФДтФДтФДтФДтФДтФДтФДтФДтФДтФДтФДтФДтФДтФДтФДтФДтФДтФДтФДтФДтФДтФДтФДтФДтФДтФДтФДтФДтФДтФДтФДтФДтФДтФДтФДтФДтФДтФДтФДтФДтФДтФДтФДтФДтФДтФДтФДтФДтФДтФДтФДтФДтФДтФДтФДтФДтФДтФДтФДтФДтФДтФДтФДтФДтФДтФДтФДтФДтФДтФДтФДтФДтФДтФДтФДтФДтФДтФДтФДтФДтФДтФДтФДтФДтФД
тФВ ЁЯРЫ Scale sensing: 55/55 = 100.0%
тФФтФАтФАтФАтФАтФАтФАтФАтФАтФАтФАтФАтФАтФАтФАтФАтФАтФАтФАтФАтФАтФАтФАтФАтФАтФАтФАтФАтФАтФАтФАтФАтФАтФАтФАтФАтФАтФАтФАтФАтФАтФАтФАтФАтФАтФАтФАтФАтФАтФАтФАтФАтФАтФАтФАтФАтФАтФАтФАтФАтФАтФАтФАтФАтФАтФАтФАтФАтФАтФАтФАтФАтФАтФАтФАтФАтФАтФАтФАтФАтФАтФАтФАтФАтФАтФАтФАтФАтФАтФАтФАтФАтФАтФАтФАтФАтФАтФАтФАтФАтФАтФАтФАтФАтФАтФАтФАтФАтФАтФАтФАтФАтФАтФАтФАтФАтФАтФАтФАтФА
тФМтФАтФАтФАтФАтФАтФАтФАтФАтФАтФАтФАтФАтФАтФАтФАтФАтФАтФАтФАтФАтФАтФАтФАтФАтФАтФАтФАтФАтФАтФАтФАтФАтФАтФАтФАтФАтФАтФАтФАтФАтФАтФАтФАтФАтФАтФАтФАтФАтФАтФАтФАтФАтФАтФАтФАтФАтФАтФАтФАтФАтФАтФАтФАтФАтФАтФАтФАтФАтФАтФАтФАтФАтФАтФАтФАтФАтФАтФАтФАтФАтФАтФАтФАтФАтФАтФАтФАтФАтФАтФАтФАтФАтФАтФАтФАтФАтФАтФАтФАтФАтФАтФАтФАтФАтФАтФАтФАтФАтФАтФАтФАтФАтФАтФАтФАтФАтФАтФАтФА
тФВ #0   TestService._completeBipolarTest (package:psycho_tests/services/test_service.dart:482:17)
тФВ #1   TestService.completeTest (package:psycho_tests/services/test_service.dart:55:16)
тФЬтФДтФДтФДтФДтФДтФДтФДтФДтФДтФДтФДтФДтФДтФДтФДтФДтФДтФДтФДтФДтФДтФДтФДтФДтФДтФДтФДтФДтФДтФДтФДтФДтФДтФДтФДтФДтФДтФДтФДтФДтФДтФДтФДтФДтФДтФДтФДтФДтФДтФДтФДтФДтФДтФДтФДтФДтФДтФДтФДтФДтФДтФДтФДтФДтФДтФДтФДтФДтФДтФДтФДтФДтФДтФДтФДтФДтФДтФДтФДтФДтФДтФДтФДтФДтФДтФДтФДтФДтФДтФДтФДтФДтФДтФДтФДтФДтФДтФДтФДтФДтФДтФДтФДтФДтФДтФДтФДтФДтФДтФДтФДтФДтФДтФДтФДтФДтФДтФДтФД
тФВ ЁЯРЫ Scale intuition: 45/45 = 100.0%
тФФтФАтФАтФАтФАтФАтФАтФАтФАтФАтФАтФАтФАтФАтФАтФАтФАтФАтФАтФАтФАтФАтФАтФАтФАтФАтФАтФАтФАтФАтФАтФАтФАтФАтФАтФАтФАтФАтФАтФАтФАтФАтФАтФАтФАтФАтФАтФАтФАтФАтФАтФАтФАтФАтФАтФАтФАтФАтФАтФАтФАтФАтФАтФАтФАтФАтФАтФАтФАтФАтФАтФАтФАтФАтФАтФАтФАтФАтФАтФАтФАтФАтФАтФАтФАтФАтФАтФАтФАтФАтФАтФАтФАтФАтФАтФАтФАтФАтФАтФАтФАтФАтФАтФАтФАтФАтФАтФАтФАтФАтФАтФАтФАтФАтФАтФАтФАтФАтФАтФА
тФМтФАтФАтФАтФАтФАтФАтФАтФАтФАтФАтФАтФАтФАтФАтФАтФАтФАтФАтФАтФАтФАтФАтФАтФАтФАтФАтФАтФАтФАтФАтФАтФАтФАтФАтФАтФАтФАтФАтФАтФАтФАтФАтФАтФАтФАтФАтФАтФАтФАтФАтФАтФАтФАтФАтФАтФАтФАтФАтФАтФАтФАтФАтФАтФАтФАтФАтФАтФАтФАтФАтФАтФАтФАтФАтФАтФАтФАтФАтФАтФАтФАтФАтФАтФАтФАтФАтФАтФАтФАтФАтФАтФАтФАтФАтФАтФАтФАтФАтФАтФАтФАтФАтФАтФАтФАтФАтФАтФАтФАтФАтФАтФАтФАтФАтФАтФАтФАтФАтФА
тФВ #0   TestService._completeBipolarTest (package:psycho_tests/services/test_service.dart:482:17)
тФВ #1   TestService.completeTest (package:psycho_tests/services/test_service.dart:55:16)
тФЬтФДтФДтФДтФДтФДтФДтФДтФДтФДтФДтФДтФДтФДтФДтФДтФДтФДтФДтФДтФДтФДтФДтФДтФДтФДтФДтФДтФДтФДтФДтФДтФДтФДтФДтФДтФДтФДтФДтФДтФДтФДтФДтФДтФДтФДтФДтФДтФДтФДтФДтФДтФДтФДтФДтФДтФДтФДтФДтФДтФДтФДтФДтФДтФДтФДтФДтФДтФДтФДтФДтФДтФДтФДтФДтФДтФДтФДтФДтФДтФДтФДтФДтФДтФДтФДтФДтФДтФДтФДтФДтФДтФДтФДтФДтФДтФДтФДтФДтФДтФДтФДтФДтФДтФДтФДтФДтФДтФДтФДтФДтФДтФДтФДтФДтФДтФДтФДтФДтФД
тФВ ЁЯРЫ Scale thinking: 50/50 = 100.0%
тФФтФАтФАтФАтФАтФАтФАтФАтФАтФАтФАтФАтФАтФАтФАтФАтФАтФАтФАтФАтФАтФАтФАтФАтФАтФАтФАтФАтФАтФАтФАтФАтФАтФАтФАтФАтФАтФАтФАтФАтФАтФАтФАтФАтФАтФАтФАтФАтФАтФАтФАтФАтФАтФАтФАтФАтФАтФАтФАтФАтФАтФАтФАтФАтФАтФАтФАтФАтФАтФАтФАтФАтФАтФАтФАтФАтФАтФАтФАтФАтФАтФАтФАтФАтФАтФАтФАтФАтФАтФАтФАтФАтФАтФАтФАтФАтФАтФАтФАтФАтФАтФАтФАтФАтФАтФАтФАтФАтФАтФАтФАтФАтФАтФАтФАтФАтФАтФАтФАтФА
тФМтФАтФАтФАтФАтФАтФАтФАтФАтФАтФАтФАтФАтФАтФАтФАтФАтФАтФАтФАтФАтФАтФАтФАтФАтФАтФАтФАтФАтФАтФАтФАтФАтФАтФАтФАтФАтФАтФАтФАтФАтФАтФАтФАтФАтФАтФАтФАтФАтФАтФАтФАтФАтФАтФАтФАтФАтФАтФАтФАтФАтФАтФАтФАтФАтФАтФАтФАтФАтФАтФАтФАтФАтФАтФАтФАтФАтФАтФАтФАтФАтФАтФАтФАтФАтФАтФАтФАтФАтФАтФАтФАтФАтФАтФАтФАтФАтФАтФАтФАтФАтФАтФАтФАтФАтФАтФАтФАтФАтФАтФАтФАтФАтФАтФАтФАтФАтФАтФАтФА
тФВ #0   TestService._completeBipolarTest (package:psycho_tests/services/test_service.dart:482:17)
тФВ #1   TestService.completeTest (package:psycho_tests/services/test_service.dart:55:16)
тФЬтФДтФДтФДтФДтФДтФДтФДтФДтФДтФДтФДтФДтФДтФДтФДтФДтФДтФДтФДтФДтФДтФДтФДтФДтФДтФДтФДтФДтФДтФДтФДтФДтФДтФДтФДтФДтФДтФДтФДтФДтФДтФДтФДтФДтФДтФДтФДтФДтФДтФДтФДтФДтФДтФДтФДтФДтФДтФДтФДтФДтФДтФДтФДтФДтФДтФДтФДтФДтФДтФДтФДтФДтФДтФДтФДтФДтФДтФДтФДтФДтФДтФДтФДтФДтФДтФДтФДтФДтФДтФДтФДтФДтФДтФДтФДтФДтФДтФДтФДтФДтФДтФДтФДтФДтФДтФДтФДтФДтФДтФДтФДтФДтФДтФДтФДтФДтФДтФДтФД
тФВ ЁЯРЫ Scale feeling: 50/50 = 100.0%
тФФтФАтФАтФАтФАтФАтФАтФАтФАтФАтФАтФАтФАтФАтФАтФАтФАтФАтФАтФАтФАтФАтФАтФАтФАтФАтФАтФАтФАтФАтФАтФАтФАтФАтФАтФАтФАтФАтФАтФАтФАтФАтФАтФАтФАтФАтФАтФАтФАтФАтФАтФАтФАтФАтФАтФАтФАтФАтФАтФАтФАтФАтФАтФАтФАтФАтФАтФАтФАтФАтФАтФАтФАтФАтФАтФАтФАтФАтФАтФАтФАтФАтФАтФАтФАтФАтФАтФАтФАтФАтФАтФАтФАтФАтФАтФАтФАтФАтФАтФАтФАтФАтФАтФАтФАтФАтФАтФАтФАтФАтФАтФАтФАтФАтФАтФАтФАтФАтФАтФА
тФМтФАтФАтФАтФАтФАтФАтФАтФАтФАтФАтФАтФАтФАтФАтФАтФАтФАтФАтФАтФАтФАтФАтФАтФАтФАтФАтФАтФАтФАтФАтФАтФАтФАтФАтФАтФАтФАтФАтФАтФАтФАтФАтФАтФАтФАтФАтФАтФАтФАтФАтФАтФАтФАтФАтФАтФАтФАтФАтФАтФАтФАтФАтФАтФАтФАтФАтФАтФАтФАтФАтФАтФАтФАтФАтФАтФАтФАтФАтФАтФАтФАтФАтФАтФАтФАтФАтФАтФАтФАтФАтФАтФАтФАтФАтФАтФАтФАтФАтФАтФАтФАтФАтФАтФАтФАтФАтФАтФАтФАтФАтФАтФАтФАтФАтФАтФАтФАтФАтФА
тФВ #0   TestService._completeBipolarTest (package:psycho_tests/services/test_service.dart:482:17)
тФВ #1   TestService.completeTest (package:psycho_tests/services/test_service.dart:55:16)
тФЬтФДтФДтФДтФДтФДтФДтФДтФДтФДтФДтФДтФДтФДтФДтФДтФДтФДтФДтФДтФДтФДтФДтФДтФДтФДтФДтФДтФДтФДтФДтФДтФДтФДтФДтФДтФДтФДтФДтФДтФДтФДтФДтФДтФДтФДтФДтФДтФДтФДтФДтФДтФДтФДтФДтФДтФДтФДтФДтФДтФДтФДтФДтФДтФДтФДтФДтФДтФДтФДтФДтФДтФДтФДтФДтФДтФДтФДтФДтФДтФДтФДтФДтФДтФДтФДтФДтФДтФДтФДтФДтФДтФДтФДтФДтФДтФДтФДтФДтФДтФДтФДтФДтФДтФДтФДтФДтФДтФДтФДтФДтФДтФДтФДтФДтФДтФДтФДтФДтФД
тФВ ЁЯРЫ Scale judging: 50/50 = 100.0%
тФФтФАтФАтФАтФАтФАтФАтФАтФАтФАтФАтФАтФАтФАтФАтФАтФАтФАтФАтФАтФАтФАтФАтФАтФАтФАтФАтФАтФАтФАтФАтФАтФАтФАтФАтФАтФАтФАтФАтФАтФАтФАтФАтФАтФАтФАтФАтФАтФАтФАтФАтФАтФАтФАтФАтФАтФАтФАтФАтФАтФАтФАтФАтФАтФАтФАтФАтФАтФАтФАтФАтФАтФАтФАтФАтФАтФАтФАтФАтФАтФАтФАтФАтФАтФАтФАтФАтФАтФАтФАтФАтФАтФАтФАтФАтФАтФАтФАтФАтФАтФАтФАтФАтФАтФАтФАтФАтФАтФАтФАтФАтФАтФАтФАтФАтФАтФАтФАтФАтФА
тФМтФАтФАтФАтФАтФАтФАтФАтФАтФАтФАтФАтФАтФАтФАтФАтФАтФАтФАтФАтФАтФАтФАтФАтФАтФАтФАтФАтФАтФАтФАтФАтФАтФАтФАтФАтФАтФАтФАтФАтФАтФАтФАтФАтФАтФАтФАтФАтФАтФАтФАтФАтФАтФАтФАтФАтФАтФАтФАтФАтФАтФАтФАтФАтФАтФАтФАтФАтФАтФАтФАтФАтФАтФАтФАтФАтФАтФАтФАтФАтФАтФАтФАтФАтФАтФАтФАтФАтФАтФАтФАтФАтФАтФАтФАтФАтФАтФАтФАтФАтФАтФАтФАтФАтФАтФАтФАтФАтФАтФАтФАтФАтФАтФАтФАтФАтФАтФАтФАтФА
тФВ #0   TestService._completeBipolarTest (package:psycho_tests/services/test_service.dart:482:17)
тФВ #1   TestService.completeTest (package:psycho_tests/services/test_service.dart:55:16)
тФЬтФДтФДтФДтФДтФДтФДтФДтФДтФДтФДтФДтФДтФДтФДтФДтФДтФДтФДтФДтФДтФДтФДтФДтФДтФДтФДтФДтФДтФДтФДтФДтФДтФДтФДтФДтФДтФДтФДтФДтФДтФДтФДтФДтФДтФДтФДтФДтФДтФДтФДтФДтФДтФДтФДтФДтФДтФДтФДтФДтФДтФДтФДтФДтФДтФДтФДтФДтФДтФДтФДтФДтФДтФДтФДтФДтФДтФДтФДтФДтФДтФДтФДтФДтФДтФДтФДтФДтФДтФДтФДтФДтФДтФДтФДтФДтФДтФДтФДтФДтФДтФДтФДтФДтФДтФДтФДтФДтФДтФДтФДтФДтФДтФДтФДтФДтФДтФДтФДтФД
тФВ ЁЯРЫ Scale perceiving: 50/50 = 100.0%
тФФтФАтФАтФАтФАтФАтФАтФАтФАтФАтФАтФАтФАтФАтФАтФАтФАтФАтФАтФАтФАтФАтФАтФАтФАтФАтФАтФАтФАтФАтФАтФАтФАтФАтФАтФАтФАтФАтФАтФАтФАтФАтФАтФАтФАтФАтФАтФАтФАтФАтФАтФАтФАтФАтФАтФАтФАтФАтФАтФАтФАтФАтФАтФАтФАтФАтФАтФАтФАтФАтФАтФАтФАтФАтФАтФАтФАтФАтФАтФАтФАтФАтФАтФАтФАтФАтФАтФАтФАтФАтФАтФАтФАтФАтФАтФАтФАтФАтФАтФАтФАтФАтФАтФАтФАтФАтФАтФАтФАтФАтФАтФАтФАтФАтФАтФАтФАтФАтФАтФА
тФМтФАтФАтФАтФАтФАтФАтФАтФАтФАтФАтФАтФАтФАтФАтФАтФАтФАтФАтФАтФАтФАтФАтФАтФАтФАтФАтФАтФАтФАтФАтФАтФАтФАтФАтФАтФАтФАтФАтФАтФАтФАтФАтФАтФАтФАтФАтФАтФАтФАтФАтФАтФАтФАтФАтФАтФАтФАтФАтФАтФАтФАтФАтФАтФАтФАтФАтФАтФАтФАтФАтФАтФАтФАтФАтФАтФАтФАтФАтФАтФАтФАтФАтФАтФАтФАтФАтФАтФАтФАтФАтФАтФАтФАтФАтФАтФАтФАтФАтФАтФАтФАтФАтФАтФАтФАтФАтФАтФАтФАтФАтФАтФАтФАтФАтФАтФАтФАтФАтФА
тФВ #0   TestService._completeBipolarTest (package:psycho_tests/services/test_service.dart:487:15)
тФВ #1   TestService.completeTest (package:psycho_tests/services/test_service.dart:55:16)
тФЬтФДтФДтФДтФДтФДтФДтФДтФДтФДтФДтФДтФДтФДтФДтФДтФДтФДтФДтФДтФДтФДтФДтФДтФДтФДтФДтФДтФДтФДтФДтФДтФДтФДтФДтФДтФДтФДтФДтФДтФДтФДтФДтФДтФДтФДтФДтФДтФДтФДтФДтФДтФДтФДтФДтФДтФДтФДтФДтФДтФДтФДтФДтФДтФДтФДтФДтФДтФДтФДтФДтФДтФДтФДтФДтФДтФДтФДтФДтФДтФДтФДтФДтФДтФДтФДтФДтФДтФДтФДтФДтФДтФДтФДтФДтФДтФДтФДтФДтФДтФДтФДтФДтФДтФДтФДтФДтФДтФДтФДтФДтФДтФДтФДтФДтФДтФДтФДтФДтФД
тФВ ЁЯРЫ Bipolar percentages (for UI): {EI: 50.0, SN: 50.0, TF: 50.0, JP: 50.0}
тФФтФАтФАтФАтФАтФАтФАтФАтФАтФАтФАтФАтФАтФАтФАтФАтФАтФАтФАтФАтФАтФАтФАтФАтФАтФАтФАтФАтФАтФАтФАтФАтФАтФАтФАтФАтФАтФАтФАтФАтФАтФАтФАтФАтФАтФАтФАтФАтФАтФАтФАтФАтФАтФАтФАтФАтФАтФАтФАтФАтФАтФАтФАтФАтФАтФАтФАтФАтФАтФАтФАтФАтФАтФАтФАтФАтФАтФАтФАтФАтФАтФАтФАтФАтФАтФАтФАтФАтФАтФАтФАтФАтФАтФАтФАтФАтФАтФАтФАтФАтФАтФАтФАтФАтФАтФАтФАтФАтФАтФАтФАтФАтФАтФАтФАтФАтФАтФАтФАтФА
тФМтФАтФАтФАтФАтФАтФАтФАтФАтФАтФАтФАтФАтФАтФАтФАтФАтФАтФАтФАтФАтФАтФАтФАтФАтФАтФАтФАтФАтФАтФАтФАтФАтФАтФАтФАтФАтФАтФАтФАтФАтФАтФАтФАтФАтФАтФАтФАтФАтФАтФАтФАтФАтФАтФАтФАтФАтФАтФАтФАтФАтФАтФАтФАтФАтФАтФАтФАтФАтФАтФАтФАтФАтФАтФАтФАтФАтФАтФАтФАтФАтФАтФАтФАтФАтФАтФАтФАтФАтФАтФАтФАтФАтФАтФАтФАтФАтФАтФАтФАтФАтФАтФАтФАтФАтФАтФАтФАтФАтФАтФАтФАтФАтФАтФАтФАтФАтФАтФАтФА
тФВ #0   TestService._completeBipolarTest (package:psycho_tests/services/test_service.dart:491:15)
тФВ #1   TestService.completeTest (package:psycho_tests/services/test_service.dart:55:16)
тФЬтФДтФДтФДтФДтФДтФДтФДтФДтФДтФДтФДтФДтФДтФДтФДтФДтФДтФДтФДтФДтФДтФДтФДтФДтФДтФДтФДтФДтФДтФДтФДтФДтФДтФДтФДтФДтФДтФДтФДтФДтФДтФДтФДтФДтФДтФДтФДтФДтФДтФДтФДтФДтФДтФДтФДтФДтФДтФДтФДтФДтФДтФДтФДтФДтФДтФДтФДтФДтФДтФДтФДтФДтФДтФДтФДтФДтФДтФДтФДтФДтФДтФДтФДтФДтФДтФДтФДтФДтФДтФДтФДтФДтФДтФДтФДтФДтФДтФДтФДтФДтФДтФДтФДтФДтФДтФДтФДтФДтФДтФДтФДтФДтФДтФДтФДтФДтФДтФДтФД
тФВ ЁЯРЫ Personality type code: XXXX
тФФтФАтФАтФАтФАтФАтФАтФАтФАтФАтФАтФАтФАтФАтФАтФАтФАтФАтФАтФАтФАтФАтФАтФАтФАтФАтФАтФАтФАтФАтФАтФАтФАтФАтФАтФАтФАтФАтФАтФАтФАтФАтФАтФАтФАтФАтФАтФАтФАтФАтФАтФАтФАтФАтФАтФАтФАтФАтФАтФАтФАтФАтФАтФАтФАтФАтФАтФАтФАтФАтФАтФАтФАтФАтФАтФАтФАтФАтФАтФАтФАтФАтФАтФАтФАтФАтФАтФАтФАтФАтФАтФАтФАтФАтФАтФАтФАтФАтФАтФАтФАтФАтФАтФАтФАтФАтФАтФАтФАтФАтФАтФАтФАтФАтФАтФАтФАтФАтФАтФА
тФМтФАтФАтФАтФАтФАтФАтФАтФАтФАтФАтФАтФАтФАтФАтФАтФАтФАтФАтФАтФАтФАтФАтФАтФАтФАтФАтФАтФАтФАтФАтФАтФАтФАтФАтФАтФАтФАтФАтФАтФАтФАтФАтФАтФАтФАтФАтФАтФАтФАтФАтФАтФАтФАтФАтФАтФАтФАтФАтФАтФАтФАтФАтФАтФАтФАтФАтФАтФАтФАтФАтФАтФАтФАтФАтФАтФАтФАтФАтФАтФАтФАтФАтФАтФАтФАтФАтФАтФАтФАтФАтФАтФАтФАтФАтФАтФАтФАтФАтФАтФАтФАтФАтФАтФАтФАтФАтФАтФАтФАтФАтФАтФАтФАтФАтФАтФАтФАтФАтФА
тФВ #0   TestService._completeBipolarTest (package:psycho_tests/services/test_service.dart:575:17)
тФВ #1   TestService.completeTest (package:psycho_tests/services/test_service.dart:55:16)
тФЬтФДтФДтФДтФДтФДтФДтФДтФДтФДтФДтФДтФДтФДтФДтФДтФДтФДтФДтФДтФДтФДтФДтФДтФДтФДтФДтФДтФДтФДтФДтФДтФДтФДтФДтФДтФДтФДтФДтФДтФДтФДтФДтФДтФДтФДтФДтФДтФДтФДтФДтФДтФДтФДтФДтФДтФДтФДтФДтФДтФДтФДтФДтФДтФДтФДтФДтФДтФДтФДтФДтФДтФДтФДтФДтФДтФДтФДтФДтФДтФДтФДтФДтФДтФДтФДтФДтФДтФДтФДтФДтФДтФДтФДтФДтФДтФДтФДтФДтФДтФДтФДтФДтФДтФДтФДтФДтФДтФДтФДтФДтФДтФДтФДтФДтФДтФДтФДтФДтФД
тФВ ЁЯРЫ mbti_ei: normalized=50.0%, dominant=E, CI=┬▒5.0%
тФФтФАтФАтФАтФАтФАтФАтФАтФАтФАтФАтФАтФАтФАтФАтФАтФАтФАтФАтФАтФАтФАтФАтФАтФАтФАтФАтФАтФАтФАтФАтФАтФАтФАтФАтФАтФАтФАтФАтФАтФАтФАтФАтФАтФАтФАтФАтФАтФАтФАтФАтФАтФАтФАтФАтФАтФАтФАтФАтФАтФАтФАтФАтФАтФАтФАтФАтФАтФАтФАтФАтФАтФАтФАтФАтФАтФАтФАтФАтФАтФАтФАтФАтФАтФАтФАтФАтФАтФАтФАтФАтФАтФАтФАтФАтФАтФАтФАтФАтФАтФАтФАтФАтФАтФАтФАтФАтФАтФАтФАтФАтФАтФАтФАтФАтФАтФАтФАтФАтФА
тФМтФАтФАтФАтФАтФАтФАтФАтФАтФАтФАтФАтФАтФАтФАтФАтФАтФАтФАтФАтФАтФАтФАтФАтФАтФАтФАтФАтФАтФАтФАтФАтФАтФАтФАтФАтФАтФАтФАтФАтФАтФАтФАтФАтФАтФАтФАтФАтФАтФАтФАтФАтФАтФАтФАтФАтФАтФАтФАтФАтФАтФАтФАтФАтФАтФАтФАтФАтФАтФАтФАтФАтФАтФАтФАтФАтФАтФАтФАтФАтФАтФАтФАтФАтФАтФАтФАтФАтФАтФАтФАтФАтФАтФАтФАтФАтФАтФАтФАтФАтФАтФАтФАтФАтФАтФАтФАтФАтФАтФАтФАтФАтФАтФАтФАтФАтФАтФАтФАтФА
тФВ #0   TestService._completeBipolarTest (package:psycho_tests/services/test_service.dart:575:17)
тФВ #1   TestService.completeTest (package:psycho_tests/services/test_service.dart:55:16)
тФЬтФДтФДтФДтФДтФДтФДтФДтФДтФДтФДтФДтФДтФДтФДтФДтФДтФДтФДтФДтФДтФДтФДтФДтФДтФДтФДтФДтФДтФДтФДтФДтФДтФДтФДтФДтФДтФДтФДтФДтФДтФДтФДтФДтФДтФДтФДтФДтФДтФДтФДтФДтФДтФДтФДтФДтФДтФДтФДтФДтФДтФДтФДтФДтФДтФДтФДтФДтФДтФДтФДтФДтФДтФДтФДтФДтФДтФДтФДтФДтФДтФДтФДтФДтФДтФДтФДтФДтФДтФДтФДтФДтФДтФДтФДтФДтФДтФДтФДтФДтФДтФДтФДтФДтФДтФДтФДтФДтФДтФДтФДтФДтФДтФДтФДтФДтФДтФДтФДтФД
тФВ ЁЯРЫ mbti_sn: normalized=50.0%, dominant=S, CI=┬▒5.0%
тФФтФАтФАтФАтФАтФАтФАтФАтФАтФАтФАтФАтФАтФАтФАтФАтФАтФАтФАтФАтФАтФАтФАтФАтФАтФАтФАтФАтФАтФАтФАтФАтФАтФАтФАтФАтФАтФАтФАтФАтФАтФАтФАтФАтФАтФАтФАтФАтФАтФАтФАтФАтФАтФАтФАтФАтФАтФАтФАтФАтФАтФАтФАтФАтФАтФАтФАтФАтФАтФАтФАтФАтФАтФАтФАтФАтФАтФАтФАтФАтФАтФАтФАтФАтФАтФАтФАтФАтФАтФАтФАтФАтФАтФАтФАтФАтФАтФАтФАтФАтФАтФАтФАтФАтФАтФАтФАтФАтФАтФАтФАтФАтФАтФАтФАтФАтФАтФАтФАтФА
тФМтФАтФАтФАтФАтФАтФАтФАтФАтФАтФАтФАтФАтФАтФАтФАтФАтФАтФАтФАтФАтФАтФАтФАтФАтФАтФАтФАтФАтФАтФАтФАтФАтФАтФАтФАтФАтФАтФАтФАтФАтФАтФАтФАтФАтФАтФАтФАтФАтФАтФАтФАтФАтФАтФАтФАтФАтФАтФАтФАтФАтФАтФАтФАтФАтФАтФАтФАтФАтФАтФАтФАтФАтФАтФАтФАтФАтФАтФАтФАтФАтФАтФАтФАтФАтФАтФАтФАтФАтФАтФАтФАтФАтФАтФАтФАтФАтФАтФАтФАтФАтФАтФАтФАтФАтФАтФАтФАтФАтФАтФАтФАтФАтФАтФАтФАтФАтФАтФАтФА
тФВ #0   TestService._completeBipolarTest (package:psycho_tests/services/test_service.dart:575:17)
тФВ #1   TestService.completeTest (package:psycho_tests/services/test_service.dart:55:16)
тФЬтФДтФДтФДтФДтФДтФДтФДтФДтФДтФДтФДтФДтФДтФДтФДтФДтФДтФДтФДтФДтФДтФДтФДтФДтФДтФДтФДтФДтФДтФДтФДтФДтФДтФДтФДтФДтФДтФДтФДтФДтФДтФДтФДтФДтФДтФДтФДтФДтФДтФДтФДтФДтФДтФДтФДтФДтФДтФДтФДтФДтФДтФДтФДтФДтФДтФДтФДтФДтФДтФДтФДтФДтФДтФДтФДтФДтФДтФДтФДтФДтФДтФДтФДтФДтФДтФДтФДтФДтФДтФДтФДтФДтФДтФДтФДтФДтФДтФДтФДтФДтФДтФДтФДтФДтФДтФДтФДтФДтФДтФДтФДтФДтФДтФДтФДтФДтФДтФДтФД
тФВ ЁЯРЫ mbti_tf: normalized=50.0%, dominant=T, CI=┬▒5.0%
тФФтФАтФАтФАтФАтФАтФАтФАтФАтФАтФАтФАтФАтФАтФАтФАтФАтФАтФАтФАтФАтФАтФАтФАтФАтФАтФАтФАтФАтФАтФАтФАтФАтФАтФАтФАтФАтФАтФАтФАтФАтФАтФАтФАтФАтФАтФАтФАтФАтФАтФАтФАтФАтФАтФАтФАтФАтФАтФАтФАтФАтФАтФАтФАтФАтФАтФАтФАтФАтФАтФАтФАтФАтФАтФАтФАтФАтФАтФАтФАтФАтФАтФАтФАтФАтФАтФАтФАтФАтФАтФАтФАтФАтФАтФАтФАтФАтФАтФАтФАтФАтФАтФАтФАтФАтФАтФАтФАтФАтФАтФАтФАтФАтФАтФАтФАтФАтФАтФАтФА
тФМтФАтФАтФАтФАтФАтФАтФАтФАтФАтФАтФАтФАтФАтФАтФАтФАтФАтФАтФАтФАтФАтФАтФАтФАтФАтФАтФАтФАтФАтФАтФАтФАтФАтФАтФАтФАтФАтФАтФАтФАтФАтФАтФАтФАтФАтФАтФАтФАтФАтФАтФАтФАтФАтФАтФАтФАтФАтФАтФАтФАтФАтФАтФАтФАтФАтФАтФАтФАтФАтФАтФАтФАтФАтФАтФАтФАтФАтФАтФАтФАтФАтФАтФАтФАтФАтФАтФАтФАтФАтФАтФАтФАтФАтФАтФАтФАтФАтФАтФАтФАтФАтФАтФАтФАтФАтФАтФАтФАтФАтФАтФАтФАтФАтФАтФАтФАтФАтФАтФА
тФВ #0   TestService._completeBipolarTest (package:psycho_tests/services/test_service.dart:575:17)
тФВ #1   TestService.completeTest (package:psycho_tests/services/test_service.dart:55:16)
тФЬтФДтФДтФДтФДтФДтФДтФДтФДтФДтФДтФДтФДтФДтФДтФДтФДтФДтФДтФДтФДтФДтФДтФДтФДтФДтФДтФДтФДтФДтФДтФДтФДтФДтФДтФДтФДтФДтФДтФДтФДтФДтФДтФДтФДтФДтФДтФДтФДтФДтФДтФДтФДтФДтФДтФДтФДтФДтФДтФДтФДтФДтФДтФДтФДтФДтФДтФДтФДтФДтФДтФДтФДтФДтФДтФДтФДтФДтФДтФДтФДтФДтФДтФДтФДтФДтФДтФДтФДтФДтФДтФДтФДтФДтФДтФДтФДтФДтФДтФДтФДтФДтФДтФДтФДтФДтФДтФДтФДтФДтФДтФДтФДтФДтФДтФДтФДтФДтФДтФД
тФВ ЁЯРЫ mbti_jp: normalized=50.0%, dominant=J, CI=┬▒5.0%
тФФтФАтФАтФАтФАтФАтФАтФАтФАтФАтФАтФАтФАтФАтФАтФАтФАтФАтФАтФАтФАтФАтФАтФАтФАтФАтФАтФАтФАтФАтФАтФАтФАтФАтФАтФАтФАтФАтФАтФАтФАтФАтФАтФАтФАтФАтФАтФАтФАтФАтФАтФАтФАтФАтФАтФАтФАтФАтФАтФАтФАтФАтФАтФАтФАтФАтФАтФАтФАтФАтФАтФАтФАтФАтФАтФАтФАтФАтФАтФАтФАтФАтФАтФАтФАтФАтФАтФАтФАтФАтФАтФАтФАтФАтФАтФАтФАтФАтФАтФАтФАтФАтФАтФАтФАтФАтФАтФАтФАтФАтФАтФАтФАтФАтФАтФАтФАтФАтФАтФА
тФМтФАтФАтФАтФАтФАтФАтФАтФАтФАтФАтФАтФАтФАтФАтФАтФАтФАтФАтФАтФАтФАтФАтФАтФАтФАтФАтФАтФАтФАтФАтФАтФАтФАтФАтФАтФАтФАтФАтФАтФАтФАтФАтФАтФАтФАтФАтФАтФАтФАтФАтФАтФАтФАтФАтФАтФАтФАтФАтФАтФАтФАтФАтФАтФАтФАтФАтФАтФАтФАтФАтФАтФАтФАтФАтФАтФАтФАтФАтФАтФАтФАтФАтФАтФАтФАтФАтФАтФАтФАтФАтФАтФАтФАтФАтФАтФАтФАтФАтФАтФАтФАтФАтФАтФАтФАтФАтФАтФАтФАтФАтФАтФАтФАтФАтФАтФАтФАтФАтФА
тФВ #0   TestService._completeBipolarTest (package:psycho_tests/services/test_service.dart:589:15)
тФВ #1   TestService.completeTest (package:psycho_tests/services/test_service.dart:55:16)
тФЬтФДтФДтФДтФДтФДтФДтФДтФДтФДтФДтФДтФДтФДтФДтФДтФДтФДтФДтФДтФДтФДтФДтФДтФДтФДтФДтФДтФДтФДтФДтФДтФДтФДтФДтФДтФДтФДтФДтФДтФДтФДтФДтФДтФДтФДтФДтФДтФДтФДтФДтФДтФДтФДтФДтФДтФДтФДтФДтФДтФДтФДтФДтФДтФДтФДтФДтФДтФДтФДтФДтФДтФДтФДтФДтФДтФДтФДтФДтФДтФДтФДтФДтФДтФДтФДтФДтФДтФДтФДтФДтФДтФДтФДтФДтФДтФДтФДтФДтФДтФДтФДтФДтФДтФДтФДтФДтФДтФДтФДтФДтФДтФДтФДтФДтФДтФДтФДтФДтФД
тФВ ЁЯРЫ userAnswersScores contains 80 answers
тФФтФАтФАтФАтФАтФАтФАтФАтФАтФАтФАтФАтФАтФАтФАтФАтФАтФАтФАтФАтФАтФАтФАтФАтФАтФАтФАтФАтФАтФАтФАтФАтФАтФАтФАтФАтФАтФАтФАтФАтФАтФАтФАтФАтФАтФАтФАтФАтФАтФАтФАтФАтФАтФАтФАтФАтФАтФАтФАтФАтФАтФАтФАтФАтФАтФАтФАтФАтФАтФАтФАтФАтФАтФАтФАтФАтФАтФАтФАтФАтФАтФАтФАтФАтФАтФАтФАтФАтФАтФАтФАтФАтФАтФАтФАтФАтФАтФАтФАтФАтФАтФАтФАтФАтФАтФАтФАтФАтФАтФАтФАтФАтФАтФАтФАтФАтФАтФАтФАтФА
тФМтФАтФАтФАтФАтФАтФАтФАтФАтФАтФАтФАтФАтФАтФАтФАтФАтФАтФАтФАтФАтФАтФАтФАтФАтФАтФАтФАтФАтФАтФАтФАтФАтФАтФАтФАтФАтФАтФАтФАтФАтФАтФАтФАтФАтФАтФАтФАтФАтФАтФАтФАтФАтФАтФАтФАтФАтФАтФАтФАтФАтФАтФАтФАтФАтФАтФАтФАтФАтФАтФАтФАтФАтФАтФАтФАтФАтФАтФАтФАтФАтФАтФАтФАтФАтФАтФАтФАтФАтФАтФАтФАтФАтФАтФАтФАтФАтФАтФАтФАтФАтФАтФАтФАтФАтФАтФАтФАтФАтФАтФАтФАтФАтФАтФАтФАтФАтФАтФАтФА
тФВ #0   TestService._completeBipolarTest (package:psycho_tests/services/test_service.dart:590:15)
тФВ #1   TestService.completeTest (package:psycho_tests/services/test_service.dart:55:16)
тФЬтФДтФДтФДтФДтФДтФДтФДтФДтФДтФДтФДтФДтФДтФДтФДтФДтФДтФДтФДтФДтФДтФДтФДтФДтФДтФДтФДтФДтФДтФДтФДтФДтФДтФДтФДтФДтФДтФДтФДтФДтФДтФДтФДтФДтФДтФДтФДтФДтФДтФДтФДтФДтФДтФДтФДтФДтФДтФДтФДтФДтФДтФДтФДтФДтФДтФДтФДтФДтФДтФДтФДтФДтФДтФДтФДтФДтФДтФДтФДтФДтФДтФДтФДтФДтФДтФДтФДтФДтФДтФДтФДтФДтФДтФДтФДтФДтФДтФДтФДтФДтФДтФДтФДтФДтФДтФДтФДтФДтФДтФДтФДтФДтФДтФДтФДтФДтФДтФДтФД
тФВ ЁЯРЫ Total questions in test: 80
тФФтФАтФАтФАтФАтФАтФАтФАтФАтФАтФАтФАтФАтФАтФАтФАтФАтФАтФАтФАтФАтФАтФАтФАтФАтФАтФАтФАтФАтФАтФАтФАтФАтФАтФАтФАтФАтФАтФАтФАтФАтФАтФАтФАтФАтФАтФАтФАтФАтФАтФАтФАтФАтФАтФАтФАтФАтФАтФАтФАтФАтФАтФАтФАтФАтФАтФАтФАтФАтФАтФАтФАтФАтФАтФАтФАтФАтФАтФАтФАтФАтФАтФАтФАтФАтФАтФАтФАтФАтФАтФАтФАтФАтФАтФАтФАтФАтФАтФАтФАтФАтФАтФАтФАтФАтФАтФАтФАтФАтФАтФАтФАтФАтФАтФАтФАтФАтФАтФАтФА
тФМтФАтФАтФАтФАтФАтФАтФАтФАтФАтФАтФАтФАтФАтФАтФАтФАтФАтФАтФАтФАтФАтФАтФАтФАтФАтФАтФАтФАтФАтФАтФАтФАтФАтФАтФАтФАтФАтФАтФАтФАтФАтФАтФАтФАтФАтФАтФАтФАтФАтФАтФАтФАтФАтФАтФАтФАтФАтФАтФАтФАтФАтФАтФАтФАтФАтФАтФАтФАтФАтФАтФАтФАтФАтФАтФАтФАтФАтФАтФАтФАтФАтФАтФАтФАтФАтФАтФАтФАтФАтФАтФАтФАтФАтФАтФАтФАтФАтФАтФАтФАтФАтФАтФАтФАтФАтФАтФАтФАтФАтФАтФАтФАтФАтФАтФАтФАтФАтФАтФА
тФВ #0   TestService._completeBipolarTest (package:psycho_tests/services/test_service.dart:591:15)
тФВ #1   TestService.completeTest (package:psycho_tests/services/test_service.dart:55:16)
тФЬтФДтФДтФДтФДтФДтФДтФДтФДтФДтФДтФДтФДтФДтФДтФДтФДтФДтФДтФДтФДтФДтФДтФДтФДтФДтФДтФДтФДтФДтФДтФДтФДтФДтФДтФДтФДтФДтФДтФДтФДтФДтФДтФДтФДтФДтФДтФДтФДтФДтФДтФДтФДтФДтФДтФДтФДтФДтФДтФДтФДтФДтФДтФДтФДтФДтФДтФДтФДтФДтФДтФДтФДтФДтФДтФДтФДтФДтФДтФДтФДтФДтФДтФДтФДтФДтФДтФДтФДтФДтФДтФДтФДтФДтФДтФДтФДтФДтФДтФДтФДтФДтФДтФДтФДтФДтФДтФДтФДтФДтФДтФДтФДтФДтФДтФДтФДтФДтФДтФД
тФВ ЁЯРЫ Expected 80 answers, received: 80
тФФтФАтФАтФАтФАтФАтФАтФАтФАтФАтФАтФАтФАтФАтФАтФАтФАтФАтФАтФАтФАтФАтФАтФАтФАтФАтФАтФАтФАтФАтФАтФАтФАтФАтФАтФАтФАтФАтФАтФАтФАтФАтФАтФАтФАтФАтФАтФАтФАтФАтФАтФАтФАтФАтФАтФАтФАтФАтФАтФАтФАтФАтФАтФАтФАтФАтФАтФАтФАтФАтФАтФАтФАтФАтФАтФАтФАтФАтФАтФАтФАтФАтФАтФАтФАтФАтФАтФАтФАтФАтФАтФАтФАтФАтФАтФАтФАтФАтФАтФАтФАтФАтФАтФАтФАтФАтФАтФАтФАтФАтФАтФАтФАтФАтФАтФАтФАтФАтФАтФА
тФМтФАтФАтФАтФАтФАтФАтФАтФАтФАтФАтФАтФАтФАтФАтФАтФАтФАтФАтФАтФАтФАтФАтФАтФАтФАтФАтФАтФАтФАтФАтФАтФАтФАтФАтФАтФАтФАтФАтФАтФАтФАтФАтФАтФАтФАтФАтФАтФАтФАтФАтФАтФАтФАтФАтФАтФАтФАтФАтФАтФАтФАтФАтФАтФАтФАтФАтФАтФАтФАтФАтФАтФАтФАтФАтФАтФАтФАтФАтФАтФАтФАтФАтФАтФАтФАтФАтФАтФАтФАтФАтФАтФАтФАтФАтФАтФАтФАтФАтФАтФАтФАтФАтФАтФАтФАтФАтФАтФАтФАтФАтФАтФАтФАтФАтФАтФАтФАтФАтФА
тФВ #0   TestService._completeBipolarTest (package:psycho_tests/services/test_service.dart:592:15)
тФВ #1   TestService.completeTest (package:psycho_tests/services/test_service.dart:55:16)
тФЬтФДтФДтФДтФДтФДтФДтФДтФДтФДтФДтФДтФДтФДтФДтФДтФДтФДтФДтФДтФДтФДтФДтФДтФДтФДтФДтФДтФДтФДтФДтФДтФДтФДтФДтФДтФДтФДтФДтФДтФДтФДтФДтФДтФДтФДтФДтФДтФДтФДтФДтФДтФДтФДтФДтФДтФДтФДтФДтФДтФДтФДтФДтФДтФДтФДтФДтФДтФДтФДтФДтФДтФДтФДтФДтФДтФДтФДтФДтФДтФДтФДтФДтФДтФДтФДтФДтФДтФДтФДтФДтФДтФДтФДтФДтФДтФДтФДтФДтФДтФДтФДтФДтФДтФДтФДтФДтФДтФДтФДтФДтФДтФДтФДтФДтФДтФДтФДтФДтФД
тФВ ЁЯРЫ First 5 answers: q1:5, q2:5, q3:5, q4:5, q5:5
тФФтФАтФАтФАтФАтФАтФАтФАтФАтФАтФАтФАтФАтФАтФАтФАтФАтФАтФАтФАтФАтФАтФАтФАтФАтФАтФАтФАтФАтФАтФАтФАтФАтФАтФАтФАтФАтФАтФАтФАтФАтФАтФАтФАтФАтФАтФАтФАтФАтФАтФАтФАтФАтФАтФАтФАтФАтФАтФАтФАтФАтФАтФАтФАтФАтФАтФАтФАтФАтФАтФАтФАтФАтФАтФАтФАтФАтФАтФАтФАтФАтФАтФАтФАтФАтФАтФАтФАтФАтФАтФАтФАтФАтФАтФАтФАтФАтФАтФАтФАтФАтФАтФАтФАтФАтФАтФАтФАтФАтФАтФАтФАтФАтФАтФАтФАтФАтФАтФАтФА
тФМтФАтФАтФАтФАтФАтФАтФАтФАтФАтФАтФАтФАтФАтФАтФАтФАтФАтФАтФАтФАтФАтФАтФАтФАтФАтФАтФАтФАтФАтФАтФАтФАтФАтФАтФАтФАтФАтФАтФАтФАтФАтФАтФАтФАтФАтФАтФАтФАтФАтФАтФАтФАтФАтФАтФАтФАтФАтФАтФАтФАтФАтФАтФАтФАтФАтФАтФАтФАтФАтФАтФАтФАтФАтФАтФАтФАтФАтФАтФАтФАтФАтФАтФАтФАтФАтФАтФАтФАтФАтФАтФАтФАтФАтФАтФАтФАтФАтФАтФАтФАтФАтФАтФАтФАтФАтФАтФАтФАтФАтФАтФАтФАтФАтФАтФАтФАтФАтФАтФА
тФВ #0   TestService._completeBipolarTest (package:psycho_tests/services/test_service.dart:595:17)
тФВ #1   TestService.completeTest (package:psycho_tests/services/test_service.dart:55:16)
тФЬтФДтФДтФДтФДтФДтФДтФДтФДтФДтФДтФДтФДтФДтФДтФДтФДтФДтФДтФДтФДтФДтФДтФДтФДтФДтФДтФДтФДтФДтФДтФДтФДтФДтФДтФДтФДтФДтФДтФДтФДтФДтФДтФДтФДтФДтФДтФДтФДтФДтФДтФДтФДтФДтФДтФДтФДтФДтФДтФДтФДтФДтФДтФДтФДтФДтФДтФДтФДтФДтФДтФДтФДтФДтФДтФДтФДтФДтФДтФДтФДтФДтФДтФДтФДтФДтФДтФДтФДтФДтФДтФДтФДтФДтФДтФДтФДтФДтФДтФДтФДтФДтФДтФДтФДтФДтФДтФДтФДтФДтФДтФДтФДтФДтФДтФДтФДтФДтФДтФД
тФВ ЁЯРЫ Last 5 answers: q76:5, q77:5, q78:5, q79:5, q80:5
тФФтФАтФАтФАтФАтФАтФАтФАтФАтФАтФАтФАтФАтФАтФАтФАтФАтФАтФАтФАтФАтФАтФАтФАтФАтФАтФАтФАтФАтФАтФАтФАтФАтФАтФАтФАтФАтФАтФАтФАтФАтФАтФАтФАтФАтФАтФАтФАтФАтФАтФАтФАтФАтФАтФАтФАтФАтФАтФАтФАтФАтФАтФАтФАтФАтФАтФАтФАтФАтФАтФАтФАтФАтФАтФАтФАтФАтФАтФАтФАтФАтФАтФАтФАтФАтФАтФАтФАтФАтФАтФАтФАтФАтФАтФАтФАтФАтФАтФАтФАтФАтФАтФАтФАтФАтФАтФАтФАтФАтФАтФАтФАтФАтФАтФАтФАтФАтФАтФАтФА
тФМтФАтФАтФАтФАтФАтФАтФАтФАтФАтФАтФАтФАтФАтФАтФАтФАтФАтФАтФАтФАтФАтФАтФАтФАтФАтФАтФАтФАтФАтФАтФАтФАтФАтФАтФАтФАтФАтФАтФАтФАтФАтФАтФАтФАтФАтФАтФАтФАтФАтФАтФАтФАтФАтФАтФАтФАтФАтФАтФАтФАтФАтФАтФАтФАтФАтФАтФАтФАтФАтФАтФАтФАтФАтФАтФАтФАтФАтФАтФАтФАтФАтФАтФАтФАтФАтФАтФАтФАтФАтФАтФАтФАтФАтФАтФАтФАтФАтФАтФАтФАтФАтФАтФАтФАтФАтФАтФАтФАтФАтФАтФАтФАтФАтФАтФАтФАтФАтФАтФА
тФВ #0   TestService._completeBipolarTest (package:psycho_tests/services/test_service.dart:600:15)
тФВ #1   TestService.completeTest (package:psycho_tests/services/test_service.dart:55:16)
тФЬтФДтФДтФДтФДтФДтФДтФДтФДтФДтФДтФДтФДтФДтФДтФДтФДтФДтФДтФДтФДтФДтФДтФДтФДтФДтФДтФДтФДтФДтФДтФДтФДтФДтФДтФДтФДтФДтФДтФДтФДтФДтФДтФДтФДтФДтФДтФДтФДтФДтФДтФДтФДтФДтФДтФДтФДтФДтФДтФДтФДтФДтФДтФДтФДтФДтФДтФДтФДтФДтФДтФДтФДтФДтФДтФДтФДтФДтФДтФДтФДтФДтФДтФДтФДтФДтФДтФДтФДтФДтФДтФДтФДтФДтФДтФДтФДтФДтФДтФДтФДтФДтФДтФДтФДтФДтФДтФДтФДтФДтФДтФДтФДтФДтФДтФДтФДтФДтФДтФД
тФВ ЁЯРЫ ===== START QUALITY VALIDATION =====
тФФтФАтФАтФАтФАтФАтФАтФАтФАтФАтФАтФАтФАтФАтФАтФАтФАтФАтФАтФАтФАтФАтФАтФАтФАтФАтФАтФАтФАтФАтФАтФАтФАтФАтФАтФАтФАтФАтФАтФАтФАтФАтФАтФАтФАтФАтФАтФАтФАтФАтФАтФАтФАтФАтФАтФАтФАтФАтФАтФАтФАтФАтФАтФАтФАтФАтФАтФАтФАтФАтФАтФАтФАтФАтФАтФАтФАтФАтФАтФАтФАтФАтФАтФАтФАтФАтФАтФАтФАтФАтФАтФАтФАтФАтФАтФАтФАтФАтФАтФАтФАтФАтФАтФАтФАтФАтФАтФАтФАтФАтФАтФАтФАтФАтФАтФАтФАтФАтФАтФА
тФМтФАтФАтФАтФАтФАтФАтФАтФАтФАтФАтФАтФАтФАтФАтФАтФАтФАтФАтФАтФАтФАтФАтФАтФАтФАтФАтФАтФАтФАтФАтФАтФАтФАтФАтФАтФАтФАтФАтФАтФАтФАтФАтФАтФАтФАтФАтФАтФАтФАтФАтФАтФАтФАтФАтФАтФАтФАтФАтФАтФАтФАтФАтФАтФАтФАтФАтФАтФАтФАтФАтФАтФАтФАтФАтФАтФАтФАтФАтФАтФАтФАтФАтФАтФАтФАтФАтФАтФАтФАтФАтФАтФАтФАтФАтФАтФАтФАтФАтФАтФАтФАтФАтФАтФАтФАтФАтФАтФАтФАтФАтФАтФАтФАтФАтФАтФАтФАтФАтФА
тФВ #0   TestService.validateResponseQuality (package:psycho_tests/services/test_service.dart:634:15)
тФВ #1   TestService._completeBipolarTest (package:psycho_tests/services/test_service.dart:602:9)
тФЬтФДтФДтФДтФДтФДтФДтФДтФДтФДтФДтФДтФДтФДтФДтФДтФДтФДтФДтФДтФДтФДтФДтФДтФДтФДтФДтФДтФДтФДтФДтФДтФДтФДтФДтФДтФДтФДтФДтФДтФДтФДтФДтФДтФДтФДтФДтФДтФДтФДтФДтФДтФДтФДтФДтФДтФДтФДтФДтФДтФДтФДтФДтФДтФДтФДтФДтФДтФДтФДтФДтФДтФДтФДтФДтФДтФДтФДтФДтФДтФДтФДтФДтФДтФДтФДтФДтФДтФДтФДтФДтФДтФДтФДтФДтФДтФДтФДтФДтФДтФДтФДтФДтФДтФДтФДтФДтФДтФДтФДтФДтФДтФДтФДтФДтФДтФДтФДтФДтФД
тФВ ЁЯРЫ Starting validation of 80 answers
тФФтФАтФАтФАтФАтФАтФАтФАтФАтФАтФАтФАтФАтФАтФАтФАтФАтФАтФАтФАтФАтФАтФАтФАтФАтФАтФАтФАтФАтФАтФАтФАтФАтФАтФАтФАтФАтФАтФАтФАтФАтФАтФАтФАтФАтФАтФАтФАтФАтФАтФАтФАтФАтФАтФАтФАтФАтФАтФАтФАтФАтФАтФАтФАтФАтФАтФАтФАтФАтФАтФАтФАтФАтФАтФАтФАтФАтФАтФАтФАтФАтФАтФАтФАтФАтФАтФАтФАтФАтФАтФАтФАтФАтФАтФАтФАтФАтФАтФАтФАтФАтФАтФАтФАтФАтФАтФАтФАтФАтФАтФАтФАтФАтФАтФАтФАтФАтФАтФАтФА
тФМтФАтФАтФАтФАтФАтФАтФАтФАтФАтФАтФАтФАтФАтФАтФАтФАтФАтФАтФАтФАтФАтФАтФАтФАтФАтФАтФАтФАтФАтФАтФАтФАтФАтФАтФАтФАтФАтФАтФАтФАтФАтФАтФАтФАтФАтФАтФАтФАтФАтФАтФАтФАтФАтФАтФАтФАтФАтФАтФАтФАтФАтФАтФАтФАтФАтФАтФАтФАтФАтФАтФАтФАтФАтФАтФАтФАтФАтФАтФАтФАтФАтФАтФАтФАтФАтФАтФАтФАтФАтФАтФАтФАтФАтФАтФАтФАтФАтФАтФАтФАтФАтФАтФАтФАтФАтФАтФАтФАтФАтФАтФАтФАтФАтФАтФАтФАтФАтФАтФА
тФВ #0   TestService.validateResponseQuality (package:psycho_tests/services/test_service.dart:647:15)
тФВ #1   TestService._completeBipolarTest (package:psycho_tests/services/test_service.dart:602:9)
тФЬтФДтФДтФДтФДтФДтФДтФДтФДтФДтФДтФДтФДтФДтФДтФДтФДтФДтФДтФДтФДтФДтФДтФДтФДтФДтФДтФДтФДтФДтФДтФДтФДтФДтФДтФДтФДтФДтФДтФДтФДтФДтФДтФДтФДтФДтФДтФДтФДтФДтФДтФДтФДтФДтФДтФДтФДтФДтФДтФДтФДтФДтФДтФДтФДтФДтФДтФДтФДтФДтФДтФДтФДтФДтФДтФДтФДтФДтФДтФДтФДтФДтФДтФДтФДтФДтФДтФДтФДтФДтФДтФДтФДтФДтФДтФДтФДтФДтФДтФДтФДтФДтФДтФДтФДтФДтФДтФДтФДтФДтФДтФДтФДтФДтФДтФДтФДтФДтФДтФД
тФВ ЁЯРЫ Answer mean: 5.00
тФФтФАтФАтФАтФАтФАтФАтФАтФАтФАтФАтФАтФАтФАтФАтФАтФАтФАтФАтФАтФАтФАтФАтФАтФАтФАтФАтФАтФАтФАтФАтФАтФАтФАтФАтФАтФАтФАтФАтФАтФАтФАтФАтФАтФАтФАтФАтФАтФАтФАтФАтФАтФАтФАтФАтФАтФАтФАтФАтФАтФАтФАтФАтФАтФАтФАтФАтФАтФАтФАтФАтФАтФАтФАтФАтФАтФАтФАтФАтФАтФАтФАтФАтФАтФАтФАтФАтФАтФАтФАтФАтФАтФАтФАтФАтФАтФАтФАтФАтФАтФАтФАтФАтФАтФАтФАтФАтФАтФАтФАтФАтФАтФАтФАтФАтФАтФАтФАтФАтФА
тФМтФАтФАтФАтФАтФАтФАтФАтФАтФАтФАтФАтФАтФАтФАтФАтФАтФАтФАтФАтФАтФАтФАтФАтФАтФАтФАтФАтФАтФАтФАтФАтФАтФАтФАтФАтФАтФАтФАтФАтФАтФАтФАтФАтФАтФАтФАтФАтФАтФАтФАтФАтФАтФАтФАтФАтФАтФАтФАтФАтФАтФАтФАтФАтФАтФАтФАтФАтФАтФАтФАтФАтФАтФАтФАтФАтФАтФАтФАтФАтФАтФАтФАтФАтФАтФАтФАтФАтФАтФАтФАтФАтФАтФАтФАтФАтФАтФАтФАтФАтФАтФАтФАтФАтФАтФАтФАтФАтФАтФАтФАтФАтФАтФАтФАтФАтФАтФАтФАтФА
тФВ #0   TestService.validateResponseQuality (package:psycho_tests/services/test_service.dart:648:15)
тФВ #1   TestService._completeBipolarTest (package:psycho_tests/services/test_service.dart:602:9)
тФЬтФДтФДтФДтФДтФДтФДтФДтФДтФДтФДтФДтФДтФДтФДтФДтФДтФДтФДтФДтФДтФДтФДтФДтФДтФДтФДтФДтФДтФДтФДтФДтФДтФДтФДтФДтФДтФДтФДтФДтФДтФДтФДтФДтФДтФДтФДтФДтФДтФДтФДтФДтФДтФДтФДтФДтФДтФДтФДтФДтФДтФДтФДтФДтФДтФДтФДтФДтФДтФДтФДтФДтФДтФДтФДтФДтФДтФДтФДтФДтФДтФДтФДтФДтФДтФДтФДтФДтФДтФДтФДтФДтФДтФДтФДтФДтФДтФДтФДтФДтФДтФДтФДтФДтФДтФДтФДтФДтФДтФДтФДтФДтФДтФДтФДтФДтФДтФДтФДтФД
тФВ ЁЯРЫ Standard deviation: 0.00
тФФтФАтФАтФАтФАтФАтФАтФАтФАтФАтФАтФАтФАтФАтФАтФАтФАтФАтФАтФАтФАтФАтФАтФАтФАтФАтФАтФАтФАтФАтФАтФАтФАтФАтФАтФАтФАтФАтФАтФАтФАтФАтФАтФАтФАтФАтФАтФАтФАтФАтФАтФАтФАтФАтФАтФАтФАтФАтФАтФАтФАтФАтФАтФАтФАтФАтФАтФАтФАтФАтФАтФАтФАтФАтФАтФАтФАтФАтФАтФАтФАтФАтФАтФАтФАтФАтФАтФАтФАтФАтФАтФАтФАтФАтФАтФАтФАтФАтФАтФАтФАтФАтФАтФАтФАтФАтФАтФАтФАтФАтФАтФАтФАтФАтФАтФАтФАтФАтФАтФА
[38;5;208mтФМтФАтФАтФАтФАтФАтФАтФАтФАтФАтФАтФАтФАтФАтФАтФАтФАтФАтФАтФАтФАтФАтФАтФАтФАтФАтФАтФАтФАтФАтФАтФАтФАтФАтФАтФАтФАтФАтФАтФАтФАтФАтФАтФАтФАтФАтФАтФАтФАтФАтФАтФАтФАтФАтФАтФАтФАтФАтФАтФАтФАтФАтФАтФАтФАтФАтФАтФАтФАтФАтФАтФАтФАтФАтФАтФАтФАтФАтФАтФАтФАтФАтФАтФАтФАтФАтФАтФАтФАтФАтФАтФАтФАтФАтФАтФАтФАтФАтФАтФАтФАтФАтФАтФАтФАтФАтФАтФАтФАтФАтФАтФАтФАтФАтФАтФАтФАтФАтФАтФА[0m
[38;5;208mтФВ #0   TestService.validateResponseQuality (package:psycho_tests/services/test_service.dart:656:17)[0m
[38;5;208mтФВ #1   TestService._completeBipolarTest (package:psycho_tests/services/test_service.dart:602:9)[0m
[38;5;208mтФЬтФДтФДтФДтФДтФДтФДтФДтФДтФДтФДтФДтФДтФДтФДтФДтФДтФДтФДтФДтФДтФДтФДтФДтФДтФДтФДтФДтФДтФДтФДтФДтФДтФДтФДтФДтФДтФДтФДтФДтФДтФДтФДтФДтФДтФДтФДтФДтФДтФДтФДтФДтФДтФДтФДтФДтФДтФДтФДтФДтФДтФДтФДтФДтФДтФДтФДтФДтФДтФДтФДтФДтФДтФДтФДтФДтФДтФДтФДтФДтФДтФДтФДтФДтФДтФДтФДтФДтФДтФДтФДтФДтФДтФДтФДтФДтФДтФДтФДтФДтФДтФДтФДтФДтФДтФДтФДтФДтФДтФДтФДтФДтФДтФДтФДтФДтФДтФДтФДтФД[0m
[38;5;208mтФВ тЪая╕П ISSUE: Very low response variance (0.00). You may not have been thoughtful.[0m
[38;5;208mтФФтФАтФАтФАтФАтФАтФАтФАтФАтФАтФАтФАтФАтФАтФАтФАтФАтФАтФАтФАтФАтФАтФАтФАтФАтФАтФАтФАтФАтФАтФАтФАтФАтФАтФАтФАтФАтФАтФАтФАтФАтФАтФАтФАтФАтФАтФАтФАтФАтФАтФАтФАтФАтФАтФАтФАтФАтФАтФАтФАтФАтФАтФАтФАтФАтФАтФАтФАтФАтФАтФАтФАтФАтФАтФАтФАтФАтФАтФАтФАтФАтФАтФАтФАтФАтФАтФАтФАтФАтФАтФАтФАтФАтФАтФАтФАтФАтФАтФАтФАтФАтФАтФАтФАтФАтФАтФАтФАтФАтФАтФАтФАтФАтФАтФАтФАтФАтФАтФАтФА[0m
тФМтФАтФАтФАтФАтФАтФАтФАтФАтФАтФАтФАтФАтФАтФАтФАтФАтФАтФАтФАтФАтФАтФАтФАтФАтФАтФАтФАтФАтФАтФАтФАтФАтФАтФАтФАтФАтФАтФАтФАтФАтФАтФАтФАтФАтФАтФАтФАтФАтФАтФАтФАтФАтФАтФАтФАтФАтФАтФАтФАтФАтФАтФАтФАтФАтФАтФАтФАтФАтФАтФАтФАтФАтФАтФАтФАтФАтФАтФАтФАтФАтФАтФАтФАтФАтФАтФАтФАтФАтФАтФАтФАтФАтФАтФАтФАтФАтФАтФАтФАтФАтФАтФАтФАтФАтФАтФАтФАтФАтФАтФАтФАтФАтФАтФАтФАтФАтФАтФАтФА
тФВ #0   TestService.validateResponseQuality (package:psycho_tests/services/test_service.dart:669:15)
тФВ #1   TestService._completeBipolarTest (package:psycho_tests/services/test_service.dart:602:9)
тФЬтФДтФДтФДтФДтФДтФДтФДтФДтФДтФДтФДтФДтФДтФДтФДтФДтФДтФДтФДтФДтФДтФДтФДтФДтФДтФДтФДтФДтФДтФДтФДтФДтФДтФДтФДтФДтФДтФДтФДтФДтФДтФДтФДтФДтФДтФДтФДтФДтФДтФДтФДтФДтФДтФДтФДтФДтФДтФДтФДтФДтФДтФДтФДтФДтФДтФДтФДтФДтФДтФДтФДтФДтФДтФДтФДтФДтФДтФДтФДтФДтФДтФДтФДтФДтФДтФДтФДтФДтФДтФДтФДтФДтФДтФДтФДтФДтФДтФДтФДтФДтФДтФДтФДтФДтФДтФДтФДтФДтФДтФДтФДтФДтФДтФДтФДтФДтФДтФДтФД
тФВ ЁЯРЫ Neutral answers: 0 of 80 (0.0%)
тФФтФАтФАтФАтФАтФАтФАтФАтФАтФАтФАтФАтФАтФАтФАтФАтФАтФАтФАтФАтФАтФАтФАтФАтФАтФАтФАтФАтФАтФАтФАтФАтФАтФАтФАтФАтФАтФАтФАтФАтФАтФАтФАтФАтФАтФАтФАтФАтФАтФАтФАтФАтФАтФАтФАтФАтФАтФАтФАтФАтФАтФАтФАтФАтФАтФАтФАтФАтФАтФАтФАтФАтФАтФАтФАтФАтФАтФАтФАтФАтФАтФАтФАтФАтФАтФАтФАтФАтФАтФАтФАтФАтФАтФАтФАтФАтФАтФАтФАтФАтФАтФАтФАтФАтФАтФАтФАтФАтФАтФАтФАтФАтФАтФАтФАтФАтФАтФАтФАтФА
тФМтФАтФАтФАтФАтФАтФАтФАтФАтФАтФАтФАтФАтФАтФАтФАтФАтФАтФАтФАтФАтФАтФАтФАтФАтФАтФАтФАтФАтФАтФАтФАтФАтФАтФАтФАтФАтФАтФАтФАтФАтФАтФАтФАтФАтФАтФАтФАтФАтФАтФАтФАтФАтФАтФАтФАтФАтФАтФАтФАтФАтФАтФАтФАтФАтФАтФАтФАтФАтФАтФАтФАтФАтФАтФАтФАтФАтФАтФАтФАтФАтФАтФАтФАтФАтФАтФАтФАтФАтФАтФАтФАтФАтФАтФАтФАтФАтФАтФАтФАтФАтФАтФАтФАтФАтФАтФАтФАтФАтФАтФАтФАтФАтФАтФАтФАтФАтФАтФАтФА
тФВ #0   TestService.validateResponseQuality (package:psycho_tests/services/test_service.dart:691:15)
тФВ #1   TestService._completeBipolarTest (package:psycho_tests/services/test_service.dart:602:9)
тФЬтФДтФДтФДтФДтФДтФДтФДтФДтФДтФДтФДтФДтФДтФДтФДтФДтФДтФДтФДтФДтФДтФДтФДтФДтФДтФДтФДтФДтФДтФДтФДтФДтФДтФДтФДтФДтФДтФДтФДтФДтФДтФДтФДтФДтФДтФДтФДтФДтФДтФДтФДтФДтФДтФДтФДтФДтФДтФДтФДтФДтФДтФДтФДтФДтФДтФДтФДтФДтФДтФДтФДтФДтФДтФДтФДтФДтФДтФДтФДтФДтФДтФДтФДтФДтФДтФДтФДтФДтФДтФДтФДтФДтФДтФДтФДтФДтФДтФДтФДтФДтФДтФДтФДтФДтФДтФДтФДтФДтФДтФДтФДтФДтФДтФДтФДтФДтФДтФДтФД
тФВ ЁЯРЫ Extreme answers: 80 of 80 (100.0%)
тФФтФАтФАтФАтФАтФАтФАтФАтФАтФАтФАтФАтФАтФАтФАтФАтФАтФАтФАтФАтФАтФАтФАтФАтФАтФАтФАтФАтФАтФАтФАтФАтФАтФАтФАтФАтФАтФАтФАтФАтФАтФАтФАтФАтФАтФАтФАтФАтФАтФАтФАтФАтФАтФАтФАтФАтФАтФАтФАтФАтФАтФАтФАтФАтФАтФАтФАтФАтФАтФАтФАтФАтФАтФАтФАтФАтФАтФАтФАтФАтФАтФАтФАтФАтФАтФАтФАтФАтФАтФАтФАтФАтФАтФАтФАтФАтФАтФАтФАтФАтФАтФАтФАтФАтФАтФАтФАтФАтФАтФАтФАтФАтФАтФАтФАтФАтФАтФАтФАтФА
[38;5;208mтФМтФАтФАтФАтФАтФАтФАтФАтФАтФАтФАтФАтФАтФАтФАтФАтФАтФАтФАтФАтФАтФАтФАтФАтФАтФАтФАтФАтФАтФАтФАтФАтФАтФАтФАтФАтФАтФАтФАтФАтФАтФАтФАтФАтФАтФАтФАтФАтФАтФАтФАтФАтФАтФАтФАтФАтФАтФАтФАтФАтФАтФАтФАтФАтФАтФАтФАтФАтФАтФАтФАтФАтФАтФАтФАтФАтФАтФАтФАтФАтФАтФАтФАтФАтФАтФАтФАтФАтФАтФАтФАтФАтФАтФАтФАтФАтФАтФАтФАтФАтФАтФАтФАтФАтФАтФАтФАтФАтФАтФАтФАтФАтФАтФАтФАтФАтФАтФАтФАтФА[0m
[38;5;208mтФВ #0   TestService.validateResponseQuality (package:psycho_tests/services/test_service.dart:700:17)[0m
[38;5;208mтФВ #1   TestService._completeBipolarTest (package:psycho_tests/services/test_service.dart:602:9)[0m
[38;5;208mтФЬтФДтФДтФДтФДтФДтФДтФДтФДтФДтФДтФДтФДтФДтФДтФДтФДтФДтФДтФДтФДтФДтФДтФДтФДтФДтФДтФДтФДтФДтФДтФДтФДтФДтФДтФДтФДтФДтФДтФДтФДтФДтФДтФДтФДтФДтФДтФДтФДтФДтФДтФДтФДтФДтФДтФДтФДтФДтФДтФДтФДтФДтФДтФДтФДтФДтФДтФДтФДтФДтФДтФДтФДтФДтФДтФДтФДтФДтФДтФДтФДтФДтФДтФДтФДтФДтФДтФДтФДтФДтФДтФДтФДтФДтФДтФДтФДтФДтФДтФДтФДтФДтФДтФДтФДтФДтФДтФДтФДтФДтФДтФДтФДтФДтФДтФДтФДтФДтФДтФД[0m
[38;5;208mтФВ тЪая╕П ISSUE: Too many extreme answers (100%). Social desirability possible.[0m
[38;5;208mтФФтФАтФАтФАтФАтФАтФАтФАтФАтФАтФАтФАтФАтФАтФАтФАтФАтФАтФАтФАтФАтФАтФАтФАтФАтФАтФАтФАтФАтФАтФАтФАтФАтФАтФАтФАтФАтФАтФАтФАтФАтФАтФАтФАтФАтФАтФАтФАтФАтФАтФАтФАтФАтФАтФАтФАтФАтФАтФАтФАтФАтФАтФАтФАтФАтФАтФАтФАтФАтФАтФАтФАтФАтФАтФАтФАтФАтФАтФАтФАтФАтФАтФАтФАтФАтФАтФАтФАтФАтФАтФАтФАтФАтФАтФАтФАтФАтФАтФАтФАтФАтФАтФАтФАтФАтФАтФАтФАтФАтФАтФАтФАтФАтФАтФАтФАтФАтФАтФАтФА[0m
тФМтФАтФАтФАтФАтФАтФАтФАтФАтФАтФАтФАтФАтФАтФАтФАтФАтФАтФАтФАтФАтФАтФАтФАтФАтФАтФАтФАтФАтФАтФАтФАтФАтФАтФАтФАтФАтФАтФАтФАтФАтФАтФАтФАтФАтФАтФАтФАтФАтФАтФАтФАтФАтФАтФАтФАтФАтФАтФАтФАтФАтФАтФАтФАтФАтФАтФАтФАтФАтФАтФАтФАтФАтФАтФАтФАтФАтФАтФАтФАтФАтФАтФАтФАтФАтФАтФАтФАтФАтФАтФАтФАтФАтФАтФАтФАтФАтФАтФАтФАтФАтФАтФАтФАтФАтФАтФАтФАтФАтФАтФАтФАтФАтФАтФАтФАтФАтФАтФАтФА
тФВ #0   TestService.validateResponseQuality (package:psycho_tests/services/test_service.dart:751:15)
тФВ #1   TestService._completeBipolarTest (package:psycho_tests/services/test_service.dart:602:9)
тФЬтФДтФДтФДтФДтФДтФДтФДтФДтФДтФДтФДтФДтФДтФДтФДтФДтФДтФДтФДтФДтФДтФДтФДтФДтФДтФДтФДтФДтФДтФДтФДтФДтФДтФДтФДтФДтФДтФДтФДтФДтФДтФДтФДтФДтФДтФДтФДтФДтФДтФДтФДтФДтФДтФДтФДтФДтФДтФДтФДтФДтФДтФДтФДтФДтФДтФДтФДтФДтФДтФДтФДтФДтФДтФДтФДтФДтФДтФДтФДтФДтФДтФДтФДтФДтФДтФДтФДтФДтФДтФДтФДтФДтФДтФДтФДтФДтФДтФДтФДтФДтФДтФДтФДтФДтФДтФДтФДтФДтФДтФДтФДтФДтФДтФДтФДтФДтФДтФДтФД
тФВ ЁЯРЫ Consistency score: 100.0%
тФФтФАтФАтФАтФАтФАтФАтФАтФАтФАтФАтФАтФАтФАтФАтФАтФАтФАтФАтФАтФАтФАтФАтФАтФАтФАтФАтФАтФАтФАтФАтФАтФАтФАтФАтФАтФАтФАтФАтФАтФАтФАтФАтФАтФАтФАтФАтФАтФАтФАтФАтФАтФАтФАтФАтФАтФАтФАтФАтФАтФАтФАтФАтФАтФАтФАтФАтФАтФАтФАтФАтФАтФАтФАтФАтФАтФАтФАтФАтФАтФАтФАтФАтФАтФАтФАтФАтФАтФАтФАтФАтФАтФАтФАтФАтФАтФАтФАтФАтФАтФАтФАтФАтФАтФАтФАтФАтФАтФАтФАтФАтФАтФАтФАтФАтФАтФАтФАтФАтФА
[38;5;208mтФМтФАтФАтФАтФАтФАтФАтФАтФАтФАтФАтФАтФАтФАтФАтФАтФАтФАтФАтФАтФАтФАтФАтФАтФАтФАтФАтФАтФАтФАтФАтФАтФАтФАтФАтФАтФАтФАтФАтФАтФАтФАтФАтФАтФАтФАтФАтФАтФАтФАтФАтФАтФАтФАтФАтФАтФАтФАтФАтФАтФАтФАтФАтФАтФАтФАтФАтФАтФАтФАтФАтФАтФАтФАтФАтФАтФАтФАтФАтФАтФАтФАтФАтФАтФАтФАтФАтФАтФАтФАтФАтФАтФАтФАтФАтФАтФАтФАтФАтФАтФАтФАтФАтФАтФАтФАтФАтФАтФАтФАтФАтФАтФАтФАтФАтФАтФАтФАтФАтФА[0m
[38;5;208mтФВ #0   TestService.validateResponseQuality (package:psycho_tests/services/test_service.dart:780:17)[0m
[38;5;208mтФВ #1   TestService._completeBipolarTest (package:psycho_tests/services/test_service.dart:602:9)[0m
[38;5;208mтФЬтФДтФДтФДтФДтФДтФДтФДтФДтФДтФДтФДтФДтФДтФДтФДтФДтФДтФДтФДтФДтФДтФДтФДтФДтФДтФДтФДтФДтФДтФДтФДтФДтФДтФДтФДтФДтФДтФДтФДтФДтФДтФДтФДтФДтФДтФДтФДтФДтФДтФДтФДтФДтФДтФДтФДтФДтФДтФДтФДтФДтФДтФДтФДтФДтФДтФДтФДтФДтФДтФДтФДтФДтФДтФДтФДтФДтФДтФДтФДтФДтФДтФДтФДтФДтФДтФДтФДтФДтФДтФДтФДтФДтФДтФДтФДтФДтФДтФДтФДтФДтФДтФДтФДтФДтФДтФДтФДтФДтФДтФДтФДтФДтФДтФДтФДтФДтФДтФДтФД[0m
[38;5;208mтФВ тЪая╕П OVERALL QUALITY: CRITICAL[0m
[38;5;208mтФФтФАтФАтФАтФАтФАтФАтФАтФАтФАтФАтФАтФАтФАтФАтФАтФАтФАтФАтФАтФАтФАтФАтФАтФАтФАтФАтФАтФАтФАтФАтФАтФАтФАтФАтФАтФАтФАтФАтФАтФАтФАтФАтФАтФАтФАтФАтФАтФАтФАтФАтФАтФАтФАтФАтФАтФАтФАтФАтФАтФАтФАтФАтФАтФАтФАтФАтФАтФАтФАтФАтФАтФАтФАтФАтФАтФАтФАтФАтФАтФАтФАтФАтФАтФАтФАтФАтФАтФАтФАтФАтФАтФАтФАтФАтФАтФАтФАтФАтФАтФАтФАтФАтФАтФАтФАтФАтФАтФАтФАтФАтФАтФАтФАтФАтФАтФАтФАтФАтФА[0m
тФМтФАтФАтФАтФАтФАтФАтФАтФАтФАтФАтФАтФАтФАтФАтФАтФАтФАтФАтФАтФАтФАтФАтФАтФАтФАтФАтФАтФАтФАтФАтФАтФАтФАтФАтФАтФАтФАтФАтФАтФАтФАтФАтФАтФАтФАтФАтФАтФАтФАтФАтФАтФАтФАтФАтФАтФАтФАтФАтФАтФАтФАтФАтФАтФАтФАтФАтФАтФАтФАтФАтФАтФАтФАтФАтФАтФАтФАтФАтФАтФАтФАтФАтФАтФАтФАтФАтФАтФАтФАтФАтФАтФАтФАтФАтФАтФАтФАтФАтФАтФАтФАтФАтФАтФАтФАтФАтФАтФАтФАтФАтФАтФАтФАтФАтФАтФАтФАтФАтФА
тФВ #0   TestService._completeBipolarTest (package:psycho_tests/services/test_service.dart:603:15)
тФВ #1   TestService.completeTest (package:psycho_tests/services/test_service.dart:55:16)
тФЬтФДтФДтФДтФДтФДтФДтФДтФДтФДтФДтФДтФДтФДтФДтФДтФДтФДтФДтФДтФДтФДтФДтФДтФДтФДтФДтФДтФДтФДтФДтФДтФДтФДтФДтФДтФДтФДтФДтФДтФДтФДтФДтФДтФДтФДтФДтФДтФДтФДтФДтФДтФДтФДтФДтФДтФДтФДтФДтФДтФДтФДтФДтФДтФДтФДтФДтФДтФДтФДтФДтФДтФДтФДтФДтФДтФДтФДтФДтФДтФДтФДтФДтФДтФДтФДтФДтФДтФДтФДтФДтФДтФДтФДтФДтФДтФДтФДтФДтФДтФДтФДтФДтФДтФДтФДтФДтФДтФДтФДтФДтФДтФДтФДтФДтФДтФДтФДтФДтФД
тФВ ЁЯРЫ Response quality: error
тФФтФАтФАтФАтФАтФАтФАтФАтФАтФАтФАтФАтФАтФАтФАтФАтФАтФАтФАтФАтФАтФАтФАтФАтФАтФАтФАтФАтФАтФАтФАтФАтФАтФАтФАтФАтФАтФАтФАтФАтФАтФАтФАтФАтФАтФАтФАтФАтФАтФАтФАтФАтФАтФАтФАтФАтФАтФАтФАтФАтФАтФАтФАтФАтФАтФАтФАтФАтФАтФАтФАтФАтФАтФАтФАтФАтФАтФАтФАтФАтФАтФАтФАтФАтФАтФАтФАтФАтФАтФАтФАтФАтФАтФАтФАтФАтФАтФАтФАтФАтФАтФАтФАтФАтФАтФАтФАтФАтФАтФАтФАтФАтФАтФАтФАтФАтФАтФАтФАтФА
тФМтФАтФАтФАтФАтФАтФАтФАтФАтФАтФАтФАтФАтФАтФАтФАтФАтФАтФАтФАтФАтФАтФАтФАтФАтФАтФАтФАтФАтФАтФАтФАтФАтФАтФАтФАтФАтФАтФАтФАтФАтФАтФАтФАтФАтФАтФАтФАтФАтФАтФАтФАтФАтФАтФАтФАтФАтФАтФАтФАтФАтФАтФАтФАтФАтФАтФАтФАтФАтФАтФАтФАтФАтФАтФАтФАтФАтФАтФАтФАтФАтФАтФАтФАтФАтФАтФАтФАтФАтФАтФАтФАтФАтФАтФАтФАтФАтФАтФАтФАтФАтФАтФАтФАтФАтФАтФАтФАтФАтФАтФАтФАтФАтФАтФАтФАтФАтФАтФАтФА
тФВ #0   TestService._completeBipolarTest (package:psycho_tests/services/test_service.dart:604:15)
тФВ #1   TestService.completeTest (package:psycho_tests/services/test_service.dart:55:16)
тФЬтФДтФДтФДтФДтФДтФДтФДтФДтФДтФДтФДтФДтФДтФДтФДтФДтФДтФДтФДтФДтФДтФДтФДтФДтФДтФДтФДтФДтФДтФДтФДтФДтФДтФДтФДтФДтФДтФДтФДтФДтФДтФДтФДтФДтФДтФДтФДтФДтФДтФДтФДтФДтФДтФДтФДтФДтФДтФДтФДтФДтФДтФДтФДтФДтФДтФДтФДтФДтФДтФДтФДтФДтФДтФДтФДтФДтФДтФДтФДтФДтФДтФДтФДтФДтФДтФДтФДтФДтФДтФДтФДтФДтФДтФДтФДтФДтФДтФДтФДтФДтФДтФДтФДтФДтФДтФДтФДтФДтФДтФДтФДтФДтФДтФДтФДтФДтФДтФДтФД
тФВ ЁЯРЫ Detected issues: 2
тФФтФАтФАтФАтФАтФАтФАтФАтФАтФАтФАтФАтФАтФАтФАтФАтФАтФАтФАтФАтФАтФАтФАтФАтФАтФАтФАтФАтФАтФАтФАтФАтФАтФАтФАтФАтФАтФАтФАтФАтФАтФАтФАтФАтФАтФАтФАтФАтФАтФАтФАтФАтФАтФАтФАтФАтФАтФАтФАтФАтФАтФАтФАтФАтФАтФАтФАтФАтФАтФАтФАтФАтФАтФАтФАтФАтФАтФАтФАтФАтФАтФАтФАтФАтФАтФАтФАтФАтФАтФАтФАтФАтФАтФАтФАтФАтФАтФАтФАтФАтФАтФАтФАтФАтФАтФАтФАтФАтФАтФАтФАтФАтФАтФАтФАтФАтФАтФАтФАтФА
тФМтФАтФАтФАтФАтФАтФАтФАтФАтФАтФАтФАтФАтФАтФАтФАтФАтФАтФАтФАтФАтФАтФАтФАтФАтФАтФАтФАтФАтФАтФАтФАтФАтФАтФАтФАтФАтФАтФАтФАтФАтФАтФАтФАтФАтФАтФАтФАтФАтФАтФАтФАтФАтФАтФАтФАтФАтФАтФАтФАтФАтФАтФАтФАтФАтФАтФАтФАтФАтФАтФАтФАтФАтФАтФАтФАтФАтФАтФАтФАтФАтФАтФАтФАтФАтФАтФАтФАтФАтФАтФАтФАтФАтФАтФАтФАтФАтФАтФАтФАтФАтФАтФАтФАтФАтФАтФАтФАтФАтФАтФАтФАтФАтФАтФАтФАтФАтФАтФАтФА
тФВ #0   TestService._completeBipolarTest (package:psycho_tests/services/test_service.dart:620:15)
тФВ #1   TestService.completeTest (package:psycho_tests/services/test_service.dart:55:16)
тФЬтФДтФДтФДтФДтФДтФДтФДтФДтФДтФДтФДтФДтФДтФДтФДтФДтФДтФДтФДтФДтФДтФДтФДтФДтФДтФДтФДтФДтФДтФДтФДтФДтФДтФДтФДтФДтФДтФДтФДтФДтФДтФДтФДтФДтФДтФДтФДтФДтФДтФДтФДтФДтФДтФДтФДтФДтФДтФДтФДтФДтФДтФДтФДтФДтФДтФДтФДтФДтФДтФДтФДтФДтФДтФДтФДтФДтФДтФДтФДтФДтФДтФДтФДтФДтФДтФДтФДтФДтФДтФДтФДтФДтФДтФДтФДтФДтФДтФДтФДтФДтФДтФДтФДтФДтФДтФДтФДтФДтФДтФДтФДтФДтФДтФДтФДтФДтФДтФДтФД
тФВ ЁЯРЫ Created 16 types test result with typeScales
тФФтФАтФАтФАтФАтФАтФАтФАтФАтФАтФАтФАтФАтФАтФАтФАтФАтФАтФАтФАтФАтФАтФАтФАтФАтФАтФАтФАтФАтФАтФАтФАтФАтФАтФАтФАтФАтФАтФАтФАтФАтФАтФАтФАтФАтФАтФАтФАтФАтФАтФАтФАтФАтФАтФАтФАтФАтФАтФАтФАтФАтФАтФАтФАтФАтФАтФАтФАтФАтФАтФАтФАтФАтФАтФАтФАтФАтФАтФАтФАтФАтФАтФАтФАтФАтФАтФАтФАтФАтФАтФАтФАтФАтФАтФАтФАтФАтФАтФАтФАтФАтФАтФАтФАтФАтФАтФАтФАтФАтФАтФАтФАтФАтФАтФАтФАтФАтФАтФАтФА
тФМтФАтФАтФАтФАтФАтФАтФАтФАтФАтФАтФАтФАтФАтФАтФАтФАтФАтФАтФАтФАтФАтФАтФАтФАтФАтФАтФАтФАтФАтФАтФАтФАтФАтФАтФАтФАтФАтФАтФАтФАтФАтФАтФАтФАтФАтФАтФАтФАтФАтФАтФАтФАтФАтФАтФАтФАтФАтФАтФАтФАтФАтФАтФАтФАтФАтФАтФАтФАтФАтФАтФАтФАтФАтФАтФАтФАтФАтФАтФАтФАтФАтФАтФАтФАтФАтФАтФАтФАтФАтФАтФАтФАтФАтФАтФАтФАтФАтФАтФАтФАтФАтФАтФАтФАтФАтФАтФАтФАтФАтФАтФАтФАтФАтФАтФАтФАтФАтФАтФА
тФВ #0   TestService._completeBipolarTest (package:psycho_tests/services/test_service.dart:621:15)
тФВ #1   TestService.completeTest (package:psycho_tests/services/test_service.dart:55:16)
тФЬтФДтФДтФДтФДтФДтФДтФДтФДтФДтФДтФДтФДтФДтФДтФДтФДтФДтФДтФДтФДтФДтФДтФДтФДтФДтФДтФДтФДтФДтФДтФДтФДтФДтФДтФДтФДтФДтФДтФДтФДтФДтФДтФДтФДтФДтФДтФДтФДтФДтФДтФДтФДтФДтФДтФДтФДтФДтФДтФДтФДтФДтФДтФДтФДтФДтФДтФДтФДтФДтФДтФДтФДтФДтФДтФДтФДтФДтФДтФДтФДтФДтФДтФДтФДтФДтФДтФДтФДтФДтФДтФДтФДтФДтФДтФДтФДтФДтФДтФДтФДтФДтФДтФДтФДтФДтФДтФДтФДтФДтФДтФДтФДтФДтФДтФДтФДтФДтФДтФД
тФВ ЁЯРЫ result.userAnswers contains 80 answers
тФФтФАтФАтФАтФАтФАтФАтФАтФАтФАтФАтФАтФАтФАтФАтФАтФАтФАтФАтФАтФАтФАтФАтФАтФАтФАтФАтФАтФАтФАтФАтФАтФАтФАтФАтФАтФАтФАтФАтФАтФАтФАтФАтФАтФАтФАтФАтФАтФАтФАтФАтФАтФАтФАтФАтФАтФАтФАтФАтФАтФАтФАтФАтФАтФАтФАтФАтФАтФАтФАтФАтФАтФАтФАтФАтФАтФАтФАтФАтФАтФАтФАтФАтФАтФАтФАтФАтФАтФАтФАтФАтФАтФАтФАтФАтФАтФАтФАтФАтФАтФАтФАтФАтФАтФАтФАтФАтФАтФАтФАтФАтФАтФАтФАтФАтФАтФАтФАтФАтФА
тФМтФАтФАтФАтФАтФАтФАтФАтФАтФАтФАтФАтФАтФАтФАтФАтФАтФАтФАтФАтФАтФАтФАтФАтФАтФАтФАтФАтФАтФАтФАтФАтФАтФАтФАтФАтФАтФАтФАтФАтФАтФАтФАтФАтФАтФАтФАтФАтФАтФАтФАтФАтФАтФАтФАтФАтФАтФАтФАтФАтФАтФАтФАтФАтФАтФАтФАтФАтФАтФАтФАтФАтФАтФАтФАтФАтФАтФАтФАтФАтФАтФАтФАтФАтФАтФАтФАтФАтФАтФАтФАтФАтФАтФАтФАтФАтФАтФАтФАтФАтФАтФАтФАтФАтФАтФАтФАтФАтФАтФАтФАтФАтФАтФАтФАтФАтФАтФАтФАтФА
тФВ #0   TestService._completeBipolarTest (package:psycho_tests/services/test_service.dart:622:15)
тФВ #1   TestService.completeTest (package:psycho_tests/services/test_service.dart:55:16)
тФЬтФДтФДтФДтФДтФДтФДтФДтФДтФДтФДтФДтФДтФДтФДтФДтФДтФДтФДтФДтФДтФДтФДтФДтФДтФДтФДтФДтФДтФДтФДтФДтФДтФДтФДтФДтФДтФДтФДтФДтФДтФДтФДтФДтФДтФДтФДтФДтФДтФДтФДтФДтФДтФДтФДтФДтФДтФДтФДтФДтФДтФДтФДтФДтФДтФДтФДтФДтФДтФДтФДтФДтФДтФДтФДтФДтФДтФДтФДтФДтФДтФДтФДтФДтФДтФДтФДтФДтФДтФДтФДтФДтФДтФДтФДтФДтФДтФДтФДтФДтФДтФДтФДтФДтФДтФДтФДтФДтФДтФДтФДтФДтФДтФДтФДтФДтФДтФДтФДтФД
тФВ ЁЯРЫ result.typeScales contains 8 scales
тФФтФАтФАтФАтФАтФАтФАтФАтФАтФАтФАтФАтФАтФАтФАтФАтФАтФАтФАтФАтФАтФАтФАтФАтФАтФАтФАтФАтФАтФАтФАтФАтФАтФАтФАтФАтФАтФАтФАтФАтФАтФАтФАтФАтФАтФАтФАтФАтФАтФАтФАтФАтФАтФАтФАтФАтФАтФАтФАтФАтФАтФАтФАтФАтФАтФАтФАтФАтФАтФАтФАтФАтФАтФАтФАтФАтФАтФАтФАтФАтФАтФАтФАтФАтФАтФАтФАтФАтФАтФАтФАтФАтФАтФАтФАтФАтФАтФАтФАтФАтФАтФАтФАтФАтФАтФАтФАтФАтФАтФАтФАтФАтФАтФАтФАтФАтФАтФАтФАтФА
00:01 +18 -15: D:/Work/psycho_app/0.0.1.x_dev/test/services/test_service_test.dart: completeTest() - Bipolar Tests (16 Types) handles balanced scores (X for balanced)
тФМтФАтФАтФАтФАтФАтФАтФАтФАтФАтФАтФАтФАтФАтФАтФАтФАтФАтФАтФАтФАтФАтФАтФАтФАтФАтФАтФАтФАтФАтФАтФАтФАтФАтФАтФАтФАтФАтФАтФАтФАтФАтФАтФАтФАтФАтФАтФАтФАтФАтФАтФАтФАтФАтФАтФАтФАтФАтФАтФАтФАтФАтФАтФАтФАтФАтФАтФАтФАтФАтФАтФАтФАтФАтФАтФАтФАтФАтФАтФАтФАтФАтФАтФАтФАтФАтФАтФАтФАтФАтФАтФАтФАтФАтФАтФАтФАтФАтФАтФАтФАтФАтФАтФАтФАтФАтФАтФАтФАтФАтФАтФАтФАтФАтФАтФАтФАтФАтФАтФА
тФВ #0   TestService.completeTest (package:psycho_tests/services/test_service.dart:43:15)
тФВ #1   main.<anonymous closure>.<anonymous closure> (file:///D:/Work/psycho_app/0.0.1.x_dev/test/services/test_service_test.dart:299:40)
тФЬтФДтФДтФДтФДтФДтФДтФДтФДтФДтФДтФДтФДтФДтФДтФДтФДтФДтФДтФДтФДтФДтФДтФДтФДтФДтФДтФДтФДтФДтФДтФДтФДтФДтФДтФДтФДтФДтФДтФДтФДтФДтФДтФДтФДтФДтФДтФДтФДтФДтФДтФДтФДтФДтФДтФДтФДтФДтФДтФДтФДтФДтФДтФДтФДтФДтФДтФДтФДтФДтФДтФДтФДтФДтФДтФДтФДтФДтФДтФДтФДтФДтФДтФДтФДтФДтФДтФДтФДтФДтФДтФДтФДтФДтФДтФДтФДтФДтФДтФДтФДтФДтФДтФДтФДтФДтФДтФДтФДтФДтФДтФДтФДтФДтФДтФДтФДтФДтФДтФД
тФВ ЁЯРЫ ===== completeTest() CALLED =====
тФФтФАтФАтФАтФАтФАтФАтФАтФАтФАтФАтФАтФАтФАтФАтФАтФАтФАтФАтФАтФАтФАтФАтФАтФАтФАтФАтФАтФАтФАтФАтФАтФАтФАтФАтФАтФАтФАтФАтФАтФАтФАтФАтФАтФАтФАтФАтФАтФАтФАтФАтФАтФАтФАтФАтФАтФАтФАтФАтФАтФАтФАтФАтФАтФАтФАтФАтФАтФАтФАтФАтФАтФАтФАтФАтФАтФАтФАтФАтФАтФАтФАтФАтФАтФАтФАтФАтФАтФАтФАтФАтФАтФАтФАтФАтФАтФАтФАтФАтФАтФАтФАтФАтФАтФАтФАтФАтФАтФАтФАтФАтФАтФАтФАтФАтФАтФАтФАтФАтФА
тФМтФАтФАтФАтФАтФАтФАтФАтФАтФАтФАтФАтФАтФАтФАтФАтФАтФАтФАтФАтФАтФАтФАтФАтФАтФАтФАтФАтФАтФАтФАтФАтФАтФАтФАтФАтФАтФАтФАтФАтФАтФАтФАтФАтФАтФАтФАтФАтФАтФАтФАтФАтФАтФАтФАтФАтФАтФАтФАтФАтФАтФАтФАтФАтФАтФАтФАтФАтФАтФАтФАтФАтФАтФАтФАтФАтФАтФАтФАтФАтФАтФАтФАтФАтФАтФАтФАтФАтФАтФАтФАтФАтФАтФАтФАтФАтФАтФАтФАтФАтФАтФАтФАтФАтФАтФАтФАтФАтФАтФАтФАтФАтФАтФАтФАтФАтФАтФАтФАтФА
тФВ #0   TestService.completeTest (package:psycho_tests/services/test_service.dart:44:15)
тФВ #1   main.<anonymous closure>.<anonymous closure> (file:///D:/Work/psycho_app/0.0.1.x_dev/test/services/test_service_test.dart:299:40)
тФЬтФДтФДтФДтФДтФДтФДтФДтФДтФДтФДтФДтФДтФДтФДтФДтФДтФДтФДтФДтФДтФДтФДтФДтФДтФДтФДтФДтФДтФДтФДтФДтФДтФДтФДтФДтФДтФДтФДтФДтФДтФДтФДтФДтФДтФДтФДтФДтФДтФДтФДтФДтФДтФДтФДтФДтФДтФДтФДтФДтФДтФДтФДтФДтФДтФДтФДтФДтФДтФДтФДтФДтФДтФДтФДтФДтФДтФДтФДтФДтФДтФДтФДтФДтФДтФДтФДтФДтФДтФДтФДтФДтФДтФДтФДтФДтФДтФДтФДтФДтФДтФДтФДтФДтФДтФДтФДтФДтФДтФДтФДтФДтФДтФДтФДтФДтФДтФДтФДтФД
тФВ ЁЯРЫ testId: sixteen_types
тФФтФАтФАтФАтФАтФАтФАтФАтФАтФАтФАтФАтФАтФАтФАтФАтФАтФАтФАтФАтФАтФАтФАтФАтФАтФАтФАтФАтФАтФАтФАтФАтФАтФАтФАтФАтФАтФАтФАтФАтФАтФАтФАтФАтФАтФАтФАтФАтФАтФАтФАтФАтФАтФАтФАтФАтФАтФАтФАтФАтФАтФАтФАтФАтФАтФАтФАтФАтФАтФАтФАтФАтФАтФАтФАтФАтФАтФАтФАтФАтФАтФАтФАтФАтФАтФАтФАтФАтФАтФАтФАтФАтФАтФАтФАтФАтФАтФАтФАтФАтФАтФАтФАтФАтФАтФАтФАтФАтФАтФАтФАтФАтФАтФАтФАтФАтФАтФАтФАтФА
тФМтФАтФАтФАтФАтФАтФАтФАтФАтФАтФАтФАтФАтФАтФАтФАтФАтФАтФАтФАтФАтФАтФАтФАтФАтФАтФАтФАтФАтФАтФАтФАтФАтФАтФАтФАтФАтФАтФАтФАтФАтФАтФАтФАтФАтФАтФАтФАтФАтФАтФАтФАтФАтФАтФАтФАтФАтФАтФАтФАтФАтФАтФАтФАтФАтФАтФАтФАтФАтФАтФАтФАтФАтФАтФАтФАтФАтФАтФАтФАтФАтФАтФАтФАтФАтФАтФАтФАтФАтФАтФАтФАтФАтФАтФАтФАтФАтФАтФАтФАтФАтФАтФАтФАтФАтФАтФАтФАтФАтФАтФАтФАтФАтФАтФАтФАтФАтФАтФАтФА
тФВ #0   TestService.completeTest (package:psycho_tests/services/test_service.dart:45:15)
тФВ #1   main.<anonymous closure>.<anonymous closure> (file:///D:/Work/psycho_app/0.0.1.x_dev/test/services/test_service_test.dart:299:40)
тФЬтФДтФДтФДтФДтФДтФДтФДтФДтФДтФДтФДтФДтФДтФДтФДтФДтФДтФДтФДтФДтФДтФДтФДтФДтФДтФДтФДтФДтФДтФДтФДтФДтФДтФДтФДтФДтФДтФДтФДтФДтФДтФДтФДтФДтФДтФДтФДтФДтФДтФДтФДтФДтФДтФДтФДтФДтФДтФДтФДтФДтФДтФДтФДтФДтФДтФДтФДтФДтФДтФДтФДтФДтФДтФДтФДтФДтФДтФДтФДтФДтФДтФДтФДтФДтФДтФДтФДтФДтФДтФДтФДтФДтФДтФДтФДтФДтФДтФДтФДтФДтФДтФДтФДтФДтФДтФДтФДтФДтФДтФДтФДтФДтФДтФДтФДтФДтФДтФДтФД
тФВ ЁЯРЫ type: TestType.multiFactor
тФФтФАтФАтФАтФАтФАтФАтФАтФАтФАтФАтФАтФАтФАтФАтФАтФАтФАтФАтФАтФАтФАтФАтФАтФАтФАтФАтФАтФАтФАтФАтФАтФАтФАтФАтФАтФАтФАтФАтФАтФАтФАтФАтФАтФАтФАтФАтФАтФАтФАтФАтФАтФАтФАтФАтФАтФАтФАтФАтФАтФАтФАтФАтФАтФАтФАтФАтФАтФАтФАтФАтФАтФАтФАтФАтФАтФАтФАтФАтФАтФАтФАтФАтФАтФАтФАтФАтФАтФАтФАтФАтФАтФАтФАтФАтФАтФАтФАтФАтФАтФАтФАтФАтФАтФАтФАтФАтФАтФАтФАтФАтФАтФАтФАтФАтФАтФАтФАтФАтФА
тФМтФАтФАтФАтФАтФАтФАтФАтФАтФАтФАтФАтФАтФАтФАтФАтФАтФАтФАтФАтФАтФАтФАтФАтФАтФАтФАтФАтФАтФАтФАтФАтФАтФАтФАтФАтФАтФАтФАтФАтФАтФАтФАтФАтФАтФАтФАтФАтФАтФАтФАтФАтФАтФАтФАтФАтФАтФАтФАтФАтФАтФАтФАтФАтФАтФАтФАтФАтФАтФАтФАтФАтФАтФАтФАтФАтФАтФАтФАтФАтФАтФАтФАтФАтФАтФАтФАтФАтФАтФАтФАтФАтФАтФАтФАтФАтФАтФАтФАтФАтФАтФАтФАтФАтФАтФАтФАтФАтФАтФАтФАтФАтФАтФАтФАтФАтФАтФАтФАтФА
тФВ #0   TestService.completeTest (package:psycho_tests/services/test_service.dart:46:15)
тФВ #1   main.<anonymous closure>.<anonymous closure> (file:///D:/Work/psycho_app/0.0.1.x_dev/test/services/test_service_test.dart:299:40)
тФЬтФДтФДтФДтФДтФДтФДтФДтФДтФДтФДтФДтФДтФДтФДтФДтФДтФДтФДтФДтФДтФДтФДтФДтФДтФДтФДтФДтФДтФДтФДтФДтФДтФДтФДтФДтФДтФДтФДтФДтФДтФДтФДтФДтФДтФДтФДтФДтФДтФДтФДтФДтФДтФДтФДтФДтФДтФДтФДтФДтФДтФДтФДтФДтФДтФДтФДтФДтФДтФДтФДтФДтФДтФДтФДтФДтФДтФДтФДтФДтФДтФДтФДтФДтФДтФДтФДтФДтФДтФДтФДтФДтФДтФДтФДтФДтФДтФДтФДтФДтФДтФДтФДтФДтФДтФДтФДтФДтФДтФДтФДтФДтФДтФДтФДтФДтФДтФДтФДтФД
тФВ ЁЯРЫ isBipolar: true
тФФтФАтФАтФАтФАтФАтФАтФАтФАтФАтФАтФАтФАтФАтФАтФАтФАтФАтФАтФАтФАтФАтФАтФАтФАтФАтФАтФАтФАтФАтФАтФАтФАтФАтФАтФАтФАтФАтФАтФАтФАтФАтФАтФАтФАтФАтФАтФАтФАтФАтФАтФАтФАтФАтФАтФАтФАтФАтФАтФАтФАтФАтФАтФАтФАтФАтФАтФАтФАтФАтФАтФАтФАтФАтФАтФАтФАтФАтФАтФАтФАтФАтФАтФАтФАтФАтФАтФАтФАтФАтФАтФАтФАтФАтФАтФАтФАтФАтФАтФАтФАтФАтФАтФАтФАтФАтФАтФАтФАтФАтФАтФАтФАтФАтФАтФАтФАтФАтФАтФА
тФМтФАтФАтФАтФАтФАтФАтФАтФАтФАтФАтФАтФАтФАтФАтФАтФАтФАтФАтФАтФАтФАтФАтФАтФАтФАтФАтФАтФАтФАтФАтФАтФАтФАтФАтФАтФАтФАтФАтФАтФАтФАтФАтФАтФАтФАтФАтФАтФАтФАтФАтФАтФАтФАтФАтФАтФАтФАтФАтФАтФАтФАтФАтФАтФАтФАтФАтФАтФАтФАтФАтФАтФАтФАтФАтФАтФАтФАтФАтФАтФАтФАтФАтФАтФАтФАтФАтФАтФАтФАтФАтФАтФАтФАтФАтФАтФАтФАтФАтФАтФАтФАтФАтФАтФАтФАтФАтФАтФАтФАтФАтФАтФАтФАтФАтФАтФАтФАтФАтФА
тФВ #0   TestService.completeTest (package:psycho_tests/services/test_service.dart:47:15)
тФВ #1   main.<anonymous closure>.<anonymous closure> (file:///D:/Work/psycho_app/0.0.1.x_dev/test/services/test_service_test.dart:299:40)
тФЬтФДтФДтФДтФДтФДтФДтФДтФДтФДтФДтФДтФДтФДтФДтФДтФДтФДтФДтФДтФДтФДтФДтФДтФДтФДтФДтФДтФДтФДтФДтФДтФДтФДтФДтФДтФДтФДтФДтФДтФДтФДтФДтФДтФДтФДтФДтФДтФДтФДтФДтФДтФДтФДтФДтФДтФДтФДтФДтФДтФДтФДтФДтФДтФДтФДтФДтФДтФДтФДтФДтФДтФДтФДтФДтФДтФДтФДтФДтФДтФДтФДтФДтФДтФДтФДтФДтФДтФДтФДтФДтФДтФДтФДтФДтФДтФДтФДтФДтФДтФДтФДтФДтФДтФДтФДтФДтФДтФДтФДтФДтФДтФДтФДтФДтФДтФДтФДтФДтФД
тФВ ЁЯРЫ bipolarDimensions: [mbti_ei, mbti_sn, mbti_tf, mbti_jp]
тФФтФАтФАтФАтФАтФАтФАтФАтФАтФАтФАтФАтФАтФАтФАтФАтФАтФАтФАтФАтФАтФАтФАтФАтФАтФАтФАтФАтФАтФАтФАтФАтФАтФАтФАтФАтФАтФАтФАтФАтФАтФАтФАтФАтФАтФАтФАтФАтФАтФАтФАтФАтФАтФАтФАтФАтФАтФАтФАтФАтФАтФАтФАтФАтФАтФАтФАтФАтФАтФАтФАтФАтФАтФАтФАтФАтФАтФАтФАтФАтФАтФАтФАтФАтФАтФАтФАтФАтФАтФАтФАтФАтФАтФАтФАтФАтФАтФАтФАтФАтФАтФАтФАтФАтФАтФАтФАтФАтФАтФАтФАтФАтФАтФАтФАтФАтФАтФАтФАтФА
тФМтФАтФАтФАтФАтФАтФАтФАтФАтФАтФАтФАтФАтФАтФАтФАтФАтФАтФАтФАтФАтФАтФАтФАтФАтФАтФАтФАтФАтФАтФАтФАтФАтФАтФАтФАтФАтФАтФАтФАтФАтФАтФАтФАтФАтФАтФАтФАтФАтФАтФАтФАтФАтФАтФАтФАтФАтФАтФАтФАтФАтФАтФАтФАтФАтФАтФАтФАтФАтФАтФАтФАтФАтФАтФАтФАтФАтФАтФАтФАтФАтФАтФАтФАтФАтФАтФАтФАтФАтФАтФАтФАтФАтФАтФАтФАтФАтФАтФАтФАтФАтФАтФАтФАтФАтФАтФАтФАтФАтФАтФАтФАтФАтФАтФАтФАтФАтФАтФАтФА
тФВ #0   TestService.completeTest (package:psycho_tests/services/test_service.dart:51:17)
тФВ #1   main.<anonymous closure>.<anonymous closure> (file:///D:/Work/psycho_app/0.0.1.x_dev/test/services/test_service_test.dart:299:40)
тФЬтФДтФДтФДтФДтФДтФДтФДтФДтФДтФДтФДтФДтФДтФДтФДтФДтФДтФДтФДтФДтФДтФДтФДтФДтФДтФДтФДтФДтФДтФДтФДтФДтФДтФДтФДтФДтФДтФДтФДтФДтФДтФДтФДтФДтФДтФДтФДтФДтФДтФДтФДтФДтФДтФДтФДтФДтФДтФДтФДтФДтФДтФДтФДтФДтФДтФДтФДтФДтФДтФДтФДтФДтФДтФДтФДтФДтФДтФДтФДтФДтФДтФДтФДтФДтФДтФДтФДтФДтФДтФДтФДтФДтФДтФДтФДтФДтФДтФДтФДтФДтФДтФДтФДтФДтФДтФДтФДтФДтФДтФДтФДтФДтФДтФДтФДтФДтФДтФДтФД
тФВ ЁЯРЫ Multi-factor test detected
тФФтФАтФАтФАтФАтФАтФАтФАтФАтФАтФАтФАтФАтФАтФАтФАтФАтФАтФАтФАтФАтФАтФАтФАтФАтФАтФАтФАтФАтФАтФАтФАтФАтФАтФАтФАтФАтФАтФАтФАтФАтФАтФАтФАтФАтФАтФАтФАтФАтФАтФАтФАтФАтФАтФАтФАтФАтФАтФАтФАтФАтФАтФАтФАтФАтФАтФАтФАтФАтФАтФАтФАтФАтФАтФАтФАтФАтФАтФАтФАтФАтФАтФАтФАтФАтФАтФАтФАтФАтФАтФАтФАтФАтФАтФАтФАтФАтФАтФАтФАтФАтФАтФАтФАтФАтФАтФАтФАтФАтФАтФАтФАтФАтФАтФАтФАтФАтФАтФАтФА
тФМтФАтФАтФАтФАтФАтФАтФАтФАтФАтФАтФАтФАтФАтФАтФАтФАтФАтФАтФАтФАтФАтФАтФАтФАтФАтФАтФАтФАтФАтФАтФАтФАтФАтФАтФАтФАтФАтФАтФАтФАтФАтФАтФАтФАтФАтФАтФАтФАтФАтФАтФАтФАтФАтФАтФАтФАтФАтФАтФАтФАтФАтФАтФАтФАтФАтФАтФАтФАтФАтФАтФАтФАтФАтФАтФАтФАтФАтФАтФАтФАтФАтФАтФАтФАтФАтФАтФАтФАтФАтФАтФАтФАтФАтФАтФАтФАтФАтФАтФАтФАтФАтФАтФАтФАтФАтФАтФАтФАтФАтФАтФАтФАтФАтФАтФАтФАтФАтФАтФА
тФВ #0   TestService.completeTest (package:psycho_tests/services/test_service.dart:54:19)
тФВ #1   main.<anonymous closure>.<anonymous closure> (file:///D:/Work/psycho_app/0.0.1.x_dev/test/services/test_service_test.dart:299:40)
тФЬтФДтФДтФДтФДтФДтФДтФДтФДтФДтФДтФДтФДтФДтФДтФДтФДтФДтФДтФДтФДтФДтФДтФДтФДтФДтФДтФДтФДтФДтФДтФДтФДтФДтФДтФДтФДтФДтФДтФДтФДтФДтФДтФДтФДтФДтФДтФДтФДтФДтФДтФДтФДтФДтФДтФДтФДтФДтФДтФДтФДтФДтФДтФДтФДтФДтФДтФДтФДтФДтФДтФДтФДтФДтФДтФДтФДтФДтФДтФДтФДтФДтФДтФДтФДтФДтФДтФДтФДтФДтФДтФДтФДтФДтФДтФДтФДтФДтФДтФДтФДтФДтФДтФДтФДтФДтФДтФДтФДтФДтФДтФДтФДтФДтФДтФДтФДтФДтФДтФД
тФВ ЁЯРЫ Calling _completeBipolarTest()
тФФтФАтФАтФАтФАтФАтФАтФАтФАтФАтФАтФАтФАтФАтФАтФАтФАтФАтФАтФАтФАтФАтФАтФАтФАтФАтФАтФАтФАтФАтФАтФАтФАтФАтФАтФАтФАтФАтФАтФАтФАтФАтФАтФАтФАтФАтФАтФАтФАтФАтФАтФАтФАтФАтФАтФАтФАтФАтФАтФАтФАтФАтФАтФАтФАтФАтФАтФАтФАтФАтФАтФАтФАтФАтФАтФАтФАтФАтФАтФАтФАтФАтФАтФАтФАтФАтФАтФАтФАтФАтФАтФАтФАтФАтФАтФАтФАтФАтФАтФАтФАтФАтФАтФАтФАтФАтФАтФАтФАтФАтФАтФАтФАтФАтФАтФАтФАтФАтФАтФА
тФМтФАтФАтФАтФАтФАтФАтФАтФАтФАтФАтФАтФАтФАтФАтФАтФАтФАтФАтФАтФАтФАтФАтФАтФАтФАтФАтФАтФАтФАтФАтФАтФАтФАтФАтФАтФАтФАтФАтФАтФАтФАтФАтФАтФАтФАтФАтФАтФАтФАтФАтФАтФАтФАтФАтФАтФАтФАтФАтФАтФАтФАтФАтФАтФАтФАтФАтФАтФАтФАтФАтФАтФАтФАтФАтФАтФАтФАтФАтФАтФАтФАтФАтФАтФАтФАтФАтФАтФАтФАтФАтФАтФАтФАтФАтФАтФАтФАтФАтФАтФАтФАтФАтФАтФАтФАтФАтФАтФАтФАтФАтФАтФАтФАтФАтФАтФАтФАтФАтФА
тФВ #0   TestService._completeBipolarTest (package:psycho_tests/services/test_service.dart:366:15)
тФВ #1   TestService.completeTest (package:psycho_tests/services/test_service.dart:55:16)
тФЬтФДтФДтФДтФДтФДтФДтФДтФДтФДтФДтФДтФДтФДтФДтФДтФДтФДтФДтФДтФДтФДтФДтФДтФДтФДтФДтФДтФДтФДтФДтФДтФДтФДтФДтФДтФДтФДтФДтФДтФДтФДтФДтФДтФДтФДтФДтФДтФДтФДтФДтФДтФДтФДтФДтФДтФДтФДтФДтФДтФДтФДтФДтФДтФДтФДтФДтФДтФДтФДтФДтФДтФДтФДтФДтФДтФДтФДтФДтФДтФДтФДтФДтФДтФДтФДтФДтФДтФДтФДтФДтФДтФДтФДтФДтФДтФДтФДтФДтФДтФДтФДтФДтФДтФДтФДтФДтФДтФДтФДтФДтФДтФДтФДтФДтФДтФДтФДтФДтФД
тФВ ЁЯРЫ ===== START _completeBipolarTest() (UNIPOLAR V2 ALGORITHM) =====
тФФтФАтФАтФАтФАтФАтФАтФАтФАтФАтФАтФАтФАтФАтФАтФАтФАтФАтФАтФАтФАтФАтФАтФАтФАтФАтФАтФАтФАтФАтФАтФАтФАтФАтФАтФАтФАтФАтФАтФАтФАтФАтФАтФАтФАтФАтФАтФАтФАтФАтФАтФАтФАтФАтФАтФАтФАтФАтФАтФАтФАтФАтФАтФАтФАтФАтФАтФАтФАтФАтФАтФАтФАтФАтФАтФАтФАтФАтФАтФАтФАтФАтФАтФАтФАтФАтФАтФАтФАтФАтФАтФАтФАтФАтФАтФАтФАтФАтФАтФАтФАтФАтФАтФАтФАтФАтФАтФАтФАтФАтФАтФАтФАтФАтФАтФАтФАтФАтФАтФА
тФМтФАтФАтФАтФАтФАтФАтФАтФАтФАтФАтФАтФАтФАтФАтФАтФАтФАтФАтФАтФАтФАтФАтФАтФАтФАтФАтФАтФАтФАтФАтФАтФАтФАтФАтФАтФАтФАтФАтФАтФАтФАтФАтФАтФАтФАтФАтФАтФАтФАтФАтФАтФАтФАтФАтФАтФАтФАтФАтФАтФАтФАтФАтФАтФАтФАтФАтФАтФАтФАтФАтФАтФАтФАтФАтФАтФАтФАтФАтФАтФАтФАтФАтФАтФАтФАтФАтФАтФАтФАтФАтФАтФАтФАтФАтФАтФАтФАтФАтФАтФАтФАтФАтФАтФАтФАтФАтФАтФАтФАтФАтФАтФАтФАтФАтФАтФАтФАтФАтФА
тФВ #0   TestService._completeBipolarTest (package:psycho_tests/services/test_service.dart:367:15)
тФВ #1   TestService.completeTest (package:psycho_tests/services/test_service.dart:55:16)
тФЬтФДтФДтФДтФДтФДтФДтФДтФДтФДтФДтФДтФДтФДтФДтФДтФДтФДтФДтФДтФДтФДтФДтФДтФДтФДтФДтФДтФДтФДтФДтФДтФДтФДтФДтФДтФДтФДтФДтФДтФДтФДтФДтФДтФДтФДтФДтФДтФДтФДтФДтФДтФДтФДтФДтФДтФДтФДтФДтФДтФДтФДтФДтФДтФДтФДтФДтФДтФДтФДтФДтФДтФДтФДтФДтФДтФДтФДтФДтФДтФДтФДтФДтФДтФДтФДтФДтФДтФДтФДтФДтФДтФДтФДтФДтФДтФДтФДтФДтФДтФДтФДтФДтФДтФДтФДтФДтФДтФДтФДтФДтФДтФДтФДтФДтФДтФДтФДтФДтФД
тФВ ЁЯРЫ Total questions in test: 80
тФФтФАтФАтФАтФАтФАтФАтФАтФАтФАтФАтФАтФАтФАтФАтФАтФАтФАтФАтФАтФАтФАтФАтФАтФАтФАтФАтФАтФАтФАтФАтФАтФАтФАтФАтФАтФАтФАтФАтФАтФАтФАтФАтФАтФАтФАтФАтФАтФАтФАтФАтФАтФАтФАтФАтФАтФАтФАтФАтФАтФАтФАтФАтФАтФАтФАтФАтФАтФАтФАтФАтФАтФАтФАтФАтФАтФАтФАтФАтФАтФАтФАтФАтФАтФАтФАтФАтФАтФАтФАтФАтФАтФАтФАтФАтФАтФАтФАтФАтФАтФАтФАтФАтФАтФАтФАтФАтФАтФАтФАтФАтФАтФАтФАтФАтФАтФАтФАтФАтФА
тФМтФАтФАтФАтФАтФАтФАтФАтФАтФАтФАтФАтФАтФАтФАтФАтФАтФАтФАтФАтФАтФАтФАтФАтФАтФАтФАтФАтФАтФАтФАтФАтФАтФАтФАтФАтФАтФАтФАтФАтФАтФАтФАтФАтФАтФАтФАтФАтФАтФАтФАтФАтФАтФАтФАтФАтФАтФАтФАтФАтФАтФАтФАтФАтФАтФАтФАтФАтФАтФАтФАтФАтФАтФАтФАтФАтФАтФАтФАтФАтФАтФАтФАтФАтФАтФАтФАтФАтФАтФАтФАтФАтФАтФАтФАтФАтФАтФАтФАтФАтФАтФАтФАтФАтФАтФАтФАтФАтФАтФАтФАтФАтФАтФАтФАтФАтФАтФАтФАтФА
тФВ #0   TestService._completeBipolarTest (package:psycho_tests/services/test_service.dart:368:15)
тФВ #1   TestService.completeTest (package:psycho_tests/services/test_service.dart:55:16)
тФЬтФДтФДтФДтФДтФДтФДтФДтФДтФДтФДтФДтФДтФДтФДтФДтФДтФДтФДтФДтФДтФДтФДтФДтФДтФДтФДтФДтФДтФДтФДтФДтФДтФДтФДтФДтФДтФДтФДтФДтФДтФДтФДтФДтФДтФДтФДтФДтФДтФДтФДтФДтФДтФДтФДтФДтФДтФДтФДтФДтФДтФДтФДтФДтФДтФДтФДтФДтФДтФДтФДтФДтФДтФДтФДтФДтФДтФДтФДтФДтФДтФДтФДтФДтФДтФДтФДтФДтФДтФДтФДтФДтФДтФДтФДтФДтФДтФДтФДтФДтФДтФДтФДтФДтФДтФДтФДтФДтФДтФДтФДтФДтФДтФДтФДтФДтФДтФДтФДтФД
тФВ ЁЯРЫ Total answers: 80
тФФтФАтФАтФАтФАтФАтФАтФАтФАтФАтФАтФАтФАтФАтФАтФАтФАтФАтФАтФАтФАтФАтФАтФАтФАтФАтФАтФАтФАтФАтФАтФАтФАтФАтФАтФАтФАтФАтФАтФАтФАтФАтФАтФАтФАтФАтФАтФАтФАтФАтФАтФАтФАтФАтФАтФАтФАтФАтФАтФАтФАтФАтФАтФАтФАтФАтФАтФАтФАтФАтФАтФАтФАтФАтФАтФАтФАтФАтФАтФАтФАтФАтФАтФАтФАтФАтФАтФАтФАтФАтФАтФАтФАтФАтФАтФАтФАтФАтФАтФАтФАтФАтФАтФАтФАтФАтФАтФАтФАтФАтФАтФАтФАтФАтФАтФАтФАтФАтФАтФА
тФМтФАтФАтФАтФАтФАтФАтФАтФАтФАтФАтФАтФАтФАтФАтФАтФАтФАтФАтФАтФАтФАтФАтФАтФАтФАтФАтФАтФАтФАтФАтФАтФАтФАтФАтФАтФАтФАтФАтФАтФАтФАтФАтФАтФАтФАтФАтФАтФАтФАтФАтФАтФАтФАтФАтФАтФАтФАтФАтФАтФАтФАтФАтФАтФАтФАтФАтФАтФАтФАтФАтФАтФАтФАтФАтФАтФАтФАтФАтФАтФАтФАтФАтФАтФАтФАтФАтФАтФАтФАтФАтФАтФАтФАтФАтФАтФАтФАтФАтФАтФАтФАтФАтФАтФАтФАтФАтФАтФАтФАтФАтФАтФАтФАтФАтФАтФАтФАтФАтФА
тФВ #0   TestService._completeBipolarTest (package:psycho_tests/services/test_service.dart:400:15)
тФВ #1   TestService.completeTest (package:psycho_tests/services/test_service.dart:55:16)
тФЬтФДтФДтФДтФДтФДтФДтФДтФДтФДтФДтФДтФДтФДтФДтФДтФДтФДтФДтФДтФДтФДтФДтФДтФДтФДтФДтФДтФДтФДтФДтФДтФДтФДтФДтФДтФДтФДтФДтФДтФДтФДтФДтФДтФДтФДтФДтФДтФДтФДтФДтФДтФДтФДтФДтФДтФДтФДтФДтФДтФДтФДтФДтФДтФДтФДтФДтФДтФДтФДтФДтФДтФДтФДтФДтФДтФДтФДтФДтФДтФДтФДтФДтФДтФДтФДтФДтФДтФДтФДтФДтФДтФДтФДтФДтФДтФДтФДтФДтФДтФДтФДтФДтФДтФДтФДтФДтФДтФДтФДтФДтФДтФДтФДтФДтФДтФДтФДтФДтФД
тФВ ЁЯРЫ Starting question loop with targetScale method...
тФФтФАтФАтФАтФАтФАтФАтФАтФАтФАтФАтФАтФАтФАтФАтФАтФАтФАтФАтФАтФАтФАтФАтФАтФАтФАтФАтФАтФАтФАтФАтФАтФАтФАтФАтФАтФАтФАтФАтФАтФАтФАтФАтФАтФАтФАтФАтФАтФАтФАтФАтФАтФАтФАтФАтФАтФАтФАтФАтФАтФАтФАтФАтФАтФАтФАтФАтФАтФАтФАтФАтФАтФАтФАтФАтФАтФАтФАтФАтФАтФАтФАтФАтФАтФАтФАтФАтФАтФАтФАтФАтФАтФАтФАтФАтФАтФАтФАтФАтФАтФАтФАтФАтФАтФАтФАтФАтФАтФАтФАтФАтФАтФАтФАтФАтФАтФАтФАтФАтФА
тФМтФАтФАтФАтФАтФАтФАтФАтФАтФАтФАтФАтФАтФАтФАтФАтФАтФАтФАтФАтФАтФАтФАтФАтФАтФАтФАтФАтФАтФАтФАтФАтФАтФАтФАтФАтФАтФАтФАтФАтФАтФАтФАтФАтФАтФАтФАтФАтФАтФАтФАтФАтФАтФАтФАтФАтФАтФАтФАтФАтФАтФАтФАтФАтФАтФАтФАтФАтФАтФАтФАтФАтФАтФАтФАтФАтФАтФАтФАтФАтФАтФАтФАтФАтФАтФАтФАтФАтФАтФАтФАтФАтФАтФАтФАтФАтФАтФАтФАтФАтФАтФАтФАтФАтФАтФАтФАтФАтФАтФАтФАтФАтФАтФАтФАтФАтФАтФАтФАтФА
тФВ #0   TestService._completeBipolarTest (package:psycho_tests/services/test_service.dart:425:23)
тФВ #1   TestService.completeTest (package:psycho_tests/services/test_service.dart:55:16)
тФЬтФДтФДтФДтФДтФДтФДтФДтФДтФДтФДтФДтФДтФДтФДтФДтФДтФДтФДтФДтФДтФДтФДтФДтФДтФДтФДтФДтФДтФДтФДтФДтФДтФДтФДтФДтФДтФДтФДтФДтФДтФДтФДтФДтФДтФДтФДтФДтФДтФДтФДтФДтФДтФДтФДтФДтФДтФДтФДтФДтФДтФДтФДтФДтФДтФДтФДтФДтФДтФДтФДтФДтФДтФДтФДтФДтФДтФДтФДтФДтФДтФДтФДтФДтФДтФДтФДтФДтФДтФДтФДтФДтФДтФДтФДтФДтФДтФДтФДтФДтФДтФДтФДтФДтФДтФДтФДтФДтФДтФДтФДтФДтФДтФДтФДтФДтФДтФДтФДтФД
тФВ ЁЯРЫ Qq1: targetScale=extraversion, score=3
тФФтФАтФАтФАтФАтФАтФАтФАтФАтФАтФАтФАтФАтФАтФАтФАтФАтФАтФАтФАтФАтФАтФАтФАтФАтФАтФАтФАтФАтФАтФАтФАтФАтФАтФАтФАтФАтФАтФАтФАтФАтФАтФАтФАтФАтФАтФАтФАтФАтФАтФАтФАтФАтФАтФАтФАтФАтФАтФАтФАтФАтФАтФАтФАтФАтФАтФАтФАтФАтФАтФАтФАтФАтФАтФАтФАтФАтФАтФАтФАтФАтФАтФАтФАтФАтФАтФАтФАтФАтФАтФАтФАтФАтФАтФАтФАтФАтФАтФАтФАтФАтФАтФАтФАтФАтФАтФАтФАтФАтФАтФАтФАтФАтФАтФАтФАтФАтФАтФАтФА
тФМтФАтФАтФАтФАтФАтФАтФАтФАтФАтФАтФАтФАтФАтФАтФАтФАтФАтФАтФАтФАтФАтФАтФАтФАтФАтФАтФАтФАтФАтФАтФАтФАтФАтФАтФАтФАтФАтФАтФАтФАтФАтФАтФАтФАтФАтФАтФАтФАтФАтФАтФАтФАтФАтФАтФАтФАтФАтФАтФАтФАтФАтФАтФАтФАтФАтФАтФАтФАтФАтФАтФАтФАтФАтФАтФАтФАтФАтФАтФАтФАтФАтФАтФАтФАтФАтФАтФАтФАтФАтФАтФАтФАтФАтФАтФАтФАтФАтФАтФАтФАтФАтФАтФАтФАтФАтФАтФАтФАтФАтФАтФАтФАтФАтФАтФАтФАтФАтФАтФА
тФВ #0   TestService._completeBipolarTest (package:psycho_tests/services/test_service.dart:425:23)
тФВ #1   TestService.completeTest (package:psycho_tests/services/test_service.dart:55:16)
тФЬтФДтФДтФДтФДтФДтФДтФДтФДтФДтФДтФДтФДтФДтФДтФДтФДтФДтФДтФДтФДтФДтФДтФДтФДтФДтФДтФДтФДтФДтФДтФДтФДтФДтФДтФДтФДтФДтФДтФДтФДтФДтФДтФДтФДтФДтФДтФДтФДтФДтФДтФДтФДтФДтФДтФДтФДтФДтФДтФДтФДтФДтФДтФДтФДтФДтФДтФДтФДтФДтФДтФДтФДтФДтФДтФДтФДтФДтФДтФДтФДтФДтФДтФДтФДтФДтФДтФДтФДтФДтФДтФДтФДтФДтФДтФДтФДтФДтФДтФДтФДтФДтФДтФДтФДтФДтФДтФДтФДтФДтФДтФДтФДтФДтФДтФДтФДтФДтФДтФД
тФВ ЁЯРЫ Qq2: targetScale=extraversion, score=3
тФФтФАтФАтФАтФАтФАтФАтФАтФАтФАтФАтФАтФАтФАтФАтФАтФАтФАтФАтФАтФАтФАтФАтФАтФАтФАтФАтФАтФАтФАтФАтФАтФАтФАтФАтФАтФАтФАтФАтФАтФАтФАтФАтФАтФАтФАтФАтФАтФАтФАтФАтФАтФАтФАтФАтФАтФАтФАтФАтФАтФАтФАтФАтФАтФАтФАтФАтФАтФАтФАтФАтФАтФАтФАтФАтФАтФАтФАтФАтФАтФАтФАтФАтФАтФАтФАтФАтФАтФАтФАтФАтФАтФАтФАтФАтФАтФАтФАтФАтФАтФАтФАтФАтФАтФАтФАтФАтФАтФАтФАтФАтФАтФАтФАтФАтФАтФАтФАтФАтФА
тФМтФАтФАтФАтФАтФАтФАтФАтФАтФАтФАтФАтФАтФАтФАтФАтФАтФАтФАтФАтФАтФАтФАтФАтФАтФАтФАтФАтФАтФАтФАтФАтФАтФАтФАтФАтФАтФАтФАтФАтФАтФАтФАтФАтФАтФАтФАтФАтФАтФАтФАтФАтФАтФАтФАтФАтФАтФАтФАтФАтФАтФАтФАтФАтФАтФАтФАтФАтФАтФАтФАтФАтФАтФАтФАтФАтФАтФАтФАтФАтФАтФАтФАтФАтФАтФАтФАтФАтФАтФАтФАтФАтФАтФАтФАтФАтФАтФАтФАтФАтФАтФАтФАтФАтФАтФАтФАтФАтФАтФАтФАтФАтФАтФАтФАтФАтФАтФАтФАтФА
тФВ #0   TestService._completeBipolarTest (package:psycho_tests/services/test_service.dart:425:23)
тФВ #1   TestService.completeTest (package:psycho_tests/services/test_service.dart:55:16)
тФЬтФДтФДтФДтФДтФДтФДтФДтФДтФДтФДтФДтФДтФДтФДтФДтФДтФДтФДтФДтФДтФДтФДтФДтФДтФДтФДтФДтФДтФДтФДтФДтФДтФДтФДтФДтФДтФДтФДтФДтФДтФДтФДтФДтФДтФДтФДтФДтФДтФДтФДтФДтФДтФДтФДтФДтФДтФДтФДтФДтФДтФДтФДтФДтФДтФДтФДтФДтФДтФДтФДтФДтФДтФДтФДтФДтФДтФДтФДтФДтФДтФДтФДтФДтФДтФДтФДтФДтФДтФДтФДтФДтФДтФДтФДтФДтФДтФДтФДтФДтФДтФДтФДтФДтФДтФДтФДтФДтФДтФДтФДтФДтФДтФДтФДтФДтФДтФДтФДтФД
тФВ ЁЯРЫ Qq3: targetScale=extraversion, score=3
тФФтФАтФАтФАтФАтФАтФАтФАтФАтФАтФАтФАтФАтФАтФАтФАтФАтФАтФАтФАтФАтФАтФАтФАтФАтФАтФАтФАтФАтФАтФАтФАтФАтФАтФАтФАтФАтФАтФАтФАтФАтФАтФАтФАтФАтФАтФАтФАтФАтФАтФАтФАтФАтФАтФАтФАтФАтФАтФАтФАтФАтФАтФАтФАтФАтФАтФАтФАтФАтФАтФАтФАтФАтФАтФАтФАтФАтФАтФАтФАтФАтФАтФАтФАтФАтФАтФАтФАтФАтФАтФАтФАтФАтФАтФАтФАтФАтФАтФАтФАтФАтФАтФАтФАтФАтФАтФАтФАтФАтФАтФАтФАтФАтФАтФАтФАтФАтФАтФАтФА
тФМтФАтФАтФАтФАтФАтФАтФАтФАтФАтФАтФАтФАтФАтФАтФАтФАтФАтФАтФАтФАтФАтФАтФАтФАтФАтФАтФАтФАтФАтФАтФАтФАтФАтФАтФАтФАтФАтФАтФАтФАтФАтФАтФАтФАтФАтФАтФАтФАтФАтФАтФАтФАтФАтФАтФАтФАтФАтФАтФАтФАтФАтФАтФАтФАтФАтФАтФАтФАтФАтФАтФАтФАтФАтФАтФАтФАтФАтФАтФАтФАтФАтФАтФАтФАтФАтФАтФАтФАтФАтФАтФАтФАтФАтФАтФАтФАтФАтФАтФАтФАтФАтФАтФАтФАтФАтФАтФАтФАтФАтФАтФАтФАтФАтФАтФАтФАтФАтФАтФА
тФВ #0   TestService._completeBipolarTest (package:psycho_tests/services/test_service.dart:425:23)
тФВ #1   TestService.completeTest (package:psycho_tests/services/test_service.dart:55:16)
тФЬтФДтФДтФДтФДтФДтФДтФДтФДтФДтФДтФДтФДтФДтФДтФДтФДтФДтФДтФДтФДтФДтФДтФДтФДтФДтФДтФДтФДтФДтФДтФДтФДтФДтФДтФДтФДтФДтФДтФДтФДтФДтФДтФДтФДтФДтФДтФДтФДтФДтФДтФДтФДтФДтФДтФДтФДтФДтФДтФДтФДтФДтФДтФДтФДтФДтФДтФДтФДтФДтФДтФДтФДтФДтФДтФДтФДтФДтФДтФДтФДтФДтФДтФДтФДтФДтФДтФДтФДтФДтФДтФДтФДтФДтФДтФДтФДтФДтФДтФДтФДтФДтФДтФДтФДтФДтФДтФДтФДтФДтФДтФДтФДтФДтФДтФДтФДтФДтФДтФД
тФВ ЁЯРЫ Qq4: targetScale=introversion, score=3
тФФтФАтФАтФАтФАтФАтФАтФАтФАтФАтФАтФАтФАтФАтФАтФАтФАтФАтФАтФАтФАтФАтФАтФАтФАтФАтФАтФАтФАтФАтФАтФАтФАтФАтФАтФАтФАтФАтФАтФАтФАтФАтФАтФАтФАтФАтФАтФАтФАтФАтФАтФАтФАтФАтФАтФАтФАтФАтФАтФАтФАтФАтФАтФАтФАтФАтФАтФАтФАтФАтФАтФАтФАтФАтФАтФАтФАтФАтФАтФАтФАтФАтФАтФАтФАтФАтФАтФАтФАтФАтФАтФАтФАтФАтФАтФАтФАтФАтФАтФАтФАтФАтФАтФАтФАтФАтФАтФАтФАтФАтФАтФАтФАтФАтФАтФАтФАтФАтФАтФА
тФМтФАтФАтФАтФАтФАтФАтФАтФАтФАтФАтФАтФАтФАтФАтФАтФАтФАтФАтФАтФАтФАтФАтФАтФАтФАтФАтФАтФАтФАтФАтФАтФАтФАтФАтФАтФАтФАтФАтФАтФАтФАтФАтФАтФАтФАтФАтФАтФАтФАтФАтФАтФАтФАтФАтФАтФАтФАтФАтФАтФАтФАтФАтФАтФАтФАтФАтФАтФАтФАтФАтФАтФАтФАтФАтФАтФАтФАтФАтФАтФАтФАтФАтФАтФАтФАтФАтФАтФАтФАтФАтФАтФАтФАтФАтФАтФАтФАтФАтФАтФАтФАтФАтФАтФАтФАтФАтФАтФАтФАтФАтФАтФАтФАтФАтФАтФАтФАтФАтФА
тФВ #0   TestService._completeBipolarTest (package:psycho_tests/services/test_service.dart:425:23)
тФВ #1   TestService.completeTest (package:psycho_tests/services/test_service.dart:55:16)
тФЬтФДтФДтФДтФДтФДтФДтФДтФДтФДтФДтФДтФДтФДтФДтФДтФДтФДтФДтФДтФДтФДтФДтФДтФДтФДтФДтФДтФДтФДтФДтФДтФДтФДтФДтФДтФДтФДтФДтФДтФДтФДтФДтФДтФДтФДтФДтФДтФДтФДтФДтФДтФДтФДтФДтФДтФДтФДтФДтФДтФДтФДтФДтФДтФДтФДтФДтФДтФДтФДтФДтФДтФДтФДтФДтФДтФДтФДтФДтФДтФДтФДтФДтФДтФДтФДтФДтФДтФДтФДтФДтФДтФДтФДтФДтФДтФДтФДтФДтФДтФДтФДтФДтФДтФДтФДтФДтФДтФДтФДтФДтФДтФДтФДтФДтФДтФДтФДтФДтФД
тФВ ЁЯРЫ Qq5: targetScale=introversion, score=3
тФФтФАтФАтФАтФАтФАтФАтФАтФАтФАтФАтФАтФАтФАтФАтФАтФАтФАтФАтФАтФАтФАтФАтФАтФАтФАтФАтФАтФАтФАтФАтФАтФАтФАтФАтФАтФАтФАтФАтФАтФАтФАтФАтФАтФАтФАтФАтФАтФАтФАтФАтФАтФАтФАтФАтФАтФАтФАтФАтФАтФАтФАтФАтФАтФАтФАтФАтФАтФАтФАтФАтФАтФАтФАтФАтФАтФАтФАтФАтФАтФАтФАтФАтФАтФАтФАтФАтФАтФАтФАтФАтФАтФАтФАтФАтФАтФАтФАтФАтФАтФАтФАтФАтФАтФАтФАтФАтФАтФАтФАтФАтФАтФАтФАтФАтФАтФАтФАтФАтФА
тФМтФАтФАтФАтФАтФАтФАтФАтФАтФАтФАтФАтФАтФАтФАтФАтФАтФАтФАтФАтФАтФАтФАтФАтФАтФАтФАтФАтФАтФАтФАтФАтФАтФАтФАтФАтФАтФАтФАтФАтФАтФАтФАтФАтФАтФАтФАтФАтФАтФАтФАтФАтФАтФАтФАтФАтФАтФАтФАтФАтФАтФАтФАтФАтФАтФАтФАтФАтФАтФАтФАтФАтФАтФАтФАтФАтФАтФАтФАтФАтФАтФАтФАтФАтФАтФАтФАтФАтФАтФАтФАтФАтФАтФАтФАтФАтФАтФАтФАтФАтФАтФАтФАтФАтФАтФАтФАтФАтФАтФАтФАтФАтФАтФАтФАтФАтФАтФАтФАтФА
тФВ #0   TestService._completeBipolarTest (package:psycho_tests/services/test_service.dart:425:23)
тФВ #1   TestService.completeTest (package:psycho_tests/services/test_service.dart:55:16)
тФЬтФДтФДтФДтФДтФДтФДтФДтФДтФДтФДтФДтФДтФДтФДтФДтФДтФДтФДтФДтФДтФДтФДтФДтФДтФДтФДтФДтФДтФДтФДтФДтФДтФДтФДтФДтФДтФДтФДтФДтФДтФДтФДтФДтФДтФДтФДтФДтФДтФДтФДтФДтФДтФДтФДтФДтФДтФДтФДтФДтФДтФДтФДтФДтФДтФДтФДтФДтФДтФДтФДтФДтФДтФДтФДтФДтФДтФДтФДтФДтФДтФДтФДтФДтФДтФДтФДтФДтФДтФДтФДтФДтФДтФДтФДтФДтФДтФДтФДтФДтФДтФДтФДтФДтФДтФДтФДтФДтФДтФДтФДтФДтФДтФДтФДтФДтФДтФДтФДтФД
тФВ ЁЯРЫ Qq6: targetScale=introversion, score=3
тФФтФАтФАтФАтФАтФАтФАтФАтФАтФАтФАтФАтФАтФАтФАтФАтФАтФАтФАтФАтФАтФАтФАтФАтФАтФАтФАтФАтФАтФАтФАтФАтФАтФАтФАтФАтФАтФАтФАтФАтФАтФАтФАтФАтФАтФАтФАтФАтФАтФАтФАтФАтФАтФАтФАтФАтФАтФАтФАтФАтФАтФАтФАтФАтФАтФАтФАтФАтФАтФАтФАтФАтФАтФАтФАтФАтФАтФАтФАтФАтФАтФАтФАтФАтФАтФАтФАтФАтФАтФАтФАтФАтФАтФАтФАтФАтФАтФАтФАтФАтФАтФАтФАтФАтФАтФАтФАтФАтФАтФАтФАтФАтФАтФАтФАтФАтФАтФАтФАтФА
тФМтФАтФАтФАтФАтФАтФАтФАтФАтФАтФАтФАтФАтФАтФАтФАтФАтФАтФАтФАтФАтФАтФАтФАтФАтФАтФАтФАтФАтФАтФАтФАтФАтФАтФАтФАтФАтФАтФАтФАтФАтФАтФАтФАтФАтФАтФАтФАтФАтФАтФАтФАтФАтФАтФАтФАтФАтФАтФАтФАтФАтФАтФАтФАтФАтФАтФАтФАтФАтФАтФАтФАтФАтФАтФАтФАтФАтФАтФАтФАтФАтФАтФАтФАтФАтФАтФАтФАтФАтФАтФАтФАтФАтФАтФАтФАтФАтФАтФАтФАтФАтФАтФАтФАтФАтФАтФАтФАтФАтФАтФАтФАтФАтФАтФАтФАтФАтФАтФАтФА
тФВ #0   TestService._completeBipolarTest (package:psycho_tests/services/test_service.dart:425:23)
тФВ #1   TestService.completeTest (package:psycho_tests/services/test_service.dart:55:16)
тФЬтФДтФДтФДтФДтФДтФДтФДтФДтФДтФДтФДтФДтФДтФДтФДтФДтФДтФДтФДтФДтФДтФДтФДтФДтФДтФДтФДтФДтФДтФДтФДтФДтФДтФДтФДтФДтФДтФДтФДтФДтФДтФДтФДтФДтФДтФДтФДтФДтФДтФДтФДтФДтФДтФДтФДтФДтФДтФДтФДтФДтФДтФДтФДтФДтФДтФДтФДтФДтФДтФДтФДтФДтФДтФДтФДтФДтФДтФДтФДтФДтФДтФДтФДтФДтФДтФДтФДтФДтФДтФДтФДтФДтФДтФДтФДтФДтФДтФДтФДтФДтФДтФДтФДтФДтФДтФДтФДтФДтФДтФДтФДтФДтФДтФДтФДтФДтФДтФДтФД
тФВ ЁЯРЫ Qq7: targetScale=extraversion, score=3
тФФтФАтФАтФАтФАтФАтФАтФАтФАтФАтФАтФАтФАтФАтФАтФАтФАтФАтФАтФАтФАтФАтФАтФАтФАтФАтФАтФАтФАтФАтФАтФАтФАтФАтФАтФАтФАтФАтФАтФАтФАтФАтФАтФАтФАтФАтФАтФАтФАтФАтФАтФАтФАтФАтФАтФАтФАтФАтФАтФАтФАтФАтФАтФАтФАтФАтФАтФАтФАтФАтФАтФАтФАтФАтФАтФАтФАтФАтФАтФАтФАтФАтФАтФАтФАтФАтФАтФАтФАтФАтФАтФАтФАтФАтФАтФАтФАтФАтФАтФАтФАтФАтФАтФАтФАтФАтФАтФАтФАтФАтФАтФАтФАтФАтФАтФАтФАтФАтФАтФА
тФМтФАтФАтФАтФАтФАтФАтФАтФАтФАтФАтФАтФАтФАтФАтФАтФАтФАтФАтФАтФАтФАтФАтФАтФАтФАтФАтФАтФАтФАтФАтФАтФАтФАтФАтФАтФАтФАтФАтФАтФАтФАтФАтФАтФАтФАтФАтФАтФАтФАтФАтФАтФАтФАтФАтФАтФАтФАтФАтФАтФАтФАтФАтФАтФАтФАтФАтФАтФАтФАтФАтФАтФАтФАтФАтФАтФАтФАтФАтФАтФАтФАтФАтФАтФАтФАтФАтФАтФАтФАтФАтФАтФАтФАтФАтФАтФАтФАтФАтФАтФАтФАтФАтФАтФАтФАтФАтФАтФАтФАтФАтФАтФАтФАтФАтФАтФАтФАтФАтФА
тФВ #0   TestService._completeBipolarTest (package:psycho_tests/services/test_service.dart:425:23)
тФВ #1   TestService.completeTest (package:psycho_tests/services/test_service.dart:55:16)
тФЬтФДтФДтФДтФДтФДтФДтФДтФДтФДтФДтФДтФДтФДтФДтФДтФДтФДтФДтФДтФДтФДтФДтФДтФДтФДтФДтФДтФДтФДтФДтФДтФДтФДтФДтФДтФДтФДтФДтФДтФДтФДтФДтФДтФДтФДтФДтФДтФДтФДтФДтФДтФДтФДтФДтФДтФДтФДтФДтФДтФДтФДтФДтФДтФДтФДтФДтФДтФДтФДтФДтФДтФДтФДтФДтФДтФДтФДтФДтФДтФДтФДтФДтФДтФДтФДтФДтФДтФДтФДтФДтФДтФДтФДтФДтФДтФДтФДтФДтФДтФДтФДтФДтФДтФДтФДтФДтФДтФДтФДтФДтФДтФДтФДтФДтФДтФДтФДтФДтФД
тФВ ЁЯРЫ Qq8: targetScale=extraversion, score=3
тФФтФАтФАтФАтФАтФАтФАтФАтФАтФАтФАтФАтФАтФАтФАтФАтФАтФАтФАтФАтФАтФАтФАтФАтФАтФАтФАтФАтФАтФАтФАтФАтФАтФАтФАтФАтФАтФАтФАтФАтФАтФАтФАтФАтФАтФАтФАтФАтФАтФАтФАтФАтФАтФАтФАтФАтФАтФАтФАтФАтФАтФАтФАтФАтФАтФАтФАтФАтФАтФАтФАтФАтФАтФАтФАтФАтФАтФАтФАтФАтФАтФАтФАтФАтФАтФАтФАтФАтФАтФАтФАтФАтФАтФАтФАтФАтФАтФАтФАтФАтФАтФАтФАтФАтФАтФАтФАтФАтФАтФАтФАтФАтФАтФАтФАтФАтФАтФАтФАтФА
тФМтФАтФАтФАтФАтФАтФАтФАтФАтФАтФАтФАтФАтФАтФАтФАтФАтФАтФАтФАтФАтФАтФАтФАтФАтФАтФАтФАтФАтФАтФАтФАтФАтФАтФАтФАтФАтФАтФАтФАтФАтФАтФАтФАтФАтФАтФАтФАтФАтФАтФАтФАтФАтФАтФАтФАтФАтФАтФАтФАтФАтФАтФАтФАтФАтФАтФАтФАтФАтФАтФАтФАтФАтФАтФАтФАтФАтФАтФАтФАтФАтФАтФАтФАтФАтФАтФАтФАтФАтФАтФАтФАтФАтФАтФАтФАтФАтФАтФАтФАтФАтФАтФАтФАтФАтФАтФАтФАтФАтФАтФАтФАтФАтФАтФАтФАтФАтФАтФАтФА
тФВ #0   TestService._completeBipolarTest (package:psycho_tests/services/test_service.dart:425:23)
тФВ #1   TestService.completeTest (package:psycho_tests/services/test_service.dart:55:16)
тФЬтФДтФДтФДтФДтФДтФДтФДтФДтФДтФДтФДтФДтФДтФДтФДтФДтФДтФДтФДтФДтФДтФДтФДтФДтФДтФДтФДтФДтФДтФДтФДтФДтФДтФДтФДтФДтФДтФДтФДтФДтФДтФДтФДтФДтФДтФДтФДтФДтФДтФДтФДтФДтФДтФДтФДтФДтФДтФДтФДтФДтФДтФДтФДтФДтФДтФДтФДтФДтФДтФДтФДтФДтФДтФДтФДтФДтФДтФДтФДтФДтФДтФДтФДтФДтФДтФДтФДтФДтФДтФДтФДтФДтФДтФДтФДтФДтФДтФДтФДтФДтФДтФДтФДтФДтФДтФДтФДтФДтФДтФДтФДтФДтФДтФДтФДтФДтФДтФДтФД
тФВ ЁЯРЫ Qq9: targetScale=introversion, score=3
тФФтФАтФАтФАтФАтФАтФАтФАтФАтФАтФАтФАтФАтФАтФАтФАтФАтФАтФАтФАтФАтФАтФАтФАтФАтФАтФАтФАтФАтФАтФАтФАтФАтФАтФАтФАтФАтФАтФАтФАтФАтФАтФАтФАтФАтФАтФАтФАтФАтФАтФАтФАтФАтФАтФАтФАтФАтФАтФАтФАтФАтФАтФАтФАтФАтФАтФАтФАтФАтФАтФАтФАтФАтФАтФАтФАтФАтФАтФАтФАтФАтФАтФАтФАтФАтФАтФАтФАтФАтФАтФАтФАтФАтФАтФАтФАтФАтФАтФАтФАтФАтФАтФАтФАтФАтФАтФАтФАтФАтФАтФАтФАтФАтФАтФАтФАтФАтФАтФАтФА
тФМтФАтФАтФАтФАтФАтФАтФАтФАтФАтФАтФАтФАтФАтФАтФАтФАтФАтФАтФАтФАтФАтФАтФАтФАтФАтФАтФАтФАтФАтФАтФАтФАтФАтФАтФАтФАтФАтФАтФАтФАтФАтФАтФАтФАтФАтФАтФАтФАтФАтФАтФАтФАтФАтФАтФАтФАтФАтФАтФАтФАтФАтФАтФАтФАтФАтФАтФАтФАтФАтФАтФАтФАтФАтФАтФАтФАтФАтФАтФАтФАтФАтФАтФАтФАтФАтФАтФАтФАтФАтФАтФАтФАтФАтФАтФАтФАтФАтФАтФАтФАтФАтФАтФАтФАтФАтФАтФАтФАтФАтФАтФАтФАтФАтФАтФАтФАтФАтФАтФА
тФВ #0   TestService._completeBipolarTest (package:psycho_tests/services/test_service.dart:425:23)
тФВ #1   TestService.completeTest (package:psycho_tests/services/test_service.dart:55:16)
тФЬтФДтФДтФДтФДтФДтФДтФДтФДтФДтФДтФДтФДтФДтФДтФДтФДтФДтФДтФДтФДтФДтФДтФДтФДтФДтФДтФДтФДтФДтФДтФДтФДтФДтФДтФДтФДтФДтФДтФДтФДтФДтФДтФДтФДтФДтФДтФДтФДтФДтФДтФДтФДтФДтФДтФДтФДтФДтФДтФДтФДтФДтФДтФДтФДтФДтФДтФДтФДтФДтФДтФДтФДтФДтФДтФДтФДтФДтФДтФДтФДтФДтФДтФДтФДтФДтФДтФДтФДтФДтФДтФДтФДтФДтФДтФДтФДтФДтФДтФДтФДтФДтФДтФДтФДтФДтФДтФДтФДтФДтФДтФДтФДтФДтФДтФДтФДтФДтФДтФД
тФВ ЁЯРЫ Qq10: targetScale=introversion, score=3
тФФтФАтФАтФАтФАтФАтФАтФАтФАтФАтФАтФАтФАтФАтФАтФАтФАтФАтФАтФАтФАтФАтФАтФАтФАтФАтФАтФАтФАтФАтФАтФАтФАтФАтФАтФАтФАтФАтФАтФАтФАтФАтФАтФАтФАтФАтФАтФАтФАтФАтФАтФАтФАтФАтФАтФАтФАтФАтФАтФАтФАтФАтФАтФАтФАтФАтФАтФАтФАтФАтФАтФАтФАтФАтФАтФАтФАтФАтФАтФАтФАтФАтФАтФАтФАтФАтФАтФАтФАтФАтФАтФАтФАтФАтФАтФАтФАтФАтФАтФАтФАтФАтФАтФАтФАтФАтФАтФАтФАтФАтФАтФАтФАтФАтФАтФАтФАтФАтФАтФА
тФМтФАтФАтФАтФАтФАтФАтФАтФАтФАтФАтФАтФАтФАтФАтФАтФАтФАтФАтФАтФАтФАтФАтФАтФАтФАтФАтФАтФАтФАтФАтФАтФАтФАтФАтФАтФАтФАтФАтФАтФАтФАтФАтФАтФАтФАтФАтФАтФАтФАтФАтФАтФАтФАтФАтФАтФАтФАтФАтФАтФАтФАтФАтФАтФАтФАтФАтФАтФАтФАтФАтФАтФАтФАтФАтФАтФАтФАтФАтФАтФАтФАтФАтФАтФАтФАтФАтФАтФАтФАтФАтФАтФАтФАтФАтФАтФАтФАтФАтФАтФАтФАтФАтФАтФАтФАтФАтФАтФАтФАтФАтФАтФАтФАтФАтФАтФАтФАтФАтФА
тФВ #0   TestService._completeBipolarTest (package:psycho_tests/services/test_service.dart:425:23)
тФВ #1   TestService.completeTest (package:psycho_tests/services/test_service.dart:55:16)
тФЬтФДтФДтФДтФДтФДтФДтФДтФДтФДтФДтФДтФДтФДтФДтФДтФДтФДтФДтФДтФДтФДтФДтФДтФДтФДтФДтФДтФДтФДтФДтФДтФДтФДтФДтФДтФДтФДтФДтФДтФДтФДтФДтФДтФДтФДтФДтФДтФДтФДтФДтФДтФДтФДтФДтФДтФДтФДтФДтФДтФДтФДтФДтФДтФДтФДтФДтФДтФДтФДтФДтФДтФДтФДтФДтФДтФДтФДтФДтФДтФДтФДтФДтФДтФДтФДтФДтФДтФДтФДтФДтФДтФДтФДтФДтФДтФДтФДтФДтФДтФДтФДтФДтФДтФДтФДтФДтФДтФДтФДтФДтФДтФДтФДтФДтФДтФДтФДтФДтФД
тФВ ЁЯРЫ Qq11: targetScale=extraversion, score=3
тФФтФАтФАтФАтФАтФАтФАтФАтФАтФАтФАтФАтФАтФАтФАтФАтФАтФАтФАтФАтФАтФАтФАтФАтФАтФАтФАтФАтФАтФАтФАтФАтФАтФАтФАтФАтФАтФАтФАтФАтФАтФАтФАтФАтФАтФАтФАтФАтФАтФАтФАтФАтФАтФАтФАтФАтФАтФАтФАтФАтФАтФАтФАтФАтФАтФАтФАтФАтФАтФАтФАтФАтФАтФАтФАтФАтФАтФАтФАтФАтФАтФАтФАтФАтФАтФАтФАтФАтФАтФАтФАтФАтФАтФАтФАтФАтФАтФАтФАтФАтФАтФАтФАтФАтФАтФАтФАтФАтФАтФАтФАтФАтФАтФАтФАтФАтФАтФАтФАтФА
тФМтФАтФАтФАтФАтФАтФАтФАтФАтФАтФАтФАтФАтФАтФАтФАтФАтФАтФАтФАтФАтФАтФАтФАтФАтФАтФАтФАтФАтФАтФАтФАтФАтФАтФАтФАтФАтФАтФАтФАтФАтФАтФАтФАтФАтФАтФАтФАтФАтФАтФАтФАтФАтФАтФАтФАтФАтФАтФАтФАтФАтФАтФАтФАтФАтФАтФАтФАтФАтФАтФАтФАтФАтФАтФАтФАтФАтФАтФАтФАтФАтФАтФАтФАтФАтФАтФАтФАтФАтФАтФАтФАтФАтФАтФАтФАтФАтФАтФАтФАтФАтФАтФАтФАтФАтФАтФАтФАтФАтФАтФАтФАтФАтФАтФАтФАтФАтФАтФАтФА
тФВ #0   TestService._completeBipolarTest (package:psycho_tests/services/test_service.dart:425:23)
тФВ #1   TestService.completeTest (package:psycho_tests/services/test_service.dart:55:16)
тФЬтФДтФДтФДтФДтФДтФДтФДтФДтФДтФДтФДтФДтФДтФДтФДтФДтФДтФДтФДтФДтФДтФДтФДтФДтФДтФДтФДтФДтФДтФДтФДтФДтФДтФДтФДтФДтФДтФДтФДтФДтФДтФДтФДтФДтФДтФДтФДтФДтФДтФДтФДтФДтФДтФДтФДтФДтФДтФДтФДтФДтФДтФДтФДтФДтФДтФДтФДтФДтФДтФДтФДтФДтФДтФДтФДтФДтФДтФДтФДтФДтФДтФДтФДтФДтФДтФДтФДтФДтФДтФДтФДтФДтФДтФДтФДтФДтФДтФДтФДтФДтФДтФДтФДтФДтФДтФДтФДтФДтФДтФДтФДтФДтФДтФДтФДтФДтФДтФДтФД
тФВ ЁЯРЫ Qq12: targetScale=introversion, score=3
тФФтФАтФАтФАтФАтФАтФАтФАтФАтФАтФАтФАтФАтФАтФАтФАтФАтФАтФАтФАтФАтФАтФАтФАтФАтФАтФАтФАтФАтФАтФАтФАтФАтФАтФАтФАтФАтФАтФАтФАтФАтФАтФАтФАтФАтФАтФАтФАтФАтФАтФАтФАтФАтФАтФАтФАтФАтФАтФАтФАтФАтФАтФАтФАтФАтФАтФАтФАтФАтФАтФАтФАтФАтФАтФАтФАтФАтФАтФАтФАтФАтФАтФАтФАтФАтФАтФАтФАтФАтФАтФАтФАтФАтФАтФАтФАтФАтФАтФАтФАтФАтФАтФАтФАтФАтФАтФАтФАтФАтФАтФАтФАтФАтФАтФАтФАтФАтФАтФАтФА
тФМтФАтФАтФАтФАтФАтФАтФАтФАтФАтФАтФАтФАтФАтФАтФАтФАтФАтФАтФАтФАтФАтФАтФАтФАтФАтФАтФАтФАтФАтФАтФАтФАтФАтФАтФАтФАтФАтФАтФАтФАтФАтФАтФАтФАтФАтФАтФАтФАтФАтФАтФАтФАтФАтФАтФАтФАтФАтФАтФАтФАтФАтФАтФАтФАтФАтФАтФАтФАтФАтФАтФАтФАтФАтФАтФАтФАтФАтФАтФАтФАтФАтФАтФАтФАтФАтФАтФАтФАтФАтФАтФАтФАтФАтФАтФАтФАтФАтФАтФАтФАтФАтФАтФАтФАтФАтФАтФАтФАтФАтФАтФАтФАтФАтФАтФАтФАтФАтФАтФА
тФВ #0   TestService._completeBipolarTest (package:psycho_tests/services/test_service.dart:425:23)
тФВ #1   TestService.completeTest (package:psycho_tests/services/test_service.dart:55:16)
тФЬтФДтФДтФДтФДтФДтФДтФДтФДтФДтФДтФДтФДтФДтФДтФДтФДтФДтФДтФДтФДтФДтФДтФДтФДтФДтФДтФДтФДтФДтФДтФДтФДтФДтФДтФДтФДтФДтФДтФДтФДтФДтФДтФДтФДтФДтФДтФДтФДтФДтФДтФДтФДтФДтФДтФДтФДтФДтФДтФДтФДтФДтФДтФДтФДтФДтФДтФДтФДтФДтФДтФДтФДтФДтФДтФДтФДтФДтФДтФДтФДтФДтФДтФДтФДтФДтФДтФДтФДтФДтФДтФДтФДтФДтФДтФДтФДтФДтФДтФДтФДтФДтФДтФДтФДтФДтФДтФДтФДтФДтФДтФДтФДтФДтФДтФДтФДтФДтФДтФД
тФВ ЁЯРЫ Qq13: targetScale=extraversion, score=3
тФФтФАтФАтФАтФАтФАтФАтФАтФАтФАтФАтФАтФАтФАтФАтФАтФАтФАтФАтФАтФАтФАтФАтФАтФАтФАтФАтФАтФАтФАтФАтФАтФАтФАтФАтФАтФАтФАтФАтФАтФАтФАтФАтФАтФАтФАтФАтФАтФАтФАтФАтФАтФАтФАтФАтФАтФАтФАтФАтФАтФАтФАтФАтФАтФАтФАтФАтФАтФАтФАтФАтФАтФАтФАтФАтФАтФАтФАтФАтФАтФАтФАтФАтФАтФАтФАтФАтФАтФАтФАтФАтФАтФАтФАтФАтФАтФАтФАтФАтФАтФАтФАтФАтФАтФАтФАтФАтФАтФАтФАтФАтФАтФАтФАтФАтФАтФАтФАтФАтФА
тФМтФАтФАтФАтФАтФАтФАтФАтФАтФАтФАтФАтФАтФАтФАтФАтФАтФАтФАтФАтФАтФАтФАтФАтФАтФАтФАтФАтФАтФАтФАтФАтФАтФАтФАтФАтФАтФАтФАтФАтФАтФАтФАтФАтФАтФАтФАтФАтФАтФАтФАтФАтФАтФАтФАтФАтФАтФАтФАтФАтФАтФАтФАтФАтФАтФАтФАтФАтФАтФАтФАтФАтФАтФАтФАтФАтФАтФАтФАтФАтФАтФАтФАтФАтФАтФАтФАтФАтФАтФАтФАтФАтФАтФАтФАтФАтФАтФАтФАтФАтФАтФАтФАтФАтФАтФАтФАтФАтФАтФАтФАтФАтФАтФАтФАтФАтФАтФАтФАтФА
тФВ #0   TestService._completeBipolarTest (package:psycho_tests/services/test_service.dart:425:23)
тФВ #1   TestService.completeTest (package:psycho_tests/services/test_service.dart:55:16)
тФЬтФДтФДтФДтФДтФДтФДтФДтФДтФДтФДтФДтФДтФДтФДтФДтФДтФДтФДтФДтФДтФДтФДтФДтФДтФДтФДтФДтФДтФДтФДтФДтФДтФДтФДтФДтФДтФДтФДтФДтФДтФДтФДтФДтФДтФДтФДтФДтФДтФДтФДтФДтФДтФДтФДтФДтФДтФДтФДтФДтФДтФДтФДтФДтФДтФДтФДтФДтФДтФДтФДтФДтФДтФДтФДтФДтФДтФДтФДтФДтФДтФДтФДтФДтФДтФДтФДтФДтФДтФДтФДтФДтФДтФДтФДтФДтФДтФДтФДтФДтФДтФДтФДтФДтФДтФДтФДтФДтФДтФДтФДтФДтФДтФДтФДтФДтФДтФДтФДтФД
тФВ ЁЯРЫ Qq14: targetScale=introversion, score=3
тФФтФАтФАтФАтФАтФАтФАтФАтФАтФАтФАтФАтФАтФАтФАтФАтФАтФАтФАтФАтФАтФАтФАтФАтФАтФАтФАтФАтФАтФАтФАтФАтФАтФАтФАтФАтФАтФАтФАтФАтФАтФАтФАтФАтФАтФАтФАтФАтФАтФАтФАтФАтФАтФАтФАтФАтФАтФАтФАтФАтФАтФАтФАтФАтФАтФАтФАтФАтФАтФАтФАтФАтФАтФАтФАтФАтФАтФАтФАтФАтФАтФАтФАтФАтФАтФАтФАтФАтФАтФАтФАтФАтФАтФАтФАтФАтФАтФАтФАтФАтФАтФАтФАтФАтФАтФАтФАтФАтФАтФАтФАтФАтФАтФАтФАтФАтФАтФАтФАтФА
тФМтФАтФАтФАтФАтФАтФАтФАтФАтФАтФАтФАтФАтФАтФАтФАтФАтФАтФАтФАтФАтФАтФАтФАтФАтФАтФАтФАтФАтФАтФАтФАтФАтФАтФАтФАтФАтФАтФАтФАтФАтФАтФАтФАтФАтФАтФАтФАтФАтФАтФАтФАтФАтФАтФАтФАтФАтФАтФАтФАтФАтФАтФАтФАтФАтФАтФАтФАтФАтФАтФАтФАтФАтФАтФАтФАтФАтФАтФАтФАтФАтФАтФАтФАтФАтФАтФАтФАтФАтФАтФАтФАтФАтФАтФАтФАтФАтФАтФАтФАтФАтФАтФАтФАтФАтФАтФАтФАтФАтФАтФАтФАтФАтФАтФАтФАтФАтФАтФАтФА
тФВ #0   TestService._completeBipolarTest (package:psycho_tests/services/test_service.dart:425:23)
тФВ #1   TestService.completeTest (package:psycho_tests/services/test_service.dart:55:16)
тФЬтФДтФДтФДтФДтФДтФДтФДтФДтФДтФДтФДтФДтФДтФДтФДтФДтФДтФДтФДтФДтФДтФДтФДтФДтФДтФДтФДтФДтФДтФДтФДтФДтФДтФДтФДтФДтФДтФДтФДтФДтФДтФДтФДтФДтФДтФДтФДтФДтФДтФДтФДтФДтФДтФДтФДтФДтФДтФДтФДтФДтФДтФДтФДтФДтФДтФДтФДтФДтФДтФДтФДтФДтФДтФДтФДтФДтФДтФДтФДтФДтФДтФДтФДтФДтФДтФДтФДтФДтФДтФДтФДтФДтФДтФДтФДтФДтФДтФДтФДтФДтФДтФДтФДтФДтФДтФДтФДтФДтФДтФДтФДтФДтФДтФДтФДтФДтФДтФДтФД
тФВ ЁЯРЫ Qq15: targetScale=extraversion, score=3
тФФтФАтФАтФАтФАтФАтФАтФАтФАтФАтФАтФАтФАтФАтФАтФАтФАтФАтФАтФАтФАтФАтФАтФАтФАтФАтФАтФАтФАтФАтФАтФАтФАтФАтФАтФАтФАтФАтФАтФАтФАтФАтФАтФАтФАтФАтФАтФАтФАтФАтФАтФАтФАтФАтФАтФАтФАтФАтФАтФАтФАтФАтФАтФАтФАтФАтФАтФАтФАтФАтФАтФАтФАтФАтФАтФАтФАтФАтФАтФАтФАтФАтФАтФАтФАтФАтФАтФАтФАтФАтФАтФАтФАтФАтФАтФАтФАтФАтФАтФАтФАтФАтФАтФАтФАтФАтФАтФАтФАтФАтФАтФАтФАтФАтФАтФАтФАтФАтФАтФА
тФМтФАтФАтФАтФАтФАтФАтФАтФАтФАтФАтФАтФАтФАтФАтФАтФАтФАтФАтФАтФАтФАтФАтФАтФАтФАтФАтФАтФАтФАтФАтФАтФАтФАтФАтФАтФАтФАтФАтФАтФАтФАтФАтФАтФАтФАтФАтФАтФАтФАтФАтФАтФАтФАтФАтФАтФАтФАтФАтФАтФАтФАтФАтФАтФАтФАтФАтФАтФАтФАтФАтФАтФАтФАтФАтФАтФАтФАтФАтФАтФАтФАтФАтФАтФАтФАтФАтФАтФАтФАтФАтФАтФАтФАтФАтФАтФАтФАтФАтФАтФАтФАтФАтФАтФАтФАтФАтФАтФАтФАтФАтФАтФАтФАтФАтФАтФАтФАтФАтФА
тФВ #0   TestService._completeBipolarTest (package:psycho_tests/services/test_service.dart:425:23)
тФВ #1   TestService.completeTest (package:psycho_tests/services/test_service.dart:55:16)
тФЬтФДтФДтФДтФДтФДтФДтФДтФДтФДтФДтФДтФДтФДтФДтФДтФДтФДтФДтФДтФДтФДтФДтФДтФДтФДтФДтФДтФДтФДтФДтФДтФДтФДтФДтФДтФДтФДтФДтФДтФДтФДтФДтФДтФДтФДтФДтФДтФДтФДтФДтФДтФДтФДтФДтФДтФДтФДтФДтФДтФДтФДтФДтФДтФДтФДтФДтФДтФДтФДтФДтФДтФДтФДтФДтФДтФДтФДтФДтФДтФДтФДтФДтФДтФДтФДтФДтФДтФДтФДтФДтФДтФДтФДтФДтФДтФДтФДтФДтФДтФДтФДтФДтФДтФДтФДтФДтФДтФДтФДтФДтФДтФДтФДтФДтФДтФДтФДтФДтФД
тФВ ЁЯРЫ Qq16: targetScale=introversion, score=3
тФФтФАтФАтФАтФАтФАтФАтФАтФАтФАтФАтФАтФАтФАтФАтФАтФАтФАтФАтФАтФАтФАтФАтФАтФАтФАтФАтФАтФАтФАтФАтФАтФАтФАтФАтФАтФАтФАтФАтФАтФАтФАтФАтФАтФАтФАтФАтФАтФАтФАтФАтФАтФАтФАтФАтФАтФАтФАтФАтФАтФАтФАтФАтФАтФАтФАтФАтФАтФАтФАтФАтФАтФАтФАтФАтФАтФАтФАтФАтФАтФАтФАтФАтФАтФАтФАтФАтФАтФАтФАтФАтФАтФАтФАтФАтФАтФАтФАтФАтФАтФАтФАтФАтФАтФАтФАтФАтФАтФАтФАтФАтФАтФАтФАтФАтФАтФАтФАтФАтФА
тФМтФАтФАтФАтФАтФАтФАтФАтФАтФАтФАтФАтФАтФАтФАтФАтФАтФАтФАтФАтФАтФАтФАтФАтФАтФАтФАтФАтФАтФАтФАтФАтФАтФАтФАтФАтФАтФАтФАтФАтФАтФАтФАтФАтФАтФАтФАтФАтФАтФАтФАтФАтФАтФАтФАтФАтФАтФАтФАтФАтФАтФАтФАтФАтФАтФАтФАтФАтФАтФАтФАтФАтФАтФАтФАтФАтФАтФАтФАтФАтФАтФАтФАтФАтФАтФАтФАтФАтФАтФАтФАтФАтФАтФАтФАтФАтФАтФАтФАтФАтФАтФАтФАтФАтФАтФАтФАтФАтФАтФАтФАтФАтФАтФАтФАтФАтФАтФАтФАтФА
тФВ #0   TestService._completeBipolarTest (package:psycho_tests/services/test_service.dart:425:23)
тФВ #1   TestService.completeTest (package:psycho_tests/services/test_service.dart:55:16)
тФЬтФДтФДтФДтФДтФДтФДтФДтФДтФДтФДтФДтФДтФДтФДтФДтФДтФДтФДтФДтФДтФДтФДтФДтФДтФДтФДтФДтФДтФДтФДтФДтФДтФДтФДтФДтФДтФДтФДтФДтФДтФДтФДтФДтФДтФДтФДтФДтФДтФДтФДтФДтФДтФДтФДтФДтФДтФДтФДтФДтФДтФДтФДтФДтФДтФДтФДтФДтФДтФДтФДтФДтФДтФДтФДтФДтФДтФДтФДтФДтФДтФДтФДтФДтФДтФДтФДтФДтФДтФДтФДтФДтФДтФДтФДтФДтФДтФДтФДтФДтФДтФДтФДтФДтФДтФДтФДтФДтФДтФДтФДтФДтФДтФДтФДтФДтФДтФДтФДтФД
тФВ ЁЯРЫ Qq17: targetScale=extraversion, score=3
тФФтФАтФАтФАтФАтФАтФАтФАтФАтФАтФАтФАтФАтФАтФАтФАтФАтФАтФАтФАтФАтФАтФАтФАтФАтФАтФАтФАтФАтФАтФАтФАтФАтФАтФАтФАтФАтФАтФАтФАтФАтФАтФАтФАтФАтФАтФАтФАтФАтФАтФАтФАтФАтФАтФАтФАтФАтФАтФАтФАтФАтФАтФАтФАтФАтФАтФАтФАтФАтФАтФАтФАтФАтФАтФАтФАтФАтФАтФАтФАтФАтФАтФАтФАтФАтФАтФАтФАтФАтФАтФАтФАтФАтФАтФАтФАтФАтФАтФАтФАтФАтФАтФАтФАтФАтФАтФАтФАтФАтФАтФАтФАтФАтФАтФАтФАтФАтФАтФАтФА
тФМтФАтФАтФАтФАтФАтФАтФАтФАтФАтФАтФАтФАтФАтФАтФАтФАтФАтФАтФАтФАтФАтФАтФАтФАтФАтФАтФАтФАтФАтФАтФАтФАтФАтФАтФАтФАтФАтФАтФАтФАтФАтФАтФАтФАтФАтФАтФАтФАтФАтФАтФАтФАтФАтФАтФАтФАтФАтФАтФАтФАтФАтФАтФАтФАтФАтФАтФАтФАтФАтФАтФАтФАтФАтФАтФАтФАтФАтФАтФАтФАтФАтФАтФАтФАтФАтФАтФАтФАтФАтФАтФАтФАтФАтФАтФАтФАтФАтФАтФАтФАтФАтФАтФАтФАтФАтФАтФАтФАтФАтФАтФАтФАтФАтФАтФАтФАтФАтФАтФА
тФВ #0   TestService._completeBipolarTest (package:psycho_tests/services/test_service.dart:425:23)
тФВ #1   TestService.completeTest (package:psycho_tests/services/test_service.dart:55:16)
тФЬтФДтФДтФДтФДтФДтФДтФДтФДтФДтФДтФДтФДтФДтФДтФДтФДтФДтФДтФДтФДтФДтФДтФДтФДтФДтФДтФДтФДтФДтФДтФДтФДтФДтФДтФДтФДтФДтФДтФДтФДтФДтФДтФДтФДтФДтФДтФДтФДтФДтФДтФДтФДтФДтФДтФДтФДтФДтФДтФДтФДтФДтФДтФДтФДтФДтФДтФДтФДтФДтФДтФДтФДтФДтФДтФДтФДтФДтФДтФДтФДтФДтФДтФДтФДтФДтФДтФДтФДтФДтФДтФДтФДтФДтФДтФДтФДтФДтФДтФДтФДтФДтФДтФДтФДтФДтФДтФДтФДтФДтФДтФДтФДтФДтФДтФДтФДтФДтФДтФД
тФВ ЁЯРЫ Qq18: targetScale=introversion, score=3
тФФтФАтФАтФАтФАтФАтФАтФАтФАтФАтФАтФАтФАтФАтФАтФАтФАтФАтФАтФАтФАтФАтФАтФАтФАтФАтФАтФАтФАтФАтФАтФАтФАтФАтФАтФАтФАтФАтФАтФАтФАтФАтФАтФАтФАтФАтФАтФАтФАтФАтФАтФАтФАтФАтФАтФАтФАтФАтФАтФАтФАтФАтФАтФАтФАтФАтФАтФАтФАтФАтФАтФАтФАтФАтФАтФАтФАтФАтФАтФАтФАтФАтФАтФАтФАтФАтФАтФАтФАтФАтФАтФАтФАтФАтФАтФАтФАтФАтФАтФАтФАтФАтФАтФАтФАтФАтФАтФАтФАтФАтФАтФАтФАтФАтФАтФАтФАтФАтФАтФА
тФМтФАтФАтФАтФАтФАтФАтФАтФАтФАтФАтФАтФАтФАтФАтФАтФАтФАтФАтФАтФАтФАтФАтФАтФАтФАтФАтФАтФАтФАтФАтФАтФАтФАтФАтФАтФАтФАтФАтФАтФАтФАтФАтФАтФАтФАтФАтФАтФАтФАтФАтФАтФАтФАтФАтФАтФАтФАтФАтФАтФАтФАтФАтФАтФАтФАтФАтФАтФАтФАтФАтФАтФАтФАтФАтФАтФАтФАтФАтФАтФАтФАтФАтФАтФАтФАтФАтФАтФАтФАтФАтФАтФАтФАтФАтФАтФАтФАтФАтФАтФАтФАтФАтФАтФАтФАтФАтФАтФАтФАтФАтФАтФАтФАтФАтФАтФАтФАтФАтФА
тФВ #0   TestService._completeBipolarTest (package:psycho_tests/services/test_service.dart:425:23)
тФВ #1   TestService.completeTest (package:psycho_tests/services/test_service.dart:55:16)
тФЬтФДтФДтФДтФДтФДтФДтФДтФДтФДтФДтФДтФДтФДтФДтФДтФДтФДтФДтФДтФДтФДтФДтФДтФДтФДтФДтФДтФДтФДтФДтФДтФДтФДтФДтФДтФДтФДтФДтФДтФДтФДтФДтФДтФДтФДтФДтФДтФДтФДтФДтФДтФДтФДтФДтФДтФДтФДтФДтФДтФДтФДтФДтФДтФДтФДтФДтФДтФДтФДтФДтФДтФДтФДтФДтФДтФДтФДтФДтФДтФДтФДтФДтФДтФДтФДтФДтФДтФДтФДтФДтФДтФДтФДтФДтФДтФДтФДтФДтФДтФДтФДтФДтФДтФДтФДтФДтФДтФДтФДтФДтФДтФДтФДтФДтФДтФДтФДтФДтФД
тФВ ЁЯРЫ Qq19: targetScale=extraversion, score=3
тФФтФАтФАтФАтФАтФАтФАтФАтФАтФАтФАтФАтФАтФАтФАтФАтФАтФАтФАтФАтФАтФАтФАтФАтФАтФАтФАтФАтФАтФАтФАтФАтФАтФАтФАтФАтФАтФАтФАтФАтФАтФАтФАтФАтФАтФАтФАтФАтФАтФАтФАтФАтФАтФАтФАтФАтФАтФАтФАтФАтФАтФАтФАтФАтФАтФАтФАтФАтФАтФАтФАтФАтФАтФАтФАтФАтФАтФАтФАтФАтФАтФАтФАтФАтФАтФАтФАтФАтФАтФАтФАтФАтФАтФАтФАтФАтФАтФАтФАтФАтФАтФАтФАтФАтФАтФАтФАтФАтФАтФАтФАтФАтФАтФАтФАтФАтФАтФАтФАтФА
тФМтФАтФАтФАтФАтФАтФАтФАтФАтФАтФАтФАтФАтФАтФАтФАтФАтФАтФАтФАтФАтФАтФАтФАтФАтФАтФАтФАтФАтФАтФАтФАтФАтФАтФАтФАтФАтФАтФАтФАтФАтФАтФАтФАтФАтФАтФАтФАтФАтФАтФАтФАтФАтФАтФАтФАтФАтФАтФАтФАтФАтФАтФАтФАтФАтФАтФАтФАтФАтФАтФАтФАтФАтФАтФАтФАтФАтФАтФАтФАтФАтФАтФАтФАтФАтФАтФАтФАтФАтФАтФАтФАтФАтФАтФАтФАтФАтФАтФАтФАтФАтФАтФАтФАтФАтФАтФАтФАтФАтФАтФАтФАтФАтФАтФАтФАтФАтФАтФАтФА
тФВ #0   TestService._completeBipolarTest (package:psycho_tests/services/test_service.dart:425:23)
тФВ #1   TestService.completeTest (package:psycho_tests/services/test_service.dart:55:16)
тФЬтФДтФДтФДтФДтФДтФДтФДтФДтФДтФДтФДтФДтФДтФДтФДтФДтФДтФДтФДтФДтФДтФДтФДтФДтФДтФДтФДтФДтФДтФДтФДтФДтФДтФДтФДтФДтФДтФДтФДтФДтФДтФДтФДтФДтФДтФДтФДтФДтФДтФДтФДтФДтФДтФДтФДтФДтФДтФДтФДтФДтФДтФДтФДтФДтФДтФДтФДтФДтФДтФДтФДтФДтФДтФДтФДтФДтФДтФДтФДтФДтФДтФДтФДтФДтФДтФДтФДтФДтФДтФДтФДтФДтФДтФДтФДтФДтФДтФДтФДтФДтФДтФДтФДтФДтФДтФДтФДтФДтФДтФДтФДтФДтФДтФДтФДтФДтФДтФДтФД
тФВ ЁЯРЫ Qq20: targetScale=introversion, score=3
тФФтФАтФАтФАтФАтФАтФАтФАтФАтФАтФАтФАтФАтФАтФАтФАтФАтФАтФАтФАтФАтФАтФАтФАтФАтФАтФАтФАтФАтФАтФАтФАтФАтФАтФАтФАтФАтФАтФАтФАтФАтФАтФАтФАтФАтФАтФАтФАтФАтФАтФАтФАтФАтФАтФАтФАтФАтФАтФАтФАтФАтФАтФАтФАтФАтФАтФАтФАтФАтФАтФАтФАтФАтФАтФАтФАтФАтФАтФАтФАтФАтФАтФАтФАтФАтФАтФАтФАтФАтФАтФАтФАтФАтФАтФАтФАтФАтФАтФАтФАтФАтФАтФАтФАтФАтФАтФАтФАтФАтФАтФАтФАтФАтФАтФАтФАтФАтФАтФАтФА
тФМтФАтФАтФАтФАтФАтФАтФАтФАтФАтФАтФАтФАтФАтФАтФАтФАтФАтФАтФАтФАтФАтФАтФАтФАтФАтФАтФАтФАтФАтФАтФАтФАтФАтФАтФАтФАтФАтФАтФАтФАтФАтФАтФАтФАтФАтФАтФАтФАтФАтФАтФАтФАтФАтФАтФАтФАтФАтФАтФАтФАтФАтФАтФАтФАтФАтФАтФАтФАтФАтФАтФАтФАтФАтФАтФАтФАтФАтФАтФАтФАтФАтФАтФАтФАтФАтФАтФАтФАтФАтФАтФАтФАтФАтФАтФАтФАтФАтФАтФАтФАтФАтФАтФАтФАтФАтФАтФАтФАтФАтФАтФАтФАтФАтФАтФАтФАтФАтФАтФА
тФВ #0   TestService._completeBipolarTest (package:psycho_tests/services/test_service.dart:425:23)
тФВ #1   TestService.completeTest (package:psycho_tests/services/test_service.dart:55:16)
тФЬтФДтФДтФДтФДтФДтФДтФДтФДтФДтФДтФДтФДтФДтФДтФДтФДтФДтФДтФДтФДтФДтФДтФДтФДтФДтФДтФДтФДтФДтФДтФДтФДтФДтФДтФДтФДтФДтФДтФДтФДтФДтФДтФДтФДтФДтФДтФДтФДтФДтФДтФДтФДтФДтФДтФДтФДтФДтФДтФДтФДтФДтФДтФДтФДтФДтФДтФДтФДтФДтФДтФДтФДтФДтФДтФДтФДтФДтФДтФДтФДтФДтФДтФДтФДтФДтФДтФДтФДтФДтФДтФДтФДтФДтФДтФДтФДтФДтФДтФДтФДтФДтФДтФДтФДтФДтФДтФДтФДтФДтФДтФДтФДтФДтФДтФДтФДтФДтФДтФД
тФВ ЁЯРЫ Qq21: targetScale=sensing, score=3
тФФтФАтФАтФАтФАтФАтФАтФАтФАтФАтФАтФАтФАтФАтФАтФАтФАтФАтФАтФАтФАтФАтФАтФАтФАтФАтФАтФАтФАтФАтФАтФАтФАтФАтФАтФАтФАтФАтФАтФАтФАтФАтФАтФАтФАтФАтФАтФАтФАтФАтФАтФАтФАтФАтФАтФАтФАтФАтФАтФАтФАтФАтФАтФАтФАтФАтФАтФАтФАтФАтФАтФАтФАтФАтФАтФАтФАтФАтФАтФАтФАтФАтФАтФАтФАтФАтФАтФАтФАтФАтФАтФАтФАтФАтФАтФАтФАтФАтФАтФАтФАтФАтФАтФАтФАтФАтФАтФАтФАтФАтФАтФАтФАтФАтФАтФАтФАтФАтФАтФА
тФМтФАтФАтФАтФАтФАтФАтФАтФАтФАтФАтФАтФАтФАтФАтФАтФАтФАтФАтФАтФАтФАтФАтФАтФАтФАтФАтФАтФАтФАтФАтФАтФАтФАтФАтФАтФАтФАтФАтФАтФАтФАтФАтФАтФАтФАтФАтФАтФАтФАтФАтФАтФАтФАтФАтФАтФАтФАтФАтФАтФАтФАтФАтФАтФАтФАтФАтФАтФАтФАтФАтФАтФАтФАтФАтФАтФАтФАтФАтФАтФАтФАтФАтФАтФАтФАтФАтФАтФАтФАтФАтФАтФАтФАтФАтФАтФАтФАтФАтФАтФАтФАтФАтФАтФАтФАтФАтФАтФАтФАтФАтФАтФАтФАтФАтФАтФАтФАтФАтФА
тФВ #0   TestService._completeBipolarTest (package:psycho_tests/services/test_service.dart:425:23)
тФВ #1   TestService.completeTest (package:psycho_tests/services/test_service.dart:55:16)
тФЬтФДтФДтФДтФДтФДтФДтФДтФДтФДтФДтФДтФДтФДтФДтФДтФДтФДтФДтФДтФДтФДтФДтФДтФДтФДтФДтФДтФДтФДтФДтФДтФДтФДтФДтФДтФДтФДтФДтФДтФДтФДтФДтФДтФДтФДтФДтФДтФДтФДтФДтФДтФДтФДтФДтФДтФДтФДтФДтФДтФДтФДтФДтФДтФДтФДтФДтФДтФДтФДтФДтФДтФДтФДтФДтФДтФДтФДтФДтФДтФДтФДтФДтФДтФДтФДтФДтФДтФДтФДтФДтФДтФДтФДтФДтФДтФДтФДтФДтФДтФДтФДтФДтФДтФДтФДтФДтФДтФДтФДтФДтФДтФДтФДтФДтФДтФДтФДтФДтФД
тФВ ЁЯРЫ Qq22: targetScale=sensing, score=3
тФФтФАтФАтФАтФАтФАтФАтФАтФАтФАтФАтФАтФАтФАтФАтФАтФАтФАтФАтФАтФАтФАтФАтФАтФАтФАтФАтФАтФАтФАтФАтФАтФАтФАтФАтФАтФАтФАтФАтФАтФАтФАтФАтФАтФАтФАтФАтФАтФАтФАтФАтФАтФАтФАтФАтФАтФАтФАтФАтФАтФАтФАтФАтФАтФАтФАтФАтФАтФАтФАтФАтФАтФАтФАтФАтФАтФАтФАтФАтФАтФАтФАтФАтФАтФАтФАтФАтФАтФАтФАтФАтФАтФАтФАтФАтФАтФАтФАтФАтФАтФАтФАтФАтФАтФАтФАтФАтФАтФАтФАтФАтФАтФАтФАтФАтФАтФАтФАтФАтФА
тФМтФАтФАтФАтФАтФАтФАтФАтФАтФАтФАтФАтФАтФАтФАтФАтФАтФАтФАтФАтФАтФАтФАтФАтФАтФАтФАтФАтФАтФАтФАтФАтФАтФАтФАтФАтФАтФАтФАтФАтФАтФАтФАтФАтФАтФАтФАтФАтФАтФАтФАтФАтФАтФАтФАтФАтФАтФАтФАтФАтФАтФАтФАтФАтФАтФАтФАтФАтФАтФАтФАтФАтФАтФАтФАтФАтФАтФАтФАтФАтФАтФАтФАтФАтФАтФАтФАтФАтФАтФАтФАтФАтФАтФАтФАтФАтФАтФАтФАтФАтФАтФАтФАтФАтФАтФАтФАтФАтФАтФАтФАтФАтФАтФАтФАтФАтФАтФАтФАтФА
тФВ #0   TestService._completeBipolarTest (package:psycho_tests/services/test_service.dart:425:23)
тФВ #1   TestService.completeTest (package:psycho_tests/services/test_service.dart:55:16)
тФЬтФДтФДтФДтФДтФДтФДтФДтФДтФДтФДтФДтФДтФДтФДтФДтФДтФДтФДтФДтФДтФДтФДтФДтФДтФДтФДтФДтФДтФДтФДтФДтФДтФДтФДтФДтФДтФДтФДтФДтФДтФДтФДтФДтФДтФДтФДтФДтФДтФДтФДтФДтФДтФДтФДтФДтФДтФДтФДтФДтФДтФДтФДтФДтФДтФДтФДтФДтФДтФДтФДтФДтФДтФДтФДтФДтФДтФДтФДтФДтФДтФДтФДтФДтФДтФДтФДтФДтФДтФДтФДтФДтФДтФДтФДтФДтФДтФДтФДтФДтФДтФДтФДтФДтФДтФДтФДтФДтФДтФДтФДтФДтФДтФДтФДтФДтФДтФДтФДтФД
тФВ ЁЯРЫ Qq23: targetScale=sensing, score=3
тФФтФАтФАтФАтФАтФАтФАтФАтФАтФАтФАтФАтФАтФАтФАтФАтФАтФАтФАтФАтФАтФАтФАтФАтФАтФАтФАтФАтФАтФАтФАтФАтФАтФАтФАтФАтФАтФАтФАтФАтФАтФАтФАтФАтФАтФАтФАтФАтФАтФАтФАтФАтФАтФАтФАтФАтФАтФАтФАтФАтФАтФАтФАтФАтФАтФАтФАтФАтФАтФАтФАтФАтФАтФАтФАтФАтФАтФАтФАтФАтФАтФАтФАтФАтФАтФАтФАтФАтФАтФАтФАтФАтФАтФАтФАтФАтФАтФАтФАтФАтФАтФАтФАтФАтФАтФАтФАтФАтФАтФАтФАтФАтФАтФАтФАтФАтФАтФАтФАтФА
тФМтФАтФАтФАтФАтФАтФАтФАтФАтФАтФАтФАтФАтФАтФАтФАтФАтФАтФАтФАтФАтФАтФАтФАтФАтФАтФАтФАтФАтФАтФАтФАтФАтФАтФАтФАтФАтФАтФАтФАтФАтФАтФАтФАтФАтФАтФАтФАтФАтФАтФАтФАтФАтФАтФАтФАтФАтФАтФАтФАтФАтФАтФАтФАтФАтФАтФАтФАтФАтФАтФАтФАтФАтФАтФАтФАтФАтФАтФАтФАтФАтФАтФАтФАтФАтФАтФАтФАтФАтФАтФАтФАтФАтФАтФАтФАтФАтФАтФАтФАтФАтФАтФАтФАтФАтФАтФАтФАтФАтФАтФАтФАтФАтФАтФАтФАтФАтФАтФАтФА
тФВ #0   TestService._completeBipolarTest (package:psycho_tests/services/test_service.dart:425:23)
тФВ #1   TestService.completeTest (package:psycho_tests/services/test_service.dart:55:16)
тФЬтФДтФДтФДтФДтФДтФДтФДтФДтФДтФДтФДтФДтФДтФДтФДтФДтФДтФДтФДтФДтФДтФДтФДтФДтФДтФДтФДтФДтФДтФДтФДтФДтФДтФДтФДтФДтФДтФДтФДтФДтФДтФДтФДтФДтФДтФДтФДтФДтФДтФДтФДтФДтФДтФДтФДтФДтФДтФДтФДтФДтФДтФДтФДтФДтФДтФДтФДтФДтФДтФДтФДтФДтФДтФДтФДтФДтФДтФДтФДтФДтФДтФДтФДтФДтФДтФДтФДтФДтФДтФДтФДтФДтФДтФДтФДтФДтФДтФДтФДтФДтФДтФДтФДтФДтФДтФДтФДтФДтФДтФДтФДтФДтФДтФДтФДтФДтФДтФДтФД
тФВ ЁЯРЫ Qq24: targetScale=sensing, score=3
тФФтФАтФАтФАтФАтФАтФАтФАтФАтФАтФАтФАтФАтФАтФАтФАтФАтФАтФАтФАтФАтФАтФАтФАтФАтФАтФАтФАтФАтФАтФАтФАтФАтФАтФАтФАтФАтФАтФАтФАтФАтФАтФАтФАтФАтФАтФАтФАтФАтФАтФАтФАтФАтФАтФАтФАтФАтФАтФАтФАтФАтФАтФАтФАтФАтФАтФАтФАтФАтФАтФАтФАтФАтФАтФАтФАтФАтФАтФАтФАтФАтФАтФАтФАтФАтФАтФАтФАтФАтФАтФАтФАтФАтФАтФАтФАтФАтФАтФАтФАтФАтФАтФАтФАтФАтФАтФАтФАтФАтФАтФАтФАтФАтФАтФАтФАтФАтФАтФАтФА
тФМтФАтФАтФАтФАтФАтФАтФАтФАтФАтФАтФАтФАтФАтФАтФАтФАтФАтФАтФАтФАтФАтФАтФАтФАтФАтФАтФАтФАтФАтФАтФАтФАтФАтФАтФАтФАтФАтФАтФАтФАтФАтФАтФАтФАтФАтФАтФАтФАтФАтФАтФАтФАтФАтФАтФАтФАтФАтФАтФАтФАтФАтФАтФАтФАтФАтФАтФАтФАтФАтФАтФАтФАтФАтФАтФАтФАтФАтФАтФАтФАтФАтФАтФАтФАтФАтФАтФАтФАтФАтФАтФАтФАтФАтФАтФАтФАтФАтФАтФАтФАтФАтФАтФАтФАтФАтФАтФАтФАтФАтФАтФАтФАтФАтФАтФАтФАтФАтФАтФА
тФВ #0   TestService._completeBipolarTest (package:psycho_tests/services/test_service.dart:425:23)
тФВ #1   TestService.completeTest (package:psycho_tests/services/test_service.dart:55:16)
тФЬтФДтФДтФДтФДтФДтФДтФДтФДтФДтФДтФДтФДтФДтФДтФДтФДтФДтФДтФДтФДтФДтФДтФДтФДтФДтФДтФДтФДтФДтФДтФДтФДтФДтФДтФДтФДтФДтФДтФДтФДтФДтФДтФДтФДтФДтФДтФДтФДтФДтФДтФДтФДтФДтФДтФДтФДтФДтФДтФДтФДтФДтФДтФДтФДтФДтФДтФДтФДтФДтФДтФДтФДтФДтФДтФДтФДтФДтФДтФДтФДтФДтФДтФДтФДтФДтФДтФДтФДтФДтФДтФДтФДтФДтФДтФДтФДтФДтФДтФДтФДтФДтФДтФДтФДтФДтФДтФДтФДтФДтФДтФДтФДтФДтФДтФДтФДтФДтФДтФД
тФВ ЁЯРЫ Qq25: targetScale=sensing, score=3
тФФтФАтФАтФАтФАтФАтФАтФАтФАтФАтФАтФАтФАтФАтФАтФАтФАтФАтФАтФАтФАтФАтФАтФАтФАтФАтФАтФАтФАтФАтФАтФАтФАтФАтФАтФАтФАтФАтФАтФАтФАтФАтФАтФАтФАтФАтФАтФАтФАтФАтФАтФАтФАтФАтФАтФАтФАтФАтФАтФАтФАтФАтФАтФАтФАтФАтФАтФАтФАтФАтФАтФАтФАтФАтФАтФАтФАтФАтФАтФАтФАтФАтФАтФАтФАтФАтФАтФАтФАтФАтФАтФАтФАтФАтФАтФАтФАтФАтФАтФАтФАтФАтФАтФАтФАтФАтФАтФАтФАтФАтФАтФАтФАтФАтФАтФАтФАтФАтФАтФА
тФМтФАтФАтФАтФАтФАтФАтФАтФАтФАтФАтФАтФАтФАтФАтФАтФАтФАтФАтФАтФАтФАтФАтФАтФАтФАтФАтФАтФАтФАтФАтФАтФАтФАтФАтФАтФАтФАтФАтФАтФАтФАтФАтФАтФАтФАтФАтФАтФАтФАтФАтФАтФАтФАтФАтФАтФАтФАтФАтФАтФАтФАтФАтФАтФАтФАтФАтФАтФАтФАтФАтФАтФАтФАтФАтФАтФАтФАтФАтФАтФАтФАтФАтФАтФАтФАтФАтФАтФАтФАтФАтФАтФАтФАтФАтФАтФАтФАтФАтФАтФАтФАтФАтФАтФАтФАтФАтФАтФАтФАтФАтФАтФАтФАтФАтФАтФАтФАтФАтФА
тФВ #0   TestService._completeBipolarTest (package:psycho_tests/services/test_service.dart:425:23)
тФВ #1   TestService.completeTest (package:psycho_tests/services/test_service.dart:55:16)
тФЬтФДтФДтФДтФДтФДтФДтФДтФДтФДтФДтФДтФДтФДтФДтФДтФДтФДтФДтФДтФДтФДтФДтФДтФДтФДтФДтФДтФДтФДтФДтФДтФДтФДтФДтФДтФДтФДтФДтФДтФДтФДтФДтФДтФДтФДтФДтФДтФДтФДтФДтФДтФДтФДтФДтФДтФДтФДтФДтФДтФДтФДтФДтФДтФДтФДтФДтФДтФДтФДтФДтФДтФДтФДтФДтФДтФДтФДтФДтФДтФДтФДтФДтФДтФДтФДтФДтФДтФДтФДтФДтФДтФДтФДтФДтФДтФДтФДтФДтФДтФДтФДтФДтФДтФДтФДтФДтФДтФДтФДтФДтФДтФДтФДтФДтФДтФДтФДтФДтФД
тФВ ЁЯРЫ Qq26: targetScale=intuition, score=3
тФФтФАтФАтФАтФАтФАтФАтФАтФАтФАтФАтФАтФАтФАтФАтФАтФАтФАтФАтФАтФАтФАтФАтФАтФАтФАтФАтФАтФАтФАтФАтФАтФАтФАтФАтФАтФАтФАтФАтФАтФАтФАтФАтФАтФАтФАтФАтФАтФАтФАтФАтФАтФАтФАтФАтФАтФАтФАтФАтФАтФАтФАтФАтФАтФАтФАтФАтФАтФАтФАтФАтФАтФАтФАтФАтФАтФАтФАтФАтФАтФАтФАтФАтФАтФАтФАтФАтФАтФАтФАтФАтФАтФАтФАтФАтФАтФАтФАтФАтФАтФАтФАтФАтФАтФАтФАтФАтФАтФАтФАтФАтФАтФАтФАтФАтФАтФАтФАтФАтФА
тФМтФАтФАтФАтФАтФАтФАтФАтФАтФАтФАтФАтФАтФАтФАтФАтФАтФАтФАтФАтФАтФАтФАтФАтФАтФАтФАтФАтФАтФАтФАтФАтФАтФАтФАтФАтФАтФАтФАтФАтФАтФАтФАтФАтФАтФАтФАтФАтФАтФАтФАтФАтФАтФАтФАтФАтФАтФАтФАтФАтФАтФАтФАтФАтФАтФАтФАтФАтФАтФАтФАтФАтФАтФАтФАтФАтФАтФАтФАтФАтФАтФАтФАтФАтФАтФАтФАтФАтФАтФАтФАтФАтФАтФАтФАтФАтФАтФАтФАтФАтФАтФАтФАтФАтФАтФАтФАтФАтФАтФАтФАтФАтФАтФАтФАтФАтФАтФАтФАтФА
тФВ #0   TestService._completeBipolarTest (package:psycho_tests/services/test_service.dart:425:23)
тФВ #1   TestService.completeTest (package:psycho_tests/services/test_service.dart:55:16)
тФЬтФДтФДтФДтФДтФДтФДтФДтФДтФДтФДтФДтФДтФДтФДтФДтФДтФДтФДтФДтФДтФДтФДтФДтФДтФДтФДтФДтФДтФДтФДтФДтФДтФДтФДтФДтФДтФДтФДтФДтФДтФДтФДтФДтФДтФДтФДтФДтФДтФДтФДтФДтФДтФДтФДтФДтФДтФДтФДтФДтФДтФДтФДтФДтФДтФДтФДтФДтФДтФДтФДтФДтФДтФДтФДтФДтФДтФДтФДтФДтФДтФДтФДтФДтФДтФДтФДтФДтФДтФДтФДтФДтФДтФДтФДтФДтФДтФДтФДтФДтФДтФДтФДтФДтФДтФДтФДтФДтФДтФДтФДтФДтФДтФДтФДтФДтФДтФДтФДтФД
тФВ ЁЯРЫ Qq27: targetScale=intuition, score=3
тФФтФАтФАтФАтФАтФАтФАтФАтФАтФАтФАтФАтФАтФАтФАтФАтФАтФАтФАтФАтФАтФАтФАтФАтФАтФАтФАтФАтФАтФАтФАтФАтФАтФАтФАтФАтФАтФАтФАтФАтФАтФАтФАтФАтФАтФАтФАтФАтФАтФАтФАтФАтФАтФАтФАтФАтФАтФАтФАтФАтФАтФАтФАтФАтФАтФАтФАтФАтФАтФАтФАтФАтФАтФАтФАтФАтФАтФАтФАтФАтФАтФАтФАтФАтФАтФАтФАтФАтФАтФАтФАтФАтФАтФАтФАтФАтФАтФАтФАтФАтФАтФАтФАтФАтФАтФАтФАтФАтФАтФАтФАтФАтФАтФАтФАтФАтФАтФАтФАтФА
тФМтФАтФАтФАтФАтФАтФАтФАтФАтФАтФАтФАтФАтФАтФАтФАтФАтФАтФАтФАтФАтФАтФАтФАтФАтФАтФАтФАтФАтФАтФАтФАтФАтФАтФАтФАтФАтФАтФАтФАтФАтФАтФАтФАтФАтФАтФАтФАтФАтФАтФАтФАтФАтФАтФАтФАтФАтФАтФАтФАтФАтФАтФАтФАтФАтФАтФАтФАтФАтФАтФАтФАтФАтФАтФАтФАтФАтФАтФАтФАтФАтФАтФАтФАтФАтФАтФАтФАтФАтФАтФАтФАтФАтФАтФАтФАтФАтФАтФАтФАтФАтФАтФАтФАтФАтФАтФАтФАтФАтФАтФАтФАтФАтФАтФАтФАтФАтФАтФАтФА
тФВ #0   TestService._completeBipolarTest (package:psycho_tests/services/test_service.dart:425:23)
тФВ #1   TestService.completeTest (package:psycho_tests/services/test_service.dart:55:16)
тФЬтФДтФДтФДтФДтФДтФДтФДтФДтФДтФДтФДтФДтФДтФДтФДтФДтФДтФДтФДтФДтФДтФДтФДтФДтФДтФДтФДтФДтФДтФДтФДтФДтФДтФДтФДтФДтФДтФДтФДтФДтФДтФДтФДтФДтФДтФДтФДтФДтФДтФДтФДтФДтФДтФДтФДтФДтФДтФДтФДтФДтФДтФДтФДтФДтФДтФДтФДтФДтФДтФДтФДтФДтФДтФДтФДтФДтФДтФДтФДтФДтФДтФДтФДтФДтФДтФДтФДтФДтФДтФДтФДтФДтФДтФДтФДтФДтФДтФДтФДтФДтФДтФДтФДтФДтФДтФДтФДтФДтФДтФДтФДтФДтФДтФДтФДтФДтФДтФДтФД
тФВ ЁЯРЫ Qq28: targetScale=intuition, score=3
тФФтФАтФАтФАтФАтФАтФАтФАтФАтФАтФАтФАтФАтФАтФАтФАтФАтФАтФАтФАтФАтФАтФАтФАтФАтФАтФАтФАтФАтФАтФАтФАтФАтФАтФАтФАтФАтФАтФАтФАтФАтФАтФАтФАтФАтФАтФАтФАтФАтФАтФАтФАтФАтФАтФАтФАтФАтФАтФАтФАтФАтФАтФАтФАтФАтФАтФАтФАтФАтФАтФАтФАтФАтФАтФАтФАтФАтФАтФАтФАтФАтФАтФАтФАтФАтФАтФАтФАтФАтФАтФАтФАтФАтФАтФАтФАтФАтФАтФАтФАтФАтФАтФАтФАтФАтФАтФАтФАтФАтФАтФАтФАтФАтФАтФАтФАтФАтФАтФАтФА
тФМтФАтФАтФАтФАтФАтФАтФАтФАтФАтФАтФАтФАтФАтФАтФАтФАтФАтФАтФАтФАтФАтФАтФАтФАтФАтФАтФАтФАтФАтФАтФАтФАтФАтФАтФАтФАтФАтФАтФАтФАтФАтФАтФАтФАтФАтФАтФАтФАтФАтФАтФАтФАтФАтФАтФАтФАтФАтФАтФАтФАтФАтФАтФАтФАтФАтФАтФАтФАтФАтФАтФАтФАтФАтФАтФАтФАтФАтФАтФАтФАтФАтФАтФАтФАтФАтФАтФАтФАтФАтФАтФАтФАтФАтФАтФАтФАтФАтФАтФАтФАтФАтФАтФАтФАтФАтФАтФАтФАтФАтФАтФАтФАтФАтФАтФАтФАтФАтФАтФА
тФВ #0   TestService._completeBipolarTest (package:psycho_tests/services/test_service.dart:425:23)
тФВ #1   TestService.completeTest (package:psycho_tests/services/test_service.dart:55:16)
тФЬтФДтФДтФДтФДтФДтФДтФДтФДтФДтФДтФДтФДтФДтФДтФДтФДтФДтФДтФДтФДтФДтФДтФДтФДтФДтФДтФДтФДтФДтФДтФДтФДтФДтФДтФДтФДтФДтФДтФДтФДтФДтФДтФДтФДтФДтФДтФДтФДтФДтФДтФДтФДтФДтФДтФДтФДтФДтФДтФДтФДтФДтФДтФДтФДтФДтФДтФДтФДтФДтФДтФДтФДтФДтФДтФДтФДтФДтФДтФДтФДтФДтФДтФДтФДтФДтФДтФДтФДтФДтФДтФДтФДтФДтФДтФДтФДтФДтФДтФДтФДтФДтФДтФДтФДтФДтФДтФДтФДтФДтФДтФДтФДтФДтФДтФДтФДтФДтФДтФД
тФВ ЁЯРЫ Qq29: targetScale=intuition, score=3
тФФтФАтФАтФАтФАтФАтФАтФАтФАтФАтФАтФАтФАтФАтФАтФАтФАтФАтФАтФАтФАтФАтФАтФАтФАтФАтФАтФАтФАтФАтФАтФАтФАтФАтФАтФАтФАтФАтФАтФАтФАтФАтФАтФАтФАтФАтФАтФАтФАтФАтФАтФАтФАтФАтФАтФАтФАтФАтФАтФАтФАтФАтФАтФАтФАтФАтФАтФАтФАтФАтФАтФАтФАтФАтФАтФАтФАтФАтФАтФАтФАтФАтФАтФАтФАтФАтФАтФАтФАтФАтФАтФАтФАтФАтФАтФАтФАтФАтФАтФАтФАтФАтФАтФАтФАтФАтФАтФАтФАтФАтФАтФАтФАтФАтФАтФАтФАтФАтФАтФА
тФМтФАтФАтФАтФАтФАтФАтФАтФАтФАтФАтФАтФАтФАтФАтФАтФАтФАтФАтФАтФАтФАтФАтФАтФАтФАтФАтФАтФАтФАтФАтФАтФАтФАтФАтФАтФАтФАтФАтФАтФАтФАтФАтФАтФАтФАтФАтФАтФАтФАтФАтФАтФАтФАтФАтФАтФАтФАтФАтФАтФАтФАтФАтФАтФАтФАтФАтФАтФАтФАтФАтФАтФАтФАтФАтФАтФАтФАтФАтФАтФАтФАтФАтФАтФАтФАтФАтФАтФАтФАтФАтФАтФАтФАтФАтФАтФАтФАтФАтФАтФАтФАтФАтФАтФАтФАтФАтФАтФАтФАтФАтФАтФАтФАтФАтФАтФАтФАтФАтФА
тФВ #0   TestService._completeBipolarTest (package:psycho_tests/services/test_service.dart:425:23)
тФВ #1   TestService.completeTest (package:psycho_tests/services/test_service.dart:55:16)
тФЬтФДтФДтФДтФДтФДтФДтФДтФДтФДтФДтФДтФДтФДтФДтФДтФДтФДтФДтФДтФДтФДтФДтФДтФДтФДтФДтФДтФДтФДтФДтФДтФДтФДтФДтФДтФДтФДтФДтФДтФДтФДтФДтФДтФДтФДтФДтФДтФДтФДтФДтФДтФДтФДтФДтФДтФДтФДтФДтФДтФДтФДтФДтФДтФДтФДтФДтФДтФДтФДтФДтФДтФДтФДтФДтФДтФДтФДтФДтФДтФДтФДтФДтФДтФДтФДтФДтФДтФДтФДтФДтФДтФДтФДтФДтФДтФДтФДтФДтФДтФДтФДтФДтФДтФДтФДтФДтФДтФДтФДтФДтФДтФДтФДтФДтФДтФДтФДтФДтФД
тФВ ЁЯРЫ Qq30: targetScale=sensing, score=3
тФФтФАтФАтФАтФАтФАтФАтФАтФАтФАтФАтФАтФАтФАтФАтФАтФАтФАтФАтФАтФАтФАтФАтФАтФАтФАтФАтФАтФАтФАтФАтФАтФАтФАтФАтФАтФАтФАтФАтФАтФАтФАтФАтФАтФАтФАтФАтФАтФАтФАтФАтФАтФАтФАтФАтФАтФАтФАтФАтФАтФАтФАтФАтФАтФАтФАтФАтФАтФАтФАтФАтФАтФАтФАтФАтФАтФАтФАтФАтФАтФАтФАтФАтФАтФАтФАтФАтФАтФАтФАтФАтФАтФАтФАтФАтФАтФАтФАтФАтФАтФАтФАтФАтФАтФАтФАтФАтФАтФАтФАтФАтФАтФАтФАтФАтФАтФАтФАтФАтФА
тФМтФАтФАтФАтФАтФАтФАтФАтФАтФАтФАтФАтФАтФАтФАтФАтФАтФАтФАтФАтФАтФАтФАтФАтФАтФАтФАтФАтФАтФАтФАтФАтФАтФАтФАтФАтФАтФАтФАтФАтФАтФАтФАтФАтФАтФАтФАтФАтФАтФАтФАтФАтФАтФАтФАтФАтФАтФАтФАтФАтФАтФАтФАтФАтФАтФАтФАтФАтФАтФАтФАтФАтФАтФАтФАтФАтФАтФАтФАтФАтФАтФАтФАтФАтФАтФАтФАтФАтФАтФАтФАтФАтФАтФАтФАтФАтФАтФАтФАтФАтФАтФАтФАтФАтФАтФАтФАтФАтФАтФАтФАтФАтФАтФАтФАтФАтФАтФАтФАтФА
тФВ #0   TestService._completeBipolarTest (package:psycho_tests/services/test_service.dart:425:23)
тФВ #1   TestService.completeTest (package:psycho_tests/services/test_service.dart:55:16)
тФЬтФДтФДтФДтФДтФДтФДтФДтФДтФДтФДтФДтФДтФДтФДтФДтФДтФДтФДтФДтФДтФДтФДтФДтФДтФДтФДтФДтФДтФДтФДтФДтФДтФДтФДтФДтФДтФДтФДтФДтФДтФДтФДтФДтФДтФДтФДтФДтФДтФДтФДтФДтФДтФДтФДтФДтФДтФДтФДтФДтФДтФДтФДтФДтФДтФДтФДтФДтФДтФДтФДтФДтФДтФДтФДтФДтФДтФДтФДтФДтФДтФДтФДтФДтФДтФДтФДтФДтФДтФДтФДтФДтФДтФДтФДтФДтФДтФДтФДтФДтФДтФДтФДтФДтФДтФДтФДтФДтФДтФДтФДтФДтФДтФДтФДтФДтФДтФДтФДтФД
тФВ ЁЯРЫ Qq31: targetScale=sensing, score=3
тФФтФАтФАтФАтФАтФАтФАтФАтФАтФАтФАтФАтФАтФАтФАтФАтФАтФАтФАтФАтФАтФАтФАтФАтФАтФАтФАтФАтФАтФАтФАтФАтФАтФАтФАтФАтФАтФАтФАтФАтФАтФАтФАтФАтФАтФАтФАтФАтФАтФАтФАтФАтФАтФАтФАтФАтФАтФАтФАтФАтФАтФАтФАтФАтФАтФАтФАтФАтФАтФАтФАтФАтФАтФАтФАтФАтФАтФАтФАтФАтФАтФАтФАтФАтФАтФАтФАтФАтФАтФАтФАтФАтФАтФАтФАтФАтФАтФАтФАтФАтФАтФАтФАтФАтФАтФАтФАтФАтФАтФАтФАтФАтФАтФАтФАтФАтФАтФАтФАтФА
тФМтФАтФАтФАтФАтФАтФАтФАтФАтФАтФАтФАтФАтФАтФАтФАтФАтФАтФАтФАтФАтФАтФАтФАтФАтФАтФАтФАтФАтФАтФАтФАтФАтФАтФАтФАтФАтФАтФАтФАтФАтФАтФАтФАтФАтФАтФАтФАтФАтФАтФАтФАтФАтФАтФАтФАтФАтФАтФАтФАтФАтФАтФАтФАтФАтФАтФАтФАтФАтФАтФАтФАтФАтФАтФАтФАтФАтФАтФАтФАтФАтФАтФАтФАтФАтФАтФАтФАтФАтФАтФАтФАтФАтФАтФАтФАтФАтФАтФАтФАтФАтФАтФАтФАтФАтФАтФАтФАтФАтФАтФАтФАтФАтФАтФАтФАтФАтФАтФАтФА
тФВ #0   TestService._completeBipolarTest (package:psycho_tests/services/test_service.dart:425:23)
тФВ #1   TestService.completeTest (package:psycho_tests/services/test_service.dart:55:16)
тФЬтФДтФДтФДтФДтФДтФДтФДтФДтФДтФДтФДтФДтФДтФДтФДтФДтФДтФДтФДтФДтФДтФДтФДтФДтФДтФДтФДтФДтФДтФДтФДтФДтФДтФДтФДтФДтФДтФДтФДтФДтФДтФДтФДтФДтФДтФДтФДтФДтФДтФДтФДтФДтФДтФДтФДтФДтФДтФДтФДтФДтФДтФДтФДтФДтФДтФДтФДтФДтФДтФДтФДтФДтФДтФДтФДтФДтФДтФДтФДтФДтФДтФДтФДтФДтФДтФДтФДтФДтФДтФДтФДтФДтФДтФДтФДтФДтФДтФДтФДтФДтФДтФДтФДтФДтФДтФДтФДтФДтФДтФДтФДтФДтФДтФДтФДтФДтФДтФДтФД
тФВ ЁЯРЫ Qq32: targetScale=intuition, score=3
тФФтФАтФАтФАтФАтФАтФАтФАтФАтФАтФАтФАтФАтФАтФАтФАтФАтФАтФАтФАтФАтФАтФАтФАтФАтФАтФАтФАтФАтФАтФАтФАтФАтФАтФАтФАтФАтФАтФАтФАтФАтФАтФАтФАтФАтФАтФАтФАтФАтФАтФАтФАтФАтФАтФАтФАтФАтФАтФАтФАтФАтФАтФАтФАтФАтФАтФАтФАтФАтФАтФАтФАтФАтФАтФАтФАтФАтФАтФАтФАтФАтФАтФАтФАтФАтФАтФАтФАтФАтФАтФАтФАтФАтФАтФАтФАтФАтФАтФАтФАтФАтФАтФАтФАтФАтФАтФАтФАтФАтФАтФАтФАтФАтФАтФАтФАтФАтФАтФАтФА
тФМтФАтФАтФАтФАтФАтФАтФАтФАтФАтФАтФАтФАтФАтФАтФАтФАтФАтФАтФАтФАтФАтФАтФАтФАтФАтФАтФАтФАтФАтФАтФАтФАтФАтФАтФАтФАтФАтФАтФАтФАтФАтФАтФАтФАтФАтФАтФАтФАтФАтФАтФАтФАтФАтФАтФАтФАтФАтФАтФАтФАтФАтФАтФАтФАтФАтФАтФАтФАтФАтФАтФАтФАтФАтФАтФАтФАтФАтФАтФАтФАтФАтФАтФАтФАтФАтФАтФАтФАтФАтФАтФАтФАтФАтФАтФАтФАтФАтФАтФАтФАтФАтФАтФАтФАтФАтФАтФАтФАтФАтФАтФАтФАтФАтФАтФАтФАтФАтФАтФА
тФВ #0   TestService._completeBipolarTest (package:psycho_tests/services/test_service.dart:425:23)
тФВ #1   TestService.completeTest (package:psycho_tests/services/test_service.dart:55:16)
тФЬтФДтФДтФДтФДтФДтФДтФДтФДтФДтФДтФДтФДтФДтФДтФДтФДтФДтФДтФДтФДтФДтФДтФДтФДтФДтФДтФДтФДтФДтФДтФДтФДтФДтФДтФДтФДтФДтФДтФДтФДтФДтФДтФДтФДтФДтФДтФДтФДтФДтФДтФДтФДтФДтФДтФДтФДтФДтФДтФДтФДтФДтФДтФДтФДтФДтФДтФДтФДтФДтФДтФДтФДтФДтФДтФДтФДтФДтФДтФДтФДтФДтФДтФДтФДтФДтФДтФДтФДтФДтФДтФДтФДтФДтФДтФДтФДтФДтФДтФДтФДтФДтФДтФДтФДтФДтФДтФДтФДтФДтФДтФДтФДтФДтФДтФДтФДтФДтФДтФД
тФВ ЁЯРЫ Qq33: targetScale=intuition, score=3
тФФтФАтФАтФАтФАтФАтФАтФАтФАтФАтФАтФАтФАтФАтФАтФАтФАтФАтФАтФАтФАтФАтФАтФАтФАтФАтФАтФАтФАтФАтФАтФАтФАтФАтФАтФАтФАтФАтФАтФАтФАтФАтФАтФАтФАтФАтФАтФАтФАтФАтФАтФАтФАтФАтФАтФАтФАтФАтФАтФАтФАтФАтФАтФАтФАтФАтФАтФАтФАтФАтФАтФАтФАтФАтФАтФАтФАтФАтФАтФАтФАтФАтФАтФАтФАтФАтФАтФАтФАтФАтФАтФАтФАтФАтФАтФАтФАтФАтФАтФАтФАтФАтФАтФАтФАтФАтФАтФАтФАтФАтФАтФАтФАтФАтФАтФАтФАтФАтФАтФА
тФМтФАтФАтФАтФАтФАтФАтФАтФАтФАтФАтФАтФАтФАтФАтФАтФАтФАтФАтФАтФАтФАтФАтФАтФАтФАтФАтФАтФАтФАтФАтФАтФАтФАтФАтФАтФАтФАтФАтФАтФАтФАтФАтФАтФАтФАтФАтФАтФАтФАтФАтФАтФАтФАтФАтФАтФАтФАтФАтФАтФАтФАтФАтФАтФАтФАтФАтФАтФАтФАтФАтФАтФАтФАтФАтФАтФАтФАтФАтФАтФАтФАтФАтФАтФАтФАтФАтФАтФАтФАтФАтФАтФАтФАтФАтФАтФАтФАтФАтФАтФАтФАтФАтФАтФАтФАтФАтФАтФАтФАтФАтФАтФАтФАтФАтФАтФАтФАтФАтФА
тФВ #0   TestService._completeBipolarTest (package:psycho_tests/services/test_service.dart:425:23)
тФВ #1   TestService.completeTest (package:psycho_tests/services/test_service.dart:55:16)
тФЬтФДтФДтФДтФДтФДтФДтФДтФДтФДтФДтФДтФДтФДтФДтФДтФДтФДтФДтФДтФДтФДтФДтФДтФДтФДтФДтФДтФДтФДтФДтФДтФДтФДтФДтФДтФДтФДтФДтФДтФДтФДтФДтФДтФДтФДтФДтФДтФДтФДтФДтФДтФДтФДтФДтФДтФДтФДтФДтФДтФДтФДтФДтФДтФДтФДтФДтФДтФДтФДтФДтФДтФДтФДтФДтФДтФДтФДтФДтФДтФДтФДтФДтФДтФДтФДтФДтФДтФДтФДтФДтФДтФДтФДтФДтФДтФДтФДтФДтФДтФДтФДтФДтФДтФДтФДтФДтФДтФДтФДтФДтФДтФДтФДтФДтФДтФДтФДтФДтФД
тФВ ЁЯРЫ Qq34: targetScale=sensing, score=3
тФФтФАтФАтФАтФАтФАтФАтФАтФАтФАтФАтФАтФАтФАтФАтФАтФАтФАтФАтФАтФАтФАтФАтФАтФАтФАтФАтФАтФАтФАтФАтФАтФАтФАтФАтФАтФАтФАтФАтФАтФАтФАтФАтФАтФАтФАтФАтФАтФАтФАтФАтФАтФАтФАтФАтФАтФАтФАтФАтФАтФАтФАтФАтФАтФАтФАтФАтФАтФАтФАтФАтФАтФАтФАтФАтФАтФАтФАтФАтФАтФАтФАтФАтФАтФАтФАтФАтФАтФАтФАтФАтФАтФАтФАтФАтФАтФАтФАтФАтФАтФАтФАтФАтФАтФАтФАтФАтФАтФАтФАтФАтФАтФАтФАтФАтФАтФАтФАтФАтФА
тФМтФАтФАтФАтФАтФАтФАтФАтФАтФАтФАтФАтФАтФАтФАтФАтФАтФАтФАтФАтФАтФАтФАтФАтФАтФАтФАтФАтФАтФАтФАтФАтФАтФАтФАтФАтФАтФАтФАтФАтФАтФАтФАтФАтФАтФАтФАтФАтФАтФАтФАтФАтФАтФАтФАтФАтФАтФАтФАтФАтФАтФАтФАтФАтФАтФАтФАтФАтФАтФАтФАтФАтФАтФАтФАтФАтФАтФАтФАтФАтФАтФАтФАтФАтФАтФАтФАтФАтФАтФАтФАтФАтФАтФАтФАтФАтФАтФАтФАтФАтФАтФАтФАтФАтФАтФАтФАтФАтФАтФАтФАтФАтФАтФАтФАтФАтФАтФАтФАтФА
тФВ #0   TestService._completeBipolarTest (package:psycho_tests/services/test_service.dart:425:23)
тФВ #1   TestService.completeTest (package:psycho_tests/services/test_service.dart:55:16)
тФЬтФДтФДтФДтФДтФДтФДтФДтФДтФДтФДтФДтФДтФДтФДтФДтФДтФДтФДтФДтФДтФДтФДтФДтФДтФДтФДтФДтФДтФДтФДтФДтФДтФДтФДтФДтФДтФДтФДтФДтФДтФДтФДтФДтФДтФДтФДтФДтФДтФДтФДтФДтФДтФДтФДтФДтФДтФДтФДтФДтФДтФДтФДтФДтФДтФДтФДтФДтФДтФДтФДтФДтФДтФДтФДтФДтФДтФДтФДтФДтФДтФДтФДтФДтФДтФДтФДтФДтФДтФДтФДтФДтФДтФДтФДтФДтФДтФДтФДтФДтФДтФДтФДтФДтФДтФДтФДтФДтФДтФДтФДтФДтФДтФДтФДтФДтФДтФДтФДтФД
тФВ ЁЯРЫ Qq35: targetScale=sensing, score=3
тФФтФАтФАтФАтФАтФАтФАтФАтФАтФАтФАтФАтФАтФАтФАтФАтФАтФАтФАтФАтФАтФАтФАтФАтФАтФАтФАтФАтФАтФАтФАтФАтФАтФАтФАтФАтФАтФАтФАтФАтФАтФАтФАтФАтФАтФАтФАтФАтФАтФАтФАтФАтФАтФАтФАтФАтФАтФАтФАтФАтФАтФАтФАтФАтФАтФАтФАтФАтФАтФАтФАтФАтФАтФАтФАтФАтФАтФАтФАтФАтФАтФАтФАтФАтФАтФАтФАтФАтФАтФАтФАтФАтФАтФАтФАтФАтФАтФАтФАтФАтФАтФАтФАтФАтФАтФАтФАтФАтФАтФАтФАтФАтФАтФАтФАтФАтФАтФАтФАтФА
тФМтФАтФАтФАтФАтФАтФАтФАтФАтФАтФАтФАтФАтФАтФАтФАтФАтФАтФАтФАтФАтФАтФАтФАтФАтФАтФАтФАтФАтФАтФАтФАтФАтФАтФАтФАтФАтФАтФАтФАтФАтФАтФАтФАтФАтФАтФАтФАтФАтФАтФАтФАтФАтФАтФАтФАтФАтФАтФАтФАтФАтФАтФАтФАтФАтФАтФАтФАтФАтФАтФАтФАтФАтФАтФАтФАтФАтФАтФАтФАтФАтФАтФАтФАтФАтФАтФАтФАтФАтФАтФАтФАтФАтФАтФАтФАтФАтФАтФАтФАтФАтФАтФАтФАтФАтФАтФАтФАтФАтФАтФАтФАтФАтФАтФАтФАтФАтФАтФАтФА
тФВ #0   TestService._completeBipolarTest (package:psycho_tests/services/test_service.dart:425:23)
тФВ #1   TestService.completeTest (package:psycho_tests/services/test_service.dart:55:16)
тФЬтФДтФДтФДтФДтФДтФДтФДтФДтФДтФДтФДтФДтФДтФДтФДтФДтФДтФДтФДтФДтФДтФДтФДтФДтФДтФДтФДтФДтФДтФДтФДтФДтФДтФДтФДтФДтФДтФДтФДтФДтФДтФДтФДтФДтФДтФДтФДтФДтФДтФДтФДтФДтФДтФДтФДтФДтФДтФДтФДтФДтФДтФДтФДтФДтФДтФДтФДтФДтФДтФДтФДтФДтФДтФДтФДтФДтФДтФДтФДтФДтФДтФДтФДтФДтФДтФДтФДтФДтФДтФДтФДтФДтФДтФДтФДтФДтФДтФДтФДтФДтФДтФДтФДтФДтФДтФДтФДтФДтФДтФДтФДтФДтФДтФДтФДтФДтФДтФДтФД
тФВ ЁЯРЫ Qq36: targetScale=intuition, score=3
тФФтФАтФАтФАтФАтФАтФАтФАтФАтФАтФАтФАтФАтФАтФАтФАтФАтФАтФАтФАтФАтФАтФАтФАтФАтФАтФАтФАтФАтФАтФАтФАтФАтФАтФАтФАтФАтФАтФАтФАтФАтФАтФАтФАтФАтФАтФАтФАтФАтФАтФАтФАтФАтФАтФАтФАтФАтФАтФАтФАтФАтФАтФАтФАтФАтФАтФАтФАтФАтФАтФАтФАтФАтФАтФАтФАтФАтФАтФАтФАтФАтФАтФАтФАтФАтФАтФАтФАтФАтФАтФАтФАтФАтФАтФАтФАтФАтФАтФАтФАтФАтФАтФАтФАтФАтФАтФАтФАтФАтФАтФАтФАтФАтФАтФАтФАтФАтФАтФАтФА
тФМтФАтФАтФАтФАтФАтФАтФАтФАтФАтФАтФАтФАтФАтФАтФАтФАтФАтФАтФАтФАтФАтФАтФАтФАтФАтФАтФАтФАтФАтФАтФАтФАтФАтФАтФАтФАтФАтФАтФАтФАтФАтФАтФАтФАтФАтФАтФАтФАтФАтФАтФАтФАтФАтФАтФАтФАтФАтФАтФАтФАтФАтФАтФАтФАтФАтФАтФАтФАтФАтФАтФАтФАтФАтФАтФАтФАтФАтФАтФАтФАтФАтФАтФАтФАтФАтФАтФАтФАтФАтФАтФАтФАтФАтФАтФАтФАтФАтФАтФАтФАтФАтФАтФАтФАтФАтФАтФАтФАтФАтФАтФАтФАтФАтФАтФАтФАтФАтФАтФА
тФВ #0   TestService._completeBipolarTest (package:psycho_tests/services/test_service.dart:425:23)
тФВ #1   TestService.completeTest (package:psycho_tests/services/test_service.dart:55:16)
тФЬтФДтФДтФДтФДтФДтФДтФДтФДтФДтФДтФДтФДтФДтФДтФДтФДтФДтФДтФДтФДтФДтФДтФДтФДтФДтФДтФДтФДтФДтФДтФДтФДтФДтФДтФДтФДтФДтФДтФДтФДтФДтФДтФДтФДтФДтФДтФДтФДтФДтФДтФДтФДтФДтФДтФДтФДтФДтФДтФДтФДтФДтФДтФДтФДтФДтФДтФДтФДтФДтФДтФДтФДтФДтФДтФДтФДтФДтФДтФДтФДтФДтФДтФДтФДтФДтФДтФДтФДтФДтФДтФДтФДтФДтФДтФДтФДтФДтФДтФДтФДтФДтФДтФДтФДтФДтФДтФДтФДтФДтФДтФДтФДтФДтФДтФДтФДтФДтФДтФД
тФВ ЁЯРЫ Qq37: targetScale=intuition, score=3
тФФтФАтФАтФАтФАтФАтФАтФАтФАтФАтФАтФАтФАтФАтФАтФАтФАтФАтФАтФАтФАтФАтФАтФАтФАтФАтФАтФАтФАтФАтФАтФАтФАтФАтФАтФАтФАтФАтФАтФАтФАтФАтФАтФАтФАтФАтФАтФАтФАтФАтФАтФАтФАтФАтФАтФАтФАтФАтФАтФАтФАтФАтФАтФАтФАтФАтФАтФАтФАтФАтФАтФАтФАтФАтФАтФАтФАтФАтФАтФАтФАтФАтФАтФАтФАтФАтФАтФАтФАтФАтФАтФАтФАтФАтФАтФАтФАтФАтФАтФАтФАтФАтФАтФАтФАтФАтФАтФАтФАтФАтФАтФАтФАтФАтФАтФАтФАтФАтФАтФА
тФМтФАтФАтФАтФАтФАтФАтФАтФАтФАтФАтФАтФАтФАтФАтФАтФАтФАтФАтФАтФАтФАтФАтФАтФАтФАтФАтФАтФАтФАтФАтФАтФАтФАтФАтФАтФАтФАтФАтФАтФАтФАтФАтФАтФАтФАтФАтФАтФАтФАтФАтФАтФАтФАтФАтФАтФАтФАтФАтФАтФАтФАтФАтФАтФАтФАтФАтФАтФАтФАтФАтФАтФАтФАтФАтФАтФАтФАтФАтФАтФАтФАтФАтФАтФАтФАтФАтФАтФАтФАтФАтФАтФАтФАтФАтФАтФАтФАтФАтФАтФАтФАтФАтФАтФАтФАтФАтФАтФАтФАтФАтФАтФАтФАтФАтФАтФАтФАтФАтФА
тФВ #0   TestService._completeBipolarTest (package:psycho_tests/services/test_service.dart:425:23)
тФВ #1   TestService.completeTest (package:psycho_tests/services/test_service.dart:55:16)
тФЬтФДтФДтФДтФДтФДтФДтФДтФДтФДтФДтФДтФДтФДтФДтФДтФДтФДтФДтФДтФДтФДтФДтФДтФДтФДтФДтФДтФДтФДтФДтФДтФДтФДтФДтФДтФДтФДтФДтФДтФДтФДтФДтФДтФДтФДтФДтФДтФДтФДтФДтФДтФДтФДтФДтФДтФДтФДтФДтФДтФДтФДтФДтФДтФДтФДтФДтФДтФДтФДтФДтФДтФДтФДтФДтФДтФДтФДтФДтФДтФДтФДтФДтФДтФДтФДтФДтФДтФДтФДтФДтФДтФДтФДтФДтФДтФДтФДтФДтФДтФДтФДтФДтФДтФДтФДтФДтФДтФДтФДтФДтФДтФДтФДтФДтФДтФДтФДтФДтФД
тФВ ЁЯРЫ Qq38: targetScale=sensing, score=3
тФФтФАтФАтФАтФАтФАтФАтФАтФАтФАтФАтФАтФАтФАтФАтФАтФАтФАтФАтФАтФАтФАтФАтФАтФАтФАтФАтФАтФАтФАтФАтФАтФАтФАтФАтФАтФАтФАтФАтФАтФАтФАтФАтФАтФАтФАтФАтФАтФАтФАтФАтФАтФАтФАтФАтФАтФАтФАтФАтФАтФАтФАтФАтФАтФАтФАтФАтФАтФАтФАтФАтФАтФАтФАтФАтФАтФАтФАтФАтФАтФАтФАтФАтФАтФАтФАтФАтФАтФАтФАтФАтФАтФАтФАтФАтФАтФАтФАтФАтФАтФАтФАтФАтФАтФАтФАтФАтФАтФАтФАтФАтФАтФАтФАтФАтФАтФАтФАтФАтФА
тФМтФАтФАтФАтФАтФАтФАтФАтФАтФАтФАтФАтФАтФАтФАтФАтФАтФАтФАтФАтФАтФАтФАтФАтФАтФАтФАтФАтФАтФАтФАтФАтФАтФАтФАтФАтФАтФАтФАтФАтФАтФАтФАтФАтФАтФАтФАтФАтФАтФАтФАтФАтФАтФАтФАтФАтФАтФАтФАтФАтФАтФАтФАтФАтФАтФАтФАтФАтФАтФАтФАтФАтФАтФАтФАтФАтФАтФАтФАтФАтФАтФАтФАтФАтФАтФАтФАтФАтФАтФАтФАтФАтФАтФАтФАтФАтФАтФАтФАтФАтФАтФАтФАтФАтФАтФАтФАтФАтФАтФАтФАтФАтФАтФАтФАтФАтФАтФАтФАтФА
тФВ #0   TestService._completeBipolarTest (package:psycho_tests/services/test_service.dart:425:23)
тФВ #1   TestService.completeTest (package:psycho_tests/services/test_service.dart:55:16)
тФЬтФДтФДтФДтФДтФДтФДтФДтФДтФДтФДтФДтФДтФДтФДтФДтФДтФДтФДтФДтФДтФДтФДтФДтФДтФДтФДтФДтФДтФДтФДтФДтФДтФДтФДтФДтФДтФДтФДтФДтФДтФДтФДтФДтФДтФДтФДтФДтФДтФДтФДтФДтФДтФДтФДтФДтФДтФДтФДтФДтФДтФДтФДтФДтФДтФДтФДтФДтФДтФДтФДтФДтФДтФДтФДтФДтФДтФДтФДтФДтФДтФДтФДтФДтФДтФДтФДтФДтФДтФДтФДтФДтФДтФДтФДтФДтФДтФДтФДтФДтФДтФДтФДтФДтФДтФДтФДтФДтФДтФДтФДтФДтФДтФДтФДтФДтФДтФДтФДтФД
тФВ ЁЯРЫ Qq39: targetScale=intuition, score=3
тФФтФАтФАтФАтФАтФАтФАтФАтФАтФАтФАтФАтФАтФАтФАтФАтФАтФАтФАтФАтФАтФАтФАтФАтФАтФАтФАтФАтФАтФАтФАтФАтФАтФАтФАтФАтФАтФАтФАтФАтФАтФАтФАтФАтФАтФАтФАтФАтФАтФАтФАтФАтФАтФАтФАтФАтФАтФАтФАтФАтФАтФАтФАтФАтФАтФАтФАтФАтФАтФАтФАтФАтФАтФАтФАтФАтФАтФАтФАтФАтФАтФАтФАтФАтФАтФАтФАтФАтФАтФАтФАтФАтФАтФАтФАтФАтФАтФАтФАтФАтФАтФАтФАтФАтФАтФАтФАтФАтФАтФАтФАтФАтФАтФАтФАтФАтФАтФАтФАтФА
тФМтФАтФАтФАтФАтФАтФАтФАтФАтФАтФАтФАтФАтФАтФАтФАтФАтФАтФАтФАтФАтФАтФАтФАтФАтФАтФАтФАтФАтФАтФАтФАтФАтФАтФАтФАтФАтФАтФАтФАтФАтФАтФАтФАтФАтФАтФАтФАтФАтФАтФАтФАтФАтФАтФАтФАтФАтФАтФАтФАтФАтФАтФАтФАтФАтФАтФАтФАтФАтФАтФАтФАтФАтФАтФАтФАтФАтФАтФАтФАтФАтФАтФАтФАтФАтФАтФАтФАтФАтФАтФАтФАтФАтФАтФАтФАтФАтФАтФАтФАтФАтФАтФАтФАтФАтФАтФАтФАтФАтФАтФАтФАтФАтФАтФАтФАтФАтФАтФАтФА
тФВ #0   TestService._completeBipolarTest (package:psycho_tests/services/test_service.dart:425:23)
тФВ #1   TestService.completeTest (package:psycho_tests/services/test_service.dart:55:16)
тФЬтФДтФДтФДтФДтФДтФДтФДтФДтФДтФДтФДтФДтФДтФДтФДтФДтФДтФДтФДтФДтФДтФДтФДтФДтФДтФДтФДтФДтФДтФДтФДтФДтФДтФДтФДтФДтФДтФДтФДтФДтФДтФДтФДтФДтФДтФДтФДтФДтФДтФДтФДтФДтФДтФДтФДтФДтФДтФДтФДтФДтФДтФДтФДтФДтФДтФДтФДтФДтФДтФДтФДтФДтФДтФДтФДтФДтФДтФДтФДтФДтФДтФДтФДтФДтФДтФДтФДтФДтФДтФДтФДтФДтФДтФДтФДтФДтФДтФДтФДтФДтФДтФДтФДтФДтФДтФДтФДтФДтФДтФДтФДтФДтФДтФДтФДтФДтФДтФДтФД
тФВ ЁЯРЫ Qq40: targetScale=sensing, score=3
тФФтФАтФАтФАтФАтФАтФАтФАтФАтФАтФАтФАтФАтФАтФАтФАтФАтФАтФАтФАтФАтФАтФАтФАтФАтФАтФАтФАтФАтФАтФАтФАтФАтФАтФАтФАтФАтФАтФАтФАтФАтФАтФАтФАтФАтФАтФАтФАтФАтФАтФАтФАтФАтФАтФАтФАтФАтФАтФАтФАтФАтФАтФАтФАтФАтФАтФАтФАтФАтФАтФАтФАтФАтФАтФАтФАтФАтФАтФАтФАтФАтФАтФАтФАтФАтФАтФАтФАтФАтФАтФАтФАтФАтФАтФАтФАтФАтФАтФАтФАтФАтФАтФАтФАтФАтФАтФАтФАтФАтФАтФАтФАтФАтФАтФАтФАтФАтФАтФАтФА
тФМтФАтФАтФАтФАтФАтФАтФАтФАтФАтФАтФАтФАтФАтФАтФАтФАтФАтФАтФАтФАтФАтФАтФАтФАтФАтФАтФАтФАтФАтФАтФАтФАтФАтФАтФАтФАтФАтФАтФАтФАтФАтФАтФАтФАтФАтФАтФАтФАтФАтФАтФАтФАтФАтФАтФАтФАтФАтФАтФАтФАтФАтФАтФАтФАтФАтФАтФАтФАтФАтФАтФАтФАтФАтФАтФАтФАтФАтФАтФАтФАтФАтФАтФАтФАтФАтФАтФАтФАтФАтФАтФАтФАтФАтФАтФАтФАтФАтФАтФАтФАтФАтФАтФАтФАтФАтФАтФАтФАтФАтФАтФАтФАтФАтФАтФАтФАтФАтФАтФА
тФВ #0   TestService._completeBipolarTest (package:psycho_tests/services/test_service.dart:425:23)
тФВ #1   TestService.completeTest (package:psycho_tests/services/test_service.dart:55:16)
тФЬтФДтФДтФДтФДтФДтФДтФДтФДтФДтФДтФДтФДтФДтФДтФДтФДтФДтФДтФДтФДтФДтФДтФДтФДтФДтФДтФДтФДтФДтФДтФДтФДтФДтФДтФДтФДтФДтФДтФДтФДтФДтФДтФДтФДтФДтФДтФДтФДтФДтФДтФДтФДтФДтФДтФДтФДтФДтФДтФДтФДтФДтФДтФДтФДтФДтФДтФДтФДтФДтФДтФДтФДтФДтФДтФДтФДтФДтФДтФДтФДтФДтФДтФДтФДтФДтФДтФДтФДтФДтФДтФДтФДтФДтФДтФДтФДтФДтФДтФДтФДтФДтФДтФДтФДтФДтФДтФДтФДтФДтФДтФДтФДтФДтФДтФДтФДтФДтФДтФД
тФВ ЁЯРЫ Qq41: targetScale=thinking, score=3
тФФтФАтФАтФАтФАтФАтФАтФАтФАтФАтФАтФАтФАтФАтФАтФАтФАтФАтФАтФАтФАтФАтФАтФАтФАтФАтФАтФАтФАтФАтФАтФАтФАтФАтФАтФАтФАтФАтФАтФАтФАтФАтФАтФАтФАтФАтФАтФАтФАтФАтФАтФАтФАтФАтФАтФАтФАтФАтФАтФАтФАтФАтФАтФАтФАтФАтФАтФАтФАтФАтФАтФАтФАтФАтФАтФАтФАтФАтФАтФАтФАтФАтФАтФАтФАтФАтФАтФАтФАтФАтФАтФАтФАтФАтФАтФАтФАтФАтФАтФАтФАтФАтФАтФАтФАтФАтФАтФАтФАтФАтФАтФАтФАтФАтФАтФАтФАтФАтФАтФА
тФМтФАтФАтФАтФАтФАтФАтФАтФАтФАтФАтФАтФАтФАтФАтФАтФАтФАтФАтФАтФАтФАтФАтФАтФАтФАтФАтФАтФАтФАтФАтФАтФАтФАтФАтФАтФАтФАтФАтФАтФАтФАтФАтФАтФАтФАтФАтФАтФАтФАтФАтФАтФАтФАтФАтФАтФАтФАтФАтФАтФАтФАтФАтФАтФАтФАтФАтФАтФАтФАтФАтФАтФАтФАтФАтФАтФАтФАтФАтФАтФАтФАтФАтФАтФАтФАтФАтФАтФАтФАтФАтФАтФАтФАтФАтФАтФАтФАтФАтФАтФАтФАтФАтФАтФАтФАтФАтФАтФАтФАтФАтФАтФАтФАтФАтФАтФАтФАтФАтФА
тФВ #0   TestService._completeBipolarTest (package:psycho_tests/services/test_service.dart:425:23)
тФВ #1   TestService.completeTest (package:psycho_tests/services/test_service.dart:55:16)
тФЬтФДтФДтФДтФДтФДтФДтФДтФДтФДтФДтФДтФДтФДтФДтФДтФДтФДтФДтФДтФДтФДтФДтФДтФДтФДтФДтФДтФДтФДтФДтФДтФДтФДтФДтФДтФДтФДтФДтФДтФДтФДтФДтФДтФДтФДтФДтФДтФДтФДтФДтФДтФДтФДтФДтФДтФДтФДтФДтФДтФДтФДтФДтФДтФДтФДтФДтФДтФДтФДтФДтФДтФДтФДтФДтФДтФДтФДтФДтФДтФДтФДтФДтФДтФДтФДтФДтФДтФДтФДтФДтФДтФДтФДтФДтФДтФДтФДтФДтФДтФДтФДтФДтФДтФДтФДтФДтФДтФДтФДтФДтФДтФДтФДтФДтФДтФДтФДтФДтФД
тФВ ЁЯРЫ Qq42: targetScale=thinking, score=3
тФФтФАтФАтФАтФАтФАтФАтФАтФАтФАтФАтФАтФАтФАтФАтФАтФАтФАтФАтФАтФАтФАтФАтФАтФАтФАтФАтФАтФАтФАтФАтФАтФАтФАтФАтФАтФАтФАтФАтФАтФАтФАтФАтФАтФАтФАтФАтФАтФАтФАтФАтФАтФАтФАтФАтФАтФАтФАтФАтФАтФАтФАтФАтФАтФАтФАтФАтФАтФАтФАтФАтФАтФАтФАтФАтФАтФАтФАтФАтФАтФАтФАтФАтФАтФАтФАтФАтФАтФАтФАтФАтФАтФАтФАтФАтФАтФАтФАтФАтФАтФАтФАтФАтФАтФАтФАтФАтФАтФАтФАтФАтФАтФАтФАтФАтФАтФАтФАтФАтФА
тФМтФАтФАтФАтФАтФАтФАтФАтФАтФАтФАтФАтФАтФАтФАтФАтФАтФАтФАтФАтФАтФАтФАтФАтФАтФАтФАтФАтФАтФАтФАтФАтФАтФАтФАтФАтФАтФАтФАтФАтФАтФАтФАтФАтФАтФАтФАтФАтФАтФАтФАтФАтФАтФАтФАтФАтФАтФАтФАтФАтФАтФАтФАтФАтФАтФАтФАтФАтФАтФАтФАтФАтФАтФАтФАтФАтФАтФАтФАтФАтФАтФАтФАтФАтФАтФАтФАтФАтФАтФАтФАтФАтФАтФАтФАтФАтФАтФАтФАтФАтФАтФАтФАтФАтФАтФАтФАтФАтФАтФАтФАтФАтФАтФАтФАтФАтФАтФАтФАтФА
тФВ #0   TestService._completeBipolarTest (package:psycho_tests/services/test_service.dart:425:23)
тФВ #1   TestService.completeTest (package:psycho_tests/services/test_service.dart:55:16)
тФЬтФДтФДтФДтФДтФДтФДтФДтФДтФДтФДтФДтФДтФДтФДтФДтФДтФДтФДтФДтФДтФДтФДтФДтФДтФДтФДтФДтФДтФДтФДтФДтФДтФДтФДтФДтФДтФДтФДтФДтФДтФДтФДтФДтФДтФДтФДтФДтФДтФДтФДтФДтФДтФДтФДтФДтФДтФДтФДтФДтФДтФДтФДтФДтФДтФДтФДтФДтФДтФДтФДтФДтФДтФДтФДтФДтФДтФДтФДтФДтФДтФДтФДтФДтФДтФДтФДтФДтФДтФДтФДтФДтФДтФДтФДтФДтФДтФДтФДтФДтФДтФДтФДтФДтФДтФДтФДтФДтФДтФДтФДтФДтФДтФДтФДтФДтФДтФДтФДтФД
тФВ ЁЯРЫ Qq43: targetScale=thinking, score=3
тФФтФАтФАтФАтФАтФАтФАтФАтФАтФАтФАтФАтФАтФАтФАтФАтФАтФАтФАтФАтФАтФАтФАтФАтФАтФАтФАтФАтФАтФАтФАтФАтФАтФАтФАтФАтФАтФАтФАтФАтФАтФАтФАтФАтФАтФАтФАтФАтФАтФАтФАтФАтФАтФАтФАтФАтФАтФАтФАтФАтФАтФАтФАтФАтФАтФАтФАтФАтФАтФАтФАтФАтФАтФАтФАтФАтФАтФАтФАтФАтФАтФАтФАтФАтФАтФАтФАтФАтФАтФАтФАтФАтФАтФАтФАтФАтФАтФАтФАтФАтФАтФАтФАтФАтФАтФАтФАтФАтФАтФАтФАтФАтФАтФАтФАтФАтФАтФАтФАтФА
тФМтФАтФАтФАтФАтФАтФАтФАтФАтФАтФАтФАтФАтФАтФАтФАтФАтФАтФАтФАтФАтФАтФАтФАтФАтФАтФАтФАтФАтФАтФАтФАтФАтФАтФАтФАтФАтФАтФАтФАтФАтФАтФАтФАтФАтФАтФАтФАтФАтФАтФАтФАтФАтФАтФАтФАтФАтФАтФАтФАтФАтФАтФАтФАтФАтФАтФАтФАтФАтФАтФАтФАтФАтФАтФАтФАтФАтФАтФАтФАтФАтФАтФАтФАтФАтФАтФАтФАтФАтФАтФАтФАтФАтФАтФАтФАтФАтФАтФАтФАтФАтФАтФАтФАтФАтФАтФАтФАтФАтФАтФАтФАтФАтФАтФАтФАтФАтФАтФАтФА
тФВ #0   TestService._completeBipolarTest (package:psycho_tests/services/test_service.dart:425:23)
тФВ #1   TestService.completeTest (package:psycho_tests/services/test_service.dart:55:16)
тФЬтФДтФДтФДтФДтФДтФДтФДтФДтФДтФДтФДтФДтФДтФДтФДтФДтФДтФДтФДтФДтФДтФДтФДтФДтФДтФДтФДтФДтФДтФДтФДтФДтФДтФДтФДтФДтФДтФДтФДтФДтФДтФДтФДтФДтФДтФДтФДтФДтФДтФДтФДтФДтФДтФДтФДтФДтФДтФДтФДтФДтФДтФДтФДтФДтФДтФДтФДтФДтФДтФДтФДтФДтФДтФДтФДтФДтФДтФДтФДтФДтФДтФДтФДтФДтФДтФДтФДтФДтФДтФДтФДтФДтФДтФДтФДтФДтФДтФДтФДтФДтФДтФДтФДтФДтФДтФДтФДтФДтФДтФДтФДтФДтФДтФДтФДтФДтФДтФДтФД
тФВ ЁЯРЫ Qq44: targetScale=feeling, score=3
тФФтФАтФАтФАтФАтФАтФАтФАтФАтФАтФАтФАтФАтФАтФАтФАтФАтФАтФАтФАтФАтФАтФАтФАтФАтФАтФАтФАтФАтФАтФАтФАтФАтФАтФАтФАтФАтФАтФАтФАтФАтФАтФАтФАтФАтФАтФАтФАтФАтФАтФАтФАтФАтФАтФАтФАтФАтФАтФАтФАтФАтФАтФАтФАтФАтФАтФАтФАтФАтФАтФАтФАтФАтФАтФАтФАтФАтФАтФАтФАтФАтФАтФАтФАтФАтФАтФАтФАтФАтФАтФАтФАтФАтФАтФАтФАтФАтФАтФАтФАтФАтФАтФАтФАтФАтФАтФАтФАтФАтФАтФАтФАтФАтФАтФАтФАтФАтФАтФАтФА
тФМтФАтФАтФАтФАтФАтФАтФАтФАтФАтФАтФАтФАтФАтФАтФАтФАтФАтФАтФАтФАтФАтФАтФАтФАтФАтФАтФАтФАтФАтФАтФАтФАтФАтФАтФАтФАтФАтФАтФАтФАтФАтФАтФАтФАтФАтФАтФАтФАтФАтФАтФАтФАтФАтФАтФАтФАтФАтФАтФАтФАтФАтФАтФАтФАтФАтФАтФАтФАтФАтФАтФАтФАтФАтФАтФАтФАтФАтФАтФАтФАтФАтФАтФАтФАтФАтФАтФАтФАтФАтФАтФАтФАтФАтФАтФАтФАтФАтФАтФАтФАтФАтФАтФАтФАтФАтФАтФАтФАтФАтФАтФАтФАтФАтФАтФАтФАтФАтФАтФА
тФВ #0   TestService._completeBipolarTest (package:psycho_tests/services/test_service.dart:425:23)
тФВ #1   TestService.completeTest (package:psycho_tests/services/test_service.dart:55:16)
тФЬтФДтФДтФДтФДтФДтФДтФДтФДтФДтФДтФДтФДтФДтФДтФДтФДтФДтФДтФДтФДтФДтФДтФДтФДтФДтФДтФДтФДтФДтФДтФДтФДтФДтФДтФДтФДтФДтФДтФДтФДтФДтФДтФДтФДтФДтФДтФДтФДтФДтФДтФДтФДтФДтФДтФДтФДтФДтФДтФДтФДтФДтФДтФДтФДтФДтФДтФДтФДтФДтФДтФДтФДтФДтФДтФДтФДтФДтФДтФДтФДтФДтФДтФДтФДтФДтФДтФДтФДтФДтФДтФДтФДтФДтФДтФДтФДтФДтФДтФДтФДтФДтФДтФДтФДтФДтФДтФДтФДтФДтФДтФДтФДтФДтФДтФДтФДтФДтФДтФД
тФВ ЁЯРЫ Qq45: targetScale=feeling, score=3
тФФтФАтФАтФАтФАтФАтФАтФАтФАтФАтФАтФАтФАтФАтФАтФАтФАтФАтФАтФАтФАтФАтФАтФАтФАтФАтФАтФАтФАтФАтФАтФАтФАтФАтФАтФАтФАтФАтФАтФАтФАтФАтФАтФАтФАтФАтФАтФАтФАтФАтФАтФАтФАтФАтФАтФАтФАтФАтФАтФАтФАтФАтФАтФАтФАтФАтФАтФАтФАтФАтФАтФАтФАтФАтФАтФАтФАтФАтФАтФАтФАтФАтФАтФАтФАтФАтФАтФАтФАтФАтФАтФАтФАтФАтФАтФАтФАтФАтФАтФАтФАтФАтФАтФАтФАтФАтФАтФАтФАтФАтФАтФАтФАтФАтФАтФАтФАтФАтФАтФА
тФМтФАтФАтФАтФАтФАтФАтФАтФАтФАтФАтФАтФАтФАтФАтФАтФАтФАтФАтФАтФАтФАтФАтФАтФАтФАтФАтФАтФАтФАтФАтФАтФАтФАтФАтФАтФАтФАтФАтФАтФАтФАтФАтФАтФАтФАтФАтФАтФАтФАтФАтФАтФАтФАтФАтФАтФАтФАтФАтФАтФАтФАтФАтФАтФАтФАтФАтФАтФАтФАтФАтФАтФАтФАтФАтФАтФАтФАтФАтФАтФАтФАтФАтФАтФАтФАтФАтФАтФАтФАтФАтФАтФАтФАтФАтФАтФАтФАтФАтФАтФАтФАтФАтФАтФАтФАтФАтФАтФАтФАтФАтФАтФАтФАтФАтФАтФАтФАтФАтФА
тФВ #0   TestService._completeBipolarTest (package:psycho_tests/services/test_service.dart:425:23)
тФВ #1   TestService.completeTest (package:psycho_tests/services/test_service.dart:55:16)
тФЬтФДтФДтФДтФДтФДтФДтФДтФДтФДтФДтФДтФДтФДтФДтФДтФДтФДтФДтФДтФДтФДтФДтФДтФДтФДтФДтФДтФДтФДтФДтФДтФДтФДтФДтФДтФДтФДтФДтФДтФДтФДтФДтФДтФДтФДтФДтФДтФДтФДтФДтФДтФДтФДтФДтФДтФДтФДтФДтФДтФДтФДтФДтФДтФДтФДтФДтФДтФДтФДтФДтФДтФДтФДтФДтФДтФДтФДтФДтФДтФДтФДтФДтФДтФДтФДтФДтФДтФДтФДтФДтФДтФДтФДтФДтФДтФДтФДтФДтФДтФДтФДтФДтФДтФДтФДтФДтФДтФДтФДтФДтФДтФДтФДтФДтФДтФДтФДтФДтФД
тФВ ЁЯРЫ Qq46: targetScale=feeling, score=3
тФФтФАтФАтФАтФАтФАтФАтФАтФАтФАтФАтФАтФАтФАтФАтФАтФАтФАтФАтФАтФАтФАтФАтФАтФАтФАтФАтФАтФАтФАтФАтФАтФАтФАтФАтФАтФАтФАтФАтФАтФАтФАтФАтФАтФАтФАтФАтФАтФАтФАтФАтФАтФАтФАтФАтФАтФАтФАтФАтФАтФАтФАтФАтФАтФАтФАтФАтФАтФАтФАтФАтФАтФАтФАтФАтФАтФАтФАтФАтФАтФАтФАтФАтФАтФАтФАтФАтФАтФАтФАтФАтФАтФАтФАтФАтФАтФАтФАтФАтФАтФАтФАтФАтФАтФАтФАтФАтФАтФАтФАтФАтФАтФАтФАтФАтФАтФАтФАтФАтФА
тФМтФАтФАтФАтФАтФАтФАтФАтФАтФАтФАтФАтФАтФАтФАтФАтФАтФАтФАтФАтФАтФАтФАтФАтФАтФАтФАтФАтФАтФАтФАтФАтФАтФАтФАтФАтФАтФАтФАтФАтФАтФАтФАтФАтФАтФАтФАтФАтФАтФАтФАтФАтФАтФАтФАтФАтФАтФАтФАтФАтФАтФАтФАтФАтФАтФАтФАтФАтФАтФАтФАтФАтФАтФАтФАтФАтФАтФАтФАтФАтФАтФАтФАтФАтФАтФАтФАтФАтФАтФАтФАтФАтФАтФАтФАтФАтФАтФАтФАтФАтФАтФАтФАтФАтФАтФАтФАтФАтФАтФАтФАтФАтФАтФАтФАтФАтФАтФАтФАтФА
тФВ #0   TestService._completeBipolarTest (package:psycho_tests/services/test_service.dart:425:23)
тФВ #1   TestService.completeTest (package:psycho_tests/services/test_service.dart:55:16)
тФЬтФДтФДтФДтФДтФДтФДтФДтФДтФДтФДтФДтФДтФДтФДтФДтФДтФДтФДтФДтФДтФДтФДтФДтФДтФДтФДтФДтФДтФДтФДтФДтФДтФДтФДтФДтФДтФДтФДтФДтФДтФДтФДтФДтФДтФДтФДтФДтФДтФДтФДтФДтФДтФДтФДтФДтФДтФДтФДтФДтФДтФДтФДтФДтФДтФДтФДтФДтФДтФДтФДтФДтФДтФДтФДтФДтФДтФДтФДтФДтФДтФДтФДтФДтФДтФДтФДтФДтФДтФДтФДтФДтФДтФДтФДтФДтФДтФДтФДтФДтФДтФДтФДтФДтФДтФДтФДтФДтФДтФДтФДтФДтФДтФДтФДтФДтФДтФДтФДтФД
тФВ ЁЯРЫ Qq47: targetScale=thinking, score=3
тФФтФАтФАтФАтФАтФАтФАтФАтФАтФАтФАтФАтФАтФАтФАтФАтФАтФАтФАтФАтФАтФАтФАтФАтФАтФАтФАтФАтФАтФАтФАтФАтФАтФАтФАтФАтФАтФАтФАтФАтФАтФАтФАтФАтФАтФАтФАтФАтФАтФАтФАтФАтФАтФАтФАтФАтФАтФАтФАтФАтФАтФАтФАтФАтФАтФАтФАтФАтФАтФАтФАтФАтФАтФАтФАтФАтФАтФАтФАтФАтФАтФАтФАтФАтФАтФАтФАтФАтФАтФАтФАтФАтФАтФАтФАтФАтФАтФАтФАтФАтФАтФАтФАтФАтФАтФАтФАтФАтФАтФАтФАтФАтФАтФАтФАтФАтФАтФАтФАтФА
тФМтФАтФАтФАтФАтФАтФАтФАтФАтФАтФАтФАтФАтФАтФАтФАтФАтФАтФАтФАтФАтФАтФАтФАтФАтФАтФАтФАтФАтФАтФАтФАтФАтФАтФАтФАтФАтФАтФАтФАтФАтФАтФАтФАтФАтФАтФАтФАтФАтФАтФАтФАтФАтФАтФАтФАтФАтФАтФАтФАтФАтФАтФАтФАтФАтФАтФАтФАтФАтФАтФАтФАтФАтФАтФАтФАтФАтФАтФАтФАтФАтФАтФАтФАтФАтФАтФАтФАтФАтФАтФАтФАтФАтФАтФАтФАтФАтФАтФАтФАтФАтФАтФАтФАтФАтФАтФАтФАтФАтФАтФАтФАтФАтФАтФАтФАтФАтФАтФАтФА
тФВ #0   TestService._completeBipolarTest (package:psycho_tests/services/test_service.dart:425:23)
тФВ #1   TestService.completeTest (package:psycho_tests/services/test_service.dart:55:16)
тФЬтФДтФДтФДтФДтФДтФДтФДтФДтФДтФДтФДтФДтФДтФДтФДтФДтФДтФДтФДтФДтФДтФДтФДтФДтФДтФДтФДтФДтФДтФДтФДтФДтФДтФДтФДтФДтФДтФДтФДтФДтФДтФДтФДтФДтФДтФДтФДтФДтФДтФДтФДтФДтФДтФДтФДтФДтФДтФДтФДтФДтФДтФДтФДтФДтФДтФДтФДтФДтФДтФДтФДтФДтФДтФДтФДтФДтФДтФДтФДтФДтФДтФДтФДтФДтФДтФДтФДтФДтФДтФДтФДтФДтФДтФДтФДтФДтФДтФДтФДтФДтФДтФДтФДтФДтФДтФДтФДтФДтФДтФДтФДтФДтФДтФДтФДтФДтФДтФДтФД
тФВ ЁЯРЫ Qq48: targetScale=feeling, score=3
тФФтФАтФАтФАтФАтФАтФАтФАтФАтФАтФАтФАтФАтФАтФАтФАтФАтФАтФАтФАтФАтФАтФАтФАтФАтФАтФАтФАтФАтФАтФАтФАтФАтФАтФАтФАтФАтФАтФАтФАтФАтФАтФАтФАтФАтФАтФАтФАтФАтФАтФАтФАтФАтФАтФАтФАтФАтФАтФАтФАтФАтФАтФАтФАтФАтФАтФАтФАтФАтФАтФАтФАтФАтФАтФАтФАтФАтФАтФАтФАтФАтФАтФАтФАтФАтФАтФАтФАтФАтФАтФАтФАтФАтФАтФАтФАтФАтФАтФАтФАтФАтФАтФАтФАтФАтФАтФАтФАтФАтФАтФАтФАтФАтФАтФАтФАтФАтФАтФАтФА
тФМтФАтФАтФАтФАтФАтФАтФАтФАтФАтФАтФАтФАтФАтФАтФАтФАтФАтФАтФАтФАтФАтФАтФАтФАтФАтФАтФАтФАтФАтФАтФАтФАтФАтФАтФАтФАтФАтФАтФАтФАтФАтФАтФАтФАтФАтФАтФАтФАтФАтФАтФАтФАтФАтФАтФАтФАтФАтФАтФАтФАтФАтФАтФАтФАтФАтФАтФАтФАтФАтФАтФАтФАтФАтФАтФАтФАтФАтФАтФАтФАтФАтФАтФАтФАтФАтФАтФАтФАтФАтФАтФАтФАтФАтФАтФАтФАтФАтФАтФАтФАтФАтФАтФАтФАтФАтФАтФАтФАтФАтФАтФАтФАтФАтФАтФАтФАтФАтФАтФА
тФВ #0   TestService._completeBipolarTest (package:psycho_tests/services/test_service.dart:425:23)
тФВ #1   TestService.completeTest (package:psycho_tests/services/test_service.dart:55:16)
тФЬтФДтФДтФДтФДтФДтФДтФДтФДтФДтФДтФДтФДтФДтФДтФДтФДтФДтФДтФДтФДтФДтФДтФДтФДтФДтФДтФДтФДтФДтФДтФДтФДтФДтФДтФДтФДтФДтФДтФДтФДтФДтФДтФДтФДтФДтФДтФДтФДтФДтФДтФДтФДтФДтФДтФДтФДтФДтФДтФДтФДтФДтФДтФДтФДтФДтФДтФДтФДтФДтФДтФДтФДтФДтФДтФДтФДтФДтФДтФДтФДтФДтФДтФДтФДтФДтФДтФДтФДтФДтФДтФДтФДтФДтФДтФДтФДтФДтФДтФДтФДтФДтФДтФДтФДтФДтФДтФДтФДтФДтФДтФДтФДтФДтФДтФДтФДтФДтФДтФД
тФВ ЁЯРЫ Qq49: targetScale=thinking, score=3
тФФтФАтФАтФАтФАтФАтФАтФАтФАтФАтФАтФАтФАтФАтФАтФАтФАтФАтФАтФАтФАтФАтФАтФАтФАтФАтФАтФАтФАтФАтФАтФАтФАтФАтФАтФАтФАтФАтФАтФАтФАтФАтФАтФАтФАтФАтФАтФАтФАтФАтФАтФАтФАтФАтФАтФАтФАтФАтФАтФАтФАтФАтФАтФАтФАтФАтФАтФАтФАтФАтФАтФАтФАтФАтФАтФАтФАтФАтФАтФАтФАтФАтФАтФАтФАтФАтФАтФАтФАтФАтФАтФАтФАтФАтФАтФАтФАтФАтФАтФАтФАтФАтФАтФАтФАтФАтФАтФАтФАтФАтФАтФАтФАтФАтФАтФАтФАтФАтФАтФА
тФМтФАтФАтФАтФАтФАтФАтФАтФАтФАтФАтФАтФАтФАтФАтФАтФАтФАтФАтФАтФАтФАтФАтФАтФАтФАтФАтФАтФАтФАтФАтФАтФАтФАтФАтФАтФАтФАтФАтФАтФАтФАтФАтФАтФАтФАтФАтФАтФАтФАтФАтФАтФАтФАтФАтФАтФАтФАтФАтФАтФАтФАтФАтФАтФАтФАтФАтФАтФАтФАтФАтФАтФАтФАтФАтФАтФАтФАтФАтФАтФАтФАтФАтФАтФАтФАтФАтФАтФАтФАтФАтФАтФАтФАтФАтФАтФАтФАтФАтФАтФАтФАтФАтФАтФАтФАтФАтФАтФАтФАтФАтФАтФАтФАтФАтФАтФАтФАтФАтФА
тФВ #0   TestService._completeBipolarTest (package:psycho_tests/services/test_service.dart:425:23)
тФВ #1   TestService.completeTest (package:psycho_tests/services/test_service.dart:55:16)
тФЬтФДтФДтФДтФДтФДтФДтФДтФДтФДтФДтФДтФДтФДтФДтФДтФДтФДтФДтФДтФДтФДтФДтФДтФДтФДтФДтФДтФДтФДтФДтФДтФДтФДтФДтФДтФДтФДтФДтФДтФДтФДтФДтФДтФДтФДтФДтФДтФДтФДтФДтФДтФДтФДтФДтФДтФДтФДтФДтФДтФДтФДтФДтФДтФДтФДтФДтФДтФДтФДтФДтФДтФДтФДтФДтФДтФДтФДтФДтФДтФДтФДтФДтФДтФДтФДтФДтФДтФДтФДтФДтФДтФДтФДтФДтФДтФДтФДтФДтФДтФДтФДтФДтФДтФДтФДтФДтФДтФДтФДтФДтФДтФДтФДтФДтФДтФДтФДтФДтФД
тФВ ЁЯРЫ Qq50: targetScale=feeling, score=3
тФФтФАтФАтФАтФАтФАтФАтФАтФАтФАтФАтФАтФАтФАтФАтФАтФАтФАтФАтФАтФАтФАтФАтФАтФАтФАтФАтФАтФАтФАтФАтФАтФАтФАтФАтФАтФАтФАтФАтФАтФАтФАтФАтФАтФАтФАтФАтФАтФАтФАтФАтФАтФАтФАтФАтФАтФАтФАтФАтФАтФАтФАтФАтФАтФАтФАтФАтФАтФАтФАтФАтФАтФАтФАтФАтФАтФАтФАтФАтФАтФАтФАтФАтФАтФАтФАтФАтФАтФАтФАтФАтФАтФАтФАтФАтФАтФАтФАтФАтФАтФАтФАтФАтФАтФАтФАтФАтФАтФАтФАтФАтФАтФАтФАтФАтФАтФАтФАтФАтФА
тФМтФАтФАтФАтФАтФАтФАтФАтФАтФАтФАтФАтФАтФАтФАтФАтФАтФАтФАтФАтФАтФАтФАтФАтФАтФАтФАтФАтФАтФАтФАтФАтФАтФАтФАтФАтФАтФАтФАтФАтФАтФАтФАтФАтФАтФАтФАтФАтФАтФАтФАтФАтФАтФАтФАтФАтФАтФАтФАтФАтФАтФАтФАтФАтФАтФАтФАтФАтФАтФАтФАтФАтФАтФАтФАтФАтФАтФАтФАтФАтФАтФАтФАтФАтФАтФАтФАтФАтФАтФАтФАтФАтФАтФАтФАтФАтФАтФАтФАтФАтФАтФАтФАтФАтФАтФАтФАтФАтФАтФАтФАтФАтФАтФАтФАтФАтФАтФАтФАтФА
тФВ #0   TestService._completeBipolarTest (package:psycho_tests/services/test_service.dart:425:23)
тФВ #1   TestService.completeTest (package:psycho_tests/services/test_service.dart:55:16)
тФЬтФДтФДтФДтФДтФДтФДтФДтФДтФДтФДтФДтФДтФДтФДтФДтФДтФДтФДтФДтФДтФДтФДтФДтФДтФДтФДтФДтФДтФДтФДтФДтФДтФДтФДтФДтФДтФДтФДтФДтФДтФДтФДтФДтФДтФДтФДтФДтФДтФДтФДтФДтФДтФДтФДтФДтФДтФДтФДтФДтФДтФДтФДтФДтФДтФДтФДтФДтФДтФДтФДтФДтФДтФДтФДтФДтФДтФДтФДтФДтФДтФДтФДтФДтФДтФДтФДтФДтФДтФДтФДтФДтФДтФДтФДтФДтФДтФДтФДтФДтФДтФДтФДтФДтФДтФДтФДтФДтФДтФДтФДтФДтФДтФДтФДтФДтФДтФДтФДтФД
тФВ ЁЯРЫ Qq51: targetScale=thinking, score=3
тФФтФАтФАтФАтФАтФАтФАтФАтФАтФАтФАтФАтФАтФАтФАтФАтФАтФАтФАтФАтФАтФАтФАтФАтФАтФАтФАтФАтФАтФАтФАтФАтФАтФАтФАтФАтФАтФАтФАтФАтФАтФАтФАтФАтФАтФАтФАтФАтФАтФАтФАтФАтФАтФАтФАтФАтФАтФАтФАтФАтФАтФАтФАтФАтФАтФАтФАтФАтФАтФАтФАтФАтФАтФАтФАтФАтФАтФАтФАтФАтФАтФАтФАтФАтФАтФАтФАтФАтФАтФАтФАтФАтФАтФАтФАтФАтФАтФАтФАтФАтФАтФАтФАтФАтФАтФАтФАтФАтФАтФАтФАтФАтФАтФАтФАтФАтФАтФАтФАтФА
тФМтФАтФАтФАтФАтФАтФАтФАтФАтФАтФАтФАтФАтФАтФАтФАтФАтФАтФАтФАтФАтФАтФАтФАтФАтФАтФАтФАтФАтФАтФАтФАтФАтФАтФАтФАтФАтФАтФАтФАтФАтФАтФАтФАтФАтФАтФАтФАтФАтФАтФАтФАтФАтФАтФАтФАтФАтФАтФАтФАтФАтФАтФАтФАтФАтФАтФАтФАтФАтФАтФАтФАтФАтФАтФАтФАтФАтФАтФАтФАтФАтФАтФАтФАтФАтФАтФАтФАтФАтФАтФАтФАтФАтФАтФАтФАтФАтФАтФАтФАтФАтФАтФАтФАтФАтФАтФАтФАтФАтФАтФАтФАтФАтФАтФАтФАтФАтФАтФАтФА
тФВ #0   TestService._completeBipolarTest (package:psycho_tests/services/test_service.dart:425:23)
тФВ #1   TestService.completeTest (package:psycho_tests/services/test_service.dart:55:16)
тФЬтФДтФДтФДтФДтФДтФДтФДтФДтФДтФДтФДтФДтФДтФДтФДтФДтФДтФДтФДтФДтФДтФДтФДтФДтФДтФДтФДтФДтФДтФДтФДтФДтФДтФДтФДтФДтФДтФДтФДтФДтФДтФДтФДтФДтФДтФДтФДтФДтФДтФДтФДтФДтФДтФДтФДтФДтФДтФДтФДтФДтФДтФДтФДтФДтФДтФДтФДтФДтФДтФДтФДтФДтФДтФДтФДтФДтФДтФДтФДтФДтФДтФДтФДтФДтФДтФДтФДтФДтФДтФДтФДтФДтФДтФДтФДтФДтФДтФДтФДтФДтФДтФДтФДтФДтФДтФДтФДтФДтФДтФДтФДтФДтФДтФДтФДтФДтФДтФДтФД
тФВ ЁЯРЫ Qq52: targetScale=feeling, score=3
тФФтФАтФАтФАтФАтФАтФАтФАтФАтФАтФАтФАтФАтФАтФАтФАтФАтФАтФАтФАтФАтФАтФАтФАтФАтФАтФАтФАтФАтФАтФАтФАтФАтФАтФАтФАтФАтФАтФАтФАтФАтФАтФАтФАтФАтФАтФАтФАтФАтФАтФАтФАтФАтФАтФАтФАтФАтФАтФАтФАтФАтФАтФАтФАтФАтФАтФАтФАтФАтФАтФАтФАтФАтФАтФАтФАтФАтФАтФАтФАтФАтФАтФАтФАтФАтФАтФАтФАтФАтФАтФАтФАтФАтФАтФАтФАтФАтФАтФАтФАтФАтФАтФАтФАтФАтФАтФАтФАтФАтФАтФАтФАтФАтФАтФАтФАтФАтФАтФАтФА
тФМтФАтФАтФАтФАтФАтФАтФАтФАтФАтФАтФАтФАтФАтФАтФАтФАтФАтФАтФАтФАтФАтФАтФАтФАтФАтФАтФАтФАтФАтФАтФАтФАтФАтФАтФАтФАтФАтФАтФАтФАтФАтФАтФАтФАтФАтФАтФАтФАтФАтФАтФАтФАтФАтФАтФАтФАтФАтФАтФАтФАтФАтФАтФАтФАтФАтФАтФАтФАтФАтФАтФАтФАтФАтФАтФАтФАтФАтФАтФАтФАтФАтФАтФАтФАтФАтФАтФАтФАтФАтФАтФАтФАтФАтФАтФАтФАтФАтФАтФАтФАтФАтФАтФАтФАтФАтФАтФАтФАтФАтФАтФАтФАтФАтФАтФАтФАтФАтФАтФА
тФВ #0   TestService._completeBipolarTest (package:psycho_tests/services/test_service.dart:425:23)
тФВ #1   TestService.completeTest (package:psycho_tests/services/test_service.dart:55:16)
тФЬтФДтФДтФДтФДтФДтФДтФДтФДтФДтФДтФДтФДтФДтФДтФДтФДтФДтФДтФДтФДтФДтФДтФДтФДтФДтФДтФДтФДтФДтФДтФДтФДтФДтФДтФДтФДтФДтФДтФДтФДтФДтФДтФДтФДтФДтФДтФДтФДтФДтФДтФДтФДтФДтФДтФДтФДтФДтФДтФДтФДтФДтФДтФДтФДтФДтФДтФДтФДтФДтФДтФДтФДтФДтФДтФДтФДтФДтФДтФДтФДтФДтФДтФДтФДтФДтФДтФДтФДтФДтФДтФДтФДтФДтФДтФДтФДтФДтФДтФДтФДтФДтФДтФДтФДтФДтФДтФДтФДтФДтФДтФДтФДтФДтФДтФДтФДтФДтФДтФД
тФВ ЁЯРЫ Qq53: targetScale=thinking, score=3
тФФтФАтФАтФАтФАтФАтФАтФАтФАтФАтФАтФАтФАтФАтФАтФАтФАтФАтФАтФАтФАтФАтФАтФАтФАтФАтФАтФАтФАтФАтФАтФАтФАтФАтФАтФАтФАтФАтФАтФАтФАтФАтФАтФАтФАтФАтФАтФАтФАтФАтФАтФАтФАтФАтФАтФАтФАтФАтФАтФАтФАтФАтФАтФАтФАтФАтФАтФАтФАтФАтФАтФАтФАтФАтФАтФАтФАтФАтФАтФАтФАтФАтФАтФАтФАтФАтФАтФАтФАтФАтФАтФАтФАтФАтФАтФАтФАтФАтФАтФАтФАтФАтФАтФАтФАтФАтФАтФАтФАтФАтФАтФАтФАтФАтФАтФАтФАтФАтФАтФА
тФМтФАтФАтФАтФАтФАтФАтФАтФАтФАтФАтФАтФАтФАтФАтФАтФАтФАтФАтФАтФАтФАтФАтФАтФАтФАтФАтФАтФАтФАтФАтФАтФАтФАтФАтФАтФАтФАтФАтФАтФАтФАтФАтФАтФАтФАтФАтФАтФАтФАтФАтФАтФАтФАтФАтФАтФАтФАтФАтФАтФАтФАтФАтФАтФАтФАтФАтФАтФАтФАтФАтФАтФАтФАтФАтФАтФАтФАтФАтФАтФАтФАтФАтФАтФАтФАтФАтФАтФАтФАтФАтФАтФАтФАтФАтФАтФАтФАтФАтФАтФАтФАтФАтФАтФАтФАтФАтФАтФАтФАтФАтФАтФАтФАтФАтФАтФАтФАтФАтФА
тФВ #0   TestService._completeBipolarTest (package:psycho_tests/services/test_service.dart:425:23)
тФВ #1   TestService.completeTest (package:psycho_tests/services/test_service.dart:55:16)
тФЬтФДтФДтФДтФДтФДтФДтФДтФДтФДтФДтФДтФДтФДтФДтФДтФДтФДтФДтФДтФДтФДтФДтФДтФДтФДтФДтФДтФДтФДтФДтФДтФДтФДтФДтФДтФДтФДтФДтФДтФДтФДтФДтФДтФДтФДтФДтФДтФДтФДтФДтФДтФДтФДтФДтФДтФДтФДтФДтФДтФДтФДтФДтФДтФДтФДтФДтФДтФДтФДтФДтФДтФДтФДтФДтФДтФДтФДтФДтФДтФДтФДтФДтФДтФДтФДтФДтФДтФДтФДтФДтФДтФДтФДтФДтФДтФДтФДтФДтФДтФДтФДтФДтФДтФДтФДтФДтФДтФДтФДтФДтФДтФДтФДтФДтФДтФДтФДтФДтФД
тФВ ЁЯРЫ Qq54: targetScale=feeling, score=3
тФФтФАтФАтФАтФАтФАтФАтФАтФАтФАтФАтФАтФАтФАтФАтФАтФАтФАтФАтФАтФАтФАтФАтФАтФАтФАтФАтФАтФАтФАтФАтФАтФАтФАтФАтФАтФАтФАтФАтФАтФАтФАтФАтФАтФАтФАтФАтФАтФАтФАтФАтФАтФАтФАтФАтФАтФАтФАтФАтФАтФАтФАтФАтФАтФАтФАтФАтФАтФАтФАтФАтФАтФАтФАтФАтФАтФАтФАтФАтФАтФАтФАтФАтФАтФАтФАтФАтФАтФАтФАтФАтФАтФАтФАтФАтФАтФАтФАтФАтФАтФАтФАтФАтФАтФАтФАтФАтФАтФАтФАтФАтФАтФАтФАтФАтФАтФАтФАтФАтФА
тФМтФАтФАтФАтФАтФАтФАтФАтФАтФАтФАтФАтФАтФАтФАтФАтФАтФАтФАтФАтФАтФАтФАтФАтФАтФАтФАтФАтФАтФАтФАтФАтФАтФАтФАтФАтФАтФАтФАтФАтФАтФАтФАтФАтФАтФАтФАтФАтФАтФАтФАтФАтФАтФАтФАтФАтФАтФАтФАтФАтФАтФАтФАтФАтФАтФАтФАтФАтФАтФАтФАтФАтФАтФАтФАтФАтФАтФАтФАтФАтФАтФАтФАтФАтФАтФАтФАтФАтФАтФАтФАтФАтФАтФАтФАтФАтФАтФАтФАтФАтФАтФАтФАтФАтФАтФАтФАтФАтФАтФАтФАтФАтФАтФАтФАтФАтФАтФАтФАтФА
тФВ #0   TestService._completeBipolarTest (package:psycho_tests/services/test_service.dart:425:23)
тФВ #1   TestService.completeTest (package:psycho_tests/services/test_service.dart:55:16)
тФЬтФДтФДтФДтФДтФДтФДтФДтФДтФДтФДтФДтФДтФДтФДтФДтФДтФДтФДтФДтФДтФДтФДтФДтФДтФДтФДтФДтФДтФДтФДтФДтФДтФДтФДтФДтФДтФДтФДтФДтФДтФДтФДтФДтФДтФДтФДтФДтФДтФДтФДтФДтФДтФДтФДтФДтФДтФДтФДтФДтФДтФДтФДтФДтФДтФДтФДтФДтФДтФДтФДтФДтФДтФДтФДтФДтФДтФДтФДтФДтФДтФДтФДтФДтФДтФДтФДтФДтФДтФДтФДтФДтФДтФДтФДтФДтФДтФДтФДтФДтФДтФДтФДтФДтФДтФДтФДтФДтФДтФДтФДтФДтФДтФДтФДтФДтФДтФДтФДтФД
тФВ ЁЯРЫ Qq55: targetScale=thinking, score=3
тФФтФАтФАтФАтФАтФАтФАтФАтФАтФАтФАтФАтФАтФАтФАтФАтФАтФАтФАтФАтФАтФАтФАтФАтФАтФАтФАтФАтФАтФАтФАтФАтФАтФАтФАтФАтФАтФАтФАтФАтФАтФАтФАтФАтФАтФАтФАтФАтФАтФАтФАтФАтФАтФАтФАтФАтФАтФАтФАтФАтФАтФАтФАтФАтФАтФАтФАтФАтФАтФАтФАтФАтФАтФАтФАтФАтФАтФАтФАтФАтФАтФАтФАтФАтФАтФАтФАтФАтФАтФАтФАтФАтФАтФАтФАтФАтФАтФАтФАтФАтФАтФАтФАтФАтФАтФАтФАтФАтФАтФАтФАтФАтФАтФАтФАтФАтФАтФАтФАтФА
тФМтФАтФАтФАтФАтФАтФАтФАтФАтФАтФАтФАтФАтФАтФАтФАтФАтФАтФАтФАтФАтФАтФАтФАтФАтФАтФАтФАтФАтФАтФАтФАтФАтФАтФАтФАтФАтФАтФАтФАтФАтФАтФАтФАтФАтФАтФАтФАтФАтФАтФАтФАтФАтФАтФАтФАтФАтФАтФАтФАтФАтФАтФАтФАтФАтФАтФАтФАтФАтФАтФАтФАтФАтФАтФАтФАтФАтФАтФАтФАтФАтФАтФАтФАтФАтФАтФАтФАтФАтФАтФАтФАтФАтФАтФАтФАтФАтФАтФАтФАтФАтФАтФАтФАтФАтФАтФАтФАтФАтФАтФАтФАтФАтФАтФАтФАтФАтФАтФАтФА
тФВ #0   TestService._completeBipolarTest (package:psycho_tests/services/test_service.dart:425:23)
тФВ #1   TestService.completeTest (package:psycho_tests/services/test_service.dart:55:16)
тФЬтФДтФДтФДтФДтФДтФДтФДтФДтФДтФДтФДтФДтФДтФДтФДтФДтФДтФДтФДтФДтФДтФДтФДтФДтФДтФДтФДтФДтФДтФДтФДтФДтФДтФДтФДтФДтФДтФДтФДтФДтФДтФДтФДтФДтФДтФДтФДтФДтФДтФДтФДтФДтФДтФДтФДтФДтФДтФДтФДтФДтФДтФДтФДтФДтФДтФДтФДтФДтФДтФДтФДтФДтФДтФДтФДтФДтФДтФДтФДтФДтФДтФДтФДтФДтФДтФДтФДтФДтФДтФДтФДтФДтФДтФДтФДтФДтФДтФДтФДтФДтФДтФДтФДтФДтФДтФДтФДтФДтФДтФДтФДтФДтФДтФДтФДтФДтФДтФДтФД
тФВ ЁЯРЫ Qq56: targetScale=feeling, score=3
тФФтФАтФАтФАтФАтФАтФАтФАтФАтФАтФАтФАтФАтФАтФАтФАтФАтФАтФАтФАтФАтФАтФАтФАтФАтФАтФАтФАтФАтФАтФАтФАтФАтФАтФАтФАтФАтФАтФАтФАтФАтФАтФАтФАтФАтФАтФАтФАтФАтФАтФАтФАтФАтФАтФАтФАтФАтФАтФАтФАтФАтФАтФАтФАтФАтФАтФАтФАтФАтФАтФАтФАтФАтФАтФАтФАтФАтФАтФАтФАтФАтФАтФАтФАтФАтФАтФАтФАтФАтФАтФАтФАтФАтФАтФАтФАтФАтФАтФАтФАтФАтФАтФАтФАтФАтФАтФАтФАтФАтФАтФАтФАтФАтФАтФАтФАтФАтФАтФАтФА
тФМтФАтФАтФАтФАтФАтФАтФАтФАтФАтФАтФАтФАтФАтФАтФАтФАтФАтФАтФАтФАтФАтФАтФАтФАтФАтФАтФАтФАтФАтФАтФАтФАтФАтФАтФАтФАтФАтФАтФАтФАтФАтФАтФАтФАтФАтФАтФАтФАтФАтФАтФАтФАтФАтФАтФАтФАтФАтФАтФАтФАтФАтФАтФАтФАтФАтФАтФАтФАтФАтФАтФАтФАтФАтФАтФАтФАтФАтФАтФАтФАтФАтФАтФАтФАтФАтФАтФАтФАтФАтФАтФАтФАтФАтФАтФАтФАтФАтФАтФАтФАтФАтФАтФАтФАтФАтФАтФАтФАтФАтФАтФАтФАтФАтФАтФАтФАтФАтФАтФА
тФВ #0   TestService._completeBipolarTest (package:psycho_tests/services/test_service.dart:425:23)
тФВ #1   TestService.completeTest (package:psycho_tests/services/test_service.dart:55:16)
тФЬтФДтФДтФДтФДтФДтФДтФДтФДтФДтФДтФДтФДтФДтФДтФДтФДтФДтФДтФДтФДтФДтФДтФДтФДтФДтФДтФДтФДтФДтФДтФДтФДтФДтФДтФДтФДтФДтФДтФДтФДтФДтФДтФДтФДтФДтФДтФДтФДтФДтФДтФДтФДтФДтФДтФДтФДтФДтФДтФДтФДтФДтФДтФДтФДтФДтФДтФДтФДтФДтФДтФДтФДтФДтФДтФДтФДтФДтФДтФДтФДтФДтФДтФДтФДтФДтФДтФДтФДтФДтФДтФДтФДтФДтФДтФДтФДтФДтФДтФДтФДтФДтФДтФДтФДтФДтФДтФДтФДтФДтФДтФДтФДтФДтФДтФДтФДтФДтФДтФД
тФВ ЁЯРЫ Qq57: targetScale=thinking, score=3
тФФтФАтФАтФАтФАтФАтФАтФАтФАтФАтФАтФАтФАтФАтФАтФАтФАтФАтФАтФАтФАтФАтФАтФАтФАтФАтФАтФАтФАтФАтФАтФАтФАтФАтФАтФАтФАтФАтФАтФАтФАтФАтФАтФАтФАтФАтФАтФАтФАтФАтФАтФАтФАтФАтФАтФАтФАтФАтФАтФАтФАтФАтФАтФАтФАтФАтФАтФАтФАтФАтФАтФАтФАтФАтФАтФАтФАтФАтФАтФАтФАтФАтФАтФАтФАтФАтФАтФАтФАтФАтФАтФАтФАтФАтФАтФАтФАтФАтФАтФАтФАтФАтФАтФАтФАтФАтФАтФАтФАтФАтФАтФАтФАтФАтФАтФАтФАтФАтФАтФА
тФМтФАтФАтФАтФАтФАтФАтФАтФАтФАтФАтФАтФАтФАтФАтФАтФАтФАтФАтФАтФАтФАтФАтФАтФАтФАтФАтФАтФАтФАтФАтФАтФАтФАтФАтФАтФАтФАтФАтФАтФАтФАтФАтФАтФАтФАтФАтФАтФАтФАтФАтФАтФАтФАтФАтФАтФАтФАтФАтФАтФАтФАтФАтФАтФАтФАтФАтФАтФАтФАтФАтФАтФАтФАтФАтФАтФАтФАтФАтФАтФАтФАтФАтФАтФАтФАтФАтФАтФАтФАтФАтФАтФАтФАтФАтФАтФАтФАтФАтФАтФАтФАтФАтФАтФАтФАтФАтФАтФАтФАтФАтФАтФАтФАтФАтФАтФАтФАтФАтФА
тФВ #0   TestService._completeBipolarTest (package:psycho_tests/services/test_service.dart:425:23)
тФВ #1   TestService.completeTest (package:psycho_tests/services/test_service.dart:55:16)
тФЬтФДтФДтФДтФДтФДтФДтФДтФДтФДтФДтФДтФДтФДтФДтФДтФДтФДтФДтФДтФДтФДтФДтФДтФДтФДтФДтФДтФДтФДтФДтФДтФДтФДтФДтФДтФДтФДтФДтФДтФДтФДтФДтФДтФДтФДтФДтФДтФДтФДтФДтФДтФДтФДтФДтФДтФДтФДтФДтФДтФДтФДтФДтФДтФДтФДтФДтФДтФДтФДтФДтФДтФДтФДтФДтФДтФДтФДтФДтФДтФДтФДтФДтФДтФДтФДтФДтФДтФДтФДтФДтФДтФДтФДтФДтФДтФДтФДтФДтФДтФДтФДтФДтФДтФДтФДтФДтФДтФДтФДтФДтФДтФДтФДтФДтФДтФДтФДтФДтФД
тФВ ЁЯРЫ Qq58: targetScale=feeling, score=3
тФФтФАтФАтФАтФАтФАтФАтФАтФАтФАтФАтФАтФАтФАтФАтФАтФАтФАтФАтФАтФАтФАтФАтФАтФАтФАтФАтФАтФАтФАтФАтФАтФАтФАтФАтФАтФАтФАтФАтФАтФАтФАтФАтФАтФАтФАтФАтФАтФАтФАтФАтФАтФАтФАтФАтФАтФАтФАтФАтФАтФАтФАтФАтФАтФАтФАтФАтФАтФАтФАтФАтФАтФАтФАтФАтФАтФАтФАтФАтФАтФАтФАтФАтФАтФАтФАтФАтФАтФАтФАтФАтФАтФАтФАтФАтФАтФАтФАтФАтФАтФАтФАтФАтФАтФАтФАтФАтФАтФАтФАтФАтФАтФАтФАтФАтФАтФАтФАтФАтФА
тФМтФАтФАтФАтФАтФАтФАтФАтФАтФАтФАтФАтФАтФАтФАтФАтФАтФАтФАтФАтФАтФАтФАтФАтФАтФАтФАтФАтФАтФАтФАтФАтФАтФАтФАтФАтФАтФАтФАтФАтФАтФАтФАтФАтФАтФАтФАтФАтФАтФАтФАтФАтФАтФАтФАтФАтФАтФАтФАтФАтФАтФАтФАтФАтФАтФАтФАтФАтФАтФАтФАтФАтФАтФАтФАтФАтФАтФАтФАтФАтФАтФАтФАтФАтФАтФАтФАтФАтФАтФАтФАтФАтФАтФАтФАтФАтФАтФАтФАтФАтФАтФАтФАтФАтФАтФАтФАтФАтФАтФАтФАтФАтФАтФАтФАтФАтФАтФАтФАтФА
тФВ #0   TestService._completeBipolarTest (package:psycho_tests/services/test_service.dart:425:23)
тФВ #1   TestService.completeTest (package:psycho_tests/services/test_service.dart:55:16)
тФЬтФДтФДтФДтФДтФДтФДтФДтФДтФДтФДтФДтФДтФДтФДтФДтФДтФДтФДтФДтФДтФДтФДтФДтФДтФДтФДтФДтФДтФДтФДтФДтФДтФДтФДтФДтФДтФДтФДтФДтФДтФДтФДтФДтФДтФДтФДтФДтФДтФДтФДтФДтФДтФДтФДтФДтФДтФДтФДтФДтФДтФДтФДтФДтФДтФДтФДтФДтФДтФДтФДтФДтФДтФДтФДтФДтФДтФДтФДтФДтФДтФДтФДтФДтФДтФДтФДтФДтФДтФДтФДтФДтФДтФДтФДтФДтФДтФДтФДтФДтФДтФДтФДтФДтФДтФДтФДтФДтФДтФДтФДтФДтФДтФДтФДтФДтФДтФДтФДтФД
тФВ ЁЯРЫ Qq59: targetScale=feeling, score=3
тФФтФАтФАтФАтФАтФАтФАтФАтФАтФАтФАтФАтФАтФАтФАтФАтФАтФАтФАтФАтФАтФАтФАтФАтФАтФАтФАтФАтФАтФАтФАтФАтФАтФАтФАтФАтФАтФАтФАтФАтФАтФАтФАтФАтФАтФАтФАтФАтФАтФАтФАтФАтФАтФАтФАтФАтФАтФАтФАтФАтФАтФАтФАтФАтФАтФАтФАтФАтФАтФАтФАтФАтФАтФАтФАтФАтФАтФАтФАтФАтФАтФАтФАтФАтФАтФАтФАтФАтФАтФАтФАтФАтФАтФАтФАтФАтФАтФАтФАтФАтФАтФАтФАтФАтФАтФАтФАтФАтФАтФАтФАтФАтФАтФАтФАтФАтФАтФАтФАтФА
тФМтФАтФАтФАтФАтФАтФАтФАтФАтФАтФАтФАтФАтФАтФАтФАтФАтФАтФАтФАтФАтФАтФАтФАтФАтФАтФАтФАтФАтФАтФАтФАтФАтФАтФАтФАтФАтФАтФАтФАтФАтФАтФАтФАтФАтФАтФАтФАтФАтФАтФАтФАтФАтФАтФАтФАтФАтФАтФАтФАтФАтФАтФАтФАтФАтФАтФАтФАтФАтФАтФАтФАтФАтФАтФАтФАтФАтФАтФАтФАтФАтФАтФАтФАтФАтФАтФАтФАтФАтФАтФАтФАтФАтФАтФАтФАтФАтФАтФАтФАтФАтФАтФАтФАтФАтФАтФАтФАтФАтФАтФАтФАтФАтФАтФАтФАтФАтФАтФАтФА
тФВ #0   TestService._completeBipolarTest (package:psycho_tests/services/test_service.dart:425:23)
тФВ #1   TestService.completeTest (package:psycho_tests/services/test_service.dart:55:16)
тФЬтФДтФДтФДтФДтФДтФДтФДтФДтФДтФДтФДтФДтФДтФДтФДтФДтФДтФДтФДтФДтФДтФДтФДтФДтФДтФДтФДтФДтФДтФДтФДтФДтФДтФДтФДтФДтФДтФДтФДтФДтФДтФДтФДтФДтФДтФДтФДтФДтФДтФДтФДтФДтФДтФДтФДтФДтФДтФДтФДтФДтФДтФДтФДтФДтФДтФДтФДтФДтФДтФДтФДтФДтФДтФДтФДтФДтФДтФДтФДтФДтФДтФДтФДтФДтФДтФДтФДтФДтФДтФДтФДтФДтФДтФДтФДтФДтФДтФДтФДтФДтФДтФДтФДтФДтФДтФДтФДтФДтФДтФДтФДтФДтФДтФДтФДтФДтФДтФДтФД
тФВ ЁЯРЫ Qq60: targetScale=thinking, score=3
тФФтФАтФАтФАтФАтФАтФАтФАтФАтФАтФАтФАтФАтФАтФАтФАтФАтФАтФАтФАтФАтФАтФАтФАтФАтФАтФАтФАтФАтФАтФАтФАтФАтФАтФАтФАтФАтФАтФАтФАтФАтФАтФАтФАтФАтФАтФАтФАтФАтФАтФАтФАтФАтФАтФАтФАтФАтФАтФАтФАтФАтФАтФАтФАтФАтФАтФАтФАтФАтФАтФАтФАтФАтФАтФАтФАтФАтФАтФАтФАтФАтФАтФАтФАтФАтФАтФАтФАтФАтФАтФАтФАтФАтФАтФАтФАтФАтФАтФАтФАтФАтФАтФАтФАтФАтФАтФАтФАтФАтФАтФАтФАтФАтФАтФАтФАтФАтФАтФАтФА
тФМтФАтФАтФАтФАтФАтФАтФАтФАтФАтФАтФАтФАтФАтФАтФАтФАтФАтФАтФАтФАтФАтФАтФАтФАтФАтФАтФАтФАтФАтФАтФАтФАтФАтФАтФАтФАтФАтФАтФАтФАтФАтФАтФАтФАтФАтФАтФАтФАтФАтФАтФАтФАтФАтФАтФАтФАтФАтФАтФАтФАтФАтФАтФАтФАтФАтФАтФАтФАтФАтФАтФАтФАтФАтФАтФАтФАтФАтФАтФАтФАтФАтФАтФАтФАтФАтФАтФАтФАтФАтФАтФАтФАтФАтФАтФАтФАтФАтФАтФАтФАтФАтФАтФАтФАтФАтФАтФАтФАтФАтФАтФАтФАтФАтФАтФАтФАтФАтФАтФА
тФВ #0   TestService._completeBipolarTest (package:psycho_tests/services/test_service.dart:425:23)
тФВ #1   TestService.completeTest (package:psycho_tests/services/test_service.dart:55:16)
тФЬтФДтФДтФДтФДтФДтФДтФДтФДтФДтФДтФДтФДтФДтФДтФДтФДтФДтФДтФДтФДтФДтФДтФДтФДтФДтФДтФДтФДтФДтФДтФДтФДтФДтФДтФДтФДтФДтФДтФДтФДтФДтФДтФДтФДтФДтФДтФДтФДтФДтФДтФДтФДтФДтФДтФДтФДтФДтФДтФДтФДтФДтФДтФДтФДтФДтФДтФДтФДтФДтФДтФДтФДтФДтФДтФДтФДтФДтФДтФДтФДтФДтФДтФДтФДтФДтФДтФДтФДтФДтФДтФДтФДтФДтФДтФДтФДтФДтФДтФДтФДтФДтФДтФДтФДтФДтФДтФДтФДтФДтФДтФДтФДтФДтФДтФДтФДтФДтФДтФД
тФВ ЁЯРЫ Qq61: targetScale=judging, score=3
тФФтФАтФАтФАтФАтФАтФАтФАтФАтФАтФАтФАтФАтФАтФАтФАтФАтФАтФАтФАтФАтФАтФАтФАтФАтФАтФАтФАтФАтФАтФАтФАтФАтФАтФАтФАтФАтФАтФАтФАтФАтФАтФАтФАтФАтФАтФАтФАтФАтФАтФАтФАтФАтФАтФАтФАтФАтФАтФАтФАтФАтФАтФАтФАтФАтФАтФАтФАтФАтФАтФАтФАтФАтФАтФАтФАтФАтФАтФАтФАтФАтФАтФАтФАтФАтФАтФАтФАтФАтФАтФАтФАтФАтФАтФАтФАтФАтФАтФАтФАтФАтФАтФАтФАтФАтФАтФАтФАтФАтФАтФАтФАтФАтФАтФАтФАтФАтФАтФАтФА
тФМтФАтФАтФАтФАтФАтФАтФАтФАтФАтФАтФАтФАтФАтФАтФАтФАтФАтФАтФАтФАтФАтФАтФАтФАтФАтФАтФАтФАтФАтФАтФАтФАтФАтФАтФАтФАтФАтФАтФАтФАтФАтФАтФАтФАтФАтФАтФАтФАтФАтФАтФАтФАтФАтФАтФАтФАтФАтФАтФАтФАтФАтФАтФАтФАтФАтФАтФАтФАтФАтФАтФАтФАтФАтФАтФАтФАтФАтФАтФАтФАтФАтФАтФАтФАтФАтФАтФАтФАтФАтФАтФАтФАтФАтФАтФАтФАтФАтФАтФАтФАтФАтФАтФАтФАтФАтФАтФАтФАтФАтФАтФАтФАтФАтФАтФАтФАтФАтФАтФА
тФВ #0   TestService._completeBipolarTest (package:psycho_tests/services/test_service.dart:425:23)
тФВ #1   TestService.completeTest (package:psycho_tests/services/test_service.dart:55:16)
тФЬтФДтФДтФДтФДтФДтФДтФДтФДтФДтФДтФДтФДтФДтФДтФДтФДтФДтФДтФДтФДтФДтФДтФДтФДтФДтФДтФДтФДтФДтФДтФДтФДтФДтФДтФДтФДтФДтФДтФДтФДтФДтФДтФДтФДтФДтФДтФДтФДтФДтФДтФДтФДтФДтФДтФДтФДтФДтФДтФДтФДтФДтФДтФДтФДтФДтФДтФДтФДтФДтФДтФДтФДтФДтФДтФДтФДтФДтФДтФДтФДтФДтФДтФДтФДтФДтФДтФДтФДтФДтФДтФДтФДтФДтФДтФДтФДтФДтФДтФДтФДтФДтФДтФДтФДтФДтФДтФДтФДтФДтФДтФДтФДтФДтФДтФДтФДтФДтФДтФД
тФВ ЁЯРЫ Qq62: targetScale=judging, score=3
тФФтФАтФАтФАтФАтФАтФАтФАтФАтФАтФАтФАтФАтФАтФАтФАтФАтФАтФАтФАтФАтФАтФАтФАтФАтФАтФАтФАтФАтФАтФАтФАтФАтФАтФАтФАтФАтФАтФАтФАтФАтФАтФАтФАтФАтФАтФАтФАтФАтФАтФАтФАтФАтФАтФАтФАтФАтФАтФАтФАтФАтФАтФАтФАтФАтФАтФАтФАтФАтФАтФАтФАтФАтФАтФАтФАтФАтФАтФАтФАтФАтФАтФАтФАтФАтФАтФАтФАтФАтФАтФАтФАтФАтФАтФАтФАтФАтФАтФАтФАтФАтФАтФАтФАтФАтФАтФАтФАтФАтФАтФАтФАтФАтФАтФАтФАтФАтФАтФАтФА
тФМтФАтФАтФАтФАтФАтФАтФАтФАтФАтФАтФАтФАтФАтФАтФАтФАтФАтФАтФАтФАтФАтФАтФАтФАтФАтФАтФАтФАтФАтФАтФАтФАтФАтФАтФАтФАтФАтФАтФАтФАтФАтФАтФАтФАтФАтФАтФАтФАтФАтФАтФАтФАтФАтФАтФАтФАтФАтФАтФАтФАтФАтФАтФАтФАтФАтФАтФАтФАтФАтФАтФАтФАтФАтФАтФАтФАтФАтФАтФАтФАтФАтФАтФАтФАтФАтФАтФАтФАтФАтФАтФАтФАтФАтФАтФАтФАтФАтФАтФАтФАтФАтФАтФАтФАтФАтФАтФАтФАтФАтФАтФАтФАтФАтФАтФАтФАтФАтФАтФА
тФВ #0   TestService._completeBipolarTest (package:psycho_tests/services/test_service.dart:425:23)
тФВ #1   TestService.completeTest (package:psycho_tests/services/test_service.dart:55:16)
тФЬтФДтФДтФДтФДтФДтФДтФДтФДтФДтФДтФДтФДтФДтФДтФДтФДтФДтФДтФДтФДтФДтФДтФДтФДтФДтФДтФДтФДтФДтФДтФДтФДтФДтФДтФДтФДтФДтФДтФДтФДтФДтФДтФДтФДтФДтФДтФДтФДтФДтФДтФДтФДтФДтФДтФДтФДтФДтФДтФДтФДтФДтФДтФДтФДтФДтФДтФДтФДтФДтФДтФДтФДтФДтФДтФДтФДтФДтФДтФДтФДтФДтФДтФДтФДтФДтФДтФДтФДтФДтФДтФДтФДтФДтФДтФДтФДтФДтФДтФДтФДтФДтФДтФДтФДтФДтФДтФДтФДтФДтФДтФДтФДтФДтФДтФДтФДтФДтФДтФД
тФВ ЁЯРЫ Qq63: targetScale=judging, score=3
тФФтФАтФАтФАтФАтФАтФАтФАтФАтФАтФАтФАтФАтФАтФАтФАтФАтФАтФАтФАтФАтФАтФАтФАтФАтФАтФАтФАтФАтФАтФАтФАтФАтФАтФАтФАтФАтФАтФАтФАтФАтФАтФАтФАтФАтФАтФАтФАтФАтФАтФАтФАтФАтФАтФАтФАтФАтФАтФАтФАтФАтФАтФАтФАтФАтФАтФАтФАтФАтФАтФАтФАтФАтФАтФАтФАтФАтФАтФАтФАтФАтФАтФАтФАтФАтФАтФАтФАтФАтФАтФАтФАтФАтФАтФАтФАтФАтФАтФАтФАтФАтФАтФАтФАтФАтФАтФАтФАтФАтФАтФАтФАтФАтФАтФАтФАтФАтФАтФАтФА
тФМтФАтФАтФАтФАтФАтФАтФАтФАтФАтФАтФАтФАтФАтФАтФАтФАтФАтФАтФАтФАтФАтФАтФАтФАтФАтФАтФАтФАтФАтФАтФАтФАтФАтФАтФАтФАтФАтФАтФАтФАтФАтФАтФАтФАтФАтФАтФАтФАтФАтФАтФАтФАтФАтФАтФАтФАтФАтФАтФАтФАтФАтФАтФАтФАтФАтФАтФАтФАтФАтФАтФАтФАтФАтФАтФАтФАтФАтФАтФАтФАтФАтФАтФАтФАтФАтФАтФАтФАтФАтФАтФАтФАтФАтФАтФАтФАтФАтФАтФАтФАтФАтФАтФАтФАтФАтФАтФАтФАтФАтФАтФАтФАтФАтФАтФАтФАтФАтФАтФА
тФВ #0   TestService._completeBipolarTest (package:psycho_tests/services/test_service.dart:425:23)
тФВ #1   TestService.completeTest (package:psycho_tests/services/test_service.dart:55:16)
тФЬтФДтФДтФДтФДтФДтФДтФДтФДтФДтФДтФДтФДтФДтФДтФДтФДтФДтФДтФДтФДтФДтФДтФДтФДтФДтФДтФДтФДтФДтФДтФДтФДтФДтФДтФДтФДтФДтФДтФДтФДтФДтФДтФДтФДтФДтФДтФДтФДтФДтФДтФДтФДтФДтФДтФДтФДтФДтФДтФДтФДтФДтФДтФДтФДтФДтФДтФДтФДтФДтФДтФДтФДтФДтФДтФДтФДтФДтФДтФДтФДтФДтФДтФДтФДтФДтФДтФДтФДтФДтФДтФДтФДтФДтФДтФДтФДтФДтФДтФДтФДтФДтФДтФДтФДтФДтФДтФДтФДтФДтФДтФДтФДтФДтФДтФДтФДтФДтФДтФД
тФВ ЁЯРЫ Qq64: targetScale=judging, score=3
тФФтФАтФАтФАтФАтФАтФАтФАтФАтФАтФАтФАтФАтФАтФАтФАтФАтФАтФАтФАтФАтФАтФАтФАтФАтФАтФАтФАтФАтФАтФАтФАтФАтФАтФАтФАтФАтФАтФАтФАтФАтФАтФАтФАтФАтФАтФАтФАтФАтФАтФАтФАтФАтФАтФАтФАтФАтФАтФАтФАтФАтФАтФАтФАтФАтФАтФАтФАтФАтФАтФАтФАтФАтФАтФАтФАтФАтФАтФАтФАтФАтФАтФАтФАтФАтФАтФАтФАтФАтФАтФАтФАтФАтФАтФАтФАтФАтФАтФАтФАтФАтФАтФАтФАтФАтФАтФАтФАтФАтФАтФАтФАтФАтФАтФАтФАтФАтФАтФАтФА
тФМтФАтФАтФАтФАтФАтФАтФАтФАтФАтФАтФАтФАтФАтФАтФАтФАтФАтФАтФАтФАтФАтФАтФАтФАтФАтФАтФАтФАтФАтФАтФАтФАтФАтФАтФАтФАтФАтФАтФАтФАтФАтФАтФАтФАтФАтФАтФАтФАтФАтФАтФАтФАтФАтФАтФАтФАтФАтФАтФАтФАтФАтФАтФАтФАтФАтФАтФАтФАтФАтФАтФАтФАтФАтФАтФАтФАтФАтФАтФАтФАтФАтФАтФАтФАтФАтФАтФАтФАтФАтФАтФАтФАтФАтФАтФАтФАтФАтФАтФАтФАтФАтФАтФАтФАтФАтФАтФАтФАтФАтФАтФАтФАтФАтФАтФАтФАтФАтФАтФА
тФВ #0   TestService._completeBipolarTest (package:psycho_tests/services/test_service.dart:425:23)
тФВ #1   TestService.completeTest (package:psycho_tests/services/test_service.dart:55:16)
тФЬтФДтФДтФДтФДтФДтФДтФДтФДтФДтФДтФДтФДтФДтФДтФДтФДтФДтФДтФДтФДтФДтФДтФДтФДтФДтФДтФДтФДтФДтФДтФДтФДтФДтФДтФДтФДтФДтФДтФДтФДтФДтФДтФДтФДтФДтФДтФДтФДтФДтФДтФДтФДтФДтФДтФДтФДтФДтФДтФДтФДтФДтФДтФДтФДтФДтФДтФДтФДтФДтФДтФДтФДтФДтФДтФДтФДтФДтФДтФДтФДтФДтФДтФДтФДтФДтФДтФДтФДтФДтФДтФДтФДтФДтФДтФДтФДтФДтФДтФДтФДтФДтФДтФДтФДтФДтФДтФДтФДтФДтФДтФДтФДтФДтФДтФДтФДтФДтФДтФД
тФВ ЁЯРЫ Qq65: targetScale=perceiving, score=3
тФФтФАтФАтФАтФАтФАтФАтФАтФАтФАтФАтФАтФАтФАтФАтФАтФАтФАтФАтФАтФАтФАтФАтФАтФАтФАтФАтФАтФАтФАтФАтФАтФАтФАтФАтФАтФАтФАтФАтФАтФАтФАтФАтФАтФАтФАтФАтФАтФАтФАтФАтФАтФАтФАтФАтФАтФАтФАтФАтФАтФАтФАтФАтФАтФАтФАтФАтФАтФАтФАтФАтФАтФАтФАтФАтФАтФАтФАтФАтФАтФАтФАтФАтФАтФАтФАтФАтФАтФАтФАтФАтФАтФАтФАтФАтФАтФАтФАтФАтФАтФАтФАтФАтФАтФАтФАтФАтФАтФАтФАтФАтФАтФАтФАтФАтФАтФАтФАтФАтФА
тФМтФАтФАтФАтФАтФАтФАтФАтФАтФАтФАтФАтФАтФАтФАтФАтФАтФАтФАтФАтФАтФАтФАтФАтФАтФАтФАтФАтФАтФАтФАтФАтФАтФАтФАтФАтФАтФАтФАтФАтФАтФАтФАтФАтФАтФАтФАтФАтФАтФАтФАтФАтФАтФАтФАтФАтФАтФАтФАтФАтФАтФАтФАтФАтФАтФАтФАтФАтФАтФАтФАтФАтФАтФАтФАтФАтФАтФАтФАтФАтФАтФАтФАтФАтФАтФАтФАтФАтФАтФАтФАтФАтФАтФАтФАтФАтФАтФАтФАтФАтФАтФАтФАтФАтФАтФАтФАтФАтФАтФАтФАтФАтФАтФАтФАтФАтФАтФАтФАтФА
тФВ #0   TestService._completeBipolarTest (package:psycho_tests/services/test_service.dart:425:23)
тФВ #1   TestService.completeTest (package:psycho_tests/services/test_service.dart:55:16)
тФЬтФДтФДтФДтФДтФДтФДтФДтФДтФДтФДтФДтФДтФДтФДтФДтФДтФДтФДтФДтФДтФДтФДтФДтФДтФДтФДтФДтФДтФДтФДтФДтФДтФДтФДтФДтФДтФДтФДтФДтФДтФДтФДтФДтФДтФДтФДтФДтФДтФДтФДтФДтФДтФДтФДтФДтФДтФДтФДтФДтФДтФДтФДтФДтФДтФДтФДтФДтФДтФДтФДтФДтФДтФДтФДтФДтФДтФДтФДтФДтФДтФДтФДтФДтФДтФДтФДтФДтФДтФДтФДтФДтФДтФДтФДтФДтФДтФДтФДтФДтФДтФДтФДтФДтФДтФДтФДтФДтФДтФДтФДтФДтФДтФДтФДтФДтФДтФДтФДтФД
тФВ ЁЯРЫ Qq66: targetScale=perceiving, score=3
тФФтФАтФАтФАтФАтФАтФАтФАтФАтФАтФАтФАтФАтФАтФАтФАтФАтФАтФАтФАтФАтФАтФАтФАтФАтФАтФАтФАтФАтФАтФАтФАтФАтФАтФАтФАтФАтФАтФАтФАтФАтФАтФАтФАтФАтФАтФАтФАтФАтФАтФАтФАтФАтФАтФАтФАтФАтФАтФАтФАтФАтФАтФАтФАтФАтФАтФАтФАтФАтФАтФАтФАтФАтФАтФАтФАтФАтФАтФАтФАтФАтФАтФАтФАтФАтФАтФАтФАтФАтФАтФАтФАтФАтФАтФАтФАтФАтФАтФАтФАтФАтФАтФАтФАтФАтФАтФАтФАтФАтФАтФАтФАтФАтФАтФАтФАтФАтФАтФАтФА
тФМтФАтФАтФАтФАтФАтФАтФАтФАтФАтФАтФАтФАтФАтФАтФАтФАтФАтФАтФАтФАтФАтФАтФАтФАтФАтФАтФАтФАтФАтФАтФАтФАтФАтФАтФАтФАтФАтФАтФАтФАтФАтФАтФАтФАтФАтФАтФАтФАтФАтФАтФАтФАтФАтФАтФАтФАтФАтФАтФАтФАтФАтФАтФАтФАтФАтФАтФАтФАтФАтФАтФАтФАтФАтФАтФАтФАтФАтФАтФАтФАтФАтФАтФАтФАтФАтФАтФАтФАтФАтФАтФАтФАтФАтФАтФАтФАтФАтФАтФАтФАтФАтФАтФАтФАтФАтФАтФАтФАтФАтФАтФАтФАтФАтФАтФАтФАтФАтФАтФА
тФВ #0   TestService._completeBipolarTest (package:psycho_tests/services/test_service.dart:425:23)
тФВ #1   TestService.completeTest (package:psycho_tests/services/test_service.dart:55:16)
тФЬтФДтФДтФДтФДтФДтФДтФДтФДтФДтФДтФДтФДтФДтФДтФДтФДтФДтФДтФДтФДтФДтФДтФДтФДтФДтФДтФДтФДтФДтФДтФДтФДтФДтФДтФДтФДтФДтФДтФДтФДтФДтФДтФДтФДтФДтФДтФДтФДтФДтФДтФДтФДтФДтФДтФДтФДтФДтФДтФДтФДтФДтФДтФДтФДтФДтФДтФДтФДтФДтФДтФДтФДтФДтФДтФДтФДтФДтФДтФДтФДтФДтФДтФДтФДтФДтФДтФДтФДтФДтФДтФДтФДтФДтФДтФДтФДтФДтФДтФДтФДтФДтФДтФДтФДтФДтФДтФДтФДтФДтФДтФДтФДтФДтФДтФДтФДтФДтФДтФД
тФВ ЁЯРЫ Qq67: targetScale=perceiving, score=3
тФФтФАтФАтФАтФАтФАтФАтФАтФАтФАтФАтФАтФАтФАтФАтФАтФАтФАтФАтФАтФАтФАтФАтФАтФАтФАтФАтФАтФАтФАтФАтФАтФАтФАтФАтФАтФАтФАтФАтФАтФАтФАтФАтФАтФАтФАтФАтФАтФАтФАтФАтФАтФАтФАтФАтФАтФАтФАтФАтФАтФАтФАтФАтФАтФАтФАтФАтФАтФАтФАтФАтФАтФАтФАтФАтФАтФАтФАтФАтФАтФАтФАтФАтФАтФАтФАтФАтФАтФАтФАтФАтФАтФАтФАтФАтФАтФАтФАтФАтФАтФАтФАтФАтФАтФАтФАтФАтФАтФАтФАтФАтФАтФАтФАтФАтФАтФАтФАтФАтФА
тФМтФАтФАтФАтФАтФАтФАтФАтФАтФАтФАтФАтФАтФАтФАтФАтФАтФАтФАтФАтФАтФАтФАтФАтФАтФАтФАтФАтФАтФАтФАтФАтФАтФАтФАтФАтФАтФАтФАтФАтФАтФАтФАтФАтФАтФАтФАтФАтФАтФАтФАтФАтФАтФАтФАтФАтФАтФАтФАтФАтФАтФАтФАтФАтФАтФАтФАтФАтФАтФАтФАтФАтФАтФАтФАтФАтФАтФАтФАтФАтФАтФАтФАтФАтФАтФАтФАтФАтФАтФАтФАтФАтФАтФАтФАтФАтФАтФАтФАтФАтФАтФАтФАтФАтФАтФАтФАтФАтФАтФАтФАтФАтФАтФАтФАтФАтФАтФАтФАтФА
тФВ #0   TestService._completeBipolarTest (package:psycho_tests/services/test_service.dart:425:23)
тФВ #1   TestService.completeTest (package:psycho_tests/services/test_service.dart:55:16)
тФЬтФДтФДтФДтФДтФДтФДтФДтФДтФДтФДтФДтФДтФДтФДтФДтФДтФДтФДтФДтФДтФДтФДтФДтФДтФДтФДтФДтФДтФДтФДтФДтФДтФДтФДтФДтФДтФДтФДтФДтФДтФДтФДтФДтФДтФДтФДтФДтФДтФДтФДтФДтФДтФДтФДтФДтФДтФДтФДтФДтФДтФДтФДтФДтФДтФДтФДтФДтФДтФДтФДтФДтФДтФДтФДтФДтФДтФДтФДтФДтФДтФДтФДтФДтФДтФДтФДтФДтФДтФДтФДтФДтФДтФДтФДтФДтФДтФДтФДтФДтФДтФДтФДтФДтФДтФДтФДтФДтФДтФДтФДтФДтФДтФДтФДтФДтФДтФДтФДтФД
тФВ ЁЯРЫ Qq68: targetScale=perceiving, score=3
тФФтФАтФАтФАтФАтФАтФАтФАтФАтФАтФАтФАтФАтФАтФАтФАтФАтФАтФАтФАтФАтФАтФАтФАтФАтФАтФАтФАтФАтФАтФАтФАтФАтФАтФАтФАтФАтФАтФАтФАтФАтФАтФАтФАтФАтФАтФАтФАтФАтФАтФАтФАтФАтФАтФАтФАтФАтФАтФАтФАтФАтФАтФАтФАтФАтФАтФАтФАтФАтФАтФАтФАтФАтФАтФАтФАтФАтФАтФАтФАтФАтФАтФАтФАтФАтФАтФАтФАтФАтФАтФАтФАтФАтФАтФАтФАтФАтФАтФАтФАтФАтФАтФАтФАтФАтФАтФАтФАтФАтФАтФАтФАтФАтФАтФАтФАтФАтФАтФАтФА
тФМтФАтФАтФАтФАтФАтФАтФАтФАтФАтФАтФАтФАтФАтФАтФАтФАтФАтФАтФАтФАтФАтФАтФАтФАтФАтФАтФАтФАтФАтФАтФАтФАтФАтФАтФАтФАтФАтФАтФАтФАтФАтФАтФАтФАтФАтФАтФАтФАтФАтФАтФАтФАтФАтФАтФАтФАтФАтФАтФАтФАтФАтФАтФАтФАтФАтФАтФАтФАтФАтФАтФАтФАтФАтФАтФАтФАтФАтФАтФАтФАтФАтФАтФАтФАтФАтФАтФАтФАтФАтФАтФАтФАтФАтФАтФАтФАтФАтФАтФАтФАтФАтФАтФАтФАтФАтФАтФАтФАтФАтФАтФАтФАтФАтФАтФАтФАтФАтФАтФА
тФВ #0   TestService._completeBipolarTest (package:psycho_tests/services/test_service.dart:425:23)
тФВ #1   TestService.completeTest (package:psycho_tests/services/test_service.dart:55:16)
тФЬтФДтФДтФДтФДтФДтФДтФДтФДтФДтФДтФДтФДтФДтФДтФДтФДтФДтФДтФДтФДтФДтФДтФДтФДтФДтФДтФДтФДтФДтФДтФДтФДтФДтФДтФДтФДтФДтФДтФДтФДтФДтФДтФДтФДтФДтФДтФДтФДтФДтФДтФДтФДтФДтФДтФДтФДтФДтФДтФДтФДтФДтФДтФДтФДтФДтФДтФДтФДтФДтФДтФДтФДтФДтФДтФДтФДтФДтФДтФДтФДтФДтФДтФДтФДтФДтФДтФДтФДтФДтФДтФДтФДтФДтФДтФДтФДтФДтФДтФДтФДтФДтФДтФДтФДтФДтФДтФДтФДтФДтФДтФДтФДтФДтФДтФДтФДтФДтФДтФД
тФВ ЁЯРЫ Qq69: targetScale=judging, score=3
тФФтФАтФАтФАтФАтФАтФАтФАтФАтФАтФАтФАтФАтФАтФАтФАтФАтФАтФАтФАтФАтФАтФАтФАтФАтФАтФАтФАтФАтФАтФАтФАтФАтФАтФАтФАтФАтФАтФАтФАтФАтФАтФАтФАтФАтФАтФАтФАтФАтФАтФАтФАтФАтФАтФАтФАтФАтФАтФАтФАтФАтФАтФАтФАтФАтФАтФАтФАтФАтФАтФАтФАтФАтФАтФАтФАтФАтФАтФАтФАтФАтФАтФАтФАтФАтФАтФАтФАтФАтФАтФАтФАтФАтФАтФАтФАтФАтФАтФАтФАтФАтФАтФАтФАтФАтФАтФАтФАтФАтФАтФАтФАтФАтФАтФАтФАтФАтФАтФАтФА
тФМтФАтФАтФАтФАтФАтФАтФАтФАтФАтФАтФАтФАтФАтФАтФАтФАтФАтФАтФАтФАтФАтФАтФАтФАтФАтФАтФАтФАтФАтФАтФАтФАтФАтФАтФАтФАтФАтФАтФАтФАтФАтФАтФАтФАтФАтФАтФАтФАтФАтФАтФАтФАтФАтФАтФАтФАтФАтФАтФАтФАтФАтФАтФАтФАтФАтФАтФАтФАтФАтФАтФАтФАтФАтФАтФАтФАтФАтФАтФАтФАтФАтФАтФАтФАтФАтФАтФАтФАтФАтФАтФАтФАтФАтФАтФАтФАтФАтФАтФАтФАтФАтФАтФАтФАтФАтФАтФАтФАтФАтФАтФАтФАтФАтФАтФАтФАтФАтФАтФА
тФВ #0   TestService._completeBipolarTest (package:psycho_tests/services/test_service.dart:425:23)
тФВ #1   TestService.completeTest (package:psycho_tests/services/test_service.dart:55:16)
тФЬтФДтФДтФДтФДтФДтФДтФДтФДтФДтФДтФДтФДтФДтФДтФДтФДтФДтФДтФДтФДтФДтФДтФДтФДтФДтФДтФДтФДтФДтФДтФДтФДтФДтФДтФДтФДтФДтФДтФДтФДтФДтФДтФДтФДтФДтФДтФДтФДтФДтФДтФДтФДтФДтФДтФДтФДтФДтФДтФДтФДтФДтФДтФДтФДтФДтФДтФДтФДтФДтФДтФДтФДтФДтФДтФДтФДтФДтФДтФДтФДтФДтФДтФДтФДтФДтФДтФДтФДтФДтФДтФДтФДтФДтФДтФДтФДтФДтФДтФДтФДтФДтФДтФДтФДтФДтФДтФДтФДтФДтФДтФДтФДтФДтФДтФДтФДтФДтФДтФД
тФВ ЁЯРЫ Qq70: targetScale=perceiving, score=3
тФФтФАтФАтФАтФАтФАтФАтФАтФАтФАтФАтФАтФАтФАтФАтФАтФАтФАтФАтФАтФАтФАтФАтФАтФАтФАтФАтФАтФАтФАтФАтФАтФАтФАтФАтФАтФАтФАтФАтФАтФАтФАтФАтФАтФАтФАтФАтФАтФАтФАтФАтФАтФАтФАтФАтФАтФАтФАтФАтФАтФАтФАтФАтФАтФАтФАтФАтФАтФАтФАтФАтФАтФАтФАтФАтФАтФАтФАтФАтФАтФАтФАтФАтФАтФАтФАтФАтФАтФАтФАтФАтФАтФАтФАтФАтФАтФАтФАтФАтФАтФАтФАтФАтФАтФАтФАтФАтФАтФАтФАтФАтФАтФАтФАтФАтФАтФАтФАтФАтФА
тФМтФАтФАтФАтФАтФАтФАтФАтФАтФАтФАтФАтФАтФАтФАтФАтФАтФАтФАтФАтФАтФАтФАтФАтФАтФАтФАтФАтФАтФАтФАтФАтФАтФАтФАтФАтФАтФАтФАтФАтФАтФАтФАтФАтФАтФАтФАтФАтФАтФАтФАтФАтФАтФАтФАтФАтФАтФАтФАтФАтФАтФАтФАтФАтФАтФАтФАтФАтФАтФАтФАтФАтФАтФАтФАтФАтФАтФАтФАтФАтФАтФАтФАтФАтФАтФАтФАтФАтФАтФАтФАтФАтФАтФАтФАтФАтФАтФАтФАтФАтФАтФАтФАтФАтФАтФАтФАтФАтФАтФАтФАтФАтФАтФАтФАтФАтФАтФАтФАтФА
тФВ #0   TestService._completeBipolarTest (package:psycho_tests/services/test_service.dart:425:23)
тФВ #1   TestService.completeTest (package:psycho_tests/services/test_service.dart:55:16)
тФЬтФДтФДтФДтФДтФДтФДтФДтФДтФДтФДтФДтФДтФДтФДтФДтФДтФДтФДтФДтФДтФДтФДтФДтФДтФДтФДтФДтФДтФДтФДтФДтФДтФДтФДтФДтФДтФДтФДтФДтФДтФДтФДтФДтФДтФДтФДтФДтФДтФДтФДтФДтФДтФДтФДтФДтФДтФДтФДтФДтФДтФДтФДтФДтФДтФДтФДтФДтФДтФДтФДтФДтФДтФДтФДтФДтФДтФДтФДтФДтФДтФДтФДтФДтФДтФДтФДтФДтФДтФДтФДтФДтФДтФДтФДтФДтФДтФДтФДтФДтФДтФДтФДтФДтФДтФДтФДтФДтФДтФДтФДтФДтФДтФДтФДтФДтФДтФДтФДтФД
тФВ ЁЯРЫ Qq71: targetScale=judging, score=3
тФФтФАтФАтФАтФАтФАтФАтФАтФАтФАтФАтФАтФАтФАтФАтФАтФАтФАтФАтФАтФАтФАтФАтФАтФАтФАтФАтФАтФАтФАтФАтФАтФАтФАтФАтФАтФАтФАтФАтФАтФАтФАтФАтФАтФАтФАтФАтФАтФАтФАтФАтФАтФАтФАтФАтФАтФАтФАтФАтФАтФАтФАтФАтФАтФАтФАтФАтФАтФАтФАтФАтФАтФАтФАтФАтФАтФАтФАтФАтФАтФАтФАтФАтФАтФАтФАтФАтФАтФАтФАтФАтФАтФАтФАтФАтФАтФАтФАтФАтФАтФАтФАтФАтФАтФАтФАтФАтФАтФАтФАтФАтФАтФАтФАтФАтФАтФАтФАтФАтФА
тФМтФАтФАтФАтФАтФАтФАтФАтФАтФАтФАтФАтФАтФАтФАтФАтФАтФАтФАтФАтФАтФАтФАтФАтФАтФАтФАтФАтФАтФАтФАтФАтФАтФАтФАтФАтФАтФАтФАтФАтФАтФАтФАтФАтФАтФАтФАтФАтФАтФАтФАтФАтФАтФАтФАтФАтФАтФАтФАтФАтФАтФАтФАтФАтФАтФАтФАтФАтФАтФАтФАтФАтФАтФАтФАтФАтФАтФАтФАтФАтФАтФАтФАтФАтФАтФАтФАтФАтФАтФАтФАтФАтФАтФАтФАтФАтФАтФАтФАтФАтФАтФАтФАтФАтФАтФАтФАтФАтФАтФАтФАтФАтФАтФАтФАтФАтФАтФАтФАтФА
тФВ #0   TestService._completeBipolarTest (package:psycho_tests/services/test_service.dart:425:23)
тФВ #1   TestService.completeTest (package:psycho_tests/services/test_service.dart:55:16)
тФЬтФДтФДтФДтФДтФДтФДтФДтФДтФДтФДтФДтФДтФДтФДтФДтФДтФДтФДтФДтФДтФДтФДтФДтФДтФДтФДтФДтФДтФДтФДтФДтФДтФДтФДтФДтФДтФДтФДтФДтФДтФДтФДтФДтФДтФДтФДтФДтФДтФДтФДтФДтФДтФДтФДтФДтФДтФДтФДтФДтФДтФДтФДтФДтФДтФДтФДтФДтФДтФДтФДтФДтФДтФДтФДтФДтФДтФДтФДтФДтФДтФДтФДтФДтФДтФДтФДтФДтФДтФДтФДтФДтФДтФДтФДтФДтФДтФДтФДтФДтФДтФДтФДтФДтФДтФДтФДтФДтФДтФДтФДтФДтФДтФДтФДтФДтФДтФДтФДтФД
тФВ ЁЯРЫ Qq72: targetScale=perceiving, score=3
тФФтФАтФАтФАтФАтФАтФАтФАтФАтФАтФАтФАтФАтФАтФАтФАтФАтФАтФАтФАтФАтФАтФАтФАтФАтФАтФАтФАтФАтФАтФАтФАтФАтФАтФАтФАтФАтФАтФАтФАтФАтФАтФАтФАтФАтФАтФАтФАтФАтФАтФАтФАтФАтФАтФАтФАтФАтФАтФАтФАтФАтФАтФАтФАтФАтФАтФАтФАтФАтФАтФАтФАтФАтФАтФАтФАтФАтФАтФАтФАтФАтФАтФАтФАтФАтФАтФАтФАтФАтФАтФАтФАтФАтФАтФАтФАтФАтФАтФАтФАтФАтФАтФАтФАтФАтФАтФАтФАтФАтФАтФАтФАтФАтФАтФАтФАтФАтФАтФАтФА
тФМтФАтФАтФАтФАтФАтФАтФАтФАтФАтФАтФАтФАтФАтФАтФАтФАтФАтФАтФАтФАтФАтФАтФАтФАтФАтФАтФАтФАтФАтФАтФАтФАтФАтФАтФАтФАтФАтФАтФАтФАтФАтФАтФАтФАтФАтФАтФАтФАтФАтФАтФАтФАтФАтФАтФАтФАтФАтФАтФАтФАтФАтФАтФАтФАтФАтФАтФАтФАтФАтФАтФАтФАтФАтФАтФАтФАтФАтФАтФАтФАтФАтФАтФАтФАтФАтФАтФАтФАтФАтФАтФАтФАтФАтФАтФАтФАтФАтФАтФАтФАтФАтФАтФАтФАтФАтФАтФАтФАтФАтФАтФАтФАтФАтФАтФАтФАтФАтФАтФА
тФВ #0   TestService._completeBipolarTest (package:psycho_tests/services/test_service.dart:425:23)
тФВ #1   TestService.completeTest (package:psycho_tests/services/test_service.dart:55:16)
тФЬтФДтФДтФДтФДтФДтФДтФДтФДтФДтФДтФДтФДтФДтФДтФДтФДтФДтФДтФДтФДтФДтФДтФДтФДтФДтФДтФДтФДтФДтФДтФДтФДтФДтФДтФДтФДтФДтФДтФДтФДтФДтФДтФДтФДтФДтФДтФДтФДтФДтФДтФДтФДтФДтФДтФДтФДтФДтФДтФДтФДтФДтФДтФДтФДтФДтФДтФДтФДтФДтФДтФДтФДтФДтФДтФДтФДтФДтФДтФДтФДтФДтФДтФДтФДтФДтФДтФДтФДтФДтФДтФДтФДтФДтФДтФДтФДтФДтФДтФДтФДтФДтФДтФДтФДтФДтФДтФДтФДтФДтФДтФДтФДтФДтФДтФДтФДтФДтФДтФД
тФВ ЁЯРЫ Qq73: targetScale=judging, score=3
тФФтФАтФАтФАтФАтФАтФАтФАтФАтФАтФАтФАтФАтФАтФАтФАтФАтФАтФАтФАтФАтФАтФАтФАтФАтФАтФАтФАтФАтФАтФАтФАтФАтФАтФАтФАтФАтФАтФАтФАтФАтФАтФАтФАтФАтФАтФАтФАтФАтФАтФАтФАтФАтФАтФАтФАтФАтФАтФАтФАтФАтФАтФАтФАтФАтФАтФАтФАтФАтФАтФАтФАтФАтФАтФАтФАтФАтФАтФАтФАтФАтФАтФАтФАтФАтФАтФАтФАтФАтФАтФАтФАтФАтФАтФАтФАтФАтФАтФАтФАтФАтФАтФАтФАтФАтФАтФАтФАтФАтФАтФАтФАтФАтФАтФАтФАтФАтФАтФАтФА
тФМтФАтФАтФАтФАтФАтФАтФАтФАтФАтФАтФАтФАтФАтФАтФАтФАтФАтФАтФАтФАтФАтФАтФАтФАтФАтФАтФАтФАтФАтФАтФАтФАтФАтФАтФАтФАтФАтФАтФАтФАтФАтФАтФАтФАтФАтФАтФАтФАтФАтФАтФАтФАтФАтФАтФАтФАтФАтФАтФАтФАтФАтФАтФАтФАтФАтФАтФАтФАтФАтФАтФАтФАтФАтФАтФАтФАтФАтФАтФАтФАтФАтФАтФАтФАтФАтФАтФАтФАтФАтФАтФАтФАтФАтФАтФАтФАтФАтФАтФАтФАтФАтФАтФАтФАтФАтФАтФАтФАтФАтФАтФАтФАтФАтФАтФАтФАтФАтФАтФА
тФВ #0   TestService._completeBipolarTest (package:psycho_tests/services/test_service.dart:425:23)
тФВ #1   TestService.completeTest (package:psycho_tests/services/test_service.dart:55:16)
тФЬтФДтФДтФДтФДтФДтФДтФДтФДтФДтФДтФДтФДтФДтФДтФДтФДтФДтФДтФДтФДтФДтФДтФДтФДтФДтФДтФДтФДтФДтФДтФДтФДтФДтФДтФДтФДтФДтФДтФДтФДтФДтФДтФДтФДтФДтФДтФДтФДтФДтФДтФДтФДтФДтФДтФДтФДтФДтФДтФДтФДтФДтФДтФДтФДтФДтФДтФДтФДтФДтФДтФДтФДтФДтФДтФДтФДтФДтФДтФДтФДтФДтФДтФДтФДтФДтФДтФДтФДтФДтФДтФДтФДтФДтФДтФДтФДтФДтФДтФДтФДтФДтФДтФДтФДтФДтФДтФДтФДтФДтФДтФДтФДтФДтФДтФДтФДтФДтФДтФД
тФВ ЁЯРЫ Qq74: targetScale=perceiving, score=3
тФФтФАтФАтФАтФАтФАтФАтФАтФАтФАтФАтФАтФАтФАтФАтФАтФАтФАтФАтФАтФАтФАтФАтФАтФАтФАтФАтФАтФАтФАтФАтФАтФАтФАтФАтФАтФАтФАтФАтФАтФАтФАтФАтФАтФАтФАтФАтФАтФАтФАтФАтФАтФАтФАтФАтФАтФАтФАтФАтФАтФАтФАтФАтФАтФАтФАтФАтФАтФАтФАтФАтФАтФАтФАтФАтФАтФАтФАтФАтФАтФАтФАтФАтФАтФАтФАтФАтФАтФАтФАтФАтФАтФАтФАтФАтФАтФАтФАтФАтФАтФАтФАтФАтФАтФАтФАтФАтФАтФАтФАтФАтФАтФАтФАтФАтФАтФАтФАтФАтФА
тФМтФАтФАтФАтФАтФАтФАтФАтФАтФАтФАтФАтФАтФАтФАтФАтФАтФАтФАтФАтФАтФАтФАтФАтФАтФАтФАтФАтФАтФАтФАтФАтФАтФАтФАтФАтФАтФАтФАтФАтФАтФАтФАтФАтФАтФАтФАтФАтФАтФАтФАтФАтФАтФАтФАтФАтФАтФАтФАтФАтФАтФАтФАтФАтФАтФАтФАтФАтФАтФАтФАтФАтФАтФАтФАтФАтФАтФАтФАтФАтФАтФАтФАтФАтФАтФАтФАтФАтФАтФАтФАтФАтФАтФАтФАтФАтФАтФАтФАтФАтФАтФАтФАтФАтФАтФАтФАтФАтФАтФАтФАтФАтФАтФАтФАтФАтФАтФАтФАтФА
тФВ #0   TestService._completeBipolarTest (package:psycho_tests/services/test_service.dart:425:23)
тФВ #1   TestService.completeTest (package:psycho_tests/services/test_service.dart:55:16)
тФЬтФДтФДтФДтФДтФДтФДтФДтФДтФДтФДтФДтФДтФДтФДтФДтФДтФДтФДтФДтФДтФДтФДтФДтФДтФДтФДтФДтФДтФДтФДтФДтФДтФДтФДтФДтФДтФДтФДтФДтФДтФДтФДтФДтФДтФДтФДтФДтФДтФДтФДтФДтФДтФДтФДтФДтФДтФДтФДтФДтФДтФДтФДтФДтФДтФДтФДтФДтФДтФДтФДтФДтФДтФДтФДтФДтФДтФДтФДтФДтФДтФДтФДтФДтФДтФДтФДтФДтФДтФДтФДтФДтФДтФДтФДтФДтФДтФДтФДтФДтФДтФДтФДтФДтФДтФДтФДтФДтФДтФДтФДтФДтФДтФДтФДтФДтФДтФДтФДтФД
тФВ ЁЯРЫ Qq75: targetScale=judging, score=3
тФФтФАтФАтФАтФАтФАтФАтФАтФАтФАтФАтФАтФАтФАтФАтФАтФАтФАтФАтФАтФАтФАтФАтФАтФАтФАтФАтФАтФАтФАтФАтФАтФАтФАтФАтФАтФАтФАтФАтФАтФАтФАтФАтФАтФАтФАтФАтФАтФАтФАтФАтФАтФАтФАтФАтФАтФАтФАтФАтФАтФАтФАтФАтФАтФАтФАтФАтФАтФАтФАтФАтФАтФАтФАтФАтФАтФАтФАтФАтФАтФАтФАтФАтФАтФАтФАтФАтФАтФАтФАтФАтФАтФАтФАтФАтФАтФАтФАтФАтФАтФАтФАтФАтФАтФАтФАтФАтФАтФАтФАтФАтФАтФАтФАтФАтФАтФАтФАтФАтФА
тФМтФАтФАтФАтФАтФАтФАтФАтФАтФАтФАтФАтФАтФАтФАтФАтФАтФАтФАтФАтФАтФАтФАтФАтФАтФАтФАтФАтФАтФАтФАтФАтФАтФАтФАтФАтФАтФАтФАтФАтФАтФАтФАтФАтФАтФАтФАтФАтФАтФАтФАтФАтФАтФАтФАтФАтФАтФАтФАтФАтФАтФАтФАтФАтФАтФАтФАтФАтФАтФАтФАтФАтФАтФАтФАтФАтФАтФАтФАтФАтФАтФАтФАтФАтФАтФАтФАтФАтФАтФАтФАтФАтФАтФАтФАтФАтФАтФАтФАтФАтФАтФАтФАтФАтФАтФАтФАтФАтФАтФАтФАтФАтФАтФАтФАтФАтФАтФАтФАтФА
тФВ #0   TestService._completeBipolarTest (package:psycho_tests/services/test_service.dart:425:23)
тФВ #1   TestService.completeTest (package:psycho_tests/services/test_service.dart:55:16)
тФЬтФДтФДтФДтФДтФДтФДтФДтФДтФДтФДтФДтФДтФДтФДтФДтФДтФДтФДтФДтФДтФДтФДтФДтФДтФДтФДтФДтФДтФДтФДтФДтФДтФДтФДтФДтФДтФДтФДтФДтФДтФДтФДтФДтФДтФДтФДтФДтФДтФДтФДтФДтФДтФДтФДтФДтФДтФДтФДтФДтФДтФДтФДтФДтФДтФДтФДтФДтФДтФДтФДтФДтФДтФДтФДтФДтФДтФДтФДтФДтФДтФДтФДтФДтФДтФДтФДтФДтФДтФДтФДтФДтФДтФДтФДтФДтФДтФДтФДтФДтФДтФДтФДтФДтФДтФДтФДтФДтФДтФДтФДтФДтФДтФДтФДтФДтФДтФДтФДтФД
тФВ ЁЯРЫ Qq76: targetScale=perceiving, score=3
тФФтФАтФАтФАтФАтФАтФАтФАтФАтФАтФАтФАтФАтФАтФАтФАтФАтФАтФАтФАтФАтФАтФАтФАтФАтФАтФАтФАтФАтФАтФАтФАтФАтФАтФАтФАтФАтФАтФАтФАтФАтФАтФАтФАтФАтФАтФАтФАтФАтФАтФАтФАтФАтФАтФАтФАтФАтФАтФАтФАтФАтФАтФАтФАтФАтФАтФАтФАтФАтФАтФАтФАтФАтФАтФАтФАтФАтФАтФАтФАтФАтФАтФАтФАтФАтФАтФАтФАтФАтФАтФАтФАтФАтФАтФАтФАтФАтФАтФАтФАтФАтФАтФАтФАтФАтФАтФАтФАтФАтФАтФАтФАтФАтФАтФАтФАтФАтФАтФАтФА
тФМтФАтФАтФАтФАтФАтФАтФАтФАтФАтФАтФАтФАтФАтФАтФАтФАтФАтФАтФАтФАтФАтФАтФАтФАтФАтФАтФАтФАтФАтФАтФАтФАтФАтФАтФАтФАтФАтФАтФАтФАтФАтФАтФАтФАтФАтФАтФАтФАтФАтФАтФАтФАтФАтФАтФАтФАтФАтФАтФАтФАтФАтФАтФАтФАтФАтФАтФАтФАтФАтФАтФАтФАтФАтФАтФАтФАтФАтФАтФАтФАтФАтФАтФАтФАтФАтФАтФАтФАтФАтФАтФАтФАтФАтФАтФАтФАтФАтФАтФАтФАтФАтФАтФАтФАтФАтФАтФАтФАтФАтФАтФАтФАтФАтФАтФАтФАтФАтФАтФА
тФВ #0   TestService._completeBipolarTest (package:psycho_tests/services/test_service.dart:425:23)
тФВ #1   TestService.completeTest (package:psycho_tests/services/test_service.dart:55:16)
тФЬтФДтФДтФДтФДтФДтФДтФДтФДтФДтФДтФДтФДтФДтФДтФДтФДтФДтФДтФДтФДтФДтФДтФДтФДтФДтФДтФДтФДтФДтФДтФДтФДтФДтФДтФДтФДтФДтФДтФДтФДтФДтФДтФДтФДтФДтФДтФДтФДтФДтФДтФДтФДтФДтФДтФДтФДтФДтФДтФДтФДтФДтФДтФДтФДтФДтФДтФДтФДтФДтФДтФДтФДтФДтФДтФДтФДтФДтФДтФДтФДтФДтФДтФДтФДтФДтФДтФДтФДтФДтФДтФДтФДтФДтФДтФДтФДтФДтФДтФДтФДтФДтФДтФДтФДтФДтФДтФДтФДтФДтФДтФДтФДтФДтФДтФДтФДтФДтФДтФД
тФВ ЁЯРЫ Qq77: targetScale=judging, score=3
тФФтФАтФАтФАтФАтФАтФАтФАтФАтФАтФАтФАтФАтФАтФАтФАтФАтФАтФАтФАтФАтФАтФАтФАтФАтФАтФАтФАтФАтФАтФАтФАтФАтФАтФАтФАтФАтФАтФАтФАтФАтФАтФАтФАтФАтФАтФАтФАтФАтФАтФАтФАтФАтФАтФАтФАтФАтФАтФАтФАтФАтФАтФАтФАтФАтФАтФАтФАтФАтФАтФАтФАтФАтФАтФАтФАтФАтФАтФАтФАтФАтФАтФАтФАтФАтФАтФАтФАтФАтФАтФАтФАтФАтФАтФАтФАтФАтФАтФАтФАтФАтФАтФАтФАтФАтФАтФАтФАтФАтФАтФАтФАтФАтФАтФАтФАтФАтФАтФАтФА
тФМтФАтФАтФАтФАтФАтФАтФАтФАтФАтФАтФАтФАтФАтФАтФАтФАтФАтФАтФАтФАтФАтФАтФАтФАтФАтФАтФАтФАтФАтФАтФАтФАтФАтФАтФАтФАтФАтФАтФАтФАтФАтФАтФАтФАтФАтФАтФАтФАтФАтФАтФАтФАтФАтФАтФАтФАтФАтФАтФАтФАтФАтФАтФАтФАтФАтФАтФАтФАтФАтФАтФАтФАтФАтФАтФАтФАтФАтФАтФАтФАтФАтФАтФАтФАтФАтФАтФАтФАтФАтФАтФАтФАтФАтФАтФАтФАтФАтФАтФАтФАтФАтФАтФАтФАтФАтФАтФАтФАтФАтФАтФАтФАтФАтФАтФАтФАтФАтФАтФА
тФВ #0   TestService._completeBipolarTest (package:psycho_tests/services/test_service.dart:425:23)
тФВ #1   TestService.completeTest (package:psycho_tests/services/test_service.dart:55:16)
тФЬтФДтФДтФДтФДтФДтФДтФДтФДтФДтФДтФДтФДтФДтФДтФДтФДтФДтФДтФДтФДтФДтФДтФДтФДтФДтФДтФДтФДтФДтФДтФДтФДтФДтФДтФДтФДтФДтФДтФДтФДтФДтФДтФДтФДтФДтФДтФДтФДтФДтФДтФДтФДтФДтФДтФДтФДтФДтФДтФДтФДтФДтФДтФДтФДтФДтФДтФДтФДтФДтФДтФДтФДтФДтФДтФДтФДтФДтФДтФДтФДтФДтФДтФДтФДтФДтФДтФДтФДтФДтФДтФДтФДтФДтФДтФДтФДтФДтФДтФДтФДтФДтФДтФДтФДтФДтФДтФДтФДтФДтФДтФДтФДтФДтФДтФДтФДтФДтФДтФД
тФВ ЁЯРЫ Qq78: targetScale=perceiving, score=3
тФФтФАтФАтФАтФАтФАтФАтФАтФАтФАтФАтФАтФАтФАтФАтФАтФАтФАтФАтФАтФАтФАтФАтФАтФАтФАтФАтФАтФАтФАтФАтФАтФАтФАтФАтФАтФАтФАтФАтФАтФАтФАтФАтФАтФАтФАтФАтФАтФАтФАтФАтФАтФАтФАтФАтФАтФАтФАтФАтФАтФАтФАтФАтФАтФАтФАтФАтФАтФАтФАтФАтФАтФАтФАтФАтФАтФАтФАтФАтФАтФАтФАтФАтФАтФАтФАтФАтФАтФАтФАтФАтФАтФАтФАтФАтФАтФАтФАтФАтФАтФАтФАтФАтФАтФАтФАтФАтФАтФАтФАтФАтФАтФАтФАтФАтФАтФАтФАтФАтФА
тФМтФАтФАтФАтФАтФАтФАтФАтФАтФАтФАтФАтФАтФАтФАтФАтФАтФАтФАтФАтФАтФАтФАтФАтФАтФАтФАтФАтФАтФАтФАтФАтФАтФАтФАтФАтФАтФАтФАтФАтФАтФАтФАтФАтФАтФАтФАтФАтФАтФАтФАтФАтФАтФАтФАтФАтФАтФАтФАтФАтФАтФАтФАтФАтФАтФАтФАтФАтФАтФАтФАтФАтФАтФАтФАтФАтФАтФАтФАтФАтФАтФАтФАтФАтФАтФАтФАтФАтФАтФАтФАтФАтФАтФАтФАтФАтФАтФАтФАтФАтФАтФАтФАтФАтФАтФАтФАтФАтФАтФАтФАтФАтФАтФАтФАтФАтФАтФАтФАтФА
тФВ #0   TestService._completeBipolarTest (package:psycho_tests/services/test_service.dart:425:23)
тФВ #1   TestService.completeTest (package:psycho_tests/services/test_service.dart:55:16)
тФЬтФДтФДтФДтФДтФДтФДтФДтФДтФДтФДтФДтФДтФДтФДтФДтФДтФДтФДтФДтФДтФДтФДтФДтФДтФДтФДтФДтФДтФДтФДтФДтФДтФДтФДтФДтФДтФДтФДтФДтФДтФДтФДтФДтФДтФДтФДтФДтФДтФДтФДтФДтФДтФДтФДтФДтФДтФДтФДтФДтФДтФДтФДтФДтФДтФДтФДтФДтФДтФДтФДтФДтФДтФДтФДтФДтФДтФДтФДтФДтФДтФДтФДтФДтФДтФДтФДтФДтФДтФДтФДтФДтФДтФДтФДтФДтФДтФДтФДтФДтФДтФДтФДтФДтФДтФДтФДтФДтФДтФДтФДтФДтФДтФДтФДтФДтФДтФДтФДтФД
тФВ ЁЯРЫ Qq79: targetScale=judging, score=3
тФФтФАтФАтФАтФАтФАтФАтФАтФАтФАтФАтФАтФАтФАтФАтФАтФАтФАтФАтФАтФАтФАтФАтФАтФАтФАтФАтФАтФАтФАтФАтФАтФАтФАтФАтФАтФАтФАтФАтФАтФАтФАтФАтФАтФАтФАтФАтФАтФАтФАтФАтФАтФАтФАтФАтФАтФАтФАтФАтФАтФАтФАтФАтФАтФАтФАтФАтФАтФАтФАтФАтФАтФАтФАтФАтФАтФАтФАтФАтФАтФАтФАтФАтФАтФАтФАтФАтФАтФАтФАтФАтФАтФАтФАтФАтФАтФАтФАтФАтФАтФАтФАтФАтФАтФАтФАтФАтФАтФАтФАтФАтФАтФАтФАтФАтФАтФАтФАтФАтФА
тФМтФАтФАтФАтФАтФАтФАтФАтФАтФАтФАтФАтФАтФАтФАтФАтФАтФАтФАтФАтФАтФАтФАтФАтФАтФАтФАтФАтФАтФАтФАтФАтФАтФАтФАтФАтФАтФАтФАтФАтФАтФАтФАтФАтФАтФАтФАтФАтФАтФАтФАтФАтФАтФАтФАтФАтФАтФАтФАтФАтФАтФАтФАтФАтФАтФАтФАтФАтФАтФАтФАтФАтФАтФАтФАтФАтФАтФАтФАтФАтФАтФАтФАтФАтФАтФАтФАтФАтФАтФАтФАтФАтФАтФАтФАтФАтФАтФАтФАтФАтФАтФАтФАтФАтФАтФАтФАтФАтФАтФАтФАтФАтФАтФАтФАтФАтФАтФАтФАтФА
тФВ #0   TestService._completeBipolarTest (package:psycho_tests/services/test_service.dart:425:23)
тФВ #1   TestService.completeTest (package:psycho_tests/services/test_service.dart:55:16)
тФЬтФДтФДтФДтФДтФДтФДтФДтФДтФДтФДтФДтФДтФДтФДтФДтФДтФДтФДтФДтФДтФДтФДтФДтФДтФДтФДтФДтФДтФДтФДтФДтФДтФДтФДтФДтФДтФДтФДтФДтФДтФДтФДтФДтФДтФДтФДтФДтФДтФДтФДтФДтФДтФДтФДтФДтФДтФДтФДтФДтФДтФДтФДтФДтФДтФДтФДтФДтФДтФДтФДтФДтФДтФДтФДтФДтФДтФДтФДтФДтФДтФДтФДтФДтФДтФДтФДтФДтФДтФДтФДтФДтФДтФДтФДтФДтФДтФДтФДтФДтФДтФДтФДтФДтФДтФДтФДтФДтФДтФДтФДтФДтФДтФДтФДтФДтФДтФДтФДтФД
тФВ ЁЯРЫ Qq80: targetScale=perceiving, score=3
тФФтФАтФАтФАтФАтФАтФАтФАтФАтФАтФАтФАтФАтФАтФАтФАтФАтФАтФАтФАтФАтФАтФАтФАтФАтФАтФАтФАтФАтФАтФАтФАтФАтФАтФАтФАтФАтФАтФАтФАтФАтФАтФАтФАтФАтФАтФАтФАтФАтФАтФАтФАтФАтФАтФАтФАтФАтФАтФАтФАтФАтФАтФАтФАтФАтФАтФАтФАтФАтФАтФАтФАтФАтФАтФАтФАтФАтФАтФАтФАтФАтФАтФАтФАтФАтФАтФАтФАтФАтФАтФАтФАтФАтФАтФАтФАтФАтФАтФАтФАтФАтФАтФАтФАтФАтФАтФАтФАтФАтФАтФАтФАтФАтФАтФАтФАтФАтФАтФАтФА
тФМтФАтФАтФАтФАтФАтФАтФАтФАтФАтФАтФАтФАтФАтФАтФАтФАтФАтФАтФАтФАтФАтФАтФАтФАтФАтФАтФАтФАтФАтФАтФАтФАтФАтФАтФАтФАтФАтФАтФАтФАтФАтФАтФАтФАтФАтФАтФАтФАтФАтФАтФАтФАтФАтФАтФАтФАтФАтФАтФАтФАтФАтФАтФАтФАтФАтФАтФАтФАтФАтФАтФАтФАтФАтФАтФАтФАтФАтФАтФАтФАтФАтФАтФАтФАтФАтФАтФАтФАтФАтФАтФАтФАтФАтФАтФАтФАтФАтФАтФАтФАтФАтФАтФАтФАтФАтФАтФАтФАтФАтФАтФАтФАтФАтФАтФАтФАтФАтФАтФА
тФВ #0   TestService._completeBipolarTest (package:psycho_tests/services/test_service.dart:465:15)
тФВ #1   TestService.completeTest (package:psycho_tests/services/test_service.dart:55:16)
тФЬтФДтФДтФДтФДтФДтФДтФДтФДтФДтФДтФДтФДтФДтФДтФДтФДтФДтФДтФДтФДтФДтФДтФДтФДтФДтФДтФДтФДтФДтФДтФДтФДтФДтФДтФДтФДтФДтФДтФДтФДтФДтФДтФДтФДтФДтФДтФДтФДтФДтФДтФДтФДтФДтФДтФДтФДтФДтФДтФДтФДтФДтФДтФДтФДтФДтФДтФДтФДтФДтФДтФДтФДтФДтФДтФДтФДтФДтФДтФДтФДтФДтФДтФДтФДтФДтФДтФДтФДтФДтФДтФДтФДтФДтФДтФДтФДтФДтФДтФДтФДтФДтФДтФДтФДтФДтФДтФДтФДтФДтФДтФДтФДтФДтФДтФДтФДтФДтФДтФД
тФВ ЁЯРЫ End of loop. Processed questions: 80
тФФтФАтФАтФАтФАтФАтФАтФАтФАтФАтФАтФАтФАтФАтФАтФАтФАтФАтФАтФАтФАтФАтФАтФАтФАтФАтФАтФАтФАтФАтФАтФАтФАтФАтФАтФАтФАтФАтФАтФАтФАтФАтФАтФАтФАтФАтФАтФАтФАтФАтФАтФАтФАтФАтФАтФАтФАтФАтФАтФАтФАтФАтФАтФАтФАтФАтФАтФАтФАтФАтФАтФАтФАтФАтФАтФАтФАтФАтФАтФАтФАтФАтФАтФАтФАтФАтФАтФАтФАтФАтФАтФАтФАтФАтФАтФАтФАтФАтФАтФАтФАтФАтФАтФАтФАтФАтФАтФАтФАтФАтФАтФАтФАтФАтФАтФАтФАтФАтФАтФА
тФМтФАтФАтФАтФАтФАтФАтФАтФАтФАтФАтФАтФАтФАтФАтФАтФАтФАтФАтФАтФАтФАтФАтФАтФАтФАтФАтФАтФАтФАтФАтФАтФАтФАтФАтФАтФАтФАтФАтФАтФАтФАтФАтФАтФАтФАтФАтФАтФАтФАтФАтФАтФАтФАтФАтФАтФАтФАтФАтФАтФАтФАтФАтФАтФАтФАтФАтФАтФАтФАтФАтФАтФАтФАтФАтФАтФАтФАтФАтФАтФАтФАтФАтФАтФАтФАтФАтФАтФАтФАтФАтФАтФАтФАтФАтФАтФАтФАтФАтФАтФАтФАтФАтФАтФАтФАтФАтФАтФАтФАтФАтФАтФАтФАтФАтФАтФАтФАтФАтФА
тФВ #0   TestService._completeBipolarTest (package:psycho_tests/services/test_service.dart:466:15)
тФВ #1   TestService.completeTest (package:psycho_tests/services/test_service.dart:55:16)
тФЬтФДтФДтФДтФДтФДтФДтФДтФДтФДтФДтФДтФДтФДтФДтФДтФДтФДтФДтФДтФДтФДтФДтФДтФДтФДтФДтФДтФДтФДтФДтФДтФДтФДтФДтФДтФДтФДтФДтФДтФДтФДтФДтФДтФДтФДтФДтФДтФДтФДтФДтФДтФДтФДтФДтФДтФДтФДтФДтФДтФДтФДтФДтФДтФДтФДтФДтФДтФДтФДтФДтФДтФДтФДтФДтФДтФДтФДтФДтФДтФДтФДтФДтФДтФДтФДтФДтФДтФДтФДтФДтФДтФДтФДтФДтФДтФДтФДтФДтФДтФДтФДтФДтФДтФДтФДтФДтФДтФДтФДтФДтФДтФДтФДтФДтФДтФДтФДтФДтФД
тФВ ЁЯРЫ Skipped questions: 0
тФФтФАтФАтФАтФАтФАтФАтФАтФАтФАтФАтФАтФАтФАтФАтФАтФАтФАтФАтФАтФАтФАтФАтФАтФАтФАтФАтФАтФАтФАтФАтФАтФАтФАтФАтФАтФАтФАтФАтФАтФАтФАтФАтФАтФАтФАтФАтФАтФАтФАтФАтФАтФАтФАтФАтФАтФАтФАтФАтФАтФАтФАтФАтФАтФАтФАтФАтФАтФАтФАтФАтФАтФАтФАтФАтФАтФАтФАтФАтФАтФАтФАтФАтФАтФАтФАтФАтФАтФАтФАтФАтФАтФАтФАтФАтФАтФАтФАтФАтФАтФАтФАтФАтФАтФАтФАтФАтФАтФАтФАтФАтФАтФАтФАтФАтФАтФАтФАтФАтФА
тФМтФАтФАтФАтФАтФАтФАтФАтФАтФАтФАтФАтФАтФАтФАтФАтФАтФАтФАтФАтФАтФАтФАтФАтФАтФАтФАтФАтФАтФАтФАтФАтФАтФАтФАтФАтФАтФАтФАтФАтФАтФАтФАтФАтФАтФАтФАтФАтФАтФАтФАтФАтФАтФАтФАтФАтФАтФАтФАтФАтФАтФАтФАтФАтФАтФАтФАтФАтФАтФАтФАтФАтФАтФАтФАтФАтФАтФАтФАтФАтФАтФАтФАтФАтФАтФАтФАтФАтФАтФАтФАтФАтФАтФАтФАтФАтФАтФАтФАтФАтФАтФАтФАтФАтФАтФАтФАтФАтФАтФАтФАтФАтФАтФАтФАтФАтФАтФАтФАтФА
тФВ #0   TestService._completeBipolarTest (package:psycho_tests/services/test_service.dart:467:15)
тФВ #1   TestService.completeTest (package:psycho_tests/services/test_service.dart:55:16)
тФЬтФДтФДтФДтФДтФДтФДтФДтФДтФДтФДтФДтФДтФДтФДтФДтФДтФДтФДтФДтФДтФДтФДтФДтФДтФДтФДтФДтФДтФДтФДтФДтФДтФДтФДтФДтФДтФДтФДтФДтФДтФДтФДтФДтФДтФДтФДтФДтФДтФДтФДтФДтФДтФДтФДтФДтФДтФДтФДтФДтФДтФДтФДтФДтФДтФДтФДтФДтФДтФДтФДтФДтФДтФДтФДтФДтФДтФДтФДтФДтФДтФДтФДтФДтФДтФДтФДтФДтФДтФДтФДтФДтФДтФДтФДтФДтФДтФДтФДтФДтФДтФДтФДтФДтФДтФДтФДтФДтФДтФДтФДтФДтФДтФДтФДтФДтФДтФДтФДтФД
тФВ ЁЯРЫ Answered questions: 80
тФФтФАтФАтФАтФАтФАтФАтФАтФАтФАтФАтФАтФАтФАтФАтФАтФАтФАтФАтФАтФАтФАтФАтФАтФАтФАтФАтФАтФАтФАтФАтФАтФАтФАтФАтФАтФАтФАтФАтФАтФАтФАтФАтФАтФАтФАтФАтФАтФАтФАтФАтФАтФАтФАтФАтФАтФАтФАтФАтФАтФАтФАтФАтФАтФАтФАтФАтФАтФАтФАтФАтФАтФАтФАтФАтФАтФАтФАтФАтФАтФАтФАтФАтФАтФАтФАтФАтФАтФАтФАтФАтФАтФАтФАтФАтФАтФАтФАтФАтФАтФАтФАтФАтФАтФАтФАтФАтФАтФАтФАтФАтФАтФАтФАтФАтФАтФАтФАтФАтФА
тФМтФАтФАтФАтФАтФАтФАтФАтФАтФАтФАтФАтФАтФАтФАтФАтФАтФАтФАтФАтФАтФАтФАтФАтФАтФАтФАтФАтФАтФАтФАтФАтФАтФАтФАтФАтФАтФАтФАтФАтФАтФАтФАтФАтФАтФАтФАтФАтФАтФАтФАтФАтФАтФАтФАтФАтФАтФАтФАтФАтФАтФАтФАтФАтФАтФАтФАтФАтФАтФАтФАтФАтФАтФАтФАтФАтФАтФАтФАтФАтФАтФАтФАтФАтФАтФАтФАтФАтФАтФАтФАтФАтФАтФАтФАтФАтФАтФАтФАтФАтФАтФАтФАтФАтФАтФАтФАтФАтФАтФАтФАтФАтФАтФАтФАтФАтФАтФАтФАтФА
тФВ #0   TestService._completeBipolarTest (package:psycho_tests/services/test_service.dart:468:15)
тФВ #1   TestService.completeTest (package:psycho_tests/services/test_service.dart:55:16)
тФЬтФДтФДтФДтФДтФДтФДтФДтФДтФДтФДтФДтФДтФДтФДтФДтФДтФДтФДтФДтФДтФДтФДтФДтФДтФДтФДтФДтФДтФДтФДтФДтФДтФДтФДтФДтФДтФДтФДтФДтФДтФДтФДтФДтФДтФДтФДтФДтФДтФДтФДтФДтФДтФДтФДтФДтФДтФДтФДтФДтФДтФДтФДтФДтФДтФДтФДтФДтФДтФДтФДтФДтФДтФДтФДтФДтФДтФДтФДтФДтФДтФДтФДтФДтФДтФДтФДтФДтФДтФДтФДтФДтФДтФДтФДтФДтФДтФДтФДтФДтФДтФДтФДтФДтФДтФДтФДтФДтФДтФДтФДтФДтФДтФДтФДтФДтФДтФДтФДтФД
тФВ ЁЯРЫ Raw scale scores: {extraversion: 30, introversion: 30, sensing: 33, intuition: 27, thinking: 30, feeling: 30, judging: 30, perceiving: 30}
тФФтФАтФАтФАтФАтФАтФАтФАтФАтФАтФАтФАтФАтФАтФАтФАтФАтФАтФАтФАтФАтФАтФАтФАтФАтФАтФАтФАтФАтФАтФАтФАтФАтФАтФАтФАтФАтФАтФАтФАтФАтФАтФАтФАтФАтФАтФАтФАтФАтФАтФАтФАтФАтФАтФАтФАтФАтФАтФАтФАтФАтФАтФАтФАтФАтФАтФАтФАтФАтФАтФАтФАтФАтФАтФАтФАтФАтФАтФАтФАтФАтФАтФАтФАтФАтФАтФАтФАтФАтФАтФАтФАтФАтФАтФАтФАтФАтФАтФАтФАтФАтФАтФАтФАтФАтФАтФАтФАтФАтФАтФАтФАтФАтФАтФАтФАтФАтФАтФАтФА
тФМтФАтФАтФАтФАтФАтФАтФАтФАтФАтФАтФАтФАтФАтФАтФАтФАтФАтФАтФАтФАтФАтФАтФАтФАтФАтФАтФАтФАтФАтФАтФАтФАтФАтФАтФАтФАтФАтФАтФАтФАтФАтФАтФАтФАтФАтФАтФАтФАтФАтФАтФАтФАтФАтФАтФАтФАтФАтФАтФАтФАтФАтФАтФАтФАтФАтФАтФАтФАтФАтФАтФАтФАтФАтФАтФАтФАтФАтФАтФАтФАтФАтФАтФАтФАтФАтФАтФАтФАтФАтФАтФАтФАтФАтФАтФАтФАтФАтФАтФАтФАтФАтФАтФАтФАтФАтФАтФАтФАтФАтФАтФАтФАтФАтФАтФАтФАтФАтФАтФА
тФВ #0   TestService._completeBipolarTest (package:psycho_tests/services/test_service.dart:482:17)
тФВ #1   TestService.completeTest (package:psycho_tests/services/test_service.dart:55:16)
тФЬтФДтФДтФДтФДтФДтФДтФДтФДтФДтФДтФДтФДтФДтФДтФДтФДтФДтФДтФДтФДтФДтФДтФДтФДтФДтФДтФДтФДтФДтФДтФДтФДтФДтФДтФДтФДтФДтФДтФДтФДтФДтФДтФДтФДтФДтФДтФДтФДтФДтФДтФДтФДтФДтФДтФДтФДтФДтФДтФДтФДтФДтФДтФДтФДтФДтФДтФДтФДтФДтФДтФДтФДтФДтФДтФДтФДтФДтФДтФДтФДтФДтФДтФДтФДтФДтФДтФДтФДтФДтФДтФДтФДтФДтФДтФДтФДтФДтФДтФДтФДтФДтФДтФДтФДтФДтФДтФДтФДтФДтФДтФДтФДтФДтФДтФДтФДтФДтФДтФД
тФВ ЁЯРЫ Scale extraversion: 30/50 = 60.0%
тФФтФАтФАтФАтФАтФАтФАтФАтФАтФАтФАтФАтФАтФАтФАтФАтФАтФАтФАтФАтФАтФАтФАтФАтФАтФАтФАтФАтФАтФАтФАтФАтФАтФАтФАтФАтФАтФАтФАтФАтФАтФАтФАтФАтФАтФАтФАтФАтФАтФАтФАтФАтФАтФАтФАтФАтФАтФАтФАтФАтФАтФАтФАтФАтФАтФАтФАтФАтФАтФАтФАтФАтФАтФАтФАтФАтФАтФАтФАтФАтФАтФАтФАтФАтФАтФАтФАтФАтФАтФАтФАтФАтФАтФАтФАтФАтФАтФАтФАтФАтФАтФАтФАтФАтФАтФАтФАтФАтФАтФАтФАтФАтФАтФАтФАтФАтФАтФАтФАтФА
тФМтФАтФАтФАтФАтФАтФАтФАтФАтФАтФАтФАтФАтФАтФАтФАтФАтФАтФАтФАтФАтФАтФАтФАтФАтФАтФАтФАтФАтФАтФАтФАтФАтФАтФАтФАтФАтФАтФАтФАтФАтФАтФАтФАтФАтФАтФАтФАтФАтФАтФАтФАтФАтФАтФАтФАтФАтФАтФАтФАтФАтФАтФАтФАтФАтФАтФАтФАтФАтФАтФАтФАтФАтФАтФАтФАтФАтФАтФАтФАтФАтФАтФАтФАтФАтФАтФАтФАтФАтФАтФАтФАтФАтФАтФАтФАтФАтФАтФАтФАтФАтФАтФАтФАтФАтФАтФАтФАтФАтФАтФАтФАтФАтФАтФАтФАтФАтФАтФАтФА
тФВ #0   TestService._completeBipolarTest (package:psycho_tests/services/test_service.dart:482:17)
тФВ #1   TestService.completeTest (package:psycho_tests/services/test_service.dart:55:16)
тФЬтФДтФДтФДтФДтФДтФДтФДтФДтФДтФДтФДтФДтФДтФДтФДтФДтФДтФДтФДтФДтФДтФДтФДтФДтФДтФДтФДтФДтФДтФДтФДтФДтФДтФДтФДтФДтФДтФДтФДтФДтФДтФДтФДтФДтФДтФДтФДтФДтФДтФДтФДтФДтФДтФДтФДтФДтФДтФДтФДтФДтФДтФДтФДтФДтФДтФДтФДтФДтФДтФДтФДтФДтФДтФДтФДтФДтФДтФДтФДтФДтФДтФДтФДтФДтФДтФДтФДтФДтФДтФДтФДтФДтФДтФДтФДтФДтФДтФДтФДтФДтФДтФДтФДтФДтФДтФДтФДтФДтФДтФДтФДтФДтФДтФДтФДтФДтФДтФДтФД
тФВ ЁЯРЫ Scale introversion: 30/50 = 60.0%
тФФтФАтФАтФАтФАтФАтФАтФАтФАтФАтФАтФАтФАтФАтФАтФАтФАтФАтФАтФАтФАтФАтФАтФАтФАтФАтФАтФАтФАтФАтФАтФАтФАтФАтФАтФАтФАтФАтФАтФАтФАтФАтФАтФАтФАтФАтФАтФАтФАтФАтФАтФАтФАтФАтФАтФАтФАтФАтФАтФАтФАтФАтФАтФАтФАтФАтФАтФАтФАтФАтФАтФАтФАтФАтФАтФАтФАтФАтФАтФАтФАтФАтФАтФАтФАтФАтФАтФАтФАтФАтФАтФАтФАтФАтФАтФАтФАтФАтФАтФАтФАтФАтФАтФАтФАтФАтФАтФАтФАтФАтФАтФАтФАтФАтФАтФАтФАтФАтФАтФА
тФМтФАтФАтФАтФАтФАтФАтФАтФАтФАтФАтФАтФАтФАтФАтФАтФАтФАтФАтФАтФАтФАтФАтФАтФАтФАтФАтФАтФАтФАтФАтФАтФАтФАтФАтФАтФАтФАтФАтФАтФАтФАтФАтФАтФАтФАтФАтФАтФАтФАтФАтФАтФАтФАтФАтФАтФАтФАтФАтФАтФАтФАтФАтФАтФАтФАтФАтФАтФАтФАтФАтФАтФАтФАтФАтФАтФАтФАтФАтФАтФАтФАтФАтФАтФАтФАтФАтФАтФАтФАтФАтФАтФАтФАтФАтФАтФАтФАтФАтФАтФАтФАтФАтФАтФАтФАтФАтФАтФАтФАтФАтФАтФАтФАтФАтФАтФАтФАтФАтФА
тФВ #0   TestService._completeBipolarTest (package:psycho_tests/services/test_service.dart:482:17)
тФВ #1   TestService.completeTest (package:psycho_tests/services/test_service.dart:55:16)
тФЬтФДтФДтФДтФДтФДтФДтФДтФДтФДтФДтФДтФДтФДтФДтФДтФДтФДтФДтФДтФДтФДтФДтФДтФДтФДтФДтФДтФДтФДтФДтФДтФДтФДтФДтФДтФДтФДтФДтФДтФДтФДтФДтФДтФДтФДтФДтФДтФДтФДтФДтФДтФДтФДтФДтФДтФДтФДтФДтФДтФДтФДтФДтФДтФДтФДтФДтФДтФДтФДтФДтФДтФДтФДтФДтФДтФДтФДтФДтФДтФДтФДтФДтФДтФДтФДтФДтФДтФДтФДтФДтФДтФДтФДтФДтФДтФДтФДтФДтФДтФДтФДтФДтФДтФДтФДтФДтФДтФДтФДтФДтФДтФДтФДтФДтФДтФДтФДтФДтФД
тФВ ЁЯРЫ Scale sensing: 33/55 = 60.0%
тФФтФАтФАтФАтФАтФАтФАтФАтФАтФАтФАтФАтФАтФАтФАтФАтФАтФАтФАтФАтФАтФАтФАтФАтФАтФАтФАтФАтФАтФАтФАтФАтФАтФАтФАтФАтФАтФАтФАтФАтФАтФАтФАтФАтФАтФАтФАтФАтФАтФАтФАтФАтФАтФАтФАтФАтФАтФАтФАтФАтФАтФАтФАтФАтФАтФАтФАтФАтФАтФАтФАтФАтФАтФАтФАтФАтФАтФАтФАтФАтФАтФАтФАтФАтФАтФАтФАтФАтФАтФАтФАтФАтФАтФАтФАтФАтФАтФАтФАтФАтФАтФАтФАтФАтФАтФАтФАтФАтФАтФАтФАтФАтФАтФАтФАтФАтФАтФАтФАтФА
тФМтФАтФАтФАтФАтФАтФАтФАтФАтФАтФАтФАтФАтФАтФАтФАтФАтФАтФАтФАтФАтФАтФАтФАтФАтФАтФАтФАтФАтФАтФАтФАтФАтФАтФАтФАтФАтФАтФАтФАтФАтФАтФАтФАтФАтФАтФАтФАтФАтФАтФАтФАтФАтФАтФАтФАтФАтФАтФАтФАтФАтФАтФАтФАтФАтФАтФАтФАтФАтФАтФАтФАтФАтФАтФАтФАтФАтФАтФАтФАтФАтФАтФАтФАтФАтФАтФАтФАтФАтФАтФАтФАтФАтФАтФАтФАтФАтФАтФАтФАтФАтФАтФАтФАтФАтФАтФАтФАтФАтФАтФАтФАтФАтФАтФАтФАтФАтФАтФАтФА
тФВ #0   TestService._completeBipolarTest (package:psycho_tests/services/test_service.dart:482:17)
тФВ #1   TestService.completeTest (package:psycho_tests/services/test_service.dart:55:16)
тФЬтФДтФДтФДтФДтФДтФДтФДтФДтФДтФДтФДтФДтФДтФДтФДтФДтФДтФДтФДтФДтФДтФДтФДтФДтФДтФДтФДтФДтФДтФДтФДтФДтФДтФДтФДтФДтФДтФДтФДтФДтФДтФДтФДтФДтФДтФДтФДтФДтФДтФДтФДтФДтФДтФДтФДтФДтФДтФДтФДтФДтФДтФДтФДтФДтФДтФДтФДтФДтФДтФДтФДтФДтФДтФДтФДтФДтФДтФДтФДтФДтФДтФДтФДтФДтФДтФДтФДтФДтФДтФДтФДтФДтФДтФДтФДтФДтФДтФДтФДтФДтФДтФДтФДтФДтФДтФДтФДтФДтФДтФДтФДтФДтФДтФДтФДтФДтФДтФДтФД
тФВ ЁЯРЫ Scale intuition: 27/45 = 60.0%
тФФтФАтФАтФАтФАтФАтФАтФАтФАтФАтФАтФАтФАтФАтФАтФАтФАтФАтФАтФАтФАтФАтФАтФАтФАтФАтФАтФАтФАтФАтФАтФАтФАтФАтФАтФАтФАтФАтФАтФАтФАтФАтФАтФАтФАтФАтФАтФАтФАтФАтФАтФАтФАтФАтФАтФАтФАтФАтФАтФАтФАтФАтФАтФАтФАтФАтФАтФАтФАтФАтФАтФАтФАтФАтФАтФАтФАтФАтФАтФАтФАтФАтФАтФАтФАтФАтФАтФАтФАтФАтФАтФАтФАтФАтФАтФАтФАтФАтФАтФАтФАтФАтФАтФАтФАтФАтФАтФАтФАтФАтФАтФАтФАтФАтФАтФАтФАтФАтФАтФА
тФМтФАтФАтФАтФАтФАтФАтФАтФАтФАтФАтФАтФАтФАтФАтФАтФАтФАтФАтФАтФАтФАтФАтФАтФАтФАтФАтФАтФАтФАтФАтФАтФАтФАтФАтФАтФАтФАтФАтФАтФАтФАтФАтФАтФАтФАтФАтФАтФАтФАтФАтФАтФАтФАтФАтФАтФАтФАтФАтФАтФАтФАтФАтФАтФАтФАтФАтФАтФАтФАтФАтФАтФАтФАтФАтФАтФАтФАтФАтФАтФАтФАтФАтФАтФАтФАтФАтФАтФАтФАтФАтФАтФАтФАтФАтФАтФАтФАтФАтФАтФАтФАтФАтФАтФАтФАтФАтФАтФАтФАтФАтФАтФАтФАтФАтФАтФАтФАтФАтФА
тФВ #0   TestService._completeBipolarTest (package:psycho_tests/services/test_service.dart:482:17)
тФВ #1   TestService.completeTest (package:psycho_tests/services/test_service.dart:55:16)
тФЬтФДтФДтФДтФДтФДтФДтФДтФДтФДтФДтФДтФДтФДтФДтФДтФДтФДтФДтФДтФДтФДтФДтФДтФДтФДтФДтФДтФДтФДтФДтФДтФДтФДтФДтФДтФДтФДтФДтФДтФДтФДтФДтФДтФДтФДтФДтФДтФДтФДтФДтФДтФДтФДтФДтФДтФДтФДтФДтФДтФДтФДтФДтФДтФДтФДтФДтФДтФДтФДтФДтФДтФДтФДтФДтФДтФДтФДтФДтФДтФДтФДтФДтФДтФДтФДтФДтФДтФДтФДтФДтФДтФДтФДтФДтФДтФДтФДтФДтФДтФДтФДтФДтФДтФДтФДтФДтФДтФДтФДтФДтФДтФДтФДтФДтФДтФДтФДтФДтФД
тФВ ЁЯРЫ Scale thinking: 30/50 = 60.0%
тФФтФАтФАтФАтФАтФАтФАтФАтФАтФАтФАтФАтФАтФАтФАтФАтФАтФАтФАтФАтФАтФАтФАтФАтФАтФАтФАтФАтФАтФАтФАтФАтФАтФАтФАтФАтФАтФАтФАтФАтФАтФАтФАтФАтФАтФАтФАтФАтФАтФАтФАтФАтФАтФАтФАтФАтФАтФАтФАтФАтФАтФАтФАтФАтФАтФАтФАтФАтФАтФАтФАтФАтФАтФАтФАтФАтФАтФАтФАтФАтФАтФАтФАтФАтФАтФАтФАтФАтФАтФАтФАтФАтФАтФАтФАтФАтФАтФАтФАтФАтФАтФАтФАтФАтФАтФАтФАтФАтФАтФАтФАтФАтФАтФАтФАтФАтФАтФАтФАтФА
тФМтФАтФАтФАтФАтФАтФАтФАтФАтФАтФАтФАтФАтФАтФАтФАтФАтФАтФАтФАтФАтФАтФАтФАтФАтФАтФАтФАтФАтФАтФАтФАтФАтФАтФАтФАтФАтФАтФАтФАтФАтФАтФАтФАтФАтФАтФАтФАтФАтФАтФАтФАтФАтФАтФАтФАтФАтФАтФАтФАтФАтФАтФАтФАтФАтФАтФАтФАтФАтФАтФАтФАтФАтФАтФАтФАтФАтФАтФАтФАтФАтФАтФАтФАтФАтФАтФАтФАтФАтФАтФАтФАтФАтФАтФАтФАтФАтФАтФАтФАтФАтФАтФАтФАтФАтФАтФАтФАтФАтФАтФАтФАтФАтФАтФАтФАтФАтФАтФАтФА
тФВ #0   TestService._completeBipolarTest (package:psycho_tests/services/test_service.dart:482:17)
тФВ #1   TestService.completeTest (package:psycho_tests/services/test_service.dart:55:16)
тФЬтФДтФДтФДтФДтФДтФДтФДтФДтФДтФДтФДтФДтФДтФДтФДтФДтФДтФДтФДтФДтФДтФДтФДтФДтФДтФДтФДтФДтФДтФДтФДтФДтФДтФДтФДтФДтФДтФДтФДтФДтФДтФДтФДтФДтФДтФДтФДтФДтФДтФДтФДтФДтФДтФДтФДтФДтФДтФДтФДтФДтФДтФДтФДтФДтФДтФДтФДтФДтФДтФДтФДтФДтФДтФДтФДтФДтФДтФДтФДтФДтФДтФДтФДтФДтФДтФДтФДтФДтФДтФДтФДтФДтФДтФДтФДтФДтФДтФДтФДтФДтФДтФДтФДтФДтФДтФДтФДтФДтФДтФДтФДтФДтФДтФДтФДтФДтФДтФДтФД
тФВ ЁЯРЫ Scale feeling: 30/50 = 60.0%
тФФтФАтФАтФАтФАтФАтФАтФАтФАтФАтФАтФАтФАтФАтФАтФАтФАтФАтФАтФАтФАтФАтФАтФАтФАтФАтФАтФАтФАтФАтФАтФАтФАтФАтФАтФАтФАтФАтФАтФАтФАтФАтФАтФАтФАтФАтФАтФАтФАтФАтФАтФАтФАтФАтФАтФАтФАтФАтФАтФАтФАтФАтФАтФАтФАтФАтФАтФАтФАтФАтФАтФАтФАтФАтФАтФАтФАтФАтФАтФАтФАтФАтФАтФАтФАтФАтФАтФАтФАтФАтФАтФАтФАтФАтФАтФАтФАтФАтФАтФАтФАтФАтФАтФАтФАтФАтФАтФАтФАтФАтФАтФАтФАтФАтФАтФАтФАтФАтФАтФА
тФМтФАтФАтФАтФАтФАтФАтФАтФАтФАтФАтФАтФАтФАтФАтФАтФАтФАтФАтФАтФАтФАтФАтФАтФАтФАтФАтФАтФАтФАтФАтФАтФАтФАтФАтФАтФАтФАтФАтФАтФАтФАтФАтФАтФАтФАтФАтФАтФАтФАтФАтФАтФАтФАтФАтФАтФАтФАтФАтФАтФАтФАтФАтФАтФАтФАтФАтФАтФАтФАтФАтФАтФАтФАтФАтФАтФАтФАтФАтФАтФАтФАтФАтФАтФАтФАтФАтФАтФАтФАтФАтФАтФАтФАтФАтФАтФАтФАтФАтФАтФАтФАтФАтФАтФАтФАтФАтФАтФАтФАтФАтФАтФАтФАтФАтФАтФАтФАтФАтФА
тФВ #0   TestService._completeBipolarTest (package:psycho_tests/services/test_service.dart:482:17)
тФВ #1   TestService.completeTest (package:psycho_tests/services/test_service.dart:55:16)
тФЬтФДтФДтФДтФДтФДтФДтФДтФДтФДтФДтФДтФДтФДтФДтФДтФДтФДтФДтФДтФДтФДтФДтФДтФДтФДтФДтФДтФДтФДтФДтФДтФДтФДтФДтФДтФДтФДтФДтФДтФДтФДтФДтФДтФДтФДтФДтФДтФДтФДтФДтФДтФДтФДтФДтФДтФДтФДтФДтФДтФДтФДтФДтФДтФДтФДтФДтФДтФДтФДтФДтФДтФДтФДтФДтФДтФДтФДтФДтФДтФДтФДтФДтФДтФДтФДтФДтФДтФДтФДтФДтФДтФДтФДтФДтФДтФДтФДтФДтФДтФДтФДтФДтФДтФДтФДтФДтФДтФДтФДтФДтФДтФДтФДтФДтФДтФДтФДтФДтФД
тФВ ЁЯРЫ Scale judging: 30/50 = 60.0%
тФФтФАтФАтФАтФАтФАтФАтФАтФАтФАтФАтФАтФАтФАтФАтФАтФАтФАтФАтФАтФАтФАтФАтФАтФАтФАтФАтФАтФАтФАтФАтФАтФАтФАтФАтФАтФАтФАтФАтФАтФАтФАтФАтФАтФАтФАтФАтФАтФАтФАтФАтФАтФАтФАтФАтФАтФАтФАтФАтФАтФАтФАтФАтФАтФАтФАтФАтФАтФАтФАтФАтФАтФАтФАтФАтФАтФАтФАтФАтФАтФАтФАтФАтФАтФАтФАтФАтФАтФАтФАтФАтФАтФАтФАтФАтФАтФАтФАтФАтФАтФАтФАтФАтФАтФАтФАтФАтФАтФАтФАтФАтФАтФАтФАтФАтФАтФАтФАтФАтФА
тФМтФАтФАтФАтФАтФАтФАтФАтФАтФАтФАтФАтФАтФАтФАтФАтФАтФАтФАтФАтФАтФАтФАтФАтФАтФАтФАтФАтФАтФАтФАтФАтФАтФАтФАтФАтФАтФАтФАтФАтФАтФАтФАтФАтФАтФАтФАтФАтФАтФАтФАтФАтФАтФАтФАтФАтФАтФАтФАтФАтФАтФАтФАтФАтФАтФАтФАтФАтФАтФАтФАтФАтФАтФАтФАтФАтФАтФАтФАтФАтФАтФАтФАтФАтФАтФАтФАтФАтФАтФАтФАтФАтФАтФАтФАтФАтФАтФАтФАтФАтФАтФАтФАтФАтФАтФАтФАтФАтФАтФАтФАтФАтФАтФАтФАтФАтФАтФАтФАтФА
тФВ #0   TestService._completeBipolarTest (package:psycho_tests/services/test_service.dart:482:17)
тФВ #1   TestService.completeTest (package:psycho_tests/services/test_service.dart:55:16)
тФЬтФДтФДтФДтФДтФДтФДтФДтФДтФДтФДтФДтФДтФДтФДтФДтФДтФДтФДтФДтФДтФДтФДтФДтФДтФДтФДтФДтФДтФДтФДтФДтФДтФДтФДтФДтФДтФДтФДтФДтФДтФДтФДтФДтФДтФДтФДтФДтФДтФДтФДтФДтФДтФДтФДтФДтФДтФДтФДтФДтФДтФДтФДтФДтФДтФДтФДтФДтФДтФДтФДтФДтФДтФДтФДтФДтФДтФДтФДтФДтФДтФДтФДтФДтФДтФДтФДтФДтФДтФДтФДтФДтФДтФДтФДтФДтФДтФДтФДтФДтФДтФДтФДтФДтФДтФДтФДтФДтФДтФДтФДтФДтФДтФДтФДтФДтФДтФДтФДтФД
тФВ ЁЯРЫ Scale perceiving: 30/50 = 60.0%
тФФтФАтФАтФАтФАтФАтФАтФАтФАтФАтФАтФАтФАтФАтФАтФАтФАтФАтФАтФАтФАтФАтФАтФАтФАтФАтФАтФАтФАтФАтФАтФАтФАтФАтФАтФАтФАтФАтФАтФАтФАтФАтФАтФАтФАтФАтФАтФАтФАтФАтФАтФАтФАтФАтФАтФАтФАтФАтФАтФАтФАтФАтФАтФАтФАтФАтФАтФАтФАтФАтФАтФАтФАтФАтФАтФАтФАтФАтФАтФАтФАтФАтФАтФАтФАтФАтФАтФАтФАтФАтФАтФАтФАтФАтФАтФАтФАтФАтФАтФАтФАтФАтФАтФАтФАтФАтФАтФАтФАтФАтФАтФАтФАтФАтФАтФАтФАтФАтФАтФА
тФМтФАтФАтФАтФАтФАтФАтФАтФАтФАтФАтФАтФАтФАтФАтФАтФАтФАтФАтФАтФАтФАтФАтФАтФАтФАтФАтФАтФАтФАтФАтФАтФАтФАтФАтФАтФАтФАтФАтФАтФАтФАтФАтФАтФАтФАтФАтФАтФАтФАтФАтФАтФАтФАтФАтФАтФАтФАтФАтФАтФАтФАтФАтФАтФАтФАтФАтФАтФАтФАтФАтФАтФАтФАтФАтФАтФАтФАтФАтФАтФАтФАтФАтФАтФАтФАтФАтФАтФАтФАтФАтФАтФАтФАтФАтФАтФАтФАтФАтФАтФАтФАтФАтФАтФАтФАтФАтФАтФАтФАтФАтФАтФАтФАтФАтФАтФАтФАтФАтФА
тФВ #0   TestService._completeBipolarTest (package:psycho_tests/services/test_service.dart:487:15)
тФВ #1   TestService.completeTest (package:psycho_tests/services/test_service.dart:55:16)
тФЬтФДтФДтФДтФДтФДтФДтФДтФДтФДтФДтФДтФДтФДтФДтФДтФДтФДтФДтФДтФДтФДтФДтФДтФДтФДтФДтФДтФДтФДтФДтФДтФДтФДтФДтФДтФДтФДтФДтФДтФДтФДтФДтФДтФДтФДтФДтФДтФДтФДтФДтФДтФДтФДтФДтФДтФДтФДтФДтФДтФДтФДтФДтФДтФДтФДтФДтФДтФДтФДтФДтФДтФДтФДтФДтФДтФДтФДтФДтФДтФДтФДтФДтФДтФДтФДтФДтФДтФДтФДтФДтФДтФДтФДтФДтФДтФДтФДтФДтФДтФДтФДтФДтФДтФДтФДтФДтФДтФДтФДтФДтФДтФДтФДтФДтФДтФДтФДтФДтФД
тФВ ЁЯРЫ Bipolar percentages (for UI): {EI: 50.0, SN: 50.0, TF: 50.0, JP: 50.0}
тФФтФАтФАтФАтФАтФАтФАтФАтФАтФАтФАтФАтФАтФАтФАтФАтФАтФАтФАтФАтФАтФАтФАтФАтФАтФАтФАтФАтФАтФАтФАтФАтФАтФАтФАтФАтФАтФАтФАтФАтФАтФАтФАтФАтФАтФАтФАтФАтФАтФАтФАтФАтФАтФАтФАтФАтФАтФАтФАтФАтФАтФАтФАтФАтФАтФАтФАтФАтФАтФАтФАтФАтФАтФАтФАтФАтФАтФАтФАтФАтФАтФАтФАтФАтФАтФАтФАтФАтФАтФАтФАтФАтФАтФАтФАтФАтФАтФАтФАтФАтФАтФАтФАтФАтФАтФАтФАтФАтФАтФАтФАтФАтФАтФАтФАтФАтФАтФАтФАтФА
тФМтФАтФАтФАтФАтФАтФАтФАтФАтФАтФАтФАтФАтФАтФАтФАтФАтФАтФАтФАтФАтФАтФАтФАтФАтФАтФАтФАтФАтФАтФАтФАтФАтФАтФАтФАтФАтФАтФАтФАтФАтФАтФАтФАтФАтФАтФАтФАтФАтФАтФАтФАтФАтФАтФАтФАтФАтФАтФАтФАтФАтФАтФАтФАтФАтФАтФАтФАтФАтФАтФАтФАтФАтФАтФАтФАтФАтФАтФАтФАтФАтФАтФАтФАтФАтФАтФАтФАтФАтФАтФАтФАтФАтФАтФАтФАтФАтФАтФАтФАтФАтФАтФАтФАтФАтФАтФАтФАтФАтФАтФАтФАтФАтФАтФАтФАтФАтФАтФАтФА
тФВ #0   TestService._completeBipolarTest (package:psycho_tests/services/test_service.dart:491:15)
тФВ #1   TestService.completeTest (package:psycho_tests/services/test_service.dart:55:16)
тФЬтФДтФДтФДтФДтФДтФДтФДтФДтФДтФДтФДтФДтФДтФДтФДтФДтФДтФДтФДтФДтФДтФДтФДтФДтФДтФДтФДтФДтФДтФДтФДтФДтФДтФДтФДтФДтФДтФДтФДтФДтФДтФДтФДтФДтФДтФДтФДтФДтФДтФДтФДтФДтФДтФДтФДтФДтФДтФДтФДтФДтФДтФДтФДтФДтФДтФДтФДтФДтФДтФДтФДтФДтФДтФДтФДтФДтФДтФДтФДтФДтФДтФДтФДтФДтФДтФДтФДтФДтФДтФДтФДтФДтФДтФДтФДтФДтФДтФДтФДтФДтФДтФДтФДтФДтФДтФДтФДтФДтФДтФДтФДтФДтФДтФДтФДтФДтФДтФДтФД
тФВ ЁЯРЫ Personality type code: XXXX
тФФтФАтФАтФАтФАтФАтФАтФАтФАтФАтФАтФАтФАтФАтФАтФАтФАтФАтФАтФАтФАтФАтФАтФАтФАтФАтФАтФАтФАтФАтФАтФАтФАтФАтФАтФАтФАтФАтФАтФАтФАтФАтФАтФАтФАтФАтФАтФАтФАтФАтФАтФАтФАтФАтФАтФАтФАтФАтФАтФАтФАтФАтФАтФАтФАтФАтФАтФАтФАтФАтФАтФАтФАтФАтФАтФАтФАтФАтФАтФАтФАтФАтФАтФАтФАтФАтФАтФАтФАтФАтФАтФАтФАтФАтФАтФАтФАтФАтФАтФАтФАтФАтФАтФАтФАтФАтФАтФАтФАтФАтФАтФАтФАтФАтФАтФАтФАтФАтФАтФА
тФМтФАтФАтФАтФАтФАтФАтФАтФАтФАтФАтФАтФАтФАтФАтФАтФАтФАтФАтФАтФАтФАтФАтФАтФАтФАтФАтФАтФАтФАтФАтФАтФАтФАтФАтФАтФАтФАтФАтФАтФАтФАтФАтФАтФАтФАтФАтФАтФАтФАтФАтФАтФАтФАтФАтФАтФАтФАтФАтФАтФАтФАтФАтФАтФАтФАтФАтФАтФАтФАтФАтФАтФАтФАтФАтФАтФАтФАтФАтФАтФАтФАтФАтФАтФАтФАтФАтФАтФАтФАтФАтФАтФАтФАтФАтФАтФАтФАтФАтФАтФАтФАтФАтФАтФАтФАтФАтФАтФАтФАтФАтФАтФАтФАтФАтФАтФАтФАтФАтФА
тФВ #0   TestService._completeBipolarTest (package:psycho_tests/services/test_service.dart:575:17)
тФВ #1   TestService.completeTest (package:psycho_tests/services/test_service.dart:55:16)
тФЬтФДтФДтФДтФДтФДтФДтФДтФДтФДтФДтФДтФДтФДтФДтФДтФДтФДтФДтФДтФДтФДтФДтФДтФДтФДтФДтФДтФДтФДтФДтФДтФДтФДтФДтФДтФДтФДтФДтФДтФДтФДтФДтФДтФДтФДтФДтФДтФДтФДтФДтФДтФДтФДтФДтФДтФДтФДтФДтФДтФДтФДтФДтФДтФДтФДтФДтФДтФДтФДтФДтФДтФДтФДтФДтФДтФДтФДтФДтФДтФДтФДтФДтФДтФДтФДтФДтФДтФДтФДтФДтФДтФДтФДтФДтФДтФДтФДтФДтФДтФДтФДтФДтФДтФДтФДтФДтФДтФДтФДтФДтФДтФДтФДтФДтФДтФДтФДтФДтФД
тФВ ЁЯРЫ mbti_ei: normalized=50.0%, dominant=E, CI=┬▒5.0%
тФФтФАтФАтФАтФАтФАтФАтФАтФАтФАтФАтФАтФАтФАтФАтФАтФАтФАтФАтФАтФАтФАтФАтФАтФАтФАтФАтФАтФАтФАтФАтФАтФАтФАтФАтФАтФАтФАтФАтФАтФАтФАтФАтФАтФАтФАтФАтФАтФАтФАтФАтФАтФАтФАтФАтФАтФАтФАтФАтФАтФАтФАтФАтФАтФАтФАтФАтФАтФАтФАтФАтФАтФАтФАтФАтФАтФАтФАтФАтФАтФАтФАтФАтФАтФАтФАтФАтФАтФАтФАтФАтФАтФАтФАтФАтФАтФАтФАтФАтФАтФАтФАтФАтФАтФАтФАтФАтФАтФАтФАтФАтФАтФАтФАтФАтФАтФАтФАтФАтФА
тФМтФАтФАтФАтФАтФАтФАтФАтФАтФАтФАтФАтФАтФАтФАтФАтФАтФАтФАтФАтФАтФАтФАтФАтФАтФАтФАтФАтФАтФАтФАтФАтФАтФАтФАтФАтФАтФАтФАтФАтФАтФАтФАтФАтФАтФАтФАтФАтФАтФАтФАтФАтФАтФАтФАтФАтФАтФАтФАтФАтФАтФАтФАтФАтФАтФАтФАтФАтФАтФАтФАтФАтФАтФАтФАтФАтФАтФАтФАтФАтФАтФАтФАтФАтФАтФАтФАтФАтФАтФАтФАтФАтФАтФАтФАтФАтФАтФАтФАтФАтФАтФАтФАтФАтФАтФАтФАтФАтФАтФАтФАтФАтФАтФАтФАтФАтФАтФАтФАтФА
тФВ #0   TestService._completeBipolarTest (package:psycho_tests/services/test_service.dart:575:17)
тФВ #1   TestService.completeTest (package:psycho_tests/services/test_service.dart:55:16)
тФЬтФДтФДтФДтФДтФДтФДтФДтФДтФДтФДтФДтФДтФДтФДтФДтФДтФДтФДтФДтФДтФДтФДтФДтФДтФДтФДтФДтФДтФДтФДтФДтФДтФДтФДтФДтФДтФДтФДтФДтФДтФДтФДтФДтФДтФДтФДтФДтФДтФДтФДтФДтФДтФДтФДтФДтФДтФДтФДтФДтФДтФДтФДтФДтФДтФДтФДтФДтФДтФДтФДтФДтФДтФДтФДтФДтФДтФДтФДтФДтФДтФДтФДтФДтФДтФДтФДтФДтФДтФДтФДтФДтФДтФДтФДтФДтФДтФДтФДтФДтФДтФДтФДтФДтФДтФДтФДтФДтФДтФДтФДтФДтФДтФДтФДтФДтФДтФДтФДтФД
тФВ ЁЯРЫ mbti_sn: normalized=50.0%, dominant=S, CI=┬▒5.0%
тФФтФАтФАтФАтФАтФАтФАтФАтФАтФАтФАтФАтФАтФАтФАтФАтФАтФАтФАтФАтФАтФАтФАтФАтФАтФАтФАтФАтФАтФАтФАтФАтФАтФАтФАтФАтФАтФАтФАтФАтФАтФАтФАтФАтФАтФАтФАтФАтФАтФАтФАтФАтФАтФАтФАтФАтФАтФАтФАтФАтФАтФАтФАтФАтФАтФАтФАтФАтФАтФАтФАтФАтФАтФАтФАтФАтФАтФАтФАтФАтФАтФАтФАтФАтФАтФАтФАтФАтФАтФАтФАтФАтФАтФАтФАтФАтФАтФАтФАтФАтФАтФАтФАтФАтФАтФАтФАтФАтФАтФАтФАтФАтФАтФАтФАтФАтФАтФАтФАтФА
тФМтФАтФАтФАтФАтФАтФАтФАтФАтФАтФАтФАтФАтФАтФАтФАтФАтФАтФАтФАтФАтФАтФАтФАтФАтФАтФАтФАтФАтФАтФАтФАтФАтФАтФАтФАтФАтФАтФАтФАтФАтФАтФАтФАтФАтФАтФАтФАтФАтФАтФАтФАтФАтФАтФАтФАтФАтФАтФАтФАтФАтФАтФАтФАтФАтФАтФАтФАтФАтФАтФАтФАтФАтФАтФАтФАтФАтФАтФАтФАтФАтФАтФАтФАтФАтФАтФАтФАтФАтФАтФАтФАтФАтФАтФАтФАтФАтФАтФАтФАтФАтФАтФАтФАтФАтФАтФАтФАтФАтФАтФАтФАтФАтФАтФАтФАтФАтФАтФАтФА
тФВ #0   TestService._completeBipolarTest (package:psycho_tests/services/test_service.dart:575:17)
тФВ #1   TestService.completeTest (package:psycho_tests/services/test_service.dart:55:16)
тФЬтФДтФДтФДтФДтФДтФДтФДтФДтФДтФДтФДтФДтФДтФДтФДтФДтФДтФДтФДтФДтФДтФДтФДтФДтФДтФДтФДтФДтФДтФДтФДтФДтФДтФДтФДтФДтФДтФДтФДтФДтФДтФДтФДтФДтФДтФДтФДтФДтФДтФДтФДтФДтФДтФДтФДтФДтФДтФДтФДтФДтФДтФДтФДтФДтФДтФДтФДтФДтФДтФДтФДтФДтФДтФДтФДтФДтФДтФДтФДтФДтФДтФДтФДтФДтФДтФДтФДтФДтФДтФДтФДтФДтФДтФДтФДтФДтФДтФДтФДтФДтФДтФДтФДтФДтФДтФДтФДтФДтФДтФДтФДтФДтФДтФДтФДтФДтФДтФДтФД
тФВ ЁЯРЫ mbti_tf: normalized=50.0%, dominant=T, CI=┬▒5.0%
тФФтФАтФАтФАтФАтФАтФАтФАтФАтФАтФАтФАтФАтФАтФАтФАтФАтФАтФАтФАтФАтФАтФАтФАтФАтФАтФАтФАтФАтФАтФАтФАтФАтФАтФАтФАтФАтФАтФАтФАтФАтФАтФАтФАтФАтФАтФАтФАтФАтФАтФАтФАтФАтФАтФАтФАтФАтФАтФАтФАтФАтФАтФАтФАтФАтФАтФАтФАтФАтФАтФАтФАтФАтФАтФАтФАтФАтФАтФАтФАтФАтФАтФАтФАтФАтФАтФАтФАтФАтФАтФАтФАтФАтФАтФАтФАтФАтФАтФАтФАтФАтФАтФАтФАтФАтФАтФАтФАтФАтФАтФАтФАтФАтФАтФАтФАтФАтФАтФАтФА
тФМтФАтФАтФАтФАтФАтФАтФАтФАтФАтФАтФАтФАтФАтФАтФАтФАтФАтФАтФАтФАтФАтФАтФАтФАтФАтФАтФАтФАтФАтФАтФАтФАтФАтФАтФАтФАтФАтФАтФАтФАтФАтФАтФАтФАтФАтФАтФАтФАтФАтФАтФАтФАтФАтФАтФАтФАтФАтФАтФАтФАтФАтФАтФАтФАтФАтФАтФАтФАтФАтФАтФАтФАтФАтФАтФАтФАтФАтФАтФАтФАтФАтФАтФАтФАтФАтФАтФАтФАтФАтФАтФАтФАтФАтФАтФАтФАтФАтФАтФАтФАтФАтФАтФАтФАтФАтФАтФАтФАтФАтФАтФАтФАтФАтФАтФАтФАтФАтФАтФА
тФВ #0   TestService._completeBipolarTest (package:psycho_tests/services/test_service.dart:575:17)
тФВ #1   TestService.completeTest (package:psycho_tests/services/test_service.dart:55:16)
тФЬтФДтФДтФДтФДтФДтФДтФДтФДтФДтФДтФДтФДтФДтФДтФДтФДтФДтФДтФДтФДтФДтФДтФДтФДтФДтФДтФДтФДтФДтФДтФДтФДтФДтФДтФДтФДтФДтФДтФДтФДтФДтФДтФДтФДтФДтФДтФДтФДтФДтФДтФДтФДтФДтФДтФДтФДтФДтФДтФДтФДтФДтФДтФДтФДтФДтФДтФДтФДтФДтФДтФДтФДтФДтФДтФДтФДтФДтФДтФДтФДтФДтФДтФДтФДтФДтФДтФДтФДтФДтФДтФДтФДтФДтФДтФДтФДтФДтФДтФДтФДтФДтФДтФДтФДтФДтФДтФДтФДтФДтФДтФДтФДтФДтФДтФДтФДтФДтФДтФД
тФВ ЁЯРЫ mbti_jp: normalized=50.0%, dominant=J, CI=┬▒5.0%
тФФтФАтФАтФАтФАтФАтФАтФАтФАтФАтФАтФАтФАтФАтФАтФАтФАтФАтФАтФАтФАтФАтФАтФАтФАтФАтФАтФАтФАтФАтФАтФАтФАтФАтФАтФАтФАтФАтФАтФАтФАтФАтФАтФАтФАтФАтФАтФАтФАтФАтФАтФАтФАтФАтФАтФАтФАтФАтФАтФАтФАтФАтФАтФАтФАтФАтФАтФАтФАтФАтФАтФАтФАтФАтФАтФАтФАтФАтФАтФАтФАтФАтФАтФАтФАтФАтФАтФАтФАтФАтФАтФАтФАтФАтФАтФАтФАтФАтФАтФАтФАтФАтФАтФАтФАтФАтФАтФАтФАтФАтФАтФАтФАтФАтФАтФАтФАтФАтФАтФА
тФМтФАтФАтФАтФАтФАтФАтФАтФАтФАтФАтФАтФАтФАтФАтФАтФАтФАтФАтФАтФАтФАтФАтФАтФАтФАтФАтФАтФАтФАтФАтФАтФАтФАтФАтФАтФАтФАтФАтФАтФАтФАтФАтФАтФАтФАтФАтФАтФАтФАтФАтФАтФАтФАтФАтФАтФАтФАтФАтФАтФАтФАтФАтФАтФАтФАтФАтФАтФАтФАтФАтФАтФАтФАтФАтФАтФАтФАтФАтФАтФАтФАтФАтФАтФАтФАтФАтФАтФАтФАтФАтФАтФАтФАтФАтФАтФАтФАтФАтФАтФАтФАтФАтФАтФАтФАтФАтФАтФАтФАтФАтФАтФАтФАтФАтФАтФАтФАтФАтФА
тФВ #0   TestService._completeBipolarTest (package:psycho_tests/services/test_service.dart:589:15)
тФВ #1   TestService.completeTest (package:psycho_tests/services/test_service.dart:55:16)
тФЬтФДтФДтФДтФДтФДтФДтФДтФДтФДтФДтФДтФДтФДтФДтФДтФДтФДтФДтФДтФДтФДтФДтФДтФДтФДтФДтФДтФДтФДтФДтФДтФДтФДтФДтФДтФДтФДтФДтФДтФДтФДтФДтФДтФДтФДтФДтФДтФДтФДтФДтФДтФДтФДтФДтФДтФДтФДтФДтФДтФДтФДтФДтФДтФДтФДтФДтФДтФДтФДтФДтФДтФДтФДтФДтФДтФДтФДтФДтФДтФДтФДтФДтФДтФДтФДтФДтФДтФДтФДтФДтФДтФДтФДтФДтФДтФДтФДтФДтФДтФДтФДтФДтФДтФДтФДтФДтФДтФДтФДтФДтФДтФДтФДтФДтФДтФДтФДтФДтФД
тФВ ЁЯРЫ userAnswersScores contains 80 answers
тФФтФАтФАтФАтФАтФАтФАтФАтФАтФАтФАтФАтФАтФАтФАтФАтФАтФАтФАтФАтФАтФАтФАтФАтФАтФАтФАтФАтФАтФАтФАтФАтФАтФАтФАтФАтФАтФАтФАтФАтФАтФАтФАтФАтФАтФАтФАтФАтФАтФАтФАтФАтФАтФАтФАтФАтФАтФАтФАтФАтФАтФАтФАтФАтФАтФАтФАтФАтФАтФАтФАтФАтФАтФАтФАтФАтФАтФАтФАтФАтФАтФАтФАтФАтФАтФАтФАтФАтФАтФАтФАтФАтФАтФАтФАтФАтФАтФАтФАтФАтФАтФАтФАтФАтФАтФАтФАтФАтФАтФАтФАтФАтФАтФАтФАтФАтФАтФАтФАтФА
тФМтФАтФАтФАтФАтФАтФАтФАтФАтФАтФАтФАтФАтФАтФАтФАтФАтФАтФАтФАтФАтФАтФАтФАтФАтФАтФАтФАтФАтФАтФАтФАтФАтФАтФАтФАтФАтФАтФАтФАтФАтФАтФАтФАтФАтФАтФАтФАтФАтФАтФАтФАтФАтФАтФАтФАтФАтФАтФАтФАтФАтФАтФАтФАтФАтФАтФАтФАтФАтФАтФАтФАтФАтФАтФАтФАтФАтФАтФАтФАтФАтФАтФАтФАтФАтФАтФАтФАтФАтФАтФАтФАтФАтФАтФАтФАтФАтФАтФАтФАтФАтФАтФАтФАтФАтФАтФАтФАтФАтФАтФАтФАтФАтФАтФАтФАтФАтФАтФАтФА
тФВ #0   TestService._completeBipolarTest (package:psycho_tests/services/test_service.dart:590:15)
тФВ #1   TestService.completeTest (package:psycho_tests/services/test_service.dart:55:16)
тФЬтФДтФДтФДтФДтФДтФДтФДтФДтФДтФДтФДтФДтФДтФДтФДтФДтФДтФДтФДтФДтФДтФДтФДтФДтФДтФДтФДтФДтФДтФДтФДтФДтФДтФДтФДтФДтФДтФДтФДтФДтФДтФДтФДтФДтФДтФДтФДтФДтФДтФДтФДтФДтФДтФДтФДтФДтФДтФДтФДтФДтФДтФДтФДтФДтФДтФДтФДтФДтФДтФДтФДтФДтФДтФДтФДтФДтФДтФДтФДтФДтФДтФДтФДтФДтФДтФДтФДтФДтФДтФДтФДтФДтФДтФДтФДтФДтФДтФДтФДтФДтФДтФДтФДтФДтФДтФДтФДтФДтФДтФДтФДтФДтФДтФДтФДтФДтФДтФДтФД
тФВ ЁЯРЫ Total questions in test: 80
тФФтФАтФАтФАтФАтФАтФАтФАтФАтФАтФАтФАтФАтФАтФАтФАтФАтФАтФАтФАтФАтФАтФАтФАтФАтФАтФАтФАтФАтФАтФАтФАтФАтФАтФАтФАтФАтФАтФАтФАтФАтФАтФАтФАтФАтФАтФАтФАтФАтФАтФАтФАтФАтФАтФАтФАтФАтФАтФАтФАтФАтФАтФАтФАтФАтФАтФАтФАтФАтФАтФАтФАтФАтФАтФАтФАтФАтФАтФАтФАтФАтФАтФАтФАтФАтФАтФАтФАтФАтФАтФАтФАтФАтФАтФАтФАтФАтФАтФАтФАтФАтФАтФАтФАтФАтФАтФАтФАтФАтФАтФАтФАтФАтФАтФАтФАтФАтФАтФАтФА
тФМтФАтФАтФАтФАтФАтФАтФАтФАтФАтФАтФАтФАтФАтФАтФАтФАтФАтФАтФАтФАтФАтФАтФАтФАтФАтФАтФАтФАтФАтФАтФАтФАтФАтФАтФАтФАтФАтФАтФАтФАтФАтФАтФАтФАтФАтФАтФАтФАтФАтФАтФАтФАтФАтФАтФАтФАтФАтФАтФАтФАтФАтФАтФАтФАтФАтФАтФАтФАтФАтФАтФАтФАтФАтФАтФАтФАтФАтФАтФАтФАтФАтФАтФАтФАтФАтФАтФАтФАтФАтФАтФАтФАтФАтФАтФАтФАтФАтФАтФАтФАтФАтФАтФАтФАтФАтФАтФАтФАтФАтФАтФАтФАтФАтФАтФАтФАтФАтФАтФА
тФВ #0   TestService._completeBipolarTest (package:psycho_tests/services/test_service.dart:591:15)
тФВ #1   TestService.completeTest (package:psycho_tests/services/test_service.dart:55:16)
тФЬтФДтФДтФДтФДтФДтФДтФДтФДтФДтФДтФДтФДтФДтФДтФДтФДтФДтФДтФДтФДтФДтФДтФДтФДтФДтФДтФДтФДтФДтФДтФДтФДтФДтФДтФДтФДтФДтФДтФДтФДтФДтФДтФДтФДтФДтФДтФДтФДтФДтФДтФДтФДтФДтФДтФДтФДтФДтФДтФДтФДтФДтФДтФДтФДтФДтФДтФДтФДтФДтФДтФДтФДтФДтФДтФДтФДтФДтФДтФДтФДтФДтФДтФДтФДтФДтФДтФДтФДтФДтФДтФДтФДтФДтФДтФДтФДтФДтФДтФДтФДтФДтФДтФДтФДтФДтФДтФДтФДтФДтФДтФДтФДтФДтФДтФДтФДтФДтФДтФД
тФВ ЁЯРЫ Expected 80 answers, received: 80
тФФтФАтФАтФАтФАтФАтФАтФАтФАтФАтФАтФАтФАтФАтФАтФАтФАтФАтФАтФАтФАтФАтФАтФАтФАтФАтФАтФАтФАтФАтФАтФАтФАтФАтФАтФАтФАтФАтФАтФАтФАтФАтФАтФАтФАтФАтФАтФАтФАтФАтФАтФАтФАтФАтФАтФАтФАтФАтФАтФАтФАтФАтФАтФАтФАтФАтФАтФАтФАтФАтФАтФАтФАтФАтФАтФАтФАтФАтФАтФАтФАтФАтФАтФАтФАтФАтФАтФАтФАтФАтФАтФАтФАтФАтФАтФАтФАтФАтФАтФАтФАтФАтФАтФАтФАтФАтФАтФАтФАтФАтФАтФАтФАтФАтФАтФАтФАтФАтФАтФА
тФМтФАтФАтФАтФАтФАтФАтФАтФАтФАтФАтФАтФАтФАтФАтФАтФАтФАтФАтФАтФАтФАтФАтФАтФАтФАтФАтФАтФАтФАтФАтФАтФАтФАтФАтФАтФАтФАтФАтФАтФАтФАтФАтФАтФАтФАтФАтФАтФАтФАтФАтФАтФАтФАтФАтФАтФАтФАтФАтФАтФАтФАтФАтФАтФАтФАтФАтФАтФАтФАтФАтФАтФАтФАтФАтФАтФАтФАтФАтФАтФАтФАтФАтФАтФАтФАтФАтФАтФАтФАтФАтФАтФАтФАтФАтФАтФАтФАтФАтФАтФАтФАтФАтФАтФАтФАтФАтФАтФАтФАтФАтФАтФАтФАтФАтФАтФАтФАтФАтФА
тФВ #0   TestService._completeBipolarTest (package:psycho_tests/services/test_service.dart:592:15)
тФВ #1   TestService.completeTest (package:psycho_tests/services/test_service.dart:55:16)
тФЬтФДтФДтФДтФДтФДтФДтФДтФДтФДтФДтФДтФДтФДтФДтФДтФДтФДтФДтФДтФДтФДтФДтФДтФДтФДтФДтФДтФДтФДтФДтФДтФДтФДтФДтФДтФДтФДтФДтФДтФДтФДтФДтФДтФДтФДтФДтФДтФДтФДтФДтФДтФДтФДтФДтФДтФДтФДтФДтФДтФДтФДтФДтФДтФДтФДтФДтФДтФДтФДтФДтФДтФДтФДтФДтФДтФДтФДтФДтФДтФДтФДтФДтФДтФДтФДтФДтФДтФДтФДтФДтФДтФДтФДтФДтФДтФДтФДтФДтФДтФДтФДтФДтФДтФДтФДтФДтФДтФДтФДтФДтФДтФДтФДтФДтФДтФДтФДтФДтФД
тФВ ЁЯРЫ First 5 answers: q1:3, q2:3, q3:3, q4:3, q5:3
тФФтФАтФАтФАтФАтФАтФАтФАтФАтФАтФАтФАтФАтФАтФАтФАтФАтФАтФАтФАтФАтФАтФАтФАтФАтФАтФАтФАтФАтФАтФАтФАтФАтФАтФАтФАтФАтФАтФАтФАтФАтФАтФАтФАтФАтФАтФАтФАтФАтФАтФАтФАтФАтФАтФАтФАтФАтФАтФАтФАтФАтФАтФАтФАтФАтФАтФАтФАтФАтФАтФАтФАтФАтФАтФАтФАтФАтФАтФАтФАтФАтФАтФАтФАтФАтФАтФАтФАтФАтФАтФАтФАтФАтФАтФАтФАтФАтФАтФАтФАтФАтФАтФАтФАтФАтФАтФАтФАтФАтФАтФАтФАтФАтФАтФАтФАтФАтФАтФАтФА
тФМтФАтФАтФАтФАтФАтФАтФАтФАтФАтФАтФАтФАтФАтФАтФАтФАтФАтФАтФАтФАтФАтФАтФАтФАтФАтФАтФАтФАтФАтФАтФАтФАтФАтФАтФАтФАтФАтФАтФАтФАтФАтФАтФАтФАтФАтФАтФАтФАтФАтФАтФАтФАтФАтФАтФАтФАтФАтФАтФАтФАтФАтФАтФАтФАтФАтФАтФАтФАтФАтФАтФАтФАтФАтФАтФАтФАтФАтФАтФАтФАтФАтФАтФАтФАтФАтФАтФАтФАтФАтФАтФАтФАтФАтФАтФАтФАтФАтФАтФАтФАтФАтФАтФАтФАтФАтФАтФАтФАтФАтФАтФАтФАтФАтФАтФАтФАтФАтФАтФА
тФВ #0   TestService._completeBipolarTest (package:psycho_tests/services/test_service.dart:595:17)
тФВ #1   TestService.completeTest (package:psycho_tests/services/test_service.dart:55:16)
тФЬтФДтФДтФДтФДтФДтФДтФДтФДтФДтФДтФДтФДтФДтФДтФДтФДтФДтФДтФДтФДтФДтФДтФДтФДтФДтФДтФДтФДтФДтФДтФДтФДтФДтФДтФДтФДтФДтФДтФДтФДтФДтФДтФДтФДтФДтФДтФДтФДтФДтФДтФДтФДтФДтФДтФДтФДтФДтФДтФДтФДтФДтФДтФДтФДтФДтФДтФДтФДтФДтФДтФДтФДтФДтФДтФДтФДтФДтФДтФДтФДтФДтФДтФДтФДтФДтФДтФДтФДтФДтФДтФДтФДтФДтФДтФДтФДтФДтФДтФДтФДтФДтФДтФДтФДтФДтФДтФДтФДтФДтФДтФДтФДтФДтФДтФДтФДтФДтФДтФД
тФВ ЁЯРЫ Last 5 answers: q76:3, q77:3, q78:3, q79:3, q80:3
тФФтФАтФАтФАтФАтФАтФАтФАтФАтФАтФАтФАтФАтФАтФАтФАтФАтФАтФАтФАтФАтФАтФАтФАтФАтФАтФАтФАтФАтФАтФАтФАтФАтФАтФАтФАтФАтФАтФАтФАтФАтФАтФАтФАтФАтФАтФАтФАтФАтФАтФАтФАтФАтФАтФАтФАтФАтФАтФАтФАтФАтФАтФАтФАтФАтФАтФАтФАтФАтФАтФАтФАтФАтФАтФАтФАтФАтФАтФАтФАтФАтФАтФАтФАтФАтФАтФАтФАтФАтФАтФАтФАтФАтФАтФАтФАтФАтФАтФАтФАтФАтФАтФАтФАтФАтФАтФАтФАтФАтФАтФАтФАтФАтФАтФАтФАтФАтФАтФАтФА
тФМтФАтФАтФАтФАтФАтФАтФАтФАтФАтФАтФАтФАтФАтФАтФАтФАтФАтФАтФАтФАтФАтФАтФАтФАтФАтФАтФАтФАтФАтФАтФАтФАтФАтФАтФАтФАтФАтФАтФАтФАтФАтФАтФАтФАтФАтФАтФАтФАтФАтФАтФАтФАтФАтФАтФАтФАтФАтФАтФАтФАтФАтФАтФАтФАтФАтФАтФАтФАтФАтФАтФАтФАтФАтФАтФАтФАтФАтФАтФАтФАтФАтФАтФАтФАтФАтФАтФАтФАтФАтФАтФАтФАтФАтФАтФАтФАтФАтФАтФАтФАтФАтФАтФАтФАтФАтФАтФАтФАтФАтФАтФАтФАтФАтФАтФАтФАтФАтФАтФА
тФВ #0   TestService._completeBipolarTest (package:psycho_tests/services/test_service.dart:600:15)
тФВ #1   TestService.completeTest (package:psycho_tests/services/test_service.dart:55:16)
тФЬтФДтФДтФДтФДтФДтФДтФДтФДтФДтФДтФДтФДтФДтФДтФДтФДтФДтФДтФДтФДтФДтФДтФДтФДтФДтФДтФДтФДтФДтФДтФДтФДтФДтФДтФДтФДтФДтФДтФДтФДтФДтФДтФДтФДтФДтФДтФДтФДтФДтФДтФДтФДтФДтФДтФДтФДтФДтФДтФДтФДтФДтФДтФДтФДтФДтФДтФДтФДтФДтФДтФДтФДтФДтФДтФДтФДтФДтФДтФДтФДтФДтФДтФДтФДтФДтФДтФДтФДтФДтФДтФДтФДтФДтФДтФДтФДтФДтФДтФДтФДтФДтФДтФДтФДтФДтФДтФДтФДтФДтФДтФДтФДтФДтФДтФДтФДтФДтФДтФД
тФВ ЁЯРЫ ===== START QUALITY VALIDATION =====
тФФтФАтФАтФАтФАтФАтФАтФАтФАтФАтФАтФАтФАтФАтФАтФАтФАтФАтФАтФАтФАтФАтФАтФАтФАтФАтФАтФАтФАтФАтФАтФАтФАтФАтФАтФАтФАтФАтФАтФАтФАтФАтФАтФАтФАтФАтФАтФАтФАтФАтФАтФАтФАтФАтФАтФАтФАтФАтФАтФАтФАтФАтФАтФАтФАтФАтФАтФАтФАтФАтФАтФАтФАтФАтФАтФАтФАтФАтФАтФАтФАтФАтФАтФАтФАтФАтФАтФАтФАтФАтФАтФАтФАтФАтФАтФАтФАтФАтФАтФАтФАтФАтФАтФАтФАтФАтФАтФАтФАтФАтФАтФАтФАтФАтФАтФАтФАтФАтФАтФА
тФМтФАтФАтФАтФАтФАтФАтФАтФАтФАтФАтФАтФАтФАтФАтФАтФАтФАтФАтФАтФАтФАтФАтФАтФАтФАтФАтФАтФАтФАтФАтФАтФАтФАтФАтФАтФАтФАтФАтФАтФАтФАтФАтФАтФАтФАтФАтФАтФАтФАтФАтФАтФАтФАтФАтФАтФАтФАтФАтФАтФАтФАтФАтФАтФАтФАтФАтФАтФАтФАтФАтФАтФАтФАтФАтФАтФАтФАтФАтФАтФАтФАтФАтФАтФАтФАтФАтФАтФАтФАтФАтФАтФАтФАтФАтФАтФАтФАтФАтФАтФАтФАтФАтФАтФАтФАтФАтФАтФАтФАтФАтФАтФАтФАтФАтФАтФАтФАтФАтФА
тФВ #0   TestService.validateResponseQuality (package:psycho_tests/services/test_service.dart:634:15)
тФВ #1   TestService._completeBipolarTest (package:psycho_tests/services/test_service.dart:602:9)
тФЬтФДтФДтФДтФДтФДтФДтФДтФДтФДтФДтФДтФДтФДтФДтФДтФДтФДтФДтФДтФДтФДтФДтФДтФДтФДтФДтФДтФДтФДтФДтФДтФДтФДтФДтФДтФДтФДтФДтФДтФДтФДтФДтФДтФДтФДтФДтФДтФДтФДтФДтФДтФДтФДтФДтФДтФДтФДтФДтФДтФДтФДтФДтФДтФДтФДтФДтФДтФДтФДтФДтФДтФДтФДтФДтФДтФДтФДтФДтФДтФДтФДтФДтФДтФДтФДтФДтФДтФДтФДтФДтФДтФДтФДтФДтФДтФДтФДтФДтФДтФДтФДтФДтФДтФДтФДтФДтФДтФДтФДтФДтФДтФДтФДтФДтФДтФДтФДтФДтФД
тФВ ЁЯРЫ Starting validation of 80 answers
тФФтФАтФАтФАтФАтФАтФАтФАтФАтФАтФАтФАтФАтФАтФАтФАтФАтФАтФАтФАтФАтФАтФАтФАтФАтФАтФАтФАтФАтФАтФАтФАтФАтФАтФАтФАтФАтФАтФАтФАтФАтФАтФАтФАтФАтФАтФАтФАтФАтФАтФАтФАтФАтФАтФАтФАтФАтФАтФАтФАтФАтФАтФАтФАтФАтФАтФАтФАтФАтФАтФАтФАтФАтФАтФАтФАтФАтФАтФАтФАтФАтФАтФАтФАтФАтФАтФАтФАтФАтФАтФАтФАтФАтФАтФАтФАтФАтФАтФАтФАтФАтФАтФАтФАтФАтФАтФАтФАтФАтФАтФАтФАтФАтФАтФАтФАтФАтФАтФАтФА
тФМтФАтФАтФАтФАтФАтФАтФАтФАтФАтФАтФАтФАтФАтФАтФАтФАтФАтФАтФАтФАтФАтФАтФАтФАтФАтФАтФАтФАтФАтФАтФАтФАтФАтФАтФАтФАтФАтФАтФАтФАтФАтФАтФАтФАтФАтФАтФАтФАтФАтФАтФАтФАтФАтФАтФАтФАтФАтФАтФАтФАтФАтФАтФАтФАтФАтФАтФАтФАтФАтФАтФАтФАтФАтФАтФАтФАтФАтФАтФАтФАтФАтФАтФАтФАтФАтФАтФАтФАтФАтФАтФАтФАтФАтФАтФАтФАтФАтФАтФАтФАтФАтФАтФАтФАтФАтФАтФАтФАтФАтФАтФАтФАтФАтФАтФАтФАтФАтФАтФА
тФВ #0   TestService.validateResponseQuality (package:psycho_tests/services/test_service.dart:647:15)
тФВ #1   TestService._completeBipolarTest (package:psycho_tests/services/test_service.dart:602:9)
тФЬтФДтФДтФДтФДтФДтФДтФДтФДтФДтФДтФДтФДтФДтФДтФДтФДтФДтФДтФДтФДтФДтФДтФДтФДтФДтФДтФДтФДтФДтФДтФДтФДтФДтФДтФДтФДтФДтФДтФДтФДтФДтФДтФДтФДтФДтФДтФДтФДтФДтФДтФДтФДтФДтФДтФДтФДтФДтФДтФДтФДтФДтФДтФДтФДтФДтФДтФДтФДтФДтФДтФДтФДтФДтФДтФДтФДтФДтФДтФДтФДтФДтФДтФДтФДтФДтФДтФДтФДтФДтФДтФДтФДтФДтФДтФДтФДтФДтФДтФДтФДтФДтФДтФДтФДтФДтФДтФДтФДтФДтФДтФДтФДтФДтФДтФДтФДтФДтФДтФД
тФВ ЁЯРЫ Answer mean: 3.00
тФФтФАтФАтФАтФАтФАтФАтФАтФАтФАтФАтФАтФАтФАтФАтФАтФАтФАтФАтФАтФАтФАтФАтФАтФАтФАтФАтФАтФАтФАтФАтФАтФАтФАтФАтФАтФАтФАтФАтФАтФАтФАтФАтФАтФАтФАтФАтФАтФАтФАтФАтФАтФАтФАтФАтФАтФАтФАтФАтФАтФАтФАтФАтФАтФАтФАтФАтФАтФАтФАтФАтФАтФАтФАтФАтФАтФАтФАтФАтФАтФАтФАтФАтФАтФАтФАтФАтФАтФАтФАтФАтФАтФАтФАтФАтФАтФАтФАтФАтФАтФАтФАтФАтФАтФАтФАтФАтФАтФАтФАтФАтФАтФАтФАтФАтФАтФАтФАтФАтФА
тФМтФАтФАтФАтФАтФАтФАтФАтФАтФАтФАтФАтФАтФАтФАтФАтФАтФАтФАтФАтФАтФАтФАтФАтФАтФАтФАтФАтФАтФАтФАтФАтФАтФАтФАтФАтФАтФАтФАтФАтФАтФАтФАтФАтФАтФАтФАтФАтФАтФАтФАтФАтФАтФАтФАтФАтФАтФАтФАтФАтФАтФАтФАтФАтФАтФАтФАтФАтФАтФАтФАтФАтФАтФАтФАтФАтФАтФАтФАтФАтФАтФАтФАтФАтФАтФАтФАтФАтФАтФАтФАтФАтФАтФАтФАтФАтФАтФАтФАтФАтФАтФАтФАтФАтФАтФАтФАтФАтФАтФАтФАтФАтФАтФАтФАтФАтФАтФАтФАтФА
тФВ #0   TestService.validateResponseQuality (package:psycho_tests/services/test_service.dart:648:15)
тФВ #1   TestService._completeBipolarTest (package:psycho_tests/services/test_service.dart:602:9)
тФЬтФДтФДтФДтФДтФДтФДтФДтФДтФДтФДтФДтФДтФДтФДтФДтФДтФДтФДтФДтФДтФДтФДтФДтФДтФДтФДтФДтФДтФДтФДтФДтФДтФДтФДтФДтФДтФДтФДтФДтФДтФДтФДтФДтФДтФДтФДтФДтФДтФДтФДтФДтФДтФДтФДтФДтФДтФДтФДтФДтФДтФДтФДтФДтФДтФДтФДтФДтФДтФДтФДтФДтФДтФДтФДтФДтФДтФДтФДтФДтФДтФДтФДтФДтФДтФДтФДтФДтФДтФДтФДтФДтФДтФДтФДтФДтФДтФДтФДтФДтФДтФДтФДтФДтФДтФДтФДтФДтФДтФДтФДтФДтФДтФДтФДтФДтФДтФДтФДтФД
тФВ ЁЯРЫ Standard deviation: 0.00
тФФтФАтФАтФАтФАтФАтФАтФАтФАтФАтФАтФАтФАтФАтФАтФАтФАтФАтФАтФАтФАтФАтФАтФАтФАтФАтФАтФАтФАтФАтФАтФАтФАтФАтФАтФАтФАтФАтФАтФАтФАтФАтФАтФАтФАтФАтФАтФАтФАтФАтФАтФАтФАтФАтФАтФАтФАтФАтФАтФАтФАтФАтФАтФАтФАтФАтФАтФАтФАтФАтФАтФАтФАтФАтФАтФАтФАтФАтФАтФАтФАтФАтФАтФАтФАтФАтФАтФАтФАтФАтФАтФАтФАтФАтФАтФАтФАтФАтФАтФАтФАтФАтФАтФАтФАтФАтФАтФАтФАтФАтФАтФАтФАтФАтФАтФАтФАтФАтФАтФА
[38;5;208mтФМтФАтФАтФАтФАтФАтФАтФАтФАтФАтФАтФАтФАтФАтФАтФАтФАтФАтФАтФАтФАтФАтФАтФАтФАтФАтФАтФАтФАтФАтФАтФАтФАтФАтФАтФАтФАтФАтФАтФАтФАтФАтФАтФАтФАтФАтФАтФАтФАтФАтФАтФАтФАтФАтФАтФАтФАтФАтФАтФАтФАтФАтФАтФАтФАтФАтФАтФАтФАтФАтФАтФАтФАтФАтФАтФАтФАтФАтФАтФАтФАтФАтФАтФАтФАтФАтФАтФАтФАтФАтФАтФАтФАтФАтФАтФАтФАтФАтФАтФАтФАтФАтФАтФАтФАтФАтФАтФАтФАтФАтФАтФАтФАтФАтФАтФАтФАтФАтФАтФА[0m
[38;5;208mтФВ #0   TestService.validateResponseQuality (package:psycho_tests/services/test_service.dart:656:17)[0m
[38;5;208mтФВ #1   TestService._completeBipolarTest (package:psycho_tests/services/test_service.dart:602:9)[0m
[38;5;208mтФЬтФДтФДтФДтФДтФДтФДтФДтФДтФДтФДтФДтФДтФДтФДтФДтФДтФДтФДтФДтФДтФДтФДтФДтФДтФДтФДтФДтФДтФДтФДтФДтФДтФДтФДтФДтФДтФДтФДтФДтФДтФДтФДтФДтФДтФДтФДтФДтФДтФДтФДтФДтФДтФДтФДтФДтФДтФДтФДтФДтФДтФДтФДтФДтФДтФДтФДтФДтФДтФДтФДтФДтФДтФДтФДтФДтФДтФДтФДтФДтФДтФДтФДтФДтФДтФДтФДтФДтФДтФДтФДтФДтФДтФДтФДтФДтФДтФДтФДтФДтФДтФДтФДтФДтФДтФДтФДтФДтФДтФДтФДтФДтФДтФДтФДтФДтФДтФДтФДтФД[0m
[38;5;208mтФВ тЪая╕П ISSUE: Very low response variance (0.00). You may not have been thoughtful.[0m
[38;5;208mтФФтФАтФАтФАтФАтФАтФАтФАтФАтФАтФАтФАтФАтФАтФАтФАтФАтФАтФАтФАтФАтФАтФАтФАтФАтФАтФАтФАтФАтФАтФАтФАтФАтФАтФАтФАтФАтФАтФАтФАтФАтФАтФАтФАтФАтФАтФАтФАтФАтФАтФАтФАтФАтФАтФАтФАтФАтФАтФАтФАтФАтФАтФАтФАтФАтФАтФАтФАтФАтФАтФАтФАтФАтФАтФАтФАтФАтФАтФАтФАтФАтФАтФАтФАтФАтФАтФАтФАтФАтФАтФАтФАтФАтФАтФАтФАтФАтФАтФАтФАтФАтФАтФАтФАтФАтФАтФАтФАтФАтФАтФАтФАтФАтФАтФАтФАтФАтФАтФАтФА[0m
тФМтФАтФАтФАтФАтФАтФАтФАтФАтФАтФАтФАтФАтФАтФАтФАтФАтФАтФАтФАтФАтФАтФАтФАтФАтФАтФАтФАтФАтФАтФАтФАтФАтФАтФАтФАтФАтФАтФАтФАтФАтФАтФАтФАтФАтФАтФАтФАтФАтФАтФАтФАтФАтФАтФАтФАтФАтФАтФАтФАтФАтФАтФАтФАтФАтФАтФАтФАтФАтФАтФАтФАтФАтФАтФАтФАтФАтФАтФАтФАтФАтФАтФАтФАтФАтФАтФАтФАтФАтФАтФАтФАтФАтФАтФАтФАтФАтФАтФАтФАтФАтФАтФАтФАтФАтФАтФАтФАтФАтФАтФАтФАтФАтФАтФАтФАтФАтФАтФАтФА
тФВ #0   TestService.validateResponseQuality (package:psycho_tests/services/test_service.dart:669:15)
тФВ #1   TestService._completeBipolarTest (package:psycho_tests/services/test_service.dart:602:9)
тФЬтФДтФДтФДтФДтФДтФДтФДтФДтФДтФДтФДтФДтФДтФДтФДтФДтФДтФДтФДтФДтФДтФДтФДтФДтФДтФДтФДтФДтФДтФДтФДтФДтФДтФДтФДтФДтФДтФДтФДтФДтФДтФДтФДтФДтФДтФДтФДтФДтФДтФДтФДтФДтФДтФДтФДтФДтФДтФДтФДтФДтФДтФДтФДтФДтФДтФДтФДтФДтФДтФДтФДтФДтФДтФДтФДтФДтФДтФДтФДтФДтФДтФДтФДтФДтФДтФДтФДтФДтФДтФДтФДтФДтФДтФДтФДтФДтФДтФДтФДтФДтФДтФДтФДтФДтФДтФДтФДтФДтФДтФДтФДтФДтФДтФДтФДтФДтФДтФДтФД
тФВ ЁЯРЫ Neutral answers: 80 of 80 (100.0%)
тФФтФАтФАтФАтФАтФАтФАтФАтФАтФАтФАтФАтФАтФАтФАтФАтФАтФАтФАтФАтФАтФАтФАтФАтФАтФАтФАтФАтФАтФАтФАтФАтФАтФАтФАтФАтФАтФАтФАтФАтФАтФАтФАтФАтФАтФАтФАтФАтФАтФАтФАтФАтФАтФАтФАтФАтФАтФАтФАтФАтФАтФАтФАтФАтФАтФАтФАтФАтФАтФАтФАтФАтФАтФАтФАтФАтФАтФАтФАтФАтФАтФАтФАтФАтФАтФАтФАтФАтФАтФАтФАтФАтФАтФАтФАтФАтФАтФАтФАтФАтФАтФАтФАтФАтФАтФАтФАтФАтФАтФАтФАтФАтФАтФАтФАтФАтФАтФАтФАтФА
[38;5;208mтФМтФАтФАтФАтФАтФАтФАтФАтФАтФАтФАтФАтФАтФАтФАтФАтФАтФАтФАтФАтФАтФАтФАтФАтФАтФАтФАтФАтФАтФАтФАтФАтФАтФАтФАтФАтФАтФАтФАтФАтФАтФАтФАтФАтФАтФАтФАтФАтФАтФАтФАтФАтФАтФАтФАтФАтФАтФАтФАтФАтФАтФАтФАтФАтФАтФАтФАтФАтФАтФАтФАтФАтФАтФАтФАтФАтФАтФАтФАтФАтФАтФАтФАтФАтФАтФАтФАтФАтФАтФАтФАтФАтФАтФАтФАтФАтФАтФАтФАтФАтФАтФАтФАтФАтФАтФАтФАтФАтФАтФАтФАтФАтФАтФАтФАтФАтФАтФАтФАтФА[0m
[38;5;208mтФВ #0   TestService.validateResponseQuality (package:psycho_tests/services/test_service.dart:678:17)[0m
[38;5;208mтФВ #1   TestService._completeBipolarTest (package:psycho_tests/services/test_service.dart:602:9)[0m
[38;5;208mтФЬтФДтФДтФДтФДтФДтФДтФДтФДтФДтФДтФДтФДтФДтФДтФДтФДтФДтФДтФДтФДтФДтФДтФДтФДтФДтФДтФДтФДтФДтФДтФДтФДтФДтФДтФДтФДтФДтФДтФДтФДтФДтФДтФДтФДтФДтФДтФДтФДтФДтФДтФДтФДтФДтФДтФДтФДтФДтФДтФДтФДтФДтФДтФДтФДтФДтФДтФДтФДтФДтФДтФДтФДтФДтФДтФДтФДтФДтФДтФДтФДтФДтФДтФДтФДтФДтФДтФДтФДтФДтФДтФДтФДтФДтФДтФДтФДтФДтФДтФДтФДтФДтФДтФДтФДтФДтФДтФДтФДтФДтФДтФДтФДтФДтФДтФДтФДтФДтФДтФД[0m
[38;5;208mтФВ тЪая╕П ISSUE: Too many neutral answers (100%). Try to be more decisive.[0m
[38;5;208mтФФтФАтФАтФАтФАтФАтФАтФАтФАтФАтФАтФАтФАтФАтФАтФАтФАтФАтФАтФАтФАтФАтФАтФАтФАтФАтФАтФАтФАтФАтФАтФАтФАтФАтФАтФАтФАтФАтФАтФАтФАтФАтФАтФАтФАтФАтФАтФАтФАтФАтФАтФАтФАтФАтФАтФАтФАтФАтФАтФАтФАтФАтФАтФАтФАтФАтФАтФАтФАтФАтФАтФАтФАтФАтФАтФАтФАтФАтФАтФАтФАтФАтФАтФАтФАтФАтФАтФАтФАтФАтФАтФАтФАтФАтФАтФАтФАтФАтФАтФАтФАтФАтФАтФАтФАтФАтФАтФАтФАтФАтФАтФАтФАтФАтФАтФАтФАтФАтФАтФА[0m
тФМтФАтФАтФАтФАтФАтФАтФАтФАтФАтФАтФАтФАтФАтФАтФАтФАтФАтФАтФАтФАтФАтФАтФАтФАтФАтФАтФАтФАтФАтФАтФАтФАтФАтФАтФАтФАтФАтФАтФАтФАтФАтФАтФАтФАтФАтФАтФАтФАтФАтФАтФАтФАтФАтФАтФАтФАтФАтФАтФАтФАтФАтФАтФАтФАтФАтФАтФАтФАтФАтФАтФАтФАтФАтФАтФАтФАтФАтФАтФАтФАтФАтФАтФАтФАтФАтФАтФАтФАтФАтФАтФАтФАтФАтФАтФАтФАтФАтФАтФАтФАтФАтФАтФАтФАтФАтФАтФАтФАтФАтФАтФАтФАтФАтФАтФАтФАтФАтФАтФА
тФВ #0   TestService.validateResponseQuality (package:psycho_tests/services/test_service.dart:691:15)
тФВ #1   TestService._completeBipolarTest (package:psycho_tests/services/test_service.dart:602:9)
тФЬтФДтФДтФДтФДтФДтФДтФДтФДтФДтФДтФДтФДтФДтФДтФДтФДтФДтФДтФДтФДтФДтФДтФДтФДтФДтФДтФДтФДтФДтФДтФДтФДтФДтФДтФДтФДтФДтФДтФДтФДтФДтФДтФДтФДтФДтФДтФДтФДтФДтФДтФДтФДтФДтФДтФДтФДтФДтФДтФДтФДтФДтФДтФДтФДтФДтФДтФДтФДтФДтФДтФДтФДтФДтФДтФДтФДтФДтФДтФДтФДтФДтФДтФДтФДтФДтФДтФДтФДтФДтФДтФДтФДтФДтФДтФДтФДтФДтФДтФДтФДтФДтФДтФДтФДтФДтФДтФДтФДтФДтФДтФДтФДтФДтФДтФДтФДтФДтФДтФД
тФВ ЁЯРЫ Extreme answers: 0 of 80 (0.0%)
тФФтФАтФАтФАтФАтФАтФАтФАтФАтФАтФАтФАтФАтФАтФАтФАтФАтФАтФАтФАтФАтФАтФАтФАтФАтФАтФАтФАтФАтФАтФАтФАтФАтФАтФАтФАтФАтФАтФАтФАтФАтФАтФАтФАтФАтФАтФАтФАтФАтФАтФАтФАтФАтФАтФАтФАтФАтФАтФАтФАтФАтФАтФАтФАтФАтФАтФАтФАтФАтФАтФАтФАтФАтФАтФАтФАтФАтФАтФАтФАтФАтФАтФАтФАтФАтФАтФАтФАтФАтФАтФАтФАтФАтФАтФАтФАтФАтФАтФАтФАтФАтФАтФАтФАтФАтФАтФАтФАтФАтФАтФАтФАтФАтФАтФАтФАтФАтФАтФАтФА
тФМтФАтФАтФАтФАтФАтФАтФАтФАтФАтФАтФАтФАтФАтФАтФАтФАтФАтФАтФАтФАтФАтФАтФАтФАтФАтФАтФАтФАтФАтФАтФАтФАтФАтФАтФАтФАтФАтФАтФАтФАтФАтФАтФАтФАтФАтФАтФАтФАтФАтФАтФАтФАтФАтФАтФАтФАтФАтФАтФАтФАтФАтФАтФАтФАтФАтФАтФАтФАтФАтФАтФАтФАтФАтФАтФАтФАтФАтФАтФАтФАтФАтФАтФАтФАтФАтФАтФАтФАтФАтФАтФАтФАтФАтФАтФАтФАтФАтФАтФАтФАтФАтФАтФАтФАтФАтФАтФАтФАтФАтФАтФАтФАтФАтФАтФАтФАтФАтФАтФА
тФВ #0   TestService.validateResponseQuality (package:psycho_tests/services/test_service.dart:751:15)
тФВ #1   TestService._completeBipolarTest (package:psycho_tests/services/test_service.dart:602:9)
тФЬтФДтФДтФДтФДтФДтФДтФДтФДтФДтФДтФДтФДтФДтФДтФДтФДтФДтФДтФДтФДтФДтФДтФДтФДтФДтФДтФДтФДтФДтФДтФДтФДтФДтФДтФДтФДтФДтФДтФДтФДтФДтФДтФДтФДтФДтФДтФДтФДтФДтФДтФДтФДтФДтФДтФДтФДтФДтФДтФДтФДтФДтФДтФДтФДтФДтФДтФДтФДтФДтФДтФДтФДтФДтФДтФДтФДтФДтФДтФДтФДтФДтФДтФДтФДтФДтФДтФДтФДтФДтФДтФДтФДтФДтФДтФДтФДтФДтФДтФДтФДтФДтФДтФДтФДтФДтФДтФДтФДтФДтФДтФДтФДтФДтФДтФДтФДтФДтФДтФД
тФВ ЁЯРЫ Consistency score: 100.0%
тФФтФАтФАтФАтФАтФАтФАтФАтФАтФАтФАтФАтФАтФАтФАтФАтФАтФАтФАтФАтФАтФАтФАтФАтФАтФАтФАтФАтФАтФАтФАтФАтФАтФАтФАтФАтФАтФАтФАтФАтФАтФАтФАтФАтФАтФАтФАтФАтФАтФАтФАтФАтФАтФАтФАтФАтФАтФАтФАтФАтФАтФАтФАтФАтФАтФАтФАтФАтФАтФАтФАтФАтФАтФАтФАтФАтФАтФАтФАтФАтФАтФАтФАтФАтФАтФАтФАтФАтФАтФАтФАтФАтФАтФАтФАтФАтФАтФАтФАтФАтФАтФАтФАтФАтФАтФАтФАтФАтФАтФАтФАтФАтФАтФАтФАтФАтФАтФАтФАтФА
[38;5;208mтФМтФАтФАтФАтФАтФАтФАтФАтФАтФАтФАтФАтФАтФАтФАтФАтФАтФАтФАтФАтФАтФАтФАтФАтФАтФАтФАтФАтФАтФАтФАтФАтФАтФАтФАтФАтФАтФАтФАтФАтФАтФАтФАтФАтФАтФАтФАтФАтФАтФАтФАтФАтФАтФАтФАтФАтФАтФАтФАтФАтФАтФАтФАтФАтФАтФАтФАтФАтФАтФАтФАтФАтФАтФАтФАтФАтФАтФАтФАтФАтФАтФАтФАтФАтФАтФАтФАтФАтФАтФАтФАтФАтФАтФАтФАтФАтФАтФАтФАтФАтФАтФАтФАтФАтФАтФАтФАтФАтФАтФАтФАтФАтФАтФАтФАтФАтФАтФАтФАтФА[0m
[38;5;208mтФВ #0   TestService.validateResponseQuality (package:psycho_tests/services/test_service.dart:780:17)[0m
[38;5;208mтФВ #1   TestService._completeBipolarTest (package:psycho_tests/services/test_service.dart:602:9)[0m
[38;5;208mтФЬтФДтФДтФДтФДтФДтФДтФДтФДтФДтФДтФДтФДтФДтФДтФДтФДтФДтФДтФДтФДтФДтФДтФДтФДтФДтФДтФДтФДтФДтФДтФДтФДтФДтФДтФДтФДтФДтФДтФДтФДтФДтФДтФДтФДтФДтФДтФДтФДтФДтФДтФДтФДтФДтФДтФДтФДтФДтФДтФДтФДтФДтФДтФДтФДтФДтФДтФДтФДтФДтФДтФДтФДтФДтФДтФДтФДтФДтФДтФДтФДтФДтФДтФДтФДтФДтФДтФДтФДтФДтФДтФДтФДтФДтФДтФДтФДтФДтФДтФДтФДтФДтФДтФДтФДтФДтФДтФДтФДтФДтФДтФДтФДтФДтФДтФДтФДтФДтФДтФД[0m
[38;5;208mтФВ тЪая╕П OVERALL QUALITY: CRITICAL[0m
[38;5;208mтФФтФАтФАтФАтФАтФАтФАтФАтФАтФАтФАтФАтФАтФАтФАтФАтФАтФАтФАтФАтФАтФАтФАтФАтФАтФАтФАтФАтФАтФАтФАтФАтФАтФАтФАтФАтФАтФАтФАтФАтФАтФАтФАтФАтФАтФАтФАтФАтФАтФАтФАтФАтФАтФАтФАтФАтФАтФАтФАтФАтФАтФАтФАтФАтФАтФАтФАтФАтФАтФАтФАтФАтФАтФАтФАтФАтФАтФАтФАтФАтФАтФАтФАтФАтФАтФАтФАтФАтФАтФАтФАтФАтФАтФАтФАтФАтФАтФАтФАтФАтФАтФАтФАтФАтФАтФАтФАтФАтФАтФАтФАтФАтФАтФАтФАтФАтФАтФАтФАтФА[0m
тФМтФАтФАтФАтФАтФАтФАтФАтФАтФАтФАтФАтФАтФАтФАтФАтФАтФАтФАтФАтФАтФАтФАтФАтФАтФАтФАтФАтФАтФАтФАтФАтФАтФАтФАтФАтФАтФАтФАтФАтФАтФАтФАтФАтФАтФАтФАтФАтФАтФАтФАтФАтФАтФАтФАтФАтФАтФАтФАтФАтФАтФАтФАтФАтФАтФАтФАтФАтФАтФАтФАтФАтФАтФАтФАтФАтФАтФАтФАтФАтФАтФАтФАтФАтФАтФАтФАтФАтФАтФАтФАтФАтФАтФАтФАтФАтФАтФАтФАтФАтФАтФАтФАтФАтФАтФАтФАтФАтФАтФАтФАтФАтФАтФАтФАтФАтФАтФАтФАтФА
тФВ #0   TestService._completeBipolarTest (package:psycho_tests/services/test_service.dart:603:15)
тФВ #1   TestService.completeTest (package:psycho_tests/services/test_service.dart:55:16)
тФЬтФДтФДтФДтФДтФДтФДтФДтФДтФДтФДтФДтФДтФДтФДтФДтФДтФДтФДтФДтФДтФДтФДтФДтФДтФДтФДтФДтФДтФДтФДтФДтФДтФДтФДтФДтФДтФДтФДтФДтФДтФДтФДтФДтФДтФДтФДтФДтФДтФДтФДтФДтФДтФДтФДтФДтФДтФДтФДтФДтФДтФДтФДтФДтФДтФДтФДтФДтФДтФДтФДтФДтФДтФДтФДтФДтФДтФДтФДтФДтФДтФДтФДтФДтФДтФДтФДтФДтФДтФДтФДтФДтФДтФДтФДтФДтФДтФДтФДтФДтФДтФДтФДтФДтФДтФДтФДтФДтФДтФДтФДтФДтФДтФДтФДтФДтФДтФДтФДтФД
тФВ ЁЯРЫ Response quality: error
тФФтФАтФАтФАтФАтФАтФАтФАтФАтФАтФАтФАтФАтФАтФАтФАтФАтФАтФАтФАтФАтФАтФАтФАтФАтФАтФАтФАтФАтФАтФАтФАтФАтФАтФАтФАтФАтФАтФАтФАтФАтФАтФАтФАтФАтФАтФАтФАтФАтФАтФАтФАтФАтФАтФАтФАтФАтФАтФАтФАтФАтФАтФАтФАтФАтФАтФАтФАтФАтФАтФАтФАтФАтФАтФАтФАтФАтФАтФАтФАтФАтФАтФАтФАтФАтФАтФАтФАтФАтФАтФАтФАтФАтФАтФАтФАтФАтФАтФАтФАтФАтФАтФАтФАтФАтФАтФАтФАтФАтФАтФАтФАтФАтФАтФАтФАтФАтФАтФАтФА
тФМтФАтФАтФАтФАтФАтФАтФАтФАтФАтФАтФАтФАтФАтФАтФАтФАтФАтФАтФАтФАтФАтФАтФАтФАтФАтФАтФАтФАтФАтФАтФАтФАтФАтФАтФАтФАтФАтФАтФАтФАтФАтФАтФАтФАтФАтФАтФАтФАтФАтФАтФАтФАтФАтФАтФАтФАтФАтФАтФАтФАтФАтФАтФАтФАтФАтФАтФАтФАтФАтФАтФАтФАтФАтФАтФАтФАтФАтФАтФАтФАтФАтФАтФАтФАтФАтФАтФАтФАтФАтФАтФАтФАтФАтФАтФАтФАтФАтФАтФАтФАтФАтФАтФАтФАтФАтФАтФАтФАтФАтФАтФАтФАтФАтФАтФАтФАтФАтФАтФА
тФВ #0   TestService._completeBipolarTest (package:psycho_tests/services/test_service.dart:604:15)
тФВ #1   TestService.completeTest (package:psycho_tests/services/test_service.dart:55:16)
тФЬтФДтФДтФДтФДтФДтФДтФДтФДтФДтФДтФДтФДтФДтФДтФДтФДтФДтФДтФДтФДтФДтФДтФДтФДтФДтФДтФДтФДтФДтФДтФДтФДтФДтФДтФДтФДтФДтФДтФДтФДтФДтФДтФДтФДтФДтФДтФДтФДтФДтФДтФДтФДтФДтФДтФДтФДтФДтФДтФДтФДтФДтФДтФДтФДтФДтФДтФДтФДтФДтФДтФДтФДтФДтФДтФДтФДтФДтФДтФДтФДтФДтФДтФДтФДтФДтФДтФДтФДтФДтФДтФДтФДтФДтФДтФДтФДтФДтФДтФДтФДтФДтФДтФДтФДтФДтФДтФДтФДтФДтФДтФДтФДтФДтФДтФДтФДтФДтФДтФД
тФВ ЁЯРЫ Detected issues: 2
тФФтФАтФАтФАтФАтФАтФАтФАтФАтФАтФАтФАтФАтФАтФАтФАтФАтФАтФАтФАтФАтФАтФАтФАтФАтФАтФАтФАтФАтФАтФАтФАтФАтФАтФАтФАтФАтФАтФАтФАтФАтФАтФАтФАтФАтФАтФАтФАтФАтФАтФАтФАтФАтФАтФАтФАтФАтФАтФАтФАтФАтФАтФАтФАтФАтФАтФАтФАтФАтФАтФАтФАтФАтФАтФАтФАтФАтФАтФАтФАтФАтФАтФАтФАтФАтФАтФАтФАтФАтФАтФАтФАтФАтФАтФАтФАтФАтФАтФАтФАтФАтФАтФАтФАтФАтФАтФАтФАтФАтФАтФАтФАтФАтФАтФАтФАтФАтФАтФАтФА
тФМтФАтФАтФАтФАтФАтФАтФАтФАтФАтФАтФАтФАтФАтФАтФАтФАтФАтФАтФАтФАтФАтФАтФАтФАтФАтФАтФАтФАтФАтФАтФАтФАтФАтФАтФАтФАтФАтФАтФАтФАтФАтФАтФАтФАтФАтФАтФАтФАтФАтФАтФАтФАтФАтФАтФАтФАтФАтФАтФАтФАтФАтФАтФАтФАтФАтФАтФАтФАтФАтФАтФАтФАтФАтФАтФАтФАтФАтФАтФАтФАтФАтФАтФАтФАтФАтФАтФАтФАтФАтФАтФАтФАтФАтФАтФАтФАтФАтФАтФАтФАтФАтФАтФАтФАтФАтФАтФАтФАтФАтФАтФАтФАтФАтФАтФАтФАтФАтФАтФА
тФВ #0   TestService._completeBipolarTest (package:psycho_tests/services/test_service.dart:620:15)
тФВ #1   TestService.completeTest (package:psycho_tests/services/test_service.dart:55:16)
тФЬтФДтФДтФДтФДтФДтФДтФДтФДтФДтФДтФДтФДтФДтФДтФДтФДтФДтФДтФДтФДтФДтФДтФДтФДтФДтФДтФДтФДтФДтФДтФДтФДтФДтФДтФДтФДтФДтФДтФДтФДтФДтФДтФДтФДтФДтФДтФДтФДтФДтФДтФДтФДтФДтФДтФДтФДтФДтФДтФДтФДтФДтФДтФДтФДтФДтФДтФДтФДтФДтФДтФДтФДтФДтФДтФДтФДтФДтФДтФДтФДтФДтФДтФДтФДтФДтФДтФДтФДтФДтФДтФДтФДтФДтФДтФДтФДтФДтФДтФДтФДтФДтФДтФДтФДтФДтФДтФДтФДтФДтФДтФДтФДтФДтФДтФДтФДтФДтФДтФД
тФВ ЁЯРЫ Created 16 types test result with typeScales
тФФтФАтФАтФАтФАтФАтФАтФАтФАтФАтФАтФАтФАтФАтФАтФАтФАтФАтФАтФАтФАтФАтФАтФАтФАтФАтФАтФАтФАтФАтФАтФАтФАтФАтФАтФАтФАтФАтФАтФАтФАтФАтФАтФАтФАтФАтФАтФАтФАтФАтФАтФАтФАтФАтФАтФАтФАтФАтФАтФАтФАтФАтФАтФАтФАтФАтФАтФАтФАтФАтФАтФАтФАтФАтФАтФАтФАтФАтФАтФАтФАтФАтФАтФАтФАтФАтФАтФАтФАтФАтФАтФАтФАтФАтФАтФАтФАтФАтФАтФАтФАтФАтФАтФАтФАтФАтФАтФАтФАтФАтФАтФАтФАтФАтФАтФАтФАтФАтФАтФА
тФМтФАтФАтФАтФАтФАтФАтФАтФАтФАтФАтФАтФАтФАтФАтФАтФАтФАтФАтФАтФАтФАтФАтФАтФАтФАтФАтФАтФАтФАтФАтФАтФАтФАтФАтФАтФАтФАтФАтФАтФАтФАтФАтФАтФАтФАтФАтФАтФАтФАтФАтФАтФАтФАтФАтФАтФАтФАтФАтФАтФАтФАтФАтФАтФАтФАтФАтФАтФАтФАтФАтФАтФАтФАтФАтФАтФАтФАтФАтФАтФАтФАтФАтФАтФАтФАтФАтФАтФАтФАтФАтФАтФАтФАтФАтФАтФАтФАтФАтФАтФАтФАтФАтФАтФАтФАтФАтФАтФАтФАтФАтФАтФАтФАтФАтФАтФАтФАтФАтФА
тФВ #0   TestService._completeBipolarTest (package:psycho_tests/services/test_service.dart:621:15)
тФВ #1   TestService.completeTest (package:psycho_tests/services/test_service.dart:55:16)
тФЬтФДтФДтФДтФДтФДтФДтФДтФДтФДтФДтФДтФДтФДтФДтФДтФДтФДтФДтФДтФДтФДтФДтФДтФДтФДтФДтФДтФДтФДтФДтФДтФДтФДтФДтФДтФДтФДтФДтФДтФДтФДтФДтФДтФДтФДтФДтФДтФДтФДтФДтФДтФДтФДтФДтФДтФДтФДтФДтФДтФДтФДтФДтФДтФДтФДтФДтФДтФДтФДтФДтФДтФДтФДтФДтФДтФДтФДтФДтФДтФДтФДтФДтФДтФДтФДтФДтФДтФДтФДтФДтФДтФДтФДтФДтФДтФДтФДтФДтФДтФДтФДтФДтФДтФДтФДтФДтФДтФДтФДтФДтФДтФДтФДтФДтФДтФДтФДтФДтФД
тФВ ЁЯРЫ result.userAnswers contains 80 answers
тФФтФАтФАтФАтФАтФАтФАтФАтФАтФАтФАтФАтФАтФАтФАтФАтФАтФАтФАтФАтФАтФАтФАтФАтФАтФАтФАтФАтФАтФАтФАтФАтФАтФАтФАтФАтФАтФАтФАтФАтФАтФАтФАтФАтФАтФАтФАтФАтФАтФАтФАтФАтФАтФАтФАтФАтФАтФАтФАтФАтФАтФАтФАтФАтФАтФАтФАтФАтФАтФАтФАтФАтФАтФАтФАтФАтФАтФАтФАтФАтФАтФАтФАтФАтФАтФАтФАтФАтФАтФАтФАтФАтФАтФАтФАтФАтФАтФАтФАтФАтФАтФАтФАтФАтФАтФАтФАтФАтФАтФАтФАтФАтФАтФАтФАтФАтФАтФАтФАтФА
тФМтФАтФАтФАтФАтФАтФАтФАтФАтФАтФАтФАтФАтФАтФАтФАтФАтФАтФАтФАтФАтФАтФАтФАтФАтФАтФАтФАтФАтФАтФАтФАтФАтФАтФАтФАтФАтФАтФАтФАтФАтФАтФАтФАтФАтФАтФАтФАтФАтФАтФАтФАтФАтФАтФАтФАтФАтФАтФАтФАтФАтФАтФАтФАтФАтФАтФАтФАтФАтФАтФАтФАтФАтФАтФАтФАтФАтФАтФАтФАтФАтФАтФАтФАтФАтФАтФАтФАтФАтФАтФАтФАтФАтФАтФАтФАтФАтФАтФАтФАтФАтФАтФАтФАтФАтФАтФАтФАтФАтФАтФАтФАтФАтФАтФАтФАтФАтФАтФАтФА
тФВ #0   TestService._completeBipolarTest (package:psycho_tests/services/test_service.dart:622:15)
тФВ #1   TestService.completeTest (package:psycho_tests/services/test_service.dart:55:16)
тФЬтФДтФДтФДтФДтФДтФДтФДтФДтФДтФДтФДтФДтФДтФДтФДтФДтФДтФДтФДтФДтФДтФДтФДтФДтФДтФДтФДтФДтФДтФДтФДтФДтФДтФДтФДтФДтФДтФДтФДтФДтФДтФДтФДтФДтФДтФДтФДтФДтФДтФДтФДтФДтФДтФДтФДтФДтФДтФДтФДтФДтФДтФДтФДтФДтФДтФДтФДтФДтФДтФДтФДтФДтФДтФДтФДтФДтФДтФДтФДтФДтФДтФДтФДтФДтФДтФДтФДтФДтФДтФДтФДтФДтФДтФДтФДтФДтФДтФДтФДтФДтФДтФДтФДтФДтФДтФДтФДтФДтФДтФДтФДтФДтФДтФДтФДтФДтФДтФДтФД
тФВ ЁЯРЫ result.typeScales contains 8 scales
тФФтФАтФАтФАтФАтФАтФАтФАтФАтФАтФАтФАтФАтФАтФАтФАтФАтФАтФАтФАтФАтФАтФАтФАтФАтФАтФАтФАтФАтФАтФАтФАтФАтФАтФАтФАтФАтФАтФАтФАтФАтФАтФАтФАтФАтФАтФАтФАтФАтФАтФАтФАтФАтФАтФАтФАтФАтФАтФАтФАтФАтФАтФАтФАтФАтФАтФАтФАтФАтФАтФАтФАтФАтФАтФАтФАтФАтФАтФАтФАтФАтФАтФАтФАтФАтФАтФАтФАтФАтФАтФАтФАтФАтФАтФАтФАтФАтФАтФАтФАтФАтФАтФАтФАтФАтФАтФАтФАтФАтФАтФАтФАтФАтФАтФАтФАтФАтФАтФАтФА
00:01 +19 -15: D:/Work/psycho_app/0.0.1.x_dev/test/services/test_service_test.dart: completeTest() - Bipolar Tests (16 Types) calculates confidence interval for bipolar scores
тФМтФАтФАтФАтФАтФАтФАтФАтФАтФАтФАтФАтФАтФАтФАтФАтФАтФАтФАтФАтФАтФАтФАтФАтФАтФАтФАтФАтФАтФАтФАтФАтФАтФАтФАтФАтФАтФАтФАтФАтФАтФАтФАтФАтФАтФАтФАтФАтФАтФАтФАтФАтФАтФАтФАтФАтФАтФАтФАтФАтФАтФАтФАтФАтФАтФАтФАтФАтФАтФАтФАтФАтФАтФАтФАтФАтФАтФАтФАтФАтФАтФАтФАтФАтФАтФАтФАтФАтФАтФАтФАтФАтФАтФАтФАтФАтФАтФАтФАтФАтФАтФАтФАтФАтФАтФАтФАтФАтФАтФАтФАтФАтФАтФАтФАтФАтФАтФАтФАтФА
тФВ #0   TestService.completeTest (package:psycho_tests/services/test_service.dart:43:15)
тФВ #1   main.<anonymous closure>.<anonymous closure> (file:///D:/Work/psycho_app/0.0.1.x_dev/test/services/test_service_test.dart:311:40)
тФЬтФДтФДтФДтФДтФДтФДтФДтФДтФДтФДтФДтФДтФДтФДтФДтФДтФДтФДтФДтФДтФДтФДтФДтФДтФДтФДтФДтФДтФДтФДтФДтФДтФДтФДтФДтФДтФДтФДтФДтФДтФДтФДтФДтФДтФДтФДтФДтФДтФДтФДтФДтФДтФДтФДтФДтФДтФДтФДтФДтФДтФДтФДтФДтФДтФДтФДтФДтФДтФДтФДтФДтФДтФДтФДтФДтФДтФДтФДтФДтФДтФДтФДтФДтФДтФДтФДтФДтФДтФДтФДтФДтФДтФДтФДтФДтФДтФДтФДтФДтФДтФДтФДтФДтФДтФДтФДтФДтФДтФДтФДтФДтФДтФДтФДтФДтФДтФДтФДтФД
тФВ ЁЯРЫ ===== completeTest() CALLED =====
тФФтФАтФАтФАтФАтФАтФАтФАтФАтФАтФАтФАтФАтФАтФАтФАтФАтФАтФАтФАтФАтФАтФАтФАтФАтФАтФАтФАтФАтФАтФАтФАтФАтФАтФАтФАтФАтФАтФАтФАтФАтФАтФАтФАтФАтФАтФАтФАтФАтФАтФАтФАтФАтФАтФАтФАтФАтФАтФАтФАтФАтФАтФАтФАтФАтФАтФАтФАтФАтФАтФАтФАтФАтФАтФАтФАтФАтФАтФАтФАтФАтФАтФАтФАтФАтФАтФАтФАтФАтФАтФАтФАтФАтФАтФАтФАтФАтФАтФАтФАтФАтФАтФАтФАтФАтФАтФАтФАтФАтФАтФАтФАтФАтФАтФАтФАтФАтФАтФАтФА
тФМтФАтФАтФАтФАтФАтФАтФАтФАтФАтФАтФАтФАтФАтФАтФАтФАтФАтФАтФАтФАтФАтФАтФАтФАтФАтФАтФАтФАтФАтФАтФАтФАтФАтФАтФАтФАтФАтФАтФАтФАтФАтФАтФАтФАтФАтФАтФАтФАтФАтФАтФАтФАтФАтФАтФАтФАтФАтФАтФАтФАтФАтФАтФАтФАтФАтФАтФАтФАтФАтФАтФАтФАтФАтФАтФАтФАтФАтФАтФАтФАтФАтФАтФАтФАтФАтФАтФАтФАтФАтФАтФАтФАтФАтФАтФАтФАтФАтФАтФАтФАтФАтФАтФАтФАтФАтФАтФАтФАтФАтФАтФАтФАтФАтФАтФАтФАтФАтФАтФА
тФВ #0   TestService.completeTest (package:psycho_tests/services/test_service.dart:44:15)
тФВ #1   main.<anonymous closure>.<anonymous closure> (file:///D:/Work/psycho_app/0.0.1.x_dev/test/services/test_service_test.dart:311:40)
тФЬтФДтФДтФДтФДтФДтФДтФДтФДтФДтФДтФДтФДтФДтФДтФДтФДтФДтФДтФДтФДтФДтФДтФДтФДтФДтФДтФДтФДтФДтФДтФДтФДтФДтФДтФДтФДтФДтФДтФДтФДтФДтФДтФДтФДтФДтФДтФДтФДтФДтФДтФДтФДтФДтФДтФДтФДтФДтФДтФДтФДтФДтФДтФДтФДтФДтФДтФДтФДтФДтФДтФДтФДтФДтФДтФДтФДтФДтФДтФДтФДтФДтФДтФДтФДтФДтФДтФДтФДтФДтФДтФДтФДтФДтФДтФДтФДтФДтФДтФДтФДтФДтФДтФДтФДтФДтФДтФДтФДтФДтФДтФДтФДтФДтФДтФДтФДтФДтФДтФД
тФВ ЁЯРЫ testId: sixteen_types
тФФтФАтФАтФАтФАтФАтФАтФАтФАтФАтФАтФАтФАтФАтФАтФАтФАтФАтФАтФАтФАтФАтФАтФАтФАтФАтФАтФАтФАтФАтФАтФАтФАтФАтФАтФАтФАтФАтФАтФАтФАтФАтФАтФАтФАтФАтФАтФАтФАтФАтФАтФАтФАтФАтФАтФАтФАтФАтФАтФАтФАтФАтФАтФАтФАтФАтФАтФАтФАтФАтФАтФАтФАтФАтФАтФАтФАтФАтФАтФАтФАтФАтФАтФАтФАтФАтФАтФАтФАтФАтФАтФАтФАтФАтФАтФАтФАтФАтФАтФАтФАтФАтФАтФАтФАтФАтФАтФАтФАтФАтФАтФАтФАтФАтФАтФАтФАтФАтФАтФА
тФМтФАтФАтФАтФАтФАтФАтФАтФАтФАтФАтФАтФАтФАтФАтФАтФАтФАтФАтФАтФАтФАтФАтФАтФАтФАтФАтФАтФАтФАтФАтФАтФАтФАтФАтФАтФАтФАтФАтФАтФАтФАтФАтФАтФАтФАтФАтФАтФАтФАтФАтФАтФАтФАтФАтФАтФАтФАтФАтФАтФАтФАтФАтФАтФАтФАтФАтФАтФАтФАтФАтФАтФАтФАтФАтФАтФАтФАтФАтФАтФАтФАтФАтФАтФАтФАтФАтФАтФАтФАтФАтФАтФАтФАтФАтФАтФАтФАтФАтФАтФАтФАтФАтФАтФАтФАтФАтФАтФАтФАтФАтФАтФАтФАтФАтФАтФАтФАтФАтФА
тФВ #0   TestService.completeTest (package:psycho_tests/services/test_service.dart:45:15)
тФВ #1   main.<anonymous closure>.<anonymous closure> (file:///D:/Work/psycho_app/0.0.1.x_dev/test/services/test_service_test.dart:311:40)
тФЬтФДтФДтФДтФДтФДтФДтФДтФДтФДтФДтФДтФДтФДтФДтФДтФДтФДтФДтФДтФДтФДтФДтФДтФДтФДтФДтФДтФДтФДтФДтФДтФДтФДтФДтФДтФДтФДтФДтФДтФДтФДтФДтФДтФДтФДтФДтФДтФДтФДтФДтФДтФДтФДтФДтФДтФДтФДтФДтФДтФДтФДтФДтФДтФДтФДтФДтФДтФДтФДтФДтФДтФДтФДтФДтФДтФДтФДтФДтФДтФДтФДтФДтФДтФДтФДтФДтФДтФДтФДтФДтФДтФДтФДтФДтФДтФДтФДтФДтФДтФДтФДтФДтФДтФДтФДтФДтФДтФДтФДтФДтФДтФДтФДтФДтФДтФДтФДтФДтФД
тФВ ЁЯРЫ type: TestType.multiFactor
тФФтФАтФАтФАтФАтФАтФАтФАтФАтФАтФАтФАтФАтФАтФАтФАтФАтФАтФАтФАтФАтФАтФАтФАтФАтФАтФАтФАтФАтФАтФАтФАтФАтФАтФАтФАтФАтФАтФАтФАтФАтФАтФАтФАтФАтФАтФАтФАтФАтФАтФАтФАтФАтФАтФАтФАтФАтФАтФАтФАтФАтФАтФАтФАтФАтФАтФАтФАтФАтФАтФАтФАтФАтФАтФАтФАтФАтФАтФАтФАтФАтФАтФАтФАтФАтФАтФАтФАтФАтФАтФАтФАтФАтФАтФАтФАтФАтФАтФАтФАтФАтФАтФАтФАтФАтФАтФАтФАтФАтФАтФАтФАтФАтФАтФАтФАтФАтФАтФАтФА
тФМтФАтФАтФАтФАтФАтФАтФАтФАтФАтФАтФАтФАтФАтФАтФАтФАтФАтФАтФАтФАтФАтФАтФАтФАтФАтФАтФАтФАтФАтФАтФАтФАтФАтФАтФАтФАтФАтФАтФАтФАтФАтФАтФАтФАтФАтФАтФАтФАтФАтФАтФАтФАтФАтФАтФАтФАтФАтФАтФАтФАтФАтФАтФАтФАтФАтФАтФАтФАтФАтФАтФАтФАтФАтФАтФАтФАтФАтФАтФАтФАтФАтФАтФАтФАтФАтФАтФАтФАтФАтФАтФАтФАтФАтФАтФАтФАтФАтФАтФАтФАтФАтФАтФАтФАтФАтФАтФАтФАтФАтФАтФАтФАтФАтФАтФАтФАтФАтФАтФА
тФВ #0   TestService.completeTest (package:psycho_tests/services/test_service.dart:46:15)
тФВ #1   main.<anonymous closure>.<anonymous closure> (file:///D:/Work/psycho_app/0.0.1.x_dev/test/services/test_service_test.dart:311:40)
тФЬтФДтФДтФДтФДтФДтФДтФДтФДтФДтФДтФДтФДтФДтФДтФДтФДтФДтФДтФДтФДтФДтФДтФДтФДтФДтФДтФДтФДтФДтФДтФДтФДтФДтФДтФДтФДтФДтФДтФДтФДтФДтФДтФДтФДтФДтФДтФДтФДтФДтФДтФДтФДтФДтФДтФДтФДтФДтФДтФДтФДтФДтФДтФДтФДтФДтФДтФДтФДтФДтФДтФДтФДтФДтФДтФДтФДтФДтФДтФДтФДтФДтФДтФДтФДтФДтФДтФДтФДтФДтФДтФДтФДтФДтФДтФДтФДтФДтФДтФДтФДтФДтФДтФДтФДтФДтФДтФДтФДтФДтФДтФДтФДтФДтФДтФДтФДтФДтФДтФД
тФВ ЁЯРЫ isBipolar: true
тФФтФАтФАтФАтФАтФАтФАтФАтФАтФАтФАтФАтФАтФАтФАтФАтФАтФАтФАтФАтФАтФАтФАтФАтФАтФАтФАтФАтФАтФАтФАтФАтФАтФАтФАтФАтФАтФАтФАтФАтФАтФАтФАтФАтФАтФАтФАтФАтФАтФАтФАтФАтФАтФАтФАтФАтФАтФАтФАтФАтФАтФАтФАтФАтФАтФАтФАтФАтФАтФАтФАтФАтФАтФАтФАтФАтФАтФАтФАтФАтФАтФАтФАтФАтФАтФАтФАтФАтФАтФАтФАтФАтФАтФАтФАтФАтФАтФАтФАтФАтФАтФАтФАтФАтФАтФАтФАтФАтФАтФАтФАтФАтФАтФАтФАтФАтФАтФАтФАтФА
тФМтФАтФАтФАтФАтФАтФАтФАтФАтФАтФАтФАтФАтФАтФАтФАтФАтФАтФАтФАтФАтФАтФАтФАтФАтФАтФАтФАтФАтФАтФАтФАтФАтФАтФАтФАтФАтФАтФАтФАтФАтФАтФАтФАтФАтФАтФАтФАтФАтФАтФАтФАтФАтФАтФАтФАтФАтФАтФАтФАтФАтФАтФАтФАтФАтФАтФАтФАтФАтФАтФАтФАтФАтФАтФАтФАтФАтФАтФАтФАтФАтФАтФАтФАтФАтФАтФАтФАтФАтФАтФАтФАтФАтФАтФАтФАтФАтФАтФАтФАтФАтФАтФАтФАтФАтФАтФАтФАтФАтФАтФАтФАтФАтФАтФАтФАтФАтФАтФАтФА
тФВ #0   TestService.completeTest (package:psycho_tests/services/test_service.dart:47:15)
тФВ #1   main.<anonymous closure>.<anonymous closure> (file:///D:/Work/psycho_app/0.0.1.x_dev/test/services/test_service_test.dart:311:40)
тФЬтФДтФДтФДтФДтФДтФДтФДтФДтФДтФДтФДтФДтФДтФДтФДтФДтФДтФДтФДтФДтФДтФДтФДтФДтФДтФДтФДтФДтФДтФДтФДтФДтФДтФДтФДтФДтФДтФДтФДтФДтФДтФДтФДтФДтФДтФДтФДтФДтФДтФДтФДтФДтФДтФДтФДтФДтФДтФДтФДтФДтФДтФДтФДтФДтФДтФДтФДтФДтФДтФДтФДтФДтФДтФДтФДтФДтФДтФДтФДтФДтФДтФДтФДтФДтФДтФДтФДтФДтФДтФДтФДтФДтФДтФДтФДтФДтФДтФДтФДтФДтФДтФДтФДтФДтФДтФДтФДтФДтФДтФДтФДтФДтФДтФДтФДтФДтФДтФДтФД
тФВ ЁЯРЫ bipolarDimensions: [mbti_ei, mbti_sn, mbti_tf, mbti_jp]
тФФтФАтФАтФАтФАтФАтФАтФАтФАтФАтФАтФАтФАтФАтФАтФАтФАтФАтФАтФАтФАтФАтФАтФАтФАтФАтФАтФАтФАтФАтФАтФАтФАтФАтФАтФАтФАтФАтФАтФАтФАтФАтФАтФАтФАтФАтФАтФАтФАтФАтФАтФАтФАтФАтФАтФАтФАтФАтФАтФАтФАтФАтФАтФАтФАтФАтФАтФАтФАтФАтФАтФАтФАтФАтФАтФАтФАтФАтФАтФАтФАтФАтФАтФАтФАтФАтФАтФАтФАтФАтФАтФАтФАтФАтФАтФАтФАтФАтФАтФАтФАтФАтФАтФАтФАтФАтФАтФАтФАтФАтФАтФАтФАтФАтФАтФАтФАтФАтФАтФА
тФМтФАтФАтФАтФАтФАтФАтФАтФАтФАтФАтФАтФАтФАтФАтФАтФАтФАтФАтФАтФАтФАтФАтФАтФАтФАтФАтФАтФАтФАтФАтФАтФАтФАтФАтФАтФАтФАтФАтФАтФАтФАтФАтФАтФАтФАтФАтФАтФАтФАтФАтФАтФАтФАтФАтФАтФАтФАтФАтФАтФАтФАтФАтФАтФАтФАтФАтФАтФАтФАтФАтФАтФАтФАтФАтФАтФАтФАтФАтФАтФАтФАтФАтФАтФАтФАтФАтФАтФАтФАтФАтФАтФАтФАтФАтФАтФАтФАтФАтФАтФАтФАтФАтФАтФАтФАтФАтФАтФАтФАтФАтФАтФАтФАтФАтФАтФАтФАтФАтФА
тФВ #0   TestService.completeTest (package:psycho_tests/services/test_service.dart:51:17)
тФВ #1   main.<anonymous closure>.<anonymous closure> (file:///D:/Work/psycho_app/0.0.1.x_dev/test/services/test_service_test.dart:311:40)
тФЬтФДтФДтФДтФДтФДтФДтФДтФДтФДтФДтФДтФДтФДтФДтФДтФДтФДтФДтФДтФДтФДтФДтФДтФДтФДтФДтФДтФДтФДтФДтФДтФДтФДтФДтФДтФДтФДтФДтФДтФДтФДтФДтФДтФДтФДтФДтФДтФДтФДтФДтФДтФДтФДтФДтФДтФДтФДтФДтФДтФДтФДтФДтФДтФДтФДтФДтФДтФДтФДтФДтФДтФДтФДтФДтФДтФДтФДтФДтФДтФДтФДтФДтФДтФДтФДтФДтФДтФДтФДтФДтФДтФДтФДтФДтФДтФДтФДтФДтФДтФДтФДтФДтФДтФДтФДтФДтФДтФДтФДтФДтФДтФДтФДтФДтФДтФДтФДтФДтФД
тФВ ЁЯРЫ Multi-factor test detected
тФФтФАтФАтФАтФАтФАтФАтФАтФАтФАтФАтФАтФАтФАтФАтФАтФАтФАтФАтФАтФАтФАтФАтФАтФАтФАтФАтФАтФАтФАтФАтФАтФАтФАтФАтФАтФАтФАтФАтФАтФАтФАтФАтФАтФАтФАтФАтФАтФАтФАтФАтФАтФАтФАтФАтФАтФАтФАтФАтФАтФАтФАтФАтФАтФАтФАтФАтФАтФАтФАтФАтФАтФАтФАтФАтФАтФАтФАтФАтФАтФАтФАтФАтФАтФАтФАтФАтФАтФАтФАтФАтФАтФАтФАтФАтФАтФАтФАтФАтФАтФАтФАтФАтФАтФАтФАтФАтФАтФАтФАтФАтФАтФАтФАтФАтФАтФАтФАтФАтФА
тФМтФАтФАтФАтФАтФАтФАтФАтФАтФАтФАтФАтФАтФАтФАтФАтФАтФАтФАтФАтФАтФАтФАтФАтФАтФАтФАтФАтФАтФАтФАтФАтФАтФАтФАтФАтФАтФАтФАтФАтФАтФАтФАтФАтФАтФАтФАтФАтФАтФАтФАтФАтФАтФАтФАтФАтФАтФАтФАтФАтФАтФАтФАтФАтФАтФАтФАтФАтФАтФАтФАтФАтФАтФАтФАтФАтФАтФАтФАтФАтФАтФАтФАтФАтФАтФАтФАтФАтФАтФАтФАтФАтФАтФАтФАтФАтФАтФАтФАтФАтФАтФАтФАтФАтФАтФАтФАтФАтФАтФАтФАтФАтФАтФАтФАтФАтФАтФАтФАтФА
тФВ #0   TestService.completeTest (package:psycho_tests/services/test_service.dart:54:19)
тФВ #1   main.<anonymous closure>.<anonymous closure> (file:///D:/Work/psycho_app/0.0.1.x_dev/test/services/test_service_test.dart:311:40)
тФЬтФДтФДтФДтФДтФДтФДтФДтФДтФДтФДтФДтФДтФДтФДтФДтФДтФДтФДтФДтФДтФДтФДтФДтФДтФДтФДтФДтФДтФДтФДтФДтФДтФДтФДтФДтФДтФДтФДтФДтФДтФДтФДтФДтФДтФДтФДтФДтФДтФДтФДтФДтФДтФДтФДтФДтФДтФДтФДтФДтФДтФДтФДтФДтФДтФДтФДтФДтФДтФДтФДтФДтФДтФДтФДтФДтФДтФДтФДтФДтФДтФДтФДтФДтФДтФДтФДтФДтФДтФДтФДтФДтФДтФДтФДтФДтФДтФДтФДтФДтФДтФДтФДтФДтФДтФДтФДтФДтФДтФДтФДтФДтФДтФДтФДтФДтФДтФДтФДтФД
тФВ ЁЯРЫ Calling _completeBipolarTest()
тФФтФАтФАтФАтФАтФАтФАтФАтФАтФАтФАтФАтФАтФАтФАтФАтФАтФАтФАтФАтФАтФАтФАтФАтФАтФАтФАтФАтФАтФАтФАтФАтФАтФАтФАтФАтФАтФАтФАтФАтФАтФАтФАтФАтФАтФАтФАтФАтФАтФАтФАтФАтФАтФАтФАтФАтФАтФАтФАтФАтФАтФАтФАтФАтФАтФАтФАтФАтФАтФАтФАтФАтФАтФАтФАтФАтФАтФАтФАтФАтФАтФАтФАтФАтФАтФАтФАтФАтФАтФАтФАтФАтФАтФАтФАтФАтФАтФАтФАтФАтФАтФАтФАтФАтФАтФАтФАтФАтФАтФАтФАтФАтФАтФАтФАтФАтФАтФАтФАтФА
тФМтФАтФАтФАтФАтФАтФАтФАтФАтФАтФАтФАтФАтФАтФАтФАтФАтФАтФАтФАтФАтФАтФАтФАтФАтФАтФАтФАтФАтФАтФАтФАтФАтФАтФАтФАтФАтФАтФАтФАтФАтФАтФАтФАтФАтФАтФАтФАтФАтФАтФАтФАтФАтФАтФАтФАтФАтФАтФАтФАтФАтФАтФАтФАтФАтФАтФАтФАтФАтФАтФАтФАтФАтФАтФАтФАтФАтФАтФАтФАтФАтФАтФАтФАтФАтФАтФАтФАтФАтФАтФАтФАтФАтФАтФАтФАтФАтФАтФАтФАтФАтФАтФАтФАтФАтФАтФАтФАтФАтФАтФАтФАтФАтФАтФАтФАтФАтФАтФАтФА
тФВ #0   TestService._completeBipolarTest (package:psycho_tests/services/test_service.dart:366:15)
тФВ #1   TestService.completeTest (package:psycho_tests/services/test_service.dart:55:16)
тФЬтФДтФДтФДтФДтФДтФДтФДтФДтФДтФДтФДтФДтФДтФДтФДтФДтФДтФДтФДтФДтФДтФДтФДтФДтФДтФДтФДтФДтФДтФДтФДтФДтФДтФДтФДтФДтФДтФДтФДтФДтФДтФДтФДтФДтФДтФДтФДтФДтФДтФДтФДтФДтФДтФДтФДтФДтФДтФДтФДтФДтФДтФДтФДтФДтФДтФДтФДтФДтФДтФДтФДтФДтФДтФДтФДтФДтФДтФДтФДтФДтФДтФДтФДтФДтФДтФДтФДтФДтФДтФДтФДтФДтФДтФДтФДтФДтФДтФДтФДтФДтФДтФДтФДтФДтФДтФДтФДтФДтФДтФДтФДтФДтФДтФДтФДтФДтФДтФДтФД
тФВ ЁЯРЫ ===== START _completeBipolarTest() (UNIPOLAR V2 ALGORITHM) =====
тФФтФАтФАтФАтФАтФАтФАтФАтФАтФАтФАтФАтФАтФАтФАтФАтФАтФАтФАтФАтФАтФАтФАтФАтФАтФАтФАтФАтФАтФАтФАтФАтФАтФАтФАтФАтФАтФАтФАтФАтФАтФАтФАтФАтФАтФАтФАтФАтФАтФАтФАтФАтФАтФАтФАтФАтФАтФАтФАтФАтФАтФАтФАтФАтФАтФАтФАтФАтФАтФАтФАтФАтФАтФАтФАтФАтФАтФАтФАтФАтФАтФАтФАтФАтФАтФАтФАтФАтФАтФАтФАтФАтФАтФАтФАтФАтФАтФАтФАтФАтФАтФАтФАтФАтФАтФАтФАтФАтФАтФАтФАтФАтФАтФАтФАтФАтФАтФАтФАтФА
тФМтФАтФАтФАтФАтФАтФАтФАтФАтФАтФАтФАтФАтФАтФАтФАтФАтФАтФАтФАтФАтФАтФАтФАтФАтФАтФАтФАтФАтФАтФАтФАтФАтФАтФАтФАтФАтФАтФАтФАтФАтФАтФАтФАтФАтФАтФАтФАтФАтФАтФАтФАтФАтФАтФАтФАтФАтФАтФАтФАтФАтФАтФАтФАтФАтФАтФАтФАтФАтФАтФАтФАтФАтФАтФАтФАтФАтФАтФАтФАтФАтФАтФАтФАтФАтФАтФАтФАтФАтФАтФАтФАтФАтФАтФАтФАтФАтФАтФАтФАтФАтФАтФАтФАтФАтФАтФАтФАтФАтФАтФАтФАтФАтФАтФАтФАтФАтФАтФАтФА
тФВ #0   TestService._completeBipolarTest (package:psycho_tests/services/test_service.dart:367:15)
тФВ #1   TestService.completeTest (package:psycho_tests/services/test_service.dart:55:16)
тФЬтФДтФДтФДтФДтФДтФДтФДтФДтФДтФДтФДтФДтФДтФДтФДтФДтФДтФДтФДтФДтФДтФДтФДтФДтФДтФДтФДтФДтФДтФДтФДтФДтФДтФДтФДтФДтФДтФДтФДтФДтФДтФДтФДтФДтФДтФДтФДтФДтФДтФДтФДтФДтФДтФДтФДтФДтФДтФДтФДтФДтФДтФДтФДтФДтФДтФДтФДтФДтФДтФДтФДтФДтФДтФДтФДтФДтФДтФДтФДтФДтФДтФДтФДтФДтФДтФДтФДтФДтФДтФДтФДтФДтФДтФДтФДтФДтФДтФДтФДтФДтФДтФДтФДтФДтФДтФДтФДтФДтФДтФДтФДтФДтФДтФДтФДтФДтФДтФДтФД
тФВ ЁЯРЫ Total questions in test: 80
тФФтФАтФАтФАтФАтФАтФАтФАтФАтФАтФАтФАтФАтФАтФАтФАтФАтФАтФАтФАтФАтФАтФАтФАтФАтФАтФАтФАтФАтФАтФАтФАтФАтФАтФАтФАтФАтФАтФАтФАтФАтФАтФАтФАтФАтФАтФАтФАтФАтФАтФАтФАтФАтФАтФАтФАтФАтФАтФАтФАтФАтФАтФАтФАтФАтФАтФАтФАтФАтФАтФАтФАтФАтФАтФАтФАтФАтФАтФАтФАтФАтФАтФАтФАтФАтФАтФАтФАтФАтФАтФАтФАтФАтФАтФАтФАтФАтФАтФАтФАтФАтФАтФАтФАтФАтФАтФАтФАтФАтФАтФАтФАтФАтФАтФАтФАтФАтФАтФАтФА
тФМтФАтФАтФАтФАтФАтФАтФАтФАтФАтФАтФАтФАтФАтФАтФАтФАтФАтФАтФАтФАтФАтФАтФАтФАтФАтФАтФАтФАтФАтФАтФАтФАтФАтФАтФАтФАтФАтФАтФАтФАтФАтФАтФАтФАтФАтФАтФАтФАтФАтФАтФАтФАтФАтФАтФАтФАтФАтФАтФАтФАтФАтФАтФАтФАтФАтФАтФАтФАтФАтФАтФАтФАтФАтФАтФАтФАтФАтФАтФАтФАтФАтФАтФАтФАтФАтФАтФАтФАтФАтФАтФАтФАтФАтФАтФАтФАтФАтФАтФАтФАтФАтФАтФАтФАтФАтФАтФАтФАтФАтФАтФАтФАтФАтФАтФАтФАтФАтФАтФА
тФВ #0   TestService._completeBipolarTest (package:psycho_tests/services/test_service.dart:368:15)
тФВ #1   TestService.completeTest (package:psycho_tests/services/test_service.dart:55:16)
тФЬтФДтФДтФДтФДтФДтФДтФДтФДтФДтФДтФДтФДтФДтФДтФДтФДтФДтФДтФДтФДтФДтФДтФДтФДтФДтФДтФДтФДтФДтФДтФДтФДтФДтФДтФДтФДтФДтФДтФДтФДтФДтФДтФДтФДтФДтФДтФДтФДтФДтФДтФДтФДтФДтФДтФДтФДтФДтФДтФДтФДтФДтФДтФДтФДтФДтФДтФДтФДтФДтФДтФДтФДтФДтФДтФДтФДтФДтФДтФДтФДтФДтФДтФДтФДтФДтФДтФДтФДтФДтФДтФДтФДтФДтФДтФДтФДтФДтФДтФДтФДтФДтФДтФДтФДтФДтФДтФДтФДтФДтФДтФДтФДтФДтФДтФДтФДтФДтФДтФД
тФВ ЁЯРЫ Total answers: 80
тФФтФАтФАтФАтФАтФАтФАтФАтФАтФАтФАтФАтФАтФАтФАтФАтФАтФАтФАтФАтФАтФАтФАтФАтФАтФАтФАтФАтФАтФАтФАтФАтФАтФАтФАтФАтФАтФАтФАтФАтФАтФАтФАтФАтФАтФАтФАтФАтФАтФАтФАтФАтФАтФАтФАтФАтФАтФАтФАтФАтФАтФАтФАтФАтФАтФАтФАтФАтФАтФАтФАтФАтФАтФАтФАтФАтФАтФАтФАтФАтФАтФАтФАтФАтФАтФАтФАтФАтФАтФАтФАтФАтФАтФАтФАтФАтФАтФАтФАтФАтФАтФАтФАтФАтФАтФАтФАтФАтФАтФАтФАтФАтФАтФАтФАтФАтФАтФАтФАтФА
тФМтФАтФАтФАтФАтФАтФАтФАтФАтФАтФАтФАтФАтФАтФАтФАтФАтФАтФАтФАтФАтФАтФАтФАтФАтФАтФАтФАтФАтФАтФАтФАтФАтФАтФАтФАтФАтФАтФАтФАтФАтФАтФАтФАтФАтФАтФАтФАтФАтФАтФАтФАтФАтФАтФАтФАтФАтФАтФАтФАтФАтФАтФАтФАтФАтФАтФАтФАтФАтФАтФАтФАтФАтФАтФАтФАтФАтФАтФАтФАтФАтФАтФАтФАтФАтФАтФАтФАтФАтФАтФАтФАтФАтФАтФАтФАтФАтФАтФАтФАтФАтФАтФАтФАтФАтФАтФАтФАтФАтФАтФАтФАтФАтФАтФАтФАтФАтФАтФАтФА
тФВ #0   TestService._completeBipolarTest (package:psycho_tests/services/test_service.dart:400:15)
тФВ #1   TestService.completeTest (package:psycho_tests/services/test_service.dart:55:16)
тФЬтФДтФДтФДтФДтФДтФДтФДтФДтФДтФДтФДтФДтФДтФДтФДтФДтФДтФДтФДтФДтФДтФДтФДтФДтФДтФДтФДтФДтФДтФДтФДтФДтФДтФДтФДтФДтФДтФДтФДтФДтФДтФДтФДтФДтФДтФДтФДтФДтФДтФДтФДтФДтФДтФДтФДтФДтФДтФДтФДтФДтФДтФДтФДтФДтФДтФДтФДтФДтФДтФДтФДтФДтФДтФДтФДтФДтФДтФДтФДтФДтФДтФДтФДтФДтФДтФДтФДтФДтФДтФДтФДтФДтФДтФДтФДтФДтФДтФДтФДтФДтФДтФДтФДтФДтФДтФДтФДтФДтФДтФДтФДтФДтФДтФДтФДтФДтФДтФДтФД
тФВ ЁЯРЫ Starting question loop with targetScale method...
тФФтФАтФАтФАтФАтФАтФАтФАтФАтФАтФАтФАтФАтФАтФАтФАтФАтФАтФАтФАтФАтФАтФАтФАтФАтФАтФАтФАтФАтФАтФАтФАтФАтФАтФАтФАтФАтФАтФАтФАтФАтФАтФАтФАтФАтФАтФАтФАтФАтФАтФАтФАтФАтФАтФАтФАтФАтФАтФАтФАтФАтФАтФАтФАтФАтФАтФАтФАтФАтФАтФАтФАтФАтФАтФАтФАтФАтФАтФАтФАтФАтФАтФАтФАтФАтФАтФАтФАтФАтФАтФАтФАтФАтФАтФАтФАтФАтФАтФАтФАтФАтФАтФАтФАтФАтФАтФАтФАтФАтФАтФАтФАтФАтФАтФАтФАтФАтФАтФАтФА
тФМтФАтФАтФАтФАтФАтФАтФАтФАтФАтФАтФАтФАтФАтФАтФАтФАтФАтФАтФАтФАтФАтФАтФАтФАтФАтФАтФАтФАтФАтФАтФАтФАтФАтФАтФАтФАтФАтФАтФАтФАтФАтФАтФАтФАтФАтФАтФАтФАтФАтФАтФАтФАтФАтФАтФАтФАтФАтФАтФАтФАтФАтФАтФАтФАтФАтФАтФАтФАтФАтФАтФАтФАтФАтФАтФАтФАтФАтФАтФАтФАтФАтФАтФАтФАтФАтФАтФАтФАтФАтФАтФАтФАтФАтФАтФАтФАтФАтФАтФАтФАтФАтФАтФАтФАтФАтФАтФАтФАтФАтФАтФАтФАтФАтФАтФАтФАтФАтФАтФА
тФВ #0   TestService._completeBipolarTest (package:psycho_tests/services/test_service.dart:425:23)
тФВ #1   TestService.completeTest (package:psycho_tests/services/test_service.dart:55:16)
тФЬтФДтФДтФДтФДтФДтФДтФДтФДтФДтФДтФДтФДтФДтФДтФДтФДтФДтФДтФДтФДтФДтФДтФДтФДтФДтФДтФДтФДтФДтФДтФДтФДтФДтФДтФДтФДтФДтФДтФДтФДтФДтФДтФДтФДтФДтФДтФДтФДтФДтФДтФДтФДтФДтФДтФДтФДтФДтФДтФДтФДтФДтФДтФДтФДтФДтФДтФДтФДтФДтФДтФДтФДтФДтФДтФДтФДтФДтФДтФДтФДтФДтФДтФДтФДтФДтФДтФДтФДтФДтФДтФДтФДтФДтФДтФДтФДтФДтФДтФДтФДтФДтФДтФДтФДтФДтФДтФДтФДтФДтФДтФДтФДтФДтФДтФДтФДтФДтФДтФД
тФВ ЁЯРЫ Qq1: targetScale=extraversion, score=3
тФФтФАтФАтФАтФАтФАтФАтФАтФАтФАтФАтФАтФАтФАтФАтФАтФАтФАтФАтФАтФАтФАтФАтФАтФАтФАтФАтФАтФАтФАтФАтФАтФАтФАтФАтФАтФАтФАтФАтФАтФАтФАтФАтФАтФАтФАтФАтФАтФАтФАтФАтФАтФАтФАтФАтФАтФАтФАтФАтФАтФАтФАтФАтФАтФАтФАтФАтФАтФАтФАтФАтФАтФАтФАтФАтФАтФАтФАтФАтФАтФАтФАтФАтФАтФАтФАтФАтФАтФАтФАтФАтФАтФАтФАтФАтФАтФАтФАтФАтФАтФАтФАтФАтФАтФАтФАтФАтФАтФАтФАтФАтФАтФАтФАтФАтФАтФАтФАтФАтФА
тФМтФАтФАтФАтФАтФАтФАтФАтФАтФАтФАтФАтФАтФАтФАтФАтФАтФАтФАтФАтФАтФАтФАтФАтФАтФАтФАтФАтФАтФАтФАтФАтФАтФАтФАтФАтФАтФАтФАтФАтФАтФАтФАтФАтФАтФАтФАтФАтФАтФАтФАтФАтФАтФАтФАтФАтФАтФАтФАтФАтФАтФАтФАтФАтФАтФАтФАтФАтФАтФАтФАтФАтФАтФАтФАтФАтФАтФАтФАтФАтФАтФАтФАтФАтФАтФАтФАтФАтФАтФАтФАтФАтФАтФАтФАтФАтФАтФАтФАтФАтФАтФАтФАтФАтФАтФАтФАтФАтФАтФАтФАтФАтФАтФАтФАтФАтФАтФАтФАтФА
тФВ #0   TestService._completeBipolarTest (package:psycho_tests/services/test_service.dart:425:23)
тФВ #1   TestService.completeTest (package:psycho_tests/services/test_service.dart:55:16)
тФЬтФДтФДтФДтФДтФДтФДтФДтФДтФДтФДтФДтФДтФДтФДтФДтФДтФДтФДтФДтФДтФДтФДтФДтФДтФДтФДтФДтФДтФДтФДтФДтФДтФДтФДтФДтФДтФДтФДтФДтФДтФДтФДтФДтФДтФДтФДтФДтФДтФДтФДтФДтФДтФДтФДтФДтФДтФДтФДтФДтФДтФДтФДтФДтФДтФДтФДтФДтФДтФДтФДтФДтФДтФДтФДтФДтФДтФДтФДтФДтФДтФДтФДтФДтФДтФДтФДтФДтФДтФДтФДтФДтФДтФДтФДтФДтФДтФДтФДтФДтФДтФДтФДтФДтФДтФДтФДтФДтФДтФДтФДтФДтФДтФДтФДтФДтФДтФДтФДтФД
тФВ ЁЯРЫ Qq2: targetScale=extraversion, score=3
тФФтФАтФАтФАтФАтФАтФАтФАтФАтФАтФАтФАтФАтФАтФАтФАтФАтФАтФАтФАтФАтФАтФАтФАтФАтФАтФАтФАтФАтФАтФАтФАтФАтФАтФАтФАтФАтФАтФАтФАтФАтФАтФАтФАтФАтФАтФАтФАтФАтФАтФАтФАтФАтФАтФАтФАтФАтФАтФАтФАтФАтФАтФАтФАтФАтФАтФАтФАтФАтФАтФАтФАтФАтФАтФАтФАтФАтФАтФАтФАтФАтФАтФАтФАтФАтФАтФАтФАтФАтФАтФАтФАтФАтФАтФАтФАтФАтФАтФАтФАтФАтФАтФАтФАтФАтФАтФАтФАтФАтФАтФАтФАтФАтФАтФАтФАтФАтФАтФАтФА
тФМтФАтФАтФАтФАтФАтФАтФАтФАтФАтФАтФАтФАтФАтФАтФАтФАтФАтФАтФАтФАтФАтФАтФАтФАтФАтФАтФАтФАтФАтФАтФАтФАтФАтФАтФАтФАтФАтФАтФАтФАтФАтФАтФАтФАтФАтФАтФАтФАтФАтФАтФАтФАтФАтФАтФАтФАтФАтФАтФАтФАтФАтФАтФАтФАтФАтФАтФАтФАтФАтФАтФАтФАтФАтФАтФАтФАтФАтФАтФАтФАтФАтФАтФАтФАтФАтФАтФАтФАтФАтФАтФАтФАтФАтФАтФАтФАтФАтФАтФАтФАтФАтФАтФАтФАтФАтФАтФАтФАтФАтФАтФАтФАтФАтФАтФАтФАтФАтФАтФА
тФВ #0   TestService._completeBipolarTest (package:psycho_tests/services/test_service.dart:425:23)
тФВ #1   TestService.completeTest (package:psycho_tests/services/test_service.dart:55:16)
тФЬтФДтФДтФДтФДтФДтФДтФДтФДтФДтФДтФДтФДтФДтФДтФДтФДтФДтФДтФДтФДтФДтФДтФДтФДтФДтФДтФДтФДтФДтФДтФДтФДтФДтФДтФДтФДтФДтФДтФДтФДтФДтФДтФДтФДтФДтФДтФДтФДтФДтФДтФДтФДтФДтФДтФДтФДтФДтФДтФДтФДтФДтФДтФДтФДтФДтФДтФДтФДтФДтФДтФДтФДтФДтФДтФДтФДтФДтФДтФДтФДтФДтФДтФДтФДтФДтФДтФДтФДтФДтФДтФДтФДтФДтФДтФДтФДтФДтФДтФДтФДтФДтФДтФДтФДтФДтФДтФДтФДтФДтФДтФДтФДтФДтФДтФДтФДтФДтФДтФД
тФВ ЁЯРЫ Qq3: targetScale=extraversion, score=3
тФФтФАтФАтФАтФАтФАтФАтФАтФАтФАтФАтФАтФАтФАтФАтФАтФАтФАтФАтФАтФАтФАтФАтФАтФАтФАтФАтФАтФАтФАтФАтФАтФАтФАтФАтФАтФАтФАтФАтФАтФАтФАтФАтФАтФАтФАтФАтФАтФАтФАтФАтФАтФАтФАтФАтФАтФАтФАтФАтФАтФАтФАтФАтФАтФАтФАтФАтФАтФАтФАтФАтФАтФАтФАтФАтФАтФАтФАтФАтФАтФАтФАтФАтФАтФАтФАтФАтФАтФАтФАтФАтФАтФАтФАтФАтФАтФАтФАтФАтФАтФАтФАтФАтФАтФАтФАтФАтФАтФАтФАтФАтФАтФАтФАтФАтФАтФАтФАтФАтФА
тФМтФАтФАтФАтФАтФАтФАтФАтФАтФАтФАтФАтФАтФАтФАтФАтФАтФАтФАтФАтФАтФАтФАтФАтФАтФАтФАтФАтФАтФАтФАтФАтФАтФАтФАтФАтФАтФАтФАтФАтФАтФАтФАтФАтФАтФАтФАтФАтФАтФАтФАтФАтФАтФАтФАтФАтФАтФАтФАтФАтФАтФАтФАтФАтФАтФАтФАтФАтФАтФАтФАтФАтФАтФАтФАтФАтФАтФАтФАтФАтФАтФАтФАтФАтФАтФАтФАтФАтФАтФАтФАтФАтФАтФАтФАтФАтФАтФАтФАтФАтФАтФАтФАтФАтФАтФАтФАтФАтФАтФАтФАтФАтФАтФАтФАтФАтФАтФАтФАтФА
тФВ #0   TestService._completeBipolarTest (package:psycho_tests/services/test_service.dart:425:23)
тФВ #1   TestService.completeTest (package:psycho_tests/services/test_service.dart:55:16)
тФЬтФДтФДтФДтФДтФДтФДтФДтФДтФДтФДтФДтФДтФДтФДтФДтФДтФДтФДтФДтФДтФДтФДтФДтФДтФДтФДтФДтФДтФДтФДтФДтФДтФДтФДтФДтФДтФДтФДтФДтФДтФДтФДтФДтФДтФДтФДтФДтФДтФДтФДтФДтФДтФДтФДтФДтФДтФДтФДтФДтФДтФДтФДтФДтФДтФДтФДтФДтФДтФДтФДтФДтФДтФДтФДтФДтФДтФДтФДтФДтФДтФДтФДтФДтФДтФДтФДтФДтФДтФДтФДтФДтФДтФДтФДтФДтФДтФДтФДтФДтФДтФДтФДтФДтФДтФДтФДтФДтФДтФДтФДтФДтФДтФДтФДтФДтФДтФДтФДтФД
тФВ ЁЯРЫ Qq4: targetScale=introversion, score=3
тФФтФАтФАтФАтФАтФАтФАтФАтФАтФАтФАтФАтФАтФАтФАтФАтФАтФАтФАтФАтФАтФАтФАтФАтФАтФАтФАтФАтФАтФАтФАтФАтФАтФАтФАтФАтФАтФАтФАтФАтФАтФАтФАтФАтФАтФАтФАтФАтФАтФАтФАтФАтФАтФАтФАтФАтФАтФАтФАтФАтФАтФАтФАтФАтФАтФАтФАтФАтФАтФАтФАтФАтФАтФАтФАтФАтФАтФАтФАтФАтФАтФАтФАтФАтФАтФАтФАтФАтФАтФАтФАтФАтФАтФАтФАтФАтФАтФАтФАтФАтФАтФАтФАтФАтФАтФАтФАтФАтФАтФАтФАтФАтФАтФАтФАтФАтФАтФАтФАтФА
тФМтФАтФАтФАтФАтФАтФАтФАтФАтФАтФАтФАтФАтФАтФАтФАтФАтФАтФАтФАтФАтФАтФАтФАтФАтФАтФАтФАтФАтФАтФАтФАтФАтФАтФАтФАтФАтФАтФАтФАтФАтФАтФАтФАтФАтФАтФАтФАтФАтФАтФАтФАтФАтФАтФАтФАтФАтФАтФАтФАтФАтФАтФАтФАтФАтФАтФАтФАтФАтФАтФАтФАтФАтФАтФАтФАтФАтФАтФАтФАтФАтФАтФАтФАтФАтФАтФАтФАтФАтФАтФАтФАтФАтФАтФАтФАтФАтФАтФАтФАтФАтФАтФАтФАтФАтФАтФАтФАтФАтФАтФАтФАтФАтФАтФАтФАтФАтФАтФАтФА
тФВ #0   TestService._completeBipolarTest (package:psycho_tests/services/test_service.dart:425:23)
тФВ #1   TestService.completeTest (package:psycho_tests/services/test_service.dart:55:16)
тФЬтФДтФДтФДтФДтФДтФДтФДтФДтФДтФДтФДтФДтФДтФДтФДтФДтФДтФДтФДтФДтФДтФДтФДтФДтФДтФДтФДтФДтФДтФДтФДтФДтФДтФДтФДтФДтФДтФДтФДтФДтФДтФДтФДтФДтФДтФДтФДтФДтФДтФДтФДтФДтФДтФДтФДтФДтФДтФДтФДтФДтФДтФДтФДтФДтФДтФДтФДтФДтФДтФДтФДтФДтФДтФДтФДтФДтФДтФДтФДтФДтФДтФДтФДтФДтФДтФДтФДтФДтФДтФДтФДтФДтФДтФДтФДтФДтФДтФДтФДтФДтФДтФДтФДтФДтФДтФДтФДтФДтФДтФДтФДтФДтФДтФДтФДтФДтФДтФДтФД
тФВ ЁЯРЫ Qq5: targetScale=introversion, score=3
тФФтФАтФАтФАтФАтФАтФАтФАтФАтФАтФАтФАтФАтФАтФАтФАтФАтФАтФАтФАтФАтФАтФАтФАтФАтФАтФАтФАтФАтФАтФАтФАтФАтФАтФАтФАтФАтФАтФАтФАтФАтФАтФАтФАтФАтФАтФАтФАтФАтФАтФАтФАтФАтФАтФАтФАтФАтФАтФАтФАтФАтФАтФАтФАтФАтФАтФАтФАтФАтФАтФАтФАтФАтФАтФАтФАтФАтФАтФАтФАтФАтФАтФАтФАтФАтФАтФАтФАтФАтФАтФАтФАтФАтФАтФАтФАтФАтФАтФАтФАтФАтФАтФАтФАтФАтФАтФАтФАтФАтФАтФАтФАтФАтФАтФАтФАтФАтФАтФАтФА
тФМтФАтФАтФАтФАтФАтФАтФАтФАтФАтФАтФАтФАтФАтФАтФАтФАтФАтФАтФАтФАтФАтФАтФАтФАтФАтФАтФАтФАтФАтФАтФАтФАтФАтФАтФАтФАтФАтФАтФАтФАтФАтФАтФАтФАтФАтФАтФАтФАтФАтФАтФАтФАтФАтФАтФАтФАтФАтФАтФАтФАтФАтФАтФАтФАтФАтФАтФАтФАтФАтФАтФАтФАтФАтФАтФАтФАтФАтФАтФАтФАтФАтФАтФАтФАтФАтФАтФАтФАтФАтФАтФАтФАтФАтФАтФАтФАтФАтФАтФАтФАтФАтФАтФАтФАтФАтФАтФАтФАтФАтФАтФАтФАтФАтФАтФАтФАтФАтФАтФА
тФВ #0   TestService._completeBipolarTest (package:psycho_tests/services/test_service.dart:425:23)
тФВ #1   TestService.completeTest (package:psycho_tests/services/test_service.dart:55:16)
тФЬтФДтФДтФДтФДтФДтФДтФДтФДтФДтФДтФДтФДтФДтФДтФДтФДтФДтФДтФДтФДтФДтФДтФДтФДтФДтФДтФДтФДтФДтФДтФДтФДтФДтФДтФДтФДтФДтФДтФДтФДтФДтФДтФДтФДтФДтФДтФДтФДтФДтФДтФДтФДтФДтФДтФДтФДтФДтФДтФДтФДтФДтФДтФДтФДтФДтФДтФДтФДтФДтФДтФДтФДтФДтФДтФДтФДтФДтФДтФДтФДтФДтФДтФДтФДтФДтФДтФДтФДтФДтФДтФДтФДтФДтФДтФДтФДтФДтФДтФДтФДтФДтФДтФДтФДтФДтФДтФДтФДтФДтФДтФДтФДтФДтФДтФДтФДтФДтФДтФД
тФВ ЁЯРЫ Qq6: targetScale=introversion, score=3
тФФтФАтФАтФАтФАтФАтФАтФАтФАтФАтФАтФАтФАтФАтФАтФАтФАтФАтФАтФАтФАтФАтФАтФАтФАтФАтФАтФАтФАтФАтФАтФАтФАтФАтФАтФАтФАтФАтФАтФАтФАтФАтФАтФАтФАтФАтФАтФАтФАтФАтФАтФАтФАтФАтФАтФАтФАтФАтФАтФАтФАтФАтФАтФАтФАтФАтФАтФАтФАтФАтФАтФАтФАтФАтФАтФАтФАтФАтФАтФАтФАтФАтФАтФАтФАтФАтФАтФАтФАтФАтФАтФАтФАтФАтФАтФАтФАтФАтФАтФАтФАтФАтФАтФАтФАтФАтФАтФАтФАтФАтФАтФАтФАтФАтФАтФАтФАтФАтФАтФА
тФМтФАтФАтФАтФАтФАтФАтФАтФАтФАтФАтФАтФАтФАтФАтФАтФАтФАтФАтФАтФАтФАтФАтФАтФАтФАтФАтФАтФАтФАтФАтФАтФАтФАтФАтФАтФАтФАтФАтФАтФАтФАтФАтФАтФАтФАтФАтФАтФАтФАтФАтФАтФАтФАтФАтФАтФАтФАтФАтФАтФАтФАтФАтФАтФАтФАтФАтФАтФАтФАтФАтФАтФАтФАтФАтФАтФАтФАтФАтФАтФАтФАтФАтФАтФАтФАтФАтФАтФАтФАтФАтФАтФАтФАтФАтФАтФАтФАтФАтФАтФАтФАтФАтФАтФАтФАтФАтФАтФАтФАтФАтФАтФАтФАтФАтФАтФАтФАтФАтФА
тФВ #0   TestService._completeBipolarTest (package:psycho_tests/services/test_service.dart:425:23)
тФВ #1   TestService.completeTest (package:psycho_tests/services/test_service.dart:55:16)
тФЬтФДтФДтФДтФДтФДтФДтФДтФДтФДтФДтФДтФДтФДтФДтФДтФДтФДтФДтФДтФДтФДтФДтФДтФДтФДтФДтФДтФДтФДтФДтФДтФДтФДтФДтФДтФДтФДтФДтФДтФДтФДтФДтФДтФДтФДтФДтФДтФДтФДтФДтФДтФДтФДтФДтФДтФДтФДтФДтФДтФДтФДтФДтФДтФДтФДтФДтФДтФДтФДтФДтФДтФДтФДтФДтФДтФДтФДтФДтФДтФДтФДтФДтФДтФДтФДтФДтФДтФДтФДтФДтФДтФДтФДтФДтФДтФДтФДтФДтФДтФДтФДтФДтФДтФДтФДтФДтФДтФДтФДтФДтФДтФДтФДтФДтФДтФДтФДтФДтФД
тФВ ЁЯРЫ Qq7: targetScale=extraversion, score=3
тФФтФАтФАтФАтФАтФАтФАтФАтФАтФАтФАтФАтФАтФАтФАтФАтФАтФАтФАтФАтФАтФАтФАтФАтФАтФАтФАтФАтФАтФАтФАтФАтФАтФАтФАтФАтФАтФАтФАтФАтФАтФАтФАтФАтФАтФАтФАтФАтФАтФАтФАтФАтФАтФАтФАтФАтФАтФАтФАтФАтФАтФАтФАтФАтФАтФАтФАтФАтФАтФАтФАтФАтФАтФАтФАтФАтФАтФАтФАтФАтФАтФАтФАтФАтФАтФАтФАтФАтФАтФАтФАтФАтФАтФАтФАтФАтФАтФАтФАтФАтФАтФАтФАтФАтФАтФАтФАтФАтФАтФАтФАтФАтФАтФАтФАтФАтФАтФАтФАтФА
тФМтФАтФАтФАтФАтФАтФАтФАтФАтФАтФАтФАтФАтФАтФАтФАтФАтФАтФАтФАтФАтФАтФАтФАтФАтФАтФАтФАтФАтФАтФАтФАтФАтФАтФАтФАтФАтФАтФАтФАтФАтФАтФАтФАтФАтФАтФАтФАтФАтФАтФАтФАтФАтФАтФАтФАтФАтФАтФАтФАтФАтФАтФАтФАтФАтФАтФАтФАтФАтФАтФАтФАтФАтФАтФАтФАтФАтФАтФАтФАтФАтФАтФАтФАтФАтФАтФАтФАтФАтФАтФАтФАтФАтФАтФАтФАтФАтФАтФАтФАтФАтФАтФАтФАтФАтФАтФАтФАтФАтФАтФАтФАтФАтФАтФАтФАтФАтФАтФАтФА
тФВ #0   TestService._completeBipolarTest (package:psycho_tests/services/test_service.dart:425:23)
тФВ #1   TestService.completeTest (package:psycho_tests/services/test_service.dart:55:16)
тФЬтФДтФДтФДтФДтФДтФДтФДтФДтФДтФДтФДтФДтФДтФДтФДтФДтФДтФДтФДтФДтФДтФДтФДтФДтФДтФДтФДтФДтФДтФДтФДтФДтФДтФДтФДтФДтФДтФДтФДтФДтФДтФДтФДтФДтФДтФДтФДтФДтФДтФДтФДтФДтФДтФДтФДтФДтФДтФДтФДтФДтФДтФДтФДтФДтФДтФДтФДтФДтФДтФДтФДтФДтФДтФДтФДтФДтФДтФДтФДтФДтФДтФДтФДтФДтФДтФДтФДтФДтФДтФДтФДтФДтФДтФДтФДтФДтФДтФДтФДтФДтФДтФДтФДтФДтФДтФДтФДтФДтФДтФДтФДтФДтФДтФДтФДтФДтФДтФДтФД
тФВ ЁЯРЫ Qq8: targetScale=extraversion, score=3
тФФтФАтФАтФАтФАтФАтФАтФАтФАтФАтФАтФАтФАтФАтФАтФАтФАтФАтФАтФАтФАтФАтФАтФАтФАтФАтФАтФАтФАтФАтФАтФАтФАтФАтФАтФАтФАтФАтФАтФАтФАтФАтФАтФАтФАтФАтФАтФАтФАтФАтФАтФАтФАтФАтФАтФАтФАтФАтФАтФАтФАтФАтФАтФАтФАтФАтФАтФАтФАтФАтФАтФАтФАтФАтФАтФАтФАтФАтФАтФАтФАтФАтФАтФАтФАтФАтФАтФАтФАтФАтФАтФАтФАтФАтФАтФАтФАтФАтФАтФАтФАтФАтФАтФАтФАтФАтФАтФАтФАтФАтФАтФАтФАтФАтФАтФАтФАтФАтФАтФА
тФМтФАтФАтФАтФАтФАтФАтФАтФАтФАтФАтФАтФАтФАтФАтФАтФАтФАтФАтФАтФАтФАтФАтФАтФАтФАтФАтФАтФАтФАтФАтФАтФАтФАтФАтФАтФАтФАтФАтФАтФАтФАтФАтФАтФАтФАтФАтФАтФАтФАтФАтФАтФАтФАтФАтФАтФАтФАтФАтФАтФАтФАтФАтФАтФАтФАтФАтФАтФАтФАтФАтФАтФАтФАтФАтФАтФАтФАтФАтФАтФАтФАтФАтФАтФАтФАтФАтФАтФАтФАтФАтФАтФАтФАтФАтФАтФАтФАтФАтФАтФАтФАтФАтФАтФАтФАтФАтФАтФАтФАтФАтФАтФАтФАтФАтФАтФАтФАтФАтФА
тФВ #0   TestService._completeBipolarTest (package:psycho_tests/services/test_service.dart:425:23)
тФВ #1   TestService.completeTest (package:psycho_tests/services/test_service.dart:55:16)
тФЬтФДтФДтФДтФДтФДтФДтФДтФДтФДтФДтФДтФДтФДтФДтФДтФДтФДтФДтФДтФДтФДтФДтФДтФДтФДтФДтФДтФДтФДтФДтФДтФДтФДтФДтФДтФДтФДтФДтФДтФДтФДтФДтФДтФДтФДтФДтФДтФДтФДтФДтФДтФДтФДтФДтФДтФДтФДтФДтФДтФДтФДтФДтФДтФДтФДтФДтФДтФДтФДтФДтФДтФДтФДтФДтФДтФДтФДтФДтФДтФДтФДтФДтФДтФДтФДтФДтФДтФДтФДтФДтФДтФДтФДтФДтФДтФДтФДтФДтФДтФДтФДтФДтФДтФДтФДтФДтФДтФДтФДтФДтФДтФДтФДтФДтФДтФДтФДтФДтФД
тФВ ЁЯРЫ Qq9: targetScale=introversion, score=3
тФФтФАтФАтФАтФАтФАтФАтФАтФАтФАтФАтФАтФАтФАтФАтФАтФАтФАтФАтФАтФАтФАтФАтФАтФАтФАтФАтФАтФАтФАтФАтФАтФАтФАтФАтФАтФАтФАтФАтФАтФАтФАтФАтФАтФАтФАтФАтФАтФАтФАтФАтФАтФАтФАтФАтФАтФАтФАтФАтФАтФАтФАтФАтФАтФАтФАтФАтФАтФАтФАтФАтФАтФАтФАтФАтФАтФАтФАтФАтФАтФАтФАтФАтФАтФАтФАтФАтФАтФАтФАтФАтФАтФАтФАтФАтФАтФАтФАтФАтФАтФАтФАтФАтФАтФАтФАтФАтФАтФАтФАтФАтФАтФАтФАтФАтФАтФАтФАтФАтФА
тФМтФАтФАтФАтФАтФАтФАтФАтФАтФАтФАтФАтФАтФАтФАтФАтФАтФАтФАтФАтФАтФАтФАтФАтФАтФАтФАтФАтФАтФАтФАтФАтФАтФАтФАтФАтФАтФАтФАтФАтФАтФАтФАтФАтФАтФАтФАтФАтФАтФАтФАтФАтФАтФАтФАтФАтФАтФАтФАтФАтФАтФАтФАтФАтФАтФАтФАтФАтФАтФАтФАтФАтФАтФАтФАтФАтФАтФАтФАтФАтФАтФАтФАтФАтФАтФАтФАтФАтФАтФАтФАтФАтФАтФАтФАтФАтФАтФАтФАтФАтФАтФАтФАтФАтФАтФАтФАтФАтФАтФАтФАтФАтФАтФАтФАтФАтФАтФАтФАтФА
тФВ #0   TestService._completeBipolarTest (package:psycho_tests/services/test_service.dart:425:23)
тФВ #1   TestService.completeTest (package:psycho_tests/services/test_service.dart:55:16)
тФЬтФДтФДтФДтФДтФДтФДтФДтФДтФДтФДтФДтФДтФДтФДтФДтФДтФДтФДтФДтФДтФДтФДтФДтФДтФДтФДтФДтФДтФДтФДтФДтФДтФДтФДтФДтФДтФДтФДтФДтФДтФДтФДтФДтФДтФДтФДтФДтФДтФДтФДтФДтФДтФДтФДтФДтФДтФДтФДтФДтФДтФДтФДтФДтФДтФДтФДтФДтФДтФДтФДтФДтФДтФДтФДтФДтФДтФДтФДтФДтФДтФДтФДтФДтФДтФДтФДтФДтФДтФДтФДтФДтФДтФДтФДтФДтФДтФДтФДтФДтФДтФДтФДтФДтФДтФДтФДтФДтФДтФДтФДтФДтФДтФДтФДтФДтФДтФДтФДтФД
тФВ ЁЯРЫ Qq10: targetScale=introversion, score=3
тФФтФАтФАтФАтФАтФАтФАтФАтФАтФАтФАтФАтФАтФАтФАтФАтФАтФАтФАтФАтФАтФАтФАтФАтФАтФАтФАтФАтФАтФАтФАтФАтФАтФАтФАтФАтФАтФАтФАтФАтФАтФАтФАтФАтФАтФАтФАтФАтФАтФАтФАтФАтФАтФАтФАтФАтФАтФАтФАтФАтФАтФАтФАтФАтФАтФАтФАтФАтФАтФАтФАтФАтФАтФАтФАтФАтФАтФАтФАтФАтФАтФАтФАтФАтФАтФАтФАтФАтФАтФАтФАтФАтФАтФАтФАтФАтФАтФАтФАтФАтФАтФАтФАтФАтФАтФАтФАтФАтФАтФАтФАтФАтФАтФАтФАтФАтФАтФАтФАтФА
тФМтФАтФАтФАтФАтФАтФАтФАтФАтФАтФАтФАтФАтФАтФАтФАтФАтФАтФАтФАтФАтФАтФАтФАтФАтФАтФАтФАтФАтФАтФАтФАтФАтФАтФАтФАтФАтФАтФАтФАтФАтФАтФАтФАтФАтФАтФАтФАтФАтФАтФАтФАтФАтФАтФАтФАтФАтФАтФАтФАтФАтФАтФАтФАтФАтФАтФАтФАтФАтФАтФАтФАтФАтФАтФАтФАтФАтФАтФАтФАтФАтФАтФАтФАтФАтФАтФАтФАтФАтФАтФАтФАтФАтФАтФАтФАтФАтФАтФАтФАтФАтФАтФАтФАтФАтФАтФАтФАтФАтФАтФАтФАтФАтФАтФАтФАтФАтФАтФАтФА
тФВ #0   TestService._completeBipolarTest (package:psycho_tests/services/test_service.dart:425:23)
тФВ #1   TestService.completeTest (package:psycho_tests/services/test_service.dart:55:16)
тФЬтФДтФДтФДтФДтФДтФДтФДтФДтФДтФДтФДтФДтФДтФДтФДтФДтФДтФДтФДтФДтФДтФДтФДтФДтФДтФДтФДтФДтФДтФДтФДтФДтФДтФДтФДтФДтФДтФДтФДтФДтФДтФДтФДтФДтФДтФДтФДтФДтФДтФДтФДтФДтФДтФДтФДтФДтФДтФДтФДтФДтФДтФДтФДтФДтФДтФДтФДтФДтФДтФДтФДтФДтФДтФДтФДтФДтФДтФДтФДтФДтФДтФДтФДтФДтФДтФДтФДтФДтФДтФДтФДтФДтФДтФДтФДтФДтФДтФДтФДтФДтФДтФДтФДтФДтФДтФДтФДтФДтФДтФДтФДтФДтФДтФДтФДтФДтФДтФДтФД
тФВ ЁЯРЫ Qq11: targetScale=extraversion, score=3
тФФтФАтФАтФАтФАтФАтФАтФАтФАтФАтФАтФАтФАтФАтФАтФАтФАтФАтФАтФАтФАтФАтФАтФАтФАтФАтФАтФАтФАтФАтФАтФАтФАтФАтФАтФАтФАтФАтФАтФАтФАтФАтФАтФАтФАтФАтФАтФАтФАтФАтФАтФАтФАтФАтФАтФАтФАтФАтФАтФАтФАтФАтФАтФАтФАтФАтФАтФАтФАтФАтФАтФАтФАтФАтФАтФАтФАтФАтФАтФАтФАтФАтФАтФАтФАтФАтФАтФАтФАтФАтФАтФАтФАтФАтФАтФАтФАтФАтФАтФАтФАтФАтФАтФАтФАтФАтФАтФАтФАтФАтФАтФАтФАтФАтФАтФАтФАтФАтФАтФА
тФМтФАтФАтФАтФАтФАтФАтФАтФАтФАтФАтФАтФАтФАтФАтФАтФАтФАтФАтФАтФАтФАтФАтФАтФАтФАтФАтФАтФАтФАтФАтФАтФАтФАтФАтФАтФАтФАтФАтФАтФАтФАтФАтФАтФАтФАтФАтФАтФАтФАтФАтФАтФАтФАтФАтФАтФАтФАтФАтФАтФАтФАтФАтФАтФАтФАтФАтФАтФАтФАтФАтФАтФАтФАтФАтФАтФАтФАтФАтФАтФАтФАтФАтФАтФАтФАтФАтФАтФАтФАтФАтФАтФАтФАтФАтФАтФАтФАтФАтФАтФАтФАтФАтФАтФАтФАтФАтФАтФАтФАтФАтФАтФАтФАтФАтФАтФАтФАтФАтФА
тФВ #0   TestService._completeBipolarTest (package:psycho_tests/services/test_service.dart:425:23)
тФВ #1   TestService.completeTest (package:psycho_tests/services/test_service.dart:55:16)
тФЬтФДтФДтФДтФДтФДтФДтФДтФДтФДтФДтФДтФДтФДтФДтФДтФДтФДтФДтФДтФДтФДтФДтФДтФДтФДтФДтФДтФДтФДтФДтФДтФДтФДтФДтФДтФДтФДтФДтФДтФДтФДтФДтФДтФДтФДтФДтФДтФДтФДтФДтФДтФДтФДтФДтФДтФДтФДтФДтФДтФДтФДтФДтФДтФДтФДтФДтФДтФДтФДтФДтФДтФДтФДтФДтФДтФДтФДтФДтФДтФДтФДтФДтФДтФДтФДтФДтФДтФДтФДтФДтФДтФДтФДтФДтФДтФДтФДтФДтФДтФДтФДтФДтФДтФДтФДтФДтФДтФДтФДтФДтФДтФДтФДтФДтФДтФДтФДтФДтФД
тФВ ЁЯРЫ Qq12: targetScale=introversion, score=3
тФФтФАтФАтФАтФАтФАтФАтФАтФАтФАтФАтФАтФАтФАтФАтФАтФАтФАтФАтФАтФАтФАтФАтФАтФАтФАтФАтФАтФАтФАтФАтФАтФАтФАтФАтФАтФАтФАтФАтФАтФАтФАтФАтФАтФАтФАтФАтФАтФАтФАтФАтФАтФАтФАтФАтФАтФАтФАтФАтФАтФАтФАтФАтФАтФАтФАтФАтФАтФАтФАтФАтФАтФАтФАтФАтФАтФАтФАтФАтФАтФАтФАтФАтФАтФАтФАтФАтФАтФАтФАтФАтФАтФАтФАтФАтФАтФАтФАтФАтФАтФАтФАтФАтФАтФАтФАтФАтФАтФАтФАтФАтФАтФАтФАтФАтФАтФАтФАтФАтФА
тФМтФАтФАтФАтФАтФАтФАтФАтФАтФАтФАтФАтФАтФАтФАтФАтФАтФАтФАтФАтФАтФАтФАтФАтФАтФАтФАтФАтФАтФАтФАтФАтФАтФАтФАтФАтФАтФАтФАтФАтФАтФАтФАтФАтФАтФАтФАтФАтФАтФАтФАтФАтФАтФАтФАтФАтФАтФАтФАтФАтФАтФАтФАтФАтФАтФАтФАтФАтФАтФАтФАтФАтФАтФАтФАтФАтФАтФАтФАтФАтФАтФАтФАтФАтФАтФАтФАтФАтФАтФАтФАтФАтФАтФАтФАтФАтФАтФАтФАтФАтФАтФАтФАтФАтФАтФАтФАтФАтФАтФАтФАтФАтФАтФАтФАтФАтФАтФАтФАтФА
тФВ #0   TestService._completeBipolarTest (package:psycho_tests/services/test_service.dart:425:23)
тФВ #1   TestService.completeTest (package:psycho_tests/services/test_service.dart:55:16)
тФЬтФДтФДтФДтФДтФДтФДтФДтФДтФДтФДтФДтФДтФДтФДтФДтФДтФДтФДтФДтФДтФДтФДтФДтФДтФДтФДтФДтФДтФДтФДтФДтФДтФДтФДтФДтФДтФДтФДтФДтФДтФДтФДтФДтФДтФДтФДтФДтФДтФДтФДтФДтФДтФДтФДтФДтФДтФДтФДтФДтФДтФДтФДтФДтФДтФДтФДтФДтФДтФДтФДтФДтФДтФДтФДтФДтФДтФДтФДтФДтФДтФДтФДтФДтФДтФДтФДтФДтФДтФДтФДтФДтФДтФДтФДтФДтФДтФДтФДтФДтФДтФДтФДтФДтФДтФДтФДтФДтФДтФДтФДтФДтФДтФДтФДтФДтФДтФДтФДтФД
тФВ ЁЯРЫ Qq13: targetScale=extraversion, score=3
тФФтФАтФАтФАтФАтФАтФАтФАтФАтФАтФАтФАтФАтФАтФАтФАтФАтФАтФАтФАтФАтФАтФАтФАтФАтФАтФАтФАтФАтФАтФАтФАтФАтФАтФАтФАтФАтФАтФАтФАтФАтФАтФАтФАтФАтФАтФАтФАтФАтФАтФАтФАтФАтФАтФАтФАтФАтФАтФАтФАтФАтФАтФАтФАтФАтФАтФАтФАтФАтФАтФАтФАтФАтФАтФАтФАтФАтФАтФАтФАтФАтФАтФАтФАтФАтФАтФАтФАтФАтФАтФАтФАтФАтФАтФАтФАтФАтФАтФАтФАтФАтФАтФАтФАтФАтФАтФАтФАтФАтФАтФАтФАтФАтФАтФАтФАтФАтФАтФАтФА
тФМтФАтФАтФАтФАтФАтФАтФАтФАтФАтФАтФАтФАтФАтФАтФАтФАтФАтФАтФАтФАтФАтФАтФАтФАтФАтФАтФАтФАтФАтФАтФАтФАтФАтФАтФАтФАтФАтФАтФАтФАтФАтФАтФАтФАтФАтФАтФАтФАтФАтФАтФАтФАтФАтФАтФАтФАтФАтФАтФАтФАтФАтФАтФАтФАтФАтФАтФАтФАтФАтФАтФАтФАтФАтФАтФАтФАтФАтФАтФАтФАтФАтФАтФАтФАтФАтФАтФАтФАтФАтФАтФАтФАтФАтФАтФАтФАтФАтФАтФАтФАтФАтФАтФАтФАтФАтФАтФАтФАтФАтФАтФАтФАтФАтФАтФАтФАтФАтФАтФА
тФВ #0   TestService._completeBipolarTest (package:psycho_tests/services/test_service.dart:425:23)
тФВ #1   TestService.completeTest (package:psycho_tests/services/test_service.dart:55:16)
тФЬтФДтФДтФДтФДтФДтФДтФДтФДтФДтФДтФДтФДтФДтФДтФДтФДтФДтФДтФДтФДтФДтФДтФДтФДтФДтФДтФДтФДтФДтФДтФДтФДтФДтФДтФДтФДтФДтФДтФДтФДтФДтФДтФДтФДтФДтФДтФДтФДтФДтФДтФДтФДтФДтФДтФДтФДтФДтФДтФДтФДтФДтФДтФДтФДтФДтФДтФДтФДтФДтФДтФДтФДтФДтФДтФДтФДтФДтФДтФДтФДтФДтФДтФДтФДтФДтФДтФДтФДтФДтФДтФДтФДтФДтФДтФДтФДтФДтФДтФДтФДтФДтФДтФДтФДтФДтФДтФДтФДтФДтФДтФДтФДтФДтФДтФДтФДтФДтФДтФД
тФВ ЁЯРЫ Qq14: targetScale=introversion, score=3
тФФтФАтФАтФАтФАтФАтФАтФАтФАтФАтФАтФАтФАтФАтФАтФАтФАтФАтФАтФАтФАтФАтФАтФАтФАтФАтФАтФАтФАтФАтФАтФАтФАтФАтФАтФАтФАтФАтФАтФАтФАтФАтФАтФАтФАтФАтФАтФАтФАтФАтФАтФАтФАтФАтФАтФАтФАтФАтФАтФАтФАтФАтФАтФАтФАтФАтФАтФАтФАтФАтФАтФАтФАтФАтФАтФАтФАтФАтФАтФАтФАтФАтФАтФАтФАтФАтФАтФАтФАтФАтФАтФАтФАтФАтФАтФАтФАтФАтФАтФАтФАтФАтФАтФАтФАтФАтФАтФАтФАтФАтФАтФАтФАтФАтФАтФАтФАтФАтФАтФА
тФМтФАтФАтФАтФАтФАтФАтФАтФАтФАтФАтФАтФАтФАтФАтФАтФАтФАтФАтФАтФАтФАтФАтФАтФАтФАтФАтФАтФАтФАтФАтФАтФАтФАтФАтФАтФАтФАтФАтФАтФАтФАтФАтФАтФАтФАтФАтФАтФАтФАтФАтФАтФАтФАтФАтФАтФАтФАтФАтФАтФАтФАтФАтФАтФАтФАтФАтФАтФАтФАтФАтФАтФАтФАтФАтФАтФАтФАтФАтФАтФАтФАтФАтФАтФАтФАтФАтФАтФАтФАтФАтФАтФАтФАтФАтФАтФАтФАтФАтФАтФАтФАтФАтФАтФАтФАтФАтФАтФАтФАтФАтФАтФАтФАтФАтФАтФАтФАтФАтФА
тФВ #0   TestService._completeBipolarTest (package:psycho_tests/services/test_service.dart:425:23)
тФВ #1   TestService.completeTest (package:psycho_tests/services/test_service.dart:55:16)
тФЬтФДтФДтФДтФДтФДтФДтФДтФДтФДтФДтФДтФДтФДтФДтФДтФДтФДтФДтФДтФДтФДтФДтФДтФДтФДтФДтФДтФДтФДтФДтФДтФДтФДтФДтФДтФДтФДтФДтФДтФДтФДтФДтФДтФДтФДтФДтФДтФДтФДтФДтФДтФДтФДтФДтФДтФДтФДтФДтФДтФДтФДтФДтФДтФДтФДтФДтФДтФДтФДтФДтФДтФДтФДтФДтФДтФДтФДтФДтФДтФДтФДтФДтФДтФДтФДтФДтФДтФДтФДтФДтФДтФДтФДтФДтФДтФДтФДтФДтФДтФДтФДтФДтФДтФДтФДтФДтФДтФДтФДтФДтФДтФДтФДтФДтФДтФДтФДтФДтФД
тФВ ЁЯРЫ Qq15: targetScale=extraversion, score=3
тФФтФАтФАтФАтФАтФАтФАтФАтФАтФАтФАтФАтФАтФАтФАтФАтФАтФАтФАтФАтФАтФАтФАтФАтФАтФАтФАтФАтФАтФАтФАтФАтФАтФАтФАтФАтФАтФАтФАтФАтФАтФАтФАтФАтФАтФАтФАтФАтФАтФАтФАтФАтФАтФАтФАтФАтФАтФАтФАтФАтФАтФАтФАтФАтФАтФАтФАтФАтФАтФАтФАтФАтФАтФАтФАтФАтФАтФАтФАтФАтФАтФАтФАтФАтФАтФАтФАтФАтФАтФАтФАтФАтФАтФАтФАтФАтФАтФАтФАтФАтФАтФАтФАтФАтФАтФАтФАтФАтФАтФАтФАтФАтФАтФАтФАтФАтФАтФАтФАтФА
тФМтФАтФАтФАтФАтФАтФАтФАтФАтФАтФАтФАтФАтФАтФАтФАтФАтФАтФАтФАтФАтФАтФАтФАтФАтФАтФАтФАтФАтФАтФАтФАтФАтФАтФАтФАтФАтФАтФАтФАтФАтФАтФАтФАтФАтФАтФАтФАтФАтФАтФАтФАтФАтФАтФАтФАтФАтФАтФАтФАтФАтФАтФАтФАтФАтФАтФАтФАтФАтФАтФАтФАтФАтФАтФАтФАтФАтФАтФАтФАтФАтФАтФАтФАтФАтФАтФАтФАтФАтФАтФАтФАтФАтФАтФАтФАтФАтФАтФАтФАтФАтФАтФАтФАтФАтФАтФАтФАтФАтФАтФАтФАтФАтФАтФАтФАтФАтФАтФАтФА
тФВ #0   TestService._completeBipolarTest (package:psycho_tests/services/test_service.dart:425:23)
тФВ #1   TestService.completeTest (package:psycho_tests/services/test_service.dart:55:16)
тФЬтФДтФДтФДтФДтФДтФДтФДтФДтФДтФДтФДтФДтФДтФДтФДтФДтФДтФДтФДтФДтФДтФДтФДтФДтФДтФДтФДтФДтФДтФДтФДтФДтФДтФДтФДтФДтФДтФДтФДтФДтФДтФДтФДтФДтФДтФДтФДтФДтФДтФДтФДтФДтФДтФДтФДтФДтФДтФДтФДтФДтФДтФДтФДтФДтФДтФДтФДтФДтФДтФДтФДтФДтФДтФДтФДтФДтФДтФДтФДтФДтФДтФДтФДтФДтФДтФДтФДтФДтФДтФДтФДтФДтФДтФДтФДтФДтФДтФДтФДтФДтФДтФДтФДтФДтФДтФДтФДтФДтФДтФДтФДтФДтФДтФДтФДтФДтФДтФДтФД
тФВ ЁЯРЫ Qq16: targetScale=introversion, score=3
тФФтФАтФАтФАтФАтФАтФАтФАтФАтФАтФАтФАтФАтФАтФАтФАтФАтФАтФАтФАтФАтФАтФАтФАтФАтФАтФАтФАтФАтФАтФАтФАтФАтФАтФАтФАтФАтФАтФАтФАтФАтФАтФАтФАтФАтФАтФАтФАтФАтФАтФАтФАтФАтФАтФАтФАтФАтФАтФАтФАтФАтФАтФАтФАтФАтФАтФАтФАтФАтФАтФАтФАтФАтФАтФАтФАтФАтФАтФАтФАтФАтФАтФАтФАтФАтФАтФАтФАтФАтФАтФАтФАтФАтФАтФАтФАтФАтФАтФАтФАтФАтФАтФАтФАтФАтФАтФАтФАтФАтФАтФАтФАтФАтФАтФАтФАтФАтФАтФАтФА
тФМтФАтФАтФАтФАтФАтФАтФАтФАтФАтФАтФАтФАтФАтФАтФАтФАтФАтФАтФАтФАтФАтФАтФАтФАтФАтФАтФАтФАтФАтФАтФАтФАтФАтФАтФАтФАтФАтФАтФАтФАтФАтФАтФАтФАтФАтФАтФАтФАтФАтФАтФАтФАтФАтФАтФАтФАтФАтФАтФАтФАтФАтФАтФАтФАтФАтФАтФАтФАтФАтФАтФАтФАтФАтФАтФАтФАтФАтФАтФАтФАтФАтФАтФАтФАтФАтФАтФАтФАтФАтФАтФАтФАтФАтФАтФАтФАтФАтФАтФАтФАтФАтФАтФАтФАтФАтФАтФАтФАтФАтФАтФАтФАтФАтФАтФАтФАтФАтФАтФА
тФВ #0   TestService._completeBipolarTest (package:psycho_tests/services/test_service.dart:425:23)
тФВ #1   TestService.completeTest (package:psycho_tests/services/test_service.dart:55:16)
тФЬтФДтФДтФДтФДтФДтФДтФДтФДтФДтФДтФДтФДтФДтФДтФДтФДтФДтФДтФДтФДтФДтФДтФДтФДтФДтФДтФДтФДтФДтФДтФДтФДтФДтФДтФДтФДтФДтФДтФДтФДтФДтФДтФДтФДтФДтФДтФДтФДтФДтФДтФДтФДтФДтФДтФДтФДтФДтФДтФДтФДтФДтФДтФДтФДтФДтФДтФДтФДтФДтФДтФДтФДтФДтФДтФДтФДтФДтФДтФДтФДтФДтФДтФДтФДтФДтФДтФДтФДтФДтФДтФДтФДтФДтФДтФДтФДтФДтФДтФДтФДтФДтФДтФДтФДтФДтФДтФДтФДтФДтФДтФДтФДтФДтФДтФДтФДтФДтФДтФД
тФВ ЁЯРЫ Qq17: targetScale=extraversion, score=3
тФФтФАтФАтФАтФАтФАтФАтФАтФАтФАтФАтФАтФАтФАтФАтФАтФАтФАтФАтФАтФАтФАтФАтФАтФАтФАтФАтФАтФАтФАтФАтФАтФАтФАтФАтФАтФАтФАтФАтФАтФАтФАтФАтФАтФАтФАтФАтФАтФАтФАтФАтФАтФАтФАтФАтФАтФАтФАтФАтФАтФАтФАтФАтФАтФАтФАтФАтФАтФАтФАтФАтФАтФАтФАтФАтФАтФАтФАтФАтФАтФАтФАтФАтФАтФАтФАтФАтФАтФАтФАтФАтФАтФАтФАтФАтФАтФАтФАтФАтФАтФАтФАтФАтФАтФАтФАтФАтФАтФАтФАтФАтФАтФАтФАтФАтФАтФАтФАтФАтФА
тФМтФАтФАтФАтФАтФАтФАтФАтФАтФАтФАтФАтФАтФАтФАтФАтФАтФАтФАтФАтФАтФАтФАтФАтФАтФАтФАтФАтФАтФАтФАтФАтФАтФАтФАтФАтФАтФАтФАтФАтФАтФАтФАтФАтФАтФАтФАтФАтФАтФАтФАтФАтФАтФАтФАтФАтФАтФАтФАтФАтФАтФАтФАтФАтФАтФАтФАтФАтФАтФАтФАтФАтФАтФАтФАтФАтФАтФАтФАтФАтФАтФАтФАтФАтФАтФАтФАтФАтФАтФАтФАтФАтФАтФАтФАтФАтФАтФАтФАтФАтФАтФАтФАтФАтФАтФАтФАтФАтФАтФАтФАтФАтФАтФАтФАтФАтФАтФАтФАтФА
тФВ #0   TestService._completeBipolarTest (package:psycho_tests/services/test_service.dart:425:23)
тФВ #1   TestService.completeTest (package:psycho_tests/services/test_service.dart:55:16)
тФЬтФДтФДтФДтФДтФДтФДтФДтФДтФДтФДтФДтФДтФДтФДтФДтФДтФДтФДтФДтФДтФДтФДтФДтФДтФДтФДтФДтФДтФДтФДтФДтФДтФДтФДтФДтФДтФДтФДтФДтФДтФДтФДтФДтФДтФДтФДтФДтФДтФДтФДтФДтФДтФДтФДтФДтФДтФДтФДтФДтФДтФДтФДтФДтФДтФДтФДтФДтФДтФДтФДтФДтФДтФДтФДтФДтФДтФДтФДтФДтФДтФДтФДтФДтФДтФДтФДтФДтФДтФДтФДтФДтФДтФДтФДтФДтФДтФДтФДтФДтФДтФДтФДтФДтФДтФДтФДтФДтФДтФДтФДтФДтФДтФДтФДтФДтФДтФДтФДтФД
тФВ ЁЯРЫ Qq18: targetScale=introversion, score=3
тФФтФАтФАтФАтФАтФАтФАтФАтФАтФАтФАтФАтФАтФАтФАтФАтФАтФАтФАтФАтФАтФАтФАтФАтФАтФАтФАтФАтФАтФАтФАтФАтФАтФАтФАтФАтФАтФАтФАтФАтФАтФАтФАтФАтФАтФАтФАтФАтФАтФАтФАтФАтФАтФАтФАтФАтФАтФАтФАтФАтФАтФАтФАтФАтФАтФАтФАтФАтФАтФАтФАтФАтФАтФАтФАтФАтФАтФАтФАтФАтФАтФАтФАтФАтФАтФАтФАтФАтФАтФАтФАтФАтФАтФАтФАтФАтФАтФАтФАтФАтФАтФАтФАтФАтФАтФАтФАтФАтФАтФАтФАтФАтФАтФАтФАтФАтФАтФАтФАтФА
тФМтФАтФАтФАтФАтФАтФАтФАтФАтФАтФАтФАтФАтФАтФАтФАтФАтФАтФАтФАтФАтФАтФАтФАтФАтФАтФАтФАтФАтФАтФАтФАтФАтФАтФАтФАтФАтФАтФАтФАтФАтФАтФАтФАтФАтФАтФАтФАтФАтФАтФАтФАтФАтФАтФАтФАтФАтФАтФАтФАтФАтФАтФАтФАтФАтФАтФАтФАтФАтФАтФАтФАтФАтФАтФАтФАтФАтФАтФАтФАтФАтФАтФАтФАтФАтФАтФАтФАтФАтФАтФАтФАтФАтФАтФАтФАтФАтФАтФАтФАтФАтФАтФАтФАтФАтФАтФАтФАтФАтФАтФАтФАтФАтФАтФАтФАтФАтФАтФАтФА
тФВ #0   TestService._completeBipolarTest (package:psycho_tests/services/test_service.dart:425:23)
тФВ #1   TestService.completeTest (package:psycho_tests/services/test_service.dart:55:16)
тФЬтФДтФДтФДтФДтФДтФДтФДтФДтФДтФДтФДтФДтФДтФДтФДтФДтФДтФДтФДтФДтФДтФДтФДтФДтФДтФДтФДтФДтФДтФДтФДтФДтФДтФДтФДтФДтФДтФДтФДтФДтФДтФДтФДтФДтФДтФДтФДтФДтФДтФДтФДтФДтФДтФДтФДтФДтФДтФДтФДтФДтФДтФДтФДтФДтФДтФДтФДтФДтФДтФДтФДтФДтФДтФДтФДтФДтФДтФДтФДтФДтФДтФДтФДтФДтФДтФДтФДтФДтФДтФДтФДтФДтФДтФДтФДтФДтФДтФДтФДтФДтФДтФДтФДтФДтФДтФДтФДтФДтФДтФДтФДтФДтФДтФДтФДтФДтФДтФДтФД
тФВ ЁЯРЫ Qq19: targetScale=extraversion, score=3
тФФтФАтФАтФАтФАтФАтФАтФАтФАтФАтФАтФАтФАтФАтФАтФАтФАтФАтФАтФАтФАтФАтФАтФАтФАтФАтФАтФАтФАтФАтФАтФАтФАтФАтФАтФАтФАтФАтФАтФАтФАтФАтФАтФАтФАтФАтФАтФАтФАтФАтФАтФАтФАтФАтФАтФАтФАтФАтФАтФАтФАтФАтФАтФАтФАтФАтФАтФАтФАтФАтФАтФАтФАтФАтФАтФАтФАтФАтФАтФАтФАтФАтФАтФАтФАтФАтФАтФАтФАтФАтФАтФАтФАтФАтФАтФАтФАтФАтФАтФАтФАтФАтФАтФАтФАтФАтФАтФАтФАтФАтФАтФАтФАтФАтФАтФАтФАтФАтФАтФА
тФМтФАтФАтФАтФАтФАтФАтФАтФАтФАтФАтФАтФАтФАтФАтФАтФАтФАтФАтФАтФАтФАтФАтФАтФАтФАтФАтФАтФАтФАтФАтФАтФАтФАтФАтФАтФАтФАтФАтФАтФАтФАтФАтФАтФАтФАтФАтФАтФАтФАтФАтФАтФАтФАтФАтФАтФАтФАтФАтФАтФАтФАтФАтФАтФАтФАтФАтФАтФАтФАтФАтФАтФАтФАтФАтФАтФАтФАтФАтФАтФАтФАтФАтФАтФАтФАтФАтФАтФАтФАтФАтФАтФАтФАтФАтФАтФАтФАтФАтФАтФАтФАтФАтФАтФАтФАтФАтФАтФАтФАтФАтФАтФАтФАтФАтФАтФАтФАтФАтФА
тФВ #0   TestService._completeBipolarTest (package:psycho_tests/services/test_service.dart:425:23)
тФВ #1   TestService.completeTest (package:psycho_tests/services/test_service.dart:55:16)
тФЬтФДтФДтФДтФДтФДтФДтФДтФДтФДтФДтФДтФДтФДтФДтФДтФДтФДтФДтФДтФДтФДтФДтФДтФДтФДтФДтФДтФДтФДтФДтФДтФДтФДтФДтФДтФДтФДтФДтФДтФДтФДтФДтФДтФДтФДтФДтФДтФДтФДтФДтФДтФДтФДтФДтФДтФДтФДтФДтФДтФДтФДтФДтФДтФДтФДтФДтФДтФДтФДтФДтФДтФДтФДтФДтФДтФДтФДтФДтФДтФДтФДтФДтФДтФДтФДтФДтФДтФДтФДтФДтФДтФДтФДтФДтФДтФДтФДтФДтФДтФДтФДтФДтФДтФДтФДтФДтФДтФДтФДтФДтФДтФДтФДтФДтФДтФДтФДтФДтФД
тФВ ЁЯРЫ Qq20: targetScale=introversion, score=3
тФФтФАтФАтФАтФАтФАтФАтФАтФАтФАтФАтФАтФАтФАтФАтФАтФАтФАтФАтФАтФАтФАтФАтФАтФАтФАтФАтФАтФАтФАтФАтФАтФАтФАтФАтФАтФАтФАтФАтФАтФАтФАтФАтФАтФАтФАтФАтФАтФАтФАтФАтФАтФАтФАтФАтФАтФАтФАтФАтФАтФАтФАтФАтФАтФАтФАтФАтФАтФАтФАтФАтФАтФАтФАтФАтФАтФАтФАтФАтФАтФАтФАтФАтФАтФАтФАтФАтФАтФАтФАтФАтФАтФАтФАтФАтФАтФАтФАтФАтФАтФАтФАтФАтФАтФАтФАтФАтФАтФАтФАтФАтФАтФАтФАтФАтФАтФАтФАтФАтФА
тФМтФАтФАтФАтФАтФАтФАтФАтФАтФАтФАтФАтФАтФАтФАтФАтФАтФАтФАтФАтФАтФАтФАтФАтФАтФАтФАтФАтФАтФАтФАтФАтФАтФАтФАтФАтФАтФАтФАтФАтФАтФАтФАтФАтФАтФАтФАтФАтФАтФАтФАтФАтФАтФАтФАтФАтФАтФАтФАтФАтФАтФАтФАтФАтФАтФАтФАтФАтФАтФАтФАтФАтФАтФАтФАтФАтФАтФАтФАтФАтФАтФАтФАтФАтФАтФАтФАтФАтФАтФАтФАтФАтФАтФАтФАтФАтФАтФАтФАтФАтФАтФАтФАтФАтФАтФАтФАтФАтФАтФАтФАтФАтФАтФАтФАтФАтФАтФАтФАтФА
тФВ #0   TestService._completeBipolarTest (package:psycho_tests/services/test_service.dart:425:23)
тФВ #1   TestService.completeTest (package:psycho_tests/services/test_service.dart:55:16)
тФЬтФДтФДтФДтФДтФДтФДтФДтФДтФДтФДтФДтФДтФДтФДтФДтФДтФДтФДтФДтФДтФДтФДтФДтФДтФДтФДтФДтФДтФДтФДтФДтФДтФДтФДтФДтФДтФДтФДтФДтФДтФДтФДтФДтФДтФДтФДтФДтФДтФДтФДтФДтФДтФДтФДтФДтФДтФДтФДтФДтФДтФДтФДтФДтФДтФДтФДтФДтФДтФДтФДтФДтФДтФДтФДтФДтФДтФДтФДтФДтФДтФДтФДтФДтФДтФДтФДтФДтФДтФДтФДтФДтФДтФДтФДтФДтФДтФДтФДтФДтФДтФДтФДтФДтФДтФДтФДтФДтФДтФДтФДтФДтФДтФДтФДтФДтФДтФДтФДтФД
тФВ ЁЯРЫ Qq21: targetScale=sensing, score=3
тФФтФАтФАтФАтФАтФАтФАтФАтФАтФАтФАтФАтФАтФАтФАтФАтФАтФАтФАтФАтФАтФАтФАтФАтФАтФАтФАтФАтФАтФАтФАтФАтФАтФАтФАтФАтФАтФАтФАтФАтФАтФАтФАтФАтФАтФАтФАтФАтФАтФАтФАтФАтФАтФАтФАтФАтФАтФАтФАтФАтФАтФАтФАтФАтФАтФАтФАтФАтФАтФАтФАтФАтФАтФАтФАтФАтФАтФАтФАтФАтФАтФАтФАтФАтФАтФАтФАтФАтФАтФАтФАтФАтФАтФАтФАтФАтФАтФАтФАтФАтФАтФАтФАтФАтФАтФАтФАтФАтФАтФАтФАтФАтФАтФАтФАтФАтФАтФАтФАтФА
тФМтФАтФАтФАтФАтФАтФАтФАтФАтФАтФАтФАтФАтФАтФАтФАтФАтФАтФАтФАтФАтФАтФАтФАтФАтФАтФАтФАтФАтФАтФАтФАтФАтФАтФАтФАтФАтФАтФАтФАтФАтФАтФАтФАтФАтФАтФАтФАтФАтФАтФАтФАтФАтФАтФАтФАтФАтФАтФАтФАтФАтФАтФАтФАтФАтФАтФАтФАтФАтФАтФАтФАтФАтФАтФАтФАтФАтФАтФАтФАтФАтФАтФАтФАтФАтФАтФАтФАтФАтФАтФАтФАтФАтФАтФАтФАтФАтФАтФАтФАтФАтФАтФАтФАтФАтФАтФАтФАтФАтФАтФАтФАтФАтФАтФАтФАтФАтФАтФАтФА
тФВ #0   TestService._completeBipolarTest (package:psycho_tests/services/test_service.dart:425:23)
тФВ #1   TestService.completeTest (package:psycho_tests/services/test_service.dart:55:16)
тФЬтФДтФДтФДтФДтФДтФДтФДтФДтФДтФДтФДтФДтФДтФДтФДтФДтФДтФДтФДтФДтФДтФДтФДтФДтФДтФДтФДтФДтФДтФДтФДтФДтФДтФДтФДтФДтФДтФДтФДтФДтФДтФДтФДтФДтФДтФДтФДтФДтФДтФДтФДтФДтФДтФДтФДтФДтФДтФДтФДтФДтФДтФДтФДтФДтФДтФДтФДтФДтФДтФДтФДтФДтФДтФДтФДтФДтФДтФДтФДтФДтФДтФДтФДтФДтФДтФДтФДтФДтФДтФДтФДтФДтФДтФДтФДтФДтФДтФДтФДтФДтФДтФДтФДтФДтФДтФДтФДтФДтФДтФДтФДтФДтФДтФДтФДтФДтФДтФДтФД
тФВ ЁЯРЫ Qq22: targetScale=sensing, score=3
тФФтФАтФАтФАтФАтФАтФАтФАтФАтФАтФАтФАтФАтФАтФАтФАтФАтФАтФАтФАтФАтФАтФАтФАтФАтФАтФАтФАтФАтФАтФАтФАтФАтФАтФАтФАтФАтФАтФАтФАтФАтФАтФАтФАтФАтФАтФАтФАтФАтФАтФАтФАтФАтФАтФАтФАтФАтФАтФАтФАтФАтФАтФАтФАтФАтФАтФАтФАтФАтФАтФАтФАтФАтФАтФАтФАтФАтФАтФАтФАтФАтФАтФАтФАтФАтФАтФАтФАтФАтФАтФАтФАтФАтФАтФАтФАтФАтФАтФАтФАтФАтФАтФАтФАтФАтФАтФАтФАтФАтФАтФАтФАтФАтФАтФАтФАтФАтФАтФАтФА
тФМтФАтФАтФАтФАтФАтФАтФАтФАтФАтФАтФАтФАтФАтФАтФАтФАтФАтФАтФАтФАтФАтФАтФАтФАтФАтФАтФАтФАтФАтФАтФАтФАтФАтФАтФАтФАтФАтФАтФАтФАтФАтФАтФАтФАтФАтФАтФАтФАтФАтФАтФАтФАтФАтФАтФАтФАтФАтФАтФАтФАтФАтФАтФАтФАтФАтФАтФАтФАтФАтФАтФАтФАтФАтФАтФАтФАтФАтФАтФАтФАтФАтФАтФАтФАтФАтФАтФАтФАтФАтФАтФАтФАтФАтФАтФАтФАтФАтФАтФАтФАтФАтФАтФАтФАтФАтФАтФАтФАтФАтФАтФАтФАтФАтФАтФАтФАтФАтФАтФА
тФВ #0   TestService._completeBipolarTest (package:psycho_tests/services/test_service.dart:425:23)
тФВ #1   TestService.completeTest (package:psycho_tests/services/test_service.dart:55:16)
тФЬтФДтФДтФДтФДтФДтФДтФДтФДтФДтФДтФДтФДтФДтФДтФДтФДтФДтФДтФДтФДтФДтФДтФДтФДтФДтФДтФДтФДтФДтФДтФДтФДтФДтФДтФДтФДтФДтФДтФДтФДтФДтФДтФДтФДтФДтФДтФДтФДтФДтФДтФДтФДтФДтФДтФДтФДтФДтФДтФДтФДтФДтФДтФДтФДтФДтФДтФДтФДтФДтФДтФДтФДтФДтФДтФДтФДтФДтФДтФДтФДтФДтФДтФДтФДтФДтФДтФДтФДтФДтФДтФДтФДтФДтФДтФДтФДтФДтФДтФДтФДтФДтФДтФДтФДтФДтФДтФДтФДтФДтФДтФДтФДтФДтФДтФДтФДтФДтФДтФД
тФВ ЁЯРЫ Qq23: targetScale=sensing, score=3
тФФтФАтФАтФАтФАтФАтФАтФАтФАтФАтФАтФАтФАтФАтФАтФАтФАтФАтФАтФАтФАтФАтФАтФАтФАтФАтФАтФАтФАтФАтФАтФАтФАтФАтФАтФАтФАтФАтФАтФАтФАтФАтФАтФАтФАтФАтФАтФАтФАтФАтФАтФАтФАтФАтФАтФАтФАтФАтФАтФАтФАтФАтФАтФАтФАтФАтФАтФАтФАтФАтФАтФАтФАтФАтФАтФАтФАтФАтФАтФАтФАтФАтФАтФАтФАтФАтФАтФАтФАтФАтФАтФАтФАтФАтФАтФАтФАтФАтФАтФАтФАтФАтФАтФАтФАтФАтФАтФАтФАтФАтФАтФАтФАтФАтФАтФАтФАтФАтФАтФА
тФМтФАтФАтФАтФАтФАтФАтФАтФАтФАтФАтФАтФАтФАтФАтФАтФАтФАтФАтФАтФАтФАтФАтФАтФАтФАтФАтФАтФАтФАтФАтФАтФАтФАтФАтФАтФАтФАтФАтФАтФАтФАтФАтФАтФАтФАтФАтФАтФАтФАтФАтФАтФАтФАтФАтФАтФАтФАтФАтФАтФАтФАтФАтФАтФАтФАтФАтФАтФАтФАтФАтФАтФАтФАтФАтФАтФАтФАтФАтФАтФАтФАтФАтФАтФАтФАтФАтФАтФАтФАтФАтФАтФАтФАтФАтФАтФАтФАтФАтФАтФАтФАтФАтФАтФАтФАтФАтФАтФАтФАтФАтФАтФАтФАтФАтФАтФАтФАтФАтФА
тФВ #0   TestService._completeBipolarTest (package:psycho_tests/services/test_service.dart:425:23)
тФВ #1   TestService.completeTest (package:psycho_tests/services/test_service.dart:55:16)
тФЬтФДтФДтФДтФДтФДтФДтФДтФДтФДтФДтФДтФДтФДтФДтФДтФДтФДтФДтФДтФДтФДтФДтФДтФДтФДтФДтФДтФДтФДтФДтФДтФДтФДтФДтФДтФДтФДтФДтФДтФДтФДтФДтФДтФДтФДтФДтФДтФДтФДтФДтФДтФДтФДтФДтФДтФДтФДтФДтФДтФДтФДтФДтФДтФДтФДтФДтФДтФДтФДтФДтФДтФДтФДтФДтФДтФДтФДтФДтФДтФДтФДтФДтФДтФДтФДтФДтФДтФДтФДтФДтФДтФДтФДтФДтФДтФДтФДтФДтФДтФДтФДтФДтФДтФДтФДтФДтФДтФДтФДтФДтФДтФДтФДтФДтФДтФДтФДтФДтФД
тФВ ЁЯРЫ Qq24: targetScale=sensing, score=3
тФФтФАтФАтФАтФАтФАтФАтФАтФАтФАтФАтФАтФАтФАтФАтФАтФАтФАтФАтФАтФАтФАтФАтФАтФАтФАтФАтФАтФАтФАтФАтФАтФАтФАтФАтФАтФАтФАтФАтФАтФАтФАтФАтФАтФАтФАтФАтФАтФАтФАтФАтФАтФАтФАтФАтФАтФАтФАтФАтФАтФАтФАтФАтФАтФАтФАтФАтФАтФАтФАтФАтФАтФАтФАтФАтФАтФАтФАтФАтФАтФАтФАтФАтФАтФАтФАтФАтФАтФАтФАтФАтФАтФАтФАтФАтФАтФАтФАтФАтФАтФАтФАтФАтФАтФАтФАтФАтФАтФАтФАтФАтФАтФАтФАтФАтФАтФАтФАтФАтФА
тФМтФАтФАтФАтФАтФАтФАтФАтФАтФАтФАтФАтФАтФАтФАтФАтФАтФАтФАтФАтФАтФАтФАтФАтФАтФАтФАтФАтФАтФАтФАтФАтФАтФАтФАтФАтФАтФАтФАтФАтФАтФАтФАтФАтФАтФАтФАтФАтФАтФАтФАтФАтФАтФАтФАтФАтФАтФАтФАтФАтФАтФАтФАтФАтФАтФАтФАтФАтФАтФАтФАтФАтФАтФАтФАтФАтФАтФАтФАтФАтФАтФАтФАтФАтФАтФАтФАтФАтФАтФАтФАтФАтФАтФАтФАтФАтФАтФАтФАтФАтФАтФАтФАтФАтФАтФАтФАтФАтФАтФАтФАтФАтФАтФАтФАтФАтФАтФАтФАтФА
тФВ #0   TestService._completeBipolarTest (package:psycho_tests/services/test_service.dart:425:23)
тФВ #1   TestService.completeTest (package:psycho_tests/services/test_service.dart:55:16)
тФЬтФДтФДтФДтФДтФДтФДтФДтФДтФДтФДтФДтФДтФДтФДтФДтФДтФДтФДтФДтФДтФДтФДтФДтФДтФДтФДтФДтФДтФДтФДтФДтФДтФДтФДтФДтФДтФДтФДтФДтФДтФДтФДтФДтФДтФДтФДтФДтФДтФДтФДтФДтФДтФДтФДтФДтФДтФДтФДтФДтФДтФДтФДтФДтФДтФДтФДтФДтФДтФДтФДтФДтФДтФДтФДтФДтФДтФДтФДтФДтФДтФДтФДтФДтФДтФДтФДтФДтФДтФДтФДтФДтФДтФДтФДтФДтФДтФДтФДтФДтФДтФДтФДтФДтФДтФДтФДтФДтФДтФДтФДтФДтФДтФДтФДтФДтФДтФДтФДтФД
тФВ ЁЯРЫ Qq25: targetScale=sensing, score=3
тФФтФАтФАтФАтФАтФАтФАтФАтФАтФАтФАтФАтФАтФАтФАтФАтФАтФАтФАтФАтФАтФАтФАтФАтФАтФАтФАтФАтФАтФАтФАтФАтФАтФАтФАтФАтФАтФАтФАтФАтФАтФАтФАтФАтФАтФАтФАтФАтФАтФАтФАтФАтФАтФАтФАтФАтФАтФАтФАтФАтФАтФАтФАтФАтФАтФАтФАтФАтФАтФАтФАтФАтФАтФАтФАтФАтФАтФАтФАтФАтФАтФАтФАтФАтФАтФАтФАтФАтФАтФАтФАтФАтФАтФАтФАтФАтФАтФАтФАтФАтФАтФАтФАтФАтФАтФАтФАтФАтФАтФАтФАтФАтФАтФАтФАтФАтФАтФАтФАтФА
тФМтФАтФАтФАтФАтФАтФАтФАтФАтФАтФАтФАтФАтФАтФАтФАтФАтФАтФАтФАтФАтФАтФАтФАтФАтФАтФАтФАтФАтФАтФАтФАтФАтФАтФАтФАтФАтФАтФАтФАтФАтФАтФАтФАтФАтФАтФАтФАтФАтФАтФАтФАтФАтФАтФАтФАтФАтФАтФАтФАтФАтФАтФАтФАтФАтФАтФАтФАтФАтФАтФАтФАтФАтФАтФАтФАтФАтФАтФАтФАтФАтФАтФАтФАтФАтФАтФАтФАтФАтФАтФАтФАтФАтФАтФАтФАтФАтФАтФАтФАтФАтФАтФАтФАтФАтФАтФАтФАтФАтФАтФАтФАтФАтФАтФАтФАтФАтФАтФАтФА
тФВ #0   TestService._completeBipolarTest (package:psycho_tests/services/test_service.dart:425:23)
тФВ #1   TestService.completeTest (package:psycho_tests/services/test_service.dart:55:16)
тФЬтФДтФДтФДтФДтФДтФДтФДтФДтФДтФДтФДтФДтФДтФДтФДтФДтФДтФДтФДтФДтФДтФДтФДтФДтФДтФДтФДтФДтФДтФДтФДтФДтФДтФДтФДтФДтФДтФДтФДтФДтФДтФДтФДтФДтФДтФДтФДтФДтФДтФДтФДтФДтФДтФДтФДтФДтФДтФДтФДтФДтФДтФДтФДтФДтФДтФДтФДтФДтФДтФДтФДтФДтФДтФДтФДтФДтФДтФДтФДтФДтФДтФДтФДтФДтФДтФДтФДтФДтФДтФДтФДтФДтФДтФДтФДтФДтФДтФДтФДтФДтФДтФДтФДтФДтФДтФДтФДтФДтФДтФДтФДтФДтФДтФДтФДтФДтФДтФДтФД
тФВ ЁЯРЫ Qq26: targetScale=intuition, score=3
тФФтФАтФАтФАтФАтФАтФАтФАтФАтФАтФАтФАтФАтФАтФАтФАтФАтФАтФАтФАтФАтФАтФАтФАтФАтФАтФАтФАтФАтФАтФАтФАтФАтФАтФАтФАтФАтФАтФАтФАтФАтФАтФАтФАтФАтФАтФАтФАтФАтФАтФАтФАтФАтФАтФАтФАтФАтФАтФАтФАтФАтФАтФАтФАтФАтФАтФАтФАтФАтФАтФАтФАтФАтФАтФАтФАтФАтФАтФАтФАтФАтФАтФАтФАтФАтФАтФАтФАтФАтФАтФАтФАтФАтФАтФАтФАтФАтФАтФАтФАтФАтФАтФАтФАтФАтФАтФАтФАтФАтФАтФАтФАтФАтФАтФАтФАтФАтФАтФАтФА
тФМтФАтФАтФАтФАтФАтФАтФАтФАтФАтФАтФАтФАтФАтФАтФАтФАтФАтФАтФАтФАтФАтФАтФАтФАтФАтФАтФАтФАтФАтФАтФАтФАтФАтФАтФАтФАтФАтФАтФАтФАтФАтФАтФАтФАтФАтФАтФАтФАтФАтФАтФАтФАтФАтФАтФАтФАтФАтФАтФАтФАтФАтФАтФАтФАтФАтФАтФАтФАтФАтФАтФАтФАтФАтФАтФАтФАтФАтФАтФАтФАтФАтФАтФАтФАтФАтФАтФАтФАтФАтФАтФАтФАтФАтФАтФАтФАтФАтФАтФАтФАтФАтФАтФАтФАтФАтФАтФАтФАтФАтФАтФАтФАтФАтФАтФАтФАтФАтФАтФА
тФВ #0   TestService._completeBipolarTest (package:psycho_tests/services/test_service.dart:425:23)
тФВ #1   TestService.completeTest (package:psycho_tests/services/test_service.dart:55:16)
тФЬтФДтФДтФДтФДтФДтФДтФДтФДтФДтФДтФДтФДтФДтФДтФДтФДтФДтФДтФДтФДтФДтФДтФДтФДтФДтФДтФДтФДтФДтФДтФДтФДтФДтФДтФДтФДтФДтФДтФДтФДтФДтФДтФДтФДтФДтФДтФДтФДтФДтФДтФДтФДтФДтФДтФДтФДтФДтФДтФДтФДтФДтФДтФДтФДтФДтФДтФДтФДтФДтФДтФДтФДтФДтФДтФДтФДтФДтФДтФДтФДтФДтФДтФДтФДтФДтФДтФДтФДтФДтФДтФДтФДтФДтФДтФДтФДтФДтФДтФДтФДтФДтФДтФДтФДтФДтФДтФДтФДтФДтФДтФДтФДтФДтФДтФДтФДтФДтФДтФД
тФВ ЁЯРЫ Qq27: targetScale=intuition, score=3
тФФтФАтФАтФАтФАтФАтФАтФАтФАтФАтФАтФАтФАтФАтФАтФАтФАтФАтФАтФАтФАтФАтФАтФАтФАтФАтФАтФАтФАтФАтФАтФАтФАтФАтФАтФАтФАтФАтФАтФАтФАтФАтФАтФАтФАтФАтФАтФАтФАтФАтФАтФАтФАтФАтФАтФАтФАтФАтФАтФАтФАтФАтФАтФАтФАтФАтФАтФАтФАтФАтФАтФАтФАтФАтФАтФАтФАтФАтФАтФАтФАтФАтФАтФАтФАтФАтФАтФАтФАтФАтФАтФАтФАтФАтФАтФАтФАтФАтФАтФАтФАтФАтФАтФАтФАтФАтФАтФАтФАтФАтФАтФАтФАтФАтФАтФАтФАтФАтФАтФА
тФМтФАтФАтФАтФАтФАтФАтФАтФАтФАтФАтФАтФАтФАтФАтФАтФАтФАтФАтФАтФАтФАтФАтФАтФАтФАтФАтФАтФАтФАтФАтФАтФАтФАтФАтФАтФАтФАтФАтФАтФАтФАтФАтФАтФАтФАтФАтФАтФАтФАтФАтФАтФАтФАтФАтФАтФАтФАтФАтФАтФАтФАтФАтФАтФАтФАтФАтФАтФАтФАтФАтФАтФАтФАтФАтФАтФАтФАтФАтФАтФАтФАтФАтФАтФАтФАтФАтФАтФАтФАтФАтФАтФАтФАтФАтФАтФАтФАтФАтФАтФАтФАтФАтФАтФАтФАтФАтФАтФАтФАтФАтФАтФАтФАтФАтФАтФАтФАтФАтФА
тФВ #0   TestService._completeBipolarTest (package:psycho_tests/services/test_service.dart:425:23)
тФВ #1   TestService.completeTest (package:psycho_tests/services/test_service.dart:55:16)
тФЬтФДтФДтФДтФДтФДтФДтФДтФДтФДтФДтФДтФДтФДтФДтФДтФДтФДтФДтФДтФДтФДтФДтФДтФДтФДтФДтФДтФДтФДтФДтФДтФДтФДтФДтФДтФДтФДтФДтФДтФДтФДтФДтФДтФДтФДтФДтФДтФДтФДтФДтФДтФДтФДтФДтФДтФДтФДтФДтФДтФДтФДтФДтФДтФДтФДтФДтФДтФДтФДтФДтФДтФДтФДтФДтФДтФДтФДтФДтФДтФДтФДтФДтФДтФДтФДтФДтФДтФДтФДтФДтФДтФДтФДтФДтФДтФДтФДтФДтФДтФДтФДтФДтФДтФДтФДтФДтФДтФДтФДтФДтФДтФДтФДтФДтФДтФДтФДтФДтФД
тФВ ЁЯРЫ Qq28: targetScale=intuition, score=3
тФФтФАтФАтФАтФАтФАтФАтФАтФАтФАтФАтФАтФАтФАтФАтФАтФАтФАтФАтФАтФАтФАтФАтФАтФАтФАтФАтФАтФАтФАтФАтФАтФАтФАтФАтФАтФАтФАтФАтФАтФАтФАтФАтФАтФАтФАтФАтФАтФАтФАтФАтФАтФАтФАтФАтФАтФАтФАтФАтФАтФАтФАтФАтФАтФАтФАтФАтФАтФАтФАтФАтФАтФАтФАтФАтФАтФАтФАтФАтФАтФАтФАтФАтФАтФАтФАтФАтФАтФАтФАтФАтФАтФАтФАтФАтФАтФАтФАтФАтФАтФАтФАтФАтФАтФАтФАтФАтФАтФАтФАтФАтФАтФАтФАтФАтФАтФАтФАтФАтФА
тФМтФАтФАтФАтФАтФАтФАтФАтФАтФАтФАтФАтФАтФАтФАтФАтФАтФАтФАтФАтФАтФАтФАтФАтФАтФАтФАтФАтФАтФАтФАтФАтФАтФАтФАтФАтФАтФАтФАтФАтФАтФАтФАтФАтФАтФАтФАтФАтФАтФАтФАтФАтФАтФАтФАтФАтФАтФАтФАтФАтФАтФАтФАтФАтФАтФАтФАтФАтФАтФАтФАтФАтФАтФАтФАтФАтФАтФАтФАтФАтФАтФАтФАтФАтФАтФАтФАтФАтФАтФАтФАтФАтФАтФАтФАтФАтФАтФАтФАтФАтФАтФАтФАтФАтФАтФАтФАтФАтФАтФАтФАтФАтФАтФАтФАтФАтФАтФАтФАтФА
тФВ #0   TestService._completeBipolarTest (package:psycho_tests/services/test_service.dart:425:23)
тФВ #1   TestService.completeTest (package:psycho_tests/services/test_service.dart:55:16)
тФЬтФДтФДтФДтФДтФДтФДтФДтФДтФДтФДтФДтФДтФДтФДтФДтФДтФДтФДтФДтФДтФДтФДтФДтФДтФДтФДтФДтФДтФДтФДтФДтФДтФДтФДтФДтФДтФДтФДтФДтФДтФДтФДтФДтФДтФДтФДтФДтФДтФДтФДтФДтФДтФДтФДтФДтФДтФДтФДтФДтФДтФДтФДтФДтФДтФДтФДтФДтФДтФДтФДтФДтФДтФДтФДтФДтФДтФДтФДтФДтФДтФДтФДтФДтФДтФДтФДтФДтФДтФДтФДтФДтФДтФДтФДтФДтФДтФДтФДтФДтФДтФДтФДтФДтФДтФДтФДтФДтФДтФДтФДтФДтФДтФДтФДтФДтФДтФДтФДтФД
тФВ ЁЯРЫ Qq29: targetScale=intuition, score=3
тФФтФАтФАтФАтФАтФАтФАтФАтФАтФАтФАтФАтФАтФАтФАтФАтФАтФАтФАтФАтФАтФАтФАтФАтФАтФАтФАтФАтФАтФАтФАтФАтФАтФАтФАтФАтФАтФАтФАтФАтФАтФАтФАтФАтФАтФАтФАтФАтФАтФАтФАтФАтФАтФАтФАтФАтФАтФАтФАтФАтФАтФАтФАтФАтФАтФАтФАтФАтФАтФАтФАтФАтФАтФАтФАтФАтФАтФАтФАтФАтФАтФАтФАтФАтФАтФАтФАтФАтФАтФАтФАтФАтФАтФАтФАтФАтФАтФАтФАтФАтФАтФАтФАтФАтФАтФАтФАтФАтФАтФАтФАтФАтФАтФАтФАтФАтФАтФАтФАтФА
тФМтФАтФАтФАтФАтФАтФАтФАтФАтФАтФАтФАтФАтФАтФАтФАтФАтФАтФАтФАтФАтФАтФАтФАтФАтФАтФАтФАтФАтФАтФАтФАтФАтФАтФАтФАтФАтФАтФАтФАтФАтФАтФАтФАтФАтФАтФАтФАтФАтФАтФАтФАтФАтФАтФАтФАтФАтФАтФАтФАтФАтФАтФАтФАтФАтФАтФАтФАтФАтФАтФАтФАтФАтФАтФАтФАтФАтФАтФАтФАтФАтФАтФАтФАтФАтФАтФАтФАтФАтФАтФАтФАтФАтФАтФАтФАтФАтФАтФАтФАтФАтФАтФАтФАтФАтФАтФАтФАтФАтФАтФАтФАтФАтФАтФАтФАтФАтФАтФАтФА
тФВ #0   TestService._completeBipolarTest (package:psycho_tests/services/test_service.dart:425:23)
тФВ #1   TestService.completeTest (package:psycho_tests/services/test_service.dart:55:16)
тФЬтФДтФДтФДтФДтФДтФДтФДтФДтФДтФДтФДтФДтФДтФДтФДтФДтФДтФДтФДтФДтФДтФДтФДтФДтФДтФДтФДтФДтФДтФДтФДтФДтФДтФДтФДтФДтФДтФДтФДтФДтФДтФДтФДтФДтФДтФДтФДтФДтФДтФДтФДтФДтФДтФДтФДтФДтФДтФДтФДтФДтФДтФДтФДтФДтФДтФДтФДтФДтФДтФДтФДтФДтФДтФДтФДтФДтФДтФДтФДтФДтФДтФДтФДтФДтФДтФДтФДтФДтФДтФДтФДтФДтФДтФДтФДтФДтФДтФДтФДтФДтФДтФДтФДтФДтФДтФДтФДтФДтФДтФДтФДтФДтФДтФДтФДтФДтФДтФДтФД
тФВ ЁЯРЫ Qq30: targetScale=sensing, score=3
тФФтФАтФАтФАтФАтФАтФАтФАтФАтФАтФАтФАтФАтФАтФАтФАтФАтФАтФАтФАтФАтФАтФАтФАтФАтФАтФАтФАтФАтФАтФАтФАтФАтФАтФАтФАтФАтФАтФАтФАтФАтФАтФАтФАтФАтФАтФАтФАтФАтФАтФАтФАтФАтФАтФАтФАтФАтФАтФАтФАтФАтФАтФАтФАтФАтФАтФАтФАтФАтФАтФАтФАтФАтФАтФАтФАтФАтФАтФАтФАтФАтФАтФАтФАтФАтФАтФАтФАтФАтФАтФАтФАтФАтФАтФАтФАтФАтФАтФАтФАтФАтФАтФАтФАтФАтФАтФАтФАтФАтФАтФАтФАтФАтФАтФАтФАтФАтФАтФАтФА
тФМтФАтФАтФАтФАтФАтФАтФАтФАтФАтФАтФАтФАтФАтФАтФАтФАтФАтФАтФАтФАтФАтФАтФАтФАтФАтФАтФАтФАтФАтФАтФАтФАтФАтФАтФАтФАтФАтФАтФАтФАтФАтФАтФАтФАтФАтФАтФАтФАтФАтФАтФАтФАтФАтФАтФАтФАтФАтФАтФАтФАтФАтФАтФАтФАтФАтФАтФАтФАтФАтФАтФАтФАтФАтФАтФАтФАтФАтФАтФАтФАтФАтФАтФАтФАтФАтФАтФАтФАтФАтФАтФАтФАтФАтФАтФАтФАтФАтФАтФАтФАтФАтФАтФАтФАтФАтФАтФАтФАтФАтФАтФАтФАтФАтФАтФАтФАтФАтФАтФА
тФВ #0   TestService._completeBipolarTest (package:psycho_tests/services/test_service.dart:425:23)
тФВ #1   TestService.completeTest (package:psycho_tests/services/test_service.dart:55:16)
тФЬтФДтФДтФДтФДтФДтФДтФДтФДтФДтФДтФДтФДтФДтФДтФДтФДтФДтФДтФДтФДтФДтФДтФДтФДтФДтФДтФДтФДтФДтФДтФДтФДтФДтФДтФДтФДтФДтФДтФДтФДтФДтФДтФДтФДтФДтФДтФДтФДтФДтФДтФДтФДтФДтФДтФДтФДтФДтФДтФДтФДтФДтФДтФДтФДтФДтФДтФДтФДтФДтФДтФДтФДтФДтФДтФДтФДтФДтФДтФДтФДтФДтФДтФДтФДтФДтФДтФДтФДтФДтФДтФДтФДтФДтФДтФДтФДтФДтФДтФДтФДтФДтФДтФДтФДтФДтФДтФДтФДтФДтФДтФДтФДтФДтФДтФДтФДтФДтФДтФД
тФВ ЁЯРЫ Qq31: targetScale=sensing, score=3
тФФтФАтФАтФАтФАтФАтФАтФАтФАтФАтФАтФАтФАтФАтФАтФАтФАтФАтФАтФАтФАтФАтФАтФАтФАтФАтФАтФАтФАтФАтФАтФАтФАтФАтФАтФАтФАтФАтФАтФАтФАтФАтФАтФАтФАтФАтФАтФАтФАтФАтФАтФАтФАтФАтФАтФАтФАтФАтФАтФАтФАтФАтФАтФАтФАтФАтФАтФАтФАтФАтФАтФАтФАтФАтФАтФАтФАтФАтФАтФАтФАтФАтФАтФАтФАтФАтФАтФАтФАтФАтФАтФАтФАтФАтФАтФАтФАтФАтФАтФАтФАтФАтФАтФАтФАтФАтФАтФАтФАтФАтФАтФАтФАтФАтФАтФАтФАтФАтФАтФА
тФМтФАтФАтФАтФАтФАтФАтФАтФАтФАтФАтФАтФАтФАтФАтФАтФАтФАтФАтФАтФАтФАтФАтФАтФАтФАтФАтФАтФАтФАтФАтФАтФАтФАтФАтФАтФАтФАтФАтФАтФАтФАтФАтФАтФАтФАтФАтФАтФАтФАтФАтФАтФАтФАтФАтФАтФАтФАтФАтФАтФАтФАтФАтФАтФАтФАтФАтФАтФАтФАтФАтФАтФАтФАтФАтФАтФАтФАтФАтФАтФАтФАтФАтФАтФАтФАтФАтФАтФАтФАтФАтФАтФАтФАтФАтФАтФАтФАтФАтФАтФАтФАтФАтФАтФАтФАтФАтФАтФАтФАтФАтФАтФАтФАтФАтФАтФАтФАтФАтФА
тФВ #0   TestService._completeBipolarTest (package:psycho_tests/services/test_service.dart:425:23)
тФВ #1   TestService.completeTest (package:psycho_tests/services/test_service.dart:55:16)
тФЬтФДтФДтФДтФДтФДтФДтФДтФДтФДтФДтФДтФДтФДтФДтФДтФДтФДтФДтФДтФДтФДтФДтФДтФДтФДтФДтФДтФДтФДтФДтФДтФДтФДтФДтФДтФДтФДтФДтФДтФДтФДтФДтФДтФДтФДтФДтФДтФДтФДтФДтФДтФДтФДтФДтФДтФДтФДтФДтФДтФДтФДтФДтФДтФДтФДтФДтФДтФДтФДтФДтФДтФДтФДтФДтФДтФДтФДтФДтФДтФДтФДтФДтФДтФДтФДтФДтФДтФДтФДтФДтФДтФДтФДтФДтФДтФДтФДтФДтФДтФДтФДтФДтФДтФДтФДтФДтФДтФДтФДтФДтФДтФДтФДтФДтФДтФДтФДтФДтФД
тФВ ЁЯРЫ Qq32: targetScale=intuition, score=3
тФФтФАтФАтФАтФАтФАтФАтФАтФАтФАтФАтФАтФАтФАтФАтФАтФАтФАтФАтФАтФАтФАтФАтФАтФАтФАтФАтФАтФАтФАтФАтФАтФАтФАтФАтФАтФАтФАтФАтФАтФАтФАтФАтФАтФАтФАтФАтФАтФАтФАтФАтФАтФАтФАтФАтФАтФАтФАтФАтФАтФАтФАтФАтФАтФАтФАтФАтФАтФАтФАтФАтФАтФАтФАтФАтФАтФАтФАтФАтФАтФАтФАтФАтФАтФАтФАтФАтФАтФАтФАтФАтФАтФАтФАтФАтФАтФАтФАтФАтФАтФАтФАтФАтФАтФАтФАтФАтФАтФАтФАтФАтФАтФАтФАтФАтФАтФАтФАтФАтФА
тФМтФАтФАтФАтФАтФАтФАтФАтФАтФАтФАтФАтФАтФАтФАтФАтФАтФАтФАтФАтФАтФАтФАтФАтФАтФАтФАтФАтФАтФАтФАтФАтФАтФАтФАтФАтФАтФАтФАтФАтФАтФАтФАтФАтФАтФАтФАтФАтФАтФАтФАтФАтФАтФАтФАтФАтФАтФАтФАтФАтФАтФАтФАтФАтФАтФАтФАтФАтФАтФАтФАтФАтФАтФАтФАтФАтФАтФАтФАтФАтФАтФАтФАтФАтФАтФАтФАтФАтФАтФАтФАтФАтФАтФАтФАтФАтФАтФАтФАтФАтФАтФАтФАтФАтФАтФАтФАтФАтФАтФАтФАтФАтФАтФАтФАтФАтФАтФАтФАтФА
тФВ #0   TestService._completeBipolarTest (package:psycho_tests/services/test_service.dart:425:23)
тФВ #1   TestService.completeTest (package:psycho_tests/services/test_service.dart:55:16)
тФЬтФДтФДтФДтФДтФДтФДтФДтФДтФДтФДтФДтФДтФДтФДтФДтФДтФДтФДтФДтФДтФДтФДтФДтФДтФДтФДтФДтФДтФДтФДтФДтФДтФДтФДтФДтФДтФДтФДтФДтФДтФДтФДтФДтФДтФДтФДтФДтФДтФДтФДтФДтФДтФДтФДтФДтФДтФДтФДтФДтФДтФДтФДтФДтФДтФДтФДтФДтФДтФДтФДтФДтФДтФДтФДтФДтФДтФДтФДтФДтФДтФДтФДтФДтФДтФДтФДтФДтФДтФДтФДтФДтФДтФДтФДтФДтФДтФДтФДтФДтФДтФДтФДтФДтФДтФДтФДтФДтФДтФДтФДтФДтФДтФДтФДтФДтФДтФДтФДтФД
тФВ ЁЯРЫ Qq33: targetScale=intuition, score=3
тФФтФАтФАтФАтФАтФАтФАтФАтФАтФАтФАтФАтФАтФАтФАтФАтФАтФАтФАтФАтФАтФАтФАтФАтФАтФАтФАтФАтФАтФАтФАтФАтФАтФАтФАтФАтФАтФАтФАтФАтФАтФАтФАтФАтФАтФАтФАтФАтФАтФАтФАтФАтФАтФАтФАтФАтФАтФАтФАтФАтФАтФАтФАтФАтФАтФАтФАтФАтФАтФАтФАтФАтФАтФАтФАтФАтФАтФАтФАтФАтФАтФАтФАтФАтФАтФАтФАтФАтФАтФАтФАтФАтФАтФАтФАтФАтФАтФАтФАтФАтФАтФАтФАтФАтФАтФАтФАтФАтФАтФАтФАтФАтФАтФАтФАтФАтФАтФАтФАтФА
тФМтФАтФАтФАтФАтФАтФАтФАтФАтФАтФАтФАтФАтФАтФАтФАтФАтФАтФАтФАтФАтФАтФАтФАтФАтФАтФАтФАтФАтФАтФАтФАтФАтФАтФАтФАтФАтФАтФАтФАтФАтФАтФАтФАтФАтФАтФАтФАтФАтФАтФАтФАтФАтФАтФАтФАтФАтФАтФАтФАтФАтФАтФАтФАтФАтФАтФАтФАтФАтФАтФАтФАтФАтФАтФАтФАтФАтФАтФАтФАтФАтФАтФАтФАтФАтФАтФАтФАтФАтФАтФАтФАтФАтФАтФАтФАтФАтФАтФАтФАтФАтФАтФАтФАтФАтФАтФАтФАтФАтФАтФАтФАтФАтФАтФАтФАтФАтФАтФАтФА
тФВ #0   TestService._completeBipolarTest (package:psycho_tests/services/test_service.dart:425:23)
тФВ #1   TestService.completeTest (package:psycho_tests/services/test_service.dart:55:16)
тФЬтФДтФДтФДтФДтФДтФДтФДтФДтФДтФДтФДтФДтФДтФДтФДтФДтФДтФДтФДтФДтФДтФДтФДтФДтФДтФДтФДтФДтФДтФДтФДтФДтФДтФДтФДтФДтФДтФДтФДтФДтФДтФДтФДтФДтФДтФДтФДтФДтФДтФДтФДтФДтФДтФДтФДтФДтФДтФДтФДтФДтФДтФДтФДтФДтФДтФДтФДтФДтФДтФДтФДтФДтФДтФДтФДтФДтФДтФДтФДтФДтФДтФДтФДтФДтФДтФДтФДтФДтФДтФДтФДтФДтФДтФДтФДтФДтФДтФДтФДтФДтФДтФДтФДтФДтФДтФДтФДтФДтФДтФДтФДтФДтФДтФДтФДтФДтФДтФДтФД
тФВ ЁЯРЫ Qq34: targetScale=sensing, score=3
тФФтФАтФАтФАтФАтФАтФАтФАтФАтФАтФАтФАтФАтФАтФАтФАтФАтФАтФАтФАтФАтФАтФАтФАтФАтФАтФАтФАтФАтФАтФАтФАтФАтФАтФАтФАтФАтФАтФАтФАтФАтФАтФАтФАтФАтФАтФАтФАтФАтФАтФАтФАтФАтФАтФАтФАтФАтФАтФАтФАтФАтФАтФАтФАтФАтФАтФАтФАтФАтФАтФАтФАтФАтФАтФАтФАтФАтФАтФАтФАтФАтФАтФАтФАтФАтФАтФАтФАтФАтФАтФАтФАтФАтФАтФАтФАтФАтФАтФАтФАтФАтФАтФАтФАтФАтФАтФАтФАтФАтФАтФАтФАтФАтФАтФАтФАтФАтФАтФАтФА
тФМтФАтФАтФАтФАтФАтФАтФАтФАтФАтФАтФАтФАтФАтФАтФАтФАтФАтФАтФАтФАтФАтФАтФАтФАтФАтФАтФАтФАтФАтФАтФАтФАтФАтФАтФАтФАтФАтФАтФАтФАтФАтФАтФАтФАтФАтФАтФАтФАтФАтФАтФАтФАтФАтФАтФАтФАтФАтФАтФАтФАтФАтФАтФАтФАтФАтФАтФАтФАтФАтФАтФАтФАтФАтФАтФАтФАтФАтФАтФАтФАтФАтФАтФАтФАтФАтФАтФАтФАтФАтФАтФАтФАтФАтФАтФАтФАтФАтФАтФАтФАтФАтФАтФАтФАтФАтФАтФАтФАтФАтФАтФАтФАтФАтФАтФАтФАтФАтФАтФА
тФВ #0   TestService._completeBipolarTest (package:psycho_tests/services/test_service.dart:425:23)
тФВ #1   TestService.completeTest (package:psycho_tests/services/test_service.dart:55:16)
тФЬтФДтФДтФДтФДтФДтФДтФДтФДтФДтФДтФДтФДтФДтФДтФДтФДтФДтФДтФДтФДтФДтФДтФДтФДтФДтФДтФДтФДтФДтФДтФДтФДтФДтФДтФДтФДтФДтФДтФДтФДтФДтФДтФДтФДтФДтФДтФДтФДтФДтФДтФДтФДтФДтФДтФДтФДтФДтФДтФДтФДтФДтФДтФДтФДтФДтФДтФДтФДтФДтФДтФДтФДтФДтФДтФДтФДтФДтФДтФДтФДтФДтФДтФДтФДтФДтФДтФДтФДтФДтФДтФДтФДтФДтФДтФДтФДтФДтФДтФДтФДтФДтФДтФДтФДтФДтФДтФДтФДтФДтФДтФДтФДтФДтФДтФДтФДтФДтФДтФД
тФВ ЁЯРЫ Qq35: targetScale=sensing, score=3
тФФтФАтФАтФАтФАтФАтФАтФАтФАтФАтФАтФАтФАтФАтФАтФАтФАтФАтФАтФАтФАтФАтФАтФАтФАтФАтФАтФАтФАтФАтФАтФАтФАтФАтФАтФАтФАтФАтФАтФАтФАтФАтФАтФАтФАтФАтФАтФАтФАтФАтФАтФАтФАтФАтФАтФАтФАтФАтФАтФАтФАтФАтФАтФАтФАтФАтФАтФАтФАтФАтФАтФАтФАтФАтФАтФАтФАтФАтФАтФАтФАтФАтФАтФАтФАтФАтФАтФАтФАтФАтФАтФАтФАтФАтФАтФАтФАтФАтФАтФАтФАтФАтФАтФАтФАтФАтФАтФАтФАтФАтФАтФАтФАтФАтФАтФАтФАтФАтФАтФА
тФМтФАтФАтФАтФАтФАтФАтФАтФАтФАтФАтФАтФАтФАтФАтФАтФАтФАтФАтФАтФАтФАтФАтФАтФАтФАтФАтФАтФАтФАтФАтФАтФАтФАтФАтФАтФАтФАтФАтФАтФАтФАтФАтФАтФАтФАтФАтФАтФАтФАтФАтФАтФАтФАтФАтФАтФАтФАтФАтФАтФАтФАтФАтФАтФАтФАтФАтФАтФАтФАтФАтФАтФАтФАтФАтФАтФАтФАтФАтФАтФАтФАтФАтФАтФАтФАтФАтФАтФАтФАтФАтФАтФАтФАтФАтФАтФАтФАтФАтФАтФАтФАтФАтФАтФАтФАтФАтФАтФАтФАтФАтФАтФАтФАтФАтФАтФАтФАтФАтФА
тФВ #0   TestService._completeBipolarTest (package:psycho_tests/services/test_service.dart:425:23)
тФВ #1   TestService.completeTest (package:psycho_tests/services/test_service.dart:55:16)
тФЬтФДтФДтФДтФДтФДтФДтФДтФДтФДтФДтФДтФДтФДтФДтФДтФДтФДтФДтФДтФДтФДтФДтФДтФДтФДтФДтФДтФДтФДтФДтФДтФДтФДтФДтФДтФДтФДтФДтФДтФДтФДтФДтФДтФДтФДтФДтФДтФДтФДтФДтФДтФДтФДтФДтФДтФДтФДтФДтФДтФДтФДтФДтФДтФДтФДтФДтФДтФДтФДтФДтФДтФДтФДтФДтФДтФДтФДтФДтФДтФДтФДтФДтФДтФДтФДтФДтФДтФДтФДтФДтФДтФДтФДтФДтФДтФДтФДтФДтФДтФДтФДтФДтФДтФДтФДтФДтФДтФДтФДтФДтФДтФДтФДтФДтФДтФДтФДтФДтФД
тФВ ЁЯРЫ Qq36: targetScale=intuition, score=3
тФФтФАтФАтФАтФАтФАтФАтФАтФАтФАтФАтФАтФАтФАтФАтФАтФАтФАтФАтФАтФАтФАтФАтФАтФАтФАтФАтФАтФАтФАтФАтФАтФАтФАтФАтФАтФАтФАтФАтФАтФАтФАтФАтФАтФАтФАтФАтФАтФАтФАтФАтФАтФАтФАтФАтФАтФАтФАтФАтФАтФАтФАтФАтФАтФАтФАтФАтФАтФАтФАтФАтФАтФАтФАтФАтФАтФАтФАтФАтФАтФАтФАтФАтФАтФАтФАтФАтФАтФАтФАтФАтФАтФАтФАтФАтФАтФАтФАтФАтФАтФАтФАтФАтФАтФАтФАтФАтФАтФАтФАтФАтФАтФАтФАтФАтФАтФАтФАтФАтФА
тФМтФАтФАтФАтФАтФАтФАтФАтФАтФАтФАтФАтФАтФАтФАтФАтФАтФАтФАтФАтФАтФАтФАтФАтФАтФАтФАтФАтФАтФАтФАтФАтФАтФАтФАтФАтФАтФАтФАтФАтФАтФАтФАтФАтФАтФАтФАтФАтФАтФАтФАтФАтФАтФАтФАтФАтФАтФАтФАтФАтФАтФАтФАтФАтФАтФАтФАтФАтФАтФАтФАтФАтФАтФАтФАтФАтФАтФАтФАтФАтФАтФАтФАтФАтФАтФАтФАтФАтФАтФАтФАтФАтФАтФАтФАтФАтФАтФАтФАтФАтФАтФАтФАтФАтФАтФАтФАтФАтФАтФАтФАтФАтФАтФАтФАтФАтФАтФАтФАтФА
тФВ #0   TestService._completeBipolarTest (package:psycho_tests/services/test_service.dart:425:23)
тФВ #1   TestService.completeTest (package:psycho_tests/services/test_service.dart:55:16)
тФЬтФДтФДтФДтФДтФДтФДтФДтФДтФДтФДтФДтФДтФДтФДтФДтФДтФДтФДтФДтФДтФДтФДтФДтФДтФДтФДтФДтФДтФДтФДтФДтФДтФДтФДтФДтФДтФДтФДтФДтФДтФДтФДтФДтФДтФДтФДтФДтФДтФДтФДтФДтФДтФДтФДтФДтФДтФДтФДтФДтФДтФДтФДтФДтФДтФДтФДтФДтФДтФДтФДтФДтФДтФДтФДтФДтФДтФДтФДтФДтФДтФДтФДтФДтФДтФДтФДтФДтФДтФДтФДтФДтФДтФДтФДтФДтФДтФДтФДтФДтФДтФДтФДтФДтФДтФДтФДтФДтФДтФДтФДтФДтФДтФДтФДтФДтФДтФДтФДтФД
тФВ ЁЯРЫ Qq37: targetScale=intuition, score=3
тФФтФАтФАтФАтФАтФАтФАтФАтФАтФАтФАтФАтФАтФАтФАтФАтФАтФАтФАтФАтФАтФАтФАтФАтФАтФАтФАтФАтФАтФАтФАтФАтФАтФАтФАтФАтФАтФАтФАтФАтФАтФАтФАтФАтФАтФАтФАтФАтФАтФАтФАтФАтФАтФАтФАтФАтФАтФАтФАтФАтФАтФАтФАтФАтФАтФАтФАтФАтФАтФАтФАтФАтФАтФАтФАтФАтФАтФАтФАтФАтФАтФАтФАтФАтФАтФАтФАтФАтФАтФАтФАтФАтФАтФАтФАтФАтФАтФАтФАтФАтФАтФАтФАтФАтФАтФАтФАтФАтФАтФАтФАтФАтФАтФАтФАтФАтФАтФАтФАтФА
тФМтФАтФАтФАтФАтФАтФАтФАтФАтФАтФАтФАтФАтФАтФАтФАтФАтФАтФАтФАтФАтФАтФАтФАтФАтФАтФАтФАтФАтФАтФАтФАтФАтФАтФАтФАтФАтФАтФАтФАтФАтФАтФАтФАтФАтФАтФАтФАтФАтФАтФАтФАтФАтФАтФАтФАтФАтФАтФАтФАтФАтФАтФАтФАтФАтФАтФАтФАтФАтФАтФАтФАтФАтФАтФАтФАтФАтФАтФАтФАтФАтФАтФАтФАтФАтФАтФАтФАтФАтФАтФАтФАтФАтФАтФАтФАтФАтФАтФАтФАтФАтФАтФАтФАтФАтФАтФАтФАтФАтФАтФАтФАтФАтФАтФАтФАтФАтФАтФАтФА
тФВ #0   TestService._completeBipolarTest (package:psycho_tests/services/test_service.dart:425:23)
тФВ #1   TestService.completeTest (package:psycho_tests/services/test_service.dart:55:16)
тФЬтФДтФДтФДтФДтФДтФДтФДтФДтФДтФДтФДтФДтФДтФДтФДтФДтФДтФДтФДтФДтФДтФДтФДтФДтФДтФДтФДтФДтФДтФДтФДтФДтФДтФДтФДтФДтФДтФДтФДтФДтФДтФДтФДтФДтФДтФДтФДтФДтФДтФДтФДтФДтФДтФДтФДтФДтФДтФДтФДтФДтФДтФДтФДтФДтФДтФДтФДтФДтФДтФДтФДтФДтФДтФДтФДтФДтФДтФДтФДтФДтФДтФДтФДтФДтФДтФДтФДтФДтФДтФДтФДтФДтФДтФДтФДтФДтФДтФДтФДтФДтФДтФДтФДтФДтФДтФДтФДтФДтФДтФДтФДтФДтФДтФДтФДтФДтФДтФДтФД
тФВ ЁЯРЫ Qq38: targetScale=sensing, score=3
тФФтФАтФАтФАтФАтФАтФАтФАтФАтФАтФАтФАтФАтФАтФАтФАтФАтФАтФАтФАтФАтФАтФАтФАтФАтФАтФАтФАтФАтФАтФАтФАтФАтФАтФАтФАтФАтФАтФАтФАтФАтФАтФАтФАтФАтФАтФАтФАтФАтФАтФАтФАтФАтФАтФАтФАтФАтФАтФАтФАтФАтФАтФАтФАтФАтФАтФАтФАтФАтФАтФАтФАтФАтФАтФАтФАтФАтФАтФАтФАтФАтФАтФАтФАтФАтФАтФАтФАтФАтФАтФАтФАтФАтФАтФАтФАтФАтФАтФАтФАтФАтФАтФАтФАтФАтФАтФАтФАтФАтФАтФАтФАтФАтФАтФАтФАтФАтФАтФАтФА
тФМтФАтФАтФАтФАтФАтФАтФАтФАтФАтФАтФАтФАтФАтФАтФАтФАтФАтФАтФАтФАтФАтФАтФАтФАтФАтФАтФАтФАтФАтФАтФАтФАтФАтФАтФАтФАтФАтФАтФАтФАтФАтФАтФАтФАтФАтФАтФАтФАтФАтФАтФАтФАтФАтФАтФАтФАтФАтФАтФАтФАтФАтФАтФАтФАтФАтФАтФАтФАтФАтФАтФАтФАтФАтФАтФАтФАтФАтФАтФАтФАтФАтФАтФАтФАтФАтФАтФАтФАтФАтФАтФАтФАтФАтФАтФАтФАтФАтФАтФАтФАтФАтФАтФАтФАтФАтФАтФАтФАтФАтФАтФАтФАтФАтФАтФАтФАтФАтФАтФА
тФВ #0   TestService._completeBipolarTest (package:psycho_tests/services/test_service.dart:425:23)
тФВ #1   TestService.completeTest (package:psycho_tests/services/test_service.dart:55:16)
тФЬтФДтФДтФДтФДтФДтФДтФДтФДтФДтФДтФДтФДтФДтФДтФДтФДтФДтФДтФДтФДтФДтФДтФДтФДтФДтФДтФДтФДтФДтФДтФДтФДтФДтФДтФДтФДтФДтФДтФДтФДтФДтФДтФДтФДтФДтФДтФДтФДтФДтФДтФДтФДтФДтФДтФДтФДтФДтФДтФДтФДтФДтФДтФДтФДтФДтФДтФДтФДтФДтФДтФДтФДтФДтФДтФДтФДтФДтФДтФДтФДтФДтФДтФДтФДтФДтФДтФДтФДтФДтФДтФДтФДтФДтФДтФДтФДтФДтФДтФДтФДтФДтФДтФДтФДтФДтФДтФДтФДтФДтФДтФДтФДтФДтФДтФДтФДтФДтФДтФД
тФВ ЁЯРЫ Qq39: targetScale=intuition, score=3
тФФтФАтФАтФАтФАтФАтФАтФАтФАтФАтФАтФАтФАтФАтФАтФАтФАтФАтФАтФАтФАтФАтФАтФАтФАтФАтФАтФАтФАтФАтФАтФАтФАтФАтФАтФАтФАтФАтФАтФАтФАтФАтФАтФАтФАтФАтФАтФАтФАтФАтФАтФАтФАтФАтФАтФАтФАтФАтФАтФАтФАтФАтФАтФАтФАтФАтФАтФАтФАтФАтФАтФАтФАтФАтФАтФАтФАтФАтФАтФАтФАтФАтФАтФАтФАтФАтФАтФАтФАтФАтФАтФАтФАтФАтФАтФАтФАтФАтФАтФАтФАтФАтФАтФАтФАтФАтФАтФАтФАтФАтФАтФАтФАтФАтФАтФАтФАтФАтФАтФА
тФМтФАтФАтФАтФАтФАтФАтФАтФАтФАтФАтФАтФАтФАтФАтФАтФАтФАтФАтФАтФАтФАтФАтФАтФАтФАтФАтФАтФАтФАтФАтФАтФАтФАтФАтФАтФАтФАтФАтФАтФАтФАтФАтФАтФАтФАтФАтФАтФАтФАтФАтФАтФАтФАтФАтФАтФАтФАтФАтФАтФАтФАтФАтФАтФАтФАтФАтФАтФАтФАтФАтФАтФАтФАтФАтФАтФАтФАтФАтФАтФАтФАтФАтФАтФАтФАтФАтФАтФАтФАтФАтФАтФАтФАтФАтФАтФАтФАтФАтФАтФАтФАтФАтФАтФАтФАтФАтФАтФАтФАтФАтФАтФАтФАтФАтФАтФАтФАтФАтФА
тФВ #0   TestService._completeBipolarTest (package:psycho_tests/services/test_service.dart:425:23)
тФВ #1   TestService.completeTest (package:psycho_tests/services/test_service.dart:55:16)
тФЬтФДтФДтФДтФДтФДтФДтФДтФДтФДтФДтФДтФДтФДтФДтФДтФДтФДтФДтФДтФДтФДтФДтФДтФДтФДтФДтФДтФДтФДтФДтФДтФДтФДтФДтФДтФДтФДтФДтФДтФДтФДтФДтФДтФДтФДтФДтФДтФДтФДтФДтФДтФДтФДтФДтФДтФДтФДтФДтФДтФДтФДтФДтФДтФДтФДтФДтФДтФДтФДтФДтФДтФДтФДтФДтФДтФДтФДтФДтФДтФДтФДтФДтФДтФДтФДтФДтФДтФДтФДтФДтФДтФДтФДтФДтФДтФДтФДтФДтФДтФДтФДтФДтФДтФДтФДтФДтФДтФДтФДтФДтФДтФДтФДтФДтФДтФДтФДтФДтФД
тФВ ЁЯРЫ Qq40: targetScale=sensing, score=3
тФФтФАтФАтФАтФАтФАтФАтФАтФАтФАтФАтФАтФАтФАтФАтФАтФАтФАтФАтФАтФАтФАтФАтФАтФАтФАтФАтФАтФАтФАтФАтФАтФАтФАтФАтФАтФАтФАтФАтФАтФАтФАтФАтФАтФАтФАтФАтФАтФАтФАтФАтФАтФАтФАтФАтФАтФАтФАтФАтФАтФАтФАтФАтФАтФАтФАтФАтФАтФАтФАтФАтФАтФАтФАтФАтФАтФАтФАтФАтФАтФАтФАтФАтФАтФАтФАтФАтФАтФАтФАтФАтФАтФАтФАтФАтФАтФАтФАтФАтФАтФАтФАтФАтФАтФАтФАтФАтФАтФАтФАтФАтФАтФАтФАтФАтФАтФАтФАтФАтФА
тФМтФАтФАтФАтФАтФАтФАтФАтФАтФАтФАтФАтФАтФАтФАтФАтФАтФАтФАтФАтФАтФАтФАтФАтФАтФАтФАтФАтФАтФАтФАтФАтФАтФАтФАтФАтФАтФАтФАтФАтФАтФАтФАтФАтФАтФАтФАтФАтФАтФАтФАтФАтФАтФАтФАтФАтФАтФАтФАтФАтФАтФАтФАтФАтФАтФАтФАтФАтФАтФАтФАтФАтФАтФАтФАтФАтФАтФАтФАтФАтФАтФАтФАтФАтФАтФАтФАтФАтФАтФАтФАтФАтФАтФАтФАтФАтФАтФАтФАтФАтФАтФАтФАтФАтФАтФАтФАтФАтФАтФАтФАтФАтФАтФАтФАтФАтФАтФАтФАтФА
тФВ #0   TestService._completeBipolarTest (package:psycho_tests/services/test_service.dart:425:23)
тФВ #1   TestService.completeTest (package:psycho_tests/services/test_service.dart:55:16)
тФЬтФДтФДтФДтФДтФДтФДтФДтФДтФДтФДтФДтФДтФДтФДтФДтФДтФДтФДтФДтФДтФДтФДтФДтФДтФДтФДтФДтФДтФДтФДтФДтФДтФДтФДтФДтФДтФДтФДтФДтФДтФДтФДтФДтФДтФДтФДтФДтФДтФДтФДтФДтФДтФДтФДтФДтФДтФДтФДтФДтФДтФДтФДтФДтФДтФДтФДтФДтФДтФДтФДтФДтФДтФДтФДтФДтФДтФДтФДтФДтФДтФДтФДтФДтФДтФДтФДтФДтФДтФДтФДтФДтФДтФДтФДтФДтФДтФДтФДтФДтФДтФДтФДтФДтФДтФДтФДтФДтФДтФДтФДтФДтФДтФДтФДтФДтФДтФДтФДтФД
тФВ ЁЯРЫ Qq41: targetScale=thinking, score=3
тФФтФАтФАтФАтФАтФАтФАтФАтФАтФАтФАтФАтФАтФАтФАтФАтФАтФАтФАтФАтФАтФАтФАтФАтФАтФАтФАтФАтФАтФАтФАтФАтФАтФАтФАтФАтФАтФАтФАтФАтФАтФАтФАтФАтФАтФАтФАтФАтФАтФАтФАтФАтФАтФАтФАтФАтФАтФАтФАтФАтФАтФАтФАтФАтФАтФАтФАтФАтФАтФАтФАтФАтФАтФАтФАтФАтФАтФАтФАтФАтФАтФАтФАтФАтФАтФАтФАтФАтФАтФАтФАтФАтФАтФАтФАтФАтФАтФАтФАтФАтФАтФАтФАтФАтФАтФАтФАтФАтФАтФАтФАтФАтФАтФАтФАтФАтФАтФАтФАтФА
тФМтФАтФАтФАтФАтФАтФАтФАтФАтФАтФАтФАтФАтФАтФАтФАтФАтФАтФАтФАтФАтФАтФАтФАтФАтФАтФАтФАтФАтФАтФАтФАтФАтФАтФАтФАтФАтФАтФАтФАтФАтФАтФАтФАтФАтФАтФАтФАтФАтФАтФАтФАтФАтФАтФАтФАтФАтФАтФАтФАтФАтФАтФАтФАтФАтФАтФАтФАтФАтФАтФАтФАтФАтФАтФАтФАтФАтФАтФАтФАтФАтФАтФАтФАтФАтФАтФАтФАтФАтФАтФАтФАтФАтФАтФАтФАтФАтФАтФАтФАтФАтФАтФАтФАтФАтФАтФАтФАтФАтФАтФАтФАтФАтФАтФАтФАтФАтФАтФАтФА
тФВ #0   TestService._completeBipolarTest (package:psycho_tests/services/test_service.dart:425:23)
тФВ #1   TestService.completeTest (package:psycho_tests/services/test_service.dart:55:16)
тФЬтФДтФДтФДтФДтФДтФДтФДтФДтФДтФДтФДтФДтФДтФДтФДтФДтФДтФДтФДтФДтФДтФДтФДтФДтФДтФДтФДтФДтФДтФДтФДтФДтФДтФДтФДтФДтФДтФДтФДтФДтФДтФДтФДтФДтФДтФДтФДтФДтФДтФДтФДтФДтФДтФДтФДтФДтФДтФДтФДтФДтФДтФДтФДтФДтФДтФДтФДтФДтФДтФДтФДтФДтФДтФДтФДтФДтФДтФДтФДтФДтФДтФДтФДтФДтФДтФДтФДтФДтФДтФДтФДтФДтФДтФДтФДтФДтФДтФДтФДтФДтФДтФДтФДтФДтФДтФДтФДтФДтФДтФДтФДтФДтФДтФДтФДтФДтФДтФДтФД
тФВ ЁЯРЫ Qq42: targetScale=thinking, score=3
тФФтФАтФАтФАтФАтФАтФАтФАтФАтФАтФАтФАтФАтФАтФАтФАтФАтФАтФАтФАтФАтФАтФАтФАтФАтФАтФАтФАтФАтФАтФАтФАтФАтФАтФАтФАтФАтФАтФАтФАтФАтФАтФАтФАтФАтФАтФАтФАтФАтФАтФАтФАтФАтФАтФАтФАтФАтФАтФАтФАтФАтФАтФАтФАтФАтФАтФАтФАтФАтФАтФАтФАтФАтФАтФАтФАтФАтФАтФАтФАтФАтФАтФАтФАтФАтФАтФАтФАтФАтФАтФАтФАтФАтФАтФАтФАтФАтФАтФАтФАтФАтФАтФАтФАтФАтФАтФАтФАтФАтФАтФАтФАтФАтФАтФАтФАтФАтФАтФАтФА
тФМтФАтФАтФАтФАтФАтФАтФАтФАтФАтФАтФАтФАтФАтФАтФАтФАтФАтФАтФАтФАтФАтФАтФАтФАтФАтФАтФАтФАтФАтФАтФАтФАтФАтФАтФАтФАтФАтФАтФАтФАтФАтФАтФАтФАтФАтФАтФАтФАтФАтФАтФАтФАтФАтФАтФАтФАтФАтФАтФАтФАтФАтФАтФАтФАтФАтФАтФАтФАтФАтФАтФАтФАтФАтФАтФАтФАтФАтФАтФАтФАтФАтФАтФАтФАтФАтФАтФАтФАтФАтФАтФАтФАтФАтФАтФАтФАтФАтФАтФАтФАтФАтФАтФАтФАтФАтФАтФАтФАтФАтФАтФАтФАтФАтФАтФАтФАтФАтФАтФА
тФВ #0   TestService._completeBipolarTest (package:psycho_tests/services/test_service.dart:425:23)
тФВ #1   TestService.completeTest (package:psycho_tests/services/test_service.dart:55:16)
тФЬтФДтФДтФДтФДтФДтФДтФДтФДтФДтФДтФДтФДтФДтФДтФДтФДтФДтФДтФДтФДтФДтФДтФДтФДтФДтФДтФДтФДтФДтФДтФДтФДтФДтФДтФДтФДтФДтФДтФДтФДтФДтФДтФДтФДтФДтФДтФДтФДтФДтФДтФДтФДтФДтФДтФДтФДтФДтФДтФДтФДтФДтФДтФДтФДтФДтФДтФДтФДтФДтФДтФДтФДтФДтФДтФДтФДтФДтФДтФДтФДтФДтФДтФДтФДтФДтФДтФДтФДтФДтФДтФДтФДтФДтФДтФДтФДтФДтФДтФДтФДтФДтФДтФДтФДтФДтФДтФДтФДтФДтФДтФДтФДтФДтФДтФДтФДтФДтФДтФД
тФВ ЁЯРЫ Qq43: targetScale=thinking, score=3
тФФтФАтФАтФАтФАтФАтФАтФАтФАтФАтФАтФАтФАтФАтФАтФАтФАтФАтФАтФАтФАтФАтФАтФАтФАтФАтФАтФАтФАтФАтФАтФАтФАтФАтФАтФАтФАтФАтФАтФАтФАтФАтФАтФАтФАтФАтФАтФАтФАтФАтФАтФАтФАтФАтФАтФАтФАтФАтФАтФАтФАтФАтФАтФАтФАтФАтФАтФАтФАтФАтФАтФАтФАтФАтФАтФАтФАтФАтФАтФАтФАтФАтФАтФАтФАтФАтФАтФАтФАтФАтФАтФАтФАтФАтФАтФАтФАтФАтФАтФАтФАтФАтФАтФАтФАтФАтФАтФАтФАтФАтФАтФАтФАтФАтФАтФАтФАтФАтФАтФА
тФМтФАтФАтФАтФАтФАтФАтФАтФАтФАтФАтФАтФАтФАтФАтФАтФАтФАтФАтФАтФАтФАтФАтФАтФАтФАтФАтФАтФАтФАтФАтФАтФАтФАтФАтФАтФАтФАтФАтФАтФАтФАтФАтФАтФАтФАтФАтФАтФАтФАтФАтФАтФАтФАтФАтФАтФАтФАтФАтФАтФАтФАтФАтФАтФАтФАтФАтФАтФАтФАтФАтФАтФАтФАтФАтФАтФАтФАтФАтФАтФАтФАтФАтФАтФАтФАтФАтФАтФАтФАтФАтФАтФАтФАтФАтФАтФАтФАтФАтФАтФАтФАтФАтФАтФАтФАтФАтФАтФАтФАтФАтФАтФАтФАтФАтФАтФАтФАтФАтФА
тФВ #0   TestService._completeBipolarTest (package:psycho_tests/services/test_service.dart:425:23)
тФВ #1   TestService.completeTest (package:psycho_tests/services/test_service.dart:55:16)
тФЬтФДтФДтФДтФДтФДтФДтФДтФДтФДтФДтФДтФДтФДтФДтФДтФДтФДтФДтФДтФДтФДтФДтФДтФДтФДтФДтФДтФДтФДтФДтФДтФДтФДтФДтФДтФДтФДтФДтФДтФДтФДтФДтФДтФДтФДтФДтФДтФДтФДтФДтФДтФДтФДтФДтФДтФДтФДтФДтФДтФДтФДтФДтФДтФДтФДтФДтФДтФДтФДтФДтФДтФДтФДтФДтФДтФДтФДтФДтФДтФДтФДтФДтФДтФДтФДтФДтФДтФДтФДтФДтФДтФДтФДтФДтФДтФДтФДтФДтФДтФДтФДтФДтФДтФДтФДтФДтФДтФДтФДтФДтФДтФДтФДтФДтФДтФДтФДтФДтФД
тФВ ЁЯРЫ Qq44: targetScale=feeling, score=3
тФФтФАтФАтФАтФАтФАтФАтФАтФАтФАтФАтФАтФАтФАтФАтФАтФАтФАтФАтФАтФАтФАтФАтФАтФАтФАтФАтФАтФАтФАтФАтФАтФАтФАтФАтФАтФАтФАтФАтФАтФАтФАтФАтФАтФАтФАтФАтФАтФАтФАтФАтФАтФАтФАтФАтФАтФАтФАтФАтФАтФАтФАтФАтФАтФАтФАтФАтФАтФАтФАтФАтФАтФАтФАтФАтФАтФАтФАтФАтФАтФАтФАтФАтФАтФАтФАтФАтФАтФАтФАтФАтФАтФАтФАтФАтФАтФАтФАтФАтФАтФАтФАтФАтФАтФАтФАтФАтФАтФАтФАтФАтФАтФАтФАтФАтФАтФАтФАтФАтФА
тФМтФАтФАтФАтФАтФАтФАтФАтФАтФАтФАтФАтФАтФАтФАтФАтФАтФАтФАтФАтФАтФАтФАтФАтФАтФАтФАтФАтФАтФАтФАтФАтФАтФАтФАтФАтФАтФАтФАтФАтФАтФАтФАтФАтФАтФАтФАтФАтФАтФАтФАтФАтФАтФАтФАтФАтФАтФАтФАтФАтФАтФАтФАтФАтФАтФАтФАтФАтФАтФАтФАтФАтФАтФАтФАтФАтФАтФАтФАтФАтФАтФАтФАтФАтФАтФАтФАтФАтФАтФАтФАтФАтФАтФАтФАтФАтФАтФАтФАтФАтФАтФАтФАтФАтФАтФАтФАтФАтФАтФАтФАтФАтФАтФАтФАтФАтФАтФАтФАтФА
тФВ #0   TestService._completeBipolarTest (package:psycho_tests/services/test_service.dart:425:23)
тФВ #1   TestService.completeTest (package:psycho_tests/services/test_service.dart:55:16)
тФЬтФДтФДтФДтФДтФДтФДтФДтФДтФДтФДтФДтФДтФДтФДтФДтФДтФДтФДтФДтФДтФДтФДтФДтФДтФДтФДтФДтФДтФДтФДтФДтФДтФДтФДтФДтФДтФДтФДтФДтФДтФДтФДтФДтФДтФДтФДтФДтФДтФДтФДтФДтФДтФДтФДтФДтФДтФДтФДтФДтФДтФДтФДтФДтФДтФДтФДтФДтФДтФДтФДтФДтФДтФДтФДтФДтФДтФДтФДтФДтФДтФДтФДтФДтФДтФДтФДтФДтФДтФДтФДтФДтФДтФДтФДтФДтФДтФДтФДтФДтФДтФДтФДтФДтФДтФДтФДтФДтФДтФДтФДтФДтФДтФДтФДтФДтФДтФДтФДтФД
тФВ ЁЯРЫ Qq45: targetScale=feeling, score=3
тФФтФАтФАтФАтФАтФАтФАтФАтФАтФАтФАтФАтФАтФАтФАтФАтФАтФАтФАтФАтФАтФАтФАтФАтФАтФАтФАтФАтФАтФАтФАтФАтФАтФАтФАтФАтФАтФАтФАтФАтФАтФАтФАтФАтФАтФАтФАтФАтФАтФАтФАтФАтФАтФАтФАтФАтФАтФАтФАтФАтФАтФАтФАтФАтФАтФАтФАтФАтФАтФАтФАтФАтФАтФАтФАтФАтФАтФАтФАтФАтФАтФАтФАтФАтФАтФАтФАтФАтФАтФАтФАтФАтФАтФАтФАтФАтФАтФАтФАтФАтФАтФАтФАтФАтФАтФАтФАтФАтФАтФАтФАтФАтФАтФАтФАтФАтФАтФАтФАтФА
тФМтФАтФАтФАтФАтФАтФАтФАтФАтФАтФАтФАтФАтФАтФАтФАтФАтФАтФАтФАтФАтФАтФАтФАтФАтФАтФАтФАтФАтФАтФАтФАтФАтФАтФАтФАтФАтФАтФАтФАтФАтФАтФАтФАтФАтФАтФАтФАтФАтФАтФАтФАтФАтФАтФАтФАтФАтФАтФАтФАтФАтФАтФАтФАтФАтФАтФАтФАтФАтФАтФАтФАтФАтФАтФАтФАтФАтФАтФАтФАтФАтФАтФАтФАтФАтФАтФАтФАтФАтФАтФАтФАтФАтФАтФАтФАтФАтФАтФАтФАтФАтФАтФАтФАтФАтФАтФАтФАтФАтФАтФАтФАтФАтФАтФАтФАтФАтФАтФАтФА
тФВ #0   TestService._completeBipolarTest (package:psycho_tests/services/test_service.dart:425:23)
тФВ #1   TestService.completeTest (package:psycho_tests/services/test_service.dart:55:16)
тФЬтФДтФДтФДтФДтФДтФДтФДтФДтФДтФДтФДтФДтФДтФДтФДтФДтФДтФДтФДтФДтФДтФДтФДтФДтФДтФДтФДтФДтФДтФДтФДтФДтФДтФДтФДтФДтФДтФДтФДтФДтФДтФДтФДтФДтФДтФДтФДтФДтФДтФДтФДтФДтФДтФДтФДтФДтФДтФДтФДтФДтФДтФДтФДтФДтФДтФДтФДтФДтФДтФДтФДтФДтФДтФДтФДтФДтФДтФДтФДтФДтФДтФДтФДтФДтФДтФДтФДтФДтФДтФДтФДтФДтФДтФДтФДтФДтФДтФДтФДтФДтФДтФДтФДтФДтФДтФДтФДтФДтФДтФДтФДтФДтФДтФДтФДтФДтФДтФДтФД
тФВ ЁЯРЫ Qq46: targetScale=feeling, score=3
тФФтФАтФАтФАтФАтФАтФАтФАтФАтФАтФАтФАтФАтФАтФАтФАтФАтФАтФАтФАтФАтФАтФАтФАтФАтФАтФАтФАтФАтФАтФАтФАтФАтФАтФАтФАтФАтФАтФАтФАтФАтФАтФАтФАтФАтФАтФАтФАтФАтФАтФАтФАтФАтФАтФАтФАтФАтФАтФАтФАтФАтФАтФАтФАтФАтФАтФАтФАтФАтФАтФАтФАтФАтФАтФАтФАтФАтФАтФАтФАтФАтФАтФАтФАтФАтФАтФАтФАтФАтФАтФАтФАтФАтФАтФАтФАтФАтФАтФАтФАтФАтФАтФАтФАтФАтФАтФАтФАтФАтФАтФАтФАтФАтФАтФАтФАтФАтФАтФАтФА
тФМтФАтФАтФАтФАтФАтФАтФАтФАтФАтФАтФАтФАтФАтФАтФАтФАтФАтФАтФАтФАтФАтФАтФАтФАтФАтФАтФАтФАтФАтФАтФАтФАтФАтФАтФАтФАтФАтФАтФАтФАтФАтФАтФАтФАтФАтФАтФАтФАтФАтФАтФАтФАтФАтФАтФАтФАтФАтФАтФАтФАтФАтФАтФАтФАтФАтФАтФАтФАтФАтФАтФАтФАтФАтФАтФАтФАтФАтФАтФАтФАтФАтФАтФАтФАтФАтФАтФАтФАтФАтФАтФАтФАтФАтФАтФАтФАтФАтФАтФАтФАтФАтФАтФАтФАтФАтФАтФАтФАтФАтФАтФАтФАтФАтФАтФАтФАтФАтФАтФА
тФВ #0   TestService._completeBipolarTest (package:psycho_tests/services/test_service.dart:425:23)
тФВ #1   TestService.completeTest (package:psycho_tests/services/test_service.dart:55:16)
тФЬтФДтФДтФДтФДтФДтФДтФДтФДтФДтФДтФДтФДтФДтФДтФДтФДтФДтФДтФДтФДтФДтФДтФДтФДтФДтФДтФДтФДтФДтФДтФДтФДтФДтФДтФДтФДтФДтФДтФДтФДтФДтФДтФДтФДтФДтФДтФДтФДтФДтФДтФДтФДтФДтФДтФДтФДтФДтФДтФДтФДтФДтФДтФДтФДтФДтФДтФДтФДтФДтФДтФДтФДтФДтФДтФДтФДтФДтФДтФДтФДтФДтФДтФДтФДтФДтФДтФДтФДтФДтФДтФДтФДтФДтФДтФДтФДтФДтФДтФДтФДтФДтФДтФДтФДтФДтФДтФДтФДтФДтФДтФДтФДтФДтФДтФДтФДтФДтФДтФД
тФВ ЁЯРЫ Qq47: targetScale=thinking, score=3
тФФтФАтФАтФАтФАтФАтФАтФАтФАтФАтФАтФАтФАтФАтФАтФАтФАтФАтФАтФАтФАтФАтФАтФАтФАтФАтФАтФАтФАтФАтФАтФАтФАтФАтФАтФАтФАтФАтФАтФАтФАтФАтФАтФАтФАтФАтФАтФАтФАтФАтФАтФАтФАтФАтФАтФАтФАтФАтФАтФАтФАтФАтФАтФАтФАтФАтФАтФАтФАтФАтФАтФАтФАтФАтФАтФАтФАтФАтФАтФАтФАтФАтФАтФАтФАтФАтФАтФАтФАтФАтФАтФАтФАтФАтФАтФАтФАтФАтФАтФАтФАтФАтФАтФАтФАтФАтФАтФАтФАтФАтФАтФАтФАтФАтФАтФАтФАтФАтФАтФА
тФМтФАтФАтФАтФАтФАтФАтФАтФАтФАтФАтФАтФАтФАтФАтФАтФАтФАтФАтФАтФАтФАтФАтФАтФАтФАтФАтФАтФАтФАтФАтФАтФАтФАтФАтФАтФАтФАтФАтФАтФАтФАтФАтФАтФАтФАтФАтФАтФАтФАтФАтФАтФАтФАтФАтФАтФАтФАтФАтФАтФАтФАтФАтФАтФАтФАтФАтФАтФАтФАтФАтФАтФАтФАтФАтФАтФАтФАтФАтФАтФАтФАтФАтФАтФАтФАтФАтФАтФАтФАтФАтФАтФАтФАтФАтФАтФАтФАтФАтФАтФАтФАтФАтФАтФАтФАтФАтФАтФАтФАтФАтФАтФАтФАтФАтФАтФАтФАтФАтФА
тФВ #0   TestService._completeBipolarTest (package:psycho_tests/services/test_service.dart:425:23)
тФВ #1   TestService.completeTest (package:psycho_tests/services/test_service.dart:55:16)
тФЬтФДтФДтФДтФДтФДтФДтФДтФДтФДтФДтФДтФДтФДтФДтФДтФДтФДтФДтФДтФДтФДтФДтФДтФДтФДтФДтФДтФДтФДтФДтФДтФДтФДтФДтФДтФДтФДтФДтФДтФДтФДтФДтФДтФДтФДтФДтФДтФДтФДтФДтФДтФДтФДтФДтФДтФДтФДтФДтФДтФДтФДтФДтФДтФДтФДтФДтФДтФДтФДтФДтФДтФДтФДтФДтФДтФДтФДтФДтФДтФДтФДтФДтФДтФДтФДтФДтФДтФДтФДтФДтФДтФДтФДтФДтФДтФДтФДтФДтФДтФДтФДтФДтФДтФДтФДтФДтФДтФДтФДтФДтФДтФДтФДтФДтФДтФДтФДтФДтФД
тФВ ЁЯРЫ Qq48: targetScale=feeling, score=3
тФФтФАтФАтФАтФАтФАтФАтФАтФАтФАтФАтФАтФАтФАтФАтФАтФАтФАтФАтФАтФАтФАтФАтФАтФАтФАтФАтФАтФАтФАтФАтФАтФАтФАтФАтФАтФАтФАтФАтФАтФАтФАтФАтФАтФАтФАтФАтФАтФАтФАтФАтФАтФАтФАтФАтФАтФАтФАтФАтФАтФАтФАтФАтФАтФАтФАтФАтФАтФАтФАтФАтФАтФАтФАтФАтФАтФАтФАтФАтФАтФАтФАтФАтФАтФАтФАтФАтФАтФАтФАтФАтФАтФАтФАтФАтФАтФАтФАтФАтФАтФАтФАтФАтФАтФАтФАтФАтФАтФАтФАтФАтФАтФАтФАтФАтФАтФАтФАтФАтФА
тФМтФАтФАтФАтФАтФАтФАтФАтФАтФАтФАтФАтФАтФАтФАтФАтФАтФАтФАтФАтФАтФАтФАтФАтФАтФАтФАтФАтФАтФАтФАтФАтФАтФАтФАтФАтФАтФАтФАтФАтФАтФАтФАтФАтФАтФАтФАтФАтФАтФАтФАтФАтФАтФАтФАтФАтФАтФАтФАтФАтФАтФАтФАтФАтФАтФАтФАтФАтФАтФАтФАтФАтФАтФАтФАтФАтФАтФАтФАтФАтФАтФАтФАтФАтФАтФАтФАтФАтФАтФАтФАтФАтФАтФАтФАтФАтФАтФАтФАтФАтФАтФАтФАтФАтФАтФАтФАтФАтФАтФАтФАтФАтФАтФАтФАтФАтФАтФАтФАтФА
тФВ #0   TestService._completeBipolarTest (package:psycho_tests/services/test_service.dart:425:23)
тФВ #1   TestService.completeTest (package:psycho_tests/services/test_service.dart:55:16)
тФЬтФДтФДтФДтФДтФДтФДтФДтФДтФДтФДтФДтФДтФДтФДтФДтФДтФДтФДтФДтФДтФДтФДтФДтФДтФДтФДтФДтФДтФДтФДтФДтФДтФДтФДтФДтФДтФДтФДтФДтФДтФДтФДтФДтФДтФДтФДтФДтФДтФДтФДтФДтФДтФДтФДтФДтФДтФДтФДтФДтФДтФДтФДтФДтФДтФДтФДтФДтФДтФДтФДтФДтФДтФДтФДтФДтФДтФДтФДтФДтФДтФДтФДтФДтФДтФДтФДтФДтФДтФДтФДтФДтФДтФДтФДтФДтФДтФДтФДтФДтФДтФДтФДтФДтФДтФДтФДтФДтФДтФДтФДтФДтФДтФДтФДтФДтФДтФДтФДтФД
тФВ ЁЯРЫ Qq49: targetScale=thinking, score=3
тФФтФАтФАтФАтФАтФАтФАтФАтФАтФАтФАтФАтФАтФАтФАтФАтФАтФАтФАтФАтФАтФАтФАтФАтФАтФАтФАтФАтФАтФАтФАтФАтФАтФАтФАтФАтФАтФАтФАтФАтФАтФАтФАтФАтФАтФАтФАтФАтФАтФАтФАтФАтФАтФАтФАтФАтФАтФАтФАтФАтФАтФАтФАтФАтФАтФАтФАтФАтФАтФАтФАтФАтФАтФАтФАтФАтФАтФАтФАтФАтФАтФАтФАтФАтФАтФАтФАтФАтФАтФАтФАтФАтФАтФАтФАтФАтФАтФАтФАтФАтФАтФАтФАтФАтФАтФАтФАтФАтФАтФАтФАтФАтФАтФАтФАтФАтФАтФАтФАтФА
тФМтФАтФАтФАтФАтФАтФАтФАтФАтФАтФАтФАтФАтФАтФАтФАтФАтФАтФАтФАтФАтФАтФАтФАтФАтФАтФАтФАтФАтФАтФАтФАтФАтФАтФАтФАтФАтФАтФАтФАтФАтФАтФАтФАтФАтФАтФАтФАтФАтФАтФАтФАтФАтФАтФАтФАтФАтФАтФАтФАтФАтФАтФАтФАтФАтФАтФАтФАтФАтФАтФАтФАтФАтФАтФАтФАтФАтФАтФАтФАтФАтФАтФАтФАтФАтФАтФАтФАтФАтФАтФАтФАтФАтФАтФАтФАтФАтФАтФАтФАтФАтФАтФАтФАтФАтФАтФАтФАтФАтФАтФАтФАтФАтФАтФАтФАтФАтФАтФАтФА
тФВ #0   TestService._completeBipolarTest (package:psycho_tests/services/test_service.dart:425:23)
тФВ #1   TestService.completeTest (package:psycho_tests/services/test_service.dart:55:16)
тФЬтФДтФДтФДтФДтФДтФДтФДтФДтФДтФДтФДтФДтФДтФДтФДтФДтФДтФДтФДтФДтФДтФДтФДтФДтФДтФДтФДтФДтФДтФДтФДтФДтФДтФДтФДтФДтФДтФДтФДтФДтФДтФДтФДтФДтФДтФДтФДтФДтФДтФДтФДтФДтФДтФДтФДтФДтФДтФДтФДтФДтФДтФДтФДтФДтФДтФДтФДтФДтФДтФДтФДтФДтФДтФДтФДтФДтФДтФДтФДтФДтФДтФДтФДтФДтФДтФДтФДтФДтФДтФДтФДтФДтФДтФДтФДтФДтФДтФДтФДтФДтФДтФДтФДтФДтФДтФДтФДтФДтФДтФДтФДтФДтФДтФДтФДтФДтФДтФДтФД
тФВ ЁЯРЫ Qq50: targetScale=feeling, score=3
тФФтФАтФАтФАтФАтФАтФАтФАтФАтФАтФАтФАтФАтФАтФАтФАтФАтФАтФАтФАтФАтФАтФАтФАтФАтФАтФАтФАтФАтФАтФАтФАтФАтФАтФАтФАтФАтФАтФАтФАтФАтФАтФАтФАтФАтФАтФАтФАтФАтФАтФАтФАтФАтФАтФАтФАтФАтФАтФАтФАтФАтФАтФАтФАтФАтФАтФАтФАтФАтФАтФАтФАтФАтФАтФАтФАтФАтФАтФАтФАтФАтФАтФАтФАтФАтФАтФАтФАтФАтФАтФАтФАтФАтФАтФАтФАтФАтФАтФАтФАтФАтФАтФАтФАтФАтФАтФАтФАтФАтФАтФАтФАтФАтФАтФАтФАтФАтФАтФАтФА
тФМтФАтФАтФАтФАтФАтФАтФАтФАтФАтФАтФАтФАтФАтФАтФАтФАтФАтФАтФАтФАтФАтФАтФАтФАтФАтФАтФАтФАтФАтФАтФАтФАтФАтФАтФАтФАтФАтФАтФАтФАтФАтФАтФАтФАтФАтФАтФАтФАтФАтФАтФАтФАтФАтФАтФАтФАтФАтФАтФАтФАтФАтФАтФАтФАтФАтФАтФАтФАтФАтФАтФАтФАтФАтФАтФАтФАтФАтФАтФАтФАтФАтФАтФАтФАтФАтФАтФАтФАтФАтФАтФАтФАтФАтФАтФАтФАтФАтФАтФАтФАтФАтФАтФАтФАтФАтФАтФАтФАтФАтФАтФАтФАтФАтФАтФАтФАтФАтФАтФА
тФВ #0   TestService._completeBipolarTest (package:psycho_tests/services/test_service.dart:425:23)
тФВ #1   TestService.completeTest (package:psycho_tests/services/test_service.dart:55:16)
тФЬтФДтФДтФДтФДтФДтФДтФДтФДтФДтФДтФДтФДтФДтФДтФДтФДтФДтФДтФДтФДтФДтФДтФДтФДтФДтФДтФДтФДтФДтФДтФДтФДтФДтФДтФДтФДтФДтФДтФДтФДтФДтФДтФДтФДтФДтФДтФДтФДтФДтФДтФДтФДтФДтФДтФДтФДтФДтФДтФДтФДтФДтФДтФДтФДтФДтФДтФДтФДтФДтФДтФДтФДтФДтФДтФДтФДтФДтФДтФДтФДтФДтФДтФДтФДтФДтФДтФДтФДтФДтФДтФДтФДтФДтФДтФДтФДтФДтФДтФДтФДтФДтФДтФДтФДтФДтФДтФДтФДтФДтФДтФДтФДтФДтФДтФДтФДтФДтФДтФД
тФВ ЁЯРЫ Qq51: targetScale=thinking, score=3
тФФтФАтФАтФАтФАтФАтФАтФАтФАтФАтФАтФАтФАтФАтФАтФАтФАтФАтФАтФАтФАтФАтФАтФАтФАтФАтФАтФАтФАтФАтФАтФАтФАтФАтФАтФАтФАтФАтФАтФАтФАтФАтФАтФАтФАтФАтФАтФАтФАтФАтФАтФАтФАтФАтФАтФАтФАтФАтФАтФАтФАтФАтФАтФАтФАтФАтФАтФАтФАтФАтФАтФАтФАтФАтФАтФАтФАтФАтФАтФАтФАтФАтФАтФАтФАтФАтФАтФАтФАтФАтФАтФАтФАтФАтФАтФАтФАтФАтФАтФАтФАтФАтФАтФАтФАтФАтФАтФАтФАтФАтФАтФАтФАтФАтФАтФАтФАтФАтФАтФА
тФМтФАтФАтФАтФАтФАтФАтФАтФАтФАтФАтФАтФАтФАтФАтФАтФАтФАтФАтФАтФАтФАтФАтФАтФАтФАтФАтФАтФАтФАтФАтФАтФАтФАтФАтФАтФАтФАтФАтФАтФАтФАтФАтФАтФАтФАтФАтФАтФАтФАтФАтФАтФАтФАтФАтФАтФАтФАтФАтФАтФАтФАтФАтФАтФАтФАтФАтФАтФАтФАтФАтФАтФАтФАтФАтФАтФАтФАтФАтФАтФАтФАтФАтФАтФАтФАтФАтФАтФАтФАтФАтФАтФАтФАтФАтФАтФАтФАтФАтФАтФАтФАтФАтФАтФАтФАтФАтФАтФАтФАтФАтФАтФАтФАтФАтФАтФАтФАтФАтФА
тФВ #0   TestService._completeBipolarTest (package:psycho_tests/services/test_service.dart:425:23)
тФВ #1   TestService.completeTest (package:psycho_tests/services/test_service.dart:55:16)
тФЬтФДтФДтФДтФДтФДтФДтФДтФДтФДтФДтФДтФДтФДтФДтФДтФДтФДтФДтФДтФДтФДтФДтФДтФДтФДтФДтФДтФДтФДтФДтФДтФДтФДтФДтФДтФДтФДтФДтФДтФДтФДтФДтФДтФДтФДтФДтФДтФДтФДтФДтФДтФДтФДтФДтФДтФДтФДтФДтФДтФДтФДтФДтФДтФДтФДтФДтФДтФДтФДтФДтФДтФДтФДтФДтФДтФДтФДтФДтФДтФДтФДтФДтФДтФДтФДтФДтФДтФДтФДтФДтФДтФДтФДтФДтФДтФДтФДтФДтФДтФДтФДтФДтФДтФДтФДтФДтФДтФДтФДтФДтФДтФДтФДтФДтФДтФДтФДтФДтФД
тФВ ЁЯРЫ Qq52: targetScale=feeling, score=3
тФФтФАтФАтФАтФАтФАтФАтФАтФАтФАтФАтФАтФАтФАтФАтФАтФАтФАтФАтФАтФАтФАтФАтФАтФАтФАтФАтФАтФАтФАтФАтФАтФАтФАтФАтФАтФАтФАтФАтФАтФАтФАтФАтФАтФАтФАтФАтФАтФАтФАтФАтФАтФАтФАтФАтФАтФАтФАтФАтФАтФАтФАтФАтФАтФАтФАтФАтФАтФАтФАтФАтФАтФАтФАтФАтФАтФАтФАтФАтФАтФАтФАтФАтФАтФАтФАтФАтФАтФАтФАтФАтФАтФАтФАтФАтФАтФАтФАтФАтФАтФАтФАтФАтФАтФАтФАтФАтФАтФАтФАтФАтФАтФАтФАтФАтФАтФАтФАтФАтФА
тФМтФАтФАтФАтФАтФАтФАтФАтФАтФАтФАтФАтФАтФАтФАтФАтФАтФАтФАтФАтФАтФАтФАтФАтФАтФАтФАтФАтФАтФАтФАтФАтФАтФАтФАтФАтФАтФАтФАтФАтФАтФАтФАтФАтФАтФАтФАтФАтФАтФАтФАтФАтФАтФАтФАтФАтФАтФАтФАтФАтФАтФАтФАтФАтФАтФАтФАтФАтФАтФАтФАтФАтФАтФАтФАтФАтФАтФАтФАтФАтФАтФАтФАтФАтФАтФАтФАтФАтФАтФАтФАтФАтФАтФАтФАтФАтФАтФАтФАтФАтФАтФАтФАтФАтФАтФАтФАтФАтФАтФАтФАтФАтФАтФАтФАтФАтФАтФАтФАтФА
тФВ #0   TestService._completeBipolarTest (package:psycho_tests/services/test_service.dart:425:23)
тФВ #1   TestService.completeTest (package:psycho_tests/services/test_service.dart:55:16)
тФЬтФДтФДтФДтФДтФДтФДтФДтФДтФДтФДтФДтФДтФДтФДтФДтФДтФДтФДтФДтФДтФДтФДтФДтФДтФДтФДтФДтФДтФДтФДтФДтФДтФДтФДтФДтФДтФДтФДтФДтФДтФДтФДтФДтФДтФДтФДтФДтФДтФДтФДтФДтФДтФДтФДтФДтФДтФДтФДтФДтФДтФДтФДтФДтФДтФДтФДтФДтФДтФДтФДтФДтФДтФДтФДтФДтФДтФДтФДтФДтФДтФДтФДтФДтФДтФДтФДтФДтФДтФДтФДтФДтФДтФДтФДтФДтФДтФДтФДтФДтФДтФДтФДтФДтФДтФДтФДтФДтФДтФДтФДтФДтФДтФДтФДтФДтФДтФДтФДтФД
тФВ ЁЯРЫ Qq53: targetScale=thinking, score=3
тФФтФАтФАтФАтФАтФАтФАтФАтФАтФАтФАтФАтФАтФАтФАтФАтФАтФАтФАтФАтФАтФАтФАтФАтФАтФАтФАтФАтФАтФАтФАтФАтФАтФАтФАтФАтФАтФАтФАтФАтФАтФАтФАтФАтФАтФАтФАтФАтФАтФАтФАтФАтФАтФАтФАтФАтФАтФАтФАтФАтФАтФАтФАтФАтФАтФАтФАтФАтФАтФАтФАтФАтФАтФАтФАтФАтФАтФАтФАтФАтФАтФАтФАтФАтФАтФАтФАтФАтФАтФАтФАтФАтФАтФАтФАтФАтФАтФАтФАтФАтФАтФАтФАтФАтФАтФАтФАтФАтФАтФАтФАтФАтФАтФАтФАтФАтФАтФАтФАтФА
тФМтФАтФАтФАтФАтФАтФАтФАтФАтФАтФАтФАтФАтФАтФАтФАтФАтФАтФАтФАтФАтФАтФАтФАтФАтФАтФАтФАтФАтФАтФАтФАтФАтФАтФАтФАтФАтФАтФАтФАтФАтФАтФАтФАтФАтФАтФАтФАтФАтФАтФАтФАтФАтФАтФАтФАтФАтФАтФАтФАтФАтФАтФАтФАтФАтФАтФАтФАтФАтФАтФАтФАтФАтФАтФАтФАтФАтФАтФАтФАтФАтФАтФАтФАтФАтФАтФАтФАтФАтФАтФАтФАтФАтФАтФАтФАтФАтФАтФАтФАтФАтФАтФАтФАтФАтФАтФАтФАтФАтФАтФАтФАтФАтФАтФАтФАтФАтФАтФАтФА
тФВ #0   TestService._completeBipolarTest (package:psycho_tests/services/test_service.dart:425:23)
тФВ #1   TestService.completeTest (package:psycho_tests/services/test_service.dart:55:16)
тФЬтФДтФДтФДтФДтФДтФДтФДтФДтФДтФДтФДтФДтФДтФДтФДтФДтФДтФДтФДтФДтФДтФДтФДтФДтФДтФДтФДтФДтФДтФДтФДтФДтФДтФДтФДтФДтФДтФДтФДтФДтФДтФДтФДтФДтФДтФДтФДтФДтФДтФДтФДтФДтФДтФДтФДтФДтФДтФДтФДтФДтФДтФДтФДтФДтФДтФДтФДтФДтФДтФДтФДтФДтФДтФДтФДтФДтФДтФДтФДтФДтФДтФДтФДтФДтФДтФДтФДтФДтФДтФДтФДтФДтФДтФДтФДтФДтФДтФДтФДтФДтФДтФДтФДтФДтФДтФДтФДтФДтФДтФДтФДтФДтФДтФДтФДтФДтФДтФДтФД
тФВ ЁЯРЫ Qq54: targetScale=feeling, score=3
тФФтФАтФАтФАтФАтФАтФАтФАтФАтФАтФАтФАтФАтФАтФАтФАтФАтФАтФАтФАтФАтФАтФАтФАтФАтФАтФАтФАтФАтФАтФАтФАтФАтФАтФАтФАтФАтФАтФАтФАтФАтФАтФАтФАтФАтФАтФАтФАтФАтФАтФАтФАтФАтФАтФАтФАтФАтФАтФАтФАтФАтФАтФАтФАтФАтФАтФАтФАтФАтФАтФАтФАтФАтФАтФАтФАтФАтФАтФАтФАтФАтФАтФАтФАтФАтФАтФАтФАтФАтФАтФАтФАтФАтФАтФАтФАтФАтФАтФАтФАтФАтФАтФАтФАтФАтФАтФАтФАтФАтФАтФАтФАтФАтФАтФАтФАтФАтФАтФАтФА
тФМтФАтФАтФАтФАтФАтФАтФАтФАтФАтФАтФАтФАтФАтФАтФАтФАтФАтФАтФАтФАтФАтФАтФАтФАтФАтФАтФАтФАтФАтФАтФАтФАтФАтФАтФАтФАтФАтФАтФАтФАтФАтФАтФАтФАтФАтФАтФАтФАтФАтФАтФАтФАтФАтФАтФАтФАтФАтФАтФАтФАтФАтФАтФАтФАтФАтФАтФАтФАтФАтФАтФАтФАтФАтФАтФАтФАтФАтФАтФАтФАтФАтФАтФАтФАтФАтФАтФАтФАтФАтФАтФАтФАтФАтФАтФАтФАтФАтФАтФАтФАтФАтФАтФАтФАтФАтФАтФАтФАтФАтФАтФАтФАтФАтФАтФАтФАтФАтФАтФА
тФВ #0   TestService._completeBipolarTest (package:psycho_tests/services/test_service.dart:425:23)
тФВ #1   TestService.completeTest (package:psycho_tests/services/test_service.dart:55:16)
тФЬтФДтФДтФДтФДтФДтФДтФДтФДтФДтФДтФДтФДтФДтФДтФДтФДтФДтФДтФДтФДтФДтФДтФДтФДтФДтФДтФДтФДтФДтФДтФДтФДтФДтФДтФДтФДтФДтФДтФДтФДтФДтФДтФДтФДтФДтФДтФДтФДтФДтФДтФДтФДтФДтФДтФДтФДтФДтФДтФДтФДтФДтФДтФДтФДтФДтФДтФДтФДтФДтФДтФДтФДтФДтФДтФДтФДтФДтФДтФДтФДтФДтФДтФДтФДтФДтФДтФДтФДтФДтФДтФДтФДтФДтФДтФДтФДтФДтФДтФДтФДтФДтФДтФДтФДтФДтФДтФДтФДтФДтФДтФДтФДтФДтФДтФДтФДтФДтФДтФД
тФВ ЁЯРЫ Qq55: targetScale=thinking, score=3
тФФтФАтФАтФАтФАтФАтФАтФАтФАтФАтФАтФАтФАтФАтФАтФАтФАтФАтФАтФАтФАтФАтФАтФАтФАтФАтФАтФАтФАтФАтФАтФАтФАтФАтФАтФАтФАтФАтФАтФАтФАтФАтФАтФАтФАтФАтФАтФАтФАтФАтФАтФАтФАтФАтФАтФАтФАтФАтФАтФАтФАтФАтФАтФАтФАтФАтФАтФАтФАтФАтФАтФАтФАтФАтФАтФАтФАтФАтФАтФАтФАтФАтФАтФАтФАтФАтФАтФАтФАтФАтФАтФАтФАтФАтФАтФАтФАтФАтФАтФАтФАтФАтФАтФАтФАтФАтФАтФАтФАтФАтФАтФАтФАтФАтФАтФАтФАтФАтФАтФА
тФМтФАтФАтФАтФАтФАтФАтФАтФАтФАтФАтФАтФАтФАтФАтФАтФАтФАтФАтФАтФАтФАтФАтФАтФАтФАтФАтФАтФАтФАтФАтФАтФАтФАтФАтФАтФАтФАтФАтФАтФАтФАтФАтФАтФАтФАтФАтФАтФАтФАтФАтФАтФАтФАтФАтФАтФАтФАтФАтФАтФАтФАтФАтФАтФАтФАтФАтФАтФАтФАтФАтФАтФАтФАтФАтФАтФАтФАтФАтФАтФАтФАтФАтФАтФАтФАтФАтФАтФАтФАтФАтФАтФАтФАтФАтФАтФАтФАтФАтФАтФАтФАтФАтФАтФАтФАтФАтФАтФАтФАтФАтФАтФАтФАтФАтФАтФАтФАтФАтФА
тФВ #0   TestService._completeBipolarTest (package:psycho_tests/services/test_service.dart:425:23)
тФВ #1   TestService.completeTest (package:psycho_tests/services/test_service.dart:55:16)
тФЬтФДтФДтФДтФДтФДтФДтФДтФДтФДтФДтФДтФДтФДтФДтФДтФДтФДтФДтФДтФДтФДтФДтФДтФДтФДтФДтФДтФДтФДтФДтФДтФДтФДтФДтФДтФДтФДтФДтФДтФДтФДтФДтФДтФДтФДтФДтФДтФДтФДтФДтФДтФДтФДтФДтФДтФДтФДтФДтФДтФДтФДтФДтФДтФДтФДтФДтФДтФДтФДтФДтФДтФДтФДтФДтФДтФДтФДтФДтФДтФДтФДтФДтФДтФДтФДтФДтФДтФДтФДтФДтФДтФДтФДтФДтФДтФДтФДтФДтФДтФДтФДтФДтФДтФДтФДтФДтФДтФДтФДтФДтФДтФДтФДтФДтФДтФДтФДтФДтФД
тФВ ЁЯРЫ Qq56: targetScale=feeling, score=3
тФФтФАтФАтФАтФАтФАтФАтФАтФАтФАтФАтФАтФАтФАтФАтФАтФАтФАтФАтФАтФАтФАтФАтФАтФАтФАтФАтФАтФАтФАтФАтФАтФАтФАтФАтФАтФАтФАтФАтФАтФАтФАтФАтФАтФАтФАтФАтФАтФАтФАтФАтФАтФАтФАтФАтФАтФАтФАтФАтФАтФАтФАтФАтФАтФАтФАтФАтФАтФАтФАтФАтФАтФАтФАтФАтФАтФАтФАтФАтФАтФАтФАтФАтФАтФАтФАтФАтФАтФАтФАтФАтФАтФАтФАтФАтФАтФАтФАтФАтФАтФАтФАтФАтФАтФАтФАтФАтФАтФАтФАтФАтФАтФАтФАтФАтФАтФАтФАтФАтФА
тФМтФАтФАтФАтФАтФАтФАтФАтФАтФАтФАтФАтФАтФАтФАтФАтФАтФАтФАтФАтФАтФАтФАтФАтФАтФАтФАтФАтФАтФАтФАтФАтФАтФАтФАтФАтФАтФАтФАтФАтФАтФАтФАтФАтФАтФАтФАтФАтФАтФАтФАтФАтФАтФАтФАтФАтФАтФАтФАтФАтФАтФАтФАтФАтФАтФАтФАтФАтФАтФАтФАтФАтФАтФАтФАтФАтФАтФАтФАтФАтФАтФАтФАтФАтФАтФАтФАтФАтФАтФАтФАтФАтФАтФАтФАтФАтФАтФАтФАтФАтФАтФАтФАтФАтФАтФАтФАтФАтФАтФАтФАтФАтФАтФАтФАтФАтФАтФАтФАтФА
тФВ #0   TestService._completeBipolarTest (package:psycho_tests/services/test_service.dart:425:23)
тФВ #1   TestService.completeTest (package:psycho_tests/services/test_service.dart:55:16)
тФЬтФДтФДтФДтФДтФДтФДтФДтФДтФДтФДтФДтФДтФДтФДтФДтФДтФДтФДтФДтФДтФДтФДтФДтФДтФДтФДтФДтФДтФДтФДтФДтФДтФДтФДтФДтФДтФДтФДтФДтФДтФДтФДтФДтФДтФДтФДтФДтФДтФДтФДтФДтФДтФДтФДтФДтФДтФДтФДтФДтФДтФДтФДтФДтФДтФДтФДтФДтФДтФДтФДтФДтФДтФДтФДтФДтФДтФДтФДтФДтФДтФДтФДтФДтФДтФДтФДтФДтФДтФДтФДтФДтФДтФДтФДтФДтФДтФДтФДтФДтФДтФДтФДтФДтФДтФДтФДтФДтФДтФДтФДтФДтФДтФДтФДтФДтФДтФДтФДтФД
тФВ ЁЯРЫ Qq57: targetScale=thinking, score=3
тФФтФАтФАтФАтФАтФАтФАтФАтФАтФАтФАтФАтФАтФАтФАтФАтФАтФАтФАтФАтФАтФАтФАтФАтФАтФАтФАтФАтФАтФАтФАтФАтФАтФАтФАтФАтФАтФАтФАтФАтФАтФАтФАтФАтФАтФАтФАтФАтФАтФАтФАтФАтФАтФАтФАтФАтФАтФАтФАтФАтФАтФАтФАтФАтФАтФАтФАтФАтФАтФАтФАтФАтФАтФАтФАтФАтФАтФАтФАтФАтФАтФАтФАтФАтФАтФАтФАтФАтФАтФАтФАтФАтФАтФАтФАтФАтФАтФАтФАтФАтФАтФАтФАтФАтФАтФАтФАтФАтФАтФАтФАтФАтФАтФАтФАтФАтФАтФАтФАтФА
тФМтФАтФАтФАтФАтФАтФАтФАтФАтФАтФАтФАтФАтФАтФАтФАтФАтФАтФАтФАтФАтФАтФАтФАтФАтФАтФАтФАтФАтФАтФАтФАтФАтФАтФАтФАтФАтФАтФАтФАтФАтФАтФАтФАтФАтФАтФАтФАтФАтФАтФАтФАтФАтФАтФАтФАтФАтФАтФАтФАтФАтФАтФАтФАтФАтФАтФАтФАтФАтФАтФАтФАтФАтФАтФАтФАтФАтФАтФАтФАтФАтФАтФАтФАтФАтФАтФАтФАтФАтФАтФАтФАтФАтФАтФАтФАтФАтФАтФАтФАтФАтФАтФАтФАтФАтФАтФАтФАтФАтФАтФАтФАтФАтФАтФАтФАтФАтФАтФАтФА
тФВ #0   TestService._completeBipolarTest (package:psycho_tests/services/test_service.dart:425:23)
тФВ #1   TestService.completeTest (package:psycho_tests/services/test_service.dart:55:16)
тФЬтФДтФДтФДтФДтФДтФДтФДтФДтФДтФДтФДтФДтФДтФДтФДтФДтФДтФДтФДтФДтФДтФДтФДтФДтФДтФДтФДтФДтФДтФДтФДтФДтФДтФДтФДтФДтФДтФДтФДтФДтФДтФДтФДтФДтФДтФДтФДтФДтФДтФДтФДтФДтФДтФДтФДтФДтФДтФДтФДтФДтФДтФДтФДтФДтФДтФДтФДтФДтФДтФДтФДтФДтФДтФДтФДтФДтФДтФДтФДтФДтФДтФДтФДтФДтФДтФДтФДтФДтФДтФДтФДтФДтФДтФДтФДтФДтФДтФДтФДтФДтФДтФДтФДтФДтФДтФДтФДтФДтФДтФДтФДтФДтФДтФДтФДтФДтФДтФДтФД
тФВ ЁЯРЫ Qq58: targetScale=feeling, score=3
тФФтФАтФАтФАтФАтФАтФАтФАтФАтФАтФАтФАтФАтФАтФАтФАтФАтФАтФАтФАтФАтФАтФАтФАтФАтФАтФАтФАтФАтФАтФАтФАтФАтФАтФАтФАтФАтФАтФАтФАтФАтФАтФАтФАтФАтФАтФАтФАтФАтФАтФАтФАтФАтФАтФАтФАтФАтФАтФАтФАтФАтФАтФАтФАтФАтФАтФАтФАтФАтФАтФАтФАтФАтФАтФАтФАтФАтФАтФАтФАтФАтФАтФАтФАтФАтФАтФАтФАтФАтФАтФАтФАтФАтФАтФАтФАтФАтФАтФАтФАтФАтФАтФАтФАтФАтФАтФАтФАтФАтФАтФАтФАтФАтФАтФАтФАтФАтФАтФАтФА
тФМтФАтФАтФАтФАтФАтФАтФАтФАтФАтФАтФАтФАтФАтФАтФАтФАтФАтФАтФАтФАтФАтФАтФАтФАтФАтФАтФАтФАтФАтФАтФАтФАтФАтФАтФАтФАтФАтФАтФАтФАтФАтФАтФАтФАтФАтФАтФАтФАтФАтФАтФАтФАтФАтФАтФАтФАтФАтФАтФАтФАтФАтФАтФАтФАтФАтФАтФАтФАтФАтФАтФАтФАтФАтФАтФАтФАтФАтФАтФАтФАтФАтФАтФАтФАтФАтФАтФАтФАтФАтФАтФАтФАтФАтФАтФАтФАтФАтФАтФАтФАтФАтФАтФАтФАтФАтФАтФАтФАтФАтФАтФАтФАтФАтФАтФАтФАтФАтФАтФА
тФВ #0   TestService._completeBipolarTest (package:psycho_tests/services/test_service.dart:425:23)
тФВ #1   TestService.completeTest (package:psycho_tests/services/test_service.dart:55:16)
тФЬтФДтФДтФДтФДтФДтФДтФДтФДтФДтФДтФДтФДтФДтФДтФДтФДтФДтФДтФДтФДтФДтФДтФДтФДтФДтФДтФДтФДтФДтФДтФДтФДтФДтФДтФДтФДтФДтФДтФДтФДтФДтФДтФДтФДтФДтФДтФДтФДтФДтФДтФДтФДтФДтФДтФДтФДтФДтФДтФДтФДтФДтФДтФДтФДтФДтФДтФДтФДтФДтФДтФДтФДтФДтФДтФДтФДтФДтФДтФДтФДтФДтФДтФДтФДтФДтФДтФДтФДтФДтФДтФДтФДтФДтФДтФДтФДтФДтФДтФДтФДтФДтФДтФДтФДтФДтФДтФДтФДтФДтФДтФДтФДтФДтФДтФДтФДтФДтФДтФД
тФВ ЁЯРЫ Qq59: targetScale=feeling, score=3
тФФтФАтФАтФАтФАтФАтФАтФАтФАтФАтФАтФАтФАтФАтФАтФАтФАтФАтФАтФАтФАтФАтФАтФАтФАтФАтФАтФАтФАтФАтФАтФАтФАтФАтФАтФАтФАтФАтФАтФАтФАтФАтФАтФАтФАтФАтФАтФАтФАтФАтФАтФАтФАтФАтФАтФАтФАтФАтФАтФАтФАтФАтФАтФАтФАтФАтФАтФАтФАтФАтФАтФАтФАтФАтФАтФАтФАтФАтФАтФАтФАтФАтФАтФАтФАтФАтФАтФАтФАтФАтФАтФАтФАтФАтФАтФАтФАтФАтФАтФАтФАтФАтФАтФАтФАтФАтФАтФАтФАтФАтФАтФАтФАтФАтФАтФАтФАтФАтФАтФА
тФМтФАтФАтФАтФАтФАтФАтФАтФАтФАтФАтФАтФАтФАтФАтФАтФАтФАтФАтФАтФАтФАтФАтФАтФАтФАтФАтФАтФАтФАтФАтФАтФАтФАтФАтФАтФАтФАтФАтФАтФАтФАтФАтФАтФАтФАтФАтФАтФАтФАтФАтФАтФАтФАтФАтФАтФАтФАтФАтФАтФАтФАтФАтФАтФАтФАтФАтФАтФАтФАтФАтФАтФАтФАтФАтФАтФАтФАтФАтФАтФАтФАтФАтФАтФАтФАтФАтФАтФАтФАтФАтФАтФАтФАтФАтФАтФАтФАтФАтФАтФАтФАтФАтФАтФАтФАтФАтФАтФАтФАтФАтФАтФАтФАтФАтФАтФАтФАтФАтФА
тФВ #0   TestService._completeBipolarTest (package:psycho_tests/services/test_service.dart:425:23)
тФВ #1   TestService.completeTest (package:psycho_tests/services/test_service.dart:55:16)
тФЬтФДтФДтФДтФДтФДтФДтФДтФДтФДтФДтФДтФДтФДтФДтФДтФДтФДтФДтФДтФДтФДтФДтФДтФДтФДтФДтФДтФДтФДтФДтФДтФДтФДтФДтФДтФДтФДтФДтФДтФДтФДтФДтФДтФДтФДтФДтФДтФДтФДтФДтФДтФДтФДтФДтФДтФДтФДтФДтФДтФДтФДтФДтФДтФДтФДтФДтФДтФДтФДтФДтФДтФДтФДтФДтФДтФДтФДтФДтФДтФДтФДтФДтФДтФДтФДтФДтФДтФДтФДтФДтФДтФДтФДтФДтФДтФДтФДтФДтФДтФДтФДтФДтФДтФДтФДтФДтФДтФДтФДтФДтФДтФДтФДтФДтФДтФДтФДтФДтФД
тФВ ЁЯРЫ Qq60: targetScale=thinking, score=3
тФФтФАтФАтФАтФАтФАтФАтФАтФАтФАтФАтФАтФАтФАтФАтФАтФАтФАтФАтФАтФАтФАтФАтФАтФАтФАтФАтФАтФАтФАтФАтФАтФАтФАтФАтФАтФАтФАтФАтФАтФАтФАтФАтФАтФАтФАтФАтФАтФАтФАтФАтФАтФАтФАтФАтФАтФАтФАтФАтФАтФАтФАтФАтФАтФАтФАтФАтФАтФАтФАтФАтФАтФАтФАтФАтФАтФАтФАтФАтФАтФАтФАтФАтФАтФАтФАтФАтФАтФАтФАтФАтФАтФАтФАтФАтФАтФАтФАтФАтФАтФАтФАтФАтФАтФАтФАтФАтФАтФАтФАтФАтФАтФАтФАтФАтФАтФАтФАтФАтФА
тФМтФАтФАтФАтФАтФАтФАтФАтФАтФАтФАтФАтФАтФАтФАтФАтФАтФАтФАтФАтФАтФАтФАтФАтФАтФАтФАтФАтФАтФАтФАтФАтФАтФАтФАтФАтФАтФАтФАтФАтФАтФАтФАтФАтФАтФАтФАтФАтФАтФАтФАтФАтФАтФАтФАтФАтФАтФАтФАтФАтФАтФАтФАтФАтФАтФАтФАтФАтФАтФАтФАтФАтФАтФАтФАтФАтФАтФАтФАтФАтФАтФАтФАтФАтФАтФАтФАтФАтФАтФАтФАтФАтФАтФАтФАтФАтФАтФАтФАтФАтФАтФАтФАтФАтФАтФАтФАтФАтФАтФАтФАтФАтФАтФАтФАтФАтФАтФАтФАтФА
тФВ #0   TestService._completeBipolarTest (package:psycho_tests/services/test_service.dart:425:23)
тФВ #1   TestService.completeTest (package:psycho_tests/services/test_service.dart:55:16)
тФЬтФДтФДтФДтФДтФДтФДтФДтФДтФДтФДтФДтФДтФДтФДтФДтФДтФДтФДтФДтФДтФДтФДтФДтФДтФДтФДтФДтФДтФДтФДтФДтФДтФДтФДтФДтФДтФДтФДтФДтФДтФДтФДтФДтФДтФДтФДтФДтФДтФДтФДтФДтФДтФДтФДтФДтФДтФДтФДтФДтФДтФДтФДтФДтФДтФДтФДтФДтФДтФДтФДтФДтФДтФДтФДтФДтФДтФДтФДтФДтФДтФДтФДтФДтФДтФДтФДтФДтФДтФДтФДтФДтФДтФДтФДтФДтФДтФДтФДтФДтФДтФДтФДтФДтФДтФДтФДтФДтФДтФДтФДтФДтФДтФДтФДтФДтФДтФДтФДтФД
тФВ ЁЯРЫ Qq61: targetScale=judging, score=3
тФФтФАтФАтФАтФАтФАтФАтФАтФАтФАтФАтФАтФАтФАтФАтФАтФАтФАтФАтФАтФАтФАтФАтФАтФАтФАтФАтФАтФАтФАтФАтФАтФАтФАтФАтФАтФАтФАтФАтФАтФАтФАтФАтФАтФАтФАтФАтФАтФАтФАтФАтФАтФАтФАтФАтФАтФАтФАтФАтФАтФАтФАтФАтФАтФАтФАтФАтФАтФАтФАтФАтФАтФАтФАтФАтФАтФАтФАтФАтФАтФАтФАтФАтФАтФАтФАтФАтФАтФАтФАтФАтФАтФАтФАтФАтФАтФАтФАтФАтФАтФАтФАтФАтФАтФАтФАтФАтФАтФАтФАтФАтФАтФАтФАтФАтФАтФАтФАтФАтФА
тФМтФАтФАтФАтФАтФАтФАтФАтФАтФАтФАтФАтФАтФАтФАтФАтФАтФАтФАтФАтФАтФАтФАтФАтФАтФАтФАтФАтФАтФАтФАтФАтФАтФАтФАтФАтФАтФАтФАтФАтФАтФАтФАтФАтФАтФАтФАтФАтФАтФАтФАтФАтФАтФАтФАтФАтФАтФАтФАтФАтФАтФАтФАтФАтФАтФАтФАтФАтФАтФАтФАтФАтФАтФАтФАтФАтФАтФАтФАтФАтФАтФАтФАтФАтФАтФАтФАтФАтФАтФАтФАтФАтФАтФАтФАтФАтФАтФАтФАтФАтФАтФАтФАтФАтФАтФАтФАтФАтФАтФАтФАтФАтФАтФАтФАтФАтФАтФАтФАтФА
тФВ #0   TestService._completeBipolarTest (package:psycho_tests/services/test_service.dart:425:23)
тФВ #1   TestService.completeTest (package:psycho_tests/services/test_service.dart:55:16)
тФЬтФДтФДтФДтФДтФДтФДтФДтФДтФДтФДтФДтФДтФДтФДтФДтФДтФДтФДтФДтФДтФДтФДтФДтФДтФДтФДтФДтФДтФДтФДтФДтФДтФДтФДтФДтФДтФДтФДтФДтФДтФДтФДтФДтФДтФДтФДтФДтФДтФДтФДтФДтФДтФДтФДтФДтФДтФДтФДтФДтФДтФДтФДтФДтФДтФДтФДтФДтФДтФДтФДтФДтФДтФДтФДтФДтФДтФДтФДтФДтФДтФДтФДтФДтФДтФДтФДтФДтФДтФДтФДтФДтФДтФДтФДтФДтФДтФДтФДтФДтФДтФДтФДтФДтФДтФДтФДтФДтФДтФДтФДтФДтФДтФДтФДтФДтФДтФДтФДтФД
тФВ ЁЯРЫ Qq62: targetScale=judging, score=3
тФФтФАтФАтФАтФАтФАтФАтФАтФАтФАтФАтФАтФАтФАтФАтФАтФАтФАтФАтФАтФАтФАтФАтФАтФАтФАтФАтФАтФАтФАтФАтФАтФАтФАтФАтФАтФАтФАтФАтФАтФАтФАтФАтФАтФАтФАтФАтФАтФАтФАтФАтФАтФАтФАтФАтФАтФАтФАтФАтФАтФАтФАтФАтФАтФАтФАтФАтФАтФАтФАтФАтФАтФАтФАтФАтФАтФАтФАтФАтФАтФАтФАтФАтФАтФАтФАтФАтФАтФАтФАтФАтФАтФАтФАтФАтФАтФАтФАтФАтФАтФАтФАтФАтФАтФАтФАтФАтФАтФАтФАтФАтФАтФАтФАтФАтФАтФАтФАтФАтФА
тФМтФАтФАтФАтФАтФАтФАтФАтФАтФАтФАтФАтФАтФАтФАтФАтФАтФАтФАтФАтФАтФАтФАтФАтФАтФАтФАтФАтФАтФАтФАтФАтФАтФАтФАтФАтФАтФАтФАтФАтФАтФАтФАтФАтФАтФАтФАтФАтФАтФАтФАтФАтФАтФАтФАтФАтФАтФАтФАтФАтФАтФАтФАтФАтФАтФАтФАтФАтФАтФАтФАтФАтФАтФАтФАтФАтФАтФАтФАтФАтФАтФАтФАтФАтФАтФАтФАтФАтФАтФАтФАтФАтФАтФАтФАтФАтФАтФАтФАтФАтФАтФАтФАтФАтФАтФАтФАтФАтФАтФАтФАтФАтФАтФАтФАтФАтФАтФАтФАтФА
тФВ #0   TestService._completeBipolarTest (package:psycho_tests/services/test_service.dart:425:23)
тФВ #1   TestService.completeTest (package:psycho_tests/services/test_service.dart:55:16)
тФЬтФДтФДтФДтФДтФДтФДтФДтФДтФДтФДтФДтФДтФДтФДтФДтФДтФДтФДтФДтФДтФДтФДтФДтФДтФДтФДтФДтФДтФДтФДтФДтФДтФДтФДтФДтФДтФДтФДтФДтФДтФДтФДтФДтФДтФДтФДтФДтФДтФДтФДтФДтФДтФДтФДтФДтФДтФДтФДтФДтФДтФДтФДтФДтФДтФДтФДтФДтФДтФДтФДтФДтФДтФДтФДтФДтФДтФДтФДтФДтФДтФДтФДтФДтФДтФДтФДтФДтФДтФДтФДтФДтФДтФДтФДтФДтФДтФДтФДтФДтФДтФДтФДтФДтФДтФДтФДтФДтФДтФДтФДтФДтФДтФДтФДтФДтФДтФДтФДтФД
тФВ ЁЯРЫ Qq63: targetScale=judging, score=3
тФФтФАтФАтФАтФАтФАтФАтФАтФАтФАтФАтФАтФАтФАтФАтФАтФАтФАтФАтФАтФАтФАтФАтФАтФАтФАтФАтФАтФАтФАтФАтФАтФАтФАтФАтФАтФАтФАтФАтФАтФАтФАтФАтФАтФАтФАтФАтФАтФАтФАтФАтФАтФАтФАтФАтФАтФАтФАтФАтФАтФАтФАтФАтФАтФАтФАтФАтФАтФАтФАтФАтФАтФАтФАтФАтФАтФАтФАтФАтФАтФАтФАтФАтФАтФАтФАтФАтФАтФАтФАтФАтФАтФАтФАтФАтФАтФАтФАтФАтФАтФАтФАтФАтФАтФАтФАтФАтФАтФАтФАтФАтФАтФАтФАтФАтФАтФАтФАтФАтФА
тФМтФАтФАтФАтФАтФАтФАтФАтФАтФАтФАтФАтФАтФАтФАтФАтФАтФАтФАтФАтФАтФАтФАтФАтФАтФАтФАтФАтФАтФАтФАтФАтФАтФАтФАтФАтФАтФАтФАтФАтФАтФАтФАтФАтФАтФАтФАтФАтФАтФАтФАтФАтФАтФАтФАтФАтФАтФАтФАтФАтФАтФАтФАтФАтФАтФАтФАтФАтФАтФАтФАтФАтФАтФАтФАтФАтФАтФАтФАтФАтФАтФАтФАтФАтФАтФАтФАтФАтФАтФАтФАтФАтФАтФАтФАтФАтФАтФАтФАтФАтФАтФАтФАтФАтФАтФАтФАтФАтФАтФАтФАтФАтФАтФАтФАтФАтФАтФАтФАтФА
тФВ #0   TestService._completeBipolarTest (package:psycho_tests/services/test_service.dart:425:23)
тФВ #1   TestService.completeTest (package:psycho_tests/services/test_service.dart:55:16)
тФЬтФДтФДтФДтФДтФДтФДтФДтФДтФДтФДтФДтФДтФДтФДтФДтФДтФДтФДтФДтФДтФДтФДтФДтФДтФДтФДтФДтФДтФДтФДтФДтФДтФДтФДтФДтФДтФДтФДтФДтФДтФДтФДтФДтФДтФДтФДтФДтФДтФДтФДтФДтФДтФДтФДтФДтФДтФДтФДтФДтФДтФДтФДтФДтФДтФДтФДтФДтФДтФДтФДтФДтФДтФДтФДтФДтФДтФДтФДтФДтФДтФДтФДтФДтФДтФДтФДтФДтФДтФДтФДтФДтФДтФДтФДтФДтФДтФДтФДтФДтФДтФДтФДтФДтФДтФДтФДтФДтФДтФДтФДтФДтФДтФДтФДтФДтФДтФДтФДтФД
тФВ ЁЯРЫ Qq64: targetScale=judging, score=3
тФФтФАтФАтФАтФАтФАтФАтФАтФАтФАтФАтФАтФАтФАтФАтФАтФАтФАтФАтФАтФАтФАтФАтФАтФАтФАтФАтФАтФАтФАтФАтФАтФАтФАтФАтФАтФАтФАтФАтФАтФАтФАтФАтФАтФАтФАтФАтФАтФАтФАтФАтФАтФАтФАтФАтФАтФАтФАтФАтФАтФАтФАтФАтФАтФАтФАтФАтФАтФАтФАтФАтФАтФАтФАтФАтФАтФАтФАтФАтФАтФАтФАтФАтФАтФАтФАтФАтФАтФАтФАтФАтФАтФАтФАтФАтФАтФАтФАтФАтФАтФАтФАтФАтФАтФАтФАтФАтФАтФАтФАтФАтФАтФАтФАтФАтФАтФАтФАтФАтФА
тФМтФАтФАтФАтФАтФАтФАтФАтФАтФАтФАтФАтФАтФАтФАтФАтФАтФАтФАтФАтФАтФАтФАтФАтФАтФАтФАтФАтФАтФАтФАтФАтФАтФАтФАтФАтФАтФАтФАтФАтФАтФАтФАтФАтФАтФАтФАтФАтФАтФАтФАтФАтФАтФАтФАтФАтФАтФАтФАтФАтФАтФАтФАтФАтФАтФАтФАтФАтФАтФАтФАтФАтФАтФАтФАтФАтФАтФАтФАтФАтФАтФАтФАтФАтФАтФАтФАтФАтФАтФАтФАтФАтФАтФАтФАтФАтФАтФАтФАтФАтФАтФАтФАтФАтФАтФАтФАтФАтФАтФАтФАтФАтФАтФАтФАтФАтФАтФАтФАтФА
тФВ #0   TestService._completeBipolarTest (package:psycho_tests/services/test_service.dart:425:23)
тФВ #1   TestService.completeTest (package:psycho_tests/services/test_service.dart:55:16)
тФЬтФДтФДтФДтФДтФДтФДтФДтФДтФДтФДтФДтФДтФДтФДтФДтФДтФДтФДтФДтФДтФДтФДтФДтФДтФДтФДтФДтФДтФДтФДтФДтФДтФДтФДтФДтФДтФДтФДтФДтФДтФДтФДтФДтФДтФДтФДтФДтФДтФДтФДтФДтФДтФДтФДтФДтФДтФДтФДтФДтФДтФДтФДтФДтФДтФДтФДтФДтФДтФДтФДтФДтФДтФДтФДтФДтФДтФДтФДтФДтФДтФДтФДтФДтФДтФДтФДтФДтФДтФДтФДтФДтФДтФДтФДтФДтФДтФДтФДтФДтФДтФДтФДтФДтФДтФДтФДтФДтФДтФДтФДтФДтФДтФДтФДтФДтФДтФДтФДтФД
тФВ ЁЯРЫ Qq65: targetScale=perceiving, score=3
тФФтФАтФАтФАтФАтФАтФАтФАтФАтФАтФАтФАтФАтФАтФАтФАтФАтФАтФАтФАтФАтФАтФАтФАтФАтФАтФАтФАтФАтФАтФАтФАтФАтФАтФАтФАтФАтФАтФАтФАтФАтФАтФАтФАтФАтФАтФАтФАтФАтФАтФАтФАтФАтФАтФАтФАтФАтФАтФАтФАтФАтФАтФАтФАтФАтФАтФАтФАтФАтФАтФАтФАтФАтФАтФАтФАтФАтФАтФАтФАтФАтФАтФАтФАтФАтФАтФАтФАтФАтФАтФАтФАтФАтФАтФАтФАтФАтФАтФАтФАтФАтФАтФАтФАтФАтФАтФАтФАтФАтФАтФАтФАтФАтФАтФАтФАтФАтФАтФАтФА
тФМтФАтФАтФАтФАтФАтФАтФАтФАтФАтФАтФАтФАтФАтФАтФАтФАтФАтФАтФАтФАтФАтФАтФАтФАтФАтФАтФАтФАтФАтФАтФАтФАтФАтФАтФАтФАтФАтФАтФАтФАтФАтФАтФАтФАтФАтФАтФАтФАтФАтФАтФАтФАтФАтФАтФАтФАтФАтФАтФАтФАтФАтФАтФАтФАтФАтФАтФАтФАтФАтФАтФАтФАтФАтФАтФАтФАтФАтФАтФАтФАтФАтФАтФАтФАтФАтФАтФАтФАтФАтФАтФАтФАтФАтФАтФАтФАтФАтФАтФАтФАтФАтФАтФАтФАтФАтФАтФАтФАтФАтФАтФАтФАтФАтФАтФАтФАтФАтФАтФА
тФВ #0   TestService._completeBipolarTest (package:psycho_tests/services/test_service.dart:425:23)
тФВ #1   TestService.completeTest (package:psycho_tests/services/test_service.dart:55:16)
тФЬтФДтФДтФДтФДтФДтФДтФДтФДтФДтФДтФДтФДтФДтФДтФДтФДтФДтФДтФДтФДтФДтФДтФДтФДтФДтФДтФДтФДтФДтФДтФДтФДтФДтФДтФДтФДтФДтФДтФДтФДтФДтФДтФДтФДтФДтФДтФДтФДтФДтФДтФДтФДтФДтФДтФДтФДтФДтФДтФДтФДтФДтФДтФДтФДтФДтФДтФДтФДтФДтФДтФДтФДтФДтФДтФДтФДтФДтФДтФДтФДтФДтФДтФДтФДтФДтФДтФДтФДтФДтФДтФДтФДтФДтФДтФДтФДтФДтФДтФДтФДтФДтФДтФДтФДтФДтФДтФДтФДтФДтФДтФДтФДтФДтФДтФДтФДтФДтФДтФД
тФВ ЁЯРЫ Qq66: targetScale=perceiving, score=3
тФФтФАтФАтФАтФАтФАтФАтФАтФАтФАтФАтФАтФАтФАтФАтФАтФАтФАтФАтФАтФАтФАтФАтФАтФАтФАтФАтФАтФАтФАтФАтФАтФАтФАтФАтФАтФАтФАтФАтФАтФАтФАтФАтФАтФАтФАтФАтФАтФАтФАтФАтФАтФАтФАтФАтФАтФАтФАтФАтФАтФАтФАтФАтФАтФАтФАтФАтФАтФАтФАтФАтФАтФАтФАтФАтФАтФАтФАтФАтФАтФАтФАтФАтФАтФАтФАтФАтФАтФАтФАтФАтФАтФАтФАтФАтФАтФАтФАтФАтФАтФАтФАтФАтФАтФАтФАтФАтФАтФАтФАтФАтФАтФАтФАтФАтФАтФАтФАтФАтФА
тФМтФАтФАтФАтФАтФАтФАтФАтФАтФАтФАтФАтФАтФАтФАтФАтФАтФАтФАтФАтФАтФАтФАтФАтФАтФАтФАтФАтФАтФАтФАтФАтФАтФАтФАтФАтФАтФАтФАтФАтФАтФАтФАтФАтФАтФАтФАтФАтФАтФАтФАтФАтФАтФАтФАтФАтФАтФАтФАтФАтФАтФАтФАтФАтФАтФАтФАтФАтФАтФАтФАтФАтФАтФАтФАтФАтФАтФАтФАтФАтФАтФАтФАтФАтФАтФАтФАтФАтФАтФАтФАтФАтФАтФАтФАтФАтФАтФАтФАтФАтФАтФАтФАтФАтФАтФАтФАтФАтФАтФАтФАтФАтФАтФАтФАтФАтФАтФАтФАтФА
тФВ #0   TestService._completeBipolarTest (package:psycho_tests/services/test_service.dart:425:23)
тФВ #1   TestService.completeTest (package:psycho_tests/services/test_service.dart:55:16)
тФЬтФДтФДтФДтФДтФДтФДтФДтФДтФДтФДтФДтФДтФДтФДтФДтФДтФДтФДтФДтФДтФДтФДтФДтФДтФДтФДтФДтФДтФДтФДтФДтФДтФДтФДтФДтФДтФДтФДтФДтФДтФДтФДтФДтФДтФДтФДтФДтФДтФДтФДтФДтФДтФДтФДтФДтФДтФДтФДтФДтФДтФДтФДтФДтФДтФДтФДтФДтФДтФДтФДтФДтФДтФДтФДтФДтФДтФДтФДтФДтФДтФДтФДтФДтФДтФДтФДтФДтФДтФДтФДтФДтФДтФДтФДтФДтФДтФДтФДтФДтФДтФДтФДтФДтФДтФДтФДтФДтФДтФДтФДтФДтФДтФДтФДтФДтФДтФДтФДтФД
тФВ ЁЯРЫ Qq67: targetScale=perceiving, score=3
тФФтФАтФАтФАтФАтФАтФАтФАтФАтФАтФАтФАтФАтФАтФАтФАтФАтФАтФАтФАтФАтФАтФАтФАтФАтФАтФАтФАтФАтФАтФАтФАтФАтФАтФАтФАтФАтФАтФАтФАтФАтФАтФАтФАтФАтФАтФАтФАтФАтФАтФАтФАтФАтФАтФАтФАтФАтФАтФАтФАтФАтФАтФАтФАтФАтФАтФАтФАтФАтФАтФАтФАтФАтФАтФАтФАтФАтФАтФАтФАтФАтФАтФАтФАтФАтФАтФАтФАтФАтФАтФАтФАтФАтФАтФАтФАтФАтФАтФАтФАтФАтФАтФАтФАтФАтФАтФАтФАтФАтФАтФАтФАтФАтФАтФАтФАтФАтФАтФАтФА
тФМтФАтФАтФАтФАтФАтФАтФАтФАтФАтФАтФАтФАтФАтФАтФАтФАтФАтФАтФАтФАтФАтФАтФАтФАтФАтФАтФАтФАтФАтФАтФАтФАтФАтФАтФАтФАтФАтФАтФАтФАтФАтФАтФАтФАтФАтФАтФАтФАтФАтФАтФАтФАтФАтФАтФАтФАтФАтФАтФАтФАтФАтФАтФАтФАтФАтФАтФАтФАтФАтФАтФАтФАтФАтФАтФАтФАтФАтФАтФАтФАтФАтФАтФАтФАтФАтФАтФАтФАтФАтФАтФАтФАтФАтФАтФАтФАтФАтФАтФАтФАтФАтФАтФАтФАтФАтФАтФАтФАтФАтФАтФАтФАтФАтФАтФАтФАтФАтФАтФА
тФВ #0   TestService._completeBipolarTest (package:psycho_tests/services/test_service.dart:425:23)
тФВ #1   TestService.completeTest (package:psycho_tests/services/test_service.dart:55:16)
тФЬтФДтФДтФДтФДтФДтФДтФДтФДтФДтФДтФДтФДтФДтФДтФДтФДтФДтФДтФДтФДтФДтФДтФДтФДтФДтФДтФДтФДтФДтФДтФДтФДтФДтФДтФДтФДтФДтФДтФДтФДтФДтФДтФДтФДтФДтФДтФДтФДтФДтФДтФДтФДтФДтФДтФДтФДтФДтФДтФДтФДтФДтФДтФДтФДтФДтФДтФДтФДтФДтФДтФДтФДтФДтФДтФДтФДтФДтФДтФДтФДтФДтФДтФДтФДтФДтФДтФДтФДтФДтФДтФДтФДтФДтФДтФДтФДтФДтФДтФДтФДтФДтФДтФДтФДтФДтФДтФДтФДтФДтФДтФДтФДтФДтФДтФДтФДтФДтФДтФД
тФВ ЁЯРЫ Qq68: targetScale=perceiving, score=3
тФФтФАтФАтФАтФАтФАтФАтФАтФАтФАтФАтФАтФАтФАтФАтФАтФАтФАтФАтФАтФАтФАтФАтФАтФАтФАтФАтФАтФАтФАтФАтФАтФАтФАтФАтФАтФАтФАтФАтФАтФАтФАтФАтФАтФАтФАтФАтФАтФАтФАтФАтФАтФАтФАтФАтФАтФАтФАтФАтФАтФАтФАтФАтФАтФАтФАтФАтФАтФАтФАтФАтФАтФАтФАтФАтФАтФАтФАтФАтФАтФАтФАтФАтФАтФАтФАтФАтФАтФАтФАтФАтФАтФАтФАтФАтФАтФАтФАтФАтФАтФАтФАтФАтФАтФАтФАтФАтФАтФАтФАтФАтФАтФАтФАтФАтФАтФАтФАтФАтФА
тФМтФАтФАтФАтФАтФАтФАтФАтФАтФАтФАтФАтФАтФАтФАтФАтФАтФАтФАтФАтФАтФАтФАтФАтФАтФАтФАтФАтФАтФАтФАтФАтФАтФАтФАтФАтФАтФАтФАтФАтФАтФАтФАтФАтФАтФАтФАтФАтФАтФАтФАтФАтФАтФАтФАтФАтФАтФАтФАтФАтФАтФАтФАтФАтФАтФАтФАтФАтФАтФАтФАтФАтФАтФАтФАтФАтФАтФАтФАтФАтФАтФАтФАтФАтФАтФАтФАтФАтФАтФАтФАтФАтФАтФАтФАтФАтФАтФАтФАтФАтФАтФАтФАтФАтФАтФАтФАтФАтФАтФАтФАтФАтФАтФАтФАтФАтФАтФАтФАтФА
тФВ #0   TestService._completeBipolarTest (package:psycho_tests/services/test_service.dart:425:23)
тФВ #1   TestService.completeTest (package:psycho_tests/services/test_service.dart:55:16)
тФЬтФДтФДтФДтФДтФДтФДтФДтФДтФДтФДтФДтФДтФДтФДтФДтФДтФДтФДтФДтФДтФДтФДтФДтФДтФДтФДтФДтФДтФДтФДтФДтФДтФДтФДтФДтФДтФДтФДтФДтФДтФДтФДтФДтФДтФДтФДтФДтФДтФДтФДтФДтФДтФДтФДтФДтФДтФДтФДтФДтФДтФДтФДтФДтФДтФДтФДтФДтФДтФДтФДтФДтФДтФДтФДтФДтФДтФДтФДтФДтФДтФДтФДтФДтФДтФДтФДтФДтФДтФДтФДтФДтФДтФДтФДтФДтФДтФДтФДтФДтФДтФДтФДтФДтФДтФДтФДтФДтФДтФДтФДтФДтФДтФДтФДтФДтФДтФДтФДтФД
тФВ ЁЯРЫ Qq69: targetScale=judging, score=3
тФФтФАтФАтФАтФАтФАтФАтФАтФАтФАтФАтФАтФАтФАтФАтФАтФАтФАтФАтФАтФАтФАтФАтФАтФАтФАтФАтФАтФАтФАтФАтФАтФАтФАтФАтФАтФАтФАтФАтФАтФАтФАтФАтФАтФАтФАтФАтФАтФАтФАтФАтФАтФАтФАтФАтФАтФАтФАтФАтФАтФАтФАтФАтФАтФАтФАтФАтФАтФАтФАтФАтФАтФАтФАтФАтФАтФАтФАтФАтФАтФАтФАтФАтФАтФАтФАтФАтФАтФАтФАтФАтФАтФАтФАтФАтФАтФАтФАтФАтФАтФАтФАтФАтФАтФАтФАтФАтФАтФАтФАтФАтФАтФАтФАтФАтФАтФАтФАтФАтФА
тФМтФАтФАтФАтФАтФАтФАтФАтФАтФАтФАтФАтФАтФАтФАтФАтФАтФАтФАтФАтФАтФАтФАтФАтФАтФАтФАтФАтФАтФАтФАтФАтФАтФАтФАтФАтФАтФАтФАтФАтФАтФАтФАтФАтФАтФАтФАтФАтФАтФАтФАтФАтФАтФАтФАтФАтФАтФАтФАтФАтФАтФАтФАтФАтФАтФАтФАтФАтФАтФАтФАтФАтФАтФАтФАтФАтФАтФАтФАтФАтФАтФАтФАтФАтФАтФАтФАтФАтФАтФАтФАтФАтФАтФАтФАтФАтФАтФАтФАтФАтФАтФАтФАтФАтФАтФАтФАтФАтФАтФАтФАтФАтФАтФАтФАтФАтФАтФАтФАтФА
тФВ #0   TestService._completeBipolarTest (package:psycho_tests/services/test_service.dart:425:23)
тФВ #1   TestService.completeTest (package:psycho_tests/services/test_service.dart:55:16)
тФЬтФДтФДтФДтФДтФДтФДтФДтФДтФДтФДтФДтФДтФДтФДтФДтФДтФДтФДтФДтФДтФДтФДтФДтФДтФДтФДтФДтФДтФДтФДтФДтФДтФДтФДтФДтФДтФДтФДтФДтФДтФДтФДтФДтФДтФДтФДтФДтФДтФДтФДтФДтФДтФДтФДтФДтФДтФДтФДтФДтФДтФДтФДтФДтФДтФДтФДтФДтФДтФДтФДтФДтФДтФДтФДтФДтФДтФДтФДтФДтФДтФДтФДтФДтФДтФДтФДтФДтФДтФДтФДтФДтФДтФДтФДтФДтФДтФДтФДтФДтФДтФДтФДтФДтФДтФДтФДтФДтФДтФДтФДтФДтФДтФДтФДтФДтФДтФДтФДтФД
тФВ ЁЯРЫ Qq70: targetScale=perceiving, score=3
тФФтФАтФАтФАтФАтФАтФАтФАтФАтФАтФАтФАтФАтФАтФАтФАтФАтФАтФАтФАтФАтФАтФАтФАтФАтФАтФАтФАтФАтФАтФАтФАтФАтФАтФАтФАтФАтФАтФАтФАтФАтФАтФАтФАтФАтФАтФАтФАтФАтФАтФАтФАтФАтФАтФАтФАтФАтФАтФАтФАтФАтФАтФАтФАтФАтФАтФАтФАтФАтФАтФАтФАтФАтФАтФАтФАтФАтФАтФАтФАтФАтФАтФАтФАтФАтФАтФАтФАтФАтФАтФАтФАтФАтФАтФАтФАтФАтФАтФАтФАтФАтФАтФАтФАтФАтФАтФАтФАтФАтФАтФАтФАтФАтФАтФАтФАтФАтФАтФАтФА
тФМтФАтФАтФАтФАтФАтФАтФАтФАтФАтФАтФАтФАтФАтФАтФАтФАтФАтФАтФАтФАтФАтФАтФАтФАтФАтФАтФАтФАтФАтФАтФАтФАтФАтФАтФАтФАтФАтФАтФАтФАтФАтФАтФАтФАтФАтФАтФАтФАтФАтФАтФАтФАтФАтФАтФАтФАтФАтФАтФАтФАтФАтФАтФАтФАтФАтФАтФАтФАтФАтФАтФАтФАтФАтФАтФАтФАтФАтФАтФАтФАтФАтФАтФАтФАтФАтФАтФАтФАтФАтФАтФАтФАтФАтФАтФАтФАтФАтФАтФАтФАтФАтФАтФАтФАтФАтФАтФАтФАтФАтФАтФАтФАтФАтФАтФАтФАтФАтФАтФА
тФВ #0   TestService._completeBipolarTest (package:psycho_tests/services/test_service.dart:425:23)
тФВ #1   TestService.completeTest (package:psycho_tests/services/test_service.dart:55:16)
тФЬтФДтФДтФДтФДтФДтФДтФДтФДтФДтФДтФДтФДтФДтФДтФДтФДтФДтФДтФДтФДтФДтФДтФДтФДтФДтФДтФДтФДтФДтФДтФДтФДтФДтФДтФДтФДтФДтФДтФДтФДтФДтФДтФДтФДтФДтФДтФДтФДтФДтФДтФДтФДтФДтФДтФДтФДтФДтФДтФДтФДтФДтФДтФДтФДтФДтФДтФДтФДтФДтФДтФДтФДтФДтФДтФДтФДтФДтФДтФДтФДтФДтФДтФДтФДтФДтФДтФДтФДтФДтФДтФДтФДтФДтФДтФДтФДтФДтФДтФДтФДтФДтФДтФДтФДтФДтФДтФДтФДтФДтФДтФДтФДтФДтФДтФДтФДтФДтФДтФД
тФВ ЁЯРЫ Qq71: targetScale=judging, score=3
тФФтФАтФАтФАтФАтФАтФАтФАтФАтФАтФАтФАтФАтФАтФАтФАтФАтФАтФАтФАтФАтФАтФАтФАтФАтФАтФАтФАтФАтФАтФАтФАтФАтФАтФАтФАтФАтФАтФАтФАтФАтФАтФАтФАтФАтФАтФАтФАтФАтФАтФАтФАтФАтФАтФАтФАтФАтФАтФАтФАтФАтФАтФАтФАтФАтФАтФАтФАтФАтФАтФАтФАтФАтФАтФАтФАтФАтФАтФАтФАтФАтФАтФАтФАтФАтФАтФАтФАтФАтФАтФАтФАтФАтФАтФАтФАтФАтФАтФАтФАтФАтФАтФАтФАтФАтФАтФАтФАтФАтФАтФАтФАтФАтФАтФАтФАтФАтФАтФАтФА
тФМтФАтФАтФАтФАтФАтФАтФАтФАтФАтФАтФАтФАтФАтФАтФАтФАтФАтФАтФАтФАтФАтФАтФАтФАтФАтФАтФАтФАтФАтФАтФАтФАтФАтФАтФАтФАтФАтФАтФАтФАтФАтФАтФАтФАтФАтФАтФАтФАтФАтФАтФАтФАтФАтФАтФАтФАтФАтФАтФАтФАтФАтФАтФАтФАтФАтФАтФАтФАтФАтФАтФАтФАтФАтФАтФАтФАтФАтФАтФАтФАтФАтФАтФАтФАтФАтФАтФАтФАтФАтФАтФАтФАтФАтФАтФАтФАтФАтФАтФАтФАтФАтФАтФАтФАтФАтФАтФАтФАтФАтФАтФАтФАтФАтФАтФАтФАтФАтФАтФА
тФВ #0   TestService._completeBipolarTest (package:psycho_tests/services/test_service.dart:425:23)
тФВ #1   TestService.completeTest (package:psycho_tests/services/test_service.dart:55:16)
тФЬтФДтФДтФДтФДтФДтФДтФДтФДтФДтФДтФДтФДтФДтФДтФДтФДтФДтФДтФДтФДтФДтФДтФДтФДтФДтФДтФДтФДтФДтФДтФДтФДтФДтФДтФДтФДтФДтФДтФДтФДтФДтФДтФДтФДтФДтФДтФДтФДтФДтФДтФДтФДтФДтФДтФДтФДтФДтФДтФДтФДтФДтФДтФДтФДтФДтФДтФДтФДтФДтФДтФДтФДтФДтФДтФДтФДтФДтФДтФДтФДтФДтФДтФДтФДтФДтФДтФДтФДтФДтФДтФДтФДтФДтФДтФДтФДтФДтФДтФДтФДтФДтФДтФДтФДтФДтФДтФДтФДтФДтФДтФДтФДтФДтФДтФДтФДтФДтФДтФД
тФВ ЁЯРЫ Qq72: targetScale=perceiving, score=3
тФФтФАтФАтФАтФАтФАтФАтФАтФАтФАтФАтФАтФАтФАтФАтФАтФАтФАтФАтФАтФАтФАтФАтФАтФАтФАтФАтФАтФАтФАтФАтФАтФАтФАтФАтФАтФАтФАтФАтФАтФАтФАтФАтФАтФАтФАтФАтФАтФАтФАтФАтФАтФАтФАтФАтФАтФАтФАтФАтФАтФАтФАтФАтФАтФАтФАтФАтФАтФАтФАтФАтФАтФАтФАтФАтФАтФАтФАтФАтФАтФАтФАтФАтФАтФАтФАтФАтФАтФАтФАтФАтФАтФАтФАтФАтФАтФАтФАтФАтФАтФАтФАтФАтФАтФАтФАтФАтФАтФАтФАтФАтФАтФАтФАтФАтФАтФАтФАтФАтФА
тФМтФАтФАтФАтФАтФАтФАтФАтФАтФАтФАтФАтФАтФАтФАтФАтФАтФАтФАтФАтФАтФАтФАтФАтФАтФАтФАтФАтФАтФАтФАтФАтФАтФАтФАтФАтФАтФАтФАтФАтФАтФАтФАтФАтФАтФАтФАтФАтФАтФАтФАтФАтФАтФАтФАтФАтФАтФАтФАтФАтФАтФАтФАтФАтФАтФАтФАтФАтФАтФАтФАтФАтФАтФАтФАтФАтФАтФАтФАтФАтФАтФАтФАтФАтФАтФАтФАтФАтФАтФАтФАтФАтФАтФАтФАтФАтФАтФАтФАтФАтФАтФАтФАтФАтФАтФАтФАтФАтФАтФАтФАтФАтФАтФАтФАтФАтФАтФАтФАтФА
тФВ #0   TestService._completeBipolarTest (package:psycho_tests/services/test_service.dart:425:23)
тФВ #1   TestService.completeTest (package:psycho_tests/services/test_service.dart:55:16)
тФЬтФДтФДтФДтФДтФДтФДтФДтФДтФДтФДтФДтФДтФДтФДтФДтФДтФДтФДтФДтФДтФДтФДтФДтФДтФДтФДтФДтФДтФДтФДтФДтФДтФДтФДтФДтФДтФДтФДтФДтФДтФДтФДтФДтФДтФДтФДтФДтФДтФДтФДтФДтФДтФДтФДтФДтФДтФДтФДтФДтФДтФДтФДтФДтФДтФДтФДтФДтФДтФДтФДтФДтФДтФДтФДтФДтФДтФДтФДтФДтФДтФДтФДтФДтФДтФДтФДтФДтФДтФДтФДтФДтФДтФДтФДтФДтФДтФДтФДтФДтФДтФДтФДтФДтФДтФДтФДтФДтФДтФДтФДтФДтФДтФДтФДтФДтФДтФДтФДтФД
тФВ ЁЯРЫ Qq73: targetScale=judging, score=3
тФФтФАтФАтФАтФАтФАтФАтФАтФАтФАтФАтФАтФАтФАтФАтФАтФАтФАтФАтФАтФАтФАтФАтФАтФАтФАтФАтФАтФАтФАтФАтФАтФАтФАтФАтФАтФАтФАтФАтФАтФАтФАтФАтФАтФАтФАтФАтФАтФАтФАтФАтФАтФАтФАтФАтФАтФАтФАтФАтФАтФАтФАтФАтФАтФАтФАтФАтФАтФАтФАтФАтФАтФАтФАтФАтФАтФАтФАтФАтФАтФАтФАтФАтФАтФАтФАтФАтФАтФАтФАтФАтФАтФАтФАтФАтФАтФАтФАтФАтФАтФАтФАтФАтФАтФАтФАтФАтФАтФАтФАтФАтФАтФАтФАтФАтФАтФАтФАтФАтФА
тФМтФАтФАтФАтФАтФАтФАтФАтФАтФАтФАтФАтФАтФАтФАтФАтФАтФАтФАтФАтФАтФАтФАтФАтФАтФАтФАтФАтФАтФАтФАтФАтФАтФАтФАтФАтФАтФАтФАтФАтФАтФАтФАтФАтФАтФАтФАтФАтФАтФАтФАтФАтФАтФАтФАтФАтФАтФАтФАтФАтФАтФАтФАтФАтФАтФАтФАтФАтФАтФАтФАтФАтФАтФАтФАтФАтФАтФАтФАтФАтФАтФАтФАтФАтФАтФАтФАтФАтФАтФАтФАтФАтФАтФАтФАтФАтФАтФАтФАтФАтФАтФАтФАтФАтФАтФАтФАтФАтФАтФАтФАтФАтФАтФАтФАтФАтФАтФАтФАтФА
тФВ #0   TestService._completeBipolarTest (package:psycho_tests/services/test_service.dart:425:23)
тФВ #1   TestService.completeTest (package:psycho_tests/services/test_service.dart:55:16)
тФЬтФДтФДтФДтФДтФДтФДтФДтФДтФДтФДтФДтФДтФДтФДтФДтФДтФДтФДтФДтФДтФДтФДтФДтФДтФДтФДтФДтФДтФДтФДтФДтФДтФДтФДтФДтФДтФДтФДтФДтФДтФДтФДтФДтФДтФДтФДтФДтФДтФДтФДтФДтФДтФДтФДтФДтФДтФДтФДтФДтФДтФДтФДтФДтФДтФДтФДтФДтФДтФДтФДтФДтФДтФДтФДтФДтФДтФДтФДтФДтФДтФДтФДтФДтФДтФДтФДтФДтФДтФДтФДтФДтФДтФДтФДтФДтФДтФДтФДтФДтФДтФДтФДтФДтФДтФДтФДтФДтФДтФДтФДтФДтФДтФДтФДтФДтФДтФДтФДтФД
тФВ ЁЯРЫ Qq74: targetScale=perceiving, score=3
тФФтФАтФАтФАтФАтФАтФАтФАтФАтФАтФАтФАтФАтФАтФАтФАтФАтФАтФАтФАтФАтФАтФАтФАтФАтФАтФАтФАтФАтФАтФАтФАтФАтФАтФАтФАтФАтФАтФАтФАтФАтФАтФАтФАтФАтФАтФАтФАтФАтФАтФАтФАтФАтФАтФАтФАтФАтФАтФАтФАтФАтФАтФАтФАтФАтФАтФАтФАтФАтФАтФАтФАтФАтФАтФАтФАтФАтФАтФАтФАтФАтФАтФАтФАтФАтФАтФАтФАтФАтФАтФАтФАтФАтФАтФАтФАтФАтФАтФАтФАтФАтФАтФАтФАтФАтФАтФАтФАтФАтФАтФАтФАтФАтФАтФАтФАтФАтФАтФАтФА
тФМтФАтФАтФАтФАтФАтФАтФАтФАтФАтФАтФАтФАтФАтФАтФАтФАтФАтФАтФАтФАтФАтФАтФАтФАтФАтФАтФАтФАтФАтФАтФАтФАтФАтФАтФАтФАтФАтФАтФАтФАтФАтФАтФАтФАтФАтФАтФАтФАтФАтФАтФАтФАтФАтФАтФАтФАтФАтФАтФАтФАтФАтФАтФАтФАтФАтФАтФАтФАтФАтФАтФАтФАтФАтФАтФАтФАтФАтФАтФАтФАтФАтФАтФАтФАтФАтФАтФАтФАтФАтФАтФАтФАтФАтФАтФАтФАтФАтФАтФАтФАтФАтФАтФАтФАтФАтФАтФАтФАтФАтФАтФАтФАтФАтФАтФАтФАтФАтФАтФА
тФВ #0   TestService._completeBipolarTest (package:psycho_tests/services/test_service.dart:425:23)
тФВ #1   TestService.completeTest (package:psycho_tests/services/test_service.dart:55:16)
тФЬтФДтФДтФДтФДтФДтФДтФДтФДтФДтФДтФДтФДтФДтФДтФДтФДтФДтФДтФДтФДтФДтФДтФДтФДтФДтФДтФДтФДтФДтФДтФДтФДтФДтФДтФДтФДтФДтФДтФДтФДтФДтФДтФДтФДтФДтФДтФДтФДтФДтФДтФДтФДтФДтФДтФДтФДтФДтФДтФДтФДтФДтФДтФДтФДтФДтФДтФДтФДтФДтФДтФДтФДтФДтФДтФДтФДтФДтФДтФДтФДтФДтФДтФДтФДтФДтФДтФДтФДтФДтФДтФДтФДтФДтФДтФДтФДтФДтФДтФДтФДтФДтФДтФДтФДтФДтФДтФДтФДтФДтФДтФДтФДтФДтФДтФДтФДтФДтФДтФД
тФВ ЁЯРЫ Qq75: targetScale=judging, score=3
тФФтФАтФАтФАтФАтФАтФАтФАтФАтФАтФАтФАтФАтФАтФАтФАтФАтФАтФАтФАтФАтФАтФАтФАтФАтФАтФАтФАтФАтФАтФАтФАтФАтФАтФАтФАтФАтФАтФАтФАтФАтФАтФАтФАтФАтФАтФАтФАтФАтФАтФАтФАтФАтФАтФАтФАтФАтФАтФАтФАтФАтФАтФАтФАтФАтФАтФАтФАтФАтФАтФАтФАтФАтФАтФАтФАтФАтФАтФАтФАтФАтФАтФАтФАтФАтФАтФАтФАтФАтФАтФАтФАтФАтФАтФАтФАтФАтФАтФАтФАтФАтФАтФАтФАтФАтФАтФАтФАтФАтФАтФАтФАтФАтФАтФАтФАтФАтФАтФАтФА
тФМтФАтФАтФАтФАтФАтФАтФАтФАтФАтФАтФАтФАтФАтФАтФАтФАтФАтФАтФАтФАтФАтФАтФАтФАтФАтФАтФАтФАтФАтФАтФАтФАтФАтФАтФАтФАтФАтФАтФАтФАтФАтФАтФАтФАтФАтФАтФАтФАтФАтФАтФАтФАтФАтФАтФАтФАтФАтФАтФАтФАтФАтФАтФАтФАтФАтФАтФАтФАтФАтФАтФАтФАтФАтФАтФАтФАтФАтФАтФАтФАтФАтФАтФАтФАтФАтФАтФАтФАтФАтФАтФАтФАтФАтФАтФАтФАтФАтФАтФАтФАтФАтФАтФАтФАтФАтФАтФАтФАтФАтФАтФАтФАтФАтФАтФАтФАтФАтФАтФА
тФВ #0   TestService._completeBipolarTest (package:psycho_tests/services/test_service.dart:425:23)
тФВ #1   TestService.completeTest (package:psycho_tests/services/test_service.dart:55:16)
тФЬтФДтФДтФДтФДтФДтФДтФДтФДтФДтФДтФДтФДтФДтФДтФДтФДтФДтФДтФДтФДтФДтФДтФДтФДтФДтФДтФДтФДтФДтФДтФДтФДтФДтФДтФДтФДтФДтФДтФДтФДтФДтФДтФДтФДтФДтФДтФДтФДтФДтФДтФДтФДтФДтФДтФДтФДтФДтФДтФДтФДтФДтФДтФДтФДтФДтФДтФДтФДтФДтФДтФДтФДтФДтФДтФДтФДтФДтФДтФДтФДтФДтФДтФДтФДтФДтФДтФДтФДтФДтФДтФДтФДтФДтФДтФДтФДтФДтФДтФДтФДтФДтФДтФДтФДтФДтФДтФДтФДтФДтФДтФДтФДтФДтФДтФДтФДтФДтФДтФД
тФВ ЁЯРЫ Qq76: targetScale=perceiving, score=3
тФФтФАтФАтФАтФАтФАтФАтФАтФАтФАтФАтФАтФАтФАтФАтФАтФАтФАтФАтФАтФАтФАтФАтФАтФАтФАтФАтФАтФАтФАтФАтФАтФАтФАтФАтФАтФАтФАтФАтФАтФАтФАтФАтФАтФАтФАтФАтФАтФАтФАтФАтФАтФАтФАтФАтФАтФАтФАтФАтФАтФАтФАтФАтФАтФАтФАтФАтФАтФАтФАтФАтФАтФАтФАтФАтФАтФАтФАтФАтФАтФАтФАтФАтФАтФАтФАтФАтФАтФАтФАтФАтФАтФАтФАтФАтФАтФАтФАтФАтФАтФАтФАтФАтФАтФАтФАтФАтФАтФАтФАтФАтФАтФАтФАтФАтФАтФАтФАтФАтФА
тФМтФАтФАтФАтФАтФАтФАтФАтФАтФАтФАтФАтФАтФАтФАтФАтФАтФАтФАтФАтФАтФАтФАтФАтФАтФАтФАтФАтФАтФАтФАтФАтФАтФАтФАтФАтФАтФАтФАтФАтФАтФАтФАтФАтФАтФАтФАтФАтФАтФАтФАтФАтФАтФАтФАтФАтФАтФАтФАтФАтФАтФАтФАтФАтФАтФАтФАтФАтФАтФАтФАтФАтФАтФАтФАтФАтФАтФАтФАтФАтФАтФАтФАтФАтФАтФАтФАтФАтФАтФАтФАтФАтФАтФАтФАтФАтФАтФАтФАтФАтФАтФАтФАтФАтФАтФАтФАтФАтФАтФАтФАтФАтФАтФАтФАтФАтФАтФАтФАтФА
тФВ #0   TestService._completeBipolarTest (package:psycho_tests/services/test_service.dart:425:23)
тФВ #1   TestService.completeTest (package:psycho_tests/services/test_service.dart:55:16)
тФЬтФДтФДтФДтФДтФДтФДтФДтФДтФДтФДтФДтФДтФДтФДтФДтФДтФДтФДтФДтФДтФДтФДтФДтФДтФДтФДтФДтФДтФДтФДтФДтФДтФДтФДтФДтФДтФДтФДтФДтФДтФДтФДтФДтФДтФДтФДтФДтФДтФДтФДтФДтФДтФДтФДтФДтФДтФДтФДтФДтФДтФДтФДтФДтФДтФДтФДтФДтФДтФДтФДтФДтФДтФДтФДтФДтФДтФДтФДтФДтФДтФДтФДтФДтФДтФДтФДтФДтФДтФДтФДтФДтФДтФДтФДтФДтФДтФДтФДтФДтФДтФДтФДтФДтФДтФДтФДтФДтФДтФДтФДтФДтФДтФДтФДтФДтФДтФДтФДтФД
тФВ ЁЯРЫ Qq77: targetScale=judging, score=3
тФФтФАтФАтФАтФАтФАтФАтФАтФАтФАтФАтФАтФАтФАтФАтФАтФАтФАтФАтФАтФАтФАтФАтФАтФАтФАтФАтФАтФАтФАтФАтФАтФАтФАтФАтФАтФАтФАтФАтФАтФАтФАтФАтФАтФАтФАтФАтФАтФАтФАтФАтФАтФАтФАтФАтФАтФАтФАтФАтФАтФАтФАтФАтФАтФАтФАтФАтФАтФАтФАтФАтФАтФАтФАтФАтФАтФАтФАтФАтФАтФАтФАтФАтФАтФАтФАтФАтФАтФАтФАтФАтФАтФАтФАтФАтФАтФАтФАтФАтФАтФАтФАтФАтФАтФАтФАтФАтФАтФАтФАтФАтФАтФАтФАтФАтФАтФАтФАтФАтФА
тФМтФАтФАтФАтФАтФАтФАтФАтФАтФАтФАтФАтФАтФАтФАтФАтФАтФАтФАтФАтФАтФАтФАтФАтФАтФАтФАтФАтФАтФАтФАтФАтФАтФАтФАтФАтФАтФАтФАтФАтФАтФАтФАтФАтФАтФАтФАтФАтФАтФАтФАтФАтФАтФАтФАтФАтФАтФАтФАтФАтФАтФАтФАтФАтФАтФАтФАтФАтФАтФАтФАтФАтФАтФАтФАтФАтФАтФАтФАтФАтФАтФАтФАтФАтФАтФАтФАтФАтФАтФАтФАтФАтФАтФАтФАтФАтФАтФАтФАтФАтФАтФАтФАтФАтФАтФАтФАтФАтФАтФАтФАтФАтФАтФАтФАтФАтФАтФАтФАтФА
тФВ #0   TestService._completeBipolarTest (package:psycho_tests/services/test_service.dart:425:23)
тФВ #1   TestService.completeTest (package:psycho_tests/services/test_service.dart:55:16)
тФЬтФДтФДтФДтФДтФДтФДтФДтФДтФДтФДтФДтФДтФДтФДтФДтФДтФДтФДтФДтФДтФДтФДтФДтФДтФДтФДтФДтФДтФДтФДтФДтФДтФДтФДтФДтФДтФДтФДтФДтФДтФДтФДтФДтФДтФДтФДтФДтФДтФДтФДтФДтФДтФДтФДтФДтФДтФДтФДтФДтФДтФДтФДтФДтФДтФДтФДтФДтФДтФДтФДтФДтФДтФДтФДтФДтФДтФДтФДтФДтФДтФДтФДтФДтФДтФДтФДтФДтФДтФДтФДтФДтФДтФДтФДтФДтФДтФДтФДтФДтФДтФДтФДтФДтФДтФДтФДтФДтФДтФДтФДтФДтФДтФДтФДтФДтФДтФДтФДтФД
тФВ ЁЯРЫ Qq78: targetScale=perceiving, score=3
тФФтФАтФАтФАтФАтФАтФАтФАтФАтФАтФАтФАтФАтФАтФАтФАтФАтФАтФАтФАтФАтФАтФАтФАтФАтФАтФАтФАтФАтФАтФАтФАтФАтФАтФАтФАтФАтФАтФАтФАтФАтФАтФАтФАтФАтФАтФАтФАтФАтФАтФАтФАтФАтФАтФАтФАтФАтФАтФАтФАтФАтФАтФАтФАтФАтФАтФАтФАтФАтФАтФАтФАтФАтФАтФАтФАтФАтФАтФАтФАтФАтФАтФАтФАтФАтФАтФАтФАтФАтФАтФАтФАтФАтФАтФАтФАтФАтФАтФАтФАтФАтФАтФАтФАтФАтФАтФАтФАтФАтФАтФАтФАтФАтФАтФАтФАтФАтФАтФАтФА
тФМтФАтФАтФАтФАтФАтФАтФАтФАтФАтФАтФАтФАтФАтФАтФАтФАтФАтФАтФАтФАтФАтФАтФАтФАтФАтФАтФАтФАтФАтФАтФАтФАтФАтФАтФАтФАтФАтФАтФАтФАтФАтФАтФАтФАтФАтФАтФАтФАтФАтФАтФАтФАтФАтФАтФАтФАтФАтФАтФАтФАтФАтФАтФАтФАтФАтФАтФАтФАтФАтФАтФАтФАтФАтФАтФАтФАтФАтФАтФАтФАтФАтФАтФАтФАтФАтФАтФАтФАтФАтФАтФАтФАтФАтФАтФАтФАтФАтФАтФАтФАтФАтФАтФАтФАтФАтФАтФАтФАтФАтФАтФАтФАтФАтФАтФАтФАтФАтФАтФА
тФВ #0   TestService._completeBipolarTest (package:psycho_tests/services/test_service.dart:425:23)
тФВ #1   TestService.completeTest (package:psycho_tests/services/test_service.dart:55:16)
тФЬтФДтФДтФДтФДтФДтФДтФДтФДтФДтФДтФДтФДтФДтФДтФДтФДтФДтФДтФДтФДтФДтФДтФДтФДтФДтФДтФДтФДтФДтФДтФДтФДтФДтФДтФДтФДтФДтФДтФДтФДтФДтФДтФДтФДтФДтФДтФДтФДтФДтФДтФДтФДтФДтФДтФДтФДтФДтФДтФДтФДтФДтФДтФДтФДтФДтФДтФДтФДтФДтФДтФДтФДтФДтФДтФДтФДтФДтФДтФДтФДтФДтФДтФДтФДтФДтФДтФДтФДтФДтФДтФДтФДтФДтФДтФДтФДтФДтФДтФДтФДтФДтФДтФДтФДтФДтФДтФДтФДтФДтФДтФДтФДтФДтФДтФДтФДтФДтФДтФД
тФВ ЁЯРЫ Qq79: targetScale=judging, score=3
тФФтФАтФАтФАтФАтФАтФАтФАтФАтФАтФАтФАтФАтФАтФАтФАтФАтФАтФАтФАтФАтФАтФАтФАтФАтФАтФАтФАтФАтФАтФАтФАтФАтФАтФАтФАтФАтФАтФАтФАтФАтФАтФАтФАтФАтФАтФАтФАтФАтФАтФАтФАтФАтФАтФАтФАтФАтФАтФАтФАтФАтФАтФАтФАтФАтФАтФАтФАтФАтФАтФАтФАтФАтФАтФАтФАтФАтФАтФАтФАтФАтФАтФАтФАтФАтФАтФАтФАтФАтФАтФАтФАтФАтФАтФАтФАтФАтФАтФАтФАтФАтФАтФАтФАтФАтФАтФАтФАтФАтФАтФАтФАтФАтФАтФАтФАтФАтФАтФАтФА
тФМтФАтФАтФАтФАтФАтФАтФАтФАтФАтФАтФАтФАтФАтФАтФАтФАтФАтФАтФАтФАтФАтФАтФАтФАтФАтФАтФАтФАтФАтФАтФАтФАтФАтФАтФАтФАтФАтФАтФАтФАтФАтФАтФАтФАтФАтФАтФАтФАтФАтФАтФАтФАтФАтФАтФАтФАтФАтФАтФАтФАтФАтФАтФАтФАтФАтФАтФАтФАтФАтФАтФАтФАтФАтФАтФАтФАтФАтФАтФАтФАтФАтФАтФАтФАтФАтФАтФАтФАтФАтФАтФАтФАтФАтФАтФАтФАтФАтФАтФАтФАтФАтФАтФАтФАтФАтФАтФАтФАтФАтФАтФАтФАтФАтФАтФАтФАтФАтФАтФА
тФВ #0   TestService._completeBipolarTest (package:psycho_tests/services/test_service.dart:425:23)
тФВ #1   TestService.completeTest (package:psycho_tests/services/test_service.dart:55:16)
тФЬтФДтФДтФДтФДтФДтФДтФДтФДтФДтФДтФДтФДтФДтФДтФДтФДтФДтФДтФДтФДтФДтФДтФДтФДтФДтФДтФДтФДтФДтФДтФДтФДтФДтФДтФДтФДтФДтФДтФДтФДтФДтФДтФДтФДтФДтФДтФДтФДтФДтФДтФДтФДтФДтФДтФДтФДтФДтФДтФДтФДтФДтФДтФДтФДтФДтФДтФДтФДтФДтФДтФДтФДтФДтФДтФДтФДтФДтФДтФДтФДтФДтФДтФДтФДтФДтФДтФДтФДтФДтФДтФДтФДтФДтФДтФДтФДтФДтФДтФДтФДтФДтФДтФДтФДтФДтФДтФДтФДтФДтФДтФДтФДтФДтФДтФДтФДтФДтФДтФД
тФВ ЁЯРЫ Qq80: targetScale=perceiving, score=3
тФФтФАтФАтФАтФАтФАтФАтФАтФАтФАтФАтФАтФАтФАтФАтФАтФАтФАтФАтФАтФАтФАтФАтФАтФАтФАтФАтФАтФАтФАтФАтФАтФАтФАтФАтФАтФАтФАтФАтФАтФАтФАтФАтФАтФАтФАтФАтФАтФАтФАтФАтФАтФАтФАтФАтФАтФАтФАтФАтФАтФАтФАтФАтФАтФАтФАтФАтФАтФАтФАтФАтФАтФАтФАтФАтФАтФАтФАтФАтФАтФАтФАтФАтФАтФАтФАтФАтФАтФАтФАтФАтФАтФАтФАтФАтФАтФАтФАтФАтФАтФАтФАтФАтФАтФАтФАтФАтФАтФАтФАтФАтФАтФАтФАтФАтФАтФАтФАтФАтФА
тФМтФАтФАтФАтФАтФАтФАтФАтФАтФАтФАтФАтФАтФАтФАтФАтФАтФАтФАтФАтФАтФАтФАтФАтФАтФАтФАтФАтФАтФАтФАтФАтФАтФАтФАтФАтФАтФАтФАтФАтФАтФАтФАтФАтФАтФАтФАтФАтФАтФАтФАтФАтФАтФАтФАтФАтФАтФАтФАтФАтФАтФАтФАтФАтФАтФАтФАтФАтФАтФАтФАтФАтФАтФАтФАтФАтФАтФАтФАтФАтФАтФАтФАтФАтФАтФАтФАтФАтФАтФАтФАтФАтФАтФАтФАтФАтФАтФАтФАтФАтФАтФАтФАтФАтФАтФАтФАтФАтФАтФАтФАтФАтФАтФАтФАтФАтФАтФАтФАтФА
тФВ #0   TestService._completeBipolarTest (package:psycho_tests/services/test_service.dart:465:15)
тФВ #1   TestService.completeTest (package:psycho_tests/services/test_service.dart:55:16)
тФЬтФДтФДтФДтФДтФДтФДтФДтФДтФДтФДтФДтФДтФДтФДтФДтФДтФДтФДтФДтФДтФДтФДтФДтФДтФДтФДтФДтФДтФДтФДтФДтФДтФДтФДтФДтФДтФДтФДтФДтФДтФДтФДтФДтФДтФДтФДтФДтФДтФДтФДтФДтФДтФДтФДтФДтФДтФДтФДтФДтФДтФДтФДтФДтФДтФДтФДтФДтФДтФДтФДтФДтФДтФДтФДтФДтФДтФДтФДтФДтФДтФДтФДтФДтФДтФДтФДтФДтФДтФДтФДтФДтФДтФДтФДтФДтФДтФДтФДтФДтФДтФДтФДтФДтФДтФДтФДтФДтФДтФДтФДтФДтФДтФДтФДтФДтФДтФДтФДтФД
тФВ ЁЯРЫ End of loop. Processed questions: 80
тФФтФАтФАтФАтФАтФАтФАтФАтФАтФАтФАтФАтФАтФАтФАтФАтФАтФАтФАтФАтФАтФАтФАтФАтФАтФАтФАтФАтФАтФАтФАтФАтФАтФАтФАтФАтФАтФАтФАтФАтФАтФАтФАтФАтФАтФАтФАтФАтФАтФАтФАтФАтФАтФАтФАтФАтФАтФАтФАтФАтФАтФАтФАтФАтФАтФАтФАтФАтФАтФАтФАтФАтФАтФАтФАтФАтФАтФАтФАтФАтФАтФАтФАтФАтФАтФАтФАтФАтФАтФАтФАтФАтФАтФАтФАтФАтФАтФАтФАтФАтФАтФАтФАтФАтФАтФАтФАтФАтФАтФАтФАтФАтФАтФАтФАтФАтФАтФАтФАтФА
тФМтФАтФАтФАтФАтФАтФАтФАтФАтФАтФАтФАтФАтФАтФАтФАтФАтФАтФАтФАтФАтФАтФАтФАтФАтФАтФАтФАтФАтФАтФАтФАтФАтФАтФАтФАтФАтФАтФАтФАтФАтФАтФАтФАтФАтФАтФАтФАтФАтФАтФАтФАтФАтФАтФАтФАтФАтФАтФАтФАтФАтФАтФАтФАтФАтФАтФАтФАтФАтФАтФАтФАтФАтФАтФАтФАтФАтФАтФАтФАтФАтФАтФАтФАтФАтФАтФАтФАтФАтФАтФАтФАтФАтФАтФАтФАтФАтФАтФАтФАтФАтФАтФАтФАтФАтФАтФАтФАтФАтФАтФАтФАтФАтФАтФАтФАтФАтФАтФАтФА
тФВ #0   TestService._completeBipolarTest (package:psycho_tests/services/test_service.dart:466:15)
тФВ #1   TestService.completeTest (package:psycho_tests/services/test_service.dart:55:16)
тФЬтФДтФДтФДтФДтФДтФДтФДтФДтФДтФДтФДтФДтФДтФДтФДтФДтФДтФДтФДтФДтФДтФДтФДтФДтФДтФДтФДтФДтФДтФДтФДтФДтФДтФДтФДтФДтФДтФДтФДтФДтФДтФДтФДтФДтФДтФДтФДтФДтФДтФДтФДтФДтФДтФДтФДтФДтФДтФДтФДтФДтФДтФДтФДтФДтФДтФДтФДтФДтФДтФДтФДтФДтФДтФДтФДтФДтФДтФДтФДтФДтФДтФДтФДтФДтФДтФДтФДтФДтФДтФДтФДтФДтФДтФДтФДтФДтФДтФДтФДтФДтФДтФДтФДтФДтФДтФДтФДтФДтФДтФДтФДтФДтФДтФДтФДтФДтФДтФДтФД
тФВ ЁЯРЫ Skipped questions: 0
тФФтФАтФАтФАтФАтФАтФАтФАтФАтФАтФАтФАтФАтФАтФАтФАтФАтФАтФАтФАтФАтФАтФАтФАтФАтФАтФАтФАтФАтФАтФАтФАтФАтФАтФАтФАтФАтФАтФАтФАтФАтФАтФАтФАтФАтФАтФАтФАтФАтФАтФАтФАтФАтФАтФАтФАтФАтФАтФАтФАтФАтФАтФАтФАтФАтФАтФАтФАтФАтФАтФАтФАтФАтФАтФАтФАтФАтФАтФАтФАтФАтФАтФАтФАтФАтФАтФАтФАтФАтФАтФАтФАтФАтФАтФАтФАтФАтФАтФАтФАтФАтФАтФАтФАтФАтФАтФАтФАтФАтФАтФАтФАтФАтФАтФАтФАтФАтФАтФАтФА
тФМтФАтФАтФАтФАтФАтФАтФАтФАтФАтФАтФАтФАтФАтФАтФАтФАтФАтФАтФАтФАтФАтФАтФАтФАтФАтФАтФАтФАтФАтФАтФАтФАтФАтФАтФАтФАтФАтФАтФАтФАтФАтФАтФАтФАтФАтФАтФАтФАтФАтФАтФАтФАтФАтФАтФАтФАтФАтФАтФАтФАтФАтФАтФАтФАтФАтФАтФАтФАтФАтФАтФАтФАтФАтФАтФАтФАтФАтФАтФАтФАтФАтФАтФАтФАтФАтФАтФАтФАтФАтФАтФАтФАтФАтФАтФАтФАтФАтФАтФАтФАтФАтФАтФАтФАтФАтФАтФАтФАтФАтФАтФАтФАтФАтФАтФАтФАтФАтФАтФА
тФВ #0   TestService._completeBipolarTest (package:psycho_tests/services/test_service.dart:467:15)
тФВ #1   TestService.completeTest (package:psycho_tests/services/test_service.dart:55:16)
тФЬтФДтФДтФДтФДтФДтФДтФДтФДтФДтФДтФДтФДтФДтФДтФДтФДтФДтФДтФДтФДтФДтФДтФДтФДтФДтФДтФДтФДтФДтФДтФДтФДтФДтФДтФДтФДтФДтФДтФДтФДтФДтФДтФДтФДтФДтФДтФДтФДтФДтФДтФДтФДтФДтФДтФДтФДтФДтФДтФДтФДтФДтФДтФДтФДтФДтФДтФДтФДтФДтФДтФДтФДтФДтФДтФДтФДтФДтФДтФДтФДтФДтФДтФДтФДтФДтФДтФДтФДтФДтФДтФДтФДтФДтФДтФДтФДтФДтФДтФДтФДтФДтФДтФДтФДтФДтФДтФДтФДтФДтФДтФДтФДтФДтФДтФДтФДтФДтФДтФД
тФВ ЁЯРЫ Answered questions: 80
тФФтФАтФАтФАтФАтФАтФАтФАтФАтФАтФАтФАтФАтФАтФАтФАтФАтФАтФАтФАтФАтФАтФАтФАтФАтФАтФАтФАтФАтФАтФАтФАтФАтФАтФАтФАтФАтФАтФАтФАтФАтФАтФАтФАтФАтФАтФАтФАтФАтФАтФАтФАтФАтФАтФАтФАтФАтФАтФАтФАтФАтФАтФАтФАтФАтФАтФАтФАтФАтФАтФАтФАтФАтФАтФАтФАтФАтФАтФАтФАтФАтФАтФАтФАтФАтФАтФАтФАтФАтФАтФАтФАтФАтФАтФАтФАтФАтФАтФАтФАтФАтФАтФАтФАтФАтФАтФАтФАтФАтФАтФАтФАтФАтФАтФАтФАтФАтФАтФАтФА
тФМтФАтФАтФАтФАтФАтФАтФАтФАтФАтФАтФАтФАтФАтФАтФАтФАтФАтФАтФАтФАтФАтФАтФАтФАтФАтФАтФАтФАтФАтФАтФАтФАтФАтФАтФАтФАтФАтФАтФАтФАтФАтФАтФАтФАтФАтФАтФАтФАтФАтФАтФАтФАтФАтФАтФАтФАтФАтФАтФАтФАтФАтФАтФАтФАтФАтФАтФАтФАтФАтФАтФАтФАтФАтФАтФАтФАтФАтФАтФАтФАтФАтФАтФАтФАтФАтФАтФАтФАтФАтФАтФАтФАтФАтФАтФАтФАтФАтФАтФАтФАтФАтФАтФАтФАтФАтФАтФАтФАтФАтФАтФАтФАтФАтФАтФАтФАтФАтФАтФА
тФВ #0   TestService._completeBipolarTest (package:psycho_tests/services/test_service.dart:468:15)
тФВ #1   TestService.completeTest (package:psycho_tests/services/test_service.dart:55:16)
тФЬтФДтФДтФДтФДтФДтФДтФДтФДтФДтФДтФДтФДтФДтФДтФДтФДтФДтФДтФДтФДтФДтФДтФДтФДтФДтФДтФДтФДтФДтФДтФДтФДтФДтФДтФДтФДтФДтФДтФДтФДтФДтФДтФДтФДтФДтФДтФДтФДтФДтФДтФДтФДтФДтФДтФДтФДтФДтФДтФДтФДтФДтФДтФДтФДтФДтФДтФДтФДтФДтФДтФДтФДтФДтФДтФДтФДтФДтФДтФДтФДтФДтФДтФДтФДтФДтФДтФДтФДтФДтФДтФДтФДтФДтФДтФДтФДтФДтФДтФДтФДтФДтФДтФДтФДтФДтФДтФДтФДтФДтФДтФДтФДтФДтФДтФДтФДтФДтФДтФД
тФВ ЁЯРЫ Raw scale scores: {extraversion: 30, introversion: 30, sensing: 33, intuition: 27, thinking: 30, feeling: 30, judging: 30, perceiving: 30}
тФФтФАтФАтФАтФАтФАтФАтФАтФАтФАтФАтФАтФАтФАтФАтФАтФАтФАтФАтФАтФАтФАтФАтФАтФАтФАтФАтФАтФАтФАтФАтФАтФАтФАтФАтФАтФАтФАтФАтФАтФАтФАтФАтФАтФАтФАтФАтФАтФАтФАтФАтФАтФАтФАтФАтФАтФАтФАтФАтФАтФАтФАтФАтФАтФАтФАтФАтФАтФАтФАтФАтФАтФАтФАтФАтФАтФАтФАтФАтФАтФАтФАтФАтФАтФАтФАтФАтФАтФАтФАтФАтФАтФАтФАтФАтФАтФАтФАтФАтФАтФАтФАтФАтФАтФАтФАтФАтФАтФАтФАтФАтФАтФАтФАтФАтФАтФАтФАтФАтФА
тФМтФАтФАтФАтФАтФАтФАтФАтФАтФАтФАтФАтФАтФАтФАтФАтФАтФАтФАтФАтФАтФАтФАтФАтФАтФАтФАтФАтФАтФАтФАтФАтФАтФАтФАтФАтФАтФАтФАтФАтФАтФАтФАтФАтФАтФАтФАтФАтФАтФАтФАтФАтФАтФАтФАтФАтФАтФАтФАтФАтФАтФАтФАтФАтФАтФАтФАтФАтФАтФАтФАтФАтФАтФАтФАтФАтФАтФАтФАтФАтФАтФАтФАтФАтФАтФАтФАтФАтФАтФАтФАтФАтФАтФАтФАтФАтФАтФАтФАтФАтФАтФАтФАтФАтФАтФАтФАтФАтФАтФАтФАтФАтФАтФАтФАтФАтФАтФАтФАтФА
тФВ #0   TestService._completeBipolarTest (package:psycho_tests/services/test_service.dart:482:17)
тФВ #1   TestService.completeTest (package:psycho_tests/services/test_service.dart:55:16)
тФЬтФДтФДтФДтФДтФДтФДтФДтФДтФДтФДтФДтФДтФДтФДтФДтФДтФДтФДтФДтФДтФДтФДтФДтФДтФДтФДтФДтФДтФДтФДтФДтФДтФДтФДтФДтФДтФДтФДтФДтФДтФДтФДтФДтФДтФДтФДтФДтФДтФДтФДтФДтФДтФДтФДтФДтФДтФДтФДтФДтФДтФДтФДтФДтФДтФДтФДтФДтФДтФДтФДтФДтФДтФДтФДтФДтФДтФДтФДтФДтФДтФДтФДтФДтФДтФДтФДтФДтФДтФДтФДтФДтФДтФДтФДтФДтФДтФДтФДтФДтФДтФДтФДтФДтФДтФДтФДтФДтФДтФДтФДтФДтФДтФДтФДтФДтФДтФДтФДтФД
тФВ ЁЯРЫ Scale extraversion: 30/50 = 60.0%
тФФтФАтФАтФАтФАтФАтФАтФАтФАтФАтФАтФАтФАтФАтФАтФАтФАтФАтФАтФАтФАтФАтФАтФАтФАтФАтФАтФАтФАтФАтФАтФАтФАтФАтФАтФАтФАтФАтФАтФАтФАтФАтФАтФАтФАтФАтФАтФАтФАтФАтФАтФАтФАтФАтФАтФАтФАтФАтФАтФАтФАтФАтФАтФАтФАтФАтФАтФАтФАтФАтФАтФАтФАтФАтФАтФАтФАтФАтФАтФАтФАтФАтФАтФАтФАтФАтФАтФАтФАтФАтФАтФАтФАтФАтФАтФАтФАтФАтФАтФАтФАтФАтФАтФАтФАтФАтФАтФАтФАтФАтФАтФАтФАтФАтФАтФАтФАтФАтФАтФА
тФМтФАтФАтФАтФАтФАтФАтФАтФАтФАтФАтФАтФАтФАтФАтФАтФАтФАтФАтФАтФАтФАтФАтФАтФАтФАтФАтФАтФАтФАтФАтФАтФАтФАтФАтФАтФАтФАтФАтФАтФАтФАтФАтФАтФАтФАтФАтФАтФАтФАтФАтФАтФАтФАтФАтФАтФАтФАтФАтФАтФАтФАтФАтФАтФАтФАтФАтФАтФАтФАтФАтФАтФАтФАтФАтФАтФАтФАтФАтФАтФАтФАтФАтФАтФАтФАтФАтФАтФАтФАтФАтФАтФАтФАтФАтФАтФАтФАтФАтФАтФАтФАтФАтФАтФАтФАтФАтФАтФАтФАтФАтФАтФАтФАтФАтФАтФАтФАтФАтФА
тФВ #0   TestService._completeBipolarTest (package:psycho_tests/services/test_service.dart:482:17)
тФВ #1   TestService.completeTest (package:psycho_tests/services/test_service.dart:55:16)
тФЬтФДтФДтФДтФДтФДтФДтФДтФДтФДтФДтФДтФДтФДтФДтФДтФДтФДтФДтФДтФДтФДтФДтФДтФДтФДтФДтФДтФДтФДтФДтФДтФДтФДтФДтФДтФДтФДтФДтФДтФДтФДтФДтФДтФДтФДтФДтФДтФДтФДтФДтФДтФДтФДтФДтФДтФДтФДтФДтФДтФДтФДтФДтФДтФДтФДтФДтФДтФДтФДтФДтФДтФДтФДтФДтФДтФДтФДтФДтФДтФДтФДтФДтФДтФДтФДтФДтФДтФДтФДтФДтФДтФДтФДтФДтФДтФДтФДтФДтФДтФДтФДтФДтФДтФДтФДтФДтФДтФДтФДтФДтФДтФДтФДтФДтФДтФДтФДтФДтФД
тФВ ЁЯРЫ Scale introversion: 30/50 = 60.0%
тФФтФАтФАтФАтФАтФАтФАтФАтФАтФАтФАтФАтФАтФАтФАтФАтФАтФАтФАтФАтФАтФАтФАтФАтФАтФАтФАтФАтФАтФАтФАтФАтФАтФАтФАтФАтФАтФАтФАтФАтФАтФАтФАтФАтФАтФАтФАтФАтФАтФАтФАтФАтФАтФАтФАтФАтФАтФАтФАтФАтФАтФАтФАтФАтФАтФАтФАтФАтФАтФАтФАтФАтФАтФАтФАтФАтФАтФАтФАтФАтФАтФАтФАтФАтФАтФАтФАтФАтФАтФАтФАтФАтФАтФАтФАтФАтФАтФАтФАтФАтФАтФАтФАтФАтФАтФАтФАтФАтФАтФАтФАтФАтФАтФАтФАтФАтФАтФАтФАтФА
тФМтФАтФАтФАтФАтФАтФАтФАтФАтФАтФАтФАтФАтФАтФАтФАтФАтФАтФАтФАтФАтФАтФАтФАтФАтФАтФАтФАтФАтФАтФАтФАтФАтФАтФАтФАтФАтФАтФАтФАтФАтФАтФАтФАтФАтФАтФАтФАтФАтФАтФАтФАтФАтФАтФАтФАтФАтФАтФАтФАтФАтФАтФАтФАтФАтФАтФАтФАтФАтФАтФАтФАтФАтФАтФАтФАтФАтФАтФАтФАтФАтФАтФАтФАтФАтФАтФАтФАтФАтФАтФАтФАтФАтФАтФАтФАтФАтФАтФАтФАтФАтФАтФАтФАтФАтФАтФАтФАтФАтФАтФАтФАтФАтФАтФАтФАтФАтФАтФАтФА
тФВ #0   TestService._completeBipolarTest (package:psycho_tests/services/test_service.dart:482:17)
тФВ #1   TestService.completeTest (package:psycho_tests/services/test_service.dart:55:16)
тФЬтФДтФДтФДтФДтФДтФДтФДтФДтФДтФДтФДтФДтФДтФДтФДтФДтФДтФДтФДтФДтФДтФДтФДтФДтФДтФДтФДтФДтФДтФДтФДтФДтФДтФДтФДтФДтФДтФДтФДтФДтФДтФДтФДтФДтФДтФДтФДтФДтФДтФДтФДтФДтФДтФДтФДтФДтФДтФДтФДтФДтФДтФДтФДтФДтФДтФДтФДтФДтФДтФДтФДтФДтФДтФДтФДтФДтФДтФДтФДтФДтФДтФДтФДтФДтФДтФДтФДтФДтФДтФДтФДтФДтФДтФДтФДтФДтФДтФДтФДтФДтФДтФДтФДтФДтФДтФДтФДтФДтФДтФДтФДтФДтФДтФДтФДтФДтФДтФДтФД
тФВ ЁЯРЫ Scale sensing: 33/55 = 60.0%
тФФтФАтФАтФАтФАтФАтФАтФАтФАтФАтФАтФАтФАтФАтФАтФАтФАтФАтФАтФАтФАтФАтФАтФАтФАтФАтФАтФАтФАтФАтФАтФАтФАтФАтФАтФАтФАтФАтФАтФАтФАтФАтФАтФАтФАтФАтФАтФАтФАтФАтФАтФАтФАтФАтФАтФАтФАтФАтФАтФАтФАтФАтФАтФАтФАтФАтФАтФАтФАтФАтФАтФАтФАтФАтФАтФАтФАтФАтФАтФАтФАтФАтФАтФАтФАтФАтФАтФАтФАтФАтФАтФАтФАтФАтФАтФАтФАтФАтФАтФАтФАтФАтФАтФАтФАтФАтФАтФАтФАтФАтФАтФАтФАтФАтФАтФАтФАтФАтФАтФА
тФМтФАтФАтФАтФАтФАтФАтФАтФАтФАтФАтФАтФАтФАтФАтФАтФАтФАтФАтФАтФАтФАтФАтФАтФАтФАтФАтФАтФАтФАтФАтФАтФАтФАтФАтФАтФАтФАтФАтФАтФАтФАтФАтФАтФАтФАтФАтФАтФАтФАтФАтФАтФАтФАтФАтФАтФАтФАтФАтФАтФАтФАтФАтФАтФАтФАтФАтФАтФАтФАтФАтФАтФАтФАтФАтФАтФАтФАтФАтФАтФАтФАтФАтФАтФАтФАтФАтФАтФАтФАтФАтФАтФАтФАтФАтФАтФАтФАтФАтФАтФАтФАтФАтФАтФАтФАтФАтФАтФАтФАтФАтФАтФАтФАтФАтФАтФАтФАтФАтФА
тФВ #0   TestService._completeBipolarTest (package:psycho_tests/services/test_service.dart:482:17)
тФВ #1   TestService.completeTest (package:psycho_tests/services/test_service.dart:55:16)
тФЬтФДтФДтФДтФДтФДтФДтФДтФДтФДтФДтФДтФДтФДтФДтФДтФДтФДтФДтФДтФДтФДтФДтФДтФДтФДтФДтФДтФДтФДтФДтФДтФДтФДтФДтФДтФДтФДтФДтФДтФДтФДтФДтФДтФДтФДтФДтФДтФДтФДтФДтФДтФДтФДтФДтФДтФДтФДтФДтФДтФДтФДтФДтФДтФДтФДтФДтФДтФДтФДтФДтФДтФДтФДтФДтФДтФДтФДтФДтФДтФДтФДтФДтФДтФДтФДтФДтФДтФДтФДтФДтФДтФДтФДтФДтФДтФДтФДтФДтФДтФДтФДтФДтФДтФДтФДтФДтФДтФДтФДтФДтФДтФДтФДтФДтФДтФДтФДтФДтФД
тФВ ЁЯРЫ Scale intuition: 27/45 = 60.0%
тФФтФАтФАтФАтФАтФАтФАтФАтФАтФАтФАтФАтФАтФАтФАтФАтФАтФАтФАтФАтФАтФАтФАтФАтФАтФАтФАтФАтФАтФАтФАтФАтФАтФАтФАтФАтФАтФАтФАтФАтФАтФАтФАтФАтФАтФАтФАтФАтФАтФАтФАтФАтФАтФАтФАтФАтФАтФАтФАтФАтФАтФАтФАтФАтФАтФАтФАтФАтФАтФАтФАтФАтФАтФАтФАтФАтФАтФАтФАтФАтФАтФАтФАтФАтФАтФАтФАтФАтФАтФАтФАтФАтФАтФАтФАтФАтФАтФАтФАтФАтФАтФАтФАтФАтФАтФАтФАтФАтФАтФАтФАтФАтФАтФАтФАтФАтФАтФАтФАтФА
тФМтФАтФАтФАтФАтФАтФАтФАтФАтФАтФАтФАтФАтФАтФАтФАтФАтФАтФАтФАтФАтФАтФАтФАтФАтФАтФАтФАтФАтФАтФАтФАтФАтФАтФАтФАтФАтФАтФАтФАтФАтФАтФАтФАтФАтФАтФАтФАтФАтФАтФАтФАтФАтФАтФАтФАтФАтФАтФАтФАтФАтФАтФАтФАтФАтФАтФАтФАтФАтФАтФАтФАтФАтФАтФАтФАтФАтФАтФАтФАтФАтФАтФАтФАтФАтФАтФАтФАтФАтФАтФАтФАтФАтФАтФАтФАтФАтФАтФАтФАтФАтФАтФАтФАтФАтФАтФАтФАтФАтФАтФАтФАтФАтФАтФАтФАтФАтФАтФАтФА
тФВ #0   TestService._completeBipolarTest (package:psycho_tests/services/test_service.dart:482:17)
тФВ #1   TestService.completeTest (package:psycho_tests/services/test_service.dart:55:16)
тФЬтФДтФДтФДтФДтФДтФДтФДтФДтФДтФДтФДтФДтФДтФДтФДтФДтФДтФДтФДтФДтФДтФДтФДтФДтФДтФДтФДтФДтФДтФДтФДтФДтФДтФДтФДтФДтФДтФДтФДтФДтФДтФДтФДтФДтФДтФДтФДтФДтФДтФДтФДтФДтФДтФДтФДтФДтФДтФДтФДтФДтФДтФДтФДтФДтФДтФДтФДтФДтФДтФДтФДтФДтФДтФДтФДтФДтФДтФДтФДтФДтФДтФДтФДтФДтФДтФДтФДтФДтФДтФДтФДтФДтФДтФДтФДтФДтФДтФДтФДтФДтФДтФДтФДтФДтФДтФДтФДтФДтФДтФДтФДтФДтФДтФДтФДтФДтФДтФДтФД
тФВ ЁЯРЫ Scale thinking: 30/50 = 60.0%
тФФтФАтФАтФАтФАтФАтФАтФАтФАтФАтФАтФАтФАтФАтФАтФАтФАтФАтФАтФАтФАтФАтФАтФАтФАтФАтФАтФАтФАтФАтФАтФАтФАтФАтФАтФАтФАтФАтФАтФАтФАтФАтФАтФАтФАтФАтФАтФАтФАтФАтФАтФАтФАтФАтФАтФАтФАтФАтФАтФАтФАтФАтФАтФАтФАтФАтФАтФАтФАтФАтФАтФАтФАтФАтФАтФАтФАтФАтФАтФАтФАтФАтФАтФАтФАтФАтФАтФАтФАтФАтФАтФАтФАтФАтФАтФАтФАтФАтФАтФАтФАтФАтФАтФАтФАтФАтФАтФАтФАтФАтФАтФАтФАтФАтФАтФАтФАтФАтФАтФА
тФМтФАтФАтФАтФАтФАтФАтФАтФАтФАтФАтФАтФАтФАтФАтФАтФАтФАтФАтФАтФАтФАтФАтФАтФАтФАтФАтФАтФАтФАтФАтФАтФАтФАтФАтФАтФАтФАтФАтФАтФАтФАтФАтФАтФАтФАтФАтФАтФАтФАтФАтФАтФАтФАтФАтФАтФАтФАтФАтФАтФАтФАтФАтФАтФАтФАтФАтФАтФАтФАтФАтФАтФАтФАтФАтФАтФАтФАтФАтФАтФАтФАтФАтФАтФАтФАтФАтФАтФАтФАтФАтФАтФАтФАтФАтФАтФАтФАтФАтФАтФАтФАтФАтФАтФАтФАтФАтФАтФАтФАтФАтФАтФАтФАтФАтФАтФАтФАтФАтФА
тФВ #0   TestService._completeBipolarTest (package:psycho_tests/services/test_service.dart:482:17)
тФВ #1   TestService.completeTest (package:psycho_tests/services/test_service.dart:55:16)
тФЬтФДтФДтФДтФДтФДтФДтФДтФДтФДтФДтФДтФДтФДтФДтФДтФДтФДтФДтФДтФДтФДтФДтФДтФДтФДтФДтФДтФДтФДтФДтФДтФДтФДтФДтФДтФДтФДтФДтФДтФДтФДтФДтФДтФДтФДтФДтФДтФДтФДтФДтФДтФДтФДтФДтФДтФДтФДтФДтФДтФДтФДтФДтФДтФДтФДтФДтФДтФДтФДтФДтФДтФДтФДтФДтФДтФДтФДтФДтФДтФДтФДтФДтФДтФДтФДтФДтФДтФДтФДтФДтФДтФДтФДтФДтФДтФДтФДтФДтФДтФДтФДтФДтФДтФДтФДтФДтФДтФДтФДтФДтФДтФДтФДтФДтФДтФДтФДтФДтФД
тФВ ЁЯРЫ Scale feeling: 30/50 = 60.0%
тФФтФАтФАтФАтФАтФАтФАтФАтФАтФАтФАтФАтФАтФАтФАтФАтФАтФАтФАтФАтФАтФАтФАтФАтФАтФАтФАтФАтФАтФАтФАтФАтФАтФАтФАтФАтФАтФАтФАтФАтФАтФАтФАтФАтФАтФАтФАтФАтФАтФАтФАтФАтФАтФАтФАтФАтФАтФАтФАтФАтФАтФАтФАтФАтФАтФАтФАтФАтФАтФАтФАтФАтФАтФАтФАтФАтФАтФАтФАтФАтФАтФАтФАтФАтФАтФАтФАтФАтФАтФАтФАтФАтФАтФАтФАтФАтФАтФАтФАтФАтФАтФАтФАтФАтФАтФАтФАтФАтФАтФАтФАтФАтФАтФАтФАтФАтФАтФАтФАтФА
тФМтФАтФАтФАтФАтФАтФАтФАтФАтФАтФАтФАтФАтФАтФАтФАтФАтФАтФАтФАтФАтФАтФАтФАтФАтФАтФАтФАтФАтФАтФАтФАтФАтФАтФАтФАтФАтФАтФАтФАтФАтФАтФАтФАтФАтФАтФАтФАтФАтФАтФАтФАтФАтФАтФАтФАтФАтФАтФАтФАтФАтФАтФАтФАтФАтФАтФАтФАтФАтФАтФАтФАтФАтФАтФАтФАтФАтФАтФАтФАтФАтФАтФАтФАтФАтФАтФАтФАтФАтФАтФАтФАтФАтФАтФАтФАтФАтФАтФАтФАтФАтФАтФАтФАтФАтФАтФАтФАтФАтФАтФАтФАтФАтФАтФАтФАтФАтФАтФАтФА
тФВ #0   TestService._completeBipolarTest (package:psycho_tests/services/test_service.dart:482:17)
тФВ #1   TestService.completeTest (package:psycho_tests/services/test_service.dart:55:16)
тФЬтФДтФДтФДтФДтФДтФДтФДтФДтФДтФДтФДтФДтФДтФДтФДтФДтФДтФДтФДтФДтФДтФДтФДтФДтФДтФДтФДтФДтФДтФДтФДтФДтФДтФДтФДтФДтФДтФДтФДтФДтФДтФДтФДтФДтФДтФДтФДтФДтФДтФДтФДтФДтФДтФДтФДтФДтФДтФДтФДтФДтФДтФДтФДтФДтФДтФДтФДтФДтФДтФДтФДтФДтФДтФДтФДтФДтФДтФДтФДтФДтФДтФДтФДтФДтФДтФДтФДтФДтФДтФДтФДтФДтФДтФДтФДтФДтФДтФДтФДтФДтФДтФДтФДтФДтФДтФДтФДтФДтФДтФДтФДтФДтФДтФДтФДтФДтФДтФДтФД
тФВ ЁЯРЫ Scale judging: 30/50 = 60.0%
тФФтФАтФАтФАтФАтФАтФАтФАтФАтФАтФАтФАтФАтФАтФАтФАтФАтФАтФАтФАтФАтФАтФАтФАтФАтФАтФАтФАтФАтФАтФАтФАтФАтФАтФАтФАтФАтФАтФАтФАтФАтФАтФАтФАтФАтФАтФАтФАтФАтФАтФАтФАтФАтФАтФАтФАтФАтФАтФАтФАтФАтФАтФАтФАтФАтФАтФАтФАтФАтФАтФАтФАтФАтФАтФАтФАтФАтФАтФАтФАтФАтФАтФАтФАтФАтФАтФАтФАтФАтФАтФАтФАтФАтФАтФАтФАтФАтФАтФАтФАтФАтФАтФАтФАтФАтФАтФАтФАтФАтФАтФАтФАтФАтФАтФАтФАтФАтФАтФАтФА
тФМтФАтФАтФАтФАтФАтФАтФАтФАтФАтФАтФАтФАтФАтФАтФАтФАтФАтФАтФАтФАтФАтФАтФАтФАтФАтФАтФАтФАтФАтФАтФАтФАтФАтФАтФАтФАтФАтФАтФАтФАтФАтФАтФАтФАтФАтФАтФАтФАтФАтФАтФАтФАтФАтФАтФАтФАтФАтФАтФАтФАтФАтФАтФАтФАтФАтФАтФАтФАтФАтФАтФАтФАтФАтФАтФАтФАтФАтФАтФАтФАтФАтФАтФАтФАтФАтФАтФАтФАтФАтФАтФАтФАтФАтФАтФАтФАтФАтФАтФАтФАтФАтФАтФАтФАтФАтФАтФАтФАтФАтФАтФАтФАтФАтФАтФАтФАтФАтФАтФА
тФВ #0   TestService._completeBipolarTest (package:psycho_tests/services/test_service.dart:482:17)
тФВ #1   TestService.completeTest (package:psycho_tests/services/test_service.dart:55:16)
тФЬтФДтФДтФДтФДтФДтФДтФДтФДтФДтФДтФДтФДтФДтФДтФДтФДтФДтФДтФДтФДтФДтФДтФДтФДтФДтФДтФДтФДтФДтФДтФДтФДтФДтФДтФДтФДтФДтФДтФДтФДтФДтФДтФДтФДтФДтФДтФДтФДтФДтФДтФДтФДтФДтФДтФДтФДтФДтФДтФДтФДтФДтФДтФДтФДтФДтФДтФДтФДтФДтФДтФДтФДтФДтФДтФДтФДтФДтФДтФДтФДтФДтФДтФДтФДтФДтФДтФДтФДтФДтФДтФДтФДтФДтФДтФДтФДтФДтФДтФДтФДтФДтФДтФДтФДтФДтФДтФДтФДтФДтФДтФДтФДтФДтФДтФДтФДтФДтФДтФД
тФВ ЁЯРЫ Scale perceiving: 30/50 = 60.0%
тФФтФАтФАтФАтФАтФАтФАтФАтФАтФАтФАтФАтФАтФАтФАтФАтФАтФАтФАтФАтФАтФАтФАтФАтФАтФАтФАтФАтФАтФАтФАтФАтФАтФАтФАтФАтФАтФАтФАтФАтФАтФАтФАтФАтФАтФАтФАтФАтФАтФАтФАтФАтФАтФАтФАтФАтФАтФАтФАтФАтФАтФАтФАтФАтФАтФАтФАтФАтФАтФАтФАтФАтФАтФАтФАтФАтФАтФАтФАтФАтФАтФАтФАтФАтФАтФАтФАтФАтФАтФАтФАтФАтФАтФАтФАтФАтФАтФАтФАтФАтФАтФАтФАтФАтФАтФАтФАтФАтФАтФАтФАтФАтФАтФАтФАтФАтФАтФАтФАтФА
тФМтФАтФАтФАтФАтФАтФАтФАтФАтФАтФАтФАтФАтФАтФАтФАтФАтФАтФАтФАтФАтФАтФАтФАтФАтФАтФАтФАтФАтФАтФАтФАтФАтФАтФАтФАтФАтФАтФАтФАтФАтФАтФАтФАтФАтФАтФАтФАтФАтФАтФАтФАтФАтФАтФАтФАтФАтФАтФАтФАтФАтФАтФАтФАтФАтФАтФАтФАтФАтФАтФАтФАтФАтФАтФАтФАтФАтФАтФАтФАтФАтФАтФАтФАтФАтФАтФАтФАтФАтФАтФАтФАтФАтФАтФАтФАтФАтФАтФАтФАтФАтФАтФАтФАтФАтФАтФАтФАтФАтФАтФАтФАтФАтФАтФАтФАтФАтФАтФАтФА
тФВ #0   TestService._completeBipolarTest (package:psycho_tests/services/test_service.dart:487:15)
тФВ #1   TestService.completeTest (package:psycho_tests/services/test_service.dart:55:16)
тФЬтФДтФДтФДтФДтФДтФДтФДтФДтФДтФДтФДтФДтФДтФДтФДтФДтФДтФДтФДтФДтФДтФДтФДтФДтФДтФДтФДтФДтФДтФДтФДтФДтФДтФДтФДтФДтФДтФДтФДтФДтФДтФДтФДтФДтФДтФДтФДтФДтФДтФДтФДтФДтФДтФДтФДтФДтФДтФДтФДтФДтФДтФДтФДтФДтФДтФДтФДтФДтФДтФДтФДтФДтФДтФДтФДтФДтФДтФДтФДтФДтФДтФДтФДтФДтФДтФДтФДтФДтФДтФДтФДтФДтФДтФДтФДтФДтФДтФДтФДтФДтФДтФДтФДтФДтФДтФДтФДтФДтФДтФДтФДтФДтФДтФДтФДтФДтФДтФДтФД
тФВ ЁЯРЫ Bipolar percentages (for UI): {EI: 50.0, SN: 50.0, TF: 50.0, JP: 50.0}
тФФтФАтФАтФАтФАтФАтФАтФАтФАтФАтФАтФАтФАтФАтФАтФАтФАтФАтФАтФАтФАтФАтФАтФАтФАтФАтФАтФАтФАтФАтФАтФАтФАтФАтФАтФАтФАтФАтФАтФАтФАтФАтФАтФАтФАтФАтФАтФАтФАтФАтФАтФАтФАтФАтФАтФАтФАтФАтФАтФАтФАтФАтФАтФАтФАтФАтФАтФАтФАтФАтФАтФАтФАтФАтФАтФАтФАтФАтФАтФАтФАтФАтФАтФАтФАтФАтФАтФАтФАтФАтФАтФАтФАтФАтФАтФАтФАтФАтФАтФАтФАтФАтФАтФАтФАтФАтФАтФАтФАтФАтФАтФАтФАтФАтФАтФАтФАтФАтФАтФА
тФМтФАтФАтФАтФАтФАтФАтФАтФАтФАтФАтФАтФАтФАтФАтФАтФАтФАтФАтФАтФАтФАтФАтФАтФАтФАтФАтФАтФАтФАтФАтФАтФАтФАтФАтФАтФАтФАтФАтФАтФАтФАтФАтФАтФАтФАтФАтФАтФАтФАтФАтФАтФАтФАтФАтФАтФАтФАтФАтФАтФАтФАтФАтФАтФАтФАтФАтФАтФАтФАтФАтФАтФАтФАтФАтФАтФАтФАтФАтФАтФАтФАтФАтФАтФАтФАтФАтФАтФАтФАтФАтФАтФАтФАтФАтФАтФАтФАтФАтФАтФАтФАтФАтФАтФАтФАтФАтФАтФАтФАтФАтФАтФАтФАтФАтФАтФАтФАтФАтФА
тФВ #0   TestService._completeBipolarTest (package:psycho_tests/services/test_service.dart:491:15)
тФВ #1   TestService.completeTest (package:psycho_tests/services/test_service.dart:55:16)
тФЬтФДтФДтФДтФДтФДтФДтФДтФДтФДтФДтФДтФДтФДтФДтФДтФДтФДтФДтФДтФДтФДтФДтФДтФДтФДтФДтФДтФДтФДтФДтФДтФДтФДтФДтФДтФДтФДтФДтФДтФДтФДтФДтФДтФДтФДтФДтФДтФДтФДтФДтФДтФДтФДтФДтФДтФДтФДтФДтФДтФДтФДтФДтФДтФДтФДтФДтФДтФДтФДтФДтФДтФДтФДтФДтФДтФДтФДтФДтФДтФДтФДтФДтФДтФДтФДтФДтФДтФДтФДтФДтФДтФДтФДтФДтФДтФДтФДтФДтФДтФДтФДтФДтФДтФДтФДтФДтФДтФДтФДтФДтФДтФДтФДтФДтФДтФДтФДтФДтФД
тФВ ЁЯРЫ Personality type code: XXXX
тФФтФАтФАтФАтФАтФАтФАтФАтФАтФАтФАтФАтФАтФАтФАтФАтФАтФАтФАтФАтФАтФАтФАтФАтФАтФАтФАтФАтФАтФАтФАтФАтФАтФАтФАтФАтФАтФАтФАтФАтФАтФАтФАтФАтФАтФАтФАтФАтФАтФАтФАтФАтФАтФАтФАтФАтФАтФАтФАтФАтФАтФАтФАтФАтФАтФАтФАтФАтФАтФАтФАтФАтФАтФАтФАтФАтФАтФАтФАтФАтФАтФАтФАтФАтФАтФАтФАтФАтФАтФАтФАтФАтФАтФАтФАтФАтФАтФАтФАтФАтФАтФАтФАтФАтФАтФАтФАтФАтФАтФАтФАтФАтФАтФАтФАтФАтФАтФАтФАтФА
тФМтФАтФАтФАтФАтФАтФАтФАтФАтФАтФАтФАтФАтФАтФАтФАтФАтФАтФАтФАтФАтФАтФАтФАтФАтФАтФАтФАтФАтФАтФАтФАтФАтФАтФАтФАтФАтФАтФАтФАтФАтФАтФАтФАтФАтФАтФАтФАтФАтФАтФАтФАтФАтФАтФАтФАтФАтФАтФАтФАтФАтФАтФАтФАтФАтФАтФАтФАтФАтФАтФАтФАтФАтФАтФАтФАтФАтФАтФАтФАтФАтФАтФАтФАтФАтФАтФАтФАтФАтФАтФАтФАтФАтФАтФАтФАтФАтФАтФАтФАтФАтФАтФАтФАтФАтФАтФАтФАтФАтФАтФАтФАтФАтФАтФАтФАтФАтФАтФАтФА
тФВ #0   TestService._completeBipolarTest (package:psycho_tests/services/test_service.dart:575:17)
тФВ #1   TestService.completeTest (package:psycho_tests/services/test_service.dart:55:16)
тФЬтФДтФДтФДтФДтФДтФДтФДтФДтФДтФДтФДтФДтФДтФДтФДтФДтФДтФДтФДтФДтФДтФДтФДтФДтФДтФДтФДтФДтФДтФДтФДтФДтФДтФДтФДтФДтФДтФДтФДтФДтФДтФДтФДтФДтФДтФДтФДтФДтФДтФДтФДтФДтФДтФДтФДтФДтФДтФДтФДтФДтФДтФДтФДтФДтФДтФДтФДтФДтФДтФДтФДтФДтФДтФДтФДтФДтФДтФДтФДтФДтФДтФДтФДтФДтФДтФДтФДтФДтФДтФДтФДтФДтФДтФДтФДтФДтФДтФДтФДтФДтФДтФДтФДтФДтФДтФДтФДтФДтФДтФДтФДтФДтФДтФДтФДтФДтФДтФДтФД
тФВ ЁЯРЫ mbti_ei: normalized=50.0%, dominant=E, CI=┬▒5.0%
тФФтФАтФАтФАтФАтФАтФАтФАтФАтФАтФАтФАтФАтФАтФАтФАтФАтФАтФАтФАтФАтФАтФАтФАтФАтФАтФАтФАтФАтФАтФАтФАтФАтФАтФАтФАтФАтФАтФАтФАтФАтФАтФАтФАтФАтФАтФАтФАтФАтФАтФАтФАтФАтФАтФАтФАтФАтФАтФАтФАтФАтФАтФАтФАтФАтФАтФАтФАтФАтФАтФАтФАтФАтФАтФАтФАтФАтФАтФАтФАтФАтФАтФАтФАтФАтФАтФАтФАтФАтФАтФАтФАтФАтФАтФАтФАтФАтФАтФАтФАтФАтФАтФАтФАтФАтФАтФАтФАтФАтФАтФАтФАтФАтФАтФАтФАтФАтФАтФАтФА
тФМтФАтФАтФАтФАтФАтФАтФАтФАтФАтФАтФАтФАтФАтФАтФАтФАтФАтФАтФАтФАтФАтФАтФАтФАтФАтФАтФАтФАтФАтФАтФАтФАтФАтФАтФАтФАтФАтФАтФАтФАтФАтФАтФАтФАтФАтФАтФАтФАтФАтФАтФАтФАтФАтФАтФАтФАтФАтФАтФАтФАтФАтФАтФАтФАтФАтФАтФАтФАтФАтФАтФАтФАтФАтФАтФАтФАтФАтФАтФАтФАтФАтФАтФАтФАтФАтФАтФАтФАтФАтФАтФАтФАтФАтФАтФАтФАтФАтФАтФАтФАтФАтФАтФАтФАтФАтФАтФАтФАтФАтФАтФАтФАтФАтФАтФАтФАтФАтФАтФА
тФВ #0   TestService._completeBipolarTest (package:psycho_tests/services/test_service.dart:575:17)
тФВ #1   TestService.completeTest (package:psycho_tests/services/test_service.dart:55:16)
тФЬтФДтФДтФДтФДтФДтФДтФДтФДтФДтФДтФДтФДтФДтФДтФДтФДтФДтФДтФДтФДтФДтФДтФДтФДтФДтФДтФДтФДтФДтФДтФДтФДтФДтФДтФДтФДтФДтФДтФДтФДтФДтФДтФДтФДтФДтФДтФДтФДтФДтФДтФДтФДтФДтФДтФДтФДтФДтФДтФДтФДтФДтФДтФДтФДтФДтФДтФДтФДтФДтФДтФДтФДтФДтФДтФДтФДтФДтФДтФДтФДтФДтФДтФДтФДтФДтФДтФДтФДтФДтФДтФДтФДтФДтФДтФДтФДтФДтФДтФДтФДтФДтФДтФДтФДтФДтФДтФДтФДтФДтФДтФДтФДтФДтФДтФДтФДтФДтФДтФД
тФВ ЁЯРЫ mbti_sn: normalized=50.0%, dominant=S, CI=┬▒5.0%
тФФтФАтФАтФАтФАтФАтФАтФАтФАтФАтФАтФАтФАтФАтФАтФАтФАтФАтФАтФАтФАтФАтФАтФАтФАтФАтФАтФАтФАтФАтФАтФАтФАтФАтФАтФАтФАтФАтФАтФАтФАтФАтФАтФАтФАтФАтФАтФАтФАтФАтФАтФАтФАтФАтФАтФАтФАтФАтФАтФАтФАтФАтФАтФАтФАтФАтФАтФАтФАтФАтФАтФАтФАтФАтФАтФАтФАтФАтФАтФАтФАтФАтФАтФАтФАтФАтФАтФАтФАтФАтФАтФАтФАтФАтФАтФАтФАтФАтФАтФАтФАтФАтФАтФАтФАтФАтФАтФАтФАтФАтФАтФАтФАтФАтФАтФАтФАтФАтФАтФА
тФМтФАтФАтФАтФАтФАтФАтФАтФАтФАтФАтФАтФАтФАтФАтФАтФАтФАтФАтФАтФАтФАтФАтФАтФАтФАтФАтФАтФАтФАтФАтФАтФАтФАтФАтФАтФАтФАтФАтФАтФАтФАтФАтФАтФАтФАтФАтФАтФАтФАтФАтФАтФАтФАтФАтФАтФАтФАтФАтФАтФАтФАтФАтФАтФАтФАтФАтФАтФАтФАтФАтФАтФАтФАтФАтФАтФАтФАтФАтФАтФАтФАтФАтФАтФАтФАтФАтФАтФАтФАтФАтФАтФАтФАтФАтФАтФАтФАтФАтФАтФАтФАтФАтФАтФАтФАтФАтФАтФАтФАтФАтФАтФАтФАтФАтФАтФАтФАтФАтФА
тФВ #0   TestService._completeBipolarTest (package:psycho_tests/services/test_service.dart:575:17)
тФВ #1   TestService.completeTest (package:psycho_tests/services/test_service.dart:55:16)
тФЬтФДтФДтФДтФДтФДтФДтФДтФДтФДтФДтФДтФДтФДтФДтФДтФДтФДтФДтФДтФДтФДтФДтФДтФДтФДтФДтФДтФДтФДтФДтФДтФДтФДтФДтФДтФДтФДтФДтФДтФДтФДтФДтФДтФДтФДтФДтФДтФДтФДтФДтФДтФДтФДтФДтФДтФДтФДтФДтФДтФДтФДтФДтФДтФДтФДтФДтФДтФДтФДтФДтФДтФДтФДтФДтФДтФДтФДтФДтФДтФДтФДтФДтФДтФДтФДтФДтФДтФДтФДтФДтФДтФДтФДтФДтФДтФДтФДтФДтФДтФДтФДтФДтФДтФДтФДтФДтФДтФДтФДтФДтФДтФДтФДтФДтФДтФДтФДтФДтФД
тФВ ЁЯРЫ mbti_tf: normalized=50.0%, dominant=T, CI=┬▒5.0%
тФФтФАтФАтФАтФАтФАтФАтФАтФАтФАтФАтФАтФАтФАтФАтФАтФАтФАтФАтФАтФАтФАтФАтФАтФАтФАтФАтФАтФАтФАтФАтФАтФАтФАтФАтФАтФАтФАтФАтФАтФАтФАтФАтФАтФАтФАтФАтФАтФАтФАтФАтФАтФАтФАтФАтФАтФАтФАтФАтФАтФАтФАтФАтФАтФАтФАтФАтФАтФАтФАтФАтФАтФАтФАтФАтФАтФАтФАтФАтФАтФАтФАтФАтФАтФАтФАтФАтФАтФАтФАтФАтФАтФАтФАтФАтФАтФАтФАтФАтФАтФАтФАтФАтФАтФАтФАтФАтФАтФАтФАтФАтФАтФАтФАтФАтФАтФАтФАтФАтФА
тФМтФАтФАтФАтФАтФАтФАтФАтФАтФАтФАтФАтФАтФАтФАтФАтФАтФАтФАтФАтФАтФАтФАтФАтФАтФАтФАтФАтФАтФАтФАтФАтФАтФАтФАтФАтФАтФАтФАтФАтФАтФАтФАтФАтФАтФАтФАтФАтФАтФАтФАтФАтФАтФАтФАтФАтФАтФАтФАтФАтФАтФАтФАтФАтФАтФАтФАтФАтФАтФАтФАтФАтФАтФАтФАтФАтФАтФАтФАтФАтФАтФАтФАтФАтФАтФАтФАтФАтФАтФАтФАтФАтФАтФАтФАтФАтФАтФАтФАтФАтФАтФАтФАтФАтФАтФАтФАтФАтФАтФАтФАтФАтФАтФАтФАтФАтФАтФАтФАтФА
тФВ #0   TestService._completeBipolarTest (package:psycho_tests/services/test_service.dart:575:17)
тФВ #1   TestService.completeTest (package:psycho_tests/services/test_service.dart:55:16)
тФЬтФДтФДтФДтФДтФДтФДтФДтФДтФДтФДтФДтФДтФДтФДтФДтФДтФДтФДтФДтФДтФДтФДтФДтФДтФДтФДтФДтФДтФДтФДтФДтФДтФДтФДтФДтФДтФДтФДтФДтФДтФДтФДтФДтФДтФДтФДтФДтФДтФДтФДтФДтФДтФДтФДтФДтФДтФДтФДтФДтФДтФДтФДтФДтФДтФДтФДтФДтФДтФДтФДтФДтФДтФДтФДтФДтФДтФДтФДтФДтФДтФДтФДтФДтФДтФДтФДтФДтФДтФДтФДтФДтФДтФДтФДтФДтФДтФДтФДтФДтФДтФДтФДтФДтФДтФДтФДтФДтФДтФДтФДтФДтФДтФДтФДтФДтФДтФДтФДтФД
тФВ ЁЯРЫ mbti_jp: normalized=50.0%, dominant=J, CI=┬▒5.0%
тФФтФАтФАтФАтФАтФАтФАтФАтФАтФАтФАтФАтФАтФАтФАтФАтФАтФАтФАтФАтФАтФАтФАтФАтФАтФАтФАтФАтФАтФАтФАтФАтФАтФАтФАтФАтФАтФАтФАтФАтФАтФАтФАтФАтФАтФАтФАтФАтФАтФАтФАтФАтФАтФАтФАтФАтФАтФАтФАтФАтФАтФАтФАтФАтФАтФАтФАтФАтФАтФАтФАтФАтФАтФАтФАтФАтФАтФАтФАтФАтФАтФАтФАтФАтФАтФАтФАтФАтФАтФАтФАтФАтФАтФАтФАтФАтФАтФАтФАтФАтФАтФАтФАтФАтФАтФАтФАтФАтФАтФАтФАтФАтФАтФАтФАтФАтФАтФАтФАтФА
тФМтФАтФАтФАтФАтФАтФАтФАтФАтФАтФАтФАтФАтФАтФАтФАтФАтФАтФАтФАтФАтФАтФАтФАтФАтФАтФАтФАтФАтФАтФАтФАтФАтФАтФАтФАтФАтФАтФАтФАтФАтФАтФАтФАтФАтФАтФАтФАтФАтФАтФАтФАтФАтФАтФАтФАтФАтФАтФАтФАтФАтФАтФАтФАтФАтФАтФАтФАтФАтФАтФАтФАтФАтФАтФАтФАтФАтФАтФАтФАтФАтФАтФАтФАтФАтФАтФАтФАтФАтФАтФАтФАтФАтФАтФАтФАтФАтФАтФАтФАтФАтФАтФАтФАтФАтФАтФАтФАтФАтФАтФАтФАтФАтФАтФАтФАтФАтФАтФАтФА
тФВ #0   TestService._completeBipolarTest (package:psycho_tests/services/test_service.dart:589:15)
тФВ #1   TestService.completeTest (package:psycho_tests/services/test_service.dart:55:16)
тФЬтФДтФДтФДтФДтФДтФДтФДтФДтФДтФДтФДтФДтФДтФДтФДтФДтФДтФДтФДтФДтФДтФДтФДтФДтФДтФДтФДтФДтФДтФДтФДтФДтФДтФДтФДтФДтФДтФДтФДтФДтФДтФДтФДтФДтФДтФДтФДтФДтФДтФДтФДтФДтФДтФДтФДтФДтФДтФДтФДтФДтФДтФДтФДтФДтФДтФДтФДтФДтФДтФДтФДтФДтФДтФДтФДтФДтФДтФДтФДтФДтФДтФДтФДтФДтФДтФДтФДтФДтФДтФДтФДтФДтФДтФДтФДтФДтФДтФДтФДтФДтФДтФДтФДтФДтФДтФДтФДтФДтФДтФДтФДтФДтФДтФДтФДтФДтФДтФДтФД
тФВ ЁЯРЫ userAnswersScores contains 80 answers
тФФтФАтФАтФАтФАтФАтФАтФАтФАтФАтФАтФАтФАтФАтФАтФАтФАтФАтФАтФАтФАтФАтФАтФАтФАтФАтФАтФАтФАтФАтФАтФАтФАтФАтФАтФАтФАтФАтФАтФАтФАтФАтФАтФАтФАтФАтФАтФАтФАтФАтФАтФАтФАтФАтФАтФАтФАтФАтФАтФАтФАтФАтФАтФАтФАтФАтФАтФАтФАтФАтФАтФАтФАтФАтФАтФАтФАтФАтФАтФАтФАтФАтФАтФАтФАтФАтФАтФАтФАтФАтФАтФАтФАтФАтФАтФАтФАтФАтФАтФАтФАтФАтФАтФАтФАтФАтФАтФАтФАтФАтФАтФАтФАтФАтФАтФАтФАтФАтФАтФА
тФМтФАтФАтФАтФАтФАтФАтФАтФАтФАтФАтФАтФАтФАтФАтФАтФАтФАтФАтФАтФАтФАтФАтФАтФАтФАтФАтФАтФАтФАтФАтФАтФАтФАтФАтФАтФАтФАтФАтФАтФАтФАтФАтФАтФАтФАтФАтФАтФАтФАтФАтФАтФАтФАтФАтФАтФАтФАтФАтФАтФАтФАтФАтФАтФАтФАтФАтФАтФАтФАтФАтФАтФАтФАтФАтФАтФАтФАтФАтФАтФАтФАтФАтФАтФАтФАтФАтФАтФАтФАтФАтФАтФАтФАтФАтФАтФАтФАтФАтФАтФАтФАтФАтФАтФАтФАтФАтФАтФАтФАтФАтФАтФАтФАтФАтФАтФАтФАтФАтФА
тФВ #0   TestService._completeBipolarTest (package:psycho_tests/services/test_service.dart:590:15)
тФВ #1   TestService.completeTest (package:psycho_tests/services/test_service.dart:55:16)
тФЬтФДтФДтФДтФДтФДтФДтФДтФДтФДтФДтФДтФДтФДтФДтФДтФДтФДтФДтФДтФДтФДтФДтФДтФДтФДтФДтФДтФДтФДтФДтФДтФДтФДтФДтФДтФДтФДтФДтФДтФДтФДтФДтФДтФДтФДтФДтФДтФДтФДтФДтФДтФДтФДтФДтФДтФДтФДтФДтФДтФДтФДтФДтФДтФДтФДтФДтФДтФДтФДтФДтФДтФДтФДтФДтФДтФДтФДтФДтФДтФДтФДтФДтФДтФДтФДтФДтФДтФДтФДтФДтФДтФДтФДтФДтФДтФДтФДтФДтФДтФДтФДтФДтФДтФДтФДтФДтФДтФДтФДтФДтФДтФДтФДтФДтФДтФДтФДтФДтФД
тФВ ЁЯРЫ Total questions in test: 80
тФФтФАтФАтФАтФАтФАтФАтФАтФАтФАтФАтФАтФАтФАтФАтФАтФАтФАтФАтФАтФАтФАтФАтФАтФАтФАтФАтФАтФАтФАтФАтФАтФАтФАтФАтФАтФАтФАтФАтФАтФАтФАтФАтФАтФАтФАтФАтФАтФАтФАтФАтФАтФАтФАтФАтФАтФАтФАтФАтФАтФАтФАтФАтФАтФАтФАтФАтФАтФАтФАтФАтФАтФАтФАтФАтФАтФАтФАтФАтФАтФАтФАтФАтФАтФАтФАтФАтФАтФАтФАтФАтФАтФАтФАтФАтФАтФАтФАтФАтФАтФАтФАтФАтФАтФАтФАтФАтФАтФАтФАтФАтФАтФАтФАтФАтФАтФАтФАтФАтФА
тФМтФАтФАтФАтФАтФАтФАтФАтФАтФАтФАтФАтФАтФАтФАтФАтФАтФАтФАтФАтФАтФАтФАтФАтФАтФАтФАтФАтФАтФАтФАтФАтФАтФАтФАтФАтФАтФАтФАтФАтФАтФАтФАтФАтФАтФАтФАтФАтФАтФАтФАтФАтФАтФАтФАтФАтФАтФАтФАтФАтФАтФАтФАтФАтФАтФАтФАтФАтФАтФАтФАтФАтФАтФАтФАтФАтФАтФАтФАтФАтФАтФАтФАтФАтФАтФАтФАтФАтФАтФАтФАтФАтФАтФАтФАтФАтФАтФАтФАтФАтФАтФАтФАтФАтФАтФАтФАтФАтФАтФАтФАтФАтФАтФАтФАтФАтФАтФАтФАтФА
тФВ #0   TestService._completeBipolarTest (package:psycho_tests/services/test_service.dart:591:15)
тФВ #1   TestService.completeTest (package:psycho_tests/services/test_service.dart:55:16)
тФЬтФДтФДтФДтФДтФДтФДтФДтФДтФДтФДтФДтФДтФДтФДтФДтФДтФДтФДтФДтФДтФДтФДтФДтФДтФДтФДтФДтФДтФДтФДтФДтФДтФДтФДтФДтФДтФДтФДтФДтФДтФДтФДтФДтФДтФДтФДтФДтФДтФДтФДтФДтФДтФДтФДтФДтФДтФДтФДтФДтФДтФДтФДтФДтФДтФДтФДтФДтФДтФДтФДтФДтФДтФДтФДтФДтФДтФДтФДтФДтФДтФДтФДтФДтФДтФДтФДтФДтФДтФДтФДтФДтФДтФДтФДтФДтФДтФДтФДтФДтФДтФДтФДтФДтФДтФДтФДтФДтФДтФДтФДтФДтФДтФДтФДтФДтФДтФДтФДтФД
тФВ ЁЯРЫ Expected 80 answers, received: 80
тФФтФАтФАтФАтФАтФАтФАтФАтФАтФАтФАтФАтФАтФАтФАтФАтФАтФАтФАтФАтФАтФАтФАтФАтФАтФАтФАтФАтФАтФАтФАтФАтФАтФАтФАтФАтФАтФАтФАтФАтФАтФАтФАтФАтФАтФАтФАтФАтФАтФАтФАтФАтФАтФАтФАтФАтФАтФАтФАтФАтФАтФАтФАтФАтФАтФАтФАтФАтФАтФАтФАтФАтФАтФАтФАтФАтФАтФАтФАтФАтФАтФАтФАтФАтФАтФАтФАтФАтФАтФАтФАтФАтФАтФАтФАтФАтФАтФАтФАтФАтФАтФАтФАтФАтФАтФАтФАтФАтФАтФАтФАтФАтФАтФАтФАтФАтФАтФАтФАтФА
тФМтФАтФАтФАтФАтФАтФАтФАтФАтФАтФАтФАтФАтФАтФАтФАтФАтФАтФАтФАтФАтФАтФАтФАтФАтФАтФАтФАтФАтФАтФАтФАтФАтФАтФАтФАтФАтФАтФАтФАтФАтФАтФАтФАтФАтФАтФАтФАтФАтФАтФАтФАтФАтФАтФАтФАтФАтФАтФАтФАтФАтФАтФАтФАтФАтФАтФАтФАтФАтФАтФАтФАтФАтФАтФАтФАтФАтФАтФАтФАтФАтФАтФАтФАтФАтФАтФАтФАтФАтФАтФАтФАтФАтФАтФАтФАтФАтФАтФАтФАтФАтФАтФАтФАтФАтФАтФАтФАтФАтФАтФАтФАтФАтФАтФАтФАтФАтФАтФАтФА
тФВ #0   TestService._completeBipolarTest (package:psycho_tests/services/test_service.dart:592:15)
тФВ #1   TestService.completeTest (package:psycho_tests/services/test_service.dart:55:16)
тФЬтФДтФДтФДтФДтФДтФДтФДтФДтФДтФДтФДтФДтФДтФДтФДтФДтФДтФДтФДтФДтФДтФДтФДтФДтФДтФДтФДтФДтФДтФДтФДтФДтФДтФДтФДтФДтФДтФДтФДтФДтФДтФДтФДтФДтФДтФДтФДтФДтФДтФДтФДтФДтФДтФДтФДтФДтФДтФДтФДтФДтФДтФДтФДтФДтФДтФДтФДтФДтФДтФДтФДтФДтФДтФДтФДтФДтФДтФДтФДтФДтФДтФДтФДтФДтФДтФДтФДтФДтФДтФДтФДтФДтФДтФДтФДтФДтФДтФДтФДтФДтФДтФДтФДтФДтФДтФДтФДтФДтФДтФДтФДтФДтФДтФДтФДтФДтФДтФДтФД
тФВ ЁЯРЫ First 5 answers: q1:3, q2:3, q3:3, q4:3, q5:3
тФФтФАтФАтФАтФАтФАтФАтФАтФАтФАтФАтФАтФАтФАтФАтФАтФАтФАтФАтФАтФАтФАтФАтФАтФАтФАтФАтФАтФАтФАтФАтФАтФАтФАтФАтФАтФАтФАтФАтФАтФАтФАтФАтФАтФАтФАтФАтФАтФАтФАтФАтФАтФАтФАтФАтФАтФАтФАтФАтФАтФАтФАтФАтФАтФАтФАтФАтФАтФАтФАтФАтФАтФАтФАтФАтФАтФАтФАтФАтФАтФАтФАтФАтФАтФАтФАтФАтФАтФАтФАтФАтФАтФАтФАтФАтФАтФАтФАтФАтФАтФАтФАтФАтФАтФАтФАтФАтФАтФАтФАтФАтФАтФАтФАтФАтФАтФАтФАтФАтФА
тФМтФАтФАтФАтФАтФАтФАтФАтФАтФАтФАтФАтФАтФАтФАтФАтФАтФАтФАтФАтФАтФАтФАтФАтФАтФАтФАтФАтФАтФАтФАтФАтФАтФАтФАтФАтФАтФАтФАтФАтФАтФАтФАтФАтФАтФАтФАтФАтФАтФАтФАтФАтФАтФАтФАтФАтФАтФАтФАтФАтФАтФАтФАтФАтФАтФАтФАтФАтФАтФАтФАтФАтФАтФАтФАтФАтФАтФАтФАтФАтФАтФАтФАтФАтФАтФАтФАтФАтФАтФАтФАтФАтФАтФАтФАтФАтФАтФАтФАтФАтФАтФАтФАтФАтФАтФАтФАтФАтФАтФАтФАтФАтФАтФАтФАтФАтФАтФАтФАтФА
тФВ #0   TestService._completeBipolarTest (package:psycho_tests/services/test_service.dart:595:17)
тФВ #1   TestService.completeTest (package:psycho_tests/services/test_service.dart:55:16)
тФЬтФДтФДтФДтФДтФДтФДтФДтФДтФДтФДтФДтФДтФДтФДтФДтФДтФДтФДтФДтФДтФДтФДтФДтФДтФДтФДтФДтФДтФДтФДтФДтФДтФДтФДтФДтФДтФДтФДтФДтФДтФДтФДтФДтФДтФДтФДтФДтФДтФДтФДтФДтФДтФДтФДтФДтФДтФДтФДтФДтФДтФДтФДтФДтФДтФДтФДтФДтФДтФДтФДтФДтФДтФДтФДтФДтФДтФДтФДтФДтФДтФДтФДтФДтФДтФДтФДтФДтФДтФДтФДтФДтФДтФДтФДтФДтФДтФДтФДтФДтФДтФДтФДтФДтФДтФДтФДтФДтФДтФДтФДтФДтФДтФДтФДтФДтФДтФДтФДтФД
тФВ ЁЯРЫ Last 5 answers: q76:3, q77:3, q78:3, q79:3, q80:3
тФФтФАтФАтФАтФАтФАтФАтФАтФАтФАтФАтФАтФАтФАтФАтФАтФАтФАтФАтФАтФАтФАтФАтФАтФАтФАтФАтФАтФАтФАтФАтФАтФАтФАтФАтФАтФАтФАтФАтФАтФАтФАтФАтФАтФАтФАтФАтФАтФАтФАтФАтФАтФАтФАтФАтФАтФАтФАтФАтФАтФАтФАтФАтФАтФАтФАтФАтФАтФАтФАтФАтФАтФАтФАтФАтФАтФАтФАтФАтФАтФАтФАтФАтФАтФАтФАтФАтФАтФАтФАтФАтФАтФАтФАтФАтФАтФАтФАтФАтФАтФАтФАтФАтФАтФАтФАтФАтФАтФАтФАтФАтФАтФАтФАтФАтФАтФАтФАтФАтФА
тФМтФАтФАтФАтФАтФАтФАтФАтФАтФАтФАтФАтФАтФАтФАтФАтФАтФАтФАтФАтФАтФАтФАтФАтФАтФАтФАтФАтФАтФАтФАтФАтФАтФАтФАтФАтФАтФАтФАтФАтФАтФАтФАтФАтФАтФАтФАтФАтФАтФАтФАтФАтФАтФАтФАтФАтФАтФАтФАтФАтФАтФАтФАтФАтФАтФАтФАтФАтФАтФАтФАтФАтФАтФАтФАтФАтФАтФАтФАтФАтФАтФАтФАтФАтФАтФАтФАтФАтФАтФАтФАтФАтФАтФАтФАтФАтФАтФАтФАтФАтФАтФАтФАтФАтФАтФАтФАтФАтФАтФАтФАтФАтФАтФАтФАтФАтФАтФАтФАтФА
тФВ #0   TestService._completeBipolarTest (package:psycho_tests/services/test_service.dart:600:15)
тФВ #1   TestService.completeTest (package:psycho_tests/services/test_service.dart:55:16)
тФЬтФДтФДтФДтФДтФДтФДтФДтФДтФДтФДтФДтФДтФДтФДтФДтФДтФДтФДтФДтФДтФДтФДтФДтФДтФДтФДтФДтФДтФДтФДтФДтФДтФДтФДтФДтФДтФДтФДтФДтФДтФДтФДтФДтФДтФДтФДтФДтФДтФДтФДтФДтФДтФДтФДтФДтФДтФДтФДтФДтФДтФДтФДтФДтФДтФДтФДтФДтФДтФДтФДтФДтФДтФДтФДтФДтФДтФДтФДтФДтФДтФДтФДтФДтФДтФДтФДтФДтФДтФДтФДтФДтФДтФДтФДтФДтФДтФДтФДтФДтФДтФДтФДтФДтФДтФДтФДтФДтФДтФДтФДтФДтФДтФДтФДтФДтФДтФДтФДтФД
тФВ ЁЯРЫ ===== START QUALITY VALIDATION =====
тФФтФАтФАтФАтФАтФАтФАтФАтФАтФАтФАтФАтФАтФАтФАтФАтФАтФАтФАтФАтФАтФАтФАтФАтФАтФАтФАтФАтФАтФАтФАтФАтФАтФАтФАтФАтФАтФАтФАтФАтФАтФАтФАтФАтФАтФАтФАтФАтФАтФАтФАтФАтФАтФАтФАтФАтФАтФАтФАтФАтФАтФАтФАтФАтФАтФАтФАтФАтФАтФАтФАтФАтФАтФАтФАтФАтФАтФАтФАтФАтФАтФАтФАтФАтФАтФАтФАтФАтФАтФАтФАтФАтФАтФАтФАтФАтФАтФАтФАтФАтФАтФАтФАтФАтФАтФАтФАтФАтФАтФАтФАтФАтФАтФАтФАтФАтФАтФАтФАтФА
тФМтФАтФАтФАтФАтФАтФАтФАтФАтФАтФАтФАтФАтФАтФАтФАтФАтФАтФАтФАтФАтФАтФАтФАтФАтФАтФАтФАтФАтФАтФАтФАтФАтФАтФАтФАтФАтФАтФАтФАтФАтФАтФАтФАтФАтФАтФАтФАтФАтФАтФАтФАтФАтФАтФАтФАтФАтФАтФАтФАтФАтФАтФАтФАтФАтФАтФАтФАтФАтФАтФАтФАтФАтФАтФАтФАтФАтФАтФАтФАтФАтФАтФАтФАтФАтФАтФАтФАтФАтФАтФАтФАтФАтФАтФАтФАтФАтФАтФАтФАтФАтФАтФАтФАтФАтФАтФАтФАтФАтФАтФАтФАтФАтФАтФАтФАтФАтФАтФАтФА
тФВ #0   TestService.validateResponseQuality (package:psycho_tests/services/test_service.dart:634:15)
тФВ #1   TestService._completeBipolarTest (package:psycho_tests/services/test_service.dart:602:9)
тФЬтФДтФДтФДтФДтФДтФДтФДтФДтФДтФДтФДтФДтФДтФДтФДтФДтФДтФДтФДтФДтФДтФДтФДтФДтФДтФДтФДтФДтФДтФДтФДтФДтФДтФДтФДтФДтФДтФДтФДтФДтФДтФДтФДтФДтФДтФДтФДтФДтФДтФДтФДтФДтФДтФДтФДтФДтФДтФДтФДтФДтФДтФДтФДтФДтФДтФДтФДтФДтФДтФДтФДтФДтФДтФДтФДтФДтФДтФДтФДтФДтФДтФДтФДтФДтФДтФДтФДтФДтФДтФДтФДтФДтФДтФДтФДтФДтФДтФДтФДтФДтФДтФДтФДтФДтФДтФДтФДтФДтФДтФДтФДтФДтФДтФДтФДтФДтФДтФДтФД
тФВ ЁЯРЫ Starting validation of 80 answers
тФФтФАтФАтФАтФАтФАтФАтФАтФАтФАтФАтФАтФАтФАтФАтФАтФАтФАтФАтФАтФАтФАтФАтФАтФАтФАтФАтФАтФАтФАтФАтФАтФАтФАтФАтФАтФАтФАтФАтФАтФАтФАтФАтФАтФАтФАтФАтФАтФАтФАтФАтФАтФАтФАтФАтФАтФАтФАтФАтФАтФАтФАтФАтФАтФАтФАтФАтФАтФАтФАтФАтФАтФАтФАтФАтФАтФАтФАтФАтФАтФАтФАтФАтФАтФАтФАтФАтФАтФАтФАтФАтФАтФАтФАтФАтФАтФАтФАтФАтФАтФАтФАтФАтФАтФАтФАтФАтФАтФАтФАтФАтФАтФАтФАтФАтФАтФАтФАтФАтФА
тФМтФАтФАтФАтФАтФАтФАтФАтФАтФАтФАтФАтФАтФАтФАтФАтФАтФАтФАтФАтФАтФАтФАтФАтФАтФАтФАтФАтФАтФАтФАтФАтФАтФАтФАтФАтФАтФАтФАтФАтФАтФАтФАтФАтФАтФАтФАтФАтФАтФАтФАтФАтФАтФАтФАтФАтФАтФАтФАтФАтФАтФАтФАтФАтФАтФАтФАтФАтФАтФАтФАтФАтФАтФАтФАтФАтФАтФАтФАтФАтФАтФАтФАтФАтФАтФАтФАтФАтФАтФАтФАтФАтФАтФАтФАтФАтФАтФАтФАтФАтФАтФАтФАтФАтФАтФАтФАтФАтФАтФАтФАтФАтФАтФАтФАтФАтФАтФАтФАтФА
тФВ #0   TestService.validateResponseQuality (package:psycho_tests/services/test_service.dart:647:15)
тФВ #1   TestService._completeBipolarTest (package:psycho_tests/services/test_service.dart:602:9)
тФЬтФДтФДтФДтФДтФДтФДтФДтФДтФДтФДтФДтФДтФДтФДтФДтФДтФДтФДтФДтФДтФДтФДтФДтФДтФДтФДтФДтФДтФДтФДтФДтФДтФДтФДтФДтФДтФДтФДтФДтФДтФДтФДтФДтФДтФДтФДтФДтФДтФДтФДтФДтФДтФДтФДтФДтФДтФДтФДтФДтФДтФДтФДтФДтФДтФДтФДтФДтФДтФДтФДтФДтФДтФДтФДтФДтФДтФДтФДтФДтФДтФДтФДтФДтФДтФДтФДтФДтФДтФДтФДтФДтФДтФДтФДтФДтФДтФДтФДтФДтФДтФДтФДтФДтФДтФДтФДтФДтФДтФДтФДтФДтФДтФДтФДтФДтФДтФДтФДтФД
тФВ ЁЯРЫ Answer mean: 3.00
тФФтФАтФАтФАтФАтФАтФАтФАтФАтФАтФАтФАтФАтФАтФАтФАтФАтФАтФАтФАтФАтФАтФАтФАтФАтФАтФАтФАтФАтФАтФАтФАтФАтФАтФАтФАтФАтФАтФАтФАтФАтФАтФАтФАтФАтФАтФАтФАтФАтФАтФАтФАтФАтФАтФАтФАтФАтФАтФАтФАтФАтФАтФАтФАтФАтФАтФАтФАтФАтФАтФАтФАтФАтФАтФАтФАтФАтФАтФАтФАтФАтФАтФАтФАтФАтФАтФАтФАтФАтФАтФАтФАтФАтФАтФАтФАтФАтФАтФАтФАтФАтФАтФАтФАтФАтФАтФАтФАтФАтФАтФАтФАтФАтФАтФАтФАтФАтФАтФАтФА
тФМтФАтФАтФАтФАтФАтФАтФАтФАтФАтФАтФАтФАтФАтФАтФАтФАтФАтФАтФАтФАтФАтФАтФАтФАтФАтФАтФАтФАтФАтФАтФАтФАтФАтФАтФАтФАтФАтФАтФАтФАтФАтФАтФАтФАтФАтФАтФАтФАтФАтФАтФАтФАтФАтФАтФАтФАтФАтФАтФАтФАтФАтФАтФАтФАтФАтФАтФАтФАтФАтФАтФАтФАтФАтФАтФАтФАтФАтФАтФАтФАтФАтФАтФАтФАтФАтФАтФАтФАтФАтФАтФАтФАтФАтФАтФАтФАтФАтФАтФАтФАтФАтФАтФАтФАтФАтФАтФАтФАтФАтФАтФАтФАтФАтФАтФАтФАтФАтФАтФА
тФВ #0   TestService.validateResponseQuality (package:psycho_tests/services/test_service.dart:648:15)
тФВ #1   TestService._completeBipolarTest (package:psycho_tests/services/test_service.dart:602:9)
тФЬтФДтФДтФДтФДтФДтФДтФДтФДтФДтФДтФДтФДтФДтФДтФДтФДтФДтФДтФДтФДтФДтФДтФДтФДтФДтФДтФДтФДтФДтФДтФДтФДтФДтФДтФДтФДтФДтФДтФДтФДтФДтФДтФДтФДтФДтФДтФДтФДтФДтФДтФДтФДтФДтФДтФДтФДтФДтФДтФДтФДтФДтФДтФДтФДтФДтФДтФДтФДтФДтФДтФДтФДтФДтФДтФДтФДтФДтФДтФДтФДтФДтФДтФДтФДтФДтФДтФДтФДтФДтФДтФДтФДтФДтФДтФДтФДтФДтФДтФДтФДтФДтФДтФДтФДтФДтФДтФДтФДтФДтФДтФДтФДтФДтФДтФДтФДтФДтФДтФД
тФВ ЁЯРЫ Standard deviation: 0.00
тФФтФАтФАтФАтФАтФАтФАтФАтФАтФАтФАтФАтФАтФАтФАтФАтФАтФАтФАтФАтФАтФАтФАтФАтФАтФАтФАтФАтФАтФАтФАтФАтФАтФАтФАтФАтФАтФАтФАтФАтФАтФАтФАтФАтФАтФАтФАтФАтФАтФАтФАтФАтФАтФАтФАтФАтФАтФАтФАтФАтФАтФАтФАтФАтФАтФАтФАтФАтФАтФАтФАтФАтФАтФАтФАтФАтФАтФАтФАтФАтФАтФАтФАтФАтФАтФАтФАтФАтФАтФАтФАтФАтФАтФАтФАтФАтФАтФАтФАтФАтФАтФАтФАтФАтФАтФАтФАтФАтФАтФАтФАтФАтФАтФАтФАтФАтФАтФАтФАтФА
[38;5;208mтФМтФАтФАтФАтФАтФАтФАтФАтФАтФАтФАтФАтФАтФАтФАтФАтФАтФАтФАтФАтФАтФАтФАтФАтФАтФАтФАтФАтФАтФАтФАтФАтФАтФАтФАтФАтФАтФАтФАтФАтФАтФАтФАтФАтФАтФАтФАтФАтФАтФАтФАтФАтФАтФАтФАтФАтФАтФАтФАтФАтФАтФАтФАтФАтФАтФАтФАтФАтФАтФАтФАтФАтФАтФАтФАтФАтФАтФАтФАтФАтФАтФАтФАтФАтФАтФАтФАтФАтФАтФАтФАтФАтФАтФАтФАтФАтФАтФАтФАтФАтФАтФАтФАтФАтФАтФАтФАтФАтФАтФАтФАтФАтФАтФАтФАтФАтФАтФАтФАтФА[0m
[38;5;208mтФВ #0   TestService.validateResponseQuality (package:psycho_tests/services/test_service.dart:656:17)[0m
[38;5;208mтФВ #1   TestService._completeBipolarTest (package:psycho_tests/services/test_service.dart:602:9)[0m
[38;5;208mтФЬтФДтФДтФДтФДтФДтФДтФДтФДтФДтФДтФДтФДтФДтФДтФДтФДтФДтФДтФДтФДтФДтФДтФДтФДтФДтФДтФДтФДтФДтФДтФДтФДтФДтФДтФДтФДтФДтФДтФДтФДтФДтФДтФДтФДтФДтФДтФДтФДтФДтФДтФДтФДтФДтФДтФДтФДтФДтФДтФДтФДтФДтФДтФДтФДтФДтФДтФДтФДтФДтФДтФДтФДтФДтФДтФДтФДтФДтФДтФДтФДтФДтФДтФДтФДтФДтФДтФДтФДтФДтФДтФДтФДтФДтФДтФДтФДтФДтФДтФДтФДтФДтФДтФДтФДтФДтФДтФДтФДтФДтФДтФДтФДтФДтФДтФДтФДтФДтФДтФД[0m
[38;5;208mтФВ тЪая╕П ISSUE: Very low response variance (0.00). You may not have been thoughtful.[0m
[38;5;208mтФФтФАтФАтФАтФАтФАтФАтФАтФАтФАтФАтФАтФАтФАтФАтФАтФАтФАтФАтФАтФАтФАтФАтФАтФАтФАтФАтФАтФАтФАтФАтФАтФАтФАтФАтФАтФАтФАтФАтФАтФАтФАтФАтФАтФАтФАтФАтФАтФАтФАтФАтФАтФАтФАтФАтФАтФАтФАтФАтФАтФАтФАтФАтФАтФАтФАтФАтФАтФАтФАтФАтФАтФАтФАтФАтФАтФАтФАтФАтФАтФАтФАтФАтФАтФАтФАтФАтФАтФАтФАтФАтФАтФАтФАтФАтФАтФАтФАтФАтФАтФАтФАтФАтФАтФАтФАтФАтФАтФАтФАтФАтФАтФАтФАтФАтФАтФАтФАтФАтФА[0m
тФМтФАтФАтФАтФАтФАтФАтФАтФАтФАтФАтФАтФАтФАтФАтФАтФАтФАтФАтФАтФАтФАтФАтФАтФАтФАтФАтФАтФАтФАтФАтФАтФАтФАтФАтФАтФАтФАтФАтФАтФАтФАтФАтФАтФАтФАтФАтФАтФАтФАтФАтФАтФАтФАтФАтФАтФАтФАтФАтФАтФАтФАтФАтФАтФАтФАтФАтФАтФАтФАтФАтФАтФАтФАтФАтФАтФАтФАтФАтФАтФАтФАтФАтФАтФАтФАтФАтФАтФАтФАтФАтФАтФАтФАтФАтФАтФАтФАтФАтФАтФАтФАтФАтФАтФАтФАтФАтФАтФАтФАтФАтФАтФАтФАтФАтФАтФАтФАтФАтФА
тФВ #0   TestService.validateResponseQuality (package:psycho_tests/services/test_service.dart:669:15)
тФВ #1   TestService._completeBipolarTest (package:psycho_tests/services/test_service.dart:602:9)
тФЬтФДтФДтФДтФДтФДтФДтФДтФДтФДтФДтФДтФДтФДтФДтФДтФДтФДтФДтФДтФДтФДтФДтФДтФДтФДтФДтФДтФДтФДтФДтФДтФДтФДтФДтФДтФДтФДтФДтФДтФДтФДтФДтФДтФДтФДтФДтФДтФДтФДтФДтФДтФДтФДтФДтФДтФДтФДтФДтФДтФДтФДтФДтФДтФДтФДтФДтФДтФДтФДтФДтФДтФДтФДтФДтФДтФДтФДтФДтФДтФДтФДтФДтФДтФДтФДтФДтФДтФДтФДтФДтФДтФДтФДтФДтФДтФДтФДтФДтФДтФДтФДтФДтФДтФДтФДтФДтФДтФДтФДтФДтФДтФДтФДтФДтФДтФДтФДтФДтФД
тФВ ЁЯРЫ Neutral answers: 80 of 80 (100.0%)
тФФтФАтФАтФАтФАтФАтФАтФАтФАтФАтФАтФАтФАтФАтФАтФАтФАтФАтФАтФАтФАтФАтФАтФАтФАтФАтФАтФАтФАтФАтФАтФАтФАтФАтФАтФАтФАтФАтФАтФАтФАтФАтФАтФАтФАтФАтФАтФАтФАтФАтФАтФАтФАтФАтФАтФАтФАтФАтФАтФАтФАтФАтФАтФАтФАтФАтФАтФАтФАтФАтФАтФАтФАтФАтФАтФАтФАтФАтФАтФАтФАтФАтФАтФАтФАтФАтФАтФАтФАтФАтФАтФАтФАтФАтФАтФАтФАтФАтФАтФАтФАтФАтФАтФАтФАтФАтФАтФАтФАтФАтФАтФАтФАтФАтФАтФАтФАтФАтФАтФА
[38;5;208mтФМтФАтФАтФАтФАтФАтФАтФАтФАтФАтФАтФАтФАтФАтФАтФАтФАтФАтФАтФАтФАтФАтФАтФАтФАтФАтФАтФАтФАтФАтФАтФАтФАтФАтФАтФАтФАтФАтФАтФАтФАтФАтФАтФАтФАтФАтФАтФАтФАтФАтФАтФАтФАтФАтФАтФАтФАтФАтФАтФАтФАтФАтФАтФАтФАтФАтФАтФАтФАтФАтФАтФАтФАтФАтФАтФАтФАтФАтФАтФАтФАтФАтФАтФАтФАтФАтФАтФАтФАтФАтФАтФАтФАтФАтФАтФАтФАтФАтФАтФАтФАтФАтФАтФАтФАтФАтФАтФАтФАтФАтФАтФАтФАтФАтФАтФАтФАтФАтФАтФА[0m
[38;5;208mтФВ #0   TestService.validateResponseQuality (package:psycho_tests/services/test_service.dart:678:17)[0m
[38;5;208mтФВ #1   TestService._completeBipolarTest (package:psycho_tests/services/test_service.dart:602:9)[0m
[38;5;208mтФЬтФДтФДтФДтФДтФДтФДтФДтФДтФДтФДтФДтФДтФДтФДтФДтФДтФДтФДтФДтФДтФДтФДтФДтФДтФДтФДтФДтФДтФДтФДтФДтФДтФДтФДтФДтФДтФДтФДтФДтФДтФДтФДтФДтФДтФДтФДтФДтФДтФДтФДтФДтФДтФДтФДтФДтФДтФДтФДтФДтФДтФДтФДтФДтФДтФДтФДтФДтФДтФДтФДтФДтФДтФДтФДтФДтФДтФДтФДтФДтФДтФДтФДтФДтФДтФДтФДтФДтФДтФДтФДтФДтФДтФДтФДтФДтФДтФДтФДтФДтФДтФДтФДтФДтФДтФДтФДтФДтФДтФДтФДтФДтФДтФДтФДтФДтФДтФДтФДтФД[0m
[38;5;208mтФВ тЪая╕П ISSUE: Too many neutral answers (100%). Try to be more decisive.[0m
[38;5;208mтФФтФАтФАтФАтФАтФАтФАтФАтФАтФАтФАтФАтФАтФАтФАтФАтФАтФАтФАтФАтФАтФАтФАтФАтФАтФАтФАтФАтФАтФАтФАтФАтФАтФАтФАтФАтФАтФАтФАтФАтФАтФАтФАтФАтФАтФАтФАтФАтФАтФАтФАтФАтФАтФАтФАтФАтФАтФАтФАтФАтФАтФАтФАтФАтФАтФАтФАтФАтФАтФАтФАтФАтФАтФАтФАтФАтФАтФАтФАтФАтФАтФАтФАтФАтФАтФАтФАтФАтФАтФАтФАтФАтФАтФАтФАтФАтФАтФАтФАтФАтФАтФАтФАтФАтФАтФАтФАтФАтФАтФАтФАтФАтФАтФАтФАтФАтФАтФАтФАтФА[0m
тФМтФАтФАтФАтФАтФАтФАтФАтФАтФАтФАтФАтФАтФАтФАтФАтФАтФАтФАтФАтФАтФАтФАтФАтФАтФАтФАтФАтФАтФАтФАтФАтФАтФАтФАтФАтФАтФАтФАтФАтФАтФАтФАтФАтФАтФАтФАтФАтФАтФАтФАтФАтФАтФАтФАтФАтФАтФАтФАтФАтФАтФАтФАтФАтФАтФАтФАтФАтФАтФАтФАтФАтФАтФАтФАтФАтФАтФАтФАтФАтФАтФАтФАтФАтФАтФАтФАтФАтФАтФАтФАтФАтФАтФАтФАтФАтФАтФАтФАтФАтФАтФАтФАтФАтФАтФАтФАтФАтФАтФАтФАтФАтФАтФАтФАтФАтФАтФАтФАтФА
тФВ #0   TestService.validateResponseQuality (package:psycho_tests/services/test_service.dart:691:15)
тФВ #1   TestService._completeBipolarTest (package:psycho_tests/services/test_service.dart:602:9)
тФЬтФДтФДтФДтФДтФДтФДтФДтФДтФДтФДтФДтФДтФДтФДтФДтФДтФДтФДтФДтФДтФДтФДтФДтФДтФДтФДтФДтФДтФДтФДтФДтФДтФДтФДтФДтФДтФДтФДтФДтФДтФДтФДтФДтФДтФДтФДтФДтФДтФДтФДтФДтФДтФДтФДтФДтФДтФДтФДтФДтФДтФДтФДтФДтФДтФДтФДтФДтФДтФДтФДтФДтФДтФДтФДтФДтФДтФДтФДтФДтФДтФДтФДтФДтФДтФДтФДтФДтФДтФДтФДтФДтФДтФДтФДтФДтФДтФДтФДтФДтФДтФДтФДтФДтФДтФДтФДтФДтФДтФДтФДтФДтФДтФДтФДтФДтФДтФДтФДтФД
тФВ ЁЯРЫ Extreme answers: 0 of 80 (0.0%)
тФФтФАтФАтФАтФАтФАтФАтФАтФАтФАтФАтФАтФАтФАтФАтФАтФАтФАтФАтФАтФАтФАтФАтФАтФАтФАтФАтФАтФАтФАтФАтФАтФАтФАтФАтФАтФАтФАтФАтФАтФАтФАтФАтФАтФАтФАтФАтФАтФАтФАтФАтФАтФАтФАтФАтФАтФАтФАтФАтФАтФАтФАтФАтФАтФАтФАтФАтФАтФАтФАтФАтФАтФАтФАтФАтФАтФАтФАтФАтФАтФАтФАтФАтФАтФАтФАтФАтФАтФАтФАтФАтФАтФАтФАтФАтФАтФАтФАтФАтФАтФАтФАтФАтФАтФАтФАтФАтФАтФАтФАтФАтФАтФАтФАтФАтФАтФАтФАтФАтФА
тФМтФАтФАтФАтФАтФАтФАтФАтФАтФАтФАтФАтФАтФАтФАтФАтФАтФАтФАтФАтФАтФАтФАтФАтФАтФАтФАтФАтФАтФАтФАтФАтФАтФАтФАтФАтФАтФАтФАтФАтФАтФАтФАтФАтФАтФАтФАтФАтФАтФАтФАтФАтФАтФАтФАтФАтФАтФАтФАтФАтФАтФАтФАтФАтФАтФАтФАтФАтФАтФАтФАтФАтФАтФАтФАтФАтФАтФАтФАтФАтФАтФАтФАтФАтФАтФАтФАтФАтФАтФАтФАтФАтФАтФАтФАтФАтФАтФАтФАтФАтФАтФАтФАтФАтФАтФАтФАтФАтФАтФАтФАтФАтФАтФАтФАтФАтФАтФАтФАтФА
тФВ #0   TestService.validateResponseQuality (package:psycho_tests/services/test_service.dart:751:15)
тФВ #1   TestService._completeBipolarTest (package:psycho_tests/services/test_service.dart:602:9)
тФЬтФДтФДтФДтФДтФДтФДтФДтФДтФДтФДтФДтФДтФДтФДтФДтФДтФДтФДтФДтФДтФДтФДтФДтФДтФДтФДтФДтФДтФДтФДтФДтФДтФДтФДтФДтФДтФДтФДтФДтФДтФДтФДтФДтФДтФДтФДтФДтФДтФДтФДтФДтФДтФДтФДтФДтФДтФДтФДтФДтФДтФДтФДтФДтФДтФДтФДтФДтФДтФДтФДтФДтФДтФДтФДтФДтФДтФДтФДтФДтФДтФДтФДтФДтФДтФДтФДтФДтФДтФДтФДтФДтФДтФДтФДтФДтФДтФДтФДтФДтФДтФДтФДтФДтФДтФДтФДтФДтФДтФДтФДтФДтФДтФДтФДтФДтФДтФДтФДтФД
тФВ ЁЯРЫ Consistency score: 100.0%
тФФтФАтФАтФАтФАтФАтФАтФАтФАтФАтФАтФАтФАтФАтФАтФАтФАтФАтФАтФАтФАтФАтФАтФАтФАтФАтФАтФАтФАтФАтФАтФАтФАтФАтФАтФАтФАтФАтФАтФАтФАтФАтФАтФАтФАтФАтФАтФАтФАтФАтФАтФАтФАтФАтФАтФАтФАтФАтФАтФАтФАтФАтФАтФАтФАтФАтФАтФАтФАтФАтФАтФАтФАтФАтФАтФАтФАтФАтФАтФАтФАтФАтФАтФАтФАтФАтФАтФАтФАтФАтФАтФАтФАтФАтФАтФАтФАтФАтФАтФАтФАтФАтФАтФАтФАтФАтФАтФАтФАтФАтФАтФАтФАтФАтФАтФАтФАтФАтФАтФА
[38;5;208mтФМтФАтФАтФАтФАтФАтФАтФАтФАтФАтФАтФАтФАтФАтФАтФАтФАтФАтФАтФАтФАтФАтФАтФАтФАтФАтФАтФАтФАтФАтФАтФАтФАтФАтФАтФАтФАтФАтФАтФАтФАтФАтФАтФАтФАтФАтФАтФАтФАтФАтФАтФАтФАтФАтФАтФАтФАтФАтФАтФАтФАтФАтФАтФАтФАтФАтФАтФАтФАтФАтФАтФАтФАтФАтФАтФАтФАтФАтФАтФАтФАтФАтФАтФАтФАтФАтФАтФАтФАтФАтФАтФАтФАтФАтФАтФАтФАтФАтФАтФАтФАтФАтФАтФАтФАтФАтФАтФАтФАтФАтФАтФАтФАтФАтФАтФАтФАтФАтФАтФА[0m
[38;5;208mтФВ #0   TestService.validateResponseQuality (package:psycho_tests/services/test_service.dart:780:17)[0m
[38;5;208mтФВ #1   TestService._completeBipolarTest (package:psycho_tests/services/test_service.dart:602:9)[0m
[38;5;208mтФЬтФДтФДтФДтФДтФДтФДтФДтФДтФДтФДтФДтФДтФДтФДтФДтФДтФДтФДтФДтФДтФДтФДтФДтФДтФДтФДтФДтФДтФДтФДтФДтФДтФДтФДтФДтФДтФДтФДтФДтФДтФДтФДтФДтФДтФДтФДтФДтФДтФДтФДтФДтФДтФДтФДтФДтФДтФДтФДтФДтФДтФДтФДтФДтФДтФДтФДтФДтФДтФДтФДтФДтФДтФДтФДтФДтФДтФДтФДтФДтФДтФДтФДтФДтФДтФДтФДтФДтФДтФДтФДтФДтФДтФДтФДтФДтФДтФДтФДтФДтФДтФДтФДтФДтФДтФДтФДтФДтФДтФДтФДтФДтФДтФДтФДтФДтФДтФДтФДтФД[0m
[38;5;208mтФВ тЪая╕П OVERALL QUALITY: CRITICAL[0m
[38;5;208mтФФтФАтФАтФАтФАтФАтФАтФАтФАтФАтФАтФАтФАтФАтФАтФАтФАтФАтФАтФАтФАтФАтФАтФАтФАтФАтФАтФАтФАтФАтФАтФАтФАтФАтФАтФАтФАтФАтФАтФАтФАтФАтФАтФАтФАтФАтФАтФАтФАтФАтФАтФАтФАтФАтФАтФАтФАтФАтФАтФАтФАтФАтФАтФАтФАтФАтФАтФАтФАтФАтФАтФАтФАтФАтФАтФАтФАтФАтФАтФАтФАтФАтФАтФАтФАтФАтФАтФАтФАтФАтФАтФАтФАтФАтФАтФАтФАтФАтФАтФАтФАтФАтФАтФАтФАтФАтФАтФАтФАтФАтФАтФАтФАтФАтФАтФАтФАтФАтФАтФА[0m
тФМтФАтФАтФАтФАтФАтФАтФАтФАтФАтФАтФАтФАтФАтФАтФАтФАтФАтФАтФАтФАтФАтФАтФАтФАтФАтФАтФАтФАтФАтФАтФАтФАтФАтФАтФАтФАтФАтФАтФАтФАтФАтФАтФАтФАтФАтФАтФАтФАтФАтФАтФАтФАтФАтФАтФАтФАтФАтФАтФАтФАтФАтФАтФАтФАтФАтФАтФАтФАтФАтФАтФАтФАтФАтФАтФАтФАтФАтФАтФАтФАтФАтФАтФАтФАтФАтФАтФАтФАтФАтФАтФАтФАтФАтФАтФАтФАтФАтФАтФАтФАтФАтФАтФАтФАтФАтФАтФАтФАтФАтФАтФАтФАтФАтФАтФАтФАтФАтФАтФА
тФВ #0   TestService._completeBipolarTest (package:psycho_tests/services/test_service.dart:603:15)
тФВ #1   TestService.completeTest (package:psycho_tests/services/test_service.dart:55:16)
тФЬтФДтФДтФДтФДтФДтФДтФДтФДтФДтФДтФДтФДтФДтФДтФДтФДтФДтФДтФДтФДтФДтФДтФДтФДтФДтФДтФДтФДтФДтФДтФДтФДтФДтФДтФДтФДтФДтФДтФДтФДтФДтФДтФДтФДтФДтФДтФДтФДтФДтФДтФДтФДтФДтФДтФДтФДтФДтФДтФДтФДтФДтФДтФДтФДтФДтФДтФДтФДтФДтФДтФДтФДтФДтФДтФДтФДтФДтФДтФДтФДтФДтФДтФДтФДтФДтФДтФДтФДтФДтФДтФДтФДтФДтФДтФДтФДтФДтФДтФДтФДтФДтФДтФДтФДтФДтФДтФДтФДтФДтФДтФДтФДтФДтФДтФДтФДтФДтФДтФД
тФВ ЁЯРЫ Response quality: error
тФФтФАтФАтФАтФАтФАтФАтФАтФАтФАтФАтФАтФАтФАтФАтФАтФАтФАтФАтФАтФАтФАтФАтФАтФАтФАтФАтФАтФАтФАтФАтФАтФАтФАтФАтФАтФАтФАтФАтФАтФАтФАтФАтФАтФАтФАтФАтФАтФАтФАтФАтФАтФАтФАтФАтФАтФАтФАтФАтФАтФАтФАтФАтФАтФАтФАтФАтФАтФАтФАтФАтФАтФАтФАтФАтФАтФАтФАтФАтФАтФАтФАтФАтФАтФАтФАтФАтФАтФАтФАтФАтФАтФАтФАтФАтФАтФАтФАтФАтФАтФАтФАтФАтФАтФАтФАтФАтФАтФАтФАтФАтФАтФАтФАтФАтФАтФАтФАтФАтФА
тФМтФАтФАтФАтФАтФАтФАтФАтФАтФАтФАтФАтФАтФАтФАтФАтФАтФАтФАтФАтФАтФАтФАтФАтФАтФАтФАтФАтФАтФАтФАтФАтФАтФАтФАтФАтФАтФАтФАтФАтФАтФАтФАтФАтФАтФАтФАтФАтФАтФАтФАтФАтФАтФАтФАтФАтФАтФАтФАтФАтФАтФАтФАтФАтФАтФАтФАтФАтФАтФАтФАтФАтФАтФАтФАтФАтФАтФАтФАтФАтФАтФАтФАтФАтФАтФАтФАтФАтФАтФАтФАтФАтФАтФАтФАтФАтФАтФАтФАтФАтФАтФАтФАтФАтФАтФАтФАтФАтФАтФАтФАтФАтФАтФАтФАтФАтФАтФАтФАтФА
тФВ #0   TestService._completeBipolarTest (package:psycho_tests/services/test_service.dart:604:15)
тФВ #1   TestService.completeTest (package:psycho_tests/services/test_service.dart:55:16)
тФЬтФДтФДтФДтФДтФДтФДтФДтФДтФДтФДтФДтФДтФДтФДтФДтФДтФДтФДтФДтФДтФДтФДтФДтФДтФДтФДтФДтФДтФДтФДтФДтФДтФДтФДтФДтФДтФДтФДтФДтФДтФДтФДтФДтФДтФДтФДтФДтФДтФДтФДтФДтФДтФДтФДтФДтФДтФДтФДтФДтФДтФДтФДтФДтФДтФДтФДтФДтФДтФДтФДтФДтФДтФДтФДтФДтФДтФДтФДтФДтФДтФДтФДтФДтФДтФДтФДтФДтФДтФДтФДтФДтФДтФДтФДтФДтФДтФДтФДтФДтФДтФДтФДтФДтФДтФДтФДтФДтФДтФДтФДтФДтФДтФДтФДтФДтФДтФДтФДтФД
тФВ ЁЯРЫ Detected issues: 2
тФФтФАтФАтФАтФАтФАтФАтФАтФАтФАтФАтФАтФАтФАтФАтФАтФАтФАтФАтФАтФАтФАтФАтФАтФАтФАтФАтФАтФАтФАтФАтФАтФАтФАтФАтФАтФАтФАтФАтФАтФАтФАтФАтФАтФАтФАтФАтФАтФАтФАтФАтФАтФАтФАтФАтФАтФАтФАтФАтФАтФАтФАтФАтФАтФАтФАтФАтФАтФАтФАтФАтФАтФАтФАтФАтФАтФАтФАтФАтФАтФАтФАтФАтФАтФАтФАтФАтФАтФАтФАтФАтФАтФАтФАтФАтФАтФАтФАтФАтФАтФАтФАтФАтФАтФАтФАтФАтФАтФАтФАтФАтФАтФАтФАтФАтФАтФАтФАтФАтФА
тФМтФАтФАтФАтФАтФАтФАтФАтФАтФАтФАтФАтФАтФАтФАтФАтФАтФАтФАтФАтФАтФАтФАтФАтФАтФАтФАтФАтФАтФАтФАтФАтФАтФАтФАтФАтФАтФАтФАтФАтФАтФАтФАтФАтФАтФАтФАтФАтФАтФАтФАтФАтФАтФАтФАтФАтФАтФАтФАтФАтФАтФАтФАтФАтФАтФАтФАтФАтФАтФАтФАтФАтФАтФАтФАтФАтФАтФАтФАтФАтФАтФАтФАтФАтФАтФАтФАтФАтФАтФАтФАтФАтФАтФАтФАтФАтФАтФАтФАтФАтФАтФАтФАтФАтФАтФАтФАтФАтФАтФАтФАтФАтФАтФАтФАтФАтФАтФАтФАтФА
тФВ #0   TestService._completeBipolarTest (package:psycho_tests/services/test_service.dart:620:15)
тФВ #1   TestService.completeTest (package:psycho_tests/services/test_service.dart:55:16)
тФЬтФДтФДтФДтФДтФДтФДтФДтФДтФДтФДтФДтФДтФДтФДтФДтФДтФДтФДтФДтФДтФДтФДтФДтФДтФДтФДтФДтФДтФДтФДтФДтФДтФДтФДтФДтФДтФДтФДтФДтФДтФДтФДтФДтФДтФДтФДтФДтФДтФДтФДтФДтФДтФДтФДтФДтФДтФДтФДтФДтФДтФДтФДтФДтФДтФДтФДтФДтФДтФДтФДтФДтФДтФДтФДтФДтФДтФДтФДтФДтФДтФДтФДтФДтФДтФДтФДтФДтФДтФДтФДтФДтФДтФДтФДтФДтФДтФДтФДтФДтФДтФДтФДтФДтФДтФДтФДтФДтФДтФДтФДтФДтФДтФДтФДтФДтФДтФДтФДтФД
тФВ ЁЯРЫ Created 16 types test result with typeScales
тФФтФАтФАтФАтФАтФАтФАтФАтФАтФАтФАтФАтФАтФАтФАтФАтФАтФАтФАтФАтФАтФАтФАтФАтФАтФАтФАтФАтФАтФАтФАтФАтФАтФАтФАтФАтФАтФАтФАтФАтФАтФАтФАтФАтФАтФАтФАтФАтФАтФАтФАтФАтФАтФАтФАтФАтФАтФАтФАтФАтФАтФАтФАтФАтФАтФАтФАтФАтФАтФАтФАтФАтФАтФАтФАтФАтФАтФАтФАтФАтФАтФАтФАтФАтФАтФАтФАтФАтФАтФАтФАтФАтФАтФАтФАтФАтФАтФАтФАтФАтФАтФАтФАтФАтФАтФАтФАтФАтФАтФАтФАтФАтФАтФАтФАтФАтФАтФАтФАтФА
тФМтФАтФАтФАтФАтФАтФАтФАтФАтФАтФАтФАтФАтФАтФАтФАтФАтФАтФАтФАтФАтФАтФАтФАтФАтФАтФАтФАтФАтФАтФАтФАтФАтФАтФАтФАтФАтФАтФАтФАтФАтФАтФАтФАтФАтФАтФАтФАтФАтФАтФАтФАтФАтФАтФАтФАтФАтФАтФАтФАтФАтФАтФАтФАтФАтФАтФАтФАтФАтФАтФАтФАтФАтФАтФАтФАтФАтФАтФАтФАтФАтФАтФАтФАтФАтФАтФАтФАтФАтФАтФАтФАтФАтФАтФАтФАтФАтФАтФАтФАтФАтФАтФАтФАтФАтФАтФАтФАтФАтФАтФАтФАтФАтФАтФАтФАтФАтФАтФАтФА
тФВ #0   TestService._completeBipolarTest (package:psycho_tests/services/test_service.dart:621:15)
тФВ #1   TestService.completeTest (package:psycho_tests/services/test_service.dart:55:16)
тФЬтФДтФДтФДтФДтФДтФДтФДтФДтФДтФДтФДтФДтФДтФДтФДтФДтФДтФДтФДтФДтФДтФДтФДтФДтФДтФДтФДтФДтФДтФДтФДтФДтФДтФДтФДтФДтФДтФДтФДтФДтФДтФДтФДтФДтФДтФДтФДтФДтФДтФДтФДтФДтФДтФДтФДтФДтФДтФДтФДтФДтФДтФДтФДтФДтФДтФДтФДтФДтФДтФДтФДтФДтФДтФДтФДтФДтФДтФДтФДтФДтФДтФДтФДтФДтФДтФДтФДтФДтФДтФДтФДтФДтФДтФДтФДтФДтФДтФДтФДтФДтФДтФДтФДтФДтФДтФДтФДтФДтФДтФДтФДтФДтФДтФДтФДтФДтФДтФДтФД
тФВ ЁЯРЫ result.userAnswers contains 80 answers
тФФтФАтФАтФАтФАтФАтФАтФАтФАтФАтФАтФАтФАтФАтФАтФАтФАтФАтФАтФАтФАтФАтФАтФАтФАтФАтФАтФАтФАтФАтФАтФАтФАтФАтФАтФАтФАтФАтФАтФАтФАтФАтФАтФАтФАтФАтФАтФАтФАтФАтФАтФАтФАтФАтФАтФАтФАтФАтФАтФАтФАтФАтФАтФАтФАтФАтФАтФАтФАтФАтФАтФАтФАтФАтФАтФАтФАтФАтФАтФАтФАтФАтФАтФАтФАтФАтФАтФАтФАтФАтФАтФАтФАтФАтФАтФАтФАтФАтФАтФАтФАтФАтФАтФАтФАтФАтФАтФАтФАтФАтФАтФАтФАтФАтФАтФАтФАтФАтФАтФА
тФМтФАтФАтФАтФАтФАтФАтФАтФАтФАтФАтФАтФАтФАтФАтФАтФАтФАтФАтФАтФАтФАтФАтФАтФАтФАтФАтФАтФАтФАтФАтФАтФАтФАтФАтФАтФАтФАтФАтФАтФАтФАтФАтФАтФАтФАтФАтФАтФАтФАтФАтФАтФАтФАтФАтФАтФАтФАтФАтФАтФАтФАтФАтФАтФАтФАтФАтФАтФАтФАтФАтФАтФАтФАтФАтФАтФАтФАтФАтФАтФАтФАтФАтФАтФАтФАтФАтФАтФАтФАтФАтФАтФАтФАтФАтФАтФАтФАтФАтФАтФАтФАтФАтФАтФАтФАтФАтФАтФАтФАтФАтФАтФАтФАтФАтФАтФАтФАтФАтФА
тФВ #0   TestService._completeBipolarTest (package:psycho_tests/services/test_service.dart:622:15)
тФВ #1   TestService.completeTest (package:psycho_tests/services/test_service.dart:55:16)
тФЬтФДтФДтФДтФДтФДтФДтФДтФДтФДтФДтФДтФДтФДтФДтФДтФДтФДтФДтФДтФДтФДтФДтФДтФДтФДтФДтФДтФДтФДтФДтФДтФДтФДтФДтФДтФДтФДтФДтФДтФДтФДтФДтФДтФДтФДтФДтФДтФДтФДтФДтФДтФДтФДтФДтФДтФДтФДтФДтФДтФДтФДтФДтФДтФДтФДтФДтФДтФДтФДтФДтФДтФДтФДтФДтФДтФДтФДтФДтФДтФДтФДтФДтФДтФДтФДтФДтФДтФДтФДтФДтФДтФДтФДтФДтФДтФДтФДтФДтФДтФДтФДтФДтФДтФДтФДтФДтФДтФДтФДтФДтФДтФДтФДтФДтФДтФДтФДтФДтФД
тФВ ЁЯРЫ result.typeScales contains 8 scales
тФФтФАтФАтФАтФАтФАтФАтФАтФАтФАтФАтФАтФАтФАтФАтФАтФАтФАтФАтФАтФАтФАтФАтФАтФАтФАтФАтФАтФАтФАтФАтФАтФАтФАтФАтФАтФАтФАтФАтФАтФАтФАтФАтФАтФАтФАтФАтФАтФАтФАтФАтФАтФАтФАтФАтФАтФАтФАтФАтФАтФАтФАтФАтФАтФАтФАтФАтФАтФАтФАтФАтФАтФАтФАтФАтФАтФАтФАтФАтФАтФАтФАтФАтФАтФАтФАтФАтФАтФАтФАтФАтФАтФАтФАтФАтФАтФАтФАтФАтФАтФАтФАтФАтФАтФАтФАтФАтФАтФАтФАтФАтФАтФАтФАтФАтФАтФАтФАтФАтФА
00:01 +20 -15: D:/Work/psycho_app/0.0.1.x_dev/test/services/test_service_test.dart: completeTest() - Bipolar Tests (16 Types) includes quality validation for bipolar test
тФМтФАтФАтФАтФАтФАтФАтФАтФАтФАтФАтФАтФАтФАтФАтФАтФАтФАтФАтФАтФАтФАтФАтФАтФАтФАтФАтФАтФАтФАтФАтФАтФАтФАтФАтФАтФАтФАтФАтФАтФАтФАтФАтФАтФАтФАтФАтФАтФАтФАтФАтФАтФАтФАтФАтФАтФАтФАтФАтФАтФАтФАтФАтФАтФАтФАтФАтФАтФАтФАтФАтФАтФАтФАтФАтФАтФАтФАтФАтФАтФАтФАтФАтФАтФАтФАтФАтФАтФАтФАтФАтФАтФАтФАтФАтФАтФАтФАтФАтФАтФАтФАтФАтФАтФАтФАтФАтФАтФАтФАтФАтФАтФАтФАтФАтФАтФАтФАтФАтФА
тФВ #0   TestService.completeTest (package:psycho_tests/services/test_service.dart:43:15)
тФВ #1   main.<anonymous closure>.<anonymous closure> (file:///D:/Work/psycho_app/0.0.1.x_dev/test/services/test_service_test.dart:323:40)
тФЬтФДтФДтФДтФДтФДтФДтФДтФДтФДтФДтФДтФДтФДтФДтФДтФДтФДтФДтФДтФДтФДтФДтФДтФДтФДтФДтФДтФДтФДтФДтФДтФДтФДтФДтФДтФДтФДтФДтФДтФДтФДтФДтФДтФДтФДтФДтФДтФДтФДтФДтФДтФДтФДтФДтФДтФДтФДтФДтФДтФДтФДтФДтФДтФДтФДтФДтФДтФДтФДтФДтФДтФДтФДтФДтФДтФДтФДтФДтФДтФДтФДтФДтФДтФДтФДтФДтФДтФДтФДтФДтФДтФДтФДтФДтФДтФДтФДтФДтФДтФДтФДтФДтФДтФДтФДтФДтФДтФДтФДтФДтФДтФДтФДтФДтФДтФДтФДтФДтФД
тФВ ЁЯРЫ ===== completeTest() CALLED =====
тФФтФАтФАтФАтФАтФАтФАтФАтФАтФАтФАтФАтФАтФАтФАтФАтФАтФАтФАтФАтФАтФАтФАтФАтФАтФАтФАтФАтФАтФАтФАтФАтФАтФАтФАтФАтФАтФАтФАтФАтФАтФАтФАтФАтФАтФАтФАтФАтФАтФАтФАтФАтФАтФАтФАтФАтФАтФАтФАтФАтФАтФАтФАтФАтФАтФАтФАтФАтФАтФАтФАтФАтФАтФАтФАтФАтФАтФАтФАтФАтФАтФАтФАтФАтФАтФАтФАтФАтФАтФАтФАтФАтФАтФАтФАтФАтФАтФАтФАтФАтФАтФАтФАтФАтФАтФАтФАтФАтФАтФАтФАтФАтФАтФАтФАтФАтФАтФАтФАтФА
тФМтФАтФАтФАтФАтФАтФАтФАтФАтФАтФАтФАтФАтФАтФАтФАтФАтФАтФАтФАтФАтФАтФАтФАтФАтФАтФАтФАтФАтФАтФАтФАтФАтФАтФАтФАтФАтФАтФАтФАтФАтФАтФАтФАтФАтФАтФАтФАтФАтФАтФАтФАтФАтФАтФАтФАтФАтФАтФАтФАтФАтФАтФАтФАтФАтФАтФАтФАтФАтФАтФАтФАтФАтФАтФАтФАтФАтФАтФАтФАтФАтФАтФАтФАтФАтФАтФАтФАтФАтФАтФАтФАтФАтФАтФАтФАтФАтФАтФАтФАтФАтФАтФАтФАтФАтФАтФАтФАтФАтФАтФАтФАтФАтФАтФАтФАтФАтФАтФАтФА
тФВ #0   TestService.completeTest (package:psycho_tests/services/test_service.dart:44:15)
тФВ #1   main.<anonymous closure>.<anonymous closure> (file:///D:/Work/psycho_app/0.0.1.x_dev/test/services/test_service_test.dart:323:40)
тФЬтФДтФДтФДтФДтФДтФДтФДтФДтФДтФДтФДтФДтФДтФДтФДтФДтФДтФДтФДтФДтФДтФДтФДтФДтФДтФДтФДтФДтФДтФДтФДтФДтФДтФДтФДтФДтФДтФДтФДтФДтФДтФДтФДтФДтФДтФДтФДтФДтФДтФДтФДтФДтФДтФДтФДтФДтФДтФДтФДтФДтФДтФДтФДтФДтФДтФДтФДтФДтФДтФДтФДтФДтФДтФДтФДтФДтФДтФДтФДтФДтФДтФДтФДтФДтФДтФДтФДтФДтФДтФДтФДтФДтФДтФДтФДтФДтФДтФДтФДтФДтФДтФДтФДтФДтФДтФДтФДтФДтФДтФДтФДтФДтФДтФДтФДтФДтФДтФДтФД
тФВ ЁЯРЫ testId: sixteen_types
тФФтФАтФАтФАтФАтФАтФАтФАтФАтФАтФАтФАтФАтФАтФАтФАтФАтФАтФАтФАтФАтФАтФАтФАтФАтФАтФАтФАтФАтФАтФАтФАтФАтФАтФАтФАтФАтФАтФАтФАтФАтФАтФАтФАтФАтФАтФАтФАтФАтФАтФАтФАтФАтФАтФАтФАтФАтФАтФАтФАтФАтФАтФАтФАтФАтФАтФАтФАтФАтФАтФАтФАтФАтФАтФАтФАтФАтФАтФАтФАтФАтФАтФАтФАтФАтФАтФАтФАтФАтФАтФАтФАтФАтФАтФАтФАтФАтФАтФАтФАтФАтФАтФАтФАтФАтФАтФАтФАтФАтФАтФАтФАтФАтФАтФАтФАтФАтФАтФАтФА
тФМтФАтФАтФАтФАтФАтФАтФАтФАтФАтФАтФАтФАтФАтФАтФАтФАтФАтФАтФАтФАтФАтФАтФАтФАтФАтФАтФАтФАтФАтФАтФАтФАтФАтФАтФАтФАтФАтФАтФАтФАтФАтФАтФАтФАтФАтФАтФАтФАтФАтФАтФАтФАтФАтФАтФАтФАтФАтФАтФАтФАтФАтФАтФАтФАтФАтФАтФАтФАтФАтФАтФАтФАтФАтФАтФАтФАтФАтФАтФАтФАтФАтФАтФАтФАтФАтФАтФАтФАтФАтФАтФАтФАтФАтФАтФАтФАтФАтФАтФАтФАтФАтФАтФАтФАтФАтФАтФАтФАтФАтФАтФАтФАтФАтФАтФАтФАтФАтФАтФА
тФВ #0   TestService.completeTest (package:psycho_tests/services/test_service.dart:45:15)
тФВ #1   main.<anonymous closure>.<anonymous closure> (file:///D:/Work/psycho_app/0.0.1.x_dev/test/services/test_service_test.dart:323:40)
тФЬтФДтФДтФДтФДтФДтФДтФДтФДтФДтФДтФДтФДтФДтФДтФДтФДтФДтФДтФДтФДтФДтФДтФДтФДтФДтФДтФДтФДтФДтФДтФДтФДтФДтФДтФДтФДтФДтФДтФДтФДтФДтФДтФДтФДтФДтФДтФДтФДтФДтФДтФДтФДтФДтФДтФДтФДтФДтФДтФДтФДтФДтФДтФДтФДтФДтФДтФДтФДтФДтФДтФДтФДтФДтФДтФДтФДтФДтФДтФДтФДтФДтФДтФДтФДтФДтФДтФДтФДтФДтФДтФДтФДтФДтФДтФДтФДтФДтФДтФДтФДтФДтФДтФДтФДтФДтФДтФДтФДтФДтФДтФДтФДтФДтФДтФДтФДтФДтФДтФД
тФВ ЁЯРЫ type: TestType.multiFactor
тФФтФАтФАтФАтФАтФАтФАтФАтФАтФАтФАтФАтФАтФАтФАтФАтФАтФАтФАтФАтФАтФАтФАтФАтФАтФАтФАтФАтФАтФАтФАтФАтФАтФАтФАтФАтФАтФАтФАтФАтФАтФАтФАтФАтФАтФАтФАтФАтФАтФАтФАтФАтФАтФАтФАтФАтФАтФАтФАтФАтФАтФАтФАтФАтФАтФАтФАтФАтФАтФАтФАтФАтФАтФАтФАтФАтФАтФАтФАтФАтФАтФАтФАтФАтФАтФАтФАтФАтФАтФАтФАтФАтФАтФАтФАтФАтФАтФАтФАтФАтФАтФАтФАтФАтФАтФАтФАтФАтФАтФАтФАтФАтФАтФАтФАтФАтФАтФАтФАтФА
тФМтФАтФАтФАтФАтФАтФАтФАтФАтФАтФАтФАтФАтФАтФАтФАтФАтФАтФАтФАтФАтФАтФАтФАтФАтФАтФАтФАтФАтФАтФАтФАтФАтФАтФАтФАтФАтФАтФАтФАтФАтФАтФАтФАтФАтФАтФАтФАтФАтФАтФАтФАтФАтФАтФАтФАтФАтФАтФАтФАтФАтФАтФАтФАтФАтФАтФАтФАтФАтФАтФАтФАтФАтФАтФАтФАтФАтФАтФАтФАтФАтФАтФАтФАтФАтФАтФАтФАтФАтФАтФАтФАтФАтФАтФАтФАтФАтФАтФАтФАтФАтФАтФАтФАтФАтФАтФАтФАтФАтФАтФАтФАтФАтФАтФАтФАтФАтФАтФАтФА
тФВ #0   TestService.completeTest (package:psycho_tests/services/test_service.dart:46:15)
тФВ #1   main.<anonymous closure>.<anonymous closure> (file:///D:/Work/psycho_app/0.0.1.x_dev/test/services/test_service_test.dart:323:40)
тФЬтФДтФДтФДтФДтФДтФДтФДтФДтФДтФДтФДтФДтФДтФДтФДтФДтФДтФДтФДтФДтФДтФДтФДтФДтФДтФДтФДтФДтФДтФДтФДтФДтФДтФДтФДтФДтФДтФДтФДтФДтФДтФДтФДтФДтФДтФДтФДтФДтФДтФДтФДтФДтФДтФДтФДтФДтФДтФДтФДтФДтФДтФДтФДтФДтФДтФДтФДтФДтФДтФДтФДтФДтФДтФДтФДтФДтФДтФДтФДтФДтФДтФДтФДтФДтФДтФДтФДтФДтФДтФДтФДтФДтФДтФДтФДтФДтФДтФДтФДтФДтФДтФДтФДтФДтФДтФДтФДтФДтФДтФДтФДтФДтФДтФДтФДтФДтФДтФДтФД
тФВ ЁЯРЫ isBipolar: true
тФФтФАтФАтФАтФАтФАтФАтФАтФАтФАтФАтФАтФАтФАтФАтФАтФАтФАтФАтФАтФАтФАтФАтФАтФАтФАтФАтФАтФАтФАтФАтФАтФАтФАтФАтФАтФАтФАтФАтФАтФАтФАтФАтФАтФАтФАтФАтФАтФАтФАтФАтФАтФАтФАтФАтФАтФАтФАтФАтФАтФАтФАтФАтФАтФАтФАтФАтФАтФАтФАтФАтФАтФАтФАтФАтФАтФАтФАтФАтФАтФАтФАтФАтФАтФАтФАтФАтФАтФАтФАтФАтФАтФАтФАтФАтФАтФАтФАтФАтФАтФАтФАтФАтФАтФАтФАтФАтФАтФАтФАтФАтФАтФАтФАтФАтФАтФАтФАтФАтФА
тФМтФАтФАтФАтФАтФАтФАтФАтФАтФАтФАтФАтФАтФАтФАтФАтФАтФАтФАтФАтФАтФАтФАтФАтФАтФАтФАтФАтФАтФАтФАтФАтФАтФАтФАтФАтФАтФАтФАтФАтФАтФАтФАтФАтФАтФАтФАтФАтФАтФАтФАтФАтФАтФАтФАтФАтФАтФАтФАтФАтФАтФАтФАтФАтФАтФАтФАтФАтФАтФАтФАтФАтФАтФАтФАтФАтФАтФАтФАтФАтФАтФАтФАтФАтФАтФАтФАтФАтФАтФАтФАтФАтФАтФАтФАтФАтФАтФАтФАтФАтФАтФАтФАтФАтФАтФАтФАтФАтФАтФАтФАтФАтФАтФАтФАтФАтФАтФАтФАтФА
тФВ #0   TestService.completeTest (package:psycho_tests/services/test_service.dart:47:15)
тФВ #1   main.<anonymous closure>.<anonymous closure> (file:///D:/Work/psycho_app/0.0.1.x_dev/test/services/test_service_test.dart:323:40)
тФЬтФДтФДтФДтФДтФДтФДтФДтФДтФДтФДтФДтФДтФДтФДтФДтФДтФДтФДтФДтФДтФДтФДтФДтФДтФДтФДтФДтФДтФДтФДтФДтФДтФДтФДтФДтФДтФДтФДтФДтФДтФДтФДтФДтФДтФДтФДтФДтФДтФДтФДтФДтФДтФДтФДтФДтФДтФДтФДтФДтФДтФДтФДтФДтФДтФДтФДтФДтФДтФДтФДтФДтФДтФДтФДтФДтФДтФДтФДтФДтФДтФДтФДтФДтФДтФДтФДтФДтФДтФДтФДтФДтФДтФДтФДтФДтФДтФДтФДтФДтФДтФДтФДтФДтФДтФДтФДтФДтФДтФДтФДтФДтФДтФДтФДтФДтФДтФДтФДтФД
тФВ ЁЯРЫ bipolarDimensions: [mbti_ei, mbti_sn, mbti_tf, mbti_jp]
тФФтФАтФАтФАтФАтФАтФАтФАтФАтФАтФАтФАтФАтФАтФАтФАтФАтФАтФАтФАтФАтФАтФАтФАтФАтФАтФАтФАтФАтФАтФАтФАтФАтФАтФАтФАтФАтФАтФАтФАтФАтФАтФАтФАтФАтФАтФАтФАтФАтФАтФАтФАтФАтФАтФАтФАтФАтФАтФАтФАтФАтФАтФАтФАтФАтФАтФАтФАтФАтФАтФАтФАтФАтФАтФАтФАтФАтФАтФАтФАтФАтФАтФАтФАтФАтФАтФАтФАтФАтФАтФАтФАтФАтФАтФАтФАтФАтФАтФАтФАтФАтФАтФАтФАтФАтФАтФАтФАтФАтФАтФАтФАтФАтФАтФАтФАтФАтФАтФАтФА
тФМтФАтФАтФАтФАтФАтФАтФАтФАтФАтФАтФАтФАтФАтФАтФАтФАтФАтФАтФАтФАтФАтФАтФАтФАтФАтФАтФАтФАтФАтФАтФАтФАтФАтФАтФАтФАтФАтФАтФАтФАтФАтФАтФАтФАтФАтФАтФАтФАтФАтФАтФАтФАтФАтФАтФАтФАтФАтФАтФАтФАтФАтФАтФАтФАтФАтФАтФАтФАтФАтФАтФАтФАтФАтФАтФАтФАтФАтФАтФАтФАтФАтФАтФАтФАтФАтФАтФАтФАтФАтФАтФАтФАтФАтФАтФАтФАтФАтФАтФАтФАтФАтФАтФАтФАтФАтФАтФАтФАтФАтФАтФАтФАтФАтФАтФАтФАтФАтФАтФА
тФВ #0   TestService.completeTest (package:psycho_tests/services/test_service.dart:51:17)
тФВ #1   main.<anonymous closure>.<anonymous closure> (file:///D:/Work/psycho_app/0.0.1.x_dev/test/services/test_service_test.dart:323:40)
тФЬтФДтФДтФДтФДтФДтФДтФДтФДтФДтФДтФДтФДтФДтФДтФДтФДтФДтФДтФДтФДтФДтФДтФДтФДтФДтФДтФДтФДтФДтФДтФДтФДтФДтФДтФДтФДтФДтФДтФДтФДтФДтФДтФДтФДтФДтФДтФДтФДтФДтФДтФДтФДтФДтФДтФДтФДтФДтФДтФДтФДтФДтФДтФДтФДтФДтФДтФДтФДтФДтФДтФДтФДтФДтФДтФДтФДтФДтФДтФДтФДтФДтФДтФДтФДтФДтФДтФДтФДтФДтФДтФДтФДтФДтФДтФДтФДтФДтФДтФДтФДтФДтФДтФДтФДтФДтФДтФДтФДтФДтФДтФДтФДтФДтФДтФДтФДтФДтФДтФД
тФВ ЁЯРЫ Multi-factor test detected
тФФтФАтФАтФАтФАтФАтФАтФАтФАтФАтФАтФАтФАтФАтФАтФАтФАтФАтФАтФАтФАтФАтФАтФАтФАтФАтФАтФАтФАтФАтФАтФАтФАтФАтФАтФАтФАтФАтФАтФАтФАтФАтФАтФАтФАтФАтФАтФАтФАтФАтФАтФАтФАтФАтФАтФАтФАтФАтФАтФАтФАтФАтФАтФАтФАтФАтФАтФАтФАтФАтФАтФАтФАтФАтФАтФАтФАтФАтФАтФАтФАтФАтФАтФАтФАтФАтФАтФАтФАтФАтФАтФАтФАтФАтФАтФАтФАтФАтФАтФАтФАтФАтФАтФАтФАтФАтФАтФАтФАтФАтФАтФАтФАтФАтФАтФАтФАтФАтФАтФА
тФМтФАтФАтФАтФАтФАтФАтФАтФАтФАтФАтФАтФАтФАтФАтФАтФАтФАтФАтФАтФАтФАтФАтФАтФАтФАтФАтФАтФАтФАтФАтФАтФАтФАтФАтФАтФАтФАтФАтФАтФАтФАтФАтФАтФАтФАтФАтФАтФАтФАтФАтФАтФАтФАтФАтФАтФАтФАтФАтФАтФАтФАтФАтФАтФАтФАтФАтФАтФАтФАтФАтФАтФАтФАтФАтФАтФАтФАтФАтФАтФАтФАтФАтФАтФАтФАтФАтФАтФАтФАтФАтФАтФАтФАтФАтФАтФАтФАтФАтФАтФАтФАтФАтФАтФАтФАтФАтФАтФАтФАтФАтФАтФАтФАтФАтФАтФАтФАтФАтФА
тФВ #0   TestService.completeTest (package:psycho_tests/services/test_service.dart:54:19)
тФВ #1   main.<anonymous closure>.<anonymous closure> (file:///D:/Work/psycho_app/0.0.1.x_dev/test/services/test_service_test.dart:323:40)
тФЬтФДтФДтФДтФДтФДтФДтФДтФДтФДтФДтФДтФДтФДтФДтФДтФДтФДтФДтФДтФДтФДтФДтФДтФДтФДтФДтФДтФДтФДтФДтФДтФДтФДтФДтФДтФДтФДтФДтФДтФДтФДтФДтФДтФДтФДтФДтФДтФДтФДтФДтФДтФДтФДтФДтФДтФДтФДтФДтФДтФДтФДтФДтФДтФДтФДтФДтФДтФДтФДтФДтФДтФДтФДтФДтФДтФДтФДтФДтФДтФДтФДтФДтФДтФДтФДтФДтФДтФДтФДтФДтФДтФДтФДтФДтФДтФДтФДтФДтФДтФДтФДтФДтФДтФДтФДтФДтФДтФДтФДтФДтФДтФДтФДтФДтФДтФДтФДтФДтФД
тФВ ЁЯРЫ Calling _completeBipolarTest()
тФФтФАтФАтФАтФАтФАтФАтФАтФАтФАтФАтФАтФАтФАтФАтФАтФАтФАтФАтФАтФАтФАтФАтФАтФАтФАтФАтФАтФАтФАтФАтФАтФАтФАтФАтФАтФАтФАтФАтФАтФАтФАтФАтФАтФАтФАтФАтФАтФАтФАтФАтФАтФАтФАтФАтФАтФАтФАтФАтФАтФАтФАтФАтФАтФАтФАтФАтФАтФАтФАтФАтФАтФАтФАтФАтФАтФАтФАтФАтФАтФАтФАтФАтФАтФАтФАтФАтФАтФАтФАтФАтФАтФАтФАтФАтФАтФАтФАтФАтФАтФАтФАтФАтФАтФАтФАтФАтФАтФАтФАтФАтФАтФАтФАтФАтФАтФАтФАтФАтФА
тФМтФАтФАтФАтФАтФАтФАтФАтФАтФАтФАтФАтФАтФАтФАтФАтФАтФАтФАтФАтФАтФАтФАтФАтФАтФАтФАтФАтФАтФАтФАтФАтФАтФАтФАтФАтФАтФАтФАтФАтФАтФАтФАтФАтФАтФАтФАтФАтФАтФАтФАтФАтФАтФАтФАтФАтФАтФАтФАтФАтФАтФАтФАтФАтФАтФАтФАтФАтФАтФАтФАтФАтФАтФАтФАтФАтФАтФАтФАтФАтФАтФАтФАтФАтФАтФАтФАтФАтФАтФАтФАтФАтФАтФАтФАтФАтФАтФАтФАтФАтФАтФАтФАтФАтФАтФАтФАтФАтФАтФАтФАтФАтФАтФАтФАтФАтФАтФАтФАтФА
тФВ #0   TestService._completeBipolarTest (package:psycho_tests/services/test_service.dart:366:15)
тФВ #1   TestService.completeTest (package:psycho_tests/services/test_service.dart:55:16)
тФЬтФДтФДтФДтФДтФДтФДтФДтФДтФДтФДтФДтФДтФДтФДтФДтФДтФДтФДтФДтФДтФДтФДтФДтФДтФДтФДтФДтФДтФДтФДтФДтФДтФДтФДтФДтФДтФДтФДтФДтФДтФДтФДтФДтФДтФДтФДтФДтФДтФДтФДтФДтФДтФДтФДтФДтФДтФДтФДтФДтФДтФДтФДтФДтФДтФДтФДтФДтФДтФДтФДтФДтФДтФДтФДтФДтФДтФДтФДтФДтФДтФДтФДтФДтФДтФДтФДтФДтФДтФДтФДтФДтФДтФДтФДтФДтФДтФДтФДтФДтФДтФДтФДтФДтФДтФДтФДтФДтФДтФДтФДтФДтФДтФДтФДтФДтФДтФДтФДтФД
тФВ ЁЯРЫ ===== START _completeBipolarTest() (UNIPOLAR V2 ALGORITHM) =====
тФФтФАтФАтФАтФАтФАтФАтФАтФАтФАтФАтФАтФАтФАтФАтФАтФАтФАтФАтФАтФАтФАтФАтФАтФАтФАтФАтФАтФАтФАтФАтФАтФАтФАтФАтФАтФАтФАтФАтФАтФАтФАтФАтФАтФАтФАтФАтФАтФАтФАтФАтФАтФАтФАтФАтФАтФАтФАтФАтФАтФАтФАтФАтФАтФАтФАтФАтФАтФАтФАтФАтФАтФАтФАтФАтФАтФАтФАтФАтФАтФАтФАтФАтФАтФАтФАтФАтФАтФАтФАтФАтФАтФАтФАтФАтФАтФАтФАтФАтФАтФАтФАтФАтФАтФАтФАтФАтФАтФАтФАтФАтФАтФАтФАтФАтФАтФАтФАтФАтФА
тФМтФАтФАтФАтФАтФАтФАтФАтФАтФАтФАтФАтФАтФАтФАтФАтФАтФАтФАтФАтФАтФАтФАтФАтФАтФАтФАтФАтФАтФАтФАтФАтФАтФАтФАтФАтФАтФАтФАтФАтФАтФАтФАтФАтФАтФАтФАтФАтФАтФАтФАтФАтФАтФАтФАтФАтФАтФАтФАтФАтФАтФАтФАтФАтФАтФАтФАтФАтФАтФАтФАтФАтФАтФАтФАтФАтФАтФАтФАтФАтФАтФАтФАтФАтФАтФАтФАтФАтФАтФАтФАтФАтФАтФАтФАтФАтФАтФАтФАтФАтФАтФАтФАтФАтФАтФАтФАтФАтФАтФАтФАтФАтФАтФАтФАтФАтФАтФАтФАтФА
тФВ #0   TestService._completeBipolarTest (package:psycho_tests/services/test_service.dart:367:15)
тФВ #1   TestService.completeTest (package:psycho_tests/services/test_service.dart:55:16)
тФЬтФДтФДтФДтФДтФДтФДтФДтФДтФДтФДтФДтФДтФДтФДтФДтФДтФДтФДтФДтФДтФДтФДтФДтФДтФДтФДтФДтФДтФДтФДтФДтФДтФДтФДтФДтФДтФДтФДтФДтФДтФДтФДтФДтФДтФДтФДтФДтФДтФДтФДтФДтФДтФДтФДтФДтФДтФДтФДтФДтФДтФДтФДтФДтФДтФДтФДтФДтФДтФДтФДтФДтФДтФДтФДтФДтФДтФДтФДтФДтФДтФДтФДтФДтФДтФДтФДтФДтФДтФДтФДтФДтФДтФДтФДтФДтФДтФДтФДтФДтФДтФДтФДтФДтФДтФДтФДтФДтФДтФДтФДтФДтФДтФДтФДтФДтФДтФДтФДтФД
тФВ ЁЯРЫ Total questions in test: 80
тФФтФАтФАтФАтФАтФАтФАтФАтФАтФАтФАтФАтФАтФАтФАтФАтФАтФАтФАтФАтФАтФАтФАтФАтФАтФАтФАтФАтФАтФАтФАтФАтФАтФАтФАтФАтФАтФАтФАтФАтФАтФАтФАтФАтФАтФАтФАтФАтФАтФАтФАтФАтФАтФАтФАтФАтФАтФАтФАтФАтФАтФАтФАтФАтФАтФАтФАтФАтФАтФАтФАтФАтФАтФАтФАтФАтФАтФАтФАтФАтФАтФАтФАтФАтФАтФАтФАтФАтФАтФАтФАтФАтФАтФАтФАтФАтФАтФАтФАтФАтФАтФАтФАтФАтФАтФАтФАтФАтФАтФАтФАтФАтФАтФАтФАтФАтФАтФАтФАтФА
тФМтФАтФАтФАтФАтФАтФАтФАтФАтФАтФАтФАтФАтФАтФАтФАтФАтФАтФАтФАтФАтФАтФАтФАтФАтФАтФАтФАтФАтФАтФАтФАтФАтФАтФАтФАтФАтФАтФАтФАтФАтФАтФАтФАтФАтФАтФАтФАтФАтФАтФАтФАтФАтФАтФАтФАтФАтФАтФАтФАтФАтФАтФАтФАтФАтФАтФАтФАтФАтФАтФАтФАтФАтФАтФАтФАтФАтФАтФАтФАтФАтФАтФАтФАтФАтФАтФАтФАтФАтФАтФАтФАтФАтФАтФАтФАтФАтФАтФАтФАтФАтФАтФАтФАтФАтФАтФАтФАтФАтФАтФАтФАтФАтФАтФАтФАтФАтФАтФАтФА
тФВ #0   TestService._completeBipolarTest (package:psycho_tests/services/test_service.dart:368:15)
тФВ #1   TestService.completeTest (package:psycho_tests/services/test_service.dart:55:16)
тФЬтФДтФДтФДтФДтФДтФДтФДтФДтФДтФДтФДтФДтФДтФДтФДтФДтФДтФДтФДтФДтФДтФДтФДтФДтФДтФДтФДтФДтФДтФДтФДтФДтФДтФДтФДтФДтФДтФДтФДтФДтФДтФДтФДтФДтФДтФДтФДтФДтФДтФДтФДтФДтФДтФДтФДтФДтФДтФДтФДтФДтФДтФДтФДтФДтФДтФДтФДтФДтФДтФДтФДтФДтФДтФДтФДтФДтФДтФДтФДтФДтФДтФДтФДтФДтФДтФДтФДтФДтФДтФДтФДтФДтФДтФДтФДтФДтФДтФДтФДтФДтФДтФДтФДтФДтФДтФДтФДтФДтФДтФДтФДтФДтФДтФДтФДтФДтФДтФДтФД
тФВ ЁЯРЫ Total answers: 80
тФФтФАтФАтФАтФАтФАтФАтФАтФАтФАтФАтФАтФАтФАтФАтФАтФАтФАтФАтФАтФАтФАтФАтФАтФАтФАтФАтФАтФАтФАтФАтФАтФАтФАтФАтФАтФАтФАтФАтФАтФАтФАтФАтФАтФАтФАтФАтФАтФАтФАтФАтФАтФАтФАтФАтФАтФАтФАтФАтФАтФАтФАтФАтФАтФАтФАтФАтФАтФАтФАтФАтФАтФАтФАтФАтФАтФАтФАтФАтФАтФАтФАтФАтФАтФАтФАтФАтФАтФАтФАтФАтФАтФАтФАтФАтФАтФАтФАтФАтФАтФАтФАтФАтФАтФАтФАтФАтФАтФАтФАтФАтФАтФАтФАтФАтФАтФАтФАтФАтФА
тФМтФАтФАтФАтФАтФАтФАтФАтФАтФАтФАтФАтФАтФАтФАтФАтФАтФАтФАтФАтФАтФАтФАтФАтФАтФАтФАтФАтФАтФАтФАтФАтФАтФАтФАтФАтФАтФАтФАтФАтФАтФАтФАтФАтФАтФАтФАтФАтФАтФАтФАтФАтФАтФАтФАтФАтФАтФАтФАтФАтФАтФАтФАтФАтФАтФАтФАтФАтФАтФАтФАтФАтФАтФАтФАтФАтФАтФАтФАтФАтФАтФАтФАтФАтФАтФАтФАтФАтФАтФАтФАтФАтФАтФАтФАтФАтФАтФАтФАтФАтФАтФАтФАтФАтФАтФАтФАтФАтФАтФАтФАтФАтФАтФАтФАтФАтФАтФАтФАтФА
тФВ #0   TestService._completeBipolarTest (package:psycho_tests/services/test_service.dart:400:15)
тФВ #1   TestService.completeTest (package:psycho_tests/services/test_service.dart:55:16)
тФЬтФДтФДтФДтФДтФДтФДтФДтФДтФДтФДтФДтФДтФДтФДтФДтФДтФДтФДтФДтФДтФДтФДтФДтФДтФДтФДтФДтФДтФДтФДтФДтФДтФДтФДтФДтФДтФДтФДтФДтФДтФДтФДтФДтФДтФДтФДтФДтФДтФДтФДтФДтФДтФДтФДтФДтФДтФДтФДтФДтФДтФДтФДтФДтФДтФДтФДтФДтФДтФДтФДтФДтФДтФДтФДтФДтФДтФДтФДтФДтФДтФДтФДтФДтФДтФДтФДтФДтФДтФДтФДтФДтФДтФДтФДтФДтФДтФДтФДтФДтФДтФДтФДтФДтФДтФДтФДтФДтФДтФДтФДтФДтФДтФДтФДтФДтФДтФДтФДтФД
тФВ ЁЯРЫ Starting question loop with targetScale method...
тФФтФАтФАтФАтФАтФАтФАтФАтФАтФАтФАтФАтФАтФАтФАтФАтФАтФАтФАтФАтФАтФАтФАтФАтФАтФАтФАтФАтФАтФАтФАтФАтФАтФАтФАтФАтФАтФАтФАтФАтФАтФАтФАтФАтФАтФАтФАтФАтФАтФАтФАтФАтФАтФАтФАтФАтФАтФАтФАтФАтФАтФАтФАтФАтФАтФАтФАтФАтФАтФАтФАтФАтФАтФАтФАтФАтФАтФАтФАтФАтФАтФАтФАтФАтФАтФАтФАтФАтФАтФАтФАтФАтФАтФАтФАтФАтФАтФАтФАтФАтФАтФАтФАтФАтФАтФАтФАтФАтФАтФАтФАтФАтФАтФАтФАтФАтФАтФАтФАтФА
тФМтФАтФАтФАтФАтФАтФАтФАтФАтФАтФАтФАтФАтФАтФАтФАтФАтФАтФАтФАтФАтФАтФАтФАтФАтФАтФАтФАтФАтФАтФАтФАтФАтФАтФАтФАтФАтФАтФАтФАтФАтФАтФАтФАтФАтФАтФАтФАтФАтФАтФАтФАтФАтФАтФАтФАтФАтФАтФАтФАтФАтФАтФАтФАтФАтФАтФАтФАтФАтФАтФАтФАтФАтФАтФАтФАтФАтФАтФАтФАтФАтФАтФАтФАтФАтФАтФАтФАтФАтФАтФАтФАтФАтФАтФАтФАтФАтФАтФАтФАтФАтФАтФАтФАтФАтФАтФАтФАтФАтФАтФАтФАтФАтФАтФАтФАтФАтФАтФАтФА
тФВ #0   TestService._completeBipolarTest (package:psycho_tests/services/test_service.dart:425:23)
тФВ #1   TestService.completeTest (package:psycho_tests/services/test_service.dart:55:16)
тФЬтФДтФДтФДтФДтФДтФДтФДтФДтФДтФДтФДтФДтФДтФДтФДтФДтФДтФДтФДтФДтФДтФДтФДтФДтФДтФДтФДтФДтФДтФДтФДтФДтФДтФДтФДтФДтФДтФДтФДтФДтФДтФДтФДтФДтФДтФДтФДтФДтФДтФДтФДтФДтФДтФДтФДтФДтФДтФДтФДтФДтФДтФДтФДтФДтФДтФДтФДтФДтФДтФДтФДтФДтФДтФДтФДтФДтФДтФДтФДтФДтФДтФДтФДтФДтФДтФДтФДтФДтФДтФДтФДтФДтФДтФДтФДтФДтФДтФДтФДтФДтФДтФДтФДтФДтФДтФДтФДтФДтФДтФДтФДтФДтФДтФДтФДтФДтФДтФДтФД
тФВ ЁЯРЫ Qq1: targetScale=extraversion, score=3
тФФтФАтФАтФАтФАтФАтФАтФАтФАтФАтФАтФАтФАтФАтФАтФАтФАтФАтФАтФАтФАтФАтФАтФАтФАтФАтФАтФАтФАтФАтФАтФАтФАтФАтФАтФАтФАтФАтФАтФАтФАтФАтФАтФАтФАтФАтФАтФАтФАтФАтФАтФАтФАтФАтФАтФАтФАтФАтФАтФАтФАтФАтФАтФАтФАтФАтФАтФАтФАтФАтФАтФАтФАтФАтФАтФАтФАтФАтФАтФАтФАтФАтФАтФАтФАтФАтФАтФАтФАтФАтФАтФАтФАтФАтФАтФАтФАтФАтФАтФАтФАтФАтФАтФАтФАтФАтФАтФАтФАтФАтФАтФАтФАтФАтФАтФАтФАтФАтФАтФА
тФМтФАтФАтФАтФАтФАтФАтФАтФАтФАтФАтФАтФАтФАтФАтФАтФАтФАтФАтФАтФАтФАтФАтФАтФАтФАтФАтФАтФАтФАтФАтФАтФАтФАтФАтФАтФАтФАтФАтФАтФАтФАтФАтФАтФАтФАтФАтФАтФАтФАтФАтФАтФАтФАтФАтФАтФАтФАтФАтФАтФАтФАтФАтФАтФАтФАтФАтФАтФАтФАтФАтФАтФАтФАтФАтФАтФАтФАтФАтФАтФАтФАтФАтФАтФАтФАтФАтФАтФАтФАтФАтФАтФАтФАтФАтФАтФАтФАтФАтФАтФАтФАтФАтФАтФАтФАтФАтФАтФАтФАтФАтФАтФАтФАтФАтФАтФАтФАтФАтФА
тФВ #0   TestService._completeBipolarTest (package:psycho_tests/services/test_service.dart:425:23)
тФВ #1   TestService.completeTest (package:psycho_tests/services/test_service.dart:55:16)
тФЬтФДтФДтФДтФДтФДтФДтФДтФДтФДтФДтФДтФДтФДтФДтФДтФДтФДтФДтФДтФДтФДтФДтФДтФДтФДтФДтФДтФДтФДтФДтФДтФДтФДтФДтФДтФДтФДтФДтФДтФДтФДтФДтФДтФДтФДтФДтФДтФДтФДтФДтФДтФДтФДтФДтФДтФДтФДтФДтФДтФДтФДтФДтФДтФДтФДтФДтФДтФДтФДтФДтФДтФДтФДтФДтФДтФДтФДтФДтФДтФДтФДтФДтФДтФДтФДтФДтФДтФДтФДтФДтФДтФДтФДтФДтФДтФДтФДтФДтФДтФДтФДтФДтФДтФДтФДтФДтФДтФДтФДтФДтФДтФДтФДтФДтФДтФДтФДтФДтФД
тФВ ЁЯРЫ Qq2: targetScale=extraversion, score=3
тФФтФАтФАтФАтФАтФАтФАтФАтФАтФАтФАтФАтФАтФАтФАтФАтФАтФАтФАтФАтФАтФАтФАтФАтФАтФАтФАтФАтФАтФАтФАтФАтФАтФАтФАтФАтФАтФАтФАтФАтФАтФАтФАтФАтФАтФАтФАтФАтФАтФАтФАтФАтФАтФАтФАтФАтФАтФАтФАтФАтФАтФАтФАтФАтФАтФАтФАтФАтФАтФАтФАтФАтФАтФАтФАтФАтФАтФАтФАтФАтФАтФАтФАтФАтФАтФАтФАтФАтФАтФАтФАтФАтФАтФАтФАтФАтФАтФАтФАтФАтФАтФАтФАтФАтФАтФАтФАтФАтФАтФАтФАтФАтФАтФАтФАтФАтФАтФАтФАтФА
тФМтФАтФАтФАтФАтФАтФАтФАтФАтФАтФАтФАтФАтФАтФАтФАтФАтФАтФАтФАтФАтФАтФАтФАтФАтФАтФАтФАтФАтФАтФАтФАтФАтФАтФАтФАтФАтФАтФАтФАтФАтФАтФАтФАтФАтФАтФАтФАтФАтФАтФАтФАтФАтФАтФАтФАтФАтФАтФАтФАтФАтФАтФАтФАтФАтФАтФАтФАтФАтФАтФАтФАтФАтФАтФАтФАтФАтФАтФАтФАтФАтФАтФАтФАтФАтФАтФАтФАтФАтФАтФАтФАтФАтФАтФАтФАтФАтФАтФАтФАтФАтФАтФАтФАтФАтФАтФАтФАтФАтФАтФАтФАтФАтФАтФАтФАтФАтФАтФАтФА
тФВ #0   TestService._completeBipolarTest (package:psycho_tests/services/test_service.dart:425:23)
тФВ #1   TestService.completeTest (package:psycho_tests/services/test_service.dart:55:16)
тФЬтФДтФДтФДтФДтФДтФДтФДтФДтФДтФДтФДтФДтФДтФДтФДтФДтФДтФДтФДтФДтФДтФДтФДтФДтФДтФДтФДтФДтФДтФДтФДтФДтФДтФДтФДтФДтФДтФДтФДтФДтФДтФДтФДтФДтФДтФДтФДтФДтФДтФДтФДтФДтФДтФДтФДтФДтФДтФДтФДтФДтФДтФДтФДтФДтФДтФДтФДтФДтФДтФДтФДтФДтФДтФДтФДтФДтФДтФДтФДтФДтФДтФДтФДтФДтФДтФДтФДтФДтФДтФДтФДтФДтФДтФДтФДтФДтФДтФДтФДтФДтФДтФДтФДтФДтФДтФДтФДтФДтФДтФДтФДтФДтФДтФДтФДтФДтФДтФДтФД
тФВ ЁЯРЫ Qq3: targetScale=extraversion, score=3
тФФтФАтФАтФАтФАтФАтФАтФАтФАтФАтФАтФАтФАтФАтФАтФАтФАтФАтФАтФАтФАтФАтФАтФАтФАтФАтФАтФАтФАтФАтФАтФАтФАтФАтФАтФАтФАтФАтФАтФАтФАтФАтФАтФАтФАтФАтФАтФАтФАтФАтФАтФАтФАтФАтФАтФАтФАтФАтФАтФАтФАтФАтФАтФАтФАтФАтФАтФАтФАтФАтФАтФАтФАтФАтФАтФАтФАтФАтФАтФАтФАтФАтФАтФАтФАтФАтФАтФАтФАтФАтФАтФАтФАтФАтФАтФАтФАтФАтФАтФАтФАтФАтФАтФАтФАтФАтФАтФАтФАтФАтФАтФАтФАтФАтФАтФАтФАтФАтФАтФА
тФМтФАтФАтФАтФАтФАтФАтФАтФАтФАтФАтФАтФАтФАтФАтФАтФАтФАтФАтФАтФАтФАтФАтФАтФАтФАтФАтФАтФАтФАтФАтФАтФАтФАтФАтФАтФАтФАтФАтФАтФАтФАтФАтФАтФАтФАтФАтФАтФАтФАтФАтФАтФАтФАтФАтФАтФАтФАтФАтФАтФАтФАтФАтФАтФАтФАтФАтФАтФАтФАтФАтФАтФАтФАтФАтФАтФАтФАтФАтФАтФАтФАтФАтФАтФАтФАтФАтФАтФАтФАтФАтФАтФАтФАтФАтФАтФАтФАтФАтФАтФАтФАтФАтФАтФАтФАтФАтФАтФАтФАтФАтФАтФАтФАтФАтФАтФАтФАтФАтФА
тФВ #0   TestService._completeBipolarTest (package:psycho_tests/services/test_service.dart:425:23)
тФВ #1   TestService.completeTest (package:psycho_tests/services/test_service.dart:55:16)
тФЬтФДтФДтФДтФДтФДтФДтФДтФДтФДтФДтФДтФДтФДтФДтФДтФДтФДтФДтФДтФДтФДтФДтФДтФДтФДтФДтФДтФДтФДтФДтФДтФДтФДтФДтФДтФДтФДтФДтФДтФДтФДтФДтФДтФДтФДтФДтФДтФДтФДтФДтФДтФДтФДтФДтФДтФДтФДтФДтФДтФДтФДтФДтФДтФДтФДтФДтФДтФДтФДтФДтФДтФДтФДтФДтФДтФДтФДтФДтФДтФДтФДтФДтФДтФДтФДтФДтФДтФДтФДтФДтФДтФДтФДтФДтФДтФДтФДтФДтФДтФДтФДтФДтФДтФДтФДтФДтФДтФДтФДтФДтФДтФДтФДтФДтФДтФДтФДтФДтФД
тФВ ЁЯРЫ Qq4: targetScale=introversion, score=3
тФФтФАтФАтФАтФАтФАтФАтФАтФАтФАтФАтФАтФАтФАтФАтФАтФАтФАтФАтФАтФАтФАтФАтФАтФАтФАтФАтФАтФАтФАтФАтФАтФАтФАтФАтФАтФАтФАтФАтФАтФАтФАтФАтФАтФАтФАтФАтФАтФАтФАтФАтФАтФАтФАтФАтФАтФАтФАтФАтФАтФАтФАтФАтФАтФАтФАтФАтФАтФАтФАтФАтФАтФАтФАтФАтФАтФАтФАтФАтФАтФАтФАтФАтФАтФАтФАтФАтФАтФАтФАтФАтФАтФАтФАтФАтФАтФАтФАтФАтФАтФАтФАтФАтФАтФАтФАтФАтФАтФАтФАтФАтФАтФАтФАтФАтФАтФАтФАтФАтФА
тФМтФАтФАтФАтФАтФАтФАтФАтФАтФАтФАтФАтФАтФАтФАтФАтФАтФАтФАтФАтФАтФАтФАтФАтФАтФАтФАтФАтФАтФАтФАтФАтФАтФАтФАтФАтФАтФАтФАтФАтФАтФАтФАтФАтФАтФАтФАтФАтФАтФАтФАтФАтФАтФАтФАтФАтФАтФАтФАтФАтФАтФАтФАтФАтФАтФАтФАтФАтФАтФАтФАтФАтФАтФАтФАтФАтФАтФАтФАтФАтФАтФАтФАтФАтФАтФАтФАтФАтФАтФАтФАтФАтФАтФАтФАтФАтФАтФАтФАтФАтФАтФАтФАтФАтФАтФАтФАтФАтФАтФАтФАтФАтФАтФАтФАтФАтФАтФАтФАтФА
тФВ #0   TestService._completeBipolarTest (package:psycho_tests/services/test_service.dart:425:23)
тФВ #1   TestService.completeTest (package:psycho_tests/services/test_service.dart:55:16)
тФЬтФДтФДтФДтФДтФДтФДтФДтФДтФДтФДтФДтФДтФДтФДтФДтФДтФДтФДтФДтФДтФДтФДтФДтФДтФДтФДтФДтФДтФДтФДтФДтФДтФДтФДтФДтФДтФДтФДтФДтФДтФДтФДтФДтФДтФДтФДтФДтФДтФДтФДтФДтФДтФДтФДтФДтФДтФДтФДтФДтФДтФДтФДтФДтФДтФДтФДтФДтФДтФДтФДтФДтФДтФДтФДтФДтФДтФДтФДтФДтФДтФДтФДтФДтФДтФДтФДтФДтФДтФДтФДтФДтФДтФДтФДтФДтФДтФДтФДтФДтФДтФДтФДтФДтФДтФДтФДтФДтФДтФДтФДтФДтФДтФДтФДтФДтФДтФДтФДтФД
тФВ ЁЯРЫ Qq5: targetScale=introversion, score=3
тФФтФАтФАтФАтФАтФАтФАтФАтФАтФАтФАтФАтФАтФАтФАтФАтФАтФАтФАтФАтФАтФАтФАтФАтФАтФАтФАтФАтФАтФАтФАтФАтФАтФАтФАтФАтФАтФАтФАтФАтФАтФАтФАтФАтФАтФАтФАтФАтФАтФАтФАтФАтФАтФАтФАтФАтФАтФАтФАтФАтФАтФАтФАтФАтФАтФАтФАтФАтФАтФАтФАтФАтФАтФАтФАтФАтФАтФАтФАтФАтФАтФАтФАтФАтФАтФАтФАтФАтФАтФАтФАтФАтФАтФАтФАтФАтФАтФАтФАтФАтФАтФАтФАтФАтФАтФАтФАтФАтФАтФАтФАтФАтФАтФАтФАтФАтФАтФАтФАтФА
тФМтФАтФАтФАтФАтФАтФАтФАтФАтФАтФАтФАтФАтФАтФАтФАтФАтФАтФАтФАтФАтФАтФАтФАтФАтФАтФАтФАтФАтФАтФАтФАтФАтФАтФАтФАтФАтФАтФАтФАтФАтФАтФАтФАтФАтФАтФАтФАтФАтФАтФАтФАтФАтФАтФАтФАтФАтФАтФАтФАтФАтФАтФАтФАтФАтФАтФАтФАтФАтФАтФАтФАтФАтФАтФАтФАтФАтФАтФАтФАтФАтФАтФАтФАтФАтФАтФАтФАтФАтФАтФАтФАтФАтФАтФАтФАтФАтФАтФАтФАтФАтФАтФАтФАтФАтФАтФАтФАтФАтФАтФАтФАтФАтФАтФАтФАтФАтФАтФАтФА
тФВ #0   TestService._completeBipolarTest (package:psycho_tests/services/test_service.dart:425:23)
тФВ #1   TestService.completeTest (package:psycho_tests/services/test_service.dart:55:16)
тФЬтФДтФДтФДтФДтФДтФДтФДтФДтФДтФДтФДтФДтФДтФДтФДтФДтФДтФДтФДтФДтФДтФДтФДтФДтФДтФДтФДтФДтФДтФДтФДтФДтФДтФДтФДтФДтФДтФДтФДтФДтФДтФДтФДтФДтФДтФДтФДтФДтФДтФДтФДтФДтФДтФДтФДтФДтФДтФДтФДтФДтФДтФДтФДтФДтФДтФДтФДтФДтФДтФДтФДтФДтФДтФДтФДтФДтФДтФДтФДтФДтФДтФДтФДтФДтФДтФДтФДтФДтФДтФДтФДтФДтФДтФДтФДтФДтФДтФДтФДтФДтФДтФДтФДтФДтФДтФДтФДтФДтФДтФДтФДтФДтФДтФДтФДтФДтФДтФДтФД
тФВ ЁЯРЫ Qq6: targetScale=introversion, score=3
тФФтФАтФАтФАтФАтФАтФАтФАтФАтФАтФАтФАтФАтФАтФАтФАтФАтФАтФАтФАтФАтФАтФАтФАтФАтФАтФАтФАтФАтФАтФАтФАтФАтФАтФАтФАтФАтФАтФАтФАтФАтФАтФАтФАтФАтФАтФАтФАтФАтФАтФАтФАтФАтФАтФАтФАтФАтФАтФАтФАтФАтФАтФАтФАтФАтФАтФАтФАтФАтФАтФАтФАтФАтФАтФАтФАтФАтФАтФАтФАтФАтФАтФАтФАтФАтФАтФАтФАтФАтФАтФАтФАтФАтФАтФАтФАтФАтФАтФАтФАтФАтФАтФАтФАтФАтФАтФАтФАтФАтФАтФАтФАтФАтФАтФАтФАтФАтФАтФАтФА
тФМтФАтФАтФАтФАтФАтФАтФАтФАтФАтФАтФАтФАтФАтФАтФАтФАтФАтФАтФАтФАтФАтФАтФАтФАтФАтФАтФАтФАтФАтФАтФАтФАтФАтФАтФАтФАтФАтФАтФАтФАтФАтФАтФАтФАтФАтФАтФАтФАтФАтФАтФАтФАтФАтФАтФАтФАтФАтФАтФАтФАтФАтФАтФАтФАтФАтФАтФАтФАтФАтФАтФАтФАтФАтФАтФАтФАтФАтФАтФАтФАтФАтФАтФАтФАтФАтФАтФАтФАтФАтФАтФАтФАтФАтФАтФАтФАтФАтФАтФАтФАтФАтФАтФАтФАтФАтФАтФАтФАтФАтФАтФАтФАтФАтФАтФАтФАтФАтФАтФА
тФВ #0   TestService._completeBipolarTest (package:psycho_tests/services/test_service.dart:425:23)
тФВ #1   TestService.completeTest (package:psycho_tests/services/test_service.dart:55:16)
тФЬтФДтФДтФДтФДтФДтФДтФДтФДтФДтФДтФДтФДтФДтФДтФДтФДтФДтФДтФДтФДтФДтФДтФДтФДтФДтФДтФДтФДтФДтФДтФДтФДтФДтФДтФДтФДтФДтФДтФДтФДтФДтФДтФДтФДтФДтФДтФДтФДтФДтФДтФДтФДтФДтФДтФДтФДтФДтФДтФДтФДтФДтФДтФДтФДтФДтФДтФДтФДтФДтФДтФДтФДтФДтФДтФДтФДтФДтФДтФДтФДтФДтФДтФДтФДтФДтФДтФДтФДтФДтФДтФДтФДтФДтФДтФДтФДтФДтФДтФДтФДтФДтФДтФДтФДтФДтФДтФДтФДтФДтФДтФДтФДтФДтФДтФДтФДтФДтФДтФД
тФВ ЁЯРЫ Qq7: targetScale=extraversion, score=3
тФФтФАтФАтФАтФАтФАтФАтФАтФАтФАтФАтФАтФАтФАтФАтФАтФАтФАтФАтФАтФАтФАтФАтФАтФАтФАтФАтФАтФАтФАтФАтФАтФАтФАтФАтФАтФАтФАтФАтФАтФАтФАтФАтФАтФАтФАтФАтФАтФАтФАтФАтФАтФАтФАтФАтФАтФАтФАтФАтФАтФАтФАтФАтФАтФАтФАтФАтФАтФАтФАтФАтФАтФАтФАтФАтФАтФАтФАтФАтФАтФАтФАтФАтФАтФАтФАтФАтФАтФАтФАтФАтФАтФАтФАтФАтФАтФАтФАтФАтФАтФАтФАтФАтФАтФАтФАтФАтФАтФАтФАтФАтФАтФАтФАтФАтФАтФАтФАтФАтФА
тФМтФАтФАтФАтФАтФАтФАтФАтФАтФАтФАтФАтФАтФАтФАтФАтФАтФАтФАтФАтФАтФАтФАтФАтФАтФАтФАтФАтФАтФАтФАтФАтФАтФАтФАтФАтФАтФАтФАтФАтФАтФАтФАтФАтФАтФАтФАтФАтФАтФАтФАтФАтФАтФАтФАтФАтФАтФАтФАтФАтФАтФАтФАтФАтФАтФАтФАтФАтФАтФАтФАтФАтФАтФАтФАтФАтФАтФАтФАтФАтФАтФАтФАтФАтФАтФАтФАтФАтФАтФАтФАтФАтФАтФАтФАтФАтФАтФАтФАтФАтФАтФАтФАтФАтФАтФАтФАтФАтФАтФАтФАтФАтФАтФАтФАтФАтФАтФАтФАтФА
тФВ #0   TestService._completeBipolarTest (package:psycho_tests/services/test_service.dart:425:23)
тФВ #1   TestService.completeTest (package:psycho_tests/services/test_service.dart:55:16)
тФЬтФДтФДтФДтФДтФДтФДтФДтФДтФДтФДтФДтФДтФДтФДтФДтФДтФДтФДтФДтФДтФДтФДтФДтФДтФДтФДтФДтФДтФДтФДтФДтФДтФДтФДтФДтФДтФДтФДтФДтФДтФДтФДтФДтФДтФДтФДтФДтФДтФДтФДтФДтФДтФДтФДтФДтФДтФДтФДтФДтФДтФДтФДтФДтФДтФДтФДтФДтФДтФДтФДтФДтФДтФДтФДтФДтФДтФДтФДтФДтФДтФДтФДтФДтФДтФДтФДтФДтФДтФДтФДтФДтФДтФДтФДтФДтФДтФДтФДтФДтФДтФДтФДтФДтФДтФДтФДтФДтФДтФДтФДтФДтФДтФДтФДтФДтФДтФДтФДтФД
тФВ ЁЯРЫ Qq8: targetScale=extraversion, score=3
тФФтФАтФАтФАтФАтФАтФАтФАтФАтФАтФАтФАтФАтФАтФАтФАтФАтФАтФАтФАтФАтФАтФАтФАтФАтФАтФАтФАтФАтФАтФАтФАтФАтФАтФАтФАтФАтФАтФАтФАтФАтФАтФАтФАтФАтФАтФАтФАтФАтФАтФАтФАтФАтФАтФАтФАтФАтФАтФАтФАтФАтФАтФАтФАтФАтФАтФАтФАтФАтФАтФАтФАтФАтФАтФАтФАтФАтФАтФАтФАтФАтФАтФАтФАтФАтФАтФАтФАтФАтФАтФАтФАтФАтФАтФАтФАтФАтФАтФАтФАтФАтФАтФАтФАтФАтФАтФАтФАтФАтФАтФАтФАтФАтФАтФАтФАтФАтФАтФАтФА
тФМтФАтФАтФАтФАтФАтФАтФАтФАтФАтФАтФАтФАтФАтФАтФАтФАтФАтФАтФАтФАтФАтФАтФАтФАтФАтФАтФАтФАтФАтФАтФАтФАтФАтФАтФАтФАтФАтФАтФАтФАтФАтФАтФАтФАтФАтФАтФАтФАтФАтФАтФАтФАтФАтФАтФАтФАтФАтФАтФАтФАтФАтФАтФАтФАтФАтФАтФАтФАтФАтФАтФАтФАтФАтФАтФАтФАтФАтФАтФАтФАтФАтФАтФАтФАтФАтФАтФАтФАтФАтФАтФАтФАтФАтФАтФАтФАтФАтФАтФАтФАтФАтФАтФАтФАтФАтФАтФАтФАтФАтФАтФАтФАтФАтФАтФАтФАтФАтФАтФА
тФВ #0   TestService._completeBipolarTest (package:psycho_tests/services/test_service.dart:425:23)
тФВ #1   TestService.completeTest (package:psycho_tests/services/test_service.dart:55:16)
тФЬтФДтФДтФДтФДтФДтФДтФДтФДтФДтФДтФДтФДтФДтФДтФДтФДтФДтФДтФДтФДтФДтФДтФДтФДтФДтФДтФДтФДтФДтФДтФДтФДтФДтФДтФДтФДтФДтФДтФДтФДтФДтФДтФДтФДтФДтФДтФДтФДтФДтФДтФДтФДтФДтФДтФДтФДтФДтФДтФДтФДтФДтФДтФДтФДтФДтФДтФДтФДтФДтФДтФДтФДтФДтФДтФДтФДтФДтФДтФДтФДтФДтФДтФДтФДтФДтФДтФДтФДтФДтФДтФДтФДтФДтФДтФДтФДтФДтФДтФДтФДтФДтФДтФДтФДтФДтФДтФДтФДтФДтФДтФДтФДтФДтФДтФДтФДтФДтФДтФД
тФВ ЁЯРЫ Qq9: targetScale=introversion, score=3
тФФтФАтФАтФАтФАтФАтФАтФАтФАтФАтФАтФАтФАтФАтФАтФАтФАтФАтФАтФАтФАтФАтФАтФАтФАтФАтФАтФАтФАтФАтФАтФАтФАтФАтФАтФАтФАтФАтФАтФАтФАтФАтФАтФАтФАтФАтФАтФАтФАтФАтФАтФАтФАтФАтФАтФАтФАтФАтФАтФАтФАтФАтФАтФАтФАтФАтФАтФАтФАтФАтФАтФАтФАтФАтФАтФАтФАтФАтФАтФАтФАтФАтФАтФАтФАтФАтФАтФАтФАтФАтФАтФАтФАтФАтФАтФАтФАтФАтФАтФАтФАтФАтФАтФАтФАтФАтФАтФАтФАтФАтФАтФАтФАтФАтФАтФАтФАтФАтФАтФА
тФМтФАтФАтФАтФАтФАтФАтФАтФАтФАтФАтФАтФАтФАтФАтФАтФАтФАтФАтФАтФАтФАтФАтФАтФАтФАтФАтФАтФАтФАтФАтФАтФАтФАтФАтФАтФАтФАтФАтФАтФАтФАтФАтФАтФАтФАтФАтФАтФАтФАтФАтФАтФАтФАтФАтФАтФАтФАтФАтФАтФАтФАтФАтФАтФАтФАтФАтФАтФАтФАтФАтФАтФАтФАтФАтФАтФАтФАтФАтФАтФАтФАтФАтФАтФАтФАтФАтФАтФАтФАтФАтФАтФАтФАтФАтФАтФАтФАтФАтФАтФАтФАтФАтФАтФАтФАтФАтФАтФАтФАтФАтФАтФАтФАтФАтФАтФАтФАтФАтФА
тФВ #0   TestService._completeBipolarTest (package:psycho_tests/services/test_service.dart:425:23)
тФВ #1   TestService.completeTest (package:psycho_tests/services/test_service.dart:55:16)
тФЬтФДтФДтФДтФДтФДтФДтФДтФДтФДтФДтФДтФДтФДтФДтФДтФДтФДтФДтФДтФДтФДтФДтФДтФДтФДтФДтФДтФДтФДтФДтФДтФДтФДтФДтФДтФДтФДтФДтФДтФДтФДтФДтФДтФДтФДтФДтФДтФДтФДтФДтФДтФДтФДтФДтФДтФДтФДтФДтФДтФДтФДтФДтФДтФДтФДтФДтФДтФДтФДтФДтФДтФДтФДтФДтФДтФДтФДтФДтФДтФДтФДтФДтФДтФДтФДтФДтФДтФДтФДтФДтФДтФДтФДтФДтФДтФДтФДтФДтФДтФДтФДтФДтФДтФДтФДтФДтФДтФДтФДтФДтФДтФДтФДтФДтФДтФДтФДтФДтФД
тФВ ЁЯРЫ Qq10: targetScale=introversion, score=3
тФФтФАтФАтФАтФАтФАтФАтФАтФАтФАтФАтФАтФАтФАтФАтФАтФАтФАтФАтФАтФАтФАтФАтФАтФАтФАтФАтФАтФАтФАтФАтФАтФАтФАтФАтФАтФАтФАтФАтФАтФАтФАтФАтФАтФАтФАтФАтФАтФАтФАтФАтФАтФАтФАтФАтФАтФАтФАтФАтФАтФАтФАтФАтФАтФАтФАтФАтФАтФАтФАтФАтФАтФАтФАтФАтФАтФАтФАтФАтФАтФАтФАтФАтФАтФАтФАтФАтФАтФАтФАтФАтФАтФАтФАтФАтФАтФАтФАтФАтФАтФАтФАтФАтФАтФАтФАтФАтФАтФАтФАтФАтФАтФАтФАтФАтФАтФАтФАтФАтФА
тФМтФАтФАтФАтФАтФАтФАтФАтФАтФАтФАтФАтФАтФАтФАтФАтФАтФАтФАтФАтФАтФАтФАтФАтФАтФАтФАтФАтФАтФАтФАтФАтФАтФАтФАтФАтФАтФАтФАтФАтФАтФАтФАтФАтФАтФАтФАтФАтФАтФАтФАтФАтФАтФАтФАтФАтФАтФАтФАтФАтФАтФАтФАтФАтФАтФАтФАтФАтФАтФАтФАтФАтФАтФАтФАтФАтФАтФАтФАтФАтФАтФАтФАтФАтФАтФАтФАтФАтФАтФАтФАтФАтФАтФАтФАтФАтФАтФАтФАтФАтФАтФАтФАтФАтФАтФАтФАтФАтФАтФАтФАтФАтФАтФАтФАтФАтФАтФАтФАтФА
тФВ #0   TestService._completeBipolarTest (package:psycho_tests/services/test_service.dart:425:23)
тФВ #1   TestService.completeTest (package:psycho_tests/services/test_service.dart:55:16)
тФЬтФДтФДтФДтФДтФДтФДтФДтФДтФДтФДтФДтФДтФДтФДтФДтФДтФДтФДтФДтФДтФДтФДтФДтФДтФДтФДтФДтФДтФДтФДтФДтФДтФДтФДтФДтФДтФДтФДтФДтФДтФДтФДтФДтФДтФДтФДтФДтФДтФДтФДтФДтФДтФДтФДтФДтФДтФДтФДтФДтФДтФДтФДтФДтФДтФДтФДтФДтФДтФДтФДтФДтФДтФДтФДтФДтФДтФДтФДтФДтФДтФДтФДтФДтФДтФДтФДтФДтФДтФДтФДтФДтФДтФДтФДтФДтФДтФДтФДтФДтФДтФДтФДтФДтФДтФДтФДтФДтФДтФДтФДтФДтФДтФДтФДтФДтФДтФДтФДтФД
тФВ ЁЯРЫ Qq11: targetScale=extraversion, score=3
тФФтФАтФАтФАтФАтФАтФАтФАтФАтФАтФАтФАтФАтФАтФАтФАтФАтФАтФАтФАтФАтФАтФАтФАтФАтФАтФАтФАтФАтФАтФАтФАтФАтФАтФАтФАтФАтФАтФАтФАтФАтФАтФАтФАтФАтФАтФАтФАтФАтФАтФАтФАтФАтФАтФАтФАтФАтФАтФАтФАтФАтФАтФАтФАтФАтФАтФАтФАтФАтФАтФАтФАтФАтФАтФАтФАтФАтФАтФАтФАтФАтФАтФАтФАтФАтФАтФАтФАтФАтФАтФАтФАтФАтФАтФАтФАтФАтФАтФАтФАтФАтФАтФАтФАтФАтФАтФАтФАтФАтФАтФАтФАтФАтФАтФАтФАтФАтФАтФАтФА
тФМтФАтФАтФАтФАтФАтФАтФАтФАтФАтФАтФАтФАтФАтФАтФАтФАтФАтФАтФАтФАтФАтФАтФАтФАтФАтФАтФАтФАтФАтФАтФАтФАтФАтФАтФАтФАтФАтФАтФАтФАтФАтФАтФАтФАтФАтФАтФАтФАтФАтФАтФАтФАтФАтФАтФАтФАтФАтФАтФАтФАтФАтФАтФАтФАтФАтФАтФАтФАтФАтФАтФАтФАтФАтФАтФАтФАтФАтФАтФАтФАтФАтФАтФАтФАтФАтФАтФАтФАтФАтФАтФАтФАтФАтФАтФАтФАтФАтФАтФАтФАтФАтФАтФАтФАтФАтФАтФАтФАтФАтФАтФАтФАтФАтФАтФАтФАтФАтФАтФА
тФВ #0   TestService._completeBipolarTest (package:psycho_tests/services/test_service.dart:425:23)
тФВ #1   TestService.completeTest (package:psycho_tests/services/test_service.dart:55:16)
тФЬтФДтФДтФДтФДтФДтФДтФДтФДтФДтФДтФДтФДтФДтФДтФДтФДтФДтФДтФДтФДтФДтФДтФДтФДтФДтФДтФДтФДтФДтФДтФДтФДтФДтФДтФДтФДтФДтФДтФДтФДтФДтФДтФДтФДтФДтФДтФДтФДтФДтФДтФДтФДтФДтФДтФДтФДтФДтФДтФДтФДтФДтФДтФДтФДтФДтФДтФДтФДтФДтФДтФДтФДтФДтФДтФДтФДтФДтФДтФДтФДтФДтФДтФДтФДтФДтФДтФДтФДтФДтФДтФДтФДтФДтФДтФДтФДтФДтФДтФДтФДтФДтФДтФДтФДтФДтФДтФДтФДтФДтФДтФДтФДтФДтФДтФДтФДтФДтФДтФД
тФВ ЁЯРЫ Qq12: targetScale=introversion, score=3
тФФтФАтФАтФАтФАтФАтФАтФАтФАтФАтФАтФАтФАтФАтФАтФАтФАтФАтФАтФАтФАтФАтФАтФАтФАтФАтФАтФАтФАтФАтФАтФАтФАтФАтФАтФАтФАтФАтФАтФАтФАтФАтФАтФАтФАтФАтФАтФАтФАтФАтФАтФАтФАтФАтФАтФАтФАтФАтФАтФАтФАтФАтФАтФАтФАтФАтФАтФАтФАтФАтФАтФАтФАтФАтФАтФАтФАтФАтФАтФАтФАтФАтФАтФАтФАтФАтФАтФАтФАтФАтФАтФАтФАтФАтФАтФАтФАтФАтФАтФАтФАтФАтФАтФАтФАтФАтФАтФАтФАтФАтФАтФАтФАтФАтФАтФАтФАтФАтФАтФА
тФМтФАтФАтФАтФАтФАтФАтФАтФАтФАтФАтФАтФАтФАтФАтФАтФАтФАтФАтФАтФАтФАтФАтФАтФАтФАтФАтФАтФАтФАтФАтФАтФАтФАтФАтФАтФАтФАтФАтФАтФАтФАтФАтФАтФАтФАтФАтФАтФАтФАтФАтФАтФАтФАтФАтФАтФАтФАтФАтФАтФАтФАтФАтФАтФАтФАтФАтФАтФАтФАтФАтФАтФАтФАтФАтФАтФАтФАтФАтФАтФАтФАтФАтФАтФАтФАтФАтФАтФАтФАтФАтФАтФАтФАтФАтФАтФАтФАтФАтФАтФАтФАтФАтФАтФАтФАтФАтФАтФАтФАтФАтФАтФАтФАтФАтФАтФАтФАтФАтФА
тФВ #0   TestService._completeBipolarTest (package:psycho_tests/services/test_service.dart:425:23)
тФВ #1   TestService.completeTest (package:psycho_tests/services/test_service.dart:55:16)
тФЬтФДтФДтФДтФДтФДтФДтФДтФДтФДтФДтФДтФДтФДтФДтФДтФДтФДтФДтФДтФДтФДтФДтФДтФДтФДтФДтФДтФДтФДтФДтФДтФДтФДтФДтФДтФДтФДтФДтФДтФДтФДтФДтФДтФДтФДтФДтФДтФДтФДтФДтФДтФДтФДтФДтФДтФДтФДтФДтФДтФДтФДтФДтФДтФДтФДтФДтФДтФДтФДтФДтФДтФДтФДтФДтФДтФДтФДтФДтФДтФДтФДтФДтФДтФДтФДтФДтФДтФДтФДтФДтФДтФДтФДтФДтФДтФДтФДтФДтФДтФДтФДтФДтФДтФДтФДтФДтФДтФДтФДтФДтФДтФДтФДтФДтФДтФДтФДтФДтФД
тФВ ЁЯРЫ Qq13: targetScale=extraversion, score=3
тФФтФАтФАтФАтФАтФАтФАтФАтФАтФАтФАтФАтФАтФАтФАтФАтФАтФАтФАтФАтФАтФАтФАтФАтФАтФАтФАтФАтФАтФАтФАтФАтФАтФАтФАтФАтФАтФАтФАтФАтФАтФАтФАтФАтФАтФАтФАтФАтФАтФАтФАтФАтФАтФАтФАтФАтФАтФАтФАтФАтФАтФАтФАтФАтФАтФАтФАтФАтФАтФАтФАтФАтФАтФАтФАтФАтФАтФАтФАтФАтФАтФАтФАтФАтФАтФАтФАтФАтФАтФАтФАтФАтФАтФАтФАтФАтФАтФАтФАтФАтФАтФАтФАтФАтФАтФАтФАтФАтФАтФАтФАтФАтФАтФАтФАтФАтФАтФАтФАтФА
тФМтФАтФАтФАтФАтФАтФАтФАтФАтФАтФАтФАтФАтФАтФАтФАтФАтФАтФАтФАтФАтФАтФАтФАтФАтФАтФАтФАтФАтФАтФАтФАтФАтФАтФАтФАтФАтФАтФАтФАтФАтФАтФАтФАтФАтФАтФАтФАтФАтФАтФАтФАтФАтФАтФАтФАтФАтФАтФАтФАтФАтФАтФАтФАтФАтФАтФАтФАтФАтФАтФАтФАтФАтФАтФАтФАтФАтФАтФАтФАтФАтФАтФАтФАтФАтФАтФАтФАтФАтФАтФАтФАтФАтФАтФАтФАтФАтФАтФАтФАтФАтФАтФАтФАтФАтФАтФАтФАтФАтФАтФАтФАтФАтФАтФАтФАтФАтФАтФАтФА
тФВ #0   TestService._completeBipolarTest (package:psycho_tests/services/test_service.dart:425:23)
тФВ #1   TestService.completeTest (package:psycho_tests/services/test_service.dart:55:16)
тФЬтФДтФДтФДтФДтФДтФДтФДтФДтФДтФДтФДтФДтФДтФДтФДтФДтФДтФДтФДтФДтФДтФДтФДтФДтФДтФДтФДтФДтФДтФДтФДтФДтФДтФДтФДтФДтФДтФДтФДтФДтФДтФДтФДтФДтФДтФДтФДтФДтФДтФДтФДтФДтФДтФДтФДтФДтФДтФДтФДтФДтФДтФДтФДтФДтФДтФДтФДтФДтФДтФДтФДтФДтФДтФДтФДтФДтФДтФДтФДтФДтФДтФДтФДтФДтФДтФДтФДтФДтФДтФДтФДтФДтФДтФДтФДтФДтФДтФДтФДтФДтФДтФДтФДтФДтФДтФДтФДтФДтФДтФДтФДтФДтФДтФДтФДтФДтФДтФДтФД
тФВ ЁЯРЫ Qq14: targetScale=introversion, score=3
тФФтФАтФАтФАтФАтФАтФАтФАтФАтФАтФАтФАтФАтФАтФАтФАтФАтФАтФАтФАтФАтФАтФАтФАтФАтФАтФАтФАтФАтФАтФАтФАтФАтФАтФАтФАтФАтФАтФАтФАтФАтФАтФАтФАтФАтФАтФАтФАтФАтФАтФАтФАтФАтФАтФАтФАтФАтФАтФАтФАтФАтФАтФАтФАтФАтФАтФАтФАтФАтФАтФАтФАтФАтФАтФАтФАтФАтФАтФАтФАтФАтФАтФАтФАтФАтФАтФАтФАтФАтФАтФАтФАтФАтФАтФАтФАтФАтФАтФАтФАтФАтФАтФАтФАтФАтФАтФАтФАтФАтФАтФАтФАтФАтФАтФАтФАтФАтФАтФАтФА
тФМтФАтФАтФАтФАтФАтФАтФАтФАтФАтФАтФАтФАтФАтФАтФАтФАтФАтФАтФАтФАтФАтФАтФАтФАтФАтФАтФАтФАтФАтФАтФАтФАтФАтФАтФАтФАтФАтФАтФАтФАтФАтФАтФАтФАтФАтФАтФАтФАтФАтФАтФАтФАтФАтФАтФАтФАтФАтФАтФАтФАтФАтФАтФАтФАтФАтФАтФАтФАтФАтФАтФАтФАтФАтФАтФАтФАтФАтФАтФАтФАтФАтФАтФАтФАтФАтФАтФАтФАтФАтФАтФАтФАтФАтФАтФАтФАтФАтФАтФАтФАтФАтФАтФАтФАтФАтФАтФАтФАтФАтФАтФАтФАтФАтФАтФАтФАтФАтФАтФА
тФВ #0   TestService._completeBipolarTest (package:psycho_tests/services/test_service.dart:425:23)
тФВ #1   TestService.completeTest (package:psycho_tests/services/test_service.dart:55:16)
тФЬтФДтФДтФДтФДтФДтФДтФДтФДтФДтФДтФДтФДтФДтФДтФДтФДтФДтФДтФДтФДтФДтФДтФДтФДтФДтФДтФДтФДтФДтФДтФДтФДтФДтФДтФДтФДтФДтФДтФДтФДтФДтФДтФДтФДтФДтФДтФДтФДтФДтФДтФДтФДтФДтФДтФДтФДтФДтФДтФДтФДтФДтФДтФДтФДтФДтФДтФДтФДтФДтФДтФДтФДтФДтФДтФДтФДтФДтФДтФДтФДтФДтФДтФДтФДтФДтФДтФДтФДтФДтФДтФДтФДтФДтФДтФДтФДтФДтФДтФДтФДтФДтФДтФДтФДтФДтФДтФДтФДтФДтФДтФДтФДтФДтФДтФДтФДтФДтФДтФД
тФВ ЁЯРЫ Qq15: targetScale=extraversion, score=3
тФФтФАтФАтФАтФАтФАтФАтФАтФАтФАтФАтФАтФАтФАтФАтФАтФАтФАтФАтФАтФАтФАтФАтФАтФАтФАтФАтФАтФАтФАтФАтФАтФАтФАтФАтФАтФАтФАтФАтФАтФАтФАтФАтФАтФАтФАтФАтФАтФАтФАтФАтФАтФАтФАтФАтФАтФАтФАтФАтФАтФАтФАтФАтФАтФАтФАтФАтФАтФАтФАтФАтФАтФАтФАтФАтФАтФАтФАтФАтФАтФАтФАтФАтФАтФАтФАтФАтФАтФАтФАтФАтФАтФАтФАтФАтФАтФАтФАтФАтФАтФАтФАтФАтФАтФАтФАтФАтФАтФАтФАтФАтФАтФАтФАтФАтФАтФАтФАтФАтФА
тФМтФАтФАтФАтФАтФАтФАтФАтФАтФАтФАтФАтФАтФАтФАтФАтФАтФАтФАтФАтФАтФАтФАтФАтФАтФАтФАтФАтФАтФАтФАтФАтФАтФАтФАтФАтФАтФАтФАтФАтФАтФАтФАтФАтФАтФАтФАтФАтФАтФАтФАтФАтФАтФАтФАтФАтФАтФАтФАтФАтФАтФАтФАтФАтФАтФАтФАтФАтФАтФАтФАтФАтФАтФАтФАтФАтФАтФАтФАтФАтФАтФАтФАтФАтФАтФАтФАтФАтФАтФАтФАтФАтФАтФАтФАтФАтФАтФАтФАтФАтФАтФАтФАтФАтФАтФАтФАтФАтФАтФАтФАтФАтФАтФАтФАтФАтФАтФАтФАтФА
тФВ #0   TestService._completeBipolarTest (package:psycho_tests/services/test_service.dart:425:23)
тФВ #1   TestService.completeTest (package:psycho_tests/services/test_service.dart:55:16)
тФЬтФДтФДтФДтФДтФДтФДтФДтФДтФДтФДтФДтФДтФДтФДтФДтФДтФДтФДтФДтФДтФДтФДтФДтФДтФДтФДтФДтФДтФДтФДтФДтФДтФДтФДтФДтФДтФДтФДтФДтФДтФДтФДтФДтФДтФДтФДтФДтФДтФДтФДтФДтФДтФДтФДтФДтФДтФДтФДтФДтФДтФДтФДтФДтФДтФДтФДтФДтФДтФДтФДтФДтФДтФДтФДтФДтФДтФДтФДтФДтФДтФДтФДтФДтФДтФДтФДтФДтФДтФДтФДтФДтФДтФДтФДтФДтФДтФДтФДтФДтФДтФДтФДтФДтФДтФДтФДтФДтФДтФДтФДтФДтФДтФДтФДтФДтФДтФДтФДтФД
тФВ ЁЯРЫ Qq16: targetScale=introversion, score=3
тФФтФАтФАтФАтФАтФАтФАтФАтФАтФАтФАтФАтФАтФАтФАтФАтФАтФАтФАтФАтФАтФАтФАтФАтФАтФАтФАтФАтФАтФАтФАтФАтФАтФАтФАтФАтФАтФАтФАтФАтФАтФАтФАтФАтФАтФАтФАтФАтФАтФАтФАтФАтФАтФАтФАтФАтФАтФАтФАтФАтФАтФАтФАтФАтФАтФАтФАтФАтФАтФАтФАтФАтФАтФАтФАтФАтФАтФАтФАтФАтФАтФАтФАтФАтФАтФАтФАтФАтФАтФАтФАтФАтФАтФАтФАтФАтФАтФАтФАтФАтФАтФАтФАтФАтФАтФАтФАтФАтФАтФАтФАтФАтФАтФАтФАтФАтФАтФАтФАтФА
тФМтФАтФАтФАтФАтФАтФАтФАтФАтФАтФАтФАтФАтФАтФАтФАтФАтФАтФАтФАтФАтФАтФАтФАтФАтФАтФАтФАтФАтФАтФАтФАтФАтФАтФАтФАтФАтФАтФАтФАтФАтФАтФАтФАтФАтФАтФАтФАтФАтФАтФАтФАтФАтФАтФАтФАтФАтФАтФАтФАтФАтФАтФАтФАтФАтФАтФАтФАтФАтФАтФАтФАтФАтФАтФАтФАтФАтФАтФАтФАтФАтФАтФАтФАтФАтФАтФАтФАтФАтФАтФАтФАтФАтФАтФАтФАтФАтФАтФАтФАтФАтФАтФАтФАтФАтФАтФАтФАтФАтФАтФАтФАтФАтФАтФАтФАтФАтФАтФАтФА
тФВ #0   TestService._completeBipolarTest (package:psycho_tests/services/test_service.dart:425:23)
тФВ #1   TestService.completeTest (package:psycho_tests/services/test_service.dart:55:16)
тФЬтФДтФДтФДтФДтФДтФДтФДтФДтФДтФДтФДтФДтФДтФДтФДтФДтФДтФДтФДтФДтФДтФДтФДтФДтФДтФДтФДтФДтФДтФДтФДтФДтФДтФДтФДтФДтФДтФДтФДтФДтФДтФДтФДтФДтФДтФДтФДтФДтФДтФДтФДтФДтФДтФДтФДтФДтФДтФДтФДтФДтФДтФДтФДтФДтФДтФДтФДтФДтФДтФДтФДтФДтФДтФДтФДтФДтФДтФДтФДтФДтФДтФДтФДтФДтФДтФДтФДтФДтФДтФДтФДтФДтФДтФДтФДтФДтФДтФДтФДтФДтФДтФДтФДтФДтФДтФДтФДтФДтФДтФДтФДтФДтФДтФДтФДтФДтФДтФДтФД
тФВ ЁЯРЫ Qq17: targetScale=extraversion, score=3
тФФтФАтФАтФАтФАтФАтФАтФАтФАтФАтФАтФАтФАтФАтФАтФАтФАтФАтФАтФАтФАтФАтФАтФАтФАтФАтФАтФАтФАтФАтФАтФАтФАтФАтФАтФАтФАтФАтФАтФАтФАтФАтФАтФАтФАтФАтФАтФАтФАтФАтФАтФАтФАтФАтФАтФАтФАтФАтФАтФАтФАтФАтФАтФАтФАтФАтФАтФАтФАтФАтФАтФАтФАтФАтФАтФАтФАтФАтФАтФАтФАтФАтФАтФАтФАтФАтФАтФАтФАтФАтФАтФАтФАтФАтФАтФАтФАтФАтФАтФАтФАтФАтФАтФАтФАтФАтФАтФАтФАтФАтФАтФАтФАтФАтФАтФАтФАтФАтФАтФА
тФМтФАтФАтФАтФАтФАтФАтФАтФАтФАтФАтФАтФАтФАтФАтФАтФАтФАтФАтФАтФАтФАтФАтФАтФАтФАтФАтФАтФАтФАтФАтФАтФАтФАтФАтФАтФАтФАтФАтФАтФАтФАтФАтФАтФАтФАтФАтФАтФАтФАтФАтФАтФАтФАтФАтФАтФАтФАтФАтФАтФАтФАтФАтФАтФАтФАтФАтФАтФАтФАтФАтФАтФАтФАтФАтФАтФАтФАтФАтФАтФАтФАтФАтФАтФАтФАтФАтФАтФАтФАтФАтФАтФАтФАтФАтФАтФАтФАтФАтФАтФАтФАтФАтФАтФАтФАтФАтФАтФАтФАтФАтФАтФАтФАтФАтФАтФАтФАтФАтФА
тФВ #0   TestService._completeBipolarTest (package:psycho_tests/services/test_service.dart:425:23)
тФВ #1   TestService.completeTest (package:psycho_tests/services/test_service.dart:55:16)
тФЬтФДтФДтФДтФДтФДтФДтФДтФДтФДтФДтФДтФДтФДтФДтФДтФДтФДтФДтФДтФДтФДтФДтФДтФДтФДтФДтФДтФДтФДтФДтФДтФДтФДтФДтФДтФДтФДтФДтФДтФДтФДтФДтФДтФДтФДтФДтФДтФДтФДтФДтФДтФДтФДтФДтФДтФДтФДтФДтФДтФДтФДтФДтФДтФДтФДтФДтФДтФДтФДтФДтФДтФДтФДтФДтФДтФДтФДтФДтФДтФДтФДтФДтФДтФДтФДтФДтФДтФДтФДтФДтФДтФДтФДтФДтФДтФДтФДтФДтФДтФДтФДтФДтФДтФДтФДтФДтФДтФДтФДтФДтФДтФДтФДтФДтФДтФДтФДтФДтФД
тФВ ЁЯРЫ Qq18: targetScale=introversion, score=3
тФФтФАтФАтФАтФАтФАтФАтФАтФАтФАтФАтФАтФАтФАтФАтФАтФАтФАтФАтФАтФАтФАтФАтФАтФАтФАтФАтФАтФАтФАтФАтФАтФАтФАтФАтФАтФАтФАтФАтФАтФАтФАтФАтФАтФАтФАтФАтФАтФАтФАтФАтФАтФАтФАтФАтФАтФАтФАтФАтФАтФАтФАтФАтФАтФАтФАтФАтФАтФАтФАтФАтФАтФАтФАтФАтФАтФАтФАтФАтФАтФАтФАтФАтФАтФАтФАтФАтФАтФАтФАтФАтФАтФАтФАтФАтФАтФАтФАтФАтФАтФАтФАтФАтФАтФАтФАтФАтФАтФАтФАтФАтФАтФАтФАтФАтФАтФАтФАтФАтФА
тФМтФАтФАтФАтФАтФАтФАтФАтФАтФАтФАтФАтФАтФАтФАтФАтФАтФАтФАтФАтФАтФАтФАтФАтФАтФАтФАтФАтФАтФАтФАтФАтФАтФАтФАтФАтФАтФАтФАтФАтФАтФАтФАтФАтФАтФАтФАтФАтФАтФАтФАтФАтФАтФАтФАтФАтФАтФАтФАтФАтФАтФАтФАтФАтФАтФАтФАтФАтФАтФАтФАтФАтФАтФАтФАтФАтФАтФАтФАтФАтФАтФАтФАтФАтФАтФАтФАтФАтФАтФАтФАтФАтФАтФАтФАтФАтФАтФАтФАтФАтФАтФАтФАтФАтФАтФАтФАтФАтФАтФАтФАтФАтФАтФАтФАтФАтФАтФАтФАтФА
тФВ #0   TestService._completeBipolarTest (package:psycho_tests/services/test_service.dart:425:23)
тФВ #1   TestService.completeTest (package:psycho_tests/services/test_service.dart:55:16)
тФЬтФДтФДтФДтФДтФДтФДтФДтФДтФДтФДтФДтФДтФДтФДтФДтФДтФДтФДтФДтФДтФДтФДтФДтФДтФДтФДтФДтФДтФДтФДтФДтФДтФДтФДтФДтФДтФДтФДтФДтФДтФДтФДтФДтФДтФДтФДтФДтФДтФДтФДтФДтФДтФДтФДтФДтФДтФДтФДтФДтФДтФДтФДтФДтФДтФДтФДтФДтФДтФДтФДтФДтФДтФДтФДтФДтФДтФДтФДтФДтФДтФДтФДтФДтФДтФДтФДтФДтФДтФДтФДтФДтФДтФДтФДтФДтФДтФДтФДтФДтФДтФДтФДтФДтФДтФДтФДтФДтФДтФДтФДтФДтФДтФДтФДтФДтФДтФДтФДтФД
тФВ ЁЯРЫ Qq19: targetScale=extraversion, score=3
тФФтФАтФАтФАтФАтФАтФАтФАтФАтФАтФАтФАтФАтФАтФАтФАтФАтФАтФАтФАтФАтФАтФАтФАтФАтФАтФАтФАтФАтФАтФАтФАтФАтФАтФАтФАтФАтФАтФАтФАтФАтФАтФАтФАтФАтФАтФАтФАтФАтФАтФАтФАтФАтФАтФАтФАтФАтФАтФАтФАтФАтФАтФАтФАтФАтФАтФАтФАтФАтФАтФАтФАтФАтФАтФАтФАтФАтФАтФАтФАтФАтФАтФАтФАтФАтФАтФАтФАтФАтФАтФАтФАтФАтФАтФАтФАтФАтФАтФАтФАтФАтФАтФАтФАтФАтФАтФАтФАтФАтФАтФАтФАтФАтФАтФАтФАтФАтФАтФАтФА
тФМтФАтФАтФАтФАтФАтФАтФАтФАтФАтФАтФАтФАтФАтФАтФАтФАтФАтФАтФАтФАтФАтФАтФАтФАтФАтФАтФАтФАтФАтФАтФАтФАтФАтФАтФАтФАтФАтФАтФАтФАтФАтФАтФАтФАтФАтФАтФАтФАтФАтФАтФАтФАтФАтФАтФАтФАтФАтФАтФАтФАтФАтФАтФАтФАтФАтФАтФАтФАтФАтФАтФАтФАтФАтФАтФАтФАтФАтФАтФАтФАтФАтФАтФАтФАтФАтФАтФАтФАтФАтФАтФАтФАтФАтФАтФАтФАтФАтФАтФАтФАтФАтФАтФАтФАтФАтФАтФАтФАтФАтФАтФАтФАтФАтФАтФАтФАтФАтФАтФА
тФВ #0   TestService._completeBipolarTest (package:psycho_tests/services/test_service.dart:425:23)
тФВ #1   TestService.completeTest (package:psycho_tests/services/test_service.dart:55:16)
тФЬтФДтФДтФДтФДтФДтФДтФДтФДтФДтФДтФДтФДтФДтФДтФДтФДтФДтФДтФДтФДтФДтФДтФДтФДтФДтФДтФДтФДтФДтФДтФДтФДтФДтФДтФДтФДтФДтФДтФДтФДтФДтФДтФДтФДтФДтФДтФДтФДтФДтФДтФДтФДтФДтФДтФДтФДтФДтФДтФДтФДтФДтФДтФДтФДтФДтФДтФДтФДтФДтФДтФДтФДтФДтФДтФДтФДтФДтФДтФДтФДтФДтФДтФДтФДтФДтФДтФДтФДтФДтФДтФДтФДтФДтФДтФДтФДтФДтФДтФДтФДтФДтФДтФДтФДтФДтФДтФДтФДтФДтФДтФДтФДтФДтФДтФДтФДтФДтФДтФД
тФВ ЁЯРЫ Qq20: targetScale=introversion, score=3
тФФтФАтФАтФАтФАтФАтФАтФАтФАтФАтФАтФАтФАтФАтФАтФАтФАтФАтФАтФАтФАтФАтФАтФАтФАтФАтФАтФАтФАтФАтФАтФАтФАтФАтФАтФАтФАтФАтФАтФАтФАтФАтФАтФАтФАтФАтФАтФАтФАтФАтФАтФАтФАтФАтФАтФАтФАтФАтФАтФАтФАтФАтФАтФАтФАтФАтФАтФАтФАтФАтФАтФАтФАтФАтФАтФАтФАтФАтФАтФАтФАтФАтФАтФАтФАтФАтФАтФАтФАтФАтФАтФАтФАтФАтФАтФАтФАтФАтФАтФАтФАтФАтФАтФАтФАтФАтФАтФАтФАтФАтФАтФАтФАтФАтФАтФАтФАтФАтФАтФА
тФМтФАтФАтФАтФАтФАтФАтФАтФАтФАтФАтФАтФАтФАтФАтФАтФАтФАтФАтФАтФАтФАтФАтФАтФАтФАтФАтФАтФАтФАтФАтФАтФАтФАтФАтФАтФАтФАтФАтФАтФАтФАтФАтФАтФАтФАтФАтФАтФАтФАтФАтФАтФАтФАтФАтФАтФАтФАтФАтФАтФАтФАтФАтФАтФАтФАтФАтФАтФАтФАтФАтФАтФАтФАтФАтФАтФАтФАтФАтФАтФАтФАтФАтФАтФАтФАтФАтФАтФАтФАтФАтФАтФАтФАтФАтФАтФАтФАтФАтФАтФАтФАтФАтФАтФАтФАтФАтФАтФАтФАтФАтФАтФАтФАтФАтФАтФАтФАтФАтФА
тФВ #0   TestService._completeBipolarTest (package:psycho_tests/services/test_service.dart:425:23)
тФВ #1   TestService.completeTest (package:psycho_tests/services/test_service.dart:55:16)
тФЬтФДтФДтФДтФДтФДтФДтФДтФДтФДтФДтФДтФДтФДтФДтФДтФДтФДтФДтФДтФДтФДтФДтФДтФДтФДтФДтФДтФДтФДтФДтФДтФДтФДтФДтФДтФДтФДтФДтФДтФДтФДтФДтФДтФДтФДтФДтФДтФДтФДтФДтФДтФДтФДтФДтФДтФДтФДтФДтФДтФДтФДтФДтФДтФДтФДтФДтФДтФДтФДтФДтФДтФДтФДтФДтФДтФДтФДтФДтФДтФДтФДтФДтФДтФДтФДтФДтФДтФДтФДтФДтФДтФДтФДтФДтФДтФДтФДтФДтФДтФДтФДтФДтФДтФДтФДтФДтФДтФДтФДтФДтФДтФДтФДтФДтФДтФДтФДтФДтФД
тФВ ЁЯРЫ Qq21: targetScale=sensing, score=3
тФФтФАтФАтФАтФАтФАтФАтФАтФАтФАтФАтФАтФАтФАтФАтФАтФАтФАтФАтФАтФАтФАтФАтФАтФАтФАтФАтФАтФАтФАтФАтФАтФАтФАтФАтФАтФАтФАтФАтФАтФАтФАтФАтФАтФАтФАтФАтФАтФАтФАтФАтФАтФАтФАтФАтФАтФАтФАтФАтФАтФАтФАтФАтФАтФАтФАтФАтФАтФАтФАтФАтФАтФАтФАтФАтФАтФАтФАтФАтФАтФАтФАтФАтФАтФАтФАтФАтФАтФАтФАтФАтФАтФАтФАтФАтФАтФАтФАтФАтФАтФАтФАтФАтФАтФАтФАтФАтФАтФАтФАтФАтФАтФАтФАтФАтФАтФАтФАтФАтФА
тФМтФАтФАтФАтФАтФАтФАтФАтФАтФАтФАтФАтФАтФАтФАтФАтФАтФАтФАтФАтФАтФАтФАтФАтФАтФАтФАтФАтФАтФАтФАтФАтФАтФАтФАтФАтФАтФАтФАтФАтФАтФАтФАтФАтФАтФАтФАтФАтФАтФАтФАтФАтФАтФАтФАтФАтФАтФАтФАтФАтФАтФАтФАтФАтФАтФАтФАтФАтФАтФАтФАтФАтФАтФАтФАтФАтФАтФАтФАтФАтФАтФАтФАтФАтФАтФАтФАтФАтФАтФАтФАтФАтФАтФАтФАтФАтФАтФАтФАтФАтФАтФАтФАтФАтФАтФАтФАтФАтФАтФАтФАтФАтФАтФАтФАтФАтФАтФАтФАтФА
тФВ #0   TestService._completeBipolarTest (package:psycho_tests/services/test_service.dart:425:23)
тФВ #1   TestService.completeTest (package:psycho_tests/services/test_service.dart:55:16)
тФЬтФДтФДтФДтФДтФДтФДтФДтФДтФДтФДтФДтФДтФДтФДтФДтФДтФДтФДтФДтФДтФДтФДтФДтФДтФДтФДтФДтФДтФДтФДтФДтФДтФДтФДтФДтФДтФДтФДтФДтФДтФДтФДтФДтФДтФДтФДтФДтФДтФДтФДтФДтФДтФДтФДтФДтФДтФДтФДтФДтФДтФДтФДтФДтФДтФДтФДтФДтФДтФДтФДтФДтФДтФДтФДтФДтФДтФДтФДтФДтФДтФДтФДтФДтФДтФДтФДтФДтФДтФДтФДтФДтФДтФДтФДтФДтФДтФДтФДтФДтФДтФДтФДтФДтФДтФДтФДтФДтФДтФДтФДтФДтФДтФДтФДтФДтФДтФДтФДтФД
тФВ ЁЯРЫ Qq22: targetScale=sensing, score=3
тФФтФАтФАтФАтФАтФАтФАтФАтФАтФАтФАтФАтФАтФАтФАтФАтФАтФАтФАтФАтФАтФАтФАтФАтФАтФАтФАтФАтФАтФАтФАтФАтФАтФАтФАтФАтФАтФАтФАтФАтФАтФАтФАтФАтФАтФАтФАтФАтФАтФАтФАтФАтФАтФАтФАтФАтФАтФАтФАтФАтФАтФАтФАтФАтФАтФАтФАтФАтФАтФАтФАтФАтФАтФАтФАтФАтФАтФАтФАтФАтФАтФАтФАтФАтФАтФАтФАтФАтФАтФАтФАтФАтФАтФАтФАтФАтФАтФАтФАтФАтФАтФАтФАтФАтФАтФАтФАтФАтФАтФАтФАтФАтФАтФАтФАтФАтФАтФАтФАтФА
тФМтФАтФАтФАтФАтФАтФАтФАтФАтФАтФАтФАтФАтФАтФАтФАтФАтФАтФАтФАтФАтФАтФАтФАтФАтФАтФАтФАтФАтФАтФАтФАтФАтФАтФАтФАтФАтФАтФАтФАтФАтФАтФАтФАтФАтФАтФАтФАтФАтФАтФАтФАтФАтФАтФАтФАтФАтФАтФАтФАтФАтФАтФАтФАтФАтФАтФАтФАтФАтФАтФАтФАтФАтФАтФАтФАтФАтФАтФАтФАтФАтФАтФАтФАтФАтФАтФАтФАтФАтФАтФАтФАтФАтФАтФАтФАтФАтФАтФАтФАтФАтФАтФАтФАтФАтФАтФАтФАтФАтФАтФАтФАтФАтФАтФАтФАтФАтФАтФАтФА
тФВ #0   TestService._completeBipolarTest (package:psycho_tests/services/test_service.dart:425:23)
тФВ #1   TestService.completeTest (package:psycho_tests/services/test_service.dart:55:16)
тФЬтФДтФДтФДтФДтФДтФДтФДтФДтФДтФДтФДтФДтФДтФДтФДтФДтФДтФДтФДтФДтФДтФДтФДтФДтФДтФДтФДтФДтФДтФДтФДтФДтФДтФДтФДтФДтФДтФДтФДтФДтФДтФДтФДтФДтФДтФДтФДтФДтФДтФДтФДтФДтФДтФДтФДтФДтФДтФДтФДтФДтФДтФДтФДтФДтФДтФДтФДтФДтФДтФДтФДтФДтФДтФДтФДтФДтФДтФДтФДтФДтФДтФДтФДтФДтФДтФДтФДтФДтФДтФДтФДтФДтФДтФДтФДтФДтФДтФДтФДтФДтФДтФДтФДтФДтФДтФДтФДтФДтФДтФДтФДтФДтФДтФДтФДтФДтФДтФДтФД
тФВ ЁЯРЫ Qq23: targetScale=sensing, score=3
тФФтФАтФАтФАтФАтФАтФАтФАтФАтФАтФАтФАтФАтФАтФАтФАтФАтФАтФАтФАтФАтФАтФАтФАтФАтФАтФАтФАтФАтФАтФАтФАтФАтФАтФАтФАтФАтФАтФАтФАтФАтФАтФАтФАтФАтФАтФАтФАтФАтФАтФАтФАтФАтФАтФАтФАтФАтФАтФАтФАтФАтФАтФАтФАтФАтФАтФАтФАтФАтФАтФАтФАтФАтФАтФАтФАтФАтФАтФАтФАтФАтФАтФАтФАтФАтФАтФАтФАтФАтФАтФАтФАтФАтФАтФАтФАтФАтФАтФАтФАтФАтФАтФАтФАтФАтФАтФАтФАтФАтФАтФАтФАтФАтФАтФАтФАтФАтФАтФАтФА
тФМтФАтФАтФАтФАтФАтФАтФАтФАтФАтФАтФАтФАтФАтФАтФАтФАтФАтФАтФАтФАтФАтФАтФАтФАтФАтФАтФАтФАтФАтФАтФАтФАтФАтФАтФАтФАтФАтФАтФАтФАтФАтФАтФАтФАтФАтФАтФАтФАтФАтФАтФАтФАтФАтФАтФАтФАтФАтФАтФАтФАтФАтФАтФАтФАтФАтФАтФАтФАтФАтФАтФАтФАтФАтФАтФАтФАтФАтФАтФАтФАтФАтФАтФАтФАтФАтФАтФАтФАтФАтФАтФАтФАтФАтФАтФАтФАтФАтФАтФАтФАтФАтФАтФАтФАтФАтФАтФАтФАтФАтФАтФАтФАтФАтФАтФАтФАтФАтФАтФА
тФВ #0   TestService._completeBipolarTest (package:psycho_tests/services/test_service.dart:425:23)
тФВ #1   TestService.completeTest (package:psycho_tests/services/test_service.dart:55:16)
тФЬтФДтФДтФДтФДтФДтФДтФДтФДтФДтФДтФДтФДтФДтФДтФДтФДтФДтФДтФДтФДтФДтФДтФДтФДтФДтФДтФДтФДтФДтФДтФДтФДтФДтФДтФДтФДтФДтФДтФДтФДтФДтФДтФДтФДтФДтФДтФДтФДтФДтФДтФДтФДтФДтФДтФДтФДтФДтФДтФДтФДтФДтФДтФДтФДтФДтФДтФДтФДтФДтФДтФДтФДтФДтФДтФДтФДтФДтФДтФДтФДтФДтФДтФДтФДтФДтФДтФДтФДтФДтФДтФДтФДтФДтФДтФДтФДтФДтФДтФДтФДтФДтФДтФДтФДтФДтФДтФДтФДтФДтФДтФДтФДтФДтФДтФДтФДтФДтФДтФД
тФВ ЁЯРЫ Qq24: targetScale=sensing, score=3
тФФтФАтФАтФАтФАтФАтФАтФАтФАтФАтФАтФАтФАтФАтФАтФАтФАтФАтФАтФАтФАтФАтФАтФАтФАтФАтФАтФАтФАтФАтФАтФАтФАтФАтФАтФАтФАтФАтФАтФАтФАтФАтФАтФАтФАтФАтФАтФАтФАтФАтФАтФАтФАтФАтФАтФАтФАтФАтФАтФАтФАтФАтФАтФАтФАтФАтФАтФАтФАтФАтФАтФАтФАтФАтФАтФАтФАтФАтФАтФАтФАтФАтФАтФАтФАтФАтФАтФАтФАтФАтФАтФАтФАтФАтФАтФАтФАтФАтФАтФАтФАтФАтФАтФАтФАтФАтФАтФАтФАтФАтФАтФАтФАтФАтФАтФАтФАтФАтФАтФА
тФМтФАтФАтФАтФАтФАтФАтФАтФАтФАтФАтФАтФАтФАтФАтФАтФАтФАтФАтФАтФАтФАтФАтФАтФАтФАтФАтФАтФАтФАтФАтФАтФАтФАтФАтФАтФАтФАтФАтФАтФАтФАтФАтФАтФАтФАтФАтФАтФАтФАтФАтФАтФАтФАтФАтФАтФАтФАтФАтФАтФАтФАтФАтФАтФАтФАтФАтФАтФАтФАтФАтФАтФАтФАтФАтФАтФАтФАтФАтФАтФАтФАтФАтФАтФАтФАтФАтФАтФАтФАтФАтФАтФАтФАтФАтФАтФАтФАтФАтФАтФАтФАтФАтФАтФАтФАтФАтФАтФАтФАтФАтФАтФАтФАтФАтФАтФАтФАтФАтФА
тФВ #0   TestService._completeBipolarTest (package:psycho_tests/services/test_service.dart:425:23)
тФВ #1   TestService.completeTest (package:psycho_tests/services/test_service.dart:55:16)
тФЬтФДтФДтФДтФДтФДтФДтФДтФДтФДтФДтФДтФДтФДтФДтФДтФДтФДтФДтФДтФДтФДтФДтФДтФДтФДтФДтФДтФДтФДтФДтФДтФДтФДтФДтФДтФДтФДтФДтФДтФДтФДтФДтФДтФДтФДтФДтФДтФДтФДтФДтФДтФДтФДтФДтФДтФДтФДтФДтФДтФДтФДтФДтФДтФДтФДтФДтФДтФДтФДтФДтФДтФДтФДтФДтФДтФДтФДтФДтФДтФДтФДтФДтФДтФДтФДтФДтФДтФДтФДтФДтФДтФДтФДтФДтФДтФДтФДтФДтФДтФДтФДтФДтФДтФДтФДтФДтФДтФДтФДтФДтФДтФДтФДтФДтФДтФДтФДтФДтФД
тФВ ЁЯРЫ Qq25: targetScale=sensing, score=3
тФФтФАтФАтФАтФАтФАтФАтФАтФАтФАтФАтФАтФАтФАтФАтФАтФАтФАтФАтФАтФАтФАтФАтФАтФАтФАтФАтФАтФАтФАтФАтФАтФАтФАтФАтФАтФАтФАтФАтФАтФАтФАтФАтФАтФАтФАтФАтФАтФАтФАтФАтФАтФАтФАтФАтФАтФАтФАтФАтФАтФАтФАтФАтФАтФАтФАтФАтФАтФАтФАтФАтФАтФАтФАтФАтФАтФАтФАтФАтФАтФАтФАтФАтФАтФАтФАтФАтФАтФАтФАтФАтФАтФАтФАтФАтФАтФАтФАтФАтФАтФАтФАтФАтФАтФАтФАтФАтФАтФАтФАтФАтФАтФАтФАтФАтФАтФАтФАтФАтФА
тФМтФАтФАтФАтФАтФАтФАтФАтФАтФАтФАтФАтФАтФАтФАтФАтФАтФАтФАтФАтФАтФАтФАтФАтФАтФАтФАтФАтФАтФАтФАтФАтФАтФАтФАтФАтФАтФАтФАтФАтФАтФАтФАтФАтФАтФАтФАтФАтФАтФАтФАтФАтФАтФАтФАтФАтФАтФАтФАтФАтФАтФАтФАтФАтФАтФАтФАтФАтФАтФАтФАтФАтФАтФАтФАтФАтФАтФАтФАтФАтФАтФАтФАтФАтФАтФАтФАтФАтФАтФАтФАтФАтФАтФАтФАтФАтФАтФАтФАтФАтФАтФАтФАтФАтФАтФАтФАтФАтФАтФАтФАтФАтФАтФАтФАтФАтФАтФАтФАтФА
тФВ #0   TestService._completeBipolarTest (package:psycho_tests/services/test_service.dart:425:23)
тФВ #1   TestService.completeTest (package:psycho_tests/services/test_service.dart:55:16)
тФЬтФДтФДтФДтФДтФДтФДтФДтФДтФДтФДтФДтФДтФДтФДтФДтФДтФДтФДтФДтФДтФДтФДтФДтФДтФДтФДтФДтФДтФДтФДтФДтФДтФДтФДтФДтФДтФДтФДтФДтФДтФДтФДтФДтФДтФДтФДтФДтФДтФДтФДтФДтФДтФДтФДтФДтФДтФДтФДтФДтФДтФДтФДтФДтФДтФДтФДтФДтФДтФДтФДтФДтФДтФДтФДтФДтФДтФДтФДтФДтФДтФДтФДтФДтФДтФДтФДтФДтФДтФДтФДтФДтФДтФДтФДтФДтФДтФДтФДтФДтФДтФДтФДтФДтФДтФДтФДтФДтФДтФДтФДтФДтФДтФДтФДтФДтФДтФДтФДтФД
тФВ ЁЯРЫ Qq26: targetScale=intuition, score=3
тФФтФАтФАтФАтФАтФАтФАтФАтФАтФАтФАтФАтФАтФАтФАтФАтФАтФАтФАтФАтФАтФАтФАтФАтФАтФАтФАтФАтФАтФАтФАтФАтФАтФАтФАтФАтФАтФАтФАтФАтФАтФАтФАтФАтФАтФАтФАтФАтФАтФАтФАтФАтФАтФАтФАтФАтФАтФАтФАтФАтФАтФАтФАтФАтФАтФАтФАтФАтФАтФАтФАтФАтФАтФАтФАтФАтФАтФАтФАтФАтФАтФАтФАтФАтФАтФАтФАтФАтФАтФАтФАтФАтФАтФАтФАтФАтФАтФАтФАтФАтФАтФАтФАтФАтФАтФАтФАтФАтФАтФАтФАтФАтФАтФАтФАтФАтФАтФАтФАтФА
тФМтФАтФАтФАтФАтФАтФАтФАтФАтФАтФАтФАтФАтФАтФАтФАтФАтФАтФАтФАтФАтФАтФАтФАтФАтФАтФАтФАтФАтФАтФАтФАтФАтФАтФАтФАтФАтФАтФАтФАтФАтФАтФАтФАтФАтФАтФАтФАтФАтФАтФАтФАтФАтФАтФАтФАтФАтФАтФАтФАтФАтФАтФАтФАтФАтФАтФАтФАтФАтФАтФАтФАтФАтФАтФАтФАтФАтФАтФАтФАтФАтФАтФАтФАтФАтФАтФАтФАтФАтФАтФАтФАтФАтФАтФАтФАтФАтФАтФАтФАтФАтФАтФАтФАтФАтФАтФАтФАтФАтФАтФАтФАтФАтФАтФАтФАтФАтФАтФАтФА
тФВ #0   TestService._completeBipolarTest (package:psycho_tests/services/test_service.dart:425:23)
тФВ #1   TestService.completeTest (package:psycho_tests/services/test_service.dart:55:16)
тФЬтФДтФДтФДтФДтФДтФДтФДтФДтФДтФДтФДтФДтФДтФДтФДтФДтФДтФДтФДтФДтФДтФДтФДтФДтФДтФДтФДтФДтФДтФДтФДтФДтФДтФДтФДтФДтФДтФДтФДтФДтФДтФДтФДтФДтФДтФДтФДтФДтФДтФДтФДтФДтФДтФДтФДтФДтФДтФДтФДтФДтФДтФДтФДтФДтФДтФДтФДтФДтФДтФДтФДтФДтФДтФДтФДтФДтФДтФДтФДтФДтФДтФДтФДтФДтФДтФДтФДтФДтФДтФДтФДтФДтФДтФДтФДтФДтФДтФДтФДтФДтФДтФДтФДтФДтФДтФДтФДтФДтФДтФДтФДтФДтФДтФДтФДтФДтФДтФДтФД
тФВ ЁЯРЫ Qq27: targetScale=intuition, score=3
тФФтФАтФАтФАтФАтФАтФАтФАтФАтФАтФАтФАтФАтФАтФАтФАтФАтФАтФАтФАтФАтФАтФАтФАтФАтФАтФАтФАтФАтФАтФАтФАтФАтФАтФАтФАтФАтФАтФАтФАтФАтФАтФАтФАтФАтФАтФАтФАтФАтФАтФАтФАтФАтФАтФАтФАтФАтФАтФАтФАтФАтФАтФАтФАтФАтФАтФАтФАтФАтФАтФАтФАтФАтФАтФАтФАтФАтФАтФАтФАтФАтФАтФАтФАтФАтФАтФАтФАтФАтФАтФАтФАтФАтФАтФАтФАтФАтФАтФАтФАтФАтФАтФАтФАтФАтФАтФАтФАтФАтФАтФАтФАтФАтФАтФАтФАтФАтФАтФАтФА
тФМтФАтФАтФАтФАтФАтФАтФАтФАтФАтФАтФАтФАтФАтФАтФАтФАтФАтФАтФАтФАтФАтФАтФАтФАтФАтФАтФАтФАтФАтФАтФАтФАтФАтФАтФАтФАтФАтФАтФАтФАтФАтФАтФАтФАтФАтФАтФАтФАтФАтФАтФАтФАтФАтФАтФАтФАтФАтФАтФАтФАтФАтФАтФАтФАтФАтФАтФАтФАтФАтФАтФАтФАтФАтФАтФАтФАтФАтФАтФАтФАтФАтФАтФАтФАтФАтФАтФАтФАтФАтФАтФАтФАтФАтФАтФАтФАтФАтФАтФАтФАтФАтФАтФАтФАтФАтФАтФАтФАтФАтФАтФАтФАтФАтФАтФАтФАтФАтФАтФА
тФВ #0   TestService._completeBipolarTest (package:psycho_tests/services/test_service.dart:425:23)
тФВ #1   TestService.completeTest (package:psycho_tests/services/test_service.dart:55:16)
тФЬтФДтФДтФДтФДтФДтФДтФДтФДтФДтФДтФДтФДтФДтФДтФДтФДтФДтФДтФДтФДтФДтФДтФДтФДтФДтФДтФДтФДтФДтФДтФДтФДтФДтФДтФДтФДтФДтФДтФДтФДтФДтФДтФДтФДтФДтФДтФДтФДтФДтФДтФДтФДтФДтФДтФДтФДтФДтФДтФДтФДтФДтФДтФДтФДтФДтФДтФДтФДтФДтФДтФДтФДтФДтФДтФДтФДтФДтФДтФДтФДтФДтФДтФДтФДтФДтФДтФДтФДтФДтФДтФДтФДтФДтФДтФДтФДтФДтФДтФДтФДтФДтФДтФДтФДтФДтФДтФДтФДтФДтФДтФДтФДтФДтФДтФДтФДтФДтФДтФД
тФВ ЁЯРЫ Qq28: targetScale=intuition, score=3
тФФтФАтФАтФАтФАтФАтФАтФАтФАтФАтФАтФАтФАтФАтФАтФАтФАтФАтФАтФАтФАтФАтФАтФАтФАтФАтФАтФАтФАтФАтФАтФАтФАтФАтФАтФАтФАтФАтФАтФАтФАтФАтФАтФАтФАтФАтФАтФАтФАтФАтФАтФАтФАтФАтФАтФАтФАтФАтФАтФАтФАтФАтФАтФАтФАтФАтФАтФАтФАтФАтФАтФАтФАтФАтФАтФАтФАтФАтФАтФАтФАтФАтФАтФАтФАтФАтФАтФАтФАтФАтФАтФАтФАтФАтФАтФАтФАтФАтФАтФАтФАтФАтФАтФАтФАтФАтФАтФАтФАтФАтФАтФАтФАтФАтФАтФАтФАтФАтФАтФА
тФМтФАтФАтФАтФАтФАтФАтФАтФАтФАтФАтФАтФАтФАтФАтФАтФАтФАтФАтФАтФАтФАтФАтФАтФАтФАтФАтФАтФАтФАтФАтФАтФАтФАтФАтФАтФАтФАтФАтФАтФАтФАтФАтФАтФАтФАтФАтФАтФАтФАтФАтФАтФАтФАтФАтФАтФАтФАтФАтФАтФАтФАтФАтФАтФАтФАтФАтФАтФАтФАтФАтФАтФАтФАтФАтФАтФАтФАтФАтФАтФАтФАтФАтФАтФАтФАтФАтФАтФАтФАтФАтФАтФАтФАтФАтФАтФАтФАтФАтФАтФАтФАтФАтФАтФАтФАтФАтФАтФАтФАтФАтФАтФАтФАтФАтФАтФАтФАтФАтФА
тФВ #0   TestService._completeBipolarTest (package:psycho_tests/services/test_service.dart:425:23)
тФВ #1   TestService.completeTest (package:psycho_tests/services/test_service.dart:55:16)
тФЬтФДтФДтФДтФДтФДтФДтФДтФДтФДтФДтФДтФДтФДтФДтФДтФДтФДтФДтФДтФДтФДтФДтФДтФДтФДтФДтФДтФДтФДтФДтФДтФДтФДтФДтФДтФДтФДтФДтФДтФДтФДтФДтФДтФДтФДтФДтФДтФДтФДтФДтФДтФДтФДтФДтФДтФДтФДтФДтФДтФДтФДтФДтФДтФДтФДтФДтФДтФДтФДтФДтФДтФДтФДтФДтФДтФДтФДтФДтФДтФДтФДтФДтФДтФДтФДтФДтФДтФДтФДтФДтФДтФДтФДтФДтФДтФДтФДтФДтФДтФДтФДтФДтФДтФДтФДтФДтФДтФДтФДтФДтФДтФДтФДтФДтФДтФДтФДтФДтФД
тФВ ЁЯРЫ Qq29: targetScale=intuition, score=3
тФФтФАтФАтФАтФАтФАтФАтФАтФАтФАтФАтФАтФАтФАтФАтФАтФАтФАтФАтФАтФАтФАтФАтФАтФАтФАтФАтФАтФАтФАтФАтФАтФАтФАтФАтФАтФАтФАтФАтФАтФАтФАтФАтФАтФАтФАтФАтФАтФАтФАтФАтФАтФАтФАтФАтФАтФАтФАтФАтФАтФАтФАтФАтФАтФАтФАтФАтФАтФАтФАтФАтФАтФАтФАтФАтФАтФАтФАтФАтФАтФАтФАтФАтФАтФАтФАтФАтФАтФАтФАтФАтФАтФАтФАтФАтФАтФАтФАтФАтФАтФАтФАтФАтФАтФАтФАтФАтФАтФАтФАтФАтФАтФАтФАтФАтФАтФАтФАтФАтФА
тФМтФАтФАтФАтФАтФАтФАтФАтФАтФАтФАтФАтФАтФАтФАтФАтФАтФАтФАтФАтФАтФАтФАтФАтФАтФАтФАтФАтФАтФАтФАтФАтФАтФАтФАтФАтФАтФАтФАтФАтФАтФАтФАтФАтФАтФАтФАтФАтФАтФАтФАтФАтФАтФАтФАтФАтФАтФАтФАтФАтФАтФАтФАтФАтФАтФАтФАтФАтФАтФАтФАтФАтФАтФАтФАтФАтФАтФАтФАтФАтФАтФАтФАтФАтФАтФАтФАтФАтФАтФАтФАтФАтФАтФАтФАтФАтФАтФАтФАтФАтФАтФАтФАтФАтФАтФАтФАтФАтФАтФАтФАтФАтФАтФАтФАтФАтФАтФАтФАтФА
тФВ #0   TestService._completeBipolarTest (package:psycho_tests/services/test_service.dart:425:23)
тФВ #1   TestService.completeTest (package:psycho_tests/services/test_service.dart:55:16)
тФЬтФДтФДтФДтФДтФДтФДтФДтФДтФДтФДтФДтФДтФДтФДтФДтФДтФДтФДтФДтФДтФДтФДтФДтФДтФДтФДтФДтФДтФДтФДтФДтФДтФДтФДтФДтФДтФДтФДтФДтФДтФДтФДтФДтФДтФДтФДтФДтФДтФДтФДтФДтФДтФДтФДтФДтФДтФДтФДтФДтФДтФДтФДтФДтФДтФДтФДтФДтФДтФДтФДтФДтФДтФДтФДтФДтФДтФДтФДтФДтФДтФДтФДтФДтФДтФДтФДтФДтФДтФДтФДтФДтФДтФДтФДтФДтФДтФДтФДтФДтФДтФДтФДтФДтФДтФДтФДтФДтФДтФДтФДтФДтФДтФДтФДтФДтФДтФДтФДтФД
тФВ ЁЯРЫ Qq30: targetScale=sensing, score=3
тФФтФАтФАтФАтФАтФАтФАтФАтФАтФАтФАтФАтФАтФАтФАтФАтФАтФАтФАтФАтФАтФАтФАтФАтФАтФАтФАтФАтФАтФАтФАтФАтФАтФАтФАтФАтФАтФАтФАтФАтФАтФАтФАтФАтФАтФАтФАтФАтФАтФАтФАтФАтФАтФАтФАтФАтФАтФАтФАтФАтФАтФАтФАтФАтФАтФАтФАтФАтФАтФАтФАтФАтФАтФАтФАтФАтФАтФАтФАтФАтФАтФАтФАтФАтФАтФАтФАтФАтФАтФАтФАтФАтФАтФАтФАтФАтФАтФАтФАтФАтФАтФАтФАтФАтФАтФАтФАтФАтФАтФАтФАтФАтФАтФАтФАтФАтФАтФАтФАтФА
тФМтФАтФАтФАтФАтФАтФАтФАтФАтФАтФАтФАтФАтФАтФАтФАтФАтФАтФАтФАтФАтФАтФАтФАтФАтФАтФАтФАтФАтФАтФАтФАтФАтФАтФАтФАтФАтФАтФАтФАтФАтФАтФАтФАтФАтФАтФАтФАтФАтФАтФАтФАтФАтФАтФАтФАтФАтФАтФАтФАтФАтФАтФАтФАтФАтФАтФАтФАтФАтФАтФАтФАтФАтФАтФАтФАтФАтФАтФАтФАтФАтФАтФАтФАтФАтФАтФАтФАтФАтФАтФАтФАтФАтФАтФАтФАтФАтФАтФАтФАтФАтФАтФАтФАтФАтФАтФАтФАтФАтФАтФАтФАтФАтФАтФАтФАтФАтФАтФАтФА
тФВ #0   TestService._completeBipolarTest (package:psycho_tests/services/test_service.dart:425:23)
тФВ #1   TestService.completeTest (package:psycho_tests/services/test_service.dart:55:16)
тФЬтФДтФДтФДтФДтФДтФДтФДтФДтФДтФДтФДтФДтФДтФДтФДтФДтФДтФДтФДтФДтФДтФДтФДтФДтФДтФДтФДтФДтФДтФДтФДтФДтФДтФДтФДтФДтФДтФДтФДтФДтФДтФДтФДтФДтФДтФДтФДтФДтФДтФДтФДтФДтФДтФДтФДтФДтФДтФДтФДтФДтФДтФДтФДтФДтФДтФДтФДтФДтФДтФДтФДтФДтФДтФДтФДтФДтФДтФДтФДтФДтФДтФДтФДтФДтФДтФДтФДтФДтФДтФДтФДтФДтФДтФДтФДтФДтФДтФДтФДтФДтФДтФДтФДтФДтФДтФДтФДтФДтФДтФДтФДтФДтФДтФДтФДтФДтФДтФДтФД
тФВ ЁЯРЫ Qq31: targetScale=sensing, score=3
тФФтФАтФАтФАтФАтФАтФАтФАтФАтФАтФАтФАтФАтФАтФАтФАтФАтФАтФАтФАтФАтФАтФАтФАтФАтФАтФАтФАтФАтФАтФАтФАтФАтФАтФАтФАтФАтФАтФАтФАтФАтФАтФАтФАтФАтФАтФАтФАтФАтФАтФАтФАтФАтФАтФАтФАтФАтФАтФАтФАтФАтФАтФАтФАтФАтФАтФАтФАтФАтФАтФАтФАтФАтФАтФАтФАтФАтФАтФАтФАтФАтФАтФАтФАтФАтФАтФАтФАтФАтФАтФАтФАтФАтФАтФАтФАтФАтФАтФАтФАтФАтФАтФАтФАтФАтФАтФАтФАтФАтФАтФАтФАтФАтФАтФАтФАтФАтФАтФАтФА
тФМтФАтФАтФАтФАтФАтФАтФАтФАтФАтФАтФАтФАтФАтФАтФАтФАтФАтФАтФАтФАтФАтФАтФАтФАтФАтФАтФАтФАтФАтФАтФАтФАтФАтФАтФАтФАтФАтФАтФАтФАтФАтФАтФАтФАтФАтФАтФАтФАтФАтФАтФАтФАтФАтФАтФАтФАтФАтФАтФАтФАтФАтФАтФАтФАтФАтФАтФАтФАтФАтФАтФАтФАтФАтФАтФАтФАтФАтФАтФАтФАтФАтФАтФАтФАтФАтФАтФАтФАтФАтФАтФАтФАтФАтФАтФАтФАтФАтФАтФАтФАтФАтФАтФАтФАтФАтФАтФАтФАтФАтФАтФАтФАтФАтФАтФАтФАтФАтФАтФА
тФВ #0   TestService._completeBipolarTest (package:psycho_tests/services/test_service.dart:425:23)
тФВ #1   TestService.completeTest (package:psycho_tests/services/test_service.dart:55:16)
тФЬтФДтФДтФДтФДтФДтФДтФДтФДтФДтФДтФДтФДтФДтФДтФДтФДтФДтФДтФДтФДтФДтФДтФДтФДтФДтФДтФДтФДтФДтФДтФДтФДтФДтФДтФДтФДтФДтФДтФДтФДтФДтФДтФДтФДтФДтФДтФДтФДтФДтФДтФДтФДтФДтФДтФДтФДтФДтФДтФДтФДтФДтФДтФДтФДтФДтФДтФДтФДтФДтФДтФДтФДтФДтФДтФДтФДтФДтФДтФДтФДтФДтФДтФДтФДтФДтФДтФДтФДтФДтФДтФДтФДтФДтФДтФДтФДтФДтФДтФДтФДтФДтФДтФДтФДтФДтФДтФДтФДтФДтФДтФДтФДтФДтФДтФДтФДтФДтФДтФД
тФВ ЁЯРЫ Qq32: targetScale=intuition, score=3
тФФтФАтФАтФАтФАтФАтФАтФАтФАтФАтФАтФАтФАтФАтФАтФАтФАтФАтФАтФАтФАтФАтФАтФАтФАтФАтФАтФАтФАтФАтФАтФАтФАтФАтФАтФАтФАтФАтФАтФАтФАтФАтФАтФАтФАтФАтФАтФАтФАтФАтФАтФАтФАтФАтФАтФАтФАтФАтФАтФАтФАтФАтФАтФАтФАтФАтФАтФАтФАтФАтФАтФАтФАтФАтФАтФАтФАтФАтФАтФАтФАтФАтФАтФАтФАтФАтФАтФАтФАтФАтФАтФАтФАтФАтФАтФАтФАтФАтФАтФАтФАтФАтФАтФАтФАтФАтФАтФАтФАтФАтФАтФАтФАтФАтФАтФАтФАтФАтФАтФА
тФМтФАтФАтФАтФАтФАтФАтФАтФАтФАтФАтФАтФАтФАтФАтФАтФАтФАтФАтФАтФАтФАтФАтФАтФАтФАтФАтФАтФАтФАтФАтФАтФАтФАтФАтФАтФАтФАтФАтФАтФАтФАтФАтФАтФАтФАтФАтФАтФАтФАтФАтФАтФАтФАтФАтФАтФАтФАтФАтФАтФАтФАтФАтФАтФАтФАтФАтФАтФАтФАтФАтФАтФАтФАтФАтФАтФАтФАтФАтФАтФАтФАтФАтФАтФАтФАтФАтФАтФАтФАтФАтФАтФАтФАтФАтФАтФАтФАтФАтФАтФАтФАтФАтФАтФАтФАтФАтФАтФАтФАтФАтФАтФАтФАтФАтФАтФАтФАтФАтФА
тФВ #0   TestService._completeBipolarTest (package:psycho_tests/services/test_service.dart:425:23)
тФВ #1   TestService.completeTest (package:psycho_tests/services/test_service.dart:55:16)
тФЬтФДтФДтФДтФДтФДтФДтФДтФДтФДтФДтФДтФДтФДтФДтФДтФДтФДтФДтФДтФДтФДтФДтФДтФДтФДтФДтФДтФДтФДтФДтФДтФДтФДтФДтФДтФДтФДтФДтФДтФДтФДтФДтФДтФДтФДтФДтФДтФДтФДтФДтФДтФДтФДтФДтФДтФДтФДтФДтФДтФДтФДтФДтФДтФДтФДтФДтФДтФДтФДтФДтФДтФДтФДтФДтФДтФДтФДтФДтФДтФДтФДтФДтФДтФДтФДтФДтФДтФДтФДтФДтФДтФДтФДтФДтФДтФДтФДтФДтФДтФДтФДтФДтФДтФДтФДтФДтФДтФДтФДтФДтФДтФДтФДтФДтФДтФДтФДтФДтФД
тФВ ЁЯРЫ Qq33: targetScale=intuition, score=3
тФФтФАтФАтФАтФАтФАтФАтФАтФАтФАтФАтФАтФАтФАтФАтФАтФАтФАтФАтФАтФАтФАтФАтФАтФАтФАтФАтФАтФАтФАтФАтФАтФАтФАтФАтФАтФАтФАтФАтФАтФАтФАтФАтФАтФАтФАтФАтФАтФАтФАтФАтФАтФАтФАтФАтФАтФАтФАтФАтФАтФАтФАтФАтФАтФАтФАтФАтФАтФАтФАтФАтФАтФАтФАтФАтФАтФАтФАтФАтФАтФАтФАтФАтФАтФАтФАтФАтФАтФАтФАтФАтФАтФАтФАтФАтФАтФАтФАтФАтФАтФАтФАтФАтФАтФАтФАтФАтФАтФАтФАтФАтФАтФАтФАтФАтФАтФАтФАтФАтФА
тФМтФАтФАтФАтФАтФАтФАтФАтФАтФАтФАтФАтФАтФАтФАтФАтФАтФАтФАтФАтФАтФАтФАтФАтФАтФАтФАтФАтФАтФАтФАтФАтФАтФАтФАтФАтФАтФАтФАтФАтФАтФАтФАтФАтФАтФАтФАтФАтФАтФАтФАтФАтФАтФАтФАтФАтФАтФАтФАтФАтФАтФАтФАтФАтФАтФАтФАтФАтФАтФАтФАтФАтФАтФАтФАтФАтФАтФАтФАтФАтФАтФАтФАтФАтФАтФАтФАтФАтФАтФАтФАтФАтФАтФАтФАтФАтФАтФАтФАтФАтФАтФАтФАтФАтФАтФАтФАтФАтФАтФАтФАтФАтФАтФАтФАтФАтФАтФАтФАтФА
тФВ #0   TestService._completeBipolarTest (package:psycho_tests/services/test_service.dart:425:23)
тФВ #1   TestService.completeTest (package:psycho_tests/services/test_service.dart:55:16)
тФЬтФДтФДтФДтФДтФДтФДтФДтФДтФДтФДтФДтФДтФДтФДтФДтФДтФДтФДтФДтФДтФДтФДтФДтФДтФДтФДтФДтФДтФДтФДтФДтФДтФДтФДтФДтФДтФДтФДтФДтФДтФДтФДтФДтФДтФДтФДтФДтФДтФДтФДтФДтФДтФДтФДтФДтФДтФДтФДтФДтФДтФДтФДтФДтФДтФДтФДтФДтФДтФДтФДтФДтФДтФДтФДтФДтФДтФДтФДтФДтФДтФДтФДтФДтФДтФДтФДтФДтФДтФДтФДтФДтФДтФДтФДтФДтФДтФДтФДтФДтФДтФДтФДтФДтФДтФДтФДтФДтФДтФДтФДтФДтФДтФДтФДтФДтФДтФДтФДтФД
тФВ ЁЯРЫ Qq34: targetScale=sensing, score=3
тФФтФАтФАтФАтФАтФАтФАтФАтФАтФАтФАтФАтФАтФАтФАтФАтФАтФАтФАтФАтФАтФАтФАтФАтФАтФАтФАтФАтФАтФАтФАтФАтФАтФАтФАтФАтФАтФАтФАтФАтФАтФАтФАтФАтФАтФАтФАтФАтФАтФАтФАтФАтФАтФАтФАтФАтФАтФАтФАтФАтФАтФАтФАтФАтФАтФАтФАтФАтФАтФАтФАтФАтФАтФАтФАтФАтФАтФАтФАтФАтФАтФАтФАтФАтФАтФАтФАтФАтФАтФАтФАтФАтФАтФАтФАтФАтФАтФАтФАтФАтФАтФАтФАтФАтФАтФАтФАтФАтФАтФАтФАтФАтФАтФАтФАтФАтФАтФАтФАтФА
тФМтФАтФАтФАтФАтФАтФАтФАтФАтФАтФАтФАтФАтФАтФАтФАтФАтФАтФАтФАтФАтФАтФАтФАтФАтФАтФАтФАтФАтФАтФАтФАтФАтФАтФАтФАтФАтФАтФАтФАтФАтФАтФАтФАтФАтФАтФАтФАтФАтФАтФАтФАтФАтФАтФАтФАтФАтФАтФАтФАтФАтФАтФАтФАтФАтФАтФАтФАтФАтФАтФАтФАтФАтФАтФАтФАтФАтФАтФАтФАтФАтФАтФАтФАтФАтФАтФАтФАтФАтФАтФАтФАтФАтФАтФАтФАтФАтФАтФАтФАтФАтФАтФАтФАтФАтФАтФАтФАтФАтФАтФАтФАтФАтФАтФАтФАтФАтФАтФАтФА
тФВ #0   TestService._completeBipolarTest (package:psycho_tests/services/test_service.dart:425:23)
тФВ #1   TestService.completeTest (package:psycho_tests/services/test_service.dart:55:16)
тФЬтФДтФДтФДтФДтФДтФДтФДтФДтФДтФДтФДтФДтФДтФДтФДтФДтФДтФДтФДтФДтФДтФДтФДтФДтФДтФДтФДтФДтФДтФДтФДтФДтФДтФДтФДтФДтФДтФДтФДтФДтФДтФДтФДтФДтФДтФДтФДтФДтФДтФДтФДтФДтФДтФДтФДтФДтФДтФДтФДтФДтФДтФДтФДтФДтФДтФДтФДтФДтФДтФДтФДтФДтФДтФДтФДтФДтФДтФДтФДтФДтФДтФДтФДтФДтФДтФДтФДтФДтФДтФДтФДтФДтФДтФДтФДтФДтФДтФДтФДтФДтФДтФДтФДтФДтФДтФДтФДтФДтФДтФДтФДтФДтФДтФДтФДтФДтФДтФДтФД
тФВ ЁЯРЫ Qq35: targetScale=sensing, score=3
тФФтФАтФАтФАтФАтФАтФАтФАтФАтФАтФАтФАтФАтФАтФАтФАтФАтФАтФАтФАтФАтФАтФАтФАтФАтФАтФАтФАтФАтФАтФАтФАтФАтФАтФАтФАтФАтФАтФАтФАтФАтФАтФАтФАтФАтФАтФАтФАтФАтФАтФАтФАтФАтФАтФАтФАтФАтФАтФАтФАтФАтФАтФАтФАтФАтФАтФАтФАтФАтФАтФАтФАтФАтФАтФАтФАтФАтФАтФАтФАтФАтФАтФАтФАтФАтФАтФАтФАтФАтФАтФАтФАтФАтФАтФАтФАтФАтФАтФАтФАтФАтФАтФАтФАтФАтФАтФАтФАтФАтФАтФАтФАтФАтФАтФАтФАтФАтФАтФАтФА
тФМтФАтФАтФАтФАтФАтФАтФАтФАтФАтФАтФАтФАтФАтФАтФАтФАтФАтФАтФАтФАтФАтФАтФАтФАтФАтФАтФАтФАтФАтФАтФАтФАтФАтФАтФАтФАтФАтФАтФАтФАтФАтФАтФАтФАтФАтФАтФАтФАтФАтФАтФАтФАтФАтФАтФАтФАтФАтФАтФАтФАтФАтФАтФАтФАтФАтФАтФАтФАтФАтФАтФАтФАтФАтФАтФАтФАтФАтФАтФАтФАтФАтФАтФАтФАтФАтФАтФАтФАтФАтФАтФАтФАтФАтФАтФАтФАтФАтФАтФАтФАтФАтФАтФАтФАтФАтФАтФАтФАтФАтФАтФАтФАтФАтФАтФАтФАтФАтФАтФА
тФВ #0   TestService._completeBipolarTest (package:psycho_tests/services/test_service.dart:425:23)
тФВ #1   TestService.completeTest (package:psycho_tests/services/test_service.dart:55:16)
тФЬтФДтФДтФДтФДтФДтФДтФДтФДтФДтФДтФДтФДтФДтФДтФДтФДтФДтФДтФДтФДтФДтФДтФДтФДтФДтФДтФДтФДтФДтФДтФДтФДтФДтФДтФДтФДтФДтФДтФДтФДтФДтФДтФДтФДтФДтФДтФДтФДтФДтФДтФДтФДтФДтФДтФДтФДтФДтФДтФДтФДтФДтФДтФДтФДтФДтФДтФДтФДтФДтФДтФДтФДтФДтФДтФДтФДтФДтФДтФДтФДтФДтФДтФДтФДтФДтФДтФДтФДтФДтФДтФДтФДтФДтФДтФДтФДтФДтФДтФДтФДтФДтФДтФДтФДтФДтФДтФДтФДтФДтФДтФДтФДтФДтФДтФДтФДтФДтФДтФД
тФВ ЁЯРЫ Qq36: targetScale=intuition, score=3
тФФтФАтФАтФАтФАтФАтФАтФАтФАтФАтФАтФАтФАтФАтФАтФАтФАтФАтФАтФАтФАтФАтФАтФАтФАтФАтФАтФАтФАтФАтФАтФАтФАтФАтФАтФАтФАтФАтФАтФАтФАтФАтФАтФАтФАтФАтФАтФАтФАтФАтФАтФАтФАтФАтФАтФАтФАтФАтФАтФАтФАтФАтФАтФАтФАтФАтФАтФАтФАтФАтФАтФАтФАтФАтФАтФАтФАтФАтФАтФАтФАтФАтФАтФАтФАтФАтФАтФАтФАтФАтФАтФАтФАтФАтФАтФАтФАтФАтФАтФАтФАтФАтФАтФАтФАтФАтФАтФАтФАтФАтФАтФАтФАтФАтФАтФАтФАтФАтФАтФА
тФМтФАтФАтФАтФАтФАтФАтФАтФАтФАтФАтФАтФАтФАтФАтФАтФАтФАтФАтФАтФАтФАтФАтФАтФАтФАтФАтФАтФАтФАтФАтФАтФАтФАтФАтФАтФАтФАтФАтФАтФАтФАтФАтФАтФАтФАтФАтФАтФАтФАтФАтФАтФАтФАтФАтФАтФАтФАтФАтФАтФАтФАтФАтФАтФАтФАтФАтФАтФАтФАтФАтФАтФАтФАтФАтФАтФАтФАтФАтФАтФАтФАтФАтФАтФАтФАтФАтФАтФАтФАтФАтФАтФАтФАтФАтФАтФАтФАтФАтФАтФАтФАтФАтФАтФАтФАтФАтФАтФАтФАтФАтФАтФАтФАтФАтФАтФАтФАтФАтФА
тФВ #0   TestService._completeBipolarTest (package:psycho_tests/services/test_service.dart:425:23)
тФВ #1   TestService.completeTest (package:psycho_tests/services/test_service.dart:55:16)
тФЬтФДтФДтФДтФДтФДтФДтФДтФДтФДтФДтФДтФДтФДтФДтФДтФДтФДтФДтФДтФДтФДтФДтФДтФДтФДтФДтФДтФДтФДтФДтФДтФДтФДтФДтФДтФДтФДтФДтФДтФДтФДтФДтФДтФДтФДтФДтФДтФДтФДтФДтФДтФДтФДтФДтФДтФДтФДтФДтФДтФДтФДтФДтФДтФДтФДтФДтФДтФДтФДтФДтФДтФДтФДтФДтФДтФДтФДтФДтФДтФДтФДтФДтФДтФДтФДтФДтФДтФДтФДтФДтФДтФДтФДтФДтФДтФДтФДтФДтФДтФДтФДтФДтФДтФДтФДтФДтФДтФДтФДтФДтФДтФДтФДтФДтФДтФДтФДтФДтФД
тФВ ЁЯРЫ Qq37: targetScale=intuition, score=3
тФФтФАтФАтФАтФАтФАтФАтФАтФАтФАтФАтФАтФАтФАтФАтФАтФАтФАтФАтФАтФАтФАтФАтФАтФАтФАтФАтФАтФАтФАтФАтФАтФАтФАтФАтФАтФАтФАтФАтФАтФАтФАтФАтФАтФАтФАтФАтФАтФАтФАтФАтФАтФАтФАтФАтФАтФАтФАтФАтФАтФАтФАтФАтФАтФАтФАтФАтФАтФАтФАтФАтФАтФАтФАтФАтФАтФАтФАтФАтФАтФАтФАтФАтФАтФАтФАтФАтФАтФАтФАтФАтФАтФАтФАтФАтФАтФАтФАтФАтФАтФАтФАтФАтФАтФАтФАтФАтФАтФАтФАтФАтФАтФАтФАтФАтФАтФАтФАтФАтФА
тФМтФАтФАтФАтФАтФАтФАтФАтФАтФАтФАтФАтФАтФАтФАтФАтФАтФАтФАтФАтФАтФАтФАтФАтФАтФАтФАтФАтФАтФАтФАтФАтФАтФАтФАтФАтФАтФАтФАтФАтФАтФАтФАтФАтФАтФАтФАтФАтФАтФАтФАтФАтФАтФАтФАтФАтФАтФАтФАтФАтФАтФАтФАтФАтФАтФАтФАтФАтФАтФАтФАтФАтФАтФАтФАтФАтФАтФАтФАтФАтФАтФАтФАтФАтФАтФАтФАтФАтФАтФАтФАтФАтФАтФАтФАтФАтФАтФАтФАтФАтФАтФАтФАтФАтФАтФАтФАтФАтФАтФАтФАтФАтФАтФАтФАтФАтФАтФАтФАтФА
тФВ #0   TestService._completeBipolarTest (package:psycho_tests/services/test_service.dart:425:23)
тФВ #1   TestService.completeTest (package:psycho_tests/services/test_service.dart:55:16)
тФЬтФДтФДтФДтФДтФДтФДтФДтФДтФДтФДтФДтФДтФДтФДтФДтФДтФДтФДтФДтФДтФДтФДтФДтФДтФДтФДтФДтФДтФДтФДтФДтФДтФДтФДтФДтФДтФДтФДтФДтФДтФДтФДтФДтФДтФДтФДтФДтФДтФДтФДтФДтФДтФДтФДтФДтФДтФДтФДтФДтФДтФДтФДтФДтФДтФДтФДтФДтФДтФДтФДтФДтФДтФДтФДтФДтФДтФДтФДтФДтФДтФДтФДтФДтФДтФДтФДтФДтФДтФДтФДтФДтФДтФДтФДтФДтФДтФДтФДтФДтФДтФДтФДтФДтФДтФДтФДтФДтФДтФДтФДтФДтФДтФДтФДтФДтФДтФДтФДтФД
тФВ ЁЯРЫ Qq38: targetScale=sensing, score=3
тФФтФАтФАтФАтФАтФАтФАтФАтФАтФАтФАтФАтФАтФАтФАтФАтФАтФАтФАтФАтФАтФАтФАтФАтФАтФАтФАтФАтФАтФАтФАтФАтФАтФАтФАтФАтФАтФАтФАтФАтФАтФАтФАтФАтФАтФАтФАтФАтФАтФАтФАтФАтФАтФАтФАтФАтФАтФАтФАтФАтФАтФАтФАтФАтФАтФАтФАтФАтФАтФАтФАтФАтФАтФАтФАтФАтФАтФАтФАтФАтФАтФАтФАтФАтФАтФАтФАтФАтФАтФАтФАтФАтФАтФАтФАтФАтФАтФАтФАтФАтФАтФАтФАтФАтФАтФАтФАтФАтФАтФАтФАтФАтФАтФАтФАтФАтФАтФАтФАтФА
тФМтФАтФАтФАтФАтФАтФАтФАтФАтФАтФАтФАтФАтФАтФАтФАтФАтФАтФАтФАтФАтФАтФАтФАтФАтФАтФАтФАтФАтФАтФАтФАтФАтФАтФАтФАтФАтФАтФАтФАтФАтФАтФАтФАтФАтФАтФАтФАтФАтФАтФАтФАтФАтФАтФАтФАтФАтФАтФАтФАтФАтФАтФАтФАтФАтФАтФАтФАтФАтФАтФАтФАтФАтФАтФАтФАтФАтФАтФАтФАтФАтФАтФАтФАтФАтФАтФАтФАтФАтФАтФАтФАтФАтФАтФАтФАтФАтФАтФАтФАтФАтФАтФАтФАтФАтФАтФАтФАтФАтФАтФАтФАтФАтФАтФАтФАтФАтФАтФАтФА
тФВ #0   TestService._completeBipolarTest (package:psycho_tests/services/test_service.dart:425:23)
тФВ #1   TestService.completeTest (package:psycho_tests/services/test_service.dart:55:16)
тФЬтФДтФДтФДтФДтФДтФДтФДтФДтФДтФДтФДтФДтФДтФДтФДтФДтФДтФДтФДтФДтФДтФДтФДтФДтФДтФДтФДтФДтФДтФДтФДтФДтФДтФДтФДтФДтФДтФДтФДтФДтФДтФДтФДтФДтФДтФДтФДтФДтФДтФДтФДтФДтФДтФДтФДтФДтФДтФДтФДтФДтФДтФДтФДтФДтФДтФДтФДтФДтФДтФДтФДтФДтФДтФДтФДтФДтФДтФДтФДтФДтФДтФДтФДтФДтФДтФДтФДтФДтФДтФДтФДтФДтФДтФДтФДтФДтФДтФДтФДтФДтФДтФДтФДтФДтФДтФДтФДтФДтФДтФДтФДтФДтФДтФДтФДтФДтФДтФДтФД
тФВ ЁЯРЫ Qq39: targetScale=intuition, score=3
тФФтФАтФАтФАтФАтФАтФАтФАтФАтФАтФАтФАтФАтФАтФАтФАтФАтФАтФАтФАтФАтФАтФАтФАтФАтФАтФАтФАтФАтФАтФАтФАтФАтФАтФАтФАтФАтФАтФАтФАтФАтФАтФАтФАтФАтФАтФАтФАтФАтФАтФАтФАтФАтФАтФАтФАтФАтФАтФАтФАтФАтФАтФАтФАтФАтФАтФАтФАтФАтФАтФАтФАтФАтФАтФАтФАтФАтФАтФАтФАтФАтФАтФАтФАтФАтФАтФАтФАтФАтФАтФАтФАтФАтФАтФАтФАтФАтФАтФАтФАтФАтФАтФАтФАтФАтФАтФАтФАтФАтФАтФАтФАтФАтФАтФАтФАтФАтФАтФАтФА
тФМтФАтФАтФАтФАтФАтФАтФАтФАтФАтФАтФАтФАтФАтФАтФАтФАтФАтФАтФАтФАтФАтФАтФАтФАтФАтФАтФАтФАтФАтФАтФАтФАтФАтФАтФАтФАтФАтФАтФАтФАтФАтФАтФАтФАтФАтФАтФАтФАтФАтФАтФАтФАтФАтФАтФАтФАтФАтФАтФАтФАтФАтФАтФАтФАтФАтФАтФАтФАтФАтФАтФАтФАтФАтФАтФАтФАтФАтФАтФАтФАтФАтФАтФАтФАтФАтФАтФАтФАтФАтФАтФАтФАтФАтФАтФАтФАтФАтФАтФАтФАтФАтФАтФАтФАтФАтФАтФАтФАтФАтФАтФАтФАтФАтФАтФАтФАтФАтФАтФА
тФВ #0   TestService._completeBipolarTest (package:psycho_tests/services/test_service.dart:425:23)
тФВ #1   TestService.completeTest (package:psycho_tests/services/test_service.dart:55:16)
тФЬтФДтФДтФДтФДтФДтФДтФДтФДтФДтФДтФДтФДтФДтФДтФДтФДтФДтФДтФДтФДтФДтФДтФДтФДтФДтФДтФДтФДтФДтФДтФДтФДтФДтФДтФДтФДтФДтФДтФДтФДтФДтФДтФДтФДтФДтФДтФДтФДтФДтФДтФДтФДтФДтФДтФДтФДтФДтФДтФДтФДтФДтФДтФДтФДтФДтФДтФДтФДтФДтФДтФДтФДтФДтФДтФДтФДтФДтФДтФДтФДтФДтФДтФДтФДтФДтФДтФДтФДтФДтФДтФДтФДтФДтФДтФДтФДтФДтФДтФДтФДтФДтФДтФДтФДтФДтФДтФДтФДтФДтФДтФДтФДтФДтФДтФДтФДтФДтФДтФД
тФВ ЁЯРЫ Qq40: targetScale=sensing, score=3
тФФтФАтФАтФАтФАтФАтФАтФАтФАтФАтФАтФАтФАтФАтФАтФАтФАтФАтФАтФАтФАтФАтФАтФАтФАтФАтФАтФАтФАтФАтФАтФАтФАтФАтФАтФАтФАтФАтФАтФАтФАтФАтФАтФАтФАтФАтФАтФАтФАтФАтФАтФАтФАтФАтФАтФАтФАтФАтФАтФАтФАтФАтФАтФАтФАтФАтФАтФАтФАтФАтФАтФАтФАтФАтФАтФАтФАтФАтФАтФАтФАтФАтФАтФАтФАтФАтФАтФАтФАтФАтФАтФАтФАтФАтФАтФАтФАтФАтФАтФАтФАтФАтФАтФАтФАтФАтФАтФАтФАтФАтФАтФАтФАтФАтФАтФАтФАтФАтФАтФА
тФМтФАтФАтФАтФАтФАтФАтФАтФАтФАтФАтФАтФАтФАтФАтФАтФАтФАтФАтФАтФАтФАтФАтФАтФАтФАтФАтФАтФАтФАтФАтФАтФАтФАтФАтФАтФАтФАтФАтФАтФАтФАтФАтФАтФАтФАтФАтФАтФАтФАтФАтФАтФАтФАтФАтФАтФАтФАтФАтФАтФАтФАтФАтФАтФАтФАтФАтФАтФАтФАтФАтФАтФАтФАтФАтФАтФАтФАтФАтФАтФАтФАтФАтФАтФАтФАтФАтФАтФАтФАтФАтФАтФАтФАтФАтФАтФАтФАтФАтФАтФАтФАтФАтФАтФАтФАтФАтФАтФАтФАтФАтФАтФАтФАтФАтФАтФАтФАтФАтФА
тФВ #0   TestService._completeBipolarTest (package:psycho_tests/services/test_service.dart:425:23)
тФВ #1   TestService.completeTest (package:psycho_tests/services/test_service.dart:55:16)
тФЬтФДтФДтФДтФДтФДтФДтФДтФДтФДтФДтФДтФДтФДтФДтФДтФДтФДтФДтФДтФДтФДтФДтФДтФДтФДтФДтФДтФДтФДтФДтФДтФДтФДтФДтФДтФДтФДтФДтФДтФДтФДтФДтФДтФДтФДтФДтФДтФДтФДтФДтФДтФДтФДтФДтФДтФДтФДтФДтФДтФДтФДтФДтФДтФДтФДтФДтФДтФДтФДтФДтФДтФДтФДтФДтФДтФДтФДтФДтФДтФДтФДтФДтФДтФДтФДтФДтФДтФДтФДтФДтФДтФДтФДтФДтФДтФДтФДтФДтФДтФДтФДтФДтФДтФДтФДтФДтФДтФДтФДтФДтФДтФДтФДтФДтФДтФДтФДтФДтФД
тФВ ЁЯРЫ Qq41: targetScale=thinking, score=3
тФФтФАтФАтФАтФАтФАтФАтФАтФАтФАтФАтФАтФАтФАтФАтФАтФАтФАтФАтФАтФАтФАтФАтФАтФАтФАтФАтФАтФАтФАтФАтФАтФАтФАтФАтФАтФАтФАтФАтФАтФАтФАтФАтФАтФАтФАтФАтФАтФАтФАтФАтФАтФАтФАтФАтФАтФАтФАтФАтФАтФАтФАтФАтФАтФАтФАтФАтФАтФАтФАтФАтФАтФАтФАтФАтФАтФАтФАтФАтФАтФАтФАтФАтФАтФАтФАтФАтФАтФАтФАтФАтФАтФАтФАтФАтФАтФАтФАтФАтФАтФАтФАтФАтФАтФАтФАтФАтФАтФАтФАтФАтФАтФАтФАтФАтФАтФАтФАтФАтФА
тФМтФАтФАтФАтФАтФАтФАтФАтФАтФАтФАтФАтФАтФАтФАтФАтФАтФАтФАтФАтФАтФАтФАтФАтФАтФАтФАтФАтФАтФАтФАтФАтФАтФАтФАтФАтФАтФАтФАтФАтФАтФАтФАтФАтФАтФАтФАтФАтФАтФАтФАтФАтФАтФАтФАтФАтФАтФАтФАтФАтФАтФАтФАтФАтФАтФАтФАтФАтФАтФАтФАтФАтФАтФАтФАтФАтФАтФАтФАтФАтФАтФАтФАтФАтФАтФАтФАтФАтФАтФАтФАтФАтФАтФАтФАтФАтФАтФАтФАтФАтФАтФАтФАтФАтФАтФАтФАтФАтФАтФАтФАтФАтФАтФАтФАтФАтФАтФАтФАтФА
тФВ #0   TestService._completeBipolarTest (package:psycho_tests/services/test_service.dart:425:23)
тФВ #1   TestService.completeTest (package:psycho_tests/services/test_service.dart:55:16)
тФЬтФДтФДтФДтФДтФДтФДтФДтФДтФДтФДтФДтФДтФДтФДтФДтФДтФДтФДтФДтФДтФДтФДтФДтФДтФДтФДтФДтФДтФДтФДтФДтФДтФДтФДтФДтФДтФДтФДтФДтФДтФДтФДтФДтФДтФДтФДтФДтФДтФДтФДтФДтФДтФДтФДтФДтФДтФДтФДтФДтФДтФДтФДтФДтФДтФДтФДтФДтФДтФДтФДтФДтФДтФДтФДтФДтФДтФДтФДтФДтФДтФДтФДтФДтФДтФДтФДтФДтФДтФДтФДтФДтФДтФДтФДтФДтФДтФДтФДтФДтФДтФДтФДтФДтФДтФДтФДтФДтФДтФДтФДтФДтФДтФДтФДтФДтФДтФДтФДтФД
тФВ ЁЯРЫ Qq42: targetScale=thinking, score=3
тФФтФАтФАтФАтФАтФАтФАтФАтФАтФАтФАтФАтФАтФАтФАтФАтФАтФАтФАтФАтФАтФАтФАтФАтФАтФАтФАтФАтФАтФАтФАтФАтФАтФАтФАтФАтФАтФАтФАтФАтФАтФАтФАтФАтФАтФАтФАтФАтФАтФАтФАтФАтФАтФАтФАтФАтФАтФАтФАтФАтФАтФАтФАтФАтФАтФАтФАтФАтФАтФАтФАтФАтФАтФАтФАтФАтФАтФАтФАтФАтФАтФАтФАтФАтФАтФАтФАтФАтФАтФАтФАтФАтФАтФАтФАтФАтФАтФАтФАтФАтФАтФАтФАтФАтФАтФАтФАтФАтФАтФАтФАтФАтФАтФАтФАтФАтФАтФАтФАтФА
тФМтФАтФАтФАтФАтФАтФАтФАтФАтФАтФАтФАтФАтФАтФАтФАтФАтФАтФАтФАтФАтФАтФАтФАтФАтФАтФАтФАтФАтФАтФАтФАтФАтФАтФАтФАтФАтФАтФАтФАтФАтФАтФАтФАтФАтФАтФАтФАтФАтФАтФАтФАтФАтФАтФАтФАтФАтФАтФАтФАтФАтФАтФАтФАтФАтФАтФАтФАтФАтФАтФАтФАтФАтФАтФАтФАтФАтФАтФАтФАтФАтФАтФАтФАтФАтФАтФАтФАтФАтФАтФАтФАтФАтФАтФАтФАтФАтФАтФАтФАтФАтФАтФАтФАтФАтФАтФАтФАтФАтФАтФАтФАтФАтФАтФАтФАтФАтФАтФАтФА
тФВ #0   TestService._completeBipolarTest (package:psycho_tests/services/test_service.dart:425:23)
тФВ #1   TestService.completeTest (package:psycho_tests/services/test_service.dart:55:16)
тФЬтФДтФДтФДтФДтФДтФДтФДтФДтФДтФДтФДтФДтФДтФДтФДтФДтФДтФДтФДтФДтФДтФДтФДтФДтФДтФДтФДтФДтФДтФДтФДтФДтФДтФДтФДтФДтФДтФДтФДтФДтФДтФДтФДтФДтФДтФДтФДтФДтФДтФДтФДтФДтФДтФДтФДтФДтФДтФДтФДтФДтФДтФДтФДтФДтФДтФДтФДтФДтФДтФДтФДтФДтФДтФДтФДтФДтФДтФДтФДтФДтФДтФДтФДтФДтФДтФДтФДтФДтФДтФДтФДтФДтФДтФДтФДтФДтФДтФДтФДтФДтФДтФДтФДтФДтФДтФДтФДтФДтФДтФДтФДтФДтФДтФДтФДтФДтФДтФДтФД
тФВ ЁЯРЫ Qq43: targetScale=thinking, score=3
тФФтФАтФАтФАтФАтФАтФАтФАтФАтФАтФАтФАтФАтФАтФАтФАтФАтФАтФАтФАтФАтФАтФАтФАтФАтФАтФАтФАтФАтФАтФАтФАтФАтФАтФАтФАтФАтФАтФАтФАтФАтФАтФАтФАтФАтФАтФАтФАтФАтФАтФАтФАтФАтФАтФАтФАтФАтФАтФАтФАтФАтФАтФАтФАтФАтФАтФАтФАтФАтФАтФАтФАтФАтФАтФАтФАтФАтФАтФАтФАтФАтФАтФАтФАтФАтФАтФАтФАтФАтФАтФАтФАтФАтФАтФАтФАтФАтФАтФАтФАтФАтФАтФАтФАтФАтФАтФАтФАтФАтФАтФАтФАтФАтФАтФАтФАтФАтФАтФАтФА
тФМтФАтФАтФАтФАтФАтФАтФАтФАтФАтФАтФАтФАтФАтФАтФАтФАтФАтФАтФАтФАтФАтФАтФАтФАтФАтФАтФАтФАтФАтФАтФАтФАтФАтФАтФАтФАтФАтФАтФАтФАтФАтФАтФАтФАтФАтФАтФАтФАтФАтФАтФАтФАтФАтФАтФАтФАтФАтФАтФАтФАтФАтФАтФАтФАтФАтФАтФАтФАтФАтФАтФАтФАтФАтФАтФАтФАтФАтФАтФАтФАтФАтФАтФАтФАтФАтФАтФАтФАтФАтФАтФАтФАтФАтФАтФАтФАтФАтФАтФАтФАтФАтФАтФАтФАтФАтФАтФАтФАтФАтФАтФАтФАтФАтФАтФАтФАтФАтФАтФА
тФВ #0   TestService._completeBipolarTest (package:psycho_tests/services/test_service.dart:425:23)
тФВ #1   TestService.completeTest (package:psycho_tests/services/test_service.dart:55:16)
тФЬтФДтФДтФДтФДтФДтФДтФДтФДтФДтФДтФДтФДтФДтФДтФДтФДтФДтФДтФДтФДтФДтФДтФДтФДтФДтФДтФДтФДтФДтФДтФДтФДтФДтФДтФДтФДтФДтФДтФДтФДтФДтФДтФДтФДтФДтФДтФДтФДтФДтФДтФДтФДтФДтФДтФДтФДтФДтФДтФДтФДтФДтФДтФДтФДтФДтФДтФДтФДтФДтФДтФДтФДтФДтФДтФДтФДтФДтФДтФДтФДтФДтФДтФДтФДтФДтФДтФДтФДтФДтФДтФДтФДтФДтФДтФДтФДтФДтФДтФДтФДтФДтФДтФДтФДтФДтФДтФДтФДтФДтФДтФДтФДтФДтФДтФДтФДтФДтФДтФД
тФВ ЁЯРЫ Qq44: targetScale=feeling, score=3
тФФтФАтФАтФАтФАтФАтФАтФАтФАтФАтФАтФАтФАтФАтФАтФАтФАтФАтФАтФАтФАтФАтФАтФАтФАтФАтФАтФАтФАтФАтФАтФАтФАтФАтФАтФАтФАтФАтФАтФАтФАтФАтФАтФАтФАтФАтФАтФАтФАтФАтФАтФАтФАтФАтФАтФАтФАтФАтФАтФАтФАтФАтФАтФАтФАтФАтФАтФАтФАтФАтФАтФАтФАтФАтФАтФАтФАтФАтФАтФАтФАтФАтФАтФАтФАтФАтФАтФАтФАтФАтФАтФАтФАтФАтФАтФАтФАтФАтФАтФАтФАтФАтФАтФАтФАтФАтФАтФАтФАтФАтФАтФАтФАтФАтФАтФАтФАтФАтФАтФА
тФМтФАтФАтФАтФАтФАтФАтФАтФАтФАтФАтФАтФАтФАтФАтФАтФАтФАтФАтФАтФАтФАтФАтФАтФАтФАтФАтФАтФАтФАтФАтФАтФАтФАтФАтФАтФАтФАтФАтФАтФАтФАтФАтФАтФАтФАтФАтФАтФАтФАтФАтФАтФАтФАтФАтФАтФАтФАтФАтФАтФАтФАтФАтФАтФАтФАтФАтФАтФАтФАтФАтФАтФАтФАтФАтФАтФАтФАтФАтФАтФАтФАтФАтФАтФАтФАтФАтФАтФАтФАтФАтФАтФАтФАтФАтФАтФАтФАтФАтФАтФАтФАтФАтФАтФАтФАтФАтФАтФАтФАтФАтФАтФАтФАтФАтФАтФАтФАтФАтФА
тФВ #0   TestService._completeBipolarTest (package:psycho_tests/services/test_service.dart:425:23)
тФВ #1   TestService.completeTest (package:psycho_tests/services/test_service.dart:55:16)
тФЬтФДтФДтФДтФДтФДтФДтФДтФДтФДтФДтФДтФДтФДтФДтФДтФДтФДтФДтФДтФДтФДтФДтФДтФДтФДтФДтФДтФДтФДтФДтФДтФДтФДтФДтФДтФДтФДтФДтФДтФДтФДтФДтФДтФДтФДтФДтФДтФДтФДтФДтФДтФДтФДтФДтФДтФДтФДтФДтФДтФДтФДтФДтФДтФДтФДтФДтФДтФДтФДтФДтФДтФДтФДтФДтФДтФДтФДтФДтФДтФДтФДтФДтФДтФДтФДтФДтФДтФДтФДтФДтФДтФДтФДтФДтФДтФДтФДтФДтФДтФДтФДтФДтФДтФДтФДтФДтФДтФДтФДтФДтФДтФДтФДтФДтФДтФДтФДтФДтФД
тФВ ЁЯРЫ Qq45: targetScale=feeling, score=3
тФФтФАтФАтФАтФАтФАтФАтФАтФАтФАтФАтФАтФАтФАтФАтФАтФАтФАтФАтФАтФАтФАтФАтФАтФАтФАтФАтФАтФАтФАтФАтФАтФАтФАтФАтФАтФАтФАтФАтФАтФАтФАтФАтФАтФАтФАтФАтФАтФАтФАтФАтФАтФАтФАтФАтФАтФАтФАтФАтФАтФАтФАтФАтФАтФАтФАтФАтФАтФАтФАтФАтФАтФАтФАтФАтФАтФАтФАтФАтФАтФАтФАтФАтФАтФАтФАтФАтФАтФАтФАтФАтФАтФАтФАтФАтФАтФАтФАтФАтФАтФАтФАтФАтФАтФАтФАтФАтФАтФАтФАтФАтФАтФАтФАтФАтФАтФАтФАтФАтФА
тФМтФАтФАтФАтФАтФАтФАтФАтФАтФАтФАтФАтФАтФАтФАтФАтФАтФАтФАтФАтФАтФАтФАтФАтФАтФАтФАтФАтФАтФАтФАтФАтФАтФАтФАтФАтФАтФАтФАтФАтФАтФАтФАтФАтФАтФАтФАтФАтФАтФАтФАтФАтФАтФАтФАтФАтФАтФАтФАтФАтФАтФАтФАтФАтФАтФАтФАтФАтФАтФАтФАтФАтФАтФАтФАтФАтФАтФАтФАтФАтФАтФАтФАтФАтФАтФАтФАтФАтФАтФАтФАтФАтФАтФАтФАтФАтФАтФАтФАтФАтФАтФАтФАтФАтФАтФАтФАтФАтФАтФАтФАтФАтФАтФАтФАтФАтФАтФАтФАтФА
тФВ #0   TestService._completeBipolarTest (package:psycho_tests/services/test_service.dart:425:23)
тФВ #1   TestService.completeTest (package:psycho_tests/services/test_service.dart:55:16)
тФЬтФДтФДтФДтФДтФДтФДтФДтФДтФДтФДтФДтФДтФДтФДтФДтФДтФДтФДтФДтФДтФДтФДтФДтФДтФДтФДтФДтФДтФДтФДтФДтФДтФДтФДтФДтФДтФДтФДтФДтФДтФДтФДтФДтФДтФДтФДтФДтФДтФДтФДтФДтФДтФДтФДтФДтФДтФДтФДтФДтФДтФДтФДтФДтФДтФДтФДтФДтФДтФДтФДтФДтФДтФДтФДтФДтФДтФДтФДтФДтФДтФДтФДтФДтФДтФДтФДтФДтФДтФДтФДтФДтФДтФДтФДтФДтФДтФДтФДтФДтФДтФДтФДтФДтФДтФДтФДтФДтФДтФДтФДтФДтФДтФДтФДтФДтФДтФДтФДтФД
тФВ ЁЯРЫ Qq46: targetScale=feeling, score=3
тФФтФАтФАтФАтФАтФАтФАтФАтФАтФАтФАтФАтФАтФАтФАтФАтФАтФАтФАтФАтФАтФАтФАтФАтФАтФАтФАтФАтФАтФАтФАтФАтФАтФАтФАтФАтФАтФАтФАтФАтФАтФАтФАтФАтФАтФАтФАтФАтФАтФАтФАтФАтФАтФАтФАтФАтФАтФАтФАтФАтФАтФАтФАтФАтФАтФАтФАтФАтФАтФАтФАтФАтФАтФАтФАтФАтФАтФАтФАтФАтФАтФАтФАтФАтФАтФАтФАтФАтФАтФАтФАтФАтФАтФАтФАтФАтФАтФАтФАтФАтФАтФАтФАтФАтФАтФАтФАтФАтФАтФАтФАтФАтФАтФАтФАтФАтФАтФАтФАтФА
тФМтФАтФАтФАтФАтФАтФАтФАтФАтФАтФАтФАтФАтФАтФАтФАтФАтФАтФАтФАтФАтФАтФАтФАтФАтФАтФАтФАтФАтФАтФАтФАтФАтФАтФАтФАтФАтФАтФАтФАтФАтФАтФАтФАтФАтФАтФАтФАтФАтФАтФАтФАтФАтФАтФАтФАтФАтФАтФАтФАтФАтФАтФАтФАтФАтФАтФАтФАтФАтФАтФАтФАтФАтФАтФАтФАтФАтФАтФАтФАтФАтФАтФАтФАтФАтФАтФАтФАтФАтФАтФАтФАтФАтФАтФАтФАтФАтФАтФАтФАтФАтФАтФАтФАтФАтФАтФАтФАтФАтФАтФАтФАтФАтФАтФАтФАтФАтФАтФАтФА
тФВ #0   TestService._completeBipolarTest (package:psycho_tests/services/test_service.dart:425:23)
тФВ #1   TestService.completeTest (package:psycho_tests/services/test_service.dart:55:16)
тФЬтФДтФДтФДтФДтФДтФДтФДтФДтФДтФДтФДтФДтФДтФДтФДтФДтФДтФДтФДтФДтФДтФДтФДтФДтФДтФДтФДтФДтФДтФДтФДтФДтФДтФДтФДтФДтФДтФДтФДтФДтФДтФДтФДтФДтФДтФДтФДтФДтФДтФДтФДтФДтФДтФДтФДтФДтФДтФДтФДтФДтФДтФДтФДтФДтФДтФДтФДтФДтФДтФДтФДтФДтФДтФДтФДтФДтФДтФДтФДтФДтФДтФДтФДтФДтФДтФДтФДтФДтФДтФДтФДтФДтФДтФДтФДтФДтФДтФДтФДтФДтФДтФДтФДтФДтФДтФДтФДтФДтФДтФДтФДтФДтФДтФДтФДтФДтФДтФДтФД
тФВ ЁЯРЫ Qq47: targetScale=thinking, score=3
тФФтФАтФАтФАтФАтФАтФАтФАтФАтФАтФАтФАтФАтФАтФАтФАтФАтФАтФАтФАтФАтФАтФАтФАтФАтФАтФАтФАтФАтФАтФАтФАтФАтФАтФАтФАтФАтФАтФАтФАтФАтФАтФАтФАтФАтФАтФАтФАтФАтФАтФАтФАтФАтФАтФАтФАтФАтФАтФАтФАтФАтФАтФАтФАтФАтФАтФАтФАтФАтФАтФАтФАтФАтФАтФАтФАтФАтФАтФАтФАтФАтФАтФАтФАтФАтФАтФАтФАтФАтФАтФАтФАтФАтФАтФАтФАтФАтФАтФАтФАтФАтФАтФАтФАтФАтФАтФАтФАтФАтФАтФАтФАтФАтФАтФАтФАтФАтФАтФАтФА
тФМтФАтФАтФАтФАтФАтФАтФАтФАтФАтФАтФАтФАтФАтФАтФАтФАтФАтФАтФАтФАтФАтФАтФАтФАтФАтФАтФАтФАтФАтФАтФАтФАтФАтФАтФАтФАтФАтФАтФАтФАтФАтФАтФАтФАтФАтФАтФАтФАтФАтФАтФАтФАтФАтФАтФАтФАтФАтФАтФАтФАтФАтФАтФАтФАтФАтФАтФАтФАтФАтФАтФАтФАтФАтФАтФАтФАтФАтФАтФАтФАтФАтФАтФАтФАтФАтФАтФАтФАтФАтФАтФАтФАтФАтФАтФАтФАтФАтФАтФАтФАтФАтФАтФАтФАтФАтФАтФАтФАтФАтФАтФАтФАтФАтФАтФАтФАтФАтФАтФА
тФВ #0   TestService._completeBipolarTest (package:psycho_tests/services/test_service.dart:425:23)
тФВ #1   TestService.completeTest (package:psycho_tests/services/test_service.dart:55:16)
тФЬтФДтФДтФДтФДтФДтФДтФДтФДтФДтФДтФДтФДтФДтФДтФДтФДтФДтФДтФДтФДтФДтФДтФДтФДтФДтФДтФДтФДтФДтФДтФДтФДтФДтФДтФДтФДтФДтФДтФДтФДтФДтФДтФДтФДтФДтФДтФДтФДтФДтФДтФДтФДтФДтФДтФДтФДтФДтФДтФДтФДтФДтФДтФДтФДтФДтФДтФДтФДтФДтФДтФДтФДтФДтФДтФДтФДтФДтФДтФДтФДтФДтФДтФДтФДтФДтФДтФДтФДтФДтФДтФДтФДтФДтФДтФДтФДтФДтФДтФДтФДтФДтФДтФДтФДтФДтФДтФДтФДтФДтФДтФДтФДтФДтФДтФДтФДтФДтФДтФД
тФВ ЁЯРЫ Qq48: targetScale=feeling, score=3
тФФтФАтФАтФАтФАтФАтФАтФАтФАтФАтФАтФАтФАтФАтФАтФАтФАтФАтФАтФАтФАтФАтФАтФАтФАтФАтФАтФАтФАтФАтФАтФАтФАтФАтФАтФАтФАтФАтФАтФАтФАтФАтФАтФАтФАтФАтФАтФАтФАтФАтФАтФАтФАтФАтФАтФАтФАтФАтФАтФАтФАтФАтФАтФАтФАтФАтФАтФАтФАтФАтФАтФАтФАтФАтФАтФАтФАтФАтФАтФАтФАтФАтФАтФАтФАтФАтФАтФАтФАтФАтФАтФАтФАтФАтФАтФАтФАтФАтФАтФАтФАтФАтФАтФАтФАтФАтФАтФАтФАтФАтФАтФАтФАтФАтФАтФАтФАтФАтФАтФА
тФМтФАтФАтФАтФАтФАтФАтФАтФАтФАтФАтФАтФАтФАтФАтФАтФАтФАтФАтФАтФАтФАтФАтФАтФАтФАтФАтФАтФАтФАтФАтФАтФАтФАтФАтФАтФАтФАтФАтФАтФАтФАтФАтФАтФАтФАтФАтФАтФАтФАтФАтФАтФАтФАтФАтФАтФАтФАтФАтФАтФАтФАтФАтФАтФАтФАтФАтФАтФАтФАтФАтФАтФАтФАтФАтФАтФАтФАтФАтФАтФАтФАтФАтФАтФАтФАтФАтФАтФАтФАтФАтФАтФАтФАтФАтФАтФАтФАтФАтФАтФАтФАтФАтФАтФАтФАтФАтФАтФАтФАтФАтФАтФАтФАтФАтФАтФАтФАтФАтФА
тФВ #0   TestService._completeBipolarTest (package:psycho_tests/services/test_service.dart:425:23)
тФВ #1   TestService.completeTest (package:psycho_tests/services/test_service.dart:55:16)
тФЬтФДтФДтФДтФДтФДтФДтФДтФДтФДтФДтФДтФДтФДтФДтФДтФДтФДтФДтФДтФДтФДтФДтФДтФДтФДтФДтФДтФДтФДтФДтФДтФДтФДтФДтФДтФДтФДтФДтФДтФДтФДтФДтФДтФДтФДтФДтФДтФДтФДтФДтФДтФДтФДтФДтФДтФДтФДтФДтФДтФДтФДтФДтФДтФДтФДтФДтФДтФДтФДтФДтФДтФДтФДтФДтФДтФДтФДтФДтФДтФДтФДтФДтФДтФДтФДтФДтФДтФДтФДтФДтФДтФДтФДтФДтФДтФДтФДтФДтФДтФДтФДтФДтФДтФДтФДтФДтФДтФДтФДтФДтФДтФДтФДтФДтФДтФДтФДтФДтФД
тФВ ЁЯРЫ Qq49: targetScale=thinking, score=3
тФФтФАтФАтФАтФАтФАтФАтФАтФАтФАтФАтФАтФАтФАтФАтФАтФАтФАтФАтФАтФАтФАтФАтФАтФАтФАтФАтФАтФАтФАтФАтФАтФАтФАтФАтФАтФАтФАтФАтФАтФАтФАтФАтФАтФАтФАтФАтФАтФАтФАтФАтФАтФАтФАтФАтФАтФАтФАтФАтФАтФАтФАтФАтФАтФАтФАтФАтФАтФАтФАтФАтФАтФАтФАтФАтФАтФАтФАтФАтФАтФАтФАтФАтФАтФАтФАтФАтФАтФАтФАтФАтФАтФАтФАтФАтФАтФАтФАтФАтФАтФАтФАтФАтФАтФАтФАтФАтФАтФАтФАтФАтФАтФАтФАтФАтФАтФАтФАтФАтФА
тФМтФАтФАтФАтФАтФАтФАтФАтФАтФАтФАтФАтФАтФАтФАтФАтФАтФАтФАтФАтФАтФАтФАтФАтФАтФАтФАтФАтФАтФАтФАтФАтФАтФАтФАтФАтФАтФАтФАтФАтФАтФАтФАтФАтФАтФАтФАтФАтФАтФАтФАтФАтФАтФАтФАтФАтФАтФАтФАтФАтФАтФАтФАтФАтФАтФАтФАтФАтФАтФАтФАтФАтФАтФАтФАтФАтФАтФАтФАтФАтФАтФАтФАтФАтФАтФАтФАтФАтФАтФАтФАтФАтФАтФАтФАтФАтФАтФАтФАтФАтФАтФАтФАтФАтФАтФАтФАтФАтФАтФАтФАтФАтФАтФАтФАтФАтФАтФАтФАтФА
тФВ #0   TestService._completeBipolarTest (package:psycho_tests/services/test_service.dart:425:23)
тФВ #1   TestService.completeTest (package:psycho_tests/services/test_service.dart:55:16)
тФЬтФДтФДтФДтФДтФДтФДтФДтФДтФДтФДтФДтФДтФДтФДтФДтФДтФДтФДтФДтФДтФДтФДтФДтФДтФДтФДтФДтФДтФДтФДтФДтФДтФДтФДтФДтФДтФДтФДтФДтФДтФДтФДтФДтФДтФДтФДтФДтФДтФДтФДтФДтФДтФДтФДтФДтФДтФДтФДтФДтФДтФДтФДтФДтФДтФДтФДтФДтФДтФДтФДтФДтФДтФДтФДтФДтФДтФДтФДтФДтФДтФДтФДтФДтФДтФДтФДтФДтФДтФДтФДтФДтФДтФДтФДтФДтФДтФДтФДтФДтФДтФДтФДтФДтФДтФДтФДтФДтФДтФДтФДтФДтФДтФДтФДтФДтФДтФДтФДтФД
тФВ ЁЯРЫ Qq50: targetScale=feeling, score=3
тФФтФАтФАтФАтФАтФАтФАтФАтФАтФАтФАтФАтФАтФАтФАтФАтФАтФАтФАтФАтФАтФАтФАтФАтФАтФАтФАтФАтФАтФАтФАтФАтФАтФАтФАтФАтФАтФАтФАтФАтФАтФАтФАтФАтФАтФАтФАтФАтФАтФАтФАтФАтФАтФАтФАтФАтФАтФАтФАтФАтФАтФАтФАтФАтФАтФАтФАтФАтФАтФАтФАтФАтФАтФАтФАтФАтФАтФАтФАтФАтФАтФАтФАтФАтФАтФАтФАтФАтФАтФАтФАтФАтФАтФАтФАтФАтФАтФАтФАтФАтФАтФАтФАтФАтФАтФАтФАтФАтФАтФАтФАтФАтФАтФАтФАтФАтФАтФАтФАтФА
тФМтФАтФАтФАтФАтФАтФАтФАтФАтФАтФАтФАтФАтФАтФАтФАтФАтФАтФАтФАтФАтФАтФАтФАтФАтФАтФАтФАтФАтФАтФАтФАтФАтФАтФАтФАтФАтФАтФАтФАтФАтФАтФАтФАтФАтФАтФАтФАтФАтФАтФАтФАтФАтФАтФАтФАтФАтФАтФАтФАтФАтФАтФАтФАтФАтФАтФАтФАтФАтФАтФАтФАтФАтФАтФАтФАтФАтФАтФАтФАтФАтФАтФАтФАтФАтФАтФАтФАтФАтФАтФАтФАтФАтФАтФАтФАтФАтФАтФАтФАтФАтФАтФАтФАтФАтФАтФАтФАтФАтФАтФАтФАтФАтФАтФАтФАтФАтФАтФАтФА
тФВ #0   TestService._completeBipolarTest (package:psycho_tests/services/test_service.dart:425:23)
тФВ #1   TestService.completeTest (package:psycho_tests/services/test_service.dart:55:16)
тФЬтФДтФДтФДтФДтФДтФДтФДтФДтФДтФДтФДтФДтФДтФДтФДтФДтФДтФДтФДтФДтФДтФДтФДтФДтФДтФДтФДтФДтФДтФДтФДтФДтФДтФДтФДтФДтФДтФДтФДтФДтФДтФДтФДтФДтФДтФДтФДтФДтФДтФДтФДтФДтФДтФДтФДтФДтФДтФДтФДтФДтФДтФДтФДтФДтФДтФДтФДтФДтФДтФДтФДтФДтФДтФДтФДтФДтФДтФДтФДтФДтФДтФДтФДтФДтФДтФДтФДтФДтФДтФДтФДтФДтФДтФДтФДтФДтФДтФДтФДтФДтФДтФДтФДтФДтФДтФДтФДтФДтФДтФДтФДтФДтФДтФДтФДтФДтФДтФДтФД
тФВ ЁЯРЫ Qq51: targetScale=thinking, score=3
тФФтФАтФАтФАтФАтФАтФАтФАтФАтФАтФАтФАтФАтФАтФАтФАтФАтФАтФАтФАтФАтФАтФАтФАтФАтФАтФАтФАтФАтФАтФАтФАтФАтФАтФАтФАтФАтФАтФАтФАтФАтФАтФАтФАтФАтФАтФАтФАтФАтФАтФАтФАтФАтФАтФАтФАтФАтФАтФАтФАтФАтФАтФАтФАтФАтФАтФАтФАтФАтФАтФАтФАтФАтФАтФАтФАтФАтФАтФАтФАтФАтФАтФАтФАтФАтФАтФАтФАтФАтФАтФАтФАтФАтФАтФАтФАтФАтФАтФАтФАтФАтФАтФАтФАтФАтФАтФАтФАтФАтФАтФАтФАтФАтФАтФАтФАтФАтФАтФАтФА
тФМтФАтФАтФАтФАтФАтФАтФАтФАтФАтФАтФАтФАтФАтФАтФАтФАтФАтФАтФАтФАтФАтФАтФАтФАтФАтФАтФАтФАтФАтФАтФАтФАтФАтФАтФАтФАтФАтФАтФАтФАтФАтФАтФАтФАтФАтФАтФАтФАтФАтФАтФАтФАтФАтФАтФАтФАтФАтФАтФАтФАтФАтФАтФАтФАтФАтФАтФАтФАтФАтФАтФАтФАтФАтФАтФАтФАтФАтФАтФАтФАтФАтФАтФАтФАтФАтФАтФАтФАтФАтФАтФАтФАтФАтФАтФАтФАтФАтФАтФАтФАтФАтФАтФАтФАтФАтФАтФАтФАтФАтФАтФАтФАтФАтФАтФАтФАтФАтФАтФА
тФВ #0   TestService._completeBipolarTest (package:psycho_tests/services/test_service.dart:425:23)
тФВ #1   TestService.completeTest (package:psycho_tests/services/test_service.dart:55:16)
тФЬтФДтФДтФДтФДтФДтФДтФДтФДтФДтФДтФДтФДтФДтФДтФДтФДтФДтФДтФДтФДтФДтФДтФДтФДтФДтФДтФДтФДтФДтФДтФДтФДтФДтФДтФДтФДтФДтФДтФДтФДтФДтФДтФДтФДтФДтФДтФДтФДтФДтФДтФДтФДтФДтФДтФДтФДтФДтФДтФДтФДтФДтФДтФДтФДтФДтФДтФДтФДтФДтФДтФДтФДтФДтФДтФДтФДтФДтФДтФДтФДтФДтФДтФДтФДтФДтФДтФДтФДтФДтФДтФДтФДтФДтФДтФДтФДтФДтФДтФДтФДтФДтФДтФДтФДтФДтФДтФДтФДтФДтФДтФДтФДтФДтФДтФДтФДтФДтФДтФД
тФВ ЁЯРЫ Qq52: targetScale=feeling, score=3
тФФтФАтФАтФАтФАтФАтФАтФАтФАтФАтФАтФАтФАтФАтФАтФАтФАтФАтФАтФАтФАтФАтФАтФАтФАтФАтФАтФАтФАтФАтФАтФАтФАтФАтФАтФАтФАтФАтФАтФАтФАтФАтФАтФАтФАтФАтФАтФАтФАтФАтФАтФАтФАтФАтФАтФАтФАтФАтФАтФАтФАтФАтФАтФАтФАтФАтФАтФАтФАтФАтФАтФАтФАтФАтФАтФАтФАтФАтФАтФАтФАтФАтФАтФАтФАтФАтФАтФАтФАтФАтФАтФАтФАтФАтФАтФАтФАтФАтФАтФАтФАтФАтФАтФАтФАтФАтФАтФАтФАтФАтФАтФАтФАтФАтФАтФАтФАтФАтФАтФА
тФМтФАтФАтФАтФАтФАтФАтФАтФАтФАтФАтФАтФАтФАтФАтФАтФАтФАтФАтФАтФАтФАтФАтФАтФАтФАтФАтФАтФАтФАтФАтФАтФАтФАтФАтФАтФАтФАтФАтФАтФАтФАтФАтФАтФАтФАтФАтФАтФАтФАтФАтФАтФАтФАтФАтФАтФАтФАтФАтФАтФАтФАтФАтФАтФАтФАтФАтФАтФАтФАтФАтФАтФАтФАтФАтФАтФАтФАтФАтФАтФАтФАтФАтФАтФАтФАтФАтФАтФАтФАтФАтФАтФАтФАтФАтФАтФАтФАтФАтФАтФАтФАтФАтФАтФАтФАтФАтФАтФАтФАтФАтФАтФАтФАтФАтФАтФАтФАтФАтФА
тФВ #0   TestService._completeBipolarTest (package:psycho_tests/services/test_service.dart:425:23)
тФВ #1   TestService.completeTest (package:psycho_tests/services/test_service.dart:55:16)
тФЬтФДтФДтФДтФДтФДтФДтФДтФДтФДтФДтФДтФДтФДтФДтФДтФДтФДтФДтФДтФДтФДтФДтФДтФДтФДтФДтФДтФДтФДтФДтФДтФДтФДтФДтФДтФДтФДтФДтФДтФДтФДтФДтФДтФДтФДтФДтФДтФДтФДтФДтФДтФДтФДтФДтФДтФДтФДтФДтФДтФДтФДтФДтФДтФДтФДтФДтФДтФДтФДтФДтФДтФДтФДтФДтФДтФДтФДтФДтФДтФДтФДтФДтФДтФДтФДтФДтФДтФДтФДтФДтФДтФДтФДтФДтФДтФДтФДтФДтФДтФДтФДтФДтФДтФДтФДтФДтФДтФДтФДтФДтФДтФДтФДтФДтФДтФДтФДтФДтФД
тФВ ЁЯРЫ Qq53: targetScale=thinking, score=3
тФФтФАтФАтФАтФАтФАтФАтФАтФАтФАтФАтФАтФАтФАтФАтФАтФАтФАтФАтФАтФАтФАтФАтФАтФАтФАтФАтФАтФАтФАтФАтФАтФАтФАтФАтФАтФАтФАтФАтФАтФАтФАтФАтФАтФАтФАтФАтФАтФАтФАтФАтФАтФАтФАтФАтФАтФАтФАтФАтФАтФАтФАтФАтФАтФАтФАтФАтФАтФАтФАтФАтФАтФАтФАтФАтФАтФАтФАтФАтФАтФАтФАтФАтФАтФАтФАтФАтФАтФАтФАтФАтФАтФАтФАтФАтФАтФАтФАтФАтФАтФАтФАтФАтФАтФАтФАтФАтФАтФАтФАтФАтФАтФАтФАтФАтФАтФАтФАтФАтФА
тФМтФАтФАтФАтФАтФАтФАтФАтФАтФАтФАтФАтФАтФАтФАтФАтФАтФАтФАтФАтФАтФАтФАтФАтФАтФАтФАтФАтФАтФАтФАтФАтФАтФАтФАтФАтФАтФАтФАтФАтФАтФАтФАтФАтФАтФАтФАтФАтФАтФАтФАтФАтФАтФАтФАтФАтФАтФАтФАтФАтФАтФАтФАтФАтФАтФАтФАтФАтФАтФАтФАтФАтФАтФАтФАтФАтФАтФАтФАтФАтФАтФАтФАтФАтФАтФАтФАтФАтФАтФАтФАтФАтФАтФАтФАтФАтФАтФАтФАтФАтФАтФАтФАтФАтФАтФАтФАтФАтФАтФАтФАтФАтФАтФАтФАтФАтФАтФАтФАтФА
тФВ #0   TestService._completeBipolarTest (package:psycho_tests/services/test_service.dart:425:23)
тФВ #1   TestService.completeTest (package:psycho_tests/services/test_service.dart:55:16)
тФЬтФДтФДтФДтФДтФДтФДтФДтФДтФДтФДтФДтФДтФДтФДтФДтФДтФДтФДтФДтФДтФДтФДтФДтФДтФДтФДтФДтФДтФДтФДтФДтФДтФДтФДтФДтФДтФДтФДтФДтФДтФДтФДтФДтФДтФДтФДтФДтФДтФДтФДтФДтФДтФДтФДтФДтФДтФДтФДтФДтФДтФДтФДтФДтФДтФДтФДтФДтФДтФДтФДтФДтФДтФДтФДтФДтФДтФДтФДтФДтФДтФДтФДтФДтФДтФДтФДтФДтФДтФДтФДтФДтФДтФДтФДтФДтФДтФДтФДтФДтФДтФДтФДтФДтФДтФДтФДтФДтФДтФДтФДтФДтФДтФДтФДтФДтФДтФДтФДтФД
тФВ ЁЯРЫ Qq54: targetScale=feeling, score=3
тФФтФАтФАтФАтФАтФАтФАтФАтФАтФАтФАтФАтФАтФАтФАтФАтФАтФАтФАтФАтФАтФАтФАтФАтФАтФАтФАтФАтФАтФАтФАтФАтФАтФАтФАтФАтФАтФАтФАтФАтФАтФАтФАтФАтФАтФАтФАтФАтФАтФАтФАтФАтФАтФАтФАтФАтФАтФАтФАтФАтФАтФАтФАтФАтФАтФАтФАтФАтФАтФАтФАтФАтФАтФАтФАтФАтФАтФАтФАтФАтФАтФАтФАтФАтФАтФАтФАтФАтФАтФАтФАтФАтФАтФАтФАтФАтФАтФАтФАтФАтФАтФАтФАтФАтФАтФАтФАтФАтФАтФАтФАтФАтФАтФАтФАтФАтФАтФАтФАтФА
тФМтФАтФАтФАтФАтФАтФАтФАтФАтФАтФАтФАтФАтФАтФАтФАтФАтФАтФАтФАтФАтФАтФАтФАтФАтФАтФАтФАтФАтФАтФАтФАтФАтФАтФАтФАтФАтФАтФАтФАтФАтФАтФАтФАтФАтФАтФАтФАтФАтФАтФАтФАтФАтФАтФАтФАтФАтФАтФАтФАтФАтФАтФАтФАтФАтФАтФАтФАтФАтФАтФАтФАтФАтФАтФАтФАтФАтФАтФАтФАтФАтФАтФАтФАтФАтФАтФАтФАтФАтФАтФАтФАтФАтФАтФАтФАтФАтФАтФАтФАтФАтФАтФАтФАтФАтФАтФАтФАтФАтФАтФАтФАтФАтФАтФАтФАтФАтФАтФАтФА
тФВ #0   TestService._completeBipolarTest (package:psycho_tests/services/test_service.dart:425:23)
тФВ #1   TestService.completeTest (package:psycho_tests/services/test_service.dart:55:16)
тФЬтФДтФДтФДтФДтФДтФДтФДтФДтФДтФДтФДтФДтФДтФДтФДтФДтФДтФДтФДтФДтФДтФДтФДтФДтФДтФДтФДтФДтФДтФДтФДтФДтФДтФДтФДтФДтФДтФДтФДтФДтФДтФДтФДтФДтФДтФДтФДтФДтФДтФДтФДтФДтФДтФДтФДтФДтФДтФДтФДтФДтФДтФДтФДтФДтФДтФДтФДтФДтФДтФДтФДтФДтФДтФДтФДтФДтФДтФДтФДтФДтФДтФДтФДтФДтФДтФДтФДтФДтФДтФДтФДтФДтФДтФДтФДтФДтФДтФДтФДтФДтФДтФДтФДтФДтФДтФДтФДтФДтФДтФДтФДтФДтФДтФДтФДтФДтФДтФДтФД
тФВ ЁЯРЫ Qq55: targetScale=thinking, score=3
тФФтФАтФАтФАтФАтФАтФАтФАтФАтФАтФАтФАтФАтФАтФАтФАтФАтФАтФАтФАтФАтФАтФАтФАтФАтФАтФАтФАтФАтФАтФАтФАтФАтФАтФАтФАтФАтФАтФАтФАтФАтФАтФАтФАтФАтФАтФАтФАтФАтФАтФАтФАтФАтФАтФАтФАтФАтФАтФАтФАтФАтФАтФАтФАтФАтФАтФАтФАтФАтФАтФАтФАтФАтФАтФАтФАтФАтФАтФАтФАтФАтФАтФАтФАтФАтФАтФАтФАтФАтФАтФАтФАтФАтФАтФАтФАтФАтФАтФАтФАтФАтФАтФАтФАтФАтФАтФАтФАтФАтФАтФАтФАтФАтФАтФАтФАтФАтФАтФАтФА
тФМтФАтФАтФАтФАтФАтФАтФАтФАтФАтФАтФАтФАтФАтФАтФАтФАтФАтФАтФАтФАтФАтФАтФАтФАтФАтФАтФАтФАтФАтФАтФАтФАтФАтФАтФАтФАтФАтФАтФАтФАтФАтФАтФАтФАтФАтФАтФАтФАтФАтФАтФАтФАтФАтФАтФАтФАтФАтФАтФАтФАтФАтФАтФАтФАтФАтФАтФАтФАтФАтФАтФАтФАтФАтФАтФАтФАтФАтФАтФАтФАтФАтФАтФАтФАтФАтФАтФАтФАтФАтФАтФАтФАтФАтФАтФАтФАтФАтФАтФАтФАтФАтФАтФАтФАтФАтФАтФАтФАтФАтФАтФАтФАтФАтФАтФАтФАтФАтФАтФА
тФВ #0   TestService._completeBipolarTest (package:psycho_tests/services/test_service.dart:425:23)
тФВ #1   TestService.completeTest (package:psycho_tests/services/test_service.dart:55:16)
тФЬтФДтФДтФДтФДтФДтФДтФДтФДтФДтФДтФДтФДтФДтФДтФДтФДтФДтФДтФДтФДтФДтФДтФДтФДтФДтФДтФДтФДтФДтФДтФДтФДтФДтФДтФДтФДтФДтФДтФДтФДтФДтФДтФДтФДтФДтФДтФДтФДтФДтФДтФДтФДтФДтФДтФДтФДтФДтФДтФДтФДтФДтФДтФДтФДтФДтФДтФДтФДтФДтФДтФДтФДтФДтФДтФДтФДтФДтФДтФДтФДтФДтФДтФДтФДтФДтФДтФДтФДтФДтФДтФДтФДтФДтФДтФДтФДтФДтФДтФДтФДтФДтФДтФДтФДтФДтФДтФДтФДтФДтФДтФДтФДтФДтФДтФДтФДтФДтФДтФД
тФВ ЁЯРЫ Qq56: targetScale=feeling, score=3
тФФтФАтФАтФАтФАтФАтФАтФАтФАтФАтФАтФАтФАтФАтФАтФАтФАтФАтФАтФАтФАтФАтФАтФАтФАтФАтФАтФАтФАтФАтФАтФАтФАтФАтФАтФАтФАтФАтФАтФАтФАтФАтФАтФАтФАтФАтФАтФАтФАтФАтФАтФАтФАтФАтФАтФАтФАтФАтФАтФАтФАтФАтФАтФАтФАтФАтФАтФАтФАтФАтФАтФАтФАтФАтФАтФАтФАтФАтФАтФАтФАтФАтФАтФАтФАтФАтФАтФАтФАтФАтФАтФАтФАтФАтФАтФАтФАтФАтФАтФАтФАтФАтФАтФАтФАтФАтФАтФАтФАтФАтФАтФАтФАтФАтФАтФАтФАтФАтФАтФА
тФМтФАтФАтФАтФАтФАтФАтФАтФАтФАтФАтФАтФАтФАтФАтФАтФАтФАтФАтФАтФАтФАтФАтФАтФАтФАтФАтФАтФАтФАтФАтФАтФАтФАтФАтФАтФАтФАтФАтФАтФАтФАтФАтФАтФАтФАтФАтФАтФАтФАтФАтФАтФАтФАтФАтФАтФАтФАтФАтФАтФАтФАтФАтФАтФАтФАтФАтФАтФАтФАтФАтФАтФАтФАтФАтФАтФАтФАтФАтФАтФАтФАтФАтФАтФАтФАтФАтФАтФАтФАтФАтФАтФАтФАтФАтФАтФАтФАтФАтФАтФАтФАтФАтФАтФАтФАтФАтФАтФАтФАтФАтФАтФАтФАтФАтФАтФАтФАтФАтФА
тФВ #0   TestService._completeBipolarTest (package:psycho_tests/services/test_service.dart:425:23)
тФВ #1   TestService.completeTest (package:psycho_tests/services/test_service.dart:55:16)
тФЬтФДтФДтФДтФДтФДтФДтФДтФДтФДтФДтФДтФДтФДтФДтФДтФДтФДтФДтФДтФДтФДтФДтФДтФДтФДтФДтФДтФДтФДтФДтФДтФДтФДтФДтФДтФДтФДтФДтФДтФДтФДтФДтФДтФДтФДтФДтФДтФДтФДтФДтФДтФДтФДтФДтФДтФДтФДтФДтФДтФДтФДтФДтФДтФДтФДтФДтФДтФДтФДтФДтФДтФДтФДтФДтФДтФДтФДтФДтФДтФДтФДтФДтФДтФДтФДтФДтФДтФДтФДтФДтФДтФДтФДтФДтФДтФДтФДтФДтФДтФДтФДтФДтФДтФДтФДтФДтФДтФДтФДтФДтФДтФДтФДтФДтФДтФДтФДтФДтФД
тФВ ЁЯРЫ Qq57: targetScale=thinking, score=3
тФФтФАтФАтФАтФАтФАтФАтФАтФАтФАтФАтФАтФАтФАтФАтФАтФАтФАтФАтФАтФАтФАтФАтФАтФАтФАтФАтФАтФАтФАтФАтФАтФАтФАтФАтФАтФАтФАтФАтФАтФАтФАтФАтФАтФАтФАтФАтФАтФАтФАтФАтФАтФАтФАтФАтФАтФАтФАтФАтФАтФАтФАтФАтФАтФАтФАтФАтФАтФАтФАтФАтФАтФАтФАтФАтФАтФАтФАтФАтФАтФАтФАтФАтФАтФАтФАтФАтФАтФАтФАтФАтФАтФАтФАтФАтФАтФАтФАтФАтФАтФАтФАтФАтФАтФАтФАтФАтФАтФАтФАтФАтФАтФАтФАтФАтФАтФАтФАтФАтФА
тФМтФАтФАтФАтФАтФАтФАтФАтФАтФАтФАтФАтФАтФАтФАтФАтФАтФАтФАтФАтФАтФАтФАтФАтФАтФАтФАтФАтФАтФАтФАтФАтФАтФАтФАтФАтФАтФАтФАтФАтФАтФАтФАтФАтФАтФАтФАтФАтФАтФАтФАтФАтФАтФАтФАтФАтФАтФАтФАтФАтФАтФАтФАтФАтФАтФАтФАтФАтФАтФАтФАтФАтФАтФАтФАтФАтФАтФАтФАтФАтФАтФАтФАтФАтФАтФАтФАтФАтФАтФАтФАтФАтФАтФАтФАтФАтФАтФАтФАтФАтФАтФАтФАтФАтФАтФАтФАтФАтФАтФАтФАтФАтФАтФАтФАтФАтФАтФАтФАтФА
тФВ #0   TestService._completeBipolarTest (package:psycho_tests/services/test_service.dart:425:23)
тФВ #1   TestService.completeTest (package:psycho_tests/services/test_service.dart:55:16)
тФЬтФДтФДтФДтФДтФДтФДтФДтФДтФДтФДтФДтФДтФДтФДтФДтФДтФДтФДтФДтФДтФДтФДтФДтФДтФДтФДтФДтФДтФДтФДтФДтФДтФДтФДтФДтФДтФДтФДтФДтФДтФДтФДтФДтФДтФДтФДтФДтФДтФДтФДтФДтФДтФДтФДтФДтФДтФДтФДтФДтФДтФДтФДтФДтФДтФДтФДтФДтФДтФДтФДтФДтФДтФДтФДтФДтФДтФДтФДтФДтФДтФДтФДтФДтФДтФДтФДтФДтФДтФДтФДтФДтФДтФДтФДтФДтФДтФДтФДтФДтФДтФДтФДтФДтФДтФДтФДтФДтФДтФДтФДтФДтФДтФДтФДтФДтФДтФДтФДтФД
тФВ ЁЯРЫ Qq58: targetScale=feeling, score=3
тФФтФАтФАтФАтФАтФАтФАтФАтФАтФАтФАтФАтФАтФАтФАтФАтФАтФАтФАтФАтФАтФАтФАтФАтФАтФАтФАтФАтФАтФАтФАтФАтФАтФАтФАтФАтФАтФАтФАтФАтФАтФАтФАтФАтФАтФАтФАтФАтФАтФАтФАтФАтФАтФАтФАтФАтФАтФАтФАтФАтФАтФАтФАтФАтФАтФАтФАтФАтФАтФАтФАтФАтФАтФАтФАтФАтФАтФАтФАтФАтФАтФАтФАтФАтФАтФАтФАтФАтФАтФАтФАтФАтФАтФАтФАтФАтФАтФАтФАтФАтФАтФАтФАтФАтФАтФАтФАтФАтФАтФАтФАтФАтФАтФАтФАтФАтФАтФАтФАтФА
тФМтФАтФАтФАтФАтФАтФАтФАтФАтФАтФАтФАтФАтФАтФАтФАтФАтФАтФАтФАтФАтФАтФАтФАтФАтФАтФАтФАтФАтФАтФАтФАтФАтФАтФАтФАтФАтФАтФАтФАтФАтФАтФАтФАтФАтФАтФАтФАтФАтФАтФАтФАтФАтФАтФАтФАтФАтФАтФАтФАтФАтФАтФАтФАтФАтФАтФАтФАтФАтФАтФАтФАтФАтФАтФАтФАтФАтФАтФАтФАтФАтФАтФАтФАтФАтФАтФАтФАтФАтФАтФАтФАтФАтФАтФАтФАтФАтФАтФАтФАтФАтФАтФАтФАтФАтФАтФАтФАтФАтФАтФАтФАтФАтФАтФАтФАтФАтФАтФАтФА
тФВ #0   TestService._completeBipolarTest (package:psycho_tests/services/test_service.dart:425:23)
тФВ #1   TestService.completeTest (package:psycho_tests/services/test_service.dart:55:16)
тФЬтФДтФДтФДтФДтФДтФДтФДтФДтФДтФДтФДтФДтФДтФДтФДтФДтФДтФДтФДтФДтФДтФДтФДтФДтФДтФДтФДтФДтФДтФДтФДтФДтФДтФДтФДтФДтФДтФДтФДтФДтФДтФДтФДтФДтФДтФДтФДтФДтФДтФДтФДтФДтФДтФДтФДтФДтФДтФДтФДтФДтФДтФДтФДтФДтФДтФДтФДтФДтФДтФДтФДтФДтФДтФДтФДтФДтФДтФДтФДтФДтФДтФДтФДтФДтФДтФДтФДтФДтФДтФДтФДтФДтФДтФДтФДтФДтФДтФДтФДтФДтФДтФДтФДтФДтФДтФДтФДтФДтФДтФДтФДтФДтФДтФДтФДтФДтФДтФДтФД
тФВ ЁЯРЫ Qq59: targetScale=feeling, score=3
тФФтФАтФАтФАтФАтФАтФАтФАтФАтФАтФАтФАтФАтФАтФАтФАтФАтФАтФАтФАтФАтФАтФАтФАтФАтФАтФАтФАтФАтФАтФАтФАтФАтФАтФАтФАтФАтФАтФАтФАтФАтФАтФАтФАтФАтФАтФАтФАтФАтФАтФАтФАтФАтФАтФАтФАтФАтФАтФАтФАтФАтФАтФАтФАтФАтФАтФАтФАтФАтФАтФАтФАтФАтФАтФАтФАтФАтФАтФАтФАтФАтФАтФАтФАтФАтФАтФАтФАтФАтФАтФАтФАтФАтФАтФАтФАтФАтФАтФАтФАтФАтФАтФАтФАтФАтФАтФАтФАтФАтФАтФАтФАтФАтФАтФАтФАтФАтФАтФАтФА
тФМтФАтФАтФАтФАтФАтФАтФАтФАтФАтФАтФАтФАтФАтФАтФАтФАтФАтФАтФАтФАтФАтФАтФАтФАтФАтФАтФАтФАтФАтФАтФАтФАтФАтФАтФАтФАтФАтФАтФАтФАтФАтФАтФАтФАтФАтФАтФАтФАтФАтФАтФАтФАтФАтФАтФАтФАтФАтФАтФАтФАтФАтФАтФАтФАтФАтФАтФАтФАтФАтФАтФАтФАтФАтФАтФАтФАтФАтФАтФАтФАтФАтФАтФАтФАтФАтФАтФАтФАтФАтФАтФАтФАтФАтФАтФАтФАтФАтФАтФАтФАтФАтФАтФАтФАтФАтФАтФАтФАтФАтФАтФАтФАтФАтФАтФАтФАтФАтФАтФА
тФВ #0   TestService._completeBipolarTest (package:psycho_tests/services/test_service.dart:425:23)
тФВ #1   TestService.completeTest (package:psycho_tests/services/test_service.dart:55:16)
тФЬтФДтФДтФДтФДтФДтФДтФДтФДтФДтФДтФДтФДтФДтФДтФДтФДтФДтФДтФДтФДтФДтФДтФДтФДтФДтФДтФДтФДтФДтФДтФДтФДтФДтФДтФДтФДтФДтФДтФДтФДтФДтФДтФДтФДтФДтФДтФДтФДтФДтФДтФДтФДтФДтФДтФДтФДтФДтФДтФДтФДтФДтФДтФДтФДтФДтФДтФДтФДтФДтФДтФДтФДтФДтФДтФДтФДтФДтФДтФДтФДтФДтФДтФДтФДтФДтФДтФДтФДтФДтФДтФДтФДтФДтФДтФДтФДтФДтФДтФДтФДтФДтФДтФДтФДтФДтФДтФДтФДтФДтФДтФДтФДтФДтФДтФДтФДтФДтФДтФД
тФВ ЁЯРЫ Qq60: targetScale=thinking, score=3
тФФтФАтФАтФАтФАтФАтФАтФАтФАтФАтФАтФАтФАтФАтФАтФАтФАтФАтФАтФАтФАтФАтФАтФАтФАтФАтФАтФАтФАтФАтФАтФАтФАтФАтФАтФАтФАтФАтФАтФАтФАтФАтФАтФАтФАтФАтФАтФАтФАтФАтФАтФАтФАтФАтФАтФАтФАтФАтФАтФАтФАтФАтФАтФАтФАтФАтФАтФАтФАтФАтФАтФАтФАтФАтФАтФАтФАтФАтФАтФАтФАтФАтФАтФАтФАтФАтФАтФАтФАтФАтФАтФАтФАтФАтФАтФАтФАтФАтФАтФАтФАтФАтФАтФАтФАтФАтФАтФАтФАтФАтФАтФАтФАтФАтФАтФАтФАтФАтФАтФА
тФМтФАтФАтФАтФАтФАтФАтФАтФАтФАтФАтФАтФАтФАтФАтФАтФАтФАтФАтФАтФАтФАтФАтФАтФАтФАтФАтФАтФАтФАтФАтФАтФАтФАтФАтФАтФАтФАтФАтФАтФАтФАтФАтФАтФАтФАтФАтФАтФАтФАтФАтФАтФАтФАтФАтФАтФАтФАтФАтФАтФАтФАтФАтФАтФАтФАтФАтФАтФАтФАтФАтФАтФАтФАтФАтФАтФАтФАтФАтФАтФАтФАтФАтФАтФАтФАтФАтФАтФАтФАтФАтФАтФАтФАтФАтФАтФАтФАтФАтФАтФАтФАтФАтФАтФАтФАтФАтФАтФАтФАтФАтФАтФАтФАтФАтФАтФАтФАтФАтФА
тФВ #0   TestService._completeBipolarTest (package:psycho_tests/services/test_service.dart:425:23)
тФВ #1   TestService.completeTest (package:psycho_tests/services/test_service.dart:55:16)
тФЬтФДтФДтФДтФДтФДтФДтФДтФДтФДтФДтФДтФДтФДтФДтФДтФДтФДтФДтФДтФДтФДтФДтФДтФДтФДтФДтФДтФДтФДтФДтФДтФДтФДтФДтФДтФДтФДтФДтФДтФДтФДтФДтФДтФДтФДтФДтФДтФДтФДтФДтФДтФДтФДтФДтФДтФДтФДтФДтФДтФДтФДтФДтФДтФДтФДтФДтФДтФДтФДтФДтФДтФДтФДтФДтФДтФДтФДтФДтФДтФДтФДтФДтФДтФДтФДтФДтФДтФДтФДтФДтФДтФДтФДтФДтФДтФДтФДтФДтФДтФДтФДтФДтФДтФДтФДтФДтФДтФДтФДтФДтФДтФДтФДтФДтФДтФДтФДтФДтФД
тФВ ЁЯРЫ Qq61: targetScale=judging, score=3
тФФтФАтФАтФАтФАтФАтФАтФАтФАтФАтФАтФАтФАтФАтФАтФАтФАтФАтФАтФАтФАтФАтФАтФАтФАтФАтФАтФАтФАтФАтФАтФАтФАтФАтФАтФАтФАтФАтФАтФАтФАтФАтФАтФАтФАтФАтФАтФАтФАтФАтФАтФАтФАтФАтФАтФАтФАтФАтФАтФАтФАтФАтФАтФАтФАтФАтФАтФАтФАтФАтФАтФАтФАтФАтФАтФАтФАтФАтФАтФАтФАтФАтФАтФАтФАтФАтФАтФАтФАтФАтФАтФАтФАтФАтФАтФАтФАтФАтФАтФАтФАтФАтФАтФАтФАтФАтФАтФАтФАтФАтФАтФАтФАтФАтФАтФАтФАтФАтФАтФА
тФМтФАтФАтФАтФАтФАтФАтФАтФАтФАтФАтФАтФАтФАтФАтФАтФАтФАтФАтФАтФАтФАтФАтФАтФАтФАтФАтФАтФАтФАтФАтФАтФАтФАтФАтФАтФАтФАтФАтФАтФАтФАтФАтФАтФАтФАтФАтФАтФАтФАтФАтФАтФАтФАтФАтФАтФАтФАтФАтФАтФАтФАтФАтФАтФАтФАтФАтФАтФАтФАтФАтФАтФАтФАтФАтФАтФАтФАтФАтФАтФАтФАтФАтФАтФАтФАтФАтФАтФАтФАтФАтФАтФАтФАтФАтФАтФАтФАтФАтФАтФАтФАтФАтФАтФАтФАтФАтФАтФАтФАтФАтФАтФАтФАтФАтФАтФАтФАтФАтФА
тФВ #0   TestService._completeBipolarTest (package:psycho_tests/services/test_service.dart:425:23)
тФВ #1   TestService.completeTest (package:psycho_tests/services/test_service.dart:55:16)
тФЬтФДтФДтФДтФДтФДтФДтФДтФДтФДтФДтФДтФДтФДтФДтФДтФДтФДтФДтФДтФДтФДтФДтФДтФДтФДтФДтФДтФДтФДтФДтФДтФДтФДтФДтФДтФДтФДтФДтФДтФДтФДтФДтФДтФДтФДтФДтФДтФДтФДтФДтФДтФДтФДтФДтФДтФДтФДтФДтФДтФДтФДтФДтФДтФДтФДтФДтФДтФДтФДтФДтФДтФДтФДтФДтФДтФДтФДтФДтФДтФДтФДтФДтФДтФДтФДтФДтФДтФДтФДтФДтФДтФДтФДтФДтФДтФДтФДтФДтФДтФДтФДтФДтФДтФДтФДтФДтФДтФДтФДтФДтФДтФДтФДтФДтФДтФДтФДтФДтФД
тФВ ЁЯРЫ Qq62: targetScale=judging, score=3
тФФтФАтФАтФАтФАтФАтФАтФАтФАтФАтФАтФАтФАтФАтФАтФАтФАтФАтФАтФАтФАтФАтФАтФАтФАтФАтФАтФАтФАтФАтФАтФАтФАтФАтФАтФАтФАтФАтФАтФАтФАтФАтФАтФАтФАтФАтФАтФАтФАтФАтФАтФАтФАтФАтФАтФАтФАтФАтФАтФАтФАтФАтФАтФАтФАтФАтФАтФАтФАтФАтФАтФАтФАтФАтФАтФАтФАтФАтФАтФАтФАтФАтФАтФАтФАтФАтФАтФАтФАтФАтФАтФАтФАтФАтФАтФАтФАтФАтФАтФАтФАтФАтФАтФАтФАтФАтФАтФАтФАтФАтФАтФАтФАтФАтФАтФАтФАтФАтФАтФА
тФМтФАтФАтФАтФАтФАтФАтФАтФАтФАтФАтФАтФАтФАтФАтФАтФАтФАтФАтФАтФАтФАтФАтФАтФАтФАтФАтФАтФАтФАтФАтФАтФАтФАтФАтФАтФАтФАтФАтФАтФАтФАтФАтФАтФАтФАтФАтФАтФАтФАтФАтФАтФАтФАтФАтФАтФАтФАтФАтФАтФАтФАтФАтФАтФАтФАтФАтФАтФАтФАтФАтФАтФАтФАтФАтФАтФАтФАтФАтФАтФАтФАтФАтФАтФАтФАтФАтФАтФАтФАтФАтФАтФАтФАтФАтФАтФАтФАтФАтФАтФАтФАтФАтФАтФАтФАтФАтФАтФАтФАтФАтФАтФАтФАтФАтФАтФАтФАтФАтФА
тФВ #0   TestService._completeBipolarTest (package:psycho_tests/services/test_service.dart:425:23)
тФВ #1   TestService.completeTest (package:psycho_tests/services/test_service.dart:55:16)
тФЬтФДтФДтФДтФДтФДтФДтФДтФДтФДтФДтФДтФДтФДтФДтФДтФДтФДтФДтФДтФДтФДтФДтФДтФДтФДтФДтФДтФДтФДтФДтФДтФДтФДтФДтФДтФДтФДтФДтФДтФДтФДтФДтФДтФДтФДтФДтФДтФДтФДтФДтФДтФДтФДтФДтФДтФДтФДтФДтФДтФДтФДтФДтФДтФДтФДтФДтФДтФДтФДтФДтФДтФДтФДтФДтФДтФДтФДтФДтФДтФДтФДтФДтФДтФДтФДтФДтФДтФДтФДтФДтФДтФДтФДтФДтФДтФДтФДтФДтФДтФДтФДтФДтФДтФДтФДтФДтФДтФДтФДтФДтФДтФДтФДтФДтФДтФДтФДтФДтФД
тФВ ЁЯРЫ Qq63: targetScale=judging, score=3
тФФтФАтФАтФАтФАтФАтФАтФАтФАтФАтФАтФАтФАтФАтФАтФАтФАтФАтФАтФАтФАтФАтФАтФАтФАтФАтФАтФАтФАтФАтФАтФАтФАтФАтФАтФАтФАтФАтФАтФАтФАтФАтФАтФАтФАтФАтФАтФАтФАтФАтФАтФАтФАтФАтФАтФАтФАтФАтФАтФАтФАтФАтФАтФАтФАтФАтФАтФАтФАтФАтФАтФАтФАтФАтФАтФАтФАтФАтФАтФАтФАтФАтФАтФАтФАтФАтФАтФАтФАтФАтФАтФАтФАтФАтФАтФАтФАтФАтФАтФАтФАтФАтФАтФАтФАтФАтФАтФАтФАтФАтФАтФАтФАтФАтФАтФАтФАтФАтФАтФА
тФМтФАтФАтФАтФАтФАтФАтФАтФАтФАтФАтФАтФАтФАтФАтФАтФАтФАтФАтФАтФАтФАтФАтФАтФАтФАтФАтФАтФАтФАтФАтФАтФАтФАтФАтФАтФАтФАтФАтФАтФАтФАтФАтФАтФАтФАтФАтФАтФАтФАтФАтФАтФАтФАтФАтФАтФАтФАтФАтФАтФАтФАтФАтФАтФАтФАтФАтФАтФАтФАтФАтФАтФАтФАтФАтФАтФАтФАтФАтФАтФАтФАтФАтФАтФАтФАтФАтФАтФАтФАтФАтФАтФАтФАтФАтФАтФАтФАтФАтФАтФАтФАтФАтФАтФАтФАтФАтФАтФАтФАтФАтФАтФАтФАтФАтФАтФАтФАтФАтФА
тФВ #0   TestService._completeBipolarTest (package:psycho_tests/services/test_service.dart:425:23)
тФВ #1   TestService.completeTest (package:psycho_tests/services/test_service.dart:55:16)
тФЬтФДтФДтФДтФДтФДтФДтФДтФДтФДтФДтФДтФДтФДтФДтФДтФДтФДтФДтФДтФДтФДтФДтФДтФДтФДтФДтФДтФДтФДтФДтФДтФДтФДтФДтФДтФДтФДтФДтФДтФДтФДтФДтФДтФДтФДтФДтФДтФДтФДтФДтФДтФДтФДтФДтФДтФДтФДтФДтФДтФДтФДтФДтФДтФДтФДтФДтФДтФДтФДтФДтФДтФДтФДтФДтФДтФДтФДтФДтФДтФДтФДтФДтФДтФДтФДтФДтФДтФДтФДтФДтФДтФДтФДтФДтФДтФДтФДтФДтФДтФДтФДтФДтФДтФДтФДтФДтФДтФДтФДтФДтФДтФДтФДтФДтФДтФДтФДтФДтФД
тФВ ЁЯРЫ Qq64: targetScale=judging, score=3
тФФтФАтФАтФАтФАтФАтФАтФАтФАтФАтФАтФАтФАтФАтФАтФАтФАтФАтФАтФАтФАтФАтФАтФАтФАтФАтФАтФАтФАтФАтФАтФАтФАтФАтФАтФАтФАтФАтФАтФАтФАтФАтФАтФАтФАтФАтФАтФАтФАтФАтФАтФАтФАтФАтФАтФАтФАтФАтФАтФАтФАтФАтФАтФАтФАтФАтФАтФАтФАтФАтФАтФАтФАтФАтФАтФАтФАтФАтФАтФАтФАтФАтФАтФАтФАтФАтФАтФАтФАтФАтФАтФАтФАтФАтФАтФАтФАтФАтФАтФАтФАтФАтФАтФАтФАтФАтФАтФАтФАтФАтФАтФАтФАтФАтФАтФАтФАтФАтФАтФА
тФМтФАтФАтФАтФАтФАтФАтФАтФАтФАтФАтФАтФАтФАтФАтФАтФАтФАтФАтФАтФАтФАтФАтФАтФАтФАтФАтФАтФАтФАтФАтФАтФАтФАтФАтФАтФАтФАтФАтФАтФАтФАтФАтФАтФАтФАтФАтФАтФАтФАтФАтФАтФАтФАтФАтФАтФАтФАтФАтФАтФАтФАтФАтФАтФАтФАтФАтФАтФАтФАтФАтФАтФАтФАтФАтФАтФАтФАтФАтФАтФАтФАтФАтФАтФАтФАтФАтФАтФАтФАтФАтФАтФАтФАтФАтФАтФАтФАтФАтФАтФАтФАтФАтФАтФАтФАтФАтФАтФАтФАтФАтФАтФАтФАтФАтФАтФАтФАтФАтФА
тФВ #0   TestService._completeBipolarTest (package:psycho_tests/services/test_service.dart:425:23)
тФВ #1   TestService.completeTest (package:psycho_tests/services/test_service.dart:55:16)
тФЬтФДтФДтФДтФДтФДтФДтФДтФДтФДтФДтФДтФДтФДтФДтФДтФДтФДтФДтФДтФДтФДтФДтФДтФДтФДтФДтФДтФДтФДтФДтФДтФДтФДтФДтФДтФДтФДтФДтФДтФДтФДтФДтФДтФДтФДтФДтФДтФДтФДтФДтФДтФДтФДтФДтФДтФДтФДтФДтФДтФДтФДтФДтФДтФДтФДтФДтФДтФДтФДтФДтФДтФДтФДтФДтФДтФДтФДтФДтФДтФДтФДтФДтФДтФДтФДтФДтФДтФДтФДтФДтФДтФДтФДтФДтФДтФДтФДтФДтФДтФДтФДтФДтФДтФДтФДтФДтФДтФДтФДтФДтФДтФДтФДтФДтФДтФДтФДтФДтФД
тФВ ЁЯРЫ Qq65: targetScale=perceiving, score=3
тФФтФАтФАтФАтФАтФАтФАтФАтФАтФАтФАтФАтФАтФАтФАтФАтФАтФАтФАтФАтФАтФАтФАтФАтФАтФАтФАтФАтФАтФАтФАтФАтФАтФАтФАтФАтФАтФАтФАтФАтФАтФАтФАтФАтФАтФАтФАтФАтФАтФАтФАтФАтФАтФАтФАтФАтФАтФАтФАтФАтФАтФАтФАтФАтФАтФАтФАтФАтФАтФАтФАтФАтФАтФАтФАтФАтФАтФАтФАтФАтФАтФАтФАтФАтФАтФАтФАтФАтФАтФАтФАтФАтФАтФАтФАтФАтФАтФАтФАтФАтФАтФАтФАтФАтФАтФАтФАтФАтФАтФАтФАтФАтФАтФАтФАтФАтФАтФАтФАтФА
тФМтФАтФАтФАтФАтФАтФАтФАтФАтФАтФАтФАтФАтФАтФАтФАтФАтФАтФАтФАтФАтФАтФАтФАтФАтФАтФАтФАтФАтФАтФАтФАтФАтФАтФАтФАтФАтФАтФАтФАтФАтФАтФАтФАтФАтФАтФАтФАтФАтФАтФАтФАтФАтФАтФАтФАтФАтФАтФАтФАтФАтФАтФАтФАтФАтФАтФАтФАтФАтФАтФАтФАтФАтФАтФАтФАтФАтФАтФАтФАтФАтФАтФАтФАтФАтФАтФАтФАтФАтФАтФАтФАтФАтФАтФАтФАтФАтФАтФАтФАтФАтФАтФАтФАтФАтФАтФАтФАтФАтФАтФАтФАтФАтФАтФАтФАтФАтФАтФАтФА
тФВ #0   TestService._completeBipolarTest (package:psycho_tests/services/test_service.dart:425:23)
тФВ #1   TestService.completeTest (package:psycho_tests/services/test_service.dart:55:16)
тФЬтФДтФДтФДтФДтФДтФДтФДтФДтФДтФДтФДтФДтФДтФДтФДтФДтФДтФДтФДтФДтФДтФДтФДтФДтФДтФДтФДтФДтФДтФДтФДтФДтФДтФДтФДтФДтФДтФДтФДтФДтФДтФДтФДтФДтФДтФДтФДтФДтФДтФДтФДтФДтФДтФДтФДтФДтФДтФДтФДтФДтФДтФДтФДтФДтФДтФДтФДтФДтФДтФДтФДтФДтФДтФДтФДтФДтФДтФДтФДтФДтФДтФДтФДтФДтФДтФДтФДтФДтФДтФДтФДтФДтФДтФДтФДтФДтФДтФДтФДтФДтФДтФДтФДтФДтФДтФДтФДтФДтФДтФДтФДтФДтФДтФДтФДтФДтФДтФДтФД
тФВ ЁЯРЫ Qq66: targetScale=perceiving, score=3
тФФтФАтФАтФАтФАтФАтФАтФАтФАтФАтФАтФАтФАтФАтФАтФАтФАтФАтФАтФАтФАтФАтФАтФАтФАтФАтФАтФАтФАтФАтФАтФАтФАтФАтФАтФАтФАтФАтФАтФАтФАтФАтФАтФАтФАтФАтФАтФАтФАтФАтФАтФАтФАтФАтФАтФАтФАтФАтФАтФАтФАтФАтФАтФАтФАтФАтФАтФАтФАтФАтФАтФАтФАтФАтФАтФАтФАтФАтФАтФАтФАтФАтФАтФАтФАтФАтФАтФАтФАтФАтФАтФАтФАтФАтФАтФАтФАтФАтФАтФАтФАтФАтФАтФАтФАтФАтФАтФАтФАтФАтФАтФАтФАтФАтФАтФАтФАтФАтФАтФА
тФМтФАтФАтФАтФАтФАтФАтФАтФАтФАтФАтФАтФАтФАтФАтФАтФАтФАтФАтФАтФАтФАтФАтФАтФАтФАтФАтФАтФАтФАтФАтФАтФАтФАтФАтФАтФАтФАтФАтФАтФАтФАтФАтФАтФАтФАтФАтФАтФАтФАтФАтФАтФАтФАтФАтФАтФАтФАтФАтФАтФАтФАтФАтФАтФАтФАтФАтФАтФАтФАтФАтФАтФАтФАтФАтФАтФАтФАтФАтФАтФАтФАтФАтФАтФАтФАтФАтФАтФАтФАтФАтФАтФАтФАтФАтФАтФАтФАтФАтФАтФАтФАтФАтФАтФАтФАтФАтФАтФАтФАтФАтФАтФАтФАтФАтФАтФАтФАтФАтФА
тФВ #0   TestService._completeBipolarTest (package:psycho_tests/services/test_service.dart:425:23)
тФВ #1   TestService.completeTest (package:psycho_tests/services/test_service.dart:55:16)
тФЬтФДтФДтФДтФДтФДтФДтФДтФДтФДтФДтФДтФДтФДтФДтФДтФДтФДтФДтФДтФДтФДтФДтФДтФДтФДтФДтФДтФДтФДтФДтФДтФДтФДтФДтФДтФДтФДтФДтФДтФДтФДтФДтФДтФДтФДтФДтФДтФДтФДтФДтФДтФДтФДтФДтФДтФДтФДтФДтФДтФДтФДтФДтФДтФДтФДтФДтФДтФДтФДтФДтФДтФДтФДтФДтФДтФДтФДтФДтФДтФДтФДтФДтФДтФДтФДтФДтФДтФДтФДтФДтФДтФДтФДтФДтФДтФДтФДтФДтФДтФДтФДтФДтФДтФДтФДтФДтФДтФДтФДтФДтФДтФДтФДтФДтФДтФДтФДтФДтФД
тФВ ЁЯРЫ Qq67: targetScale=perceiving, score=3
тФФтФАтФАтФАтФАтФАтФАтФАтФАтФАтФАтФАтФАтФАтФАтФАтФАтФАтФАтФАтФАтФАтФАтФАтФАтФАтФАтФАтФАтФАтФАтФАтФАтФАтФАтФАтФАтФАтФАтФАтФАтФАтФАтФАтФАтФАтФАтФАтФАтФАтФАтФАтФАтФАтФАтФАтФАтФАтФАтФАтФАтФАтФАтФАтФАтФАтФАтФАтФАтФАтФАтФАтФАтФАтФАтФАтФАтФАтФАтФАтФАтФАтФАтФАтФАтФАтФАтФАтФАтФАтФАтФАтФАтФАтФАтФАтФАтФАтФАтФАтФАтФАтФАтФАтФАтФАтФАтФАтФАтФАтФАтФАтФАтФАтФАтФАтФАтФАтФАтФА
тФМтФАтФАтФАтФАтФАтФАтФАтФАтФАтФАтФАтФАтФАтФАтФАтФАтФАтФАтФАтФАтФАтФАтФАтФАтФАтФАтФАтФАтФАтФАтФАтФАтФАтФАтФАтФАтФАтФАтФАтФАтФАтФАтФАтФАтФАтФАтФАтФАтФАтФАтФАтФАтФАтФАтФАтФАтФАтФАтФАтФАтФАтФАтФАтФАтФАтФАтФАтФАтФАтФАтФАтФАтФАтФАтФАтФАтФАтФАтФАтФАтФАтФАтФАтФАтФАтФАтФАтФАтФАтФАтФАтФАтФАтФАтФАтФАтФАтФАтФАтФАтФАтФАтФАтФАтФАтФАтФАтФАтФАтФАтФАтФАтФАтФАтФАтФАтФАтФАтФА
тФВ #0   TestService._completeBipolarTest (package:psycho_tests/services/test_service.dart:425:23)
тФВ #1   TestService.completeTest (package:psycho_tests/services/test_service.dart:55:16)
тФЬтФДтФДтФДтФДтФДтФДтФДтФДтФДтФДтФДтФДтФДтФДтФДтФДтФДтФДтФДтФДтФДтФДтФДтФДтФДтФДтФДтФДтФДтФДтФДтФДтФДтФДтФДтФДтФДтФДтФДтФДтФДтФДтФДтФДтФДтФДтФДтФДтФДтФДтФДтФДтФДтФДтФДтФДтФДтФДтФДтФДтФДтФДтФДтФДтФДтФДтФДтФДтФДтФДтФДтФДтФДтФДтФДтФДтФДтФДтФДтФДтФДтФДтФДтФДтФДтФДтФДтФДтФДтФДтФДтФДтФДтФДтФДтФДтФДтФДтФДтФДтФДтФДтФДтФДтФДтФДтФДтФДтФДтФДтФДтФДтФДтФДтФДтФДтФДтФДтФД
тФВ ЁЯРЫ Qq68: targetScale=perceiving, score=3
тФФтФАтФАтФАтФАтФАтФАтФАтФАтФАтФАтФАтФАтФАтФАтФАтФАтФАтФАтФАтФАтФАтФАтФАтФАтФАтФАтФАтФАтФАтФАтФАтФАтФАтФАтФАтФАтФАтФАтФАтФАтФАтФАтФАтФАтФАтФАтФАтФАтФАтФАтФАтФАтФАтФАтФАтФАтФАтФАтФАтФАтФАтФАтФАтФАтФАтФАтФАтФАтФАтФАтФАтФАтФАтФАтФАтФАтФАтФАтФАтФАтФАтФАтФАтФАтФАтФАтФАтФАтФАтФАтФАтФАтФАтФАтФАтФАтФАтФАтФАтФАтФАтФАтФАтФАтФАтФАтФАтФАтФАтФАтФАтФАтФАтФАтФАтФАтФАтФАтФА
тФМтФАтФАтФАтФАтФАтФАтФАтФАтФАтФАтФАтФАтФАтФАтФАтФАтФАтФАтФАтФАтФАтФАтФАтФАтФАтФАтФАтФАтФАтФАтФАтФАтФАтФАтФАтФАтФАтФАтФАтФАтФАтФАтФАтФАтФАтФАтФАтФАтФАтФАтФАтФАтФАтФАтФАтФАтФАтФАтФАтФАтФАтФАтФАтФАтФАтФАтФАтФАтФАтФАтФАтФАтФАтФАтФАтФАтФАтФАтФАтФАтФАтФАтФАтФАтФАтФАтФАтФАтФАтФАтФАтФАтФАтФАтФАтФАтФАтФАтФАтФАтФАтФАтФАтФАтФАтФАтФАтФАтФАтФАтФАтФАтФАтФАтФАтФАтФАтФАтФА
тФВ #0   TestService._completeBipolarTest (package:psycho_tests/services/test_service.dart:425:23)
тФВ #1   TestService.completeTest (package:psycho_tests/services/test_service.dart:55:16)
тФЬтФДтФДтФДтФДтФДтФДтФДтФДтФДтФДтФДтФДтФДтФДтФДтФДтФДтФДтФДтФДтФДтФДтФДтФДтФДтФДтФДтФДтФДтФДтФДтФДтФДтФДтФДтФДтФДтФДтФДтФДтФДтФДтФДтФДтФДтФДтФДтФДтФДтФДтФДтФДтФДтФДтФДтФДтФДтФДтФДтФДтФДтФДтФДтФДтФДтФДтФДтФДтФДтФДтФДтФДтФДтФДтФДтФДтФДтФДтФДтФДтФДтФДтФДтФДтФДтФДтФДтФДтФДтФДтФДтФДтФДтФДтФДтФДтФДтФДтФДтФДтФДтФДтФДтФДтФДтФДтФДтФДтФДтФДтФДтФДтФДтФДтФДтФДтФДтФДтФД
тФВ ЁЯРЫ Qq69: targetScale=judging, score=3
тФФтФАтФАтФАтФАтФАтФАтФАтФАтФАтФАтФАтФАтФАтФАтФАтФАтФАтФАтФАтФАтФАтФАтФАтФАтФАтФАтФАтФАтФАтФАтФАтФАтФАтФАтФАтФАтФАтФАтФАтФАтФАтФАтФАтФАтФАтФАтФАтФАтФАтФАтФАтФАтФАтФАтФАтФАтФАтФАтФАтФАтФАтФАтФАтФАтФАтФАтФАтФАтФАтФАтФАтФАтФАтФАтФАтФАтФАтФАтФАтФАтФАтФАтФАтФАтФАтФАтФАтФАтФАтФАтФАтФАтФАтФАтФАтФАтФАтФАтФАтФАтФАтФАтФАтФАтФАтФАтФАтФАтФАтФАтФАтФАтФАтФАтФАтФАтФАтФАтФА
тФМтФАтФАтФАтФАтФАтФАтФАтФАтФАтФАтФАтФАтФАтФАтФАтФАтФАтФАтФАтФАтФАтФАтФАтФАтФАтФАтФАтФАтФАтФАтФАтФАтФАтФАтФАтФАтФАтФАтФАтФАтФАтФАтФАтФАтФАтФАтФАтФАтФАтФАтФАтФАтФАтФАтФАтФАтФАтФАтФАтФАтФАтФАтФАтФАтФАтФАтФАтФАтФАтФАтФАтФАтФАтФАтФАтФАтФАтФАтФАтФАтФАтФАтФАтФАтФАтФАтФАтФАтФАтФАтФАтФАтФАтФАтФАтФАтФАтФАтФАтФАтФАтФАтФАтФАтФАтФАтФАтФАтФАтФАтФАтФАтФАтФАтФАтФАтФАтФАтФА
тФВ #0   TestService._completeBipolarTest (package:psycho_tests/services/test_service.dart:425:23)
тФВ #1   TestService.completeTest (package:psycho_tests/services/test_service.dart:55:16)
тФЬтФДтФДтФДтФДтФДтФДтФДтФДтФДтФДтФДтФДтФДтФДтФДтФДтФДтФДтФДтФДтФДтФДтФДтФДтФДтФДтФДтФДтФДтФДтФДтФДтФДтФДтФДтФДтФДтФДтФДтФДтФДтФДтФДтФДтФДтФДтФДтФДтФДтФДтФДтФДтФДтФДтФДтФДтФДтФДтФДтФДтФДтФДтФДтФДтФДтФДтФДтФДтФДтФДтФДтФДтФДтФДтФДтФДтФДтФДтФДтФДтФДтФДтФДтФДтФДтФДтФДтФДтФДтФДтФДтФДтФДтФДтФДтФДтФДтФДтФДтФДтФДтФДтФДтФДтФДтФДтФДтФДтФДтФДтФДтФДтФДтФДтФДтФДтФДтФДтФД
тФВ ЁЯРЫ Qq70: targetScale=perceiving, score=3
тФФтФАтФАтФАтФАтФАтФАтФАтФАтФАтФАтФАтФАтФАтФАтФАтФАтФАтФАтФАтФАтФАтФАтФАтФАтФАтФАтФАтФАтФАтФАтФАтФАтФАтФАтФАтФАтФАтФАтФАтФАтФАтФАтФАтФАтФАтФАтФАтФАтФАтФАтФАтФАтФАтФАтФАтФАтФАтФАтФАтФАтФАтФАтФАтФАтФАтФАтФАтФАтФАтФАтФАтФАтФАтФАтФАтФАтФАтФАтФАтФАтФАтФАтФАтФАтФАтФАтФАтФАтФАтФАтФАтФАтФАтФАтФАтФАтФАтФАтФАтФАтФАтФАтФАтФАтФАтФАтФАтФАтФАтФАтФАтФАтФАтФАтФАтФАтФАтФАтФА
тФМтФАтФАтФАтФАтФАтФАтФАтФАтФАтФАтФАтФАтФАтФАтФАтФАтФАтФАтФАтФАтФАтФАтФАтФАтФАтФАтФАтФАтФАтФАтФАтФАтФАтФАтФАтФАтФАтФАтФАтФАтФАтФАтФАтФАтФАтФАтФАтФАтФАтФАтФАтФАтФАтФАтФАтФАтФАтФАтФАтФАтФАтФАтФАтФАтФАтФАтФАтФАтФАтФАтФАтФАтФАтФАтФАтФАтФАтФАтФАтФАтФАтФАтФАтФАтФАтФАтФАтФАтФАтФАтФАтФАтФАтФАтФАтФАтФАтФАтФАтФАтФАтФАтФАтФАтФАтФАтФАтФАтФАтФАтФАтФАтФАтФАтФАтФАтФАтФАтФА
тФВ #0   TestService._completeBipolarTest (package:psycho_tests/services/test_service.dart:425:23)
тФВ #1   TestService.completeTest (package:psycho_tests/services/test_service.dart:55:16)
тФЬтФДтФДтФДтФДтФДтФДтФДтФДтФДтФДтФДтФДтФДтФДтФДтФДтФДтФДтФДтФДтФДтФДтФДтФДтФДтФДтФДтФДтФДтФДтФДтФДтФДтФДтФДтФДтФДтФДтФДтФДтФДтФДтФДтФДтФДтФДтФДтФДтФДтФДтФДтФДтФДтФДтФДтФДтФДтФДтФДтФДтФДтФДтФДтФДтФДтФДтФДтФДтФДтФДтФДтФДтФДтФДтФДтФДтФДтФДтФДтФДтФДтФДтФДтФДтФДтФДтФДтФДтФДтФДтФДтФДтФДтФДтФДтФДтФДтФДтФДтФДтФДтФДтФДтФДтФДтФДтФДтФДтФДтФДтФДтФДтФДтФДтФДтФДтФДтФДтФД
тФВ ЁЯРЫ Qq71: targetScale=judging, score=3
тФФтФАтФАтФАтФАтФАтФАтФАтФАтФАтФАтФАтФАтФАтФАтФАтФАтФАтФАтФАтФАтФАтФАтФАтФАтФАтФАтФАтФАтФАтФАтФАтФАтФАтФАтФАтФАтФАтФАтФАтФАтФАтФАтФАтФАтФАтФАтФАтФАтФАтФАтФАтФАтФАтФАтФАтФАтФАтФАтФАтФАтФАтФАтФАтФАтФАтФАтФАтФАтФАтФАтФАтФАтФАтФАтФАтФАтФАтФАтФАтФАтФАтФАтФАтФАтФАтФАтФАтФАтФАтФАтФАтФАтФАтФАтФАтФАтФАтФАтФАтФАтФАтФАтФАтФАтФАтФАтФАтФАтФАтФАтФАтФАтФАтФАтФАтФАтФАтФАтФА
тФМтФАтФАтФАтФАтФАтФАтФАтФАтФАтФАтФАтФАтФАтФАтФАтФАтФАтФАтФАтФАтФАтФАтФАтФАтФАтФАтФАтФАтФАтФАтФАтФАтФАтФАтФАтФАтФАтФАтФАтФАтФАтФАтФАтФАтФАтФАтФАтФАтФАтФАтФАтФАтФАтФАтФАтФАтФАтФАтФАтФАтФАтФАтФАтФАтФАтФАтФАтФАтФАтФАтФАтФАтФАтФАтФАтФАтФАтФАтФАтФАтФАтФАтФАтФАтФАтФАтФАтФАтФАтФАтФАтФАтФАтФАтФАтФАтФАтФАтФАтФАтФАтФАтФАтФАтФАтФАтФАтФАтФАтФАтФАтФАтФАтФАтФАтФАтФАтФАтФА
тФВ #0   TestService._completeBipolarTest (package:psycho_tests/services/test_service.dart:425:23)
тФВ #1   TestService.completeTest (package:psycho_tests/services/test_service.dart:55:16)
тФЬтФДтФДтФДтФДтФДтФДтФДтФДтФДтФДтФДтФДтФДтФДтФДтФДтФДтФДтФДтФДтФДтФДтФДтФДтФДтФДтФДтФДтФДтФДтФДтФДтФДтФДтФДтФДтФДтФДтФДтФДтФДтФДтФДтФДтФДтФДтФДтФДтФДтФДтФДтФДтФДтФДтФДтФДтФДтФДтФДтФДтФДтФДтФДтФДтФДтФДтФДтФДтФДтФДтФДтФДтФДтФДтФДтФДтФДтФДтФДтФДтФДтФДтФДтФДтФДтФДтФДтФДтФДтФДтФДтФДтФДтФДтФДтФДтФДтФДтФДтФДтФДтФДтФДтФДтФДтФДтФДтФДтФДтФДтФДтФДтФДтФДтФДтФДтФДтФДтФД
тФВ ЁЯРЫ Qq72: targetScale=perceiving, score=3
тФФтФАтФАтФАтФАтФАтФАтФАтФАтФАтФАтФАтФАтФАтФАтФАтФАтФАтФАтФАтФАтФАтФАтФАтФАтФАтФАтФАтФАтФАтФАтФАтФАтФАтФАтФАтФАтФАтФАтФАтФАтФАтФАтФАтФАтФАтФАтФАтФАтФАтФАтФАтФАтФАтФАтФАтФАтФАтФАтФАтФАтФАтФАтФАтФАтФАтФАтФАтФАтФАтФАтФАтФАтФАтФАтФАтФАтФАтФАтФАтФАтФАтФАтФАтФАтФАтФАтФАтФАтФАтФАтФАтФАтФАтФАтФАтФАтФАтФАтФАтФАтФАтФАтФАтФАтФАтФАтФАтФАтФАтФАтФАтФАтФАтФАтФАтФАтФАтФАтФА
тФМтФАтФАтФАтФАтФАтФАтФАтФАтФАтФАтФАтФАтФАтФАтФАтФАтФАтФАтФАтФАтФАтФАтФАтФАтФАтФАтФАтФАтФАтФАтФАтФАтФАтФАтФАтФАтФАтФАтФАтФАтФАтФАтФАтФАтФАтФАтФАтФАтФАтФАтФАтФАтФАтФАтФАтФАтФАтФАтФАтФАтФАтФАтФАтФАтФАтФАтФАтФАтФАтФАтФАтФАтФАтФАтФАтФАтФАтФАтФАтФАтФАтФАтФАтФАтФАтФАтФАтФАтФАтФАтФАтФАтФАтФАтФАтФАтФАтФАтФАтФАтФАтФАтФАтФАтФАтФАтФАтФАтФАтФАтФАтФАтФАтФАтФАтФАтФАтФАтФА
тФВ #0   TestService._completeBipolarTest (package:psycho_tests/services/test_service.dart:425:23)
тФВ #1   TestService.completeTest (package:psycho_tests/services/test_service.dart:55:16)
тФЬтФДтФДтФДтФДтФДтФДтФДтФДтФДтФДтФДтФДтФДтФДтФДтФДтФДтФДтФДтФДтФДтФДтФДтФДтФДтФДтФДтФДтФДтФДтФДтФДтФДтФДтФДтФДтФДтФДтФДтФДтФДтФДтФДтФДтФДтФДтФДтФДтФДтФДтФДтФДтФДтФДтФДтФДтФДтФДтФДтФДтФДтФДтФДтФДтФДтФДтФДтФДтФДтФДтФДтФДтФДтФДтФДтФДтФДтФДтФДтФДтФДтФДтФДтФДтФДтФДтФДтФДтФДтФДтФДтФДтФДтФДтФДтФДтФДтФДтФДтФДтФДтФДтФДтФДтФДтФДтФДтФДтФДтФДтФДтФДтФДтФДтФДтФДтФДтФДтФД
тФВ ЁЯРЫ Qq73: targetScale=judging, score=3
тФФтФАтФАтФАтФАтФАтФАтФАтФАтФАтФАтФАтФАтФАтФАтФАтФАтФАтФАтФАтФАтФАтФАтФАтФАтФАтФАтФАтФАтФАтФАтФАтФАтФАтФАтФАтФАтФАтФАтФАтФАтФАтФАтФАтФАтФАтФАтФАтФАтФАтФАтФАтФАтФАтФАтФАтФАтФАтФАтФАтФАтФАтФАтФАтФАтФАтФАтФАтФАтФАтФАтФАтФАтФАтФАтФАтФАтФАтФАтФАтФАтФАтФАтФАтФАтФАтФАтФАтФАтФАтФАтФАтФАтФАтФАтФАтФАтФАтФАтФАтФАтФАтФАтФАтФАтФАтФАтФАтФАтФАтФАтФАтФАтФАтФАтФАтФАтФАтФАтФА
тФМтФАтФАтФАтФАтФАтФАтФАтФАтФАтФАтФАтФАтФАтФАтФАтФАтФАтФАтФАтФАтФАтФАтФАтФАтФАтФАтФАтФАтФАтФАтФАтФАтФАтФАтФАтФАтФАтФАтФАтФАтФАтФАтФАтФАтФАтФАтФАтФАтФАтФАтФАтФАтФАтФАтФАтФАтФАтФАтФАтФАтФАтФАтФАтФАтФАтФАтФАтФАтФАтФАтФАтФАтФАтФАтФАтФАтФАтФАтФАтФАтФАтФАтФАтФАтФАтФАтФАтФАтФАтФАтФАтФАтФАтФАтФАтФАтФАтФАтФАтФАтФАтФАтФАтФАтФАтФАтФАтФАтФАтФАтФАтФАтФАтФАтФАтФАтФАтФАтФА
тФВ #0   TestService._completeBipolarTest (package:psycho_tests/services/test_service.dart:425:23)
тФВ #1   TestService.completeTest (package:psycho_tests/services/test_service.dart:55:16)
тФЬтФДтФДтФДтФДтФДтФДтФДтФДтФДтФДтФДтФДтФДтФДтФДтФДтФДтФДтФДтФДтФДтФДтФДтФДтФДтФДтФДтФДтФДтФДтФДтФДтФДтФДтФДтФДтФДтФДтФДтФДтФДтФДтФДтФДтФДтФДтФДтФДтФДтФДтФДтФДтФДтФДтФДтФДтФДтФДтФДтФДтФДтФДтФДтФДтФДтФДтФДтФДтФДтФДтФДтФДтФДтФДтФДтФДтФДтФДтФДтФДтФДтФДтФДтФДтФДтФДтФДтФДтФДтФДтФДтФДтФДтФДтФДтФДтФДтФДтФДтФДтФДтФДтФДтФДтФДтФДтФДтФДтФДтФДтФДтФДтФДтФДтФДтФДтФДтФДтФД
тФВ ЁЯРЫ Qq74: targetScale=perceiving, score=3
тФФтФАтФАтФАтФАтФАтФАтФАтФАтФАтФАтФАтФАтФАтФАтФАтФАтФАтФАтФАтФАтФАтФАтФАтФАтФАтФАтФАтФАтФАтФАтФАтФАтФАтФАтФАтФАтФАтФАтФАтФАтФАтФАтФАтФАтФАтФАтФАтФАтФАтФАтФАтФАтФАтФАтФАтФАтФАтФАтФАтФАтФАтФАтФАтФАтФАтФАтФАтФАтФАтФАтФАтФАтФАтФАтФАтФАтФАтФАтФАтФАтФАтФАтФАтФАтФАтФАтФАтФАтФАтФАтФАтФАтФАтФАтФАтФАтФАтФАтФАтФАтФАтФАтФАтФАтФАтФАтФАтФАтФАтФАтФАтФАтФАтФАтФАтФАтФАтФАтФА
тФМтФАтФАтФАтФАтФАтФАтФАтФАтФАтФАтФАтФАтФАтФАтФАтФАтФАтФАтФАтФАтФАтФАтФАтФАтФАтФАтФАтФАтФАтФАтФАтФАтФАтФАтФАтФАтФАтФАтФАтФАтФАтФАтФАтФАтФАтФАтФАтФАтФАтФАтФАтФАтФАтФАтФАтФАтФАтФАтФАтФАтФАтФАтФАтФАтФАтФАтФАтФАтФАтФАтФАтФАтФАтФАтФАтФАтФАтФАтФАтФАтФАтФАтФАтФАтФАтФАтФАтФАтФАтФАтФАтФАтФАтФАтФАтФАтФАтФАтФАтФАтФАтФАтФАтФАтФАтФАтФАтФАтФАтФАтФАтФАтФАтФАтФАтФАтФАтФАтФА
тФВ #0   TestService._completeBipolarTest (package:psycho_tests/services/test_service.dart:425:23)
тФВ #1   TestService.completeTest (package:psycho_tests/services/test_service.dart:55:16)
тФЬтФДтФДтФДтФДтФДтФДтФДтФДтФДтФДтФДтФДтФДтФДтФДтФДтФДтФДтФДтФДтФДтФДтФДтФДтФДтФДтФДтФДтФДтФДтФДтФДтФДтФДтФДтФДтФДтФДтФДтФДтФДтФДтФДтФДтФДтФДтФДтФДтФДтФДтФДтФДтФДтФДтФДтФДтФДтФДтФДтФДтФДтФДтФДтФДтФДтФДтФДтФДтФДтФДтФДтФДтФДтФДтФДтФДтФДтФДтФДтФДтФДтФДтФДтФДтФДтФДтФДтФДтФДтФДтФДтФДтФДтФДтФДтФДтФДтФДтФДтФДтФДтФДтФДтФДтФДтФДтФДтФДтФДтФДтФДтФДтФДтФДтФДтФДтФДтФДтФД
тФВ ЁЯРЫ Qq75: targetScale=judging, score=3
тФФтФАтФАтФАтФАтФАтФАтФАтФАтФАтФАтФАтФАтФАтФАтФАтФАтФАтФАтФАтФАтФАтФАтФАтФАтФАтФАтФАтФАтФАтФАтФАтФАтФАтФАтФАтФАтФАтФАтФАтФАтФАтФАтФАтФАтФАтФАтФАтФАтФАтФАтФАтФАтФАтФАтФАтФАтФАтФАтФАтФАтФАтФАтФАтФАтФАтФАтФАтФАтФАтФАтФАтФАтФАтФАтФАтФАтФАтФАтФАтФАтФАтФАтФАтФАтФАтФАтФАтФАтФАтФАтФАтФАтФАтФАтФАтФАтФАтФАтФАтФАтФАтФАтФАтФАтФАтФАтФАтФАтФАтФАтФАтФАтФАтФАтФАтФАтФАтФАтФА
тФМтФАтФАтФАтФАтФАтФАтФАтФАтФАтФАтФАтФАтФАтФАтФАтФАтФАтФАтФАтФАтФАтФАтФАтФАтФАтФАтФАтФАтФАтФАтФАтФАтФАтФАтФАтФАтФАтФАтФАтФАтФАтФАтФАтФАтФАтФАтФАтФАтФАтФАтФАтФАтФАтФАтФАтФАтФАтФАтФАтФАтФАтФАтФАтФАтФАтФАтФАтФАтФАтФАтФАтФАтФАтФАтФАтФАтФАтФАтФАтФАтФАтФАтФАтФАтФАтФАтФАтФАтФАтФАтФАтФАтФАтФАтФАтФАтФАтФАтФАтФАтФАтФАтФАтФАтФАтФАтФАтФАтФАтФАтФАтФАтФАтФАтФАтФАтФАтФАтФА
тФВ #0   TestService._completeBipolarTest (package:psycho_tests/services/test_service.dart:425:23)
тФВ #1   TestService.completeTest (package:psycho_tests/services/test_service.dart:55:16)
тФЬтФДтФДтФДтФДтФДтФДтФДтФДтФДтФДтФДтФДтФДтФДтФДтФДтФДтФДтФДтФДтФДтФДтФДтФДтФДтФДтФДтФДтФДтФДтФДтФДтФДтФДтФДтФДтФДтФДтФДтФДтФДтФДтФДтФДтФДтФДтФДтФДтФДтФДтФДтФДтФДтФДтФДтФДтФДтФДтФДтФДтФДтФДтФДтФДтФДтФДтФДтФДтФДтФДтФДтФДтФДтФДтФДтФДтФДтФДтФДтФДтФДтФДтФДтФДтФДтФДтФДтФДтФДтФДтФДтФДтФДтФДтФДтФДтФДтФДтФДтФДтФДтФДтФДтФДтФДтФДтФДтФДтФДтФДтФДтФДтФДтФДтФДтФДтФДтФДтФД
тФВ ЁЯРЫ Qq76: targetScale=perceiving, score=3
тФФтФАтФАтФАтФАтФАтФАтФАтФАтФАтФАтФАтФАтФАтФАтФАтФАтФАтФАтФАтФАтФАтФАтФАтФАтФАтФАтФАтФАтФАтФАтФАтФАтФАтФАтФАтФАтФАтФАтФАтФАтФАтФАтФАтФАтФАтФАтФАтФАтФАтФАтФАтФАтФАтФАтФАтФАтФАтФАтФАтФАтФАтФАтФАтФАтФАтФАтФАтФАтФАтФАтФАтФАтФАтФАтФАтФАтФАтФАтФАтФАтФАтФАтФАтФАтФАтФАтФАтФАтФАтФАтФАтФАтФАтФАтФАтФАтФАтФАтФАтФАтФАтФАтФАтФАтФАтФАтФАтФАтФАтФАтФАтФАтФАтФАтФАтФАтФАтФАтФА
тФМтФАтФАтФАтФАтФАтФАтФАтФАтФАтФАтФАтФАтФАтФАтФАтФАтФАтФАтФАтФАтФАтФАтФАтФАтФАтФАтФАтФАтФАтФАтФАтФАтФАтФАтФАтФАтФАтФАтФАтФАтФАтФАтФАтФАтФАтФАтФАтФАтФАтФАтФАтФАтФАтФАтФАтФАтФАтФАтФАтФАтФАтФАтФАтФАтФАтФАтФАтФАтФАтФАтФАтФАтФАтФАтФАтФАтФАтФАтФАтФАтФАтФАтФАтФАтФАтФАтФАтФАтФАтФАтФАтФАтФАтФАтФАтФАтФАтФАтФАтФАтФАтФАтФАтФАтФАтФАтФАтФАтФАтФАтФАтФАтФАтФАтФАтФАтФАтФАтФА
тФВ #0   TestService._completeBipolarTest (package:psycho_tests/services/test_service.dart:425:23)
тФВ #1   TestService.completeTest (package:psycho_tests/services/test_service.dart:55:16)
тФЬтФДтФДтФДтФДтФДтФДтФДтФДтФДтФДтФДтФДтФДтФДтФДтФДтФДтФДтФДтФДтФДтФДтФДтФДтФДтФДтФДтФДтФДтФДтФДтФДтФДтФДтФДтФДтФДтФДтФДтФДтФДтФДтФДтФДтФДтФДтФДтФДтФДтФДтФДтФДтФДтФДтФДтФДтФДтФДтФДтФДтФДтФДтФДтФДтФДтФДтФДтФДтФДтФДтФДтФДтФДтФДтФДтФДтФДтФДтФДтФДтФДтФДтФДтФДтФДтФДтФДтФДтФДтФДтФДтФДтФДтФДтФДтФДтФДтФДтФДтФДтФДтФДтФДтФДтФДтФДтФДтФДтФДтФДтФДтФДтФДтФДтФДтФДтФДтФДтФД
тФВ ЁЯРЫ Qq77: targetScale=judging, score=3
тФФтФАтФАтФАтФАтФАтФАтФАтФАтФАтФАтФАтФАтФАтФАтФАтФАтФАтФАтФАтФАтФАтФАтФАтФАтФАтФАтФАтФАтФАтФАтФАтФАтФАтФАтФАтФАтФАтФАтФАтФАтФАтФАтФАтФАтФАтФАтФАтФАтФАтФАтФАтФАтФАтФАтФАтФАтФАтФАтФАтФАтФАтФАтФАтФАтФАтФАтФАтФАтФАтФАтФАтФАтФАтФАтФАтФАтФАтФАтФАтФАтФАтФАтФАтФАтФАтФАтФАтФАтФАтФАтФАтФАтФАтФАтФАтФАтФАтФАтФАтФАтФАтФАтФАтФАтФАтФАтФАтФАтФАтФАтФАтФАтФАтФАтФАтФАтФАтФАтФА
тФМтФАтФАтФАтФАтФАтФАтФАтФАтФАтФАтФАтФАтФАтФАтФАтФАтФАтФАтФАтФАтФАтФАтФАтФАтФАтФАтФАтФАтФАтФАтФАтФАтФАтФАтФАтФАтФАтФАтФАтФАтФАтФАтФАтФАтФАтФАтФАтФАтФАтФАтФАтФАтФАтФАтФАтФАтФАтФАтФАтФАтФАтФАтФАтФАтФАтФАтФАтФАтФАтФАтФАтФАтФАтФАтФАтФАтФАтФАтФАтФАтФАтФАтФАтФАтФАтФАтФАтФАтФАтФАтФАтФАтФАтФАтФАтФАтФАтФАтФАтФАтФАтФАтФАтФАтФАтФАтФАтФАтФАтФАтФАтФАтФАтФАтФАтФАтФАтФАтФА
тФВ #0   TestService._completeBipolarTest (package:psycho_tests/services/test_service.dart:425:23)
тФВ #1   TestService.completeTest (package:psycho_tests/services/test_service.dart:55:16)
тФЬтФДтФДтФДтФДтФДтФДтФДтФДтФДтФДтФДтФДтФДтФДтФДтФДтФДтФДтФДтФДтФДтФДтФДтФДтФДтФДтФДтФДтФДтФДтФДтФДтФДтФДтФДтФДтФДтФДтФДтФДтФДтФДтФДтФДтФДтФДтФДтФДтФДтФДтФДтФДтФДтФДтФДтФДтФДтФДтФДтФДтФДтФДтФДтФДтФДтФДтФДтФДтФДтФДтФДтФДтФДтФДтФДтФДтФДтФДтФДтФДтФДтФДтФДтФДтФДтФДтФДтФДтФДтФДтФДтФДтФДтФДтФДтФДтФДтФДтФДтФДтФДтФДтФДтФДтФДтФДтФДтФДтФДтФДтФДтФДтФДтФДтФДтФДтФДтФДтФД
тФВ ЁЯРЫ Qq78: targetScale=perceiving, score=3
тФФтФАтФАтФАтФАтФАтФАтФАтФАтФАтФАтФАтФАтФАтФАтФАтФАтФАтФАтФАтФАтФАтФАтФАтФАтФАтФАтФАтФАтФАтФАтФАтФАтФАтФАтФАтФАтФАтФАтФАтФАтФАтФАтФАтФАтФАтФАтФАтФАтФАтФАтФАтФАтФАтФАтФАтФАтФАтФАтФАтФАтФАтФАтФАтФАтФАтФАтФАтФАтФАтФАтФАтФАтФАтФАтФАтФАтФАтФАтФАтФАтФАтФАтФАтФАтФАтФАтФАтФАтФАтФАтФАтФАтФАтФАтФАтФАтФАтФАтФАтФАтФАтФАтФАтФАтФАтФАтФАтФАтФАтФАтФАтФАтФАтФАтФАтФАтФАтФАтФА
тФМтФАтФАтФАтФАтФАтФАтФАтФАтФАтФАтФАтФАтФАтФАтФАтФАтФАтФАтФАтФАтФАтФАтФАтФАтФАтФАтФАтФАтФАтФАтФАтФАтФАтФАтФАтФАтФАтФАтФАтФАтФАтФАтФАтФАтФАтФАтФАтФАтФАтФАтФАтФАтФАтФАтФАтФАтФАтФАтФАтФАтФАтФАтФАтФАтФАтФАтФАтФАтФАтФАтФАтФАтФАтФАтФАтФАтФАтФАтФАтФАтФАтФАтФАтФАтФАтФАтФАтФАтФАтФАтФАтФАтФАтФАтФАтФАтФАтФАтФАтФАтФАтФАтФАтФАтФАтФАтФАтФАтФАтФАтФАтФАтФАтФАтФАтФАтФАтФАтФА
тФВ #0   TestService._completeBipolarTest (package:psycho_tests/services/test_service.dart:425:23)
тФВ #1   TestService.completeTest (package:psycho_tests/services/test_service.dart:55:16)
тФЬтФДтФДтФДтФДтФДтФДтФДтФДтФДтФДтФДтФДтФДтФДтФДтФДтФДтФДтФДтФДтФДтФДтФДтФДтФДтФДтФДтФДтФДтФДтФДтФДтФДтФДтФДтФДтФДтФДтФДтФДтФДтФДтФДтФДтФДтФДтФДтФДтФДтФДтФДтФДтФДтФДтФДтФДтФДтФДтФДтФДтФДтФДтФДтФДтФДтФДтФДтФДтФДтФДтФДтФДтФДтФДтФДтФДтФДтФДтФДтФДтФДтФДтФДтФДтФДтФДтФДтФДтФДтФДтФДтФДтФДтФДтФДтФДтФДтФДтФДтФДтФДтФДтФДтФДтФДтФДтФДтФДтФДтФДтФДтФДтФДтФДтФДтФДтФДтФДтФД
тФВ ЁЯРЫ Qq79: targetScale=judging, score=3
тФФтФАтФАтФАтФАтФАтФАтФАтФАтФАтФАтФАтФАтФАтФАтФАтФАтФАтФАтФАтФАтФАтФАтФАтФАтФАтФАтФАтФАтФАтФАтФАтФАтФАтФАтФАтФАтФАтФАтФАтФАтФАтФАтФАтФАтФАтФАтФАтФАтФАтФАтФАтФАтФАтФАтФАтФАтФАтФАтФАтФАтФАтФАтФАтФАтФАтФАтФАтФАтФАтФАтФАтФАтФАтФАтФАтФАтФАтФАтФАтФАтФАтФАтФАтФАтФАтФАтФАтФАтФАтФАтФАтФАтФАтФАтФАтФАтФАтФАтФАтФАтФАтФАтФАтФАтФАтФАтФАтФАтФАтФАтФАтФАтФАтФАтФАтФАтФАтФАтФА
тФМтФАтФАтФАтФАтФАтФАтФАтФАтФАтФАтФАтФАтФАтФАтФАтФАтФАтФАтФАтФАтФАтФАтФАтФАтФАтФАтФАтФАтФАтФАтФАтФАтФАтФАтФАтФАтФАтФАтФАтФАтФАтФАтФАтФАтФАтФАтФАтФАтФАтФАтФАтФАтФАтФАтФАтФАтФАтФАтФАтФАтФАтФАтФАтФАтФАтФАтФАтФАтФАтФАтФАтФАтФАтФАтФАтФАтФАтФАтФАтФАтФАтФАтФАтФАтФАтФАтФАтФАтФАтФАтФАтФАтФАтФАтФАтФАтФАтФАтФАтФАтФАтФАтФАтФАтФАтФАтФАтФАтФАтФАтФАтФАтФАтФАтФАтФАтФАтФАтФА
тФВ #0   TestService._completeBipolarTest (package:psycho_tests/services/test_service.dart:425:23)
тФВ #1   TestService.completeTest (package:psycho_tests/services/test_service.dart:55:16)
тФЬтФДтФДтФДтФДтФДтФДтФДтФДтФДтФДтФДтФДтФДтФДтФДтФДтФДтФДтФДтФДтФДтФДтФДтФДтФДтФДтФДтФДтФДтФДтФДтФДтФДтФДтФДтФДтФДтФДтФДтФДтФДтФДтФДтФДтФДтФДтФДтФДтФДтФДтФДтФДтФДтФДтФДтФДтФДтФДтФДтФДтФДтФДтФДтФДтФДтФДтФДтФДтФДтФДтФДтФДтФДтФДтФДтФДтФДтФДтФДтФДтФДтФДтФДтФДтФДтФДтФДтФДтФДтФДтФДтФДтФДтФДтФДтФДтФДтФДтФДтФДтФДтФДтФДтФДтФДтФДтФДтФДтФДтФДтФДтФДтФДтФДтФДтФДтФДтФДтФД
тФВ ЁЯРЫ Qq80: targetScale=perceiving, score=3
тФФтФАтФАтФАтФАтФАтФАтФАтФАтФАтФАтФАтФАтФАтФАтФАтФАтФАтФАтФАтФАтФАтФАтФАтФАтФАтФАтФАтФАтФАтФАтФАтФАтФАтФАтФАтФАтФАтФАтФАтФАтФАтФАтФАтФАтФАтФАтФАтФАтФАтФАтФАтФАтФАтФАтФАтФАтФАтФАтФАтФАтФАтФАтФАтФАтФАтФАтФАтФАтФАтФАтФАтФАтФАтФАтФАтФАтФАтФАтФАтФАтФАтФАтФАтФАтФАтФАтФАтФАтФАтФАтФАтФАтФАтФАтФАтФАтФАтФАтФАтФАтФАтФАтФАтФАтФАтФАтФАтФАтФАтФАтФАтФАтФАтФАтФАтФАтФАтФАтФА
тФМтФАтФАтФАтФАтФАтФАтФАтФАтФАтФАтФАтФАтФАтФАтФАтФАтФАтФАтФАтФАтФАтФАтФАтФАтФАтФАтФАтФАтФАтФАтФАтФАтФАтФАтФАтФАтФАтФАтФАтФАтФАтФАтФАтФАтФАтФАтФАтФАтФАтФАтФАтФАтФАтФАтФАтФАтФАтФАтФАтФАтФАтФАтФАтФАтФАтФАтФАтФАтФАтФАтФАтФАтФАтФАтФАтФАтФАтФАтФАтФАтФАтФАтФАтФАтФАтФАтФАтФАтФАтФАтФАтФАтФАтФАтФАтФАтФАтФАтФАтФАтФАтФАтФАтФАтФАтФАтФАтФАтФАтФАтФАтФАтФАтФАтФАтФАтФАтФАтФА
тФВ #0   TestService._completeBipolarTest (package:psycho_tests/services/test_service.dart:465:15)
тФВ #1   TestService.completeTest (package:psycho_tests/services/test_service.dart:55:16)
тФЬтФДтФДтФДтФДтФДтФДтФДтФДтФДтФДтФДтФДтФДтФДтФДтФДтФДтФДтФДтФДтФДтФДтФДтФДтФДтФДтФДтФДтФДтФДтФДтФДтФДтФДтФДтФДтФДтФДтФДтФДтФДтФДтФДтФДтФДтФДтФДтФДтФДтФДтФДтФДтФДтФДтФДтФДтФДтФДтФДтФДтФДтФДтФДтФДтФДтФДтФДтФДтФДтФДтФДтФДтФДтФДтФДтФДтФДтФДтФДтФДтФДтФДтФДтФДтФДтФДтФДтФДтФДтФДтФДтФДтФДтФДтФДтФДтФДтФДтФДтФДтФДтФДтФДтФДтФДтФДтФДтФДтФДтФДтФДтФДтФДтФДтФДтФДтФДтФДтФД
тФВ ЁЯРЫ End of loop. Processed questions: 80
тФФтФАтФАтФАтФАтФАтФАтФАтФАтФАтФАтФАтФАтФАтФАтФАтФАтФАтФАтФАтФАтФАтФАтФАтФАтФАтФАтФАтФАтФАтФАтФАтФАтФАтФАтФАтФАтФАтФАтФАтФАтФАтФАтФАтФАтФАтФАтФАтФАтФАтФАтФАтФАтФАтФАтФАтФАтФАтФАтФАтФАтФАтФАтФАтФАтФАтФАтФАтФАтФАтФАтФАтФАтФАтФАтФАтФАтФАтФАтФАтФАтФАтФАтФАтФАтФАтФАтФАтФАтФАтФАтФАтФАтФАтФАтФАтФАтФАтФАтФАтФАтФАтФАтФАтФАтФАтФАтФАтФАтФАтФАтФАтФАтФАтФАтФАтФАтФАтФАтФА
тФМтФАтФАтФАтФАтФАтФАтФАтФАтФАтФАтФАтФАтФАтФАтФАтФАтФАтФАтФАтФАтФАтФАтФАтФАтФАтФАтФАтФАтФАтФАтФАтФАтФАтФАтФАтФАтФАтФАтФАтФАтФАтФАтФАтФАтФАтФАтФАтФАтФАтФАтФАтФАтФАтФАтФАтФАтФАтФАтФАтФАтФАтФАтФАтФАтФАтФАтФАтФАтФАтФАтФАтФАтФАтФАтФАтФАтФАтФАтФАтФАтФАтФАтФАтФАтФАтФАтФАтФАтФАтФАтФАтФАтФАтФАтФАтФАтФАтФАтФАтФАтФАтФАтФАтФАтФАтФАтФАтФАтФАтФАтФАтФАтФАтФАтФАтФАтФАтФАтФА
тФВ #0   TestService._completeBipolarTest (package:psycho_tests/services/test_service.dart:466:15)
тФВ #1   TestService.completeTest (package:psycho_tests/services/test_service.dart:55:16)
тФЬтФДтФДтФДтФДтФДтФДтФДтФДтФДтФДтФДтФДтФДтФДтФДтФДтФДтФДтФДтФДтФДтФДтФДтФДтФДтФДтФДтФДтФДтФДтФДтФДтФДтФДтФДтФДтФДтФДтФДтФДтФДтФДтФДтФДтФДтФДтФДтФДтФДтФДтФДтФДтФДтФДтФДтФДтФДтФДтФДтФДтФДтФДтФДтФДтФДтФДтФДтФДтФДтФДтФДтФДтФДтФДтФДтФДтФДтФДтФДтФДтФДтФДтФДтФДтФДтФДтФДтФДтФДтФДтФДтФДтФДтФДтФДтФДтФДтФДтФДтФДтФДтФДтФДтФДтФДтФДтФДтФДтФДтФДтФДтФДтФДтФДтФДтФДтФДтФДтФД
тФВ ЁЯРЫ Skipped questions: 0
тФФтФАтФАтФАтФАтФАтФАтФАтФАтФАтФАтФАтФАтФАтФАтФАтФАтФАтФАтФАтФАтФАтФАтФАтФАтФАтФАтФАтФАтФАтФАтФАтФАтФАтФАтФАтФАтФАтФАтФАтФАтФАтФАтФАтФАтФАтФАтФАтФАтФАтФАтФАтФАтФАтФАтФАтФАтФАтФАтФАтФАтФАтФАтФАтФАтФАтФАтФАтФАтФАтФАтФАтФАтФАтФАтФАтФАтФАтФАтФАтФАтФАтФАтФАтФАтФАтФАтФАтФАтФАтФАтФАтФАтФАтФАтФАтФАтФАтФАтФАтФАтФАтФАтФАтФАтФАтФАтФАтФАтФАтФАтФАтФАтФАтФАтФАтФАтФАтФАтФА
тФМтФАтФАтФАтФАтФАтФАтФАтФАтФАтФАтФАтФАтФАтФАтФАтФАтФАтФАтФАтФАтФАтФАтФАтФАтФАтФАтФАтФАтФАтФАтФАтФАтФАтФАтФАтФАтФАтФАтФАтФАтФАтФАтФАтФАтФАтФАтФАтФАтФАтФАтФАтФАтФАтФАтФАтФАтФАтФАтФАтФАтФАтФАтФАтФАтФАтФАтФАтФАтФАтФАтФАтФАтФАтФАтФАтФАтФАтФАтФАтФАтФАтФАтФАтФАтФАтФАтФАтФАтФАтФАтФАтФАтФАтФАтФАтФАтФАтФАтФАтФАтФАтФАтФАтФАтФАтФАтФАтФАтФАтФАтФАтФАтФАтФАтФАтФАтФАтФАтФА
тФВ #0   TestService._completeBipolarTest (package:psycho_tests/services/test_service.dart:467:15)
тФВ #1   TestService.completeTest (package:psycho_tests/services/test_service.dart:55:16)
тФЬтФДтФДтФДтФДтФДтФДтФДтФДтФДтФДтФДтФДтФДтФДтФДтФДтФДтФДтФДтФДтФДтФДтФДтФДтФДтФДтФДтФДтФДтФДтФДтФДтФДтФДтФДтФДтФДтФДтФДтФДтФДтФДтФДтФДтФДтФДтФДтФДтФДтФДтФДтФДтФДтФДтФДтФДтФДтФДтФДтФДтФДтФДтФДтФДтФДтФДтФДтФДтФДтФДтФДтФДтФДтФДтФДтФДтФДтФДтФДтФДтФДтФДтФДтФДтФДтФДтФДтФДтФДтФДтФДтФДтФДтФДтФДтФДтФДтФДтФДтФДтФДтФДтФДтФДтФДтФДтФДтФДтФДтФДтФДтФДтФДтФДтФДтФДтФДтФДтФД
тФВ ЁЯРЫ Answered questions: 80
тФФтФАтФАтФАтФАтФАтФАтФАтФАтФАтФАтФАтФАтФАтФАтФАтФАтФАтФАтФАтФАтФАтФАтФАтФАтФАтФАтФАтФАтФАтФАтФАтФАтФАтФАтФАтФАтФАтФАтФАтФАтФАтФАтФАтФАтФАтФАтФАтФАтФАтФАтФАтФАтФАтФАтФАтФАтФАтФАтФАтФАтФАтФАтФАтФАтФАтФАтФАтФАтФАтФАтФАтФАтФАтФАтФАтФАтФАтФАтФАтФАтФАтФАтФАтФАтФАтФАтФАтФАтФАтФАтФАтФАтФАтФАтФАтФАтФАтФАтФАтФАтФАтФАтФАтФАтФАтФАтФАтФАтФАтФАтФАтФАтФАтФАтФАтФАтФАтФАтФА
тФМтФАтФАтФАтФАтФАтФАтФАтФАтФАтФАтФАтФАтФАтФАтФАтФАтФАтФАтФАтФАтФАтФАтФАтФАтФАтФАтФАтФАтФАтФАтФАтФАтФАтФАтФАтФАтФАтФАтФАтФАтФАтФАтФАтФАтФАтФАтФАтФАтФАтФАтФАтФАтФАтФАтФАтФАтФАтФАтФАтФАтФАтФАтФАтФАтФАтФАтФАтФАтФАтФАтФАтФАтФАтФАтФАтФАтФАтФАтФАтФАтФАтФАтФАтФАтФАтФАтФАтФАтФАтФАтФАтФАтФАтФАтФАтФАтФАтФАтФАтФАтФАтФАтФАтФАтФАтФАтФАтФАтФАтФАтФАтФАтФАтФАтФАтФАтФАтФАтФА
тФВ #0   TestService._completeBipolarTest (package:psycho_tests/services/test_service.dart:468:15)
тФВ #1   TestService.completeTest (package:psycho_tests/services/test_service.dart:55:16)
тФЬтФДтФДтФДтФДтФДтФДтФДтФДтФДтФДтФДтФДтФДтФДтФДтФДтФДтФДтФДтФДтФДтФДтФДтФДтФДтФДтФДтФДтФДтФДтФДтФДтФДтФДтФДтФДтФДтФДтФДтФДтФДтФДтФДтФДтФДтФДтФДтФДтФДтФДтФДтФДтФДтФДтФДтФДтФДтФДтФДтФДтФДтФДтФДтФДтФДтФДтФДтФДтФДтФДтФДтФДтФДтФДтФДтФДтФДтФДтФДтФДтФДтФДтФДтФДтФДтФДтФДтФДтФДтФДтФДтФДтФДтФДтФДтФДтФДтФДтФДтФДтФДтФДтФДтФДтФДтФДтФДтФДтФДтФДтФДтФДтФДтФДтФДтФДтФДтФДтФД
тФВ ЁЯРЫ Raw scale scores: {extraversion: 30, introversion: 30, sensing: 33, intuition: 27, thinking: 30, feeling: 30, judging: 30, perceiving: 30}
тФФтФАтФАтФАтФАтФАтФАтФАтФАтФАтФАтФАтФАтФАтФАтФАтФАтФАтФАтФАтФАтФАтФАтФАтФАтФАтФАтФАтФАтФАтФАтФАтФАтФАтФАтФАтФАтФАтФАтФАтФАтФАтФАтФАтФАтФАтФАтФАтФАтФАтФАтФАтФАтФАтФАтФАтФАтФАтФАтФАтФАтФАтФАтФАтФАтФАтФАтФАтФАтФАтФАтФАтФАтФАтФАтФАтФАтФАтФАтФАтФАтФАтФАтФАтФАтФАтФАтФАтФАтФАтФАтФАтФАтФАтФАтФАтФАтФАтФАтФАтФАтФАтФАтФАтФАтФАтФАтФАтФАтФАтФАтФАтФАтФАтФАтФАтФАтФАтФАтФА
тФМтФАтФАтФАтФАтФАтФАтФАтФАтФАтФАтФАтФАтФАтФАтФАтФАтФАтФАтФАтФАтФАтФАтФАтФАтФАтФАтФАтФАтФАтФАтФАтФАтФАтФАтФАтФАтФАтФАтФАтФАтФАтФАтФАтФАтФАтФАтФАтФАтФАтФАтФАтФАтФАтФАтФАтФАтФАтФАтФАтФАтФАтФАтФАтФАтФАтФАтФАтФАтФАтФАтФАтФАтФАтФАтФАтФАтФАтФАтФАтФАтФАтФАтФАтФАтФАтФАтФАтФАтФАтФАтФАтФАтФАтФАтФАтФАтФАтФАтФАтФАтФАтФАтФАтФАтФАтФАтФАтФАтФАтФАтФАтФАтФАтФАтФАтФАтФАтФАтФА
тФВ #0   TestService._completeBipolarTest (package:psycho_tests/services/test_service.dart:482:17)
тФВ #1   TestService.completeTest (package:psycho_tests/services/test_service.dart:55:16)
тФЬтФДтФДтФДтФДтФДтФДтФДтФДтФДтФДтФДтФДтФДтФДтФДтФДтФДтФДтФДтФДтФДтФДтФДтФДтФДтФДтФДтФДтФДтФДтФДтФДтФДтФДтФДтФДтФДтФДтФДтФДтФДтФДтФДтФДтФДтФДтФДтФДтФДтФДтФДтФДтФДтФДтФДтФДтФДтФДтФДтФДтФДтФДтФДтФДтФДтФДтФДтФДтФДтФДтФДтФДтФДтФДтФДтФДтФДтФДтФДтФДтФДтФДтФДтФДтФДтФДтФДтФДтФДтФДтФДтФДтФДтФДтФДтФДтФДтФДтФДтФДтФДтФДтФДтФДтФДтФДтФДтФДтФДтФДтФДтФДтФДтФДтФДтФДтФДтФДтФД
тФВ ЁЯРЫ Scale extraversion: 30/50 = 60.0%
тФФтФАтФАтФАтФАтФАтФАтФАтФАтФАтФАтФАтФАтФАтФАтФАтФАтФАтФАтФАтФАтФАтФАтФАтФАтФАтФАтФАтФАтФАтФАтФАтФАтФАтФАтФАтФАтФАтФАтФАтФАтФАтФАтФАтФАтФАтФАтФАтФАтФАтФАтФАтФАтФАтФАтФАтФАтФАтФАтФАтФАтФАтФАтФАтФАтФАтФАтФАтФАтФАтФАтФАтФАтФАтФАтФАтФАтФАтФАтФАтФАтФАтФАтФАтФАтФАтФАтФАтФАтФАтФАтФАтФАтФАтФАтФАтФАтФАтФАтФАтФАтФАтФАтФАтФАтФАтФАтФАтФАтФАтФАтФАтФАтФАтФАтФАтФАтФАтФАтФА
тФМтФАтФАтФАтФАтФАтФАтФАтФАтФАтФАтФАтФАтФАтФАтФАтФАтФАтФАтФАтФАтФАтФАтФАтФАтФАтФАтФАтФАтФАтФАтФАтФАтФАтФАтФАтФАтФАтФАтФАтФАтФАтФАтФАтФАтФАтФАтФАтФАтФАтФАтФАтФАтФАтФАтФАтФАтФАтФАтФАтФАтФАтФАтФАтФАтФАтФАтФАтФАтФАтФАтФАтФАтФАтФАтФАтФАтФАтФАтФАтФАтФАтФАтФАтФАтФАтФАтФАтФАтФАтФАтФАтФАтФАтФАтФАтФАтФАтФАтФАтФАтФАтФАтФАтФАтФАтФАтФАтФАтФАтФАтФАтФАтФАтФАтФАтФАтФАтФАтФА
тФВ #0   TestService._completeBipolarTest (package:psycho_tests/services/test_service.dart:482:17)
тФВ #1   TestService.completeTest (package:psycho_tests/services/test_service.dart:55:16)
тФЬтФДтФДтФДтФДтФДтФДтФДтФДтФДтФДтФДтФДтФДтФДтФДтФДтФДтФДтФДтФДтФДтФДтФДтФДтФДтФДтФДтФДтФДтФДтФДтФДтФДтФДтФДтФДтФДтФДтФДтФДтФДтФДтФДтФДтФДтФДтФДтФДтФДтФДтФДтФДтФДтФДтФДтФДтФДтФДтФДтФДтФДтФДтФДтФДтФДтФДтФДтФДтФДтФДтФДтФДтФДтФДтФДтФДтФДтФДтФДтФДтФДтФДтФДтФДтФДтФДтФДтФДтФДтФДтФДтФДтФДтФДтФДтФДтФДтФДтФДтФДтФДтФДтФДтФДтФДтФДтФДтФДтФДтФДтФДтФДтФДтФДтФДтФДтФДтФДтФД
тФВ ЁЯРЫ Scale introversion: 30/50 = 60.0%
тФФтФАтФАтФАтФАтФАтФАтФАтФАтФАтФАтФАтФАтФАтФАтФАтФАтФАтФАтФАтФАтФАтФАтФАтФАтФАтФАтФАтФАтФАтФАтФАтФАтФАтФАтФАтФАтФАтФАтФАтФАтФАтФАтФАтФАтФАтФАтФАтФАтФАтФАтФАтФАтФАтФАтФАтФАтФАтФАтФАтФАтФАтФАтФАтФАтФАтФАтФАтФАтФАтФАтФАтФАтФАтФАтФАтФАтФАтФАтФАтФАтФАтФАтФАтФАтФАтФАтФАтФАтФАтФАтФАтФАтФАтФАтФАтФАтФАтФАтФАтФАтФАтФАтФАтФАтФАтФАтФАтФАтФАтФАтФАтФАтФАтФАтФАтФАтФАтФАтФА
тФМтФАтФАтФАтФАтФАтФАтФАтФАтФАтФАтФАтФАтФАтФАтФАтФАтФАтФАтФАтФАтФАтФАтФАтФАтФАтФАтФАтФАтФАтФАтФАтФАтФАтФАтФАтФАтФАтФАтФАтФАтФАтФАтФАтФАтФАтФАтФАтФАтФАтФАтФАтФАтФАтФАтФАтФАтФАтФАтФАтФАтФАтФАтФАтФАтФАтФАтФАтФАтФАтФАтФАтФАтФАтФАтФАтФАтФАтФАтФАтФАтФАтФАтФАтФАтФАтФАтФАтФАтФАтФАтФАтФАтФАтФАтФАтФАтФАтФАтФАтФАтФАтФАтФАтФАтФАтФАтФАтФАтФАтФАтФАтФАтФАтФАтФАтФАтФАтФАтФА
тФВ #0   TestService._completeBipolarTest (package:psycho_tests/services/test_service.dart:482:17)
тФВ #1   TestService.completeTest (package:psycho_tests/services/test_service.dart:55:16)
тФЬтФДтФДтФДтФДтФДтФДтФДтФДтФДтФДтФДтФДтФДтФДтФДтФДтФДтФДтФДтФДтФДтФДтФДтФДтФДтФДтФДтФДтФДтФДтФДтФДтФДтФДтФДтФДтФДтФДтФДтФДтФДтФДтФДтФДтФДтФДтФДтФДтФДтФДтФДтФДтФДтФДтФДтФДтФДтФДтФДтФДтФДтФДтФДтФДтФДтФДтФДтФДтФДтФДтФДтФДтФДтФДтФДтФДтФДтФДтФДтФДтФДтФДтФДтФДтФДтФДтФДтФДтФДтФДтФДтФДтФДтФДтФДтФДтФДтФДтФДтФДтФДтФДтФДтФДтФДтФДтФДтФДтФДтФДтФДтФДтФДтФДтФДтФДтФДтФДтФД
тФВ ЁЯРЫ Scale sensing: 33/55 = 60.0%
тФФтФАтФАтФАтФАтФАтФАтФАтФАтФАтФАтФАтФАтФАтФАтФАтФАтФАтФАтФАтФАтФАтФАтФАтФАтФАтФАтФАтФАтФАтФАтФАтФАтФАтФАтФАтФАтФАтФАтФАтФАтФАтФАтФАтФАтФАтФАтФАтФАтФАтФАтФАтФАтФАтФАтФАтФАтФАтФАтФАтФАтФАтФАтФАтФАтФАтФАтФАтФАтФАтФАтФАтФАтФАтФАтФАтФАтФАтФАтФАтФАтФАтФАтФАтФАтФАтФАтФАтФАтФАтФАтФАтФАтФАтФАтФАтФАтФАтФАтФАтФАтФАтФАтФАтФАтФАтФАтФАтФАтФАтФАтФАтФАтФАтФАтФАтФАтФАтФАтФА
тФМтФАтФАтФАтФАтФАтФАтФАтФАтФАтФАтФАтФАтФАтФАтФАтФАтФАтФАтФАтФАтФАтФАтФАтФАтФАтФАтФАтФАтФАтФАтФАтФАтФАтФАтФАтФАтФАтФАтФАтФАтФАтФАтФАтФАтФАтФАтФАтФАтФАтФАтФАтФАтФАтФАтФАтФАтФАтФАтФАтФАтФАтФАтФАтФАтФАтФАтФАтФАтФАтФАтФАтФАтФАтФАтФАтФАтФАтФАтФАтФАтФАтФАтФАтФАтФАтФАтФАтФАтФАтФАтФАтФАтФАтФАтФАтФАтФАтФАтФАтФАтФАтФАтФАтФАтФАтФАтФАтФАтФАтФАтФАтФАтФАтФАтФАтФАтФАтФАтФА
тФВ #0   TestService._completeBipolarTest (package:psycho_tests/services/test_service.dart:482:17)
тФВ #1   TestService.completeTest (package:psycho_tests/services/test_service.dart:55:16)
тФЬтФДтФДтФДтФДтФДтФДтФДтФДтФДтФДтФДтФДтФДтФДтФДтФДтФДтФДтФДтФДтФДтФДтФДтФДтФДтФДтФДтФДтФДтФДтФДтФДтФДтФДтФДтФДтФДтФДтФДтФДтФДтФДтФДтФДтФДтФДтФДтФДтФДтФДтФДтФДтФДтФДтФДтФДтФДтФДтФДтФДтФДтФДтФДтФДтФДтФДтФДтФДтФДтФДтФДтФДтФДтФДтФДтФДтФДтФДтФДтФДтФДтФДтФДтФДтФДтФДтФДтФДтФДтФДтФДтФДтФДтФДтФДтФДтФДтФДтФДтФДтФДтФДтФДтФДтФДтФДтФДтФДтФДтФДтФДтФДтФДтФДтФДтФДтФДтФДтФД
тФВ ЁЯРЫ Scale intuition: 27/45 = 60.0%
тФФтФАтФАтФАтФАтФАтФАтФАтФАтФАтФАтФАтФАтФАтФАтФАтФАтФАтФАтФАтФАтФАтФАтФАтФАтФАтФАтФАтФАтФАтФАтФАтФАтФАтФАтФАтФАтФАтФАтФАтФАтФАтФАтФАтФАтФАтФАтФАтФАтФАтФАтФАтФАтФАтФАтФАтФАтФАтФАтФАтФАтФАтФАтФАтФАтФАтФАтФАтФАтФАтФАтФАтФАтФАтФАтФАтФАтФАтФАтФАтФАтФАтФАтФАтФАтФАтФАтФАтФАтФАтФАтФАтФАтФАтФАтФАтФАтФАтФАтФАтФАтФАтФАтФАтФАтФАтФАтФАтФАтФАтФАтФАтФАтФАтФАтФАтФАтФАтФАтФА
тФМтФАтФАтФАтФАтФАтФАтФАтФАтФАтФАтФАтФАтФАтФАтФАтФАтФАтФАтФАтФАтФАтФАтФАтФАтФАтФАтФАтФАтФАтФАтФАтФАтФАтФАтФАтФАтФАтФАтФАтФАтФАтФАтФАтФАтФАтФАтФАтФАтФАтФАтФАтФАтФАтФАтФАтФАтФАтФАтФАтФАтФАтФАтФАтФАтФАтФАтФАтФАтФАтФАтФАтФАтФАтФАтФАтФАтФАтФАтФАтФАтФАтФАтФАтФАтФАтФАтФАтФАтФАтФАтФАтФАтФАтФАтФАтФАтФАтФАтФАтФАтФАтФАтФАтФАтФАтФАтФАтФАтФАтФАтФАтФАтФАтФАтФАтФАтФАтФАтФА
тФВ #0   TestService._completeBipolarTest (package:psycho_tests/services/test_service.dart:482:17)
тФВ #1   TestService.completeTest (package:psycho_tests/services/test_service.dart:55:16)
тФЬтФДтФДтФДтФДтФДтФДтФДтФДтФДтФДтФДтФДтФДтФДтФДтФДтФДтФДтФДтФДтФДтФДтФДтФДтФДтФДтФДтФДтФДтФДтФДтФДтФДтФДтФДтФДтФДтФДтФДтФДтФДтФДтФДтФДтФДтФДтФДтФДтФДтФДтФДтФДтФДтФДтФДтФДтФДтФДтФДтФДтФДтФДтФДтФДтФДтФДтФДтФДтФДтФДтФДтФДтФДтФДтФДтФДтФДтФДтФДтФДтФДтФДтФДтФДтФДтФДтФДтФДтФДтФДтФДтФДтФДтФДтФДтФДтФДтФДтФДтФДтФДтФДтФДтФДтФДтФДтФДтФДтФДтФДтФДтФДтФДтФДтФДтФДтФДтФДтФД
тФВ ЁЯРЫ Scale thinking: 30/50 = 60.0%
тФФтФАтФАтФАтФАтФАтФАтФАтФАтФАтФАтФАтФАтФАтФАтФАтФАтФАтФАтФАтФАтФАтФАтФАтФАтФАтФАтФАтФАтФАтФАтФАтФАтФАтФАтФАтФАтФАтФАтФАтФАтФАтФАтФАтФАтФАтФАтФАтФАтФАтФАтФАтФАтФАтФАтФАтФАтФАтФАтФАтФАтФАтФАтФАтФАтФАтФАтФАтФАтФАтФАтФАтФАтФАтФАтФАтФАтФАтФАтФАтФАтФАтФАтФАтФАтФАтФАтФАтФАтФАтФАтФАтФАтФАтФАтФАтФАтФАтФАтФАтФАтФАтФАтФАтФАтФАтФАтФАтФАтФАтФАтФАтФАтФАтФАтФАтФАтФАтФАтФА
тФМтФАтФАтФАтФАтФАтФАтФАтФАтФАтФАтФАтФАтФАтФАтФАтФАтФАтФАтФАтФАтФАтФАтФАтФАтФАтФАтФАтФАтФАтФАтФАтФАтФАтФАтФАтФАтФАтФАтФАтФАтФАтФАтФАтФАтФАтФАтФАтФАтФАтФАтФАтФАтФАтФАтФАтФАтФАтФАтФАтФАтФАтФАтФАтФАтФАтФАтФАтФАтФАтФАтФАтФАтФАтФАтФАтФАтФАтФАтФАтФАтФАтФАтФАтФАтФАтФАтФАтФАтФАтФАтФАтФАтФАтФАтФАтФАтФАтФАтФАтФАтФАтФАтФАтФАтФАтФАтФАтФАтФАтФАтФАтФАтФАтФАтФАтФАтФАтФАтФА
тФВ #0   TestService._completeBipolarTest (package:psycho_tests/services/test_service.dart:482:17)
тФВ #1   TestService.completeTest (package:psycho_tests/services/test_service.dart:55:16)
тФЬтФДтФДтФДтФДтФДтФДтФДтФДтФДтФДтФДтФДтФДтФДтФДтФДтФДтФДтФДтФДтФДтФДтФДтФДтФДтФДтФДтФДтФДтФДтФДтФДтФДтФДтФДтФДтФДтФДтФДтФДтФДтФДтФДтФДтФДтФДтФДтФДтФДтФДтФДтФДтФДтФДтФДтФДтФДтФДтФДтФДтФДтФДтФДтФДтФДтФДтФДтФДтФДтФДтФДтФДтФДтФДтФДтФДтФДтФДтФДтФДтФДтФДтФДтФДтФДтФДтФДтФДтФДтФДтФДтФДтФДтФДтФДтФДтФДтФДтФДтФДтФДтФДтФДтФДтФДтФДтФДтФДтФДтФДтФДтФДтФДтФДтФДтФДтФДтФДтФД
тФВ ЁЯРЫ Scale feeling: 30/50 = 60.0%
тФФтФАтФАтФАтФАтФАтФАтФАтФАтФАтФАтФАтФАтФАтФАтФАтФАтФАтФАтФАтФАтФАтФАтФАтФАтФАтФАтФАтФАтФАтФАтФАтФАтФАтФАтФАтФАтФАтФАтФАтФАтФАтФАтФАтФАтФАтФАтФАтФАтФАтФАтФАтФАтФАтФАтФАтФАтФАтФАтФАтФАтФАтФАтФАтФАтФАтФАтФАтФАтФАтФАтФАтФАтФАтФАтФАтФАтФАтФАтФАтФАтФАтФАтФАтФАтФАтФАтФАтФАтФАтФАтФАтФАтФАтФАтФАтФАтФАтФАтФАтФАтФАтФАтФАтФАтФАтФАтФАтФАтФАтФАтФАтФАтФАтФАтФАтФАтФАтФАтФА
тФМтФАтФАтФАтФАтФАтФАтФАтФАтФАтФАтФАтФАтФАтФАтФАтФАтФАтФАтФАтФАтФАтФАтФАтФАтФАтФАтФАтФАтФАтФАтФАтФАтФАтФАтФАтФАтФАтФАтФАтФАтФАтФАтФАтФАтФАтФАтФАтФАтФАтФАтФАтФАтФАтФАтФАтФАтФАтФАтФАтФАтФАтФАтФАтФАтФАтФАтФАтФАтФАтФАтФАтФАтФАтФАтФАтФАтФАтФАтФАтФАтФАтФАтФАтФАтФАтФАтФАтФАтФАтФАтФАтФАтФАтФАтФАтФАтФАтФАтФАтФАтФАтФАтФАтФАтФАтФАтФАтФАтФАтФАтФАтФАтФАтФАтФАтФАтФАтФАтФА
тФВ #0   TestService._completeBipolarTest (package:psycho_tests/services/test_service.dart:482:17)
тФВ #1   TestService.completeTest (package:psycho_tests/services/test_service.dart:55:16)
тФЬтФДтФДтФДтФДтФДтФДтФДтФДтФДтФДтФДтФДтФДтФДтФДтФДтФДтФДтФДтФДтФДтФДтФДтФДтФДтФДтФДтФДтФДтФДтФДтФДтФДтФДтФДтФДтФДтФДтФДтФДтФДтФДтФДтФДтФДтФДтФДтФДтФДтФДтФДтФДтФДтФДтФДтФДтФДтФДтФДтФДтФДтФДтФДтФДтФДтФДтФДтФДтФДтФДтФДтФДтФДтФДтФДтФДтФДтФДтФДтФДтФДтФДтФДтФДтФДтФДтФДтФДтФДтФДтФДтФДтФДтФДтФДтФДтФДтФДтФДтФДтФДтФДтФДтФДтФДтФДтФДтФДтФДтФДтФДтФДтФДтФДтФДтФДтФДтФДтФД
тФВ ЁЯРЫ Scale judging: 30/50 = 60.0%
тФФтФАтФАтФАтФАтФАтФАтФАтФАтФАтФАтФАтФАтФАтФАтФАтФАтФАтФАтФАтФАтФАтФАтФАтФАтФАтФАтФАтФАтФАтФАтФАтФАтФАтФАтФАтФАтФАтФАтФАтФАтФАтФАтФАтФАтФАтФАтФАтФАтФАтФАтФАтФАтФАтФАтФАтФАтФАтФАтФАтФАтФАтФАтФАтФАтФАтФАтФАтФАтФАтФАтФАтФАтФАтФАтФАтФАтФАтФАтФАтФАтФАтФАтФАтФАтФАтФАтФАтФАтФАтФАтФАтФАтФАтФАтФАтФАтФАтФАтФАтФАтФАтФАтФАтФАтФАтФАтФАтФАтФАтФАтФАтФАтФАтФАтФАтФАтФАтФАтФА
тФМтФАтФАтФАтФАтФАтФАтФАтФАтФАтФАтФАтФАтФАтФАтФАтФАтФАтФАтФАтФАтФАтФАтФАтФАтФАтФАтФАтФАтФАтФАтФАтФАтФАтФАтФАтФАтФАтФАтФАтФАтФАтФАтФАтФАтФАтФАтФАтФАтФАтФАтФАтФАтФАтФАтФАтФАтФАтФАтФАтФАтФАтФАтФАтФАтФАтФАтФАтФАтФАтФАтФАтФАтФАтФАтФАтФАтФАтФАтФАтФАтФАтФАтФАтФАтФАтФАтФАтФАтФАтФАтФАтФАтФАтФАтФАтФАтФАтФАтФАтФАтФАтФАтФАтФАтФАтФАтФАтФАтФАтФАтФАтФАтФАтФАтФАтФАтФАтФАтФА
тФВ #0   TestService._completeBipolarTest (package:psycho_tests/services/test_service.dart:482:17)
тФВ #1   TestService.completeTest (package:psycho_tests/services/test_service.dart:55:16)
тФЬтФДтФДтФДтФДтФДтФДтФДтФДтФДтФДтФДтФДтФДтФДтФДтФДтФДтФДтФДтФДтФДтФДтФДтФДтФДтФДтФДтФДтФДтФДтФДтФДтФДтФДтФДтФДтФДтФДтФДтФДтФДтФДтФДтФДтФДтФДтФДтФДтФДтФДтФДтФДтФДтФДтФДтФДтФДтФДтФДтФДтФДтФДтФДтФДтФДтФДтФДтФДтФДтФДтФДтФДтФДтФДтФДтФДтФДтФДтФДтФДтФДтФДтФДтФДтФДтФДтФДтФДтФДтФДтФДтФДтФДтФДтФДтФДтФДтФДтФДтФДтФДтФДтФДтФДтФДтФДтФДтФДтФДтФДтФДтФДтФДтФДтФДтФДтФДтФДтФД
тФВ ЁЯРЫ Scale perceiving: 30/50 = 60.0%
тФФтФАтФАтФАтФАтФАтФАтФАтФАтФАтФАтФАтФАтФАтФАтФАтФАтФАтФАтФАтФАтФАтФАтФАтФАтФАтФАтФАтФАтФАтФАтФАтФАтФАтФАтФАтФАтФАтФАтФАтФАтФАтФАтФАтФАтФАтФАтФАтФАтФАтФАтФАтФАтФАтФАтФАтФАтФАтФАтФАтФАтФАтФАтФАтФАтФАтФАтФАтФАтФАтФАтФАтФАтФАтФАтФАтФАтФАтФАтФАтФАтФАтФАтФАтФАтФАтФАтФАтФАтФАтФАтФАтФАтФАтФАтФАтФАтФАтФАтФАтФАтФАтФАтФАтФАтФАтФАтФАтФАтФАтФАтФАтФАтФАтФАтФАтФАтФАтФАтФА
тФМтФАтФАтФАтФАтФАтФАтФАтФАтФАтФАтФАтФАтФАтФАтФАтФАтФАтФАтФАтФАтФАтФАтФАтФАтФАтФАтФАтФАтФАтФАтФАтФАтФАтФАтФАтФАтФАтФАтФАтФАтФАтФАтФАтФАтФАтФАтФАтФАтФАтФАтФАтФАтФАтФАтФАтФАтФАтФАтФАтФАтФАтФАтФАтФАтФАтФАтФАтФАтФАтФАтФАтФАтФАтФАтФАтФАтФАтФАтФАтФАтФАтФАтФАтФАтФАтФАтФАтФАтФАтФАтФАтФАтФАтФАтФАтФАтФАтФАтФАтФАтФАтФАтФАтФАтФАтФАтФАтФАтФАтФАтФАтФАтФАтФАтФАтФАтФАтФАтФА
тФВ #0   TestService._completeBipolarTest (package:psycho_tests/services/test_service.dart:487:15)
тФВ #1   TestService.completeTest (package:psycho_tests/services/test_service.dart:55:16)
тФЬтФДтФДтФДтФДтФДтФДтФДтФДтФДтФДтФДтФДтФДтФДтФДтФДтФДтФДтФДтФДтФДтФДтФДтФДтФДтФДтФДтФДтФДтФДтФДтФДтФДтФДтФДтФДтФДтФДтФДтФДтФДтФДтФДтФДтФДтФДтФДтФДтФДтФДтФДтФДтФДтФДтФДтФДтФДтФДтФДтФДтФДтФДтФДтФДтФДтФДтФДтФДтФДтФДтФДтФДтФДтФДтФДтФДтФДтФДтФДтФДтФДтФДтФДтФДтФДтФДтФДтФДтФДтФДтФДтФДтФДтФДтФДтФДтФДтФДтФДтФДтФДтФДтФДтФДтФДтФДтФДтФДтФДтФДтФДтФДтФДтФДтФДтФДтФДтФДтФД
тФВ ЁЯРЫ Bipolar percentages (for UI): {EI: 50.0, SN: 50.0, TF: 50.0, JP: 50.0}
тФФтФАтФАтФАтФАтФАтФАтФАтФАтФАтФАтФАтФАтФАтФАтФАтФАтФАтФАтФАтФАтФАтФАтФАтФАтФАтФАтФАтФАтФАтФАтФАтФАтФАтФАтФАтФАтФАтФАтФАтФАтФАтФАтФАтФАтФАтФАтФАтФАтФАтФАтФАтФАтФАтФАтФАтФАтФАтФАтФАтФАтФАтФАтФАтФАтФАтФАтФАтФАтФАтФАтФАтФАтФАтФАтФАтФАтФАтФАтФАтФАтФАтФАтФАтФАтФАтФАтФАтФАтФАтФАтФАтФАтФАтФАтФАтФАтФАтФАтФАтФАтФАтФАтФАтФАтФАтФАтФАтФАтФАтФАтФАтФАтФАтФАтФАтФАтФАтФАтФА
тФМтФАтФАтФАтФАтФАтФАтФАтФАтФАтФАтФАтФАтФАтФАтФАтФАтФАтФАтФАтФАтФАтФАтФАтФАтФАтФАтФАтФАтФАтФАтФАтФАтФАтФАтФАтФАтФАтФАтФАтФАтФАтФАтФАтФАтФАтФАтФАтФАтФАтФАтФАтФАтФАтФАтФАтФАтФАтФАтФАтФАтФАтФАтФАтФАтФАтФАтФАтФАтФАтФАтФАтФАтФАтФАтФАтФАтФАтФАтФАтФАтФАтФАтФАтФАтФАтФАтФАтФАтФАтФАтФАтФАтФАтФАтФАтФАтФАтФАтФАтФАтФАтФАтФАтФАтФАтФАтФАтФАтФАтФАтФАтФАтФАтФАтФАтФАтФАтФАтФА
тФВ #0   TestService._completeBipolarTest (package:psycho_tests/services/test_service.dart:491:15)
тФВ #1   TestService.completeTest (package:psycho_tests/services/test_service.dart:55:16)
тФЬтФДтФДтФДтФДтФДтФДтФДтФДтФДтФДтФДтФДтФДтФДтФДтФДтФДтФДтФДтФДтФДтФДтФДтФДтФДтФДтФДтФДтФДтФДтФДтФДтФДтФДтФДтФДтФДтФДтФДтФДтФДтФДтФДтФДтФДтФДтФДтФДтФДтФДтФДтФДтФДтФДтФДтФДтФДтФДтФДтФДтФДтФДтФДтФДтФДтФДтФДтФДтФДтФДтФДтФДтФДтФДтФДтФДтФДтФДтФДтФДтФДтФДтФДтФДтФДтФДтФДтФДтФДтФДтФДтФДтФДтФДтФДтФДтФДтФДтФДтФДтФДтФДтФДтФДтФДтФДтФДтФДтФДтФДтФДтФДтФДтФДтФДтФДтФДтФДтФД
тФВ ЁЯРЫ Personality type code: XXXX
тФФтФАтФАтФАтФАтФАтФАтФАтФАтФАтФАтФАтФАтФАтФАтФАтФАтФАтФАтФАтФАтФАтФАтФАтФАтФАтФАтФАтФАтФАтФАтФАтФАтФАтФАтФАтФАтФАтФАтФАтФАтФАтФАтФАтФАтФАтФАтФАтФАтФАтФАтФАтФАтФАтФАтФАтФАтФАтФАтФАтФАтФАтФАтФАтФАтФАтФАтФАтФАтФАтФАтФАтФАтФАтФАтФАтФАтФАтФАтФАтФАтФАтФАтФАтФАтФАтФАтФАтФАтФАтФАтФАтФАтФАтФАтФАтФАтФАтФАтФАтФАтФАтФАтФАтФАтФАтФАтФАтФАтФАтФАтФАтФАтФАтФАтФАтФАтФАтФАтФА
тФМтФАтФАтФАтФАтФАтФАтФАтФАтФАтФАтФАтФАтФАтФАтФАтФАтФАтФАтФАтФАтФАтФАтФАтФАтФАтФАтФАтФАтФАтФАтФАтФАтФАтФАтФАтФАтФАтФАтФАтФАтФАтФАтФАтФАтФАтФАтФАтФАтФАтФАтФАтФАтФАтФАтФАтФАтФАтФАтФАтФАтФАтФАтФАтФАтФАтФАтФАтФАтФАтФАтФАтФАтФАтФАтФАтФАтФАтФАтФАтФАтФАтФАтФАтФАтФАтФАтФАтФАтФАтФАтФАтФАтФАтФАтФАтФАтФАтФАтФАтФАтФАтФАтФАтФАтФАтФАтФАтФАтФАтФАтФАтФАтФАтФАтФАтФАтФАтФАтФА
тФВ #0   TestService._completeBipolarTest (package:psycho_tests/services/test_service.dart:575:17)
тФВ #1   TestService.completeTest (package:psycho_tests/services/test_service.dart:55:16)
тФЬтФДтФДтФДтФДтФДтФДтФДтФДтФДтФДтФДтФДтФДтФДтФДтФДтФДтФДтФДтФДтФДтФДтФДтФДтФДтФДтФДтФДтФДтФДтФДтФДтФДтФДтФДтФДтФДтФДтФДтФДтФДтФДтФДтФДтФДтФДтФДтФДтФДтФДтФДтФДтФДтФДтФДтФДтФДтФДтФДтФДтФДтФДтФДтФДтФДтФДтФДтФДтФДтФДтФДтФДтФДтФДтФДтФДтФДтФДтФДтФДтФДтФДтФДтФДтФДтФДтФДтФДтФДтФДтФДтФДтФДтФДтФДтФДтФДтФДтФДтФДтФДтФДтФДтФДтФДтФДтФДтФДтФДтФДтФДтФДтФДтФДтФДтФДтФДтФДтФД
тФВ ЁЯРЫ mbti_ei: normalized=50.0%, dominant=E, CI=┬▒5.0%
тФФтФАтФАтФАтФАтФАтФАтФАтФАтФАтФАтФАтФАтФАтФАтФАтФАтФАтФАтФАтФАтФАтФАтФАтФАтФАтФАтФАтФАтФАтФАтФАтФАтФАтФАтФАтФАтФАтФАтФАтФАтФАтФАтФАтФАтФАтФАтФАтФАтФАтФАтФАтФАтФАтФАтФАтФАтФАтФАтФАтФАтФАтФАтФАтФАтФАтФАтФАтФАтФАтФАтФАтФАтФАтФАтФАтФАтФАтФАтФАтФАтФАтФАтФАтФАтФАтФАтФАтФАтФАтФАтФАтФАтФАтФАтФАтФАтФАтФАтФАтФАтФАтФАтФАтФАтФАтФАтФАтФАтФАтФАтФАтФАтФАтФАтФАтФАтФАтФАтФА
тФМтФАтФАтФАтФАтФАтФАтФАтФАтФАтФАтФАтФАтФАтФАтФАтФАтФАтФАтФАтФАтФАтФАтФАтФАтФАтФАтФАтФАтФАтФАтФАтФАтФАтФАтФАтФАтФАтФАтФАтФАтФАтФАтФАтФАтФАтФАтФАтФАтФАтФАтФАтФАтФАтФАтФАтФАтФАтФАтФАтФАтФАтФАтФАтФАтФАтФАтФАтФАтФАтФАтФАтФАтФАтФАтФАтФАтФАтФАтФАтФАтФАтФАтФАтФАтФАтФАтФАтФАтФАтФАтФАтФАтФАтФАтФАтФАтФАтФАтФАтФАтФАтФАтФАтФАтФАтФАтФАтФАтФАтФАтФАтФАтФАтФАтФАтФАтФАтФАтФА
тФВ #0   TestService._completeBipolarTest (package:psycho_tests/services/test_service.dart:575:17)
тФВ #1   TestService.completeTest (package:psycho_tests/services/test_service.dart:55:16)
тФЬтФДтФДтФДтФДтФДтФДтФДтФДтФДтФДтФДтФДтФДтФДтФДтФДтФДтФДтФДтФДтФДтФДтФДтФДтФДтФДтФДтФДтФДтФДтФДтФДтФДтФДтФДтФДтФДтФДтФДтФДтФДтФДтФДтФДтФДтФДтФДтФДтФДтФДтФДтФДтФДтФДтФДтФДтФДтФДтФДтФДтФДтФДтФДтФДтФДтФДтФДтФДтФДтФДтФДтФДтФДтФДтФДтФДтФДтФДтФДтФДтФДтФДтФДтФДтФДтФДтФДтФДтФДтФДтФДтФДтФДтФДтФДтФДтФДтФДтФДтФДтФДтФДтФДтФДтФДтФДтФДтФДтФДтФДтФДтФДтФДтФДтФДтФДтФДтФДтФД
тФВ ЁЯРЫ mbti_sn: normalized=50.0%, dominant=S, CI=┬▒5.0%
тФФтФАтФАтФАтФАтФАтФАтФАтФАтФАтФАтФАтФАтФАтФАтФАтФАтФАтФАтФАтФАтФАтФАтФАтФАтФАтФАтФАтФАтФАтФАтФАтФАтФАтФАтФАтФАтФАтФАтФАтФАтФАтФАтФАтФАтФАтФАтФАтФАтФАтФАтФАтФАтФАтФАтФАтФАтФАтФАтФАтФАтФАтФАтФАтФАтФАтФАтФАтФАтФАтФАтФАтФАтФАтФАтФАтФАтФАтФАтФАтФАтФАтФАтФАтФАтФАтФАтФАтФАтФАтФАтФАтФАтФАтФАтФАтФАтФАтФАтФАтФАтФАтФАтФАтФАтФАтФАтФАтФАтФАтФАтФАтФАтФАтФАтФАтФАтФАтФАтФА
тФМтФАтФАтФАтФАтФАтФАтФАтФАтФАтФАтФАтФАтФАтФАтФАтФАтФАтФАтФАтФАтФАтФАтФАтФАтФАтФАтФАтФАтФАтФАтФАтФАтФАтФАтФАтФАтФАтФАтФАтФАтФАтФАтФАтФАтФАтФАтФАтФАтФАтФАтФАтФАтФАтФАтФАтФАтФАтФАтФАтФАтФАтФАтФАтФАтФАтФАтФАтФАтФАтФАтФАтФАтФАтФАтФАтФАтФАтФАтФАтФАтФАтФАтФАтФАтФАтФАтФАтФАтФАтФАтФАтФАтФАтФАтФАтФАтФАтФАтФАтФАтФАтФАтФАтФАтФАтФАтФАтФАтФАтФАтФАтФАтФАтФАтФАтФАтФАтФАтФА
тФВ #0   TestService._completeBipolarTest (package:psycho_tests/services/test_service.dart:575:17)
тФВ #1   TestService.completeTest (package:psycho_tests/services/test_service.dart:55:16)
тФЬтФДтФДтФДтФДтФДтФДтФДтФДтФДтФДтФДтФДтФДтФДтФДтФДтФДтФДтФДтФДтФДтФДтФДтФДтФДтФДтФДтФДтФДтФДтФДтФДтФДтФДтФДтФДтФДтФДтФДтФДтФДтФДтФДтФДтФДтФДтФДтФДтФДтФДтФДтФДтФДтФДтФДтФДтФДтФДтФДтФДтФДтФДтФДтФДтФДтФДтФДтФДтФДтФДтФДтФДтФДтФДтФДтФДтФДтФДтФДтФДтФДтФДтФДтФДтФДтФДтФДтФДтФДтФДтФДтФДтФДтФДтФДтФДтФДтФДтФДтФДтФДтФДтФДтФДтФДтФДтФДтФДтФДтФДтФДтФДтФДтФДтФДтФДтФДтФДтФД
тФВ ЁЯРЫ mbti_tf: normalized=50.0%, dominant=T, CI=┬▒5.0%
тФФтФАтФАтФАтФАтФАтФАтФАтФАтФАтФАтФАтФАтФАтФАтФАтФАтФАтФАтФАтФАтФАтФАтФАтФАтФАтФАтФАтФАтФАтФАтФАтФАтФАтФАтФАтФАтФАтФАтФАтФАтФАтФАтФАтФАтФАтФАтФАтФАтФАтФАтФАтФАтФАтФАтФАтФАтФАтФАтФАтФАтФАтФАтФАтФАтФАтФАтФАтФАтФАтФАтФАтФАтФАтФАтФАтФАтФАтФАтФАтФАтФАтФАтФАтФАтФАтФАтФАтФАтФАтФАтФАтФАтФАтФАтФАтФАтФАтФАтФАтФАтФАтФАтФАтФАтФАтФАтФАтФАтФАтФАтФАтФАтФАтФАтФАтФАтФАтФАтФА
тФМтФАтФАтФАтФАтФАтФАтФАтФАтФАтФАтФАтФАтФАтФАтФАтФАтФАтФАтФАтФАтФАтФАтФАтФАтФАтФАтФАтФАтФАтФАтФАтФАтФАтФАтФАтФАтФАтФАтФАтФАтФАтФАтФАтФАтФАтФАтФАтФАтФАтФАтФАтФАтФАтФАтФАтФАтФАтФАтФАтФАтФАтФАтФАтФАтФАтФАтФАтФАтФАтФАтФАтФАтФАтФАтФАтФАтФАтФАтФАтФАтФАтФАтФАтФАтФАтФАтФАтФАтФАтФАтФАтФАтФАтФАтФАтФАтФАтФАтФАтФАтФАтФАтФАтФАтФАтФАтФАтФАтФАтФАтФАтФАтФАтФАтФАтФАтФАтФАтФА
тФВ #0   TestService._completeBipolarTest (package:psycho_tests/services/test_service.dart:575:17)
тФВ #1   TestService.completeTest (package:psycho_tests/services/test_service.dart:55:16)
тФЬтФДтФДтФДтФДтФДтФДтФДтФДтФДтФДтФДтФДтФДтФДтФДтФДтФДтФДтФДтФДтФДтФДтФДтФДтФДтФДтФДтФДтФДтФДтФДтФДтФДтФДтФДтФДтФДтФДтФДтФДтФДтФДтФДтФДтФДтФДтФДтФДтФДтФДтФДтФДтФДтФДтФДтФДтФДтФДтФДтФДтФДтФДтФДтФДтФДтФДтФДтФДтФДтФДтФДтФДтФДтФДтФДтФДтФДтФДтФДтФДтФДтФДтФДтФДтФДтФДтФДтФДтФДтФДтФДтФДтФДтФДтФДтФДтФДтФДтФДтФДтФДтФДтФДтФДтФДтФДтФДтФДтФДтФДтФДтФДтФДтФДтФДтФДтФДтФДтФД
тФВ ЁЯРЫ mbti_jp: normalized=50.0%, dominant=J, CI=┬▒5.0%
тФФтФАтФАтФАтФАтФАтФАтФАтФАтФАтФАтФАтФАтФАтФАтФАтФАтФАтФАтФАтФАтФАтФАтФАтФАтФАтФАтФАтФАтФАтФАтФАтФАтФАтФАтФАтФАтФАтФАтФАтФАтФАтФАтФАтФАтФАтФАтФАтФАтФАтФАтФАтФАтФАтФАтФАтФАтФАтФАтФАтФАтФАтФАтФАтФАтФАтФАтФАтФАтФАтФАтФАтФАтФАтФАтФАтФАтФАтФАтФАтФАтФАтФАтФАтФАтФАтФАтФАтФАтФАтФАтФАтФАтФАтФАтФАтФАтФАтФАтФАтФАтФАтФАтФАтФАтФАтФАтФАтФАтФАтФАтФАтФАтФАтФАтФАтФАтФАтФАтФА
тФМтФАтФАтФАтФАтФАтФАтФАтФАтФАтФАтФАтФАтФАтФАтФАтФАтФАтФАтФАтФАтФАтФАтФАтФАтФАтФАтФАтФАтФАтФАтФАтФАтФАтФАтФАтФАтФАтФАтФАтФАтФАтФАтФАтФАтФАтФАтФАтФАтФАтФАтФАтФАтФАтФАтФАтФАтФАтФАтФАтФАтФАтФАтФАтФАтФАтФАтФАтФАтФАтФАтФАтФАтФАтФАтФАтФАтФАтФАтФАтФАтФАтФАтФАтФАтФАтФАтФАтФАтФАтФАтФАтФАтФАтФАтФАтФАтФАтФАтФАтФАтФАтФАтФАтФАтФАтФАтФАтФАтФАтФАтФАтФАтФАтФАтФАтФАтФАтФАтФА
тФВ #0   TestService._completeBipolarTest (package:psycho_tests/services/test_service.dart:589:15)
тФВ #1   TestService.completeTest (package:psycho_tests/services/test_service.dart:55:16)
тФЬтФДтФДтФДтФДтФДтФДтФДтФДтФДтФДтФДтФДтФДтФДтФДтФДтФДтФДтФДтФДтФДтФДтФДтФДтФДтФДтФДтФДтФДтФДтФДтФДтФДтФДтФДтФДтФДтФДтФДтФДтФДтФДтФДтФДтФДтФДтФДтФДтФДтФДтФДтФДтФДтФДтФДтФДтФДтФДтФДтФДтФДтФДтФДтФДтФДтФДтФДтФДтФДтФДтФДтФДтФДтФДтФДтФДтФДтФДтФДтФДтФДтФДтФДтФДтФДтФДтФДтФДтФДтФДтФДтФДтФДтФДтФДтФДтФДтФДтФДтФДтФДтФДтФДтФДтФДтФДтФДтФДтФДтФДтФДтФДтФДтФДтФДтФДтФДтФДтФД
тФВ ЁЯРЫ userAnswersScores contains 80 answers
тФФтФАтФАтФАтФАтФАтФАтФАтФАтФАтФАтФАтФАтФАтФАтФАтФАтФАтФАтФАтФАтФАтФАтФАтФАтФАтФАтФАтФАтФАтФАтФАтФАтФАтФАтФАтФАтФАтФАтФАтФАтФАтФАтФАтФАтФАтФАтФАтФАтФАтФАтФАтФАтФАтФАтФАтФАтФАтФАтФАтФАтФАтФАтФАтФАтФАтФАтФАтФАтФАтФАтФАтФАтФАтФАтФАтФАтФАтФАтФАтФАтФАтФАтФАтФАтФАтФАтФАтФАтФАтФАтФАтФАтФАтФАтФАтФАтФАтФАтФАтФАтФАтФАтФАтФАтФАтФАтФАтФАтФАтФАтФАтФАтФАтФАтФАтФАтФАтФАтФА
тФМтФАтФАтФАтФАтФАтФАтФАтФАтФАтФАтФАтФАтФАтФАтФАтФАтФАтФАтФАтФАтФАтФАтФАтФАтФАтФАтФАтФАтФАтФАтФАтФАтФАтФАтФАтФАтФАтФАтФАтФАтФАтФАтФАтФАтФАтФАтФАтФАтФАтФАтФАтФАтФАтФАтФАтФАтФАтФАтФАтФАтФАтФАтФАтФАтФАтФАтФАтФАтФАтФАтФАтФАтФАтФАтФАтФАтФАтФАтФАтФАтФАтФАтФАтФАтФАтФАтФАтФАтФАтФАтФАтФАтФАтФАтФАтФАтФАтФАтФАтФАтФАтФАтФАтФАтФАтФАтФАтФАтФАтФАтФАтФАтФАтФАтФАтФАтФАтФАтФА
тФВ #0   TestService._completeBipolarTest (package:psycho_tests/services/test_service.dart:590:15)
тФВ #1   TestService.completeTest (package:psycho_tests/services/test_service.dart:55:16)
тФЬтФДтФДтФДтФДтФДтФДтФДтФДтФДтФДтФДтФДтФДтФДтФДтФДтФДтФДтФДтФДтФДтФДтФДтФДтФДтФДтФДтФДтФДтФДтФДтФДтФДтФДтФДтФДтФДтФДтФДтФДтФДтФДтФДтФДтФДтФДтФДтФДтФДтФДтФДтФДтФДтФДтФДтФДтФДтФДтФДтФДтФДтФДтФДтФДтФДтФДтФДтФДтФДтФДтФДтФДтФДтФДтФДтФДтФДтФДтФДтФДтФДтФДтФДтФДтФДтФДтФДтФДтФДтФДтФДтФДтФДтФДтФДтФДтФДтФДтФДтФДтФДтФДтФДтФДтФДтФДтФДтФДтФДтФДтФДтФДтФДтФДтФДтФДтФДтФДтФД
тФВ ЁЯРЫ Total questions in test: 80
тФФтФАтФАтФАтФАтФАтФАтФАтФАтФАтФАтФАтФАтФАтФАтФАтФАтФАтФАтФАтФАтФАтФАтФАтФАтФАтФАтФАтФАтФАтФАтФАтФАтФАтФАтФАтФАтФАтФАтФАтФАтФАтФАтФАтФАтФАтФАтФАтФАтФАтФАтФАтФАтФАтФАтФАтФАтФАтФАтФАтФАтФАтФАтФАтФАтФАтФАтФАтФАтФАтФАтФАтФАтФАтФАтФАтФАтФАтФАтФАтФАтФАтФАтФАтФАтФАтФАтФАтФАтФАтФАтФАтФАтФАтФАтФАтФАтФАтФАтФАтФАтФАтФАтФАтФАтФАтФАтФАтФАтФАтФАтФАтФАтФАтФАтФАтФАтФАтФАтФА
тФМтФАтФАтФАтФАтФАтФАтФАтФАтФАтФАтФАтФАтФАтФАтФАтФАтФАтФАтФАтФАтФАтФАтФАтФАтФАтФАтФАтФАтФАтФАтФАтФАтФАтФАтФАтФАтФАтФАтФАтФАтФАтФАтФАтФАтФАтФАтФАтФАтФАтФАтФАтФАтФАтФАтФАтФАтФАтФАтФАтФАтФАтФАтФАтФАтФАтФАтФАтФАтФАтФАтФАтФАтФАтФАтФАтФАтФАтФАтФАтФАтФАтФАтФАтФАтФАтФАтФАтФАтФАтФАтФАтФАтФАтФАтФАтФАтФАтФАтФАтФАтФАтФАтФАтФАтФАтФАтФАтФАтФАтФАтФАтФАтФАтФАтФАтФАтФАтФАтФА
тФВ #0   TestService._completeBipolarTest (package:psycho_tests/services/test_service.dart:591:15)
тФВ #1   TestService.completeTest (package:psycho_tests/services/test_service.dart:55:16)
тФЬтФДтФДтФДтФДтФДтФДтФДтФДтФДтФДтФДтФДтФДтФДтФДтФДтФДтФДтФДтФДтФДтФДтФДтФДтФДтФДтФДтФДтФДтФДтФДтФДтФДтФДтФДтФДтФДтФДтФДтФДтФДтФДтФДтФДтФДтФДтФДтФДтФДтФДтФДтФДтФДтФДтФДтФДтФДтФДтФДтФДтФДтФДтФДтФДтФДтФДтФДтФДтФДтФДтФДтФДтФДтФДтФДтФДтФДтФДтФДтФДтФДтФДтФДтФДтФДтФДтФДтФДтФДтФДтФДтФДтФДтФДтФДтФДтФДтФДтФДтФДтФДтФДтФДтФДтФДтФДтФДтФДтФДтФДтФДтФДтФДтФДтФДтФДтФДтФДтФД
тФВ ЁЯРЫ Expected 80 answers, received: 80
тФФтФАтФАтФАтФАтФАтФАтФАтФАтФАтФАтФАтФАтФАтФАтФАтФАтФАтФАтФАтФАтФАтФАтФАтФАтФАтФАтФАтФАтФАтФАтФАтФАтФАтФАтФАтФАтФАтФАтФАтФАтФАтФАтФАтФАтФАтФАтФАтФАтФАтФАтФАтФАтФАтФАтФАтФАтФАтФАтФАтФАтФАтФАтФАтФАтФАтФАтФАтФАтФАтФАтФАтФАтФАтФАтФАтФАтФАтФАтФАтФАтФАтФАтФАтФАтФАтФАтФАтФАтФАтФАтФАтФАтФАтФАтФАтФАтФАтФАтФАтФАтФАтФАтФАтФАтФАтФАтФАтФАтФАтФАтФАтФАтФАтФАтФАтФАтФАтФАтФА
тФМтФАтФАтФАтФАтФАтФАтФАтФАтФАтФАтФАтФАтФАтФАтФАтФАтФАтФАтФАтФАтФАтФАтФАтФАтФАтФАтФАтФАтФАтФАтФАтФАтФАтФАтФАтФАтФАтФАтФАтФАтФАтФАтФАтФАтФАтФАтФАтФАтФАтФАтФАтФАтФАтФАтФАтФАтФАтФАтФАтФАтФАтФАтФАтФАтФАтФАтФАтФАтФАтФАтФАтФАтФАтФАтФАтФАтФАтФАтФАтФАтФАтФАтФАтФАтФАтФАтФАтФАтФАтФАтФАтФАтФАтФАтФАтФАтФАтФАтФАтФАтФАтФАтФАтФАтФАтФАтФАтФАтФАтФАтФАтФАтФАтФАтФАтФАтФАтФАтФА
тФВ #0   TestService._completeBipolarTest (package:psycho_tests/services/test_service.dart:592:15)
тФВ #1   TestService.completeTest (package:psycho_tests/services/test_service.dart:55:16)
тФЬтФДтФДтФДтФДтФДтФДтФДтФДтФДтФДтФДтФДтФДтФДтФДтФДтФДтФДтФДтФДтФДтФДтФДтФДтФДтФДтФДтФДтФДтФДтФДтФДтФДтФДтФДтФДтФДтФДтФДтФДтФДтФДтФДтФДтФДтФДтФДтФДтФДтФДтФДтФДтФДтФДтФДтФДтФДтФДтФДтФДтФДтФДтФДтФДтФДтФДтФДтФДтФДтФДтФДтФДтФДтФДтФДтФДтФДтФДтФДтФДтФДтФДтФДтФДтФДтФДтФДтФДтФДтФДтФДтФДтФДтФДтФДтФДтФДтФДтФДтФДтФДтФДтФДтФДтФДтФДтФДтФДтФДтФДтФДтФДтФДтФДтФДтФДтФДтФДтФД
тФВ ЁЯРЫ First 5 answers: q1:3, q2:3, q3:3, q4:3, q5:3
тФФтФАтФАтФАтФАтФАтФАтФАтФАтФАтФАтФАтФАтФАтФАтФАтФАтФАтФАтФАтФАтФАтФАтФАтФАтФАтФАтФАтФАтФАтФАтФАтФАтФАтФАтФАтФАтФАтФАтФАтФАтФАтФАтФАтФАтФАтФАтФАтФАтФАтФАтФАтФАтФАтФАтФАтФАтФАтФАтФАтФАтФАтФАтФАтФАтФАтФАтФАтФАтФАтФАтФАтФАтФАтФАтФАтФАтФАтФАтФАтФАтФАтФАтФАтФАтФАтФАтФАтФАтФАтФАтФАтФАтФАтФАтФАтФАтФАтФАтФАтФАтФАтФАтФАтФАтФАтФАтФАтФАтФАтФАтФАтФАтФАтФАтФАтФАтФАтФАтФА
тФМтФАтФАтФАтФАтФАтФАтФАтФАтФАтФАтФАтФАтФАтФАтФАтФАтФАтФАтФАтФАтФАтФАтФАтФАтФАтФАтФАтФАтФАтФАтФАтФАтФАтФАтФАтФАтФАтФАтФАтФАтФАтФАтФАтФАтФАтФАтФАтФАтФАтФАтФАтФАтФАтФАтФАтФАтФАтФАтФАтФАтФАтФАтФАтФАтФАтФАтФАтФАтФАтФАтФАтФАтФАтФАтФАтФАтФАтФАтФАтФАтФАтФАтФАтФАтФАтФАтФАтФАтФАтФАтФАтФАтФАтФАтФАтФАтФАтФАтФАтФАтФАтФАтФАтФАтФАтФАтФАтФАтФАтФАтФАтФАтФАтФАтФАтФАтФАтФАтФА
тФВ #0   TestService._completeBipolarTest (package:psycho_tests/services/test_service.dart:595:17)
тФВ #1   TestService.completeTest (package:psycho_tests/services/test_service.dart:55:16)
тФЬтФДтФДтФДтФДтФДтФДтФДтФДтФДтФДтФДтФДтФДтФДтФДтФДтФДтФДтФДтФДтФДтФДтФДтФДтФДтФДтФДтФДтФДтФДтФДтФДтФДтФДтФДтФДтФДтФДтФДтФДтФДтФДтФДтФДтФДтФДтФДтФДтФДтФДтФДтФДтФДтФДтФДтФДтФДтФДтФДтФДтФДтФДтФДтФДтФДтФДтФДтФДтФДтФДтФДтФДтФДтФДтФДтФДтФДтФДтФДтФДтФДтФДтФДтФДтФДтФДтФДтФДтФДтФДтФДтФДтФДтФДтФДтФДтФДтФДтФДтФДтФДтФДтФДтФДтФДтФДтФДтФДтФДтФДтФДтФДтФДтФДтФДтФДтФДтФДтФД
тФВ ЁЯРЫ Last 5 answers: q76:3, q77:3, q78:3, q79:3, q80:3
тФФтФАтФАтФАтФАтФАтФАтФАтФАтФАтФАтФАтФАтФАтФАтФАтФАтФАтФАтФАтФАтФАтФАтФАтФАтФАтФАтФАтФАтФАтФАтФАтФАтФАтФАтФАтФАтФАтФАтФАтФАтФАтФАтФАтФАтФАтФАтФАтФАтФАтФАтФАтФАтФАтФАтФАтФАтФАтФАтФАтФАтФАтФАтФАтФАтФАтФАтФАтФАтФАтФАтФАтФАтФАтФАтФАтФАтФАтФАтФАтФАтФАтФАтФАтФАтФАтФАтФАтФАтФАтФАтФАтФАтФАтФАтФАтФАтФАтФАтФАтФАтФАтФАтФАтФАтФАтФАтФАтФАтФАтФАтФАтФАтФАтФАтФАтФАтФАтФАтФА
тФМтФАтФАтФАтФАтФАтФАтФАтФАтФАтФАтФАтФАтФАтФАтФАтФАтФАтФАтФАтФАтФАтФАтФАтФАтФАтФАтФАтФАтФАтФАтФАтФАтФАтФАтФАтФАтФАтФАтФАтФАтФАтФАтФАтФАтФАтФАтФАтФАтФАтФАтФАтФАтФАтФАтФАтФАтФАтФАтФАтФАтФАтФАтФАтФАтФАтФАтФАтФАтФАтФАтФАтФАтФАтФАтФАтФАтФАтФАтФАтФАтФАтФАтФАтФАтФАтФАтФАтФАтФАтФАтФАтФАтФАтФАтФАтФАтФАтФАтФАтФАтФАтФАтФАтФАтФАтФАтФАтФАтФАтФАтФАтФАтФАтФАтФАтФАтФАтФАтФА
тФВ #0   TestService._completeBipolarTest (package:psycho_tests/services/test_service.dart:600:15)
тФВ #1   TestService.completeTest (package:psycho_tests/services/test_service.dart:55:16)
тФЬтФДтФДтФДтФДтФДтФДтФДтФДтФДтФДтФДтФДтФДтФДтФДтФДтФДтФДтФДтФДтФДтФДтФДтФДтФДтФДтФДтФДтФДтФДтФДтФДтФДтФДтФДтФДтФДтФДтФДтФДтФДтФДтФДтФДтФДтФДтФДтФДтФДтФДтФДтФДтФДтФДтФДтФДтФДтФДтФДтФДтФДтФДтФДтФДтФДтФДтФДтФДтФДтФДтФДтФДтФДтФДтФДтФДтФДтФДтФДтФДтФДтФДтФДтФДтФДтФДтФДтФДтФДтФДтФДтФДтФДтФДтФДтФДтФДтФДтФДтФДтФДтФДтФДтФДтФДтФДтФДтФДтФДтФДтФДтФДтФДтФДтФДтФДтФДтФДтФД
тФВ ЁЯРЫ ===== START QUALITY VALIDATION =====
тФФтФАтФАтФАтФАтФАтФАтФАтФАтФАтФАтФАтФАтФАтФАтФАтФАтФАтФАтФАтФАтФАтФАтФАтФАтФАтФАтФАтФАтФАтФАтФАтФАтФАтФАтФАтФАтФАтФАтФАтФАтФАтФАтФАтФАтФАтФАтФАтФАтФАтФАтФАтФАтФАтФАтФАтФАтФАтФАтФАтФАтФАтФАтФАтФАтФАтФАтФАтФАтФАтФАтФАтФАтФАтФАтФАтФАтФАтФАтФАтФАтФАтФАтФАтФАтФАтФАтФАтФАтФАтФАтФАтФАтФАтФАтФАтФАтФАтФАтФАтФАтФАтФАтФАтФАтФАтФАтФАтФАтФАтФАтФАтФАтФАтФАтФАтФАтФАтФАтФА
тФМтФАтФАтФАтФАтФАтФАтФАтФАтФАтФАтФАтФАтФАтФАтФАтФАтФАтФАтФАтФАтФАтФАтФАтФАтФАтФАтФАтФАтФАтФАтФАтФАтФАтФАтФАтФАтФАтФАтФАтФАтФАтФАтФАтФАтФАтФАтФАтФАтФАтФАтФАтФАтФАтФАтФАтФАтФАтФАтФАтФАтФАтФАтФАтФАтФАтФАтФАтФАтФАтФАтФАтФАтФАтФАтФАтФАтФАтФАтФАтФАтФАтФАтФАтФАтФАтФАтФАтФАтФАтФАтФАтФАтФАтФАтФАтФАтФАтФАтФАтФАтФАтФАтФАтФАтФАтФАтФАтФАтФАтФАтФАтФАтФАтФАтФАтФАтФАтФАтФА
тФВ #0   TestService.validateResponseQuality (package:psycho_tests/services/test_service.dart:634:15)
тФВ #1   TestService._completeBipolarTest (package:psycho_tests/services/test_service.dart:602:9)
тФЬтФДтФДтФДтФДтФДтФДтФДтФДтФДтФДтФДтФДтФДтФДтФДтФДтФДтФДтФДтФДтФДтФДтФДтФДтФДтФДтФДтФДтФДтФДтФДтФДтФДтФДтФДтФДтФДтФДтФДтФДтФДтФДтФДтФДтФДтФДтФДтФДтФДтФДтФДтФДтФДтФДтФДтФДтФДтФДтФДтФДтФДтФДтФДтФДтФДтФДтФДтФДтФДтФДтФДтФДтФДтФДтФДтФДтФДтФДтФДтФДтФДтФДтФДтФДтФДтФДтФДтФДтФДтФДтФДтФДтФДтФДтФДтФДтФДтФДтФДтФДтФДтФДтФДтФДтФДтФДтФДтФДтФДтФДтФДтФДтФДтФДтФДтФДтФДтФДтФД
тФВ ЁЯРЫ Starting validation of 80 answers
тФФтФАтФАтФАтФАтФАтФАтФАтФАтФАтФАтФАтФАтФАтФАтФАтФАтФАтФАтФАтФАтФАтФАтФАтФАтФАтФАтФАтФАтФАтФАтФАтФАтФАтФАтФАтФАтФАтФАтФАтФАтФАтФАтФАтФАтФАтФАтФАтФАтФАтФАтФАтФАтФАтФАтФАтФАтФАтФАтФАтФАтФАтФАтФАтФАтФАтФАтФАтФАтФАтФАтФАтФАтФАтФАтФАтФАтФАтФАтФАтФАтФАтФАтФАтФАтФАтФАтФАтФАтФАтФАтФАтФАтФАтФАтФАтФАтФАтФАтФАтФАтФАтФАтФАтФАтФАтФАтФАтФАтФАтФАтФАтФАтФАтФАтФАтФАтФАтФАтФА
тФМтФАтФАтФАтФАтФАтФАтФАтФАтФАтФАтФАтФАтФАтФАтФАтФАтФАтФАтФАтФАтФАтФАтФАтФАтФАтФАтФАтФАтФАтФАтФАтФАтФАтФАтФАтФАтФАтФАтФАтФАтФАтФАтФАтФАтФАтФАтФАтФАтФАтФАтФАтФАтФАтФАтФАтФАтФАтФАтФАтФАтФАтФАтФАтФАтФАтФАтФАтФАтФАтФАтФАтФАтФАтФАтФАтФАтФАтФАтФАтФАтФАтФАтФАтФАтФАтФАтФАтФАтФАтФАтФАтФАтФАтФАтФАтФАтФАтФАтФАтФАтФАтФАтФАтФАтФАтФАтФАтФАтФАтФАтФАтФАтФАтФАтФАтФАтФАтФАтФА
тФВ #0   TestService.validateResponseQuality (package:psycho_tests/services/test_service.dart:647:15)
тФВ #1   TestService._completeBipolarTest (package:psycho_tests/services/test_service.dart:602:9)
тФЬтФДтФДтФДтФДтФДтФДтФДтФДтФДтФДтФДтФДтФДтФДтФДтФДтФДтФДтФДтФДтФДтФДтФДтФДтФДтФДтФДтФДтФДтФДтФДтФДтФДтФДтФДтФДтФДтФДтФДтФДтФДтФДтФДтФДтФДтФДтФДтФДтФДтФДтФДтФДтФДтФДтФДтФДтФДтФДтФДтФДтФДтФДтФДтФДтФДтФДтФДтФДтФДтФДтФДтФДтФДтФДтФДтФДтФДтФДтФДтФДтФДтФДтФДтФДтФДтФДтФДтФДтФДтФДтФДтФДтФДтФДтФДтФДтФДтФДтФДтФДтФДтФДтФДтФДтФДтФДтФДтФДтФДтФДтФДтФДтФДтФДтФДтФДтФДтФДтФД
тФВ ЁЯРЫ Answer mean: 3.00
тФФтФАтФАтФАтФАтФАтФАтФАтФАтФАтФАтФАтФАтФАтФАтФАтФАтФАтФАтФАтФАтФАтФАтФАтФАтФАтФАтФАтФАтФАтФАтФАтФАтФАтФАтФАтФАтФАтФАтФАтФАтФАтФАтФАтФАтФАтФАтФАтФАтФАтФАтФАтФАтФАтФАтФАтФАтФАтФАтФАтФАтФАтФАтФАтФАтФАтФАтФАтФАтФАтФАтФАтФАтФАтФАтФАтФАтФАтФАтФАтФАтФАтФАтФАтФАтФАтФАтФАтФАтФАтФАтФАтФАтФАтФАтФАтФАтФАтФАтФАтФАтФАтФАтФАтФАтФАтФАтФАтФАтФАтФАтФАтФАтФАтФАтФАтФАтФАтФАтФА
тФМтФАтФАтФАтФАтФАтФАтФАтФАтФАтФАтФАтФАтФАтФАтФАтФАтФАтФАтФАтФАтФАтФАтФАтФАтФАтФАтФАтФАтФАтФАтФАтФАтФАтФАтФАтФАтФАтФАтФАтФАтФАтФАтФАтФАтФАтФАтФАтФАтФАтФАтФАтФАтФАтФАтФАтФАтФАтФАтФАтФАтФАтФАтФАтФАтФАтФАтФАтФАтФАтФАтФАтФАтФАтФАтФАтФАтФАтФАтФАтФАтФАтФАтФАтФАтФАтФАтФАтФАтФАтФАтФАтФАтФАтФАтФАтФАтФАтФАтФАтФАтФАтФАтФАтФАтФАтФАтФАтФАтФАтФАтФАтФАтФАтФАтФАтФАтФАтФАтФА
тФВ #0   TestService.validateResponseQuality (package:psycho_tests/services/test_service.dart:648:15)
тФВ #1   TestService._completeBipolarTest (package:psycho_tests/services/test_service.dart:602:9)
тФЬтФДтФДтФДтФДтФДтФДтФДтФДтФДтФДтФДтФДтФДтФДтФДтФДтФДтФДтФДтФДтФДтФДтФДтФДтФДтФДтФДтФДтФДтФДтФДтФДтФДтФДтФДтФДтФДтФДтФДтФДтФДтФДтФДтФДтФДтФДтФДтФДтФДтФДтФДтФДтФДтФДтФДтФДтФДтФДтФДтФДтФДтФДтФДтФДтФДтФДтФДтФДтФДтФДтФДтФДтФДтФДтФДтФДтФДтФДтФДтФДтФДтФДтФДтФДтФДтФДтФДтФДтФДтФДтФДтФДтФДтФДтФДтФДтФДтФДтФДтФДтФДтФДтФДтФДтФДтФДтФДтФДтФДтФДтФДтФДтФДтФДтФДтФДтФДтФДтФД
тФВ ЁЯРЫ Standard deviation: 0.00
тФФтФАтФАтФАтФАтФАтФАтФАтФАтФАтФАтФАтФАтФАтФАтФАтФАтФАтФАтФАтФАтФАтФАтФАтФАтФАтФАтФАтФАтФАтФАтФАтФАтФАтФАтФАтФАтФАтФАтФАтФАтФАтФАтФАтФАтФАтФАтФАтФАтФАтФАтФАтФАтФАтФАтФАтФАтФАтФАтФАтФАтФАтФАтФАтФАтФАтФАтФАтФАтФАтФАтФАтФАтФАтФАтФАтФАтФАтФАтФАтФАтФАтФАтФАтФАтФАтФАтФАтФАтФАтФАтФАтФАтФАтФАтФАтФАтФАтФАтФАтФАтФАтФАтФАтФАтФАтФАтФАтФАтФАтФАтФАтФАтФАтФАтФАтФАтФАтФАтФА
[38;5;208mтФМтФАтФАтФАтФАтФАтФАтФАтФАтФАтФАтФАтФАтФАтФАтФАтФАтФАтФАтФАтФАтФАтФАтФАтФАтФАтФАтФАтФАтФАтФАтФАтФАтФАтФАтФАтФАтФАтФАтФАтФАтФАтФАтФАтФАтФАтФАтФАтФАтФАтФАтФАтФАтФАтФАтФАтФАтФАтФАтФАтФАтФАтФАтФАтФАтФАтФАтФАтФАтФАтФАтФАтФАтФАтФАтФАтФАтФАтФАтФАтФАтФАтФАтФАтФАтФАтФАтФАтФАтФАтФАтФАтФАтФАтФАтФАтФАтФАтФАтФАтФАтФАтФАтФАтФАтФАтФАтФАтФАтФАтФАтФАтФАтФАтФАтФАтФАтФАтФАтФА[0m
[38;5;208mтФВ #0   TestService.validateResponseQuality (package:psycho_tests/services/test_service.dart:656:17)[0m
[38;5;208mтФВ #1   TestService._completeBipolarTest (package:psycho_tests/services/test_service.dart:602:9)[0m
[38;5;208mтФЬтФДтФДтФДтФДтФДтФДтФДтФДтФДтФДтФДтФДтФДтФДтФДтФДтФДтФДтФДтФДтФДтФДтФДтФДтФДтФДтФДтФДтФДтФДтФДтФДтФДтФДтФДтФДтФДтФДтФДтФДтФДтФДтФДтФДтФДтФДтФДтФДтФДтФДтФДтФДтФДтФДтФДтФДтФДтФДтФДтФДтФДтФДтФДтФДтФДтФДтФДтФДтФДтФДтФДтФДтФДтФДтФДтФДтФДтФДтФДтФДтФДтФДтФДтФДтФДтФДтФДтФДтФДтФДтФДтФДтФДтФДтФДтФДтФДтФДтФДтФДтФДтФДтФДтФДтФДтФДтФДтФДтФДтФДтФДтФДтФДтФДтФДтФДтФДтФДтФД[0m
[38;5;208mтФВ тЪая╕П ISSUE: Very low response variance (0.00). You may not have been thoughtful.[0m
[38;5;208mтФФтФАтФАтФАтФАтФАтФАтФАтФАтФАтФАтФАтФАтФАтФАтФАтФАтФАтФАтФАтФАтФАтФАтФАтФАтФАтФАтФАтФАтФАтФАтФАтФАтФАтФАтФАтФАтФАтФАтФАтФАтФАтФАтФАтФАтФАтФАтФАтФАтФАтФАтФАтФАтФАтФАтФАтФАтФАтФАтФАтФАтФАтФАтФАтФАтФАтФАтФАтФАтФАтФАтФАтФАтФАтФАтФАтФАтФАтФАтФАтФАтФАтФАтФАтФАтФАтФАтФАтФАтФАтФАтФАтФАтФАтФАтФАтФАтФАтФАтФАтФАтФАтФАтФАтФАтФАтФАтФАтФАтФАтФАтФАтФАтФАтФАтФАтФАтФАтФАтФА[0m
тФМтФАтФАтФАтФАтФАтФАтФАтФАтФАтФАтФАтФАтФАтФАтФАтФАтФАтФАтФАтФАтФАтФАтФАтФАтФАтФАтФАтФАтФАтФАтФАтФАтФАтФАтФАтФАтФАтФАтФАтФАтФАтФАтФАтФАтФАтФАтФАтФАтФАтФАтФАтФАтФАтФАтФАтФАтФАтФАтФАтФАтФАтФАтФАтФАтФАтФАтФАтФАтФАтФАтФАтФАтФАтФАтФАтФАтФАтФАтФАтФАтФАтФАтФАтФАтФАтФАтФАтФАтФАтФАтФАтФАтФАтФАтФАтФАтФАтФАтФАтФАтФАтФАтФАтФАтФАтФАтФАтФАтФАтФАтФАтФАтФАтФАтФАтФАтФАтФАтФА
тФВ #0   TestService.validateResponseQuality (package:psycho_tests/services/test_service.dart:669:15)
тФВ #1   TestService._completeBipolarTest (package:psycho_tests/services/test_service.dart:602:9)
тФЬтФДтФДтФДтФДтФДтФДтФДтФДтФДтФДтФДтФДтФДтФДтФДтФДтФДтФДтФДтФДтФДтФДтФДтФДтФДтФДтФДтФДтФДтФДтФДтФДтФДтФДтФДтФДтФДтФДтФДтФДтФДтФДтФДтФДтФДтФДтФДтФДтФДтФДтФДтФДтФДтФДтФДтФДтФДтФДтФДтФДтФДтФДтФДтФДтФДтФДтФДтФДтФДтФДтФДтФДтФДтФДтФДтФДтФДтФДтФДтФДтФДтФДтФДтФДтФДтФДтФДтФДтФДтФДтФДтФДтФДтФДтФДтФДтФДтФДтФДтФДтФДтФДтФДтФДтФДтФДтФДтФДтФДтФДтФДтФДтФДтФДтФДтФДтФДтФДтФД
тФВ ЁЯРЫ Neutral answers: 80 of 80 (100.0%)
тФФтФАтФАтФАтФАтФАтФАтФАтФАтФАтФАтФАтФАтФАтФАтФАтФАтФАтФАтФАтФАтФАтФАтФАтФАтФАтФАтФАтФАтФАтФАтФАтФАтФАтФАтФАтФАтФАтФАтФАтФАтФАтФАтФАтФАтФАтФАтФАтФАтФАтФАтФАтФАтФАтФАтФАтФАтФАтФАтФАтФАтФАтФАтФАтФАтФАтФАтФАтФАтФАтФАтФАтФАтФАтФАтФАтФАтФАтФАтФАтФАтФАтФАтФАтФАтФАтФАтФАтФАтФАтФАтФАтФАтФАтФАтФАтФАтФАтФАтФАтФАтФАтФАтФАтФАтФАтФАтФАтФАтФАтФАтФАтФАтФАтФАтФАтФАтФАтФАтФА
[38;5;208mтФМтФАтФАтФАтФАтФАтФАтФАтФАтФАтФАтФАтФАтФАтФАтФАтФАтФАтФАтФАтФАтФАтФАтФАтФАтФАтФАтФАтФАтФАтФАтФАтФАтФАтФАтФАтФАтФАтФАтФАтФАтФАтФАтФАтФАтФАтФАтФАтФАтФАтФАтФАтФАтФАтФАтФАтФАтФАтФАтФАтФАтФАтФАтФАтФАтФАтФАтФАтФАтФАтФАтФАтФАтФАтФАтФАтФАтФАтФАтФАтФАтФАтФАтФАтФАтФАтФАтФАтФАтФАтФАтФАтФАтФАтФАтФАтФАтФАтФАтФАтФАтФАтФАтФАтФАтФАтФАтФАтФАтФАтФАтФАтФАтФАтФАтФАтФАтФАтФАтФА[0m
[38;5;208mтФВ #0   TestService.validateResponseQuality (package:psycho_tests/services/test_service.dart:678:17)[0m
[38;5;208mтФВ #1   TestService._completeBipolarTest (package:psycho_tests/services/test_service.dart:602:9)[0m
[38;5;208mтФЬтФДтФДтФДтФДтФДтФДтФДтФДтФДтФДтФДтФДтФДтФДтФДтФДтФДтФДтФДтФДтФДтФДтФДтФДтФДтФДтФДтФДтФДтФДтФДтФДтФДтФДтФДтФДтФДтФДтФДтФДтФДтФДтФДтФДтФДтФДтФДтФДтФДтФДтФДтФДтФДтФДтФДтФДтФДтФДтФДтФДтФДтФДтФДтФДтФДтФДтФДтФДтФДтФДтФДтФДтФДтФДтФДтФДтФДтФДтФДтФДтФДтФДтФДтФДтФДтФДтФДтФДтФДтФДтФДтФДтФДтФДтФДтФДтФДтФДтФДтФДтФДтФДтФДтФДтФДтФДтФДтФДтФДтФДтФДтФДтФДтФДтФДтФДтФДтФДтФД[0m
[38;5;208mтФВ тЪая╕П ISSUE: Too many neutral answers (100%). Try to be more decisive.[0m
[38;5;208mтФФтФАтФАтФАтФАтФАтФАтФАтФАтФАтФАтФАтФАтФАтФАтФАтФАтФАтФАтФАтФАтФАтФАтФАтФАтФАтФАтФАтФАтФАтФАтФАтФАтФАтФАтФАтФАтФАтФАтФАтФАтФАтФАтФАтФАтФАтФАтФАтФАтФАтФАтФАтФАтФАтФАтФАтФАтФАтФАтФАтФАтФАтФАтФАтФАтФАтФАтФАтФАтФАтФАтФАтФАтФАтФАтФАтФАтФАтФАтФАтФАтФАтФАтФАтФАтФАтФАтФАтФАтФАтФАтФАтФАтФАтФАтФАтФАтФАтФАтФАтФАтФАтФАтФАтФАтФАтФАтФАтФАтФАтФАтФАтФАтФАтФАтФАтФАтФАтФАтФА[0m
тФМтФАтФАтФАтФАтФАтФАтФАтФАтФАтФАтФАтФАтФАтФАтФАтФАтФАтФАтФАтФАтФАтФАтФАтФАтФАтФАтФАтФАтФАтФАтФАтФАтФАтФАтФАтФАтФАтФАтФАтФАтФАтФАтФАтФАтФАтФАтФАтФАтФАтФАтФАтФАтФАтФАтФАтФАтФАтФАтФАтФАтФАтФАтФАтФАтФАтФАтФАтФАтФАтФАтФАтФАтФАтФАтФАтФАтФАтФАтФАтФАтФАтФАтФАтФАтФАтФАтФАтФАтФАтФАтФАтФАтФАтФАтФАтФАтФАтФАтФАтФАтФАтФАтФАтФАтФАтФАтФАтФАтФАтФАтФАтФАтФАтФАтФАтФАтФАтФАтФА
тФВ #0   TestService.validateResponseQuality (package:psycho_tests/services/test_service.dart:691:15)
тФВ #1   TestService._completeBipolarTest (package:psycho_tests/services/test_service.dart:602:9)
тФЬтФДтФДтФДтФДтФДтФДтФДтФДтФДтФДтФДтФДтФДтФДтФДтФДтФДтФДтФДтФДтФДтФДтФДтФДтФДтФДтФДтФДтФДтФДтФДтФДтФДтФДтФДтФДтФДтФДтФДтФДтФДтФДтФДтФДтФДтФДтФДтФДтФДтФДтФДтФДтФДтФДтФДтФДтФДтФДтФДтФДтФДтФДтФДтФДтФДтФДтФДтФДтФДтФДтФДтФДтФДтФДтФДтФДтФДтФДтФДтФДтФДтФДтФДтФДтФДтФДтФДтФДтФДтФДтФДтФДтФДтФДтФДтФДтФДтФДтФДтФДтФДтФДтФДтФДтФДтФДтФДтФДтФДтФДтФДтФДтФДтФДтФДтФДтФДтФДтФД
тФВ ЁЯРЫ Extreme answers: 0 of 80 (0.0%)
тФФтФАтФАтФАтФАтФАтФАтФАтФАтФАтФАтФАтФАтФАтФАтФАтФАтФАтФАтФАтФАтФАтФАтФАтФАтФАтФАтФАтФАтФАтФАтФАтФАтФАтФАтФАтФАтФАтФАтФАтФАтФАтФАтФАтФАтФАтФАтФАтФАтФАтФАтФАтФАтФАтФАтФАтФАтФАтФАтФАтФАтФАтФАтФАтФАтФАтФАтФАтФАтФАтФАтФАтФАтФАтФАтФАтФАтФАтФАтФАтФАтФАтФАтФАтФАтФАтФАтФАтФАтФАтФАтФАтФАтФАтФАтФАтФАтФАтФАтФАтФАтФАтФАтФАтФАтФАтФАтФАтФАтФАтФАтФАтФАтФАтФАтФАтФАтФАтФАтФА
тФМтФАтФАтФАтФАтФАтФАтФАтФАтФАтФАтФАтФАтФАтФАтФАтФАтФАтФАтФАтФАтФАтФАтФАтФАтФАтФАтФАтФАтФАтФАтФАтФАтФАтФАтФАтФАтФАтФАтФАтФАтФАтФАтФАтФАтФАтФАтФАтФАтФАтФАтФАтФАтФАтФАтФАтФАтФАтФАтФАтФАтФАтФАтФАтФАтФАтФАтФАтФАтФАтФАтФАтФАтФАтФАтФАтФАтФАтФАтФАтФАтФАтФАтФАтФАтФАтФАтФАтФАтФАтФАтФАтФАтФАтФАтФАтФАтФАтФАтФАтФАтФАтФАтФАтФАтФАтФАтФАтФАтФАтФАтФАтФАтФАтФАтФАтФАтФАтФАтФА
тФВ #0   TestService.validateResponseQuality (package:psycho_tests/services/test_service.dart:751:15)
тФВ #1   TestService._completeBipolarTest (package:psycho_tests/services/test_service.dart:602:9)
тФЬтФДтФДтФДтФДтФДтФДтФДтФДтФДтФДтФДтФДтФДтФДтФДтФДтФДтФДтФДтФДтФДтФДтФДтФДтФДтФДтФДтФДтФДтФДтФДтФДтФДтФДтФДтФДтФДтФДтФДтФДтФДтФДтФДтФДтФДтФДтФДтФДтФДтФДтФДтФДтФДтФДтФДтФДтФДтФДтФДтФДтФДтФДтФДтФДтФДтФДтФДтФДтФДтФДтФДтФДтФДтФДтФДтФДтФДтФДтФДтФДтФДтФДтФДтФДтФДтФДтФДтФДтФДтФДтФДтФДтФДтФДтФДтФДтФДтФДтФДтФДтФДтФДтФДтФДтФДтФДтФДтФДтФДтФДтФДтФДтФДтФДтФДтФДтФДтФДтФД
тФВ ЁЯРЫ Consistency score: 100.0%
тФФтФАтФАтФАтФАтФАтФАтФАтФАтФАтФАтФАтФАтФАтФАтФАтФАтФАтФАтФАтФАтФАтФАтФАтФАтФАтФАтФАтФАтФАтФАтФАтФАтФАтФАтФАтФАтФАтФАтФАтФАтФАтФАтФАтФАтФАтФАтФАтФАтФАтФАтФАтФАтФАтФАтФАтФАтФАтФАтФАтФАтФАтФАтФАтФАтФАтФАтФАтФАтФАтФАтФАтФАтФАтФАтФАтФАтФАтФАтФАтФАтФАтФАтФАтФАтФАтФАтФАтФАтФАтФАтФАтФАтФАтФАтФАтФАтФАтФАтФАтФАтФАтФАтФАтФАтФАтФАтФАтФАтФАтФАтФАтФАтФАтФАтФАтФАтФАтФАтФА
[38;5;208mтФМтФАтФАтФАтФАтФАтФАтФАтФАтФАтФАтФАтФАтФАтФАтФАтФАтФАтФАтФАтФАтФАтФАтФАтФАтФАтФАтФАтФАтФАтФАтФАтФАтФАтФАтФАтФАтФАтФАтФАтФАтФАтФАтФАтФАтФАтФАтФАтФАтФАтФАтФАтФАтФАтФАтФАтФАтФАтФАтФАтФАтФАтФАтФАтФАтФАтФАтФАтФАтФАтФАтФАтФАтФАтФАтФАтФАтФАтФАтФАтФАтФАтФАтФАтФАтФАтФАтФАтФАтФАтФАтФАтФАтФАтФАтФАтФАтФАтФАтФАтФАтФАтФАтФАтФАтФАтФАтФАтФАтФАтФАтФАтФАтФАтФАтФАтФАтФАтФАтФА[0m
[38;5;208mтФВ #0   TestService.validateResponseQuality (package:psycho_tests/services/test_service.dart:780:17)[0m
[38;5;208mтФВ #1   TestService._completeBipolarTest (package:psycho_tests/services/test_service.dart:602:9)[0m
[38;5;208mтФЬтФДтФДтФДтФДтФДтФДтФДтФДтФДтФДтФДтФДтФДтФДтФДтФДтФДтФДтФДтФДтФДтФДтФДтФДтФДтФДтФДтФДтФДтФДтФДтФДтФДтФДтФДтФДтФДтФДтФДтФДтФДтФДтФДтФДтФДтФДтФДтФДтФДтФДтФДтФДтФДтФДтФДтФДтФДтФДтФДтФДтФДтФДтФДтФДтФДтФДтФДтФДтФДтФДтФДтФДтФДтФДтФДтФДтФДтФДтФДтФДтФДтФДтФДтФДтФДтФДтФДтФДтФДтФДтФДтФДтФДтФДтФДтФДтФДтФДтФДтФДтФДтФДтФДтФДтФДтФДтФДтФДтФДтФДтФДтФДтФДтФДтФДтФДтФДтФДтФД[0m
[38;5;208mтФВ тЪая╕П OVERALL QUALITY: CRITICAL[0m
[38;5;208mтФФтФАтФАтФАтФАтФАтФАтФАтФАтФАтФАтФАтФАтФАтФАтФАтФАтФАтФАтФАтФАтФАтФАтФАтФАтФАтФАтФАтФАтФАтФАтФАтФАтФАтФАтФАтФАтФАтФАтФАтФАтФАтФАтФАтФАтФАтФАтФАтФАтФАтФАтФАтФАтФАтФАтФАтФАтФАтФАтФАтФАтФАтФАтФАтФАтФАтФАтФАтФАтФАтФАтФАтФАтФАтФАтФАтФАтФАтФАтФАтФАтФАтФАтФАтФАтФАтФАтФАтФАтФАтФАтФАтФАтФАтФАтФАтФАтФАтФАтФАтФАтФАтФАтФАтФАтФАтФАтФАтФАтФАтФАтФАтФАтФАтФАтФАтФАтФАтФАтФА[0m
тФМтФАтФАтФАтФАтФАтФАтФАтФАтФАтФАтФАтФАтФАтФАтФАтФАтФАтФАтФАтФАтФАтФАтФАтФАтФАтФАтФАтФАтФАтФАтФАтФАтФАтФАтФАтФАтФАтФАтФАтФАтФАтФАтФАтФАтФАтФАтФАтФАтФАтФАтФАтФАтФАтФАтФАтФАтФАтФАтФАтФАтФАтФАтФАтФАтФАтФАтФАтФАтФАтФАтФАтФАтФАтФАтФАтФАтФАтФАтФАтФАтФАтФАтФАтФАтФАтФАтФАтФАтФАтФАтФАтФАтФАтФАтФАтФАтФАтФАтФАтФАтФАтФАтФАтФАтФАтФАтФАтФАтФАтФАтФАтФАтФАтФАтФАтФАтФАтФАтФА
тФВ #0   TestService._completeBipolarTest (package:psycho_tests/services/test_service.dart:603:15)
тФВ #1   TestService.completeTest (package:psycho_tests/services/test_service.dart:55:16)
тФЬтФДтФДтФДтФДтФДтФДтФДтФДтФДтФДтФДтФДтФДтФДтФДтФДтФДтФДтФДтФДтФДтФДтФДтФДтФДтФДтФДтФДтФДтФДтФДтФДтФДтФДтФДтФДтФДтФДтФДтФДтФДтФДтФДтФДтФДтФДтФДтФДтФДтФДтФДтФДтФДтФДтФДтФДтФДтФДтФДтФДтФДтФДтФДтФДтФДтФДтФДтФДтФДтФДтФДтФДтФДтФДтФДтФДтФДтФДтФДтФДтФДтФДтФДтФДтФДтФДтФДтФДтФДтФДтФДтФДтФДтФДтФДтФДтФДтФДтФДтФДтФДтФДтФДтФДтФДтФДтФДтФДтФДтФДтФДтФДтФДтФДтФДтФДтФДтФДтФД
тФВ ЁЯРЫ Response quality: error
тФФтФАтФАтФАтФАтФАтФАтФАтФАтФАтФАтФАтФАтФАтФАтФАтФАтФАтФАтФАтФАтФАтФАтФАтФАтФАтФАтФАтФАтФАтФАтФАтФАтФАтФАтФАтФАтФАтФАтФАтФАтФАтФАтФАтФАтФАтФАтФАтФАтФАтФАтФАтФАтФАтФАтФАтФАтФАтФАтФАтФАтФАтФАтФАтФАтФАтФАтФАтФАтФАтФАтФАтФАтФАтФАтФАтФАтФАтФАтФАтФАтФАтФАтФАтФАтФАтФАтФАтФАтФАтФАтФАтФАтФАтФАтФАтФАтФАтФАтФАтФАтФАтФАтФАтФАтФАтФАтФАтФАтФАтФАтФАтФАтФАтФАтФАтФАтФАтФАтФА
тФМтФАтФАтФАтФАтФАтФАтФАтФАтФАтФАтФАтФАтФАтФАтФАтФАтФАтФАтФАтФАтФАтФАтФАтФАтФАтФАтФАтФАтФАтФАтФАтФАтФАтФАтФАтФАтФАтФАтФАтФАтФАтФАтФАтФАтФАтФАтФАтФАтФАтФАтФАтФАтФАтФАтФАтФАтФАтФАтФАтФАтФАтФАтФАтФАтФАтФАтФАтФАтФАтФАтФАтФАтФАтФАтФАтФАтФАтФАтФАтФАтФАтФАтФАтФАтФАтФАтФАтФАтФАтФАтФАтФАтФАтФАтФАтФАтФАтФАтФАтФАтФАтФАтФАтФАтФАтФАтФАтФАтФАтФАтФАтФАтФАтФАтФАтФАтФАтФАтФА
тФВ #0   TestService._completeBipolarTest (package:psycho_tests/services/test_service.dart:604:15)
тФВ #1   TestService.completeTest (package:psycho_tests/services/test_service.dart:55:16)
тФЬтФДтФДтФДтФДтФДтФДтФДтФДтФДтФДтФДтФДтФДтФДтФДтФДтФДтФДтФДтФДтФДтФДтФДтФДтФДтФДтФДтФДтФДтФДтФДтФДтФДтФДтФДтФДтФДтФДтФДтФДтФДтФДтФДтФДтФДтФДтФДтФДтФДтФДтФДтФДтФДтФДтФДтФДтФДтФДтФДтФДтФДтФДтФДтФДтФДтФДтФДтФДтФДтФДтФДтФДтФДтФДтФДтФДтФДтФДтФДтФДтФДтФДтФДтФДтФДтФДтФДтФДтФДтФДтФДтФДтФДтФДтФДтФДтФДтФДтФДтФДтФДтФДтФДтФДтФДтФДтФДтФДтФДтФДтФДтФДтФДтФДтФДтФДтФДтФДтФД
тФВ ЁЯРЫ Detected issues: 2
тФФтФАтФАтФАтФАтФАтФАтФАтФАтФАтФАтФАтФАтФАтФАтФАтФАтФАтФАтФАтФАтФАтФАтФАтФАтФАтФАтФАтФАтФАтФАтФАтФАтФАтФАтФАтФАтФАтФАтФАтФАтФАтФАтФАтФАтФАтФАтФАтФАтФАтФАтФАтФАтФАтФАтФАтФАтФАтФАтФАтФАтФАтФАтФАтФАтФАтФАтФАтФАтФАтФАтФАтФАтФАтФАтФАтФАтФАтФАтФАтФАтФАтФАтФАтФАтФАтФАтФАтФАтФАтФАтФАтФАтФАтФАтФАтФАтФАтФАтФАтФАтФАтФАтФАтФАтФАтФАтФАтФАтФАтФАтФАтФАтФАтФАтФАтФАтФАтФАтФА
тФМтФАтФАтФАтФАтФАтФАтФАтФАтФАтФАтФАтФАтФАтФАтФАтФАтФАтФАтФАтФАтФАтФАтФАтФАтФАтФАтФАтФАтФАтФАтФАтФАтФАтФАтФАтФАтФАтФАтФАтФАтФАтФАтФАтФАтФАтФАтФАтФАтФАтФАтФАтФАтФАтФАтФАтФАтФАтФАтФАтФАтФАтФАтФАтФАтФАтФАтФАтФАтФАтФАтФАтФАтФАтФАтФАтФАтФАтФАтФАтФАтФАтФАтФАтФАтФАтФАтФАтФАтФАтФАтФАтФАтФАтФАтФАтФАтФАтФАтФАтФАтФАтФАтФАтФАтФАтФАтФАтФАтФАтФАтФАтФАтФАтФАтФАтФАтФАтФАтФА
тФВ #0   TestService._completeBipolarTest (package:psycho_tests/services/test_service.dart:620:15)
тФВ #1   TestService.completeTest (package:psycho_tests/services/test_service.dart:55:16)
тФЬтФДтФДтФДтФДтФДтФДтФДтФДтФДтФДтФДтФДтФДтФДтФДтФДтФДтФДтФДтФДтФДтФДтФДтФДтФДтФДтФДтФДтФДтФДтФДтФДтФДтФДтФДтФДтФДтФДтФДтФДтФДтФДтФДтФДтФДтФДтФДтФДтФДтФДтФДтФДтФДтФДтФДтФДтФДтФДтФДтФДтФДтФДтФДтФДтФДтФДтФДтФДтФДтФДтФДтФДтФДтФДтФДтФДтФДтФДтФДтФДтФДтФДтФДтФДтФДтФДтФДтФДтФДтФДтФДтФДтФДтФДтФДтФДтФДтФДтФДтФДтФДтФДтФДтФДтФДтФДтФДтФДтФДтФДтФДтФДтФДтФДтФДтФДтФДтФДтФД
тФВ ЁЯРЫ Created 16 types test result with typeScales
тФФтФАтФАтФАтФАтФАтФАтФАтФАтФАтФАтФАтФАтФАтФАтФАтФАтФАтФАтФАтФАтФАтФАтФАтФАтФАтФАтФАтФАтФАтФАтФАтФАтФАтФАтФАтФАтФАтФАтФАтФАтФАтФАтФАтФАтФАтФАтФАтФАтФАтФАтФАтФАтФАтФАтФАтФАтФАтФАтФАтФАтФАтФАтФАтФАтФАтФАтФАтФАтФАтФАтФАтФАтФАтФАтФАтФАтФАтФАтФАтФАтФАтФАтФАтФАтФАтФАтФАтФАтФАтФАтФАтФАтФАтФАтФАтФАтФАтФАтФАтФАтФАтФАтФАтФАтФАтФАтФАтФАтФАтФАтФАтФАтФАтФАтФАтФАтФАтФАтФА
тФМтФАтФАтФАтФАтФАтФАтФАтФАтФАтФАтФАтФАтФАтФАтФАтФАтФАтФАтФАтФАтФАтФАтФАтФАтФАтФАтФАтФАтФАтФАтФАтФАтФАтФАтФАтФАтФАтФАтФАтФАтФАтФАтФАтФАтФАтФАтФАтФАтФАтФАтФАтФАтФАтФАтФАтФАтФАтФАтФАтФАтФАтФАтФАтФАтФАтФАтФАтФАтФАтФАтФАтФАтФАтФАтФАтФАтФАтФАтФАтФАтФАтФАтФАтФАтФАтФАтФАтФАтФАтФАтФАтФАтФАтФАтФАтФАтФАтФАтФАтФАтФАтФАтФАтФАтФАтФАтФАтФАтФАтФАтФАтФАтФАтФАтФАтФАтФАтФАтФА
тФВ #0   TestService._completeBipolarTest (package:psycho_tests/services/test_service.dart:621:15)
тФВ #1   TestService.completeTest (package:psycho_tests/services/test_service.dart:55:16)
тФЬтФДтФДтФДтФДтФДтФДтФДтФДтФДтФДтФДтФДтФДтФДтФДтФДтФДтФДтФДтФДтФДтФДтФДтФДтФДтФДтФДтФДтФДтФДтФДтФДтФДтФДтФДтФДтФДтФДтФДтФДтФДтФДтФДтФДтФДтФДтФДтФДтФДтФДтФДтФДтФДтФДтФДтФДтФДтФДтФДтФДтФДтФДтФДтФДтФДтФДтФДтФДтФДтФДтФДтФДтФДтФДтФДтФДтФДтФДтФДтФДтФДтФДтФДтФДтФДтФДтФДтФДтФДтФДтФДтФДтФДтФДтФДтФДтФДтФДтФДтФДтФДтФДтФДтФДтФДтФДтФДтФДтФДтФДтФДтФДтФДтФДтФДтФДтФДтФДтФД
тФВ ЁЯРЫ result.userAnswers contains 80 answers
тФФтФАтФАтФАтФАтФАтФАтФАтФАтФАтФАтФАтФАтФАтФАтФАтФАтФАтФАтФАтФАтФАтФАтФАтФАтФАтФАтФАтФАтФАтФАтФАтФАтФАтФАтФАтФАтФАтФАтФАтФАтФАтФАтФАтФАтФАтФАтФАтФАтФАтФАтФАтФАтФАтФАтФАтФАтФАтФАтФАтФАтФАтФАтФАтФАтФАтФАтФАтФАтФАтФАтФАтФАтФАтФАтФАтФАтФАтФАтФАтФАтФАтФАтФАтФАтФАтФАтФАтФАтФАтФАтФАтФАтФАтФАтФАтФАтФАтФАтФАтФАтФАтФАтФАтФАтФАтФАтФАтФАтФАтФАтФАтФАтФАтФАтФАтФАтФАтФАтФА
тФМтФАтФАтФАтФАтФАтФАтФАтФАтФАтФАтФАтФАтФАтФАтФАтФАтФАтФАтФАтФАтФАтФАтФАтФАтФАтФАтФАтФАтФАтФАтФАтФАтФАтФАтФАтФАтФАтФАтФАтФАтФАтФАтФАтФАтФАтФАтФАтФАтФАтФАтФАтФАтФАтФАтФАтФАтФАтФАтФАтФАтФАтФАтФАтФАтФАтФАтФАтФАтФАтФАтФАтФАтФАтФАтФАтФАтФАтФАтФАтФАтФАтФАтФАтФАтФАтФАтФАтФАтФАтФАтФАтФАтФАтФАтФАтФАтФАтФАтФАтФАтФАтФАтФАтФАтФАтФАтФАтФАтФАтФАтФАтФАтФАтФАтФАтФАтФАтФАтФА
тФВ #0   TestService._completeBipolarTest (package:psycho_tests/services/test_service.dart:622:15)
тФВ #1   TestService.completeTest (package:psycho_tests/services/test_service.dart:55:16)
тФЬтФДтФДтФДтФДтФДтФДтФДтФДтФДтФДтФДтФДтФДтФДтФДтФДтФДтФДтФДтФДтФДтФДтФДтФДтФДтФДтФДтФДтФДтФДтФДтФДтФДтФДтФДтФДтФДтФДтФДтФДтФДтФДтФДтФДтФДтФДтФДтФДтФДтФДтФДтФДтФДтФДтФДтФДтФДтФДтФДтФДтФДтФДтФДтФДтФДтФДтФДтФДтФДтФДтФДтФДтФДтФДтФДтФДтФДтФДтФДтФДтФДтФДтФДтФДтФДтФДтФДтФДтФДтФДтФДтФДтФДтФДтФДтФДтФДтФДтФДтФДтФДтФДтФДтФДтФДтФДтФДтФДтФДтФДтФДтФДтФДтФДтФДтФДтФДтФДтФД
тФВ ЁЯРЫ result.typeScales contains 8 scales
тФФтФАтФАтФАтФАтФАтФАтФАтФАтФАтФАтФАтФАтФАтФАтФАтФАтФАтФАтФАтФАтФАтФАтФАтФАтФАтФАтФАтФАтФАтФАтФАтФАтФАтФАтФАтФАтФАтФАтФАтФАтФАтФАтФАтФАтФАтФАтФАтФАтФАтФАтФАтФАтФАтФАтФАтФАтФАтФАтФАтФАтФАтФАтФАтФАтФАтФАтФАтФАтФАтФАтФАтФАтФАтФАтФАтФАтФАтФАтФАтФАтФАтФАтФАтФАтФАтФАтФАтФАтФАтФАтФАтФАтФАтФАтФАтФАтФАтФАтФАтФАтФАтФАтФАтФАтФАтФАтФАтФАтФАтФАтФАтФАтФАтФАтФАтФАтФАтФАтФА
00:01 +21 -15: D:/Work/psycho_app/0.0.1.x_dev/test/services/test_service_test.dart: validateResponseQuality() detects high quality responses with good variance
тФМтФАтФАтФАтФАтФАтФАтФАтФАтФАтФАтФАтФАтФАтФАтФАтФАтФАтФАтФАтФАтФАтФАтФАтФАтФАтФАтФАтФАтФАтФАтФАтФАтФАтФАтФАтФАтФАтФАтФАтФАтФАтФАтФАтФАтФАтФАтФАтФАтФАтФАтФАтФАтФАтФАтФАтФАтФАтФАтФАтФАтФАтФАтФАтФАтФАтФАтФАтФАтФАтФАтФАтФАтФАтФАтФАтФАтФАтФАтФАтФАтФАтФАтФАтФАтФАтФАтФАтФАтФАтФАтФАтФАтФАтФАтФАтФАтФАтФАтФАтФАтФАтФАтФАтФАтФАтФАтФАтФАтФАтФАтФАтФАтФАтФАтФАтФАтФАтФАтФА
тФВ #0   TestService.validateResponseQuality (package:psycho_tests/services/test_service.dart:634:15)
тФВ #1   main.<anonymous closure>.<anonymous closure> (file:///D:/Work/psycho_app/0.0.1.x_dev/test/services/test_service_test.dart:335:38)
тФЬтФДтФДтФДтФДтФДтФДтФДтФДтФДтФДтФДтФДтФДтФДтФДтФДтФДтФДтФДтФДтФДтФДтФДтФДтФДтФДтФДтФДтФДтФДтФДтФДтФДтФДтФДтФДтФДтФДтФДтФДтФДтФДтФДтФДтФДтФДтФДтФДтФДтФДтФДтФДтФДтФДтФДтФДтФДтФДтФДтФДтФДтФДтФДтФДтФДтФДтФДтФДтФДтФДтФДтФДтФДтФДтФДтФДтФДтФДтФДтФДтФДтФДтФДтФДтФДтФДтФДтФДтФДтФДтФДтФДтФДтФДтФДтФДтФДтФДтФДтФДтФДтФДтФДтФДтФДтФДтФДтФДтФДтФДтФДтФДтФДтФДтФДтФДтФДтФДтФД
тФВ ЁЯРЫ Starting validation of 20 answers
тФФтФАтФАтФАтФАтФАтФАтФАтФАтФАтФАтФАтФАтФАтФАтФАтФАтФАтФАтФАтФАтФАтФАтФАтФАтФАтФАтФАтФАтФАтФАтФАтФАтФАтФАтФАтФАтФАтФАтФАтФАтФАтФАтФАтФАтФАтФАтФАтФАтФАтФАтФАтФАтФАтФАтФАтФАтФАтФАтФАтФАтФАтФАтФАтФАтФАтФАтФАтФАтФАтФАтФАтФАтФАтФАтФАтФАтФАтФАтФАтФАтФАтФАтФАтФАтФАтФАтФАтФАтФАтФАтФАтФАтФАтФАтФАтФАтФАтФАтФАтФАтФАтФАтФАтФАтФАтФАтФАтФАтФАтФАтФАтФАтФАтФАтФАтФАтФАтФАтФА
тФМтФАтФАтФАтФАтФАтФАтФАтФАтФАтФАтФАтФАтФАтФАтФАтФАтФАтФАтФАтФАтФАтФАтФАтФАтФАтФАтФАтФАтФАтФАтФАтФАтФАтФАтФАтФАтФАтФАтФАтФАтФАтФАтФАтФАтФАтФАтФАтФАтФАтФАтФАтФАтФАтФАтФАтФАтФАтФАтФАтФАтФАтФАтФАтФАтФАтФАтФАтФАтФАтФАтФАтФАтФАтФАтФАтФАтФАтФАтФАтФАтФАтФАтФАтФАтФАтФАтФАтФАтФАтФАтФАтФАтФАтФАтФАтФАтФАтФАтФАтФАтФАтФАтФАтФАтФАтФАтФАтФАтФАтФАтФАтФАтФАтФАтФАтФАтФАтФАтФА
тФВ #0   TestService.validateResponseQuality (package:psycho_tests/services/test_service.dart:647:15)
тФВ #1   main.<anonymous closure>.<anonymous closure> (file:///D:/Work/psycho_app/0.0.1.x_dev/test/services/test_service_test.dart:335:38)
тФЬтФДтФДтФДтФДтФДтФДтФДтФДтФДтФДтФДтФДтФДтФДтФДтФДтФДтФДтФДтФДтФДтФДтФДтФДтФДтФДтФДтФДтФДтФДтФДтФДтФДтФДтФДтФДтФДтФДтФДтФДтФДтФДтФДтФДтФДтФДтФДтФДтФДтФДтФДтФДтФДтФДтФДтФДтФДтФДтФДтФДтФДтФДтФДтФДтФДтФДтФДтФДтФДтФДтФДтФДтФДтФДтФДтФДтФДтФДтФДтФДтФДтФДтФДтФДтФДтФДтФДтФДтФДтФДтФДтФДтФДтФДтФДтФДтФДтФДтФДтФДтФДтФДтФДтФДтФДтФДтФДтФДтФДтФДтФДтФДтФДтФДтФДтФДтФДтФДтФД
тФВ ЁЯРЫ Answer mean: 3.00
тФФтФАтФАтФАтФАтФАтФАтФАтФАтФАтФАтФАтФАтФАтФАтФАтФАтФАтФАтФАтФАтФАтФАтФАтФАтФАтФАтФАтФАтФАтФАтФАтФАтФАтФАтФАтФАтФАтФАтФАтФАтФАтФАтФАтФАтФАтФАтФАтФАтФАтФАтФАтФАтФАтФАтФАтФАтФАтФАтФАтФАтФАтФАтФАтФАтФАтФАтФАтФАтФАтФАтФАтФАтФАтФАтФАтФАтФАтФАтФАтФАтФАтФАтФАтФАтФАтФАтФАтФАтФАтФАтФАтФАтФАтФАтФАтФАтФАтФАтФАтФАтФАтФАтФАтФАтФАтФАтФАтФАтФАтФАтФАтФАтФАтФАтФАтФАтФАтФАтФА
тФМтФАтФАтФАтФАтФАтФАтФАтФАтФАтФАтФАтФАтФАтФАтФАтФАтФАтФАтФАтФАтФАтФАтФАтФАтФАтФАтФАтФАтФАтФАтФАтФАтФАтФАтФАтФАтФАтФАтФАтФАтФАтФАтФАтФАтФАтФАтФАтФАтФАтФАтФАтФАтФАтФАтФАтФАтФАтФАтФАтФАтФАтФАтФАтФАтФАтФАтФАтФАтФАтФАтФАтФАтФАтФАтФАтФАтФАтФАтФАтФАтФАтФАтФАтФАтФАтФАтФАтФАтФАтФАтФАтФАтФАтФАтФАтФАтФАтФАтФАтФАтФАтФАтФАтФАтФАтФАтФАтФАтФАтФАтФАтФАтФАтФАтФАтФАтФАтФАтФА
тФВ #0   TestService.validateResponseQuality (package:psycho_tests/services/test_service.dart:648:15)
тФВ #1   main.<anonymous closure>.<anonymous closure> (file:///D:/Work/psycho_app/0.0.1.x_dev/test/services/test_service_test.dart:335:38)
тФЬтФДтФДтФДтФДтФДтФДтФДтФДтФДтФДтФДтФДтФДтФДтФДтФДтФДтФДтФДтФДтФДтФДтФДтФДтФДтФДтФДтФДтФДтФДтФДтФДтФДтФДтФДтФДтФДтФДтФДтФДтФДтФДтФДтФДтФДтФДтФДтФДтФДтФДтФДтФДтФДтФДтФДтФДтФДтФДтФДтФДтФДтФДтФДтФДтФДтФДтФДтФДтФДтФДтФДтФДтФДтФДтФДтФДтФДтФДтФДтФДтФДтФДтФДтФДтФДтФДтФДтФДтФДтФДтФДтФДтФДтФДтФДтФДтФДтФДтФДтФДтФДтФДтФДтФДтФДтФДтФДтФДтФДтФДтФДтФДтФДтФДтФДтФДтФДтФДтФД
тФВ ЁЯРЫ Standard deviation: 1.41
тФФтФАтФАтФАтФАтФАтФАтФАтФАтФАтФАтФАтФАтФАтФАтФАтФАтФАтФАтФАтФАтФАтФАтФАтФАтФАтФАтФАтФАтФАтФАтФАтФАтФАтФАтФАтФАтФАтФАтФАтФАтФАтФАтФАтФАтФАтФАтФАтФАтФАтФАтФАтФАтФАтФАтФАтФАтФАтФАтФАтФАтФАтФАтФАтФАтФАтФАтФАтФАтФАтФАтФАтФАтФАтФАтФАтФАтФАтФАтФАтФАтФАтФАтФАтФАтФАтФАтФАтФАтФАтФАтФАтФАтФАтФАтФАтФАтФАтФАтФАтФАтФАтФАтФАтФАтФАтФАтФАтФАтФАтФАтФАтФАтФАтФАтФАтФАтФАтФАтФА
тФМтФАтФАтФАтФАтФАтФАтФАтФАтФАтФАтФАтФАтФАтФАтФАтФАтФАтФАтФАтФАтФАтФАтФАтФАтФАтФАтФАтФАтФАтФАтФАтФАтФАтФАтФАтФАтФАтФАтФАтФАтФАтФАтФАтФАтФАтФАтФАтФАтФАтФАтФАтФАтФАтФАтФАтФАтФАтФАтФАтФАтФАтФАтФАтФАтФАтФАтФАтФАтФАтФАтФАтФАтФАтФАтФАтФАтФАтФАтФАтФАтФАтФАтФАтФАтФАтФАтФАтФАтФАтФАтФАтФАтФАтФАтФАтФАтФАтФАтФАтФАтФАтФАтФАтФАтФАтФАтФАтФАтФАтФАтФАтФАтФАтФАтФАтФАтФАтФАтФА
тФВ #0   TestService.validateResponseQuality (package:psycho_tests/services/test_service.dart:669:15)
тФВ #1   main.<anonymous closure>.<anonymous closure> (file:///D:/Work/psycho_app/0.0.1.x_dev/test/services/test_service_test.dart:335:38)
тФЬтФДтФДтФДтФДтФДтФДтФДтФДтФДтФДтФДтФДтФДтФДтФДтФДтФДтФДтФДтФДтФДтФДтФДтФДтФДтФДтФДтФДтФДтФДтФДтФДтФДтФДтФДтФДтФДтФДтФДтФДтФДтФДтФДтФДтФДтФДтФДтФДтФДтФДтФДтФДтФДтФДтФДтФДтФДтФДтФДтФДтФДтФДтФДтФДтФДтФДтФДтФДтФДтФДтФДтФДтФДтФДтФДтФДтФДтФДтФДтФДтФДтФДтФДтФДтФДтФДтФДтФДтФДтФДтФДтФДтФДтФДтФДтФДтФДтФДтФДтФДтФДтФДтФДтФДтФДтФДтФДтФДтФДтФДтФДтФДтФДтФДтФДтФДтФДтФДтФД
тФВ ЁЯРЫ Neutral answers: 4 of 20 (20.0%)
тФФтФАтФАтФАтФАтФАтФАтФАтФАтФАтФАтФАтФАтФАтФАтФАтФАтФАтФАтФАтФАтФАтФАтФАтФАтФАтФАтФАтФАтФАтФАтФАтФАтФАтФАтФАтФАтФАтФАтФАтФАтФАтФАтФАтФАтФАтФАтФАтФАтФАтФАтФАтФАтФАтФАтФАтФАтФАтФАтФАтФАтФАтФАтФАтФАтФАтФАтФАтФАтФАтФАтФАтФАтФАтФАтФАтФАтФАтФАтФАтФАтФАтФАтФАтФАтФАтФАтФАтФАтФАтФАтФАтФАтФАтФАтФАтФАтФАтФАтФАтФАтФАтФАтФАтФАтФАтФАтФАтФАтФАтФАтФАтФАтФАтФАтФАтФАтФАтФАтФА
тФМтФАтФАтФАтФАтФАтФАтФАтФАтФАтФАтФАтФАтФАтФАтФАтФАтФАтФАтФАтФАтФАтФАтФАтФАтФАтФАтФАтФАтФАтФАтФАтФАтФАтФАтФАтФАтФАтФАтФАтФАтФАтФАтФАтФАтФАтФАтФАтФАтФАтФАтФАтФАтФАтФАтФАтФАтФАтФАтФАтФАтФАтФАтФАтФАтФАтФАтФАтФАтФАтФАтФАтФАтФАтФАтФАтФАтФАтФАтФАтФАтФАтФАтФАтФАтФАтФАтФАтФАтФАтФАтФАтФАтФАтФАтФАтФАтФАтФАтФАтФАтФАтФАтФАтФАтФАтФАтФАтФАтФАтФАтФАтФАтФАтФАтФАтФАтФАтФАтФА
тФВ #0   TestService.validateResponseQuality (package:psycho_tests/services/test_service.dart:691:15)
тФВ #1   main.<anonymous closure>.<anonymous closure> (file:///D:/Work/psycho_app/0.0.1.x_dev/test/services/test_service_test.dart:335:38)
тФЬтФДтФДтФДтФДтФДтФДтФДтФДтФДтФДтФДтФДтФДтФДтФДтФДтФДтФДтФДтФДтФДтФДтФДтФДтФДтФДтФДтФДтФДтФДтФДтФДтФДтФДтФДтФДтФДтФДтФДтФДтФДтФДтФДтФДтФДтФДтФДтФДтФДтФДтФДтФДтФДтФДтФДтФДтФДтФДтФДтФДтФДтФДтФДтФДтФДтФДтФДтФДтФДтФДтФДтФДтФДтФДтФДтФДтФДтФДтФДтФДтФДтФДтФДтФДтФДтФДтФДтФДтФДтФДтФДтФДтФДтФДтФДтФДтФДтФДтФДтФДтФДтФДтФДтФДтФДтФДтФДтФДтФДтФДтФДтФДтФДтФДтФДтФДтФДтФДтФД
тФВ ЁЯРЫ Extreme answers: 8 of 20 (40.0%)
тФФтФАтФАтФАтФАтФАтФАтФАтФАтФАтФАтФАтФАтФАтФАтФАтФАтФАтФАтФАтФАтФАтФАтФАтФАтФАтФАтФАтФАтФАтФАтФАтФАтФАтФАтФАтФАтФАтФАтФАтФАтФАтФАтФАтФАтФАтФАтФАтФАтФАтФАтФАтФАтФАтФАтФАтФАтФАтФАтФАтФАтФАтФАтФАтФАтФАтФАтФАтФАтФАтФАтФАтФАтФАтФАтФАтФАтФАтФАтФАтФАтФАтФАтФАтФАтФАтФАтФАтФАтФАтФАтФАтФАтФАтФАтФАтФАтФАтФАтФАтФАтФАтФАтФАтФАтФАтФАтФАтФАтФАтФАтФАтФАтФАтФАтФАтФАтФАтФАтФА
тФМтФАтФАтФАтФАтФАтФАтФАтФАтФАтФАтФАтФАтФАтФАтФАтФАтФАтФАтФАтФАтФАтФАтФАтФАтФАтФАтФАтФАтФАтФАтФАтФАтФАтФАтФАтФАтФАтФАтФАтФАтФАтФАтФАтФАтФАтФАтФАтФАтФАтФАтФАтФАтФАтФАтФАтФАтФАтФАтФАтФАтФАтФАтФАтФАтФАтФАтФАтФАтФАтФАтФАтФАтФАтФАтФАтФАтФАтФАтФАтФАтФАтФАтФАтФАтФАтФАтФАтФАтФАтФАтФАтФАтФАтФАтФАтФАтФАтФАтФАтФАтФАтФАтФАтФАтФАтФАтФАтФАтФАтФАтФАтФАтФАтФАтФАтФАтФАтФАтФА
тФВ #0   TestService.validateResponseQuality (package:psycho_tests/services/test_service.dart:751:15)
тФВ #1   main.<anonymous closure>.<anonymous closure> (file:///D:/Work/psycho_app/0.0.1.x_dev/test/services/test_service_test.dart:335:38)
тФЬтФДтФДтФДтФДтФДтФДтФДтФДтФДтФДтФДтФДтФДтФДтФДтФДтФДтФДтФДтФДтФДтФДтФДтФДтФДтФДтФДтФДтФДтФДтФДтФДтФДтФДтФДтФДтФДтФДтФДтФДтФДтФДтФДтФДтФДтФДтФДтФДтФДтФДтФДтФДтФДтФДтФДтФДтФДтФДтФДтФДтФДтФДтФДтФДтФДтФДтФДтФДтФДтФДтФДтФДтФДтФДтФДтФДтФДтФДтФДтФДтФДтФДтФДтФДтФДтФДтФДтФДтФДтФДтФДтФДтФДтФДтФДтФДтФДтФДтФДтФДтФДтФДтФДтФДтФДтФДтФДтФДтФДтФДтФДтФДтФДтФДтФДтФДтФДтФДтФД
тФВ ЁЯРЫ Consistency score: 0.0%
тФФтФАтФАтФАтФАтФАтФАтФАтФАтФАтФАтФАтФАтФАтФАтФАтФАтФАтФАтФАтФАтФАтФАтФАтФАтФАтФАтФАтФАтФАтФАтФАтФАтФАтФАтФАтФАтФАтФАтФАтФАтФАтФАтФАтФАтФАтФАтФАтФАтФАтФАтФАтФАтФАтФАтФАтФАтФАтФАтФАтФАтФАтФАтФАтФАтФАтФАтФАтФАтФАтФАтФАтФАтФАтФАтФАтФАтФАтФАтФАтФАтФАтФАтФАтФАтФАтФАтФАтФАтФАтФАтФАтФАтФАтФАтФАтФАтФАтФАтФАтФАтФАтФАтФАтФАтФАтФАтФАтФАтФАтФАтФАтФАтФАтФАтФАтФАтФАтФАтФА
[38;5;208mтФМтФАтФАтФАтФАтФАтФАтФАтФАтФАтФАтФАтФАтФАтФАтФАтФАтФАтФАтФАтФАтФАтФАтФАтФАтФАтФАтФАтФАтФАтФАтФАтФАтФАтФАтФАтФАтФАтФАтФАтФАтФАтФАтФАтФАтФАтФАтФАтФАтФАтФАтФАтФАтФАтФАтФАтФАтФАтФАтФАтФАтФАтФАтФАтФАтФАтФАтФАтФАтФАтФАтФАтФАтФАтФАтФАтФАтФАтФАтФАтФАтФАтФАтФАтФАтФАтФАтФАтФАтФАтФАтФАтФАтФАтФАтФАтФАтФАтФАтФАтФАтФАтФАтФАтФАтФАтФАтФАтФАтФАтФАтФАтФАтФАтФАтФАтФАтФАтФАтФА[0m
[38;5;208mтФВ #0   TestService.validateResponseQuality (package:psycho_tests/services/test_service.dart:760:17)[0m
[38;5;208mтФВ #1   main.<anonymous closure>.<anonymous closure> (file:///D:/Work/psycho_app/0.0.1.x_dev/test/services/test_service_test.dart:335:38)[0m
[38;5;208mтФЬтФДтФДтФДтФДтФДтФДтФДтФДтФДтФДтФДтФДтФДтФДтФДтФДтФДтФДтФДтФДтФДтФДтФДтФДтФДтФДтФДтФДтФДтФДтФДтФДтФДтФДтФДтФДтФДтФДтФДтФДтФДтФДтФДтФДтФДтФДтФДтФДтФДтФДтФДтФДтФДтФДтФДтФДтФДтФДтФДтФДтФДтФДтФДтФДтФДтФДтФДтФДтФДтФДтФДтФДтФДтФДтФДтФДтФДтФДтФДтФДтФДтФДтФДтФДтФДтФДтФДтФДтФДтФДтФДтФДтФДтФДтФДтФДтФДтФДтФДтФДтФДтФДтФДтФДтФДтФДтФДтФДтФДтФДтФДтФДтФДтФДтФДтФДтФДтФДтФД[0m
[38;5;208mтФВ тЪая╕П ISSUE: Very low answer consistency (0%). You may have answered randomly.[0m
[38;5;208mтФФтФАтФАтФАтФАтФАтФАтФАтФАтФАтФАтФАтФАтФАтФАтФАтФАтФАтФАтФАтФАтФАтФАтФАтФАтФАтФАтФАтФАтФАтФАтФАтФАтФАтФАтФАтФАтФАтФАтФАтФАтФАтФАтФАтФАтФАтФАтФАтФАтФАтФАтФАтФАтФАтФАтФАтФАтФАтФАтФАтФАтФАтФАтФАтФАтФАтФАтФАтФАтФАтФАтФАтФАтФАтФАтФАтФАтФАтФАтФАтФАтФАтФАтФАтФАтФАтФАтФАтФАтФАтФАтФАтФАтФАтФАтФАтФАтФАтФАтФАтФАтФАтФАтФАтФАтФАтФАтФАтФАтФАтФАтФАтФАтФАтФАтФАтФАтФАтФАтФА[0m
[38;5;208mтФМтФАтФАтФАтФАтФАтФАтФАтФАтФАтФАтФАтФАтФАтФАтФАтФАтФАтФАтФАтФАтФАтФАтФАтФАтФАтФАтФАтФАтФАтФАтФАтФАтФАтФАтФАтФАтФАтФАтФАтФАтФАтФАтФАтФАтФАтФАтФАтФАтФАтФАтФАтФАтФАтФАтФАтФАтФАтФАтФАтФАтФАтФАтФАтФАтФАтФАтФАтФАтФАтФАтФАтФАтФАтФАтФАтФАтФАтФАтФАтФАтФАтФАтФАтФАтФАтФАтФАтФАтФАтФАтФАтФАтФАтФАтФАтФАтФАтФАтФАтФАтФАтФАтФАтФАтФАтФАтФАтФАтФАтФАтФАтФАтФАтФАтФАтФАтФАтФАтФА[0m
[38;5;208mтФВ #0   TestService.validateResponseQuality (package:psycho_tests/services/test_service.dart:780:17)[0m
[38;5;208mтФВ #1   main.<anonymous closure>.<anonymous closure> (file:///D:/Work/psycho_app/0.0.1.x_dev/test/services/test_service_test.dart:335:38)[0m
[38;5;208mтФЬтФДтФДтФДтФДтФДтФДтФДтФДтФДтФДтФДтФДтФДтФДтФДтФДтФДтФДтФДтФДтФДтФДтФДтФДтФДтФДтФДтФДтФДтФДтФДтФДтФДтФДтФДтФДтФДтФДтФДтФДтФДтФДтФДтФДтФДтФДтФДтФДтФДтФДтФДтФДтФДтФДтФДтФДтФДтФДтФДтФДтФДтФДтФДтФДтФДтФДтФДтФДтФДтФДтФДтФДтФДтФДтФДтФДтФДтФДтФДтФДтФДтФДтФДтФДтФДтФДтФДтФДтФДтФДтФДтФДтФДтФДтФДтФДтФДтФДтФДтФДтФДтФДтФДтФДтФДтФДтФДтФДтФДтФДтФДтФДтФДтФДтФДтФДтФДтФДтФД[0m
[38;5;208mтФВ тЪая╕П OVERALL QUALITY: CRITICAL[0m
[38;5;208mтФФтФАтФАтФАтФАтФАтФАтФАтФАтФАтФАтФАтФАтФАтФАтФАтФАтФАтФАтФАтФАтФАтФАтФАтФАтФАтФАтФАтФАтФАтФАтФАтФАтФАтФАтФАтФАтФАтФАтФАтФАтФАтФАтФАтФАтФАтФАтФАтФАтФАтФАтФАтФАтФАтФАтФАтФАтФАтФАтФАтФАтФАтФАтФАтФАтФАтФАтФАтФАтФАтФАтФАтФАтФАтФАтФАтФАтФАтФАтФАтФАтФАтФАтФАтФАтФАтФАтФАтФАтФАтФАтФАтФАтФАтФАтФАтФАтФАтФАтФАтФАтФАтФАтФАтФАтФАтФАтФАтФАтФАтФАтФАтФАтФАтФАтФАтФАтФАтФАтФА[0m
00:01 +21 -16: D:/Work/psycho_app/0.0.1.x_dev/test/services/test_service_test.dart: validateResponseQuality() detects high quality responses with good variance [E]
  Expected: 'success'
    Actual: 'error'
     Which: is different.
            Expected: success
              Actual: error
                      ^
             Differ at offset 0
  
  package:matcher                                     expect
  package:flutter_test/src/widget_tester.dart 473:18  expect
  test\services\test_service_test.dart 341:7          main.<fn>.<fn>
  
00:01 +21 -16: D:/Work/psycho_app/0.0.1.x_dev/test/services/test_service_test.dart: validateResponseQuality() detects low variability (straight-lining)
тФМтФАтФАтФАтФАтФАтФАтФАтФАтФАтФАтФАтФАтФАтФАтФАтФАтФАтФАтФАтФАтФАтФАтФАтФАтФАтФАтФАтФАтФАтФАтФАтФАтФАтФАтФАтФАтФАтФАтФАтФАтФАтФАтФАтФАтФАтФАтФАтФАтФАтФАтФАтФАтФАтФАтФАтФАтФАтФАтФАтФАтФАтФАтФАтФАтФАтФАтФАтФАтФАтФАтФАтФАтФАтФАтФАтФАтФАтФАтФАтФАтФАтФАтФАтФАтФАтФАтФАтФАтФАтФАтФАтФАтФАтФАтФАтФАтФАтФАтФАтФАтФАтФАтФАтФАтФАтФАтФАтФАтФАтФАтФАтФАтФАтФАтФАтФАтФАтФАтФА
тФВ #0   TestService.validateResponseQuality (package:psycho_tests/services/test_service.dart:634:15)
тФВ #1   main.<anonymous closure>.<anonymous closure> (file:///D:/Work/psycho_app/0.0.1.x_dev/test/services/test_service_test.dart:352:38)
тФЬтФДтФДтФДтФДтФДтФДтФДтФДтФДтФДтФДтФДтФДтФДтФДтФДтФДтФДтФДтФДтФДтФДтФДтФДтФДтФДтФДтФДтФДтФДтФДтФДтФДтФДтФДтФДтФДтФДтФДтФДтФДтФДтФДтФДтФДтФДтФДтФДтФДтФДтФДтФДтФДтФДтФДтФДтФДтФДтФДтФДтФДтФДтФДтФДтФДтФДтФДтФДтФДтФДтФДтФДтФДтФДтФДтФДтФДтФДтФДтФДтФДтФДтФДтФДтФДтФДтФДтФДтФДтФДтФДтФДтФДтФДтФДтФДтФДтФДтФДтФДтФДтФДтФДтФДтФДтФДтФДтФДтФДтФДтФДтФДтФДтФДтФДтФДтФДтФДтФД
тФВ ЁЯРЫ Starting validation of 20 answers
тФФтФАтФАтФАтФАтФАтФАтФАтФАтФАтФАтФАтФАтФАтФАтФАтФАтФАтФАтФАтФАтФАтФАтФАтФАтФАтФАтФАтФАтФАтФАтФАтФАтФАтФАтФАтФАтФАтФАтФАтФАтФАтФАтФАтФАтФАтФАтФАтФАтФАтФАтФАтФАтФАтФАтФАтФАтФАтФАтФАтФАтФАтФАтФАтФАтФАтФАтФАтФАтФАтФАтФАтФАтФАтФАтФАтФАтФАтФАтФАтФАтФАтФАтФАтФАтФАтФАтФАтФАтФАтФАтФАтФАтФАтФАтФАтФАтФАтФАтФАтФАтФАтФАтФАтФАтФАтФАтФАтФАтФАтФАтФАтФАтФАтФАтФАтФАтФАтФАтФА
тФМтФАтФАтФАтФАтФАтФАтФАтФАтФАтФАтФАтФАтФАтФАтФАтФАтФАтФАтФАтФАтФАтФАтФАтФАтФАтФАтФАтФАтФАтФАтФАтФАтФАтФАтФАтФАтФАтФАтФАтФАтФАтФАтФАтФАтФАтФАтФАтФАтФАтФАтФАтФАтФАтФАтФАтФАтФАтФАтФАтФАтФАтФАтФАтФАтФАтФАтФАтФАтФАтФАтФАтФАтФАтФАтФАтФАтФАтФАтФАтФАтФАтФАтФАтФАтФАтФАтФАтФАтФАтФАтФАтФАтФАтФАтФАтФАтФАтФАтФАтФАтФАтФАтФАтФАтФАтФАтФАтФАтФАтФАтФАтФАтФАтФАтФАтФАтФАтФАтФА
тФВ #0   TestService.validateResponseQuality (package:psycho_tests/services/test_service.dart:647:15)
тФВ #1   main.<anonymous closure>.<anonymous closure> (file:///D:/Work/psycho_app/0.0.1.x_dev/test/services/test_service_test.dart:352:38)
тФЬтФДтФДтФДтФДтФДтФДтФДтФДтФДтФДтФДтФДтФДтФДтФДтФДтФДтФДтФДтФДтФДтФДтФДтФДтФДтФДтФДтФДтФДтФДтФДтФДтФДтФДтФДтФДтФДтФДтФДтФДтФДтФДтФДтФДтФДтФДтФДтФДтФДтФДтФДтФДтФДтФДтФДтФДтФДтФДтФДтФДтФДтФДтФДтФДтФДтФДтФДтФДтФДтФДтФДтФДтФДтФДтФДтФДтФДтФДтФДтФДтФДтФДтФДтФДтФДтФДтФДтФДтФДтФДтФДтФДтФДтФДтФДтФДтФДтФДтФДтФДтФДтФДтФДтФДтФДтФДтФДтФДтФДтФДтФДтФДтФДтФДтФДтФДтФДтФДтФД
тФВ ЁЯРЫ Answer mean: 3.00
тФФтФАтФАтФАтФАтФАтФАтФАтФАтФАтФАтФАтФАтФАтФАтФАтФАтФАтФАтФАтФАтФАтФАтФАтФАтФАтФАтФАтФАтФАтФАтФАтФАтФАтФАтФАтФАтФАтФАтФАтФАтФАтФАтФАтФАтФАтФАтФАтФАтФАтФАтФАтФАтФАтФАтФАтФАтФАтФАтФАтФАтФАтФАтФАтФАтФАтФАтФАтФАтФАтФАтФАтФАтФАтФАтФАтФАтФАтФАтФАтФАтФАтФАтФАтФАтФАтФАтФАтФАтФАтФАтФАтФАтФАтФАтФАтФАтФАтФАтФАтФАтФАтФАтФАтФАтФАтФАтФАтФАтФАтФАтФАтФАтФАтФАтФАтФАтФАтФАтФА
тФМтФАтФАтФАтФАтФАтФАтФАтФАтФАтФАтФАтФАтФАтФАтФАтФАтФАтФАтФАтФАтФАтФАтФАтФАтФАтФАтФАтФАтФАтФАтФАтФАтФАтФАтФАтФАтФАтФАтФАтФАтФАтФАтФАтФАтФАтФАтФАтФАтФАтФАтФАтФАтФАтФАтФАтФАтФАтФАтФАтФАтФАтФАтФАтФАтФАтФАтФАтФАтФАтФАтФАтФАтФАтФАтФАтФАтФАтФАтФАтФАтФАтФАтФАтФАтФАтФАтФАтФАтФАтФАтФАтФАтФАтФАтФАтФАтФАтФАтФАтФАтФАтФАтФАтФАтФАтФАтФАтФАтФАтФАтФАтФАтФАтФАтФАтФАтФАтФАтФА
тФВ #0   TestService.validateResponseQuality (package:psycho_tests/services/test_service.dart:648:15)
тФВ #1   main.<anonymous closure>.<anonymous closure> (file:///D:/Work/psycho_app/0.0.1.x_dev/test/services/test_service_test.dart:352:38)
тФЬтФДтФДтФДтФДтФДтФДтФДтФДтФДтФДтФДтФДтФДтФДтФДтФДтФДтФДтФДтФДтФДтФДтФДтФДтФДтФДтФДтФДтФДтФДтФДтФДтФДтФДтФДтФДтФДтФДтФДтФДтФДтФДтФДтФДтФДтФДтФДтФДтФДтФДтФДтФДтФДтФДтФДтФДтФДтФДтФДтФДтФДтФДтФДтФДтФДтФДтФДтФДтФДтФДтФДтФДтФДтФДтФДтФДтФДтФДтФДтФДтФДтФДтФДтФДтФДтФДтФДтФДтФДтФДтФДтФДтФДтФДтФДтФДтФДтФДтФДтФДтФДтФДтФДтФДтФДтФДтФДтФДтФДтФДтФДтФДтФДтФДтФДтФДтФДтФДтФД
тФВ ЁЯРЫ Standard deviation: 0.00
тФФтФАтФАтФАтФАтФАтФАтФАтФАтФАтФАтФАтФАтФАтФАтФАтФАтФАтФАтФАтФАтФАтФАтФАтФАтФАтФАтФАтФАтФАтФАтФАтФАтФАтФАтФАтФАтФАтФАтФАтФАтФАтФАтФАтФАтФАтФАтФАтФАтФАтФАтФАтФАтФАтФАтФАтФАтФАтФАтФАтФАтФАтФАтФАтФАтФАтФАтФАтФАтФАтФАтФАтФАтФАтФАтФАтФАтФАтФАтФАтФАтФАтФАтФАтФАтФАтФАтФАтФАтФАтФАтФАтФАтФАтФАтФАтФАтФАтФАтФАтФАтФАтФАтФАтФАтФАтФАтФАтФАтФАтФАтФАтФАтФАтФАтФАтФАтФАтФАтФА
[38;5;208mтФМтФАтФАтФАтФАтФАтФАтФАтФАтФАтФАтФАтФАтФАтФАтФАтФАтФАтФАтФАтФАтФАтФАтФАтФАтФАтФАтФАтФАтФАтФАтФАтФАтФАтФАтФАтФАтФАтФАтФАтФАтФАтФАтФАтФАтФАтФАтФАтФАтФАтФАтФАтФАтФАтФАтФАтФАтФАтФАтФАтФАтФАтФАтФАтФАтФАтФАтФАтФАтФАтФАтФАтФАтФАтФАтФАтФАтФАтФАтФАтФАтФАтФАтФАтФАтФАтФАтФАтФАтФАтФАтФАтФАтФАтФАтФАтФАтФАтФАтФАтФАтФАтФАтФАтФАтФАтФАтФАтФАтФАтФАтФАтФАтФАтФАтФАтФАтФАтФАтФА[0m
[38;5;208mтФВ #0   TestService.validateResponseQuality (package:psycho_tests/services/test_service.dart:656:17)[0m
[38;5;208mтФВ #1   main.<anonymous closure>.<anonymous closure> (file:///D:/Work/psycho_app/0.0.1.x_dev/test/services/test_service_test.dart:352:38)[0m
[38;5;208mтФЬтФДтФДтФДтФДтФДтФДтФДтФДтФДтФДтФДтФДтФДтФДтФДтФДтФДтФДтФДтФДтФДтФДтФДтФДтФДтФДтФДтФДтФДтФДтФДтФДтФДтФДтФДтФДтФДтФДтФДтФДтФДтФДтФДтФДтФДтФДтФДтФДтФДтФДтФДтФДтФДтФДтФДтФДтФДтФДтФДтФДтФДтФДтФДтФДтФДтФДтФДтФДтФДтФДтФДтФДтФДтФДтФДтФДтФДтФДтФДтФДтФДтФДтФДтФДтФДтФДтФДтФДтФДтФДтФДтФДтФДтФДтФДтФДтФДтФДтФДтФДтФДтФДтФДтФДтФДтФДтФДтФДтФДтФДтФДтФДтФДтФДтФДтФДтФДтФДтФД[0m
[38;5;208mтФВ тЪая╕П ISSUE: Very low response variance (0.00). You may not have been thoughtful.[0m
[38;5;208mтФФтФАтФАтФАтФАтФАтФАтФАтФАтФАтФАтФАтФАтФАтФАтФАтФАтФАтФАтФАтФАтФАтФАтФАтФАтФАтФАтФАтФАтФАтФАтФАтФАтФАтФАтФАтФАтФАтФАтФАтФАтФАтФАтФАтФАтФАтФАтФАтФАтФАтФАтФАтФАтФАтФАтФАтФАтФАтФАтФАтФАтФАтФАтФАтФАтФАтФАтФАтФАтФАтФАтФАтФАтФАтФАтФАтФАтФАтФАтФАтФАтФАтФАтФАтФАтФАтФАтФАтФАтФАтФАтФАтФАтФАтФАтФАтФАтФАтФАтФАтФАтФАтФАтФАтФАтФАтФАтФАтФАтФАтФАтФАтФАтФАтФАтФАтФАтФАтФАтФА[0m
тФМтФАтФАтФАтФАтФАтФАтФАтФАтФАтФАтФАтФАтФАтФАтФАтФАтФАтФАтФАтФАтФАтФАтФАтФАтФАтФАтФАтФАтФАтФАтФАтФАтФАтФАтФАтФАтФАтФАтФАтФАтФАтФАтФАтФАтФАтФАтФАтФАтФАтФАтФАтФАтФАтФАтФАтФАтФАтФАтФАтФАтФАтФАтФАтФАтФАтФАтФАтФАтФАтФАтФАтФАтФАтФАтФАтФАтФАтФАтФАтФАтФАтФАтФАтФАтФАтФАтФАтФАтФАтФАтФАтФАтФАтФАтФАтФАтФАтФАтФАтФАтФАтФАтФАтФАтФАтФАтФАтФАтФАтФАтФАтФАтФАтФАтФАтФАтФАтФАтФА
тФВ #0   TestService.validateResponseQuality (package:psycho_tests/services/test_service.dart:669:15)
тФВ #1   main.<anonymous closure>.<anonymous closure> (file:///D:/Work/psycho_app/0.0.1.x_dev/test/services/test_service_test.dart:352:38)
тФЬтФДтФДтФДтФДтФДтФДтФДтФДтФДтФДтФДтФДтФДтФДтФДтФДтФДтФДтФДтФДтФДтФДтФДтФДтФДтФДтФДтФДтФДтФДтФДтФДтФДтФДтФДтФДтФДтФДтФДтФДтФДтФДтФДтФДтФДтФДтФДтФДтФДтФДтФДтФДтФДтФДтФДтФДтФДтФДтФДтФДтФДтФДтФДтФДтФДтФДтФДтФДтФДтФДтФДтФДтФДтФДтФДтФДтФДтФДтФДтФДтФДтФДтФДтФДтФДтФДтФДтФДтФДтФДтФДтФДтФДтФДтФДтФДтФДтФДтФДтФДтФДтФДтФДтФДтФДтФДтФДтФДтФДтФДтФДтФДтФДтФДтФДтФДтФДтФДтФД
тФВ ЁЯРЫ Neutral answers: 20 of 20 (100.0%)
тФФтФАтФАтФАтФАтФАтФАтФАтФАтФАтФАтФАтФАтФАтФАтФАтФАтФАтФАтФАтФАтФАтФАтФАтФАтФАтФАтФАтФАтФАтФАтФАтФАтФАтФАтФАтФАтФАтФАтФАтФАтФАтФАтФАтФАтФАтФАтФАтФАтФАтФАтФАтФАтФАтФАтФАтФАтФАтФАтФАтФАтФАтФАтФАтФАтФАтФАтФАтФАтФАтФАтФАтФАтФАтФАтФАтФАтФАтФАтФАтФАтФАтФАтФАтФАтФАтФАтФАтФАтФАтФАтФАтФАтФАтФАтФАтФАтФАтФАтФАтФАтФАтФАтФАтФАтФАтФАтФАтФАтФАтФАтФАтФАтФАтФАтФАтФАтФАтФАтФА
[38;5;208mтФМтФАтФАтФАтФАтФАтФАтФАтФАтФАтФАтФАтФАтФАтФАтФАтФАтФАтФАтФАтФАтФАтФАтФАтФАтФАтФАтФАтФАтФАтФАтФАтФАтФАтФАтФАтФАтФАтФАтФАтФАтФАтФАтФАтФАтФАтФАтФАтФАтФАтФАтФАтФАтФАтФАтФАтФАтФАтФАтФАтФАтФАтФАтФАтФАтФАтФАтФАтФАтФАтФАтФАтФАтФАтФАтФАтФАтФАтФАтФАтФАтФАтФАтФАтФАтФАтФАтФАтФАтФАтФАтФАтФАтФАтФАтФАтФАтФАтФАтФАтФАтФАтФАтФАтФАтФАтФАтФАтФАтФАтФАтФАтФАтФАтФАтФАтФАтФАтФАтФА[0m
[38;5;208mтФВ #0   TestService.validateResponseQuality (package:psycho_tests/services/test_service.dart:678:17)[0m
[38;5;208mтФВ #1   main.<anonymous closure>.<anonymous closure> (file:///D:/Work/psycho_app/0.0.1.x_dev/test/services/test_service_test.dart:352:38)[0m
[38;5;208mтФЬтФДтФДтФДтФДтФДтФДтФДтФДтФДтФДтФДтФДтФДтФДтФДтФДтФДтФДтФДтФДтФДтФДтФДтФДтФДтФДтФДтФДтФДтФДтФДтФДтФДтФДтФДтФДтФДтФДтФДтФДтФДтФДтФДтФДтФДтФДтФДтФДтФДтФДтФДтФДтФДтФДтФДтФДтФДтФДтФДтФДтФДтФДтФДтФДтФДтФДтФДтФДтФДтФДтФДтФДтФДтФДтФДтФДтФДтФДтФДтФДтФДтФДтФДтФДтФДтФДтФДтФДтФДтФДтФДтФДтФДтФДтФДтФДтФДтФДтФДтФДтФДтФДтФДтФДтФДтФДтФДтФДтФДтФДтФДтФДтФДтФДтФДтФДтФДтФДтФД[0m
[38;5;208mтФВ тЪая╕П ISSUE: Too many neutral answers (100%). Try to be more decisive.[0m
[38;5;208mтФФтФАтФАтФАтФАтФАтФАтФАтФАтФАтФАтФАтФАтФАтФАтФАтФАтФАтФАтФАтФАтФАтФАтФАтФАтФАтФАтФАтФАтФАтФАтФАтФАтФАтФАтФАтФАтФАтФАтФАтФАтФАтФАтФАтФАтФАтФАтФАтФАтФАтФАтФАтФАтФАтФАтФАтФАтФАтФАтФАтФАтФАтФАтФАтФАтФАтФАтФАтФАтФАтФАтФАтФАтФАтФАтФАтФАтФАтФАтФАтФАтФАтФАтФАтФАтФАтФАтФАтФАтФАтФАтФАтФАтФАтФАтФАтФАтФАтФАтФАтФАтФАтФАтФАтФАтФАтФАтФАтФАтФАтФАтФАтФАтФАтФАтФАтФАтФАтФАтФА[0m
тФМтФАтФАтФАтФАтФАтФАтФАтФАтФАтФАтФАтФАтФАтФАтФАтФАтФАтФАтФАтФАтФАтФАтФАтФАтФАтФАтФАтФАтФАтФАтФАтФАтФАтФАтФАтФАтФАтФАтФАтФАтФАтФАтФАтФАтФАтФАтФАтФАтФАтФАтФАтФАтФАтФАтФАтФАтФАтФАтФАтФАтФАтФАтФАтФАтФАтФАтФАтФАтФАтФАтФАтФАтФАтФАтФАтФАтФАтФАтФАтФАтФАтФАтФАтФАтФАтФАтФАтФАтФАтФАтФАтФАтФАтФАтФАтФАтФАтФАтФАтФАтФАтФАтФАтФАтФАтФАтФАтФАтФАтФАтФАтФАтФАтФАтФАтФАтФАтФАтФА
тФВ #0   TestService.validateResponseQuality (package:psycho_tests/services/test_service.dart:691:15)
тФВ #1   main.<anonymous closure>.<anonymous closure> (file:///D:/Work/psycho_app/0.0.1.x_dev/test/services/test_service_test.dart:352:38)
тФЬтФДтФДтФДтФДтФДтФДтФДтФДтФДтФДтФДтФДтФДтФДтФДтФДтФДтФДтФДтФДтФДтФДтФДтФДтФДтФДтФДтФДтФДтФДтФДтФДтФДтФДтФДтФДтФДтФДтФДтФДтФДтФДтФДтФДтФДтФДтФДтФДтФДтФДтФДтФДтФДтФДтФДтФДтФДтФДтФДтФДтФДтФДтФДтФДтФДтФДтФДтФДтФДтФДтФДтФДтФДтФДтФДтФДтФДтФДтФДтФДтФДтФДтФДтФДтФДтФДтФДтФДтФДтФДтФДтФДтФДтФДтФДтФДтФДтФДтФДтФДтФДтФДтФДтФДтФДтФДтФДтФДтФДтФДтФДтФДтФДтФДтФДтФДтФДтФДтФД
тФВ ЁЯРЫ Extreme answers: 0 of 20 (0.0%)
тФФтФАтФАтФАтФАтФАтФАтФАтФАтФАтФАтФАтФАтФАтФАтФАтФАтФАтФАтФАтФАтФАтФАтФАтФАтФАтФАтФАтФАтФАтФАтФАтФАтФАтФАтФАтФАтФАтФАтФАтФАтФАтФАтФАтФАтФАтФАтФАтФАтФАтФАтФАтФАтФАтФАтФАтФАтФАтФАтФАтФАтФАтФАтФАтФАтФАтФАтФАтФАтФАтФАтФАтФАтФАтФАтФАтФАтФАтФАтФАтФАтФАтФАтФАтФАтФАтФАтФАтФАтФАтФАтФАтФАтФАтФАтФАтФАтФАтФАтФАтФАтФАтФАтФАтФАтФАтФАтФАтФАтФАтФАтФАтФАтФАтФАтФАтФАтФАтФАтФА
тФМтФАтФАтФАтФАтФАтФАтФАтФАтФАтФАтФАтФАтФАтФАтФАтФАтФАтФАтФАтФАтФАтФАтФАтФАтФАтФАтФАтФАтФАтФАтФАтФАтФАтФАтФАтФАтФАтФАтФАтФАтФАтФАтФАтФАтФАтФАтФАтФАтФАтФАтФАтФАтФАтФАтФАтФАтФАтФАтФАтФАтФАтФАтФАтФАтФАтФАтФАтФАтФАтФАтФАтФАтФАтФАтФАтФАтФАтФАтФАтФАтФАтФАтФАтФАтФАтФАтФАтФАтФАтФАтФАтФАтФАтФАтФАтФАтФАтФАтФАтФАтФАтФАтФАтФАтФАтФАтФАтФАтФАтФАтФАтФАтФАтФАтФАтФАтФАтФАтФА
тФВ #0   TestService.validateResponseQuality (package:psycho_tests/services/test_service.dart:751:15)
тФВ #1   main.<anonymous closure>.<anonymous closure> (file:///D:/Work/psycho_app/0.0.1.x_dev/test/services/test_service_test.dart:352:38)
тФЬтФДтФДтФДтФДтФДтФДтФДтФДтФДтФДтФДтФДтФДтФДтФДтФДтФДтФДтФДтФДтФДтФДтФДтФДтФДтФДтФДтФДтФДтФДтФДтФДтФДтФДтФДтФДтФДтФДтФДтФДтФДтФДтФДтФДтФДтФДтФДтФДтФДтФДтФДтФДтФДтФДтФДтФДтФДтФДтФДтФДтФДтФДтФДтФДтФДтФДтФДтФДтФДтФДтФДтФДтФДтФДтФДтФДтФДтФДтФДтФДтФДтФДтФДтФДтФДтФДтФДтФДтФДтФДтФДтФДтФДтФДтФДтФДтФДтФДтФДтФДтФДтФДтФДтФДтФДтФДтФДтФДтФДтФДтФДтФДтФДтФДтФДтФДтФДтФДтФД
тФВ ЁЯРЫ Consistency score: 0.0%
тФФтФАтФАтФАтФАтФАтФАтФАтФАтФАтФАтФАтФАтФАтФАтФАтФАтФАтФАтФАтФАтФАтФАтФАтФАтФАтФАтФАтФАтФАтФАтФАтФАтФАтФАтФАтФАтФАтФАтФАтФАтФАтФАтФАтФАтФАтФАтФАтФАтФАтФАтФАтФАтФАтФАтФАтФАтФАтФАтФАтФАтФАтФАтФАтФАтФАтФАтФАтФАтФАтФАтФАтФАтФАтФАтФАтФАтФАтФАтФАтФАтФАтФАтФАтФАтФАтФАтФАтФАтФАтФАтФАтФАтФАтФАтФАтФАтФАтФАтФАтФАтФАтФАтФАтФАтФАтФАтФАтФАтФАтФАтФАтФАтФАтФАтФАтФАтФАтФАтФА
[38;5;208mтФМтФАтФАтФАтФАтФАтФАтФАтФАтФАтФАтФАтФАтФАтФАтФАтФАтФАтФАтФАтФАтФАтФАтФАтФАтФАтФАтФАтФАтФАтФАтФАтФАтФАтФАтФАтФАтФАтФАтФАтФАтФАтФАтФАтФАтФАтФАтФАтФАтФАтФАтФАтФАтФАтФАтФАтФАтФАтФАтФАтФАтФАтФАтФАтФАтФАтФАтФАтФАтФАтФАтФАтФАтФАтФАтФАтФАтФАтФАтФАтФАтФАтФАтФАтФАтФАтФАтФАтФАтФАтФАтФАтФАтФАтФАтФАтФАтФАтФАтФАтФАтФАтФАтФАтФАтФАтФАтФАтФАтФАтФАтФАтФАтФАтФАтФАтФАтФАтФАтФА[0m
[38;5;208mтФВ #0   TestService.validateResponseQuality (package:psycho_tests/services/test_service.dart:760:17)[0m
[38;5;208mтФВ #1   main.<anonymous closure>.<anonymous closure> (file:///D:/Work/psycho_app/0.0.1.x_dev/test/services/test_service_test.dart:352:38)[0m
[38;5;208mтФЬтФДтФДтФДтФДтФДтФДтФДтФДтФДтФДтФДтФДтФДтФДтФДтФДтФДтФДтФДтФДтФДтФДтФДтФДтФДтФДтФДтФДтФДтФДтФДтФДтФДтФДтФДтФДтФДтФДтФДтФДтФДтФДтФДтФДтФДтФДтФДтФДтФДтФДтФДтФДтФДтФДтФДтФДтФДтФДтФДтФДтФДтФДтФДтФДтФДтФДтФДтФДтФДтФДтФДтФДтФДтФДтФДтФДтФДтФДтФДтФДтФДтФДтФДтФДтФДтФДтФДтФДтФДтФДтФДтФДтФДтФДтФДтФДтФДтФДтФДтФДтФДтФДтФДтФДтФДтФДтФДтФДтФДтФДтФДтФДтФДтФДтФДтФДтФДтФДтФД[0m
[38;5;208mтФВ тЪая╕П ISSUE: Very low answer consistency (0%). You may have answered randomly.[0m
[38;5;208mтФФтФАтФАтФАтФАтФАтФАтФАтФАтФАтФАтФАтФАтФАтФАтФАтФАтФАтФАтФАтФАтФАтФАтФАтФАтФАтФАтФАтФАтФАтФАтФАтФАтФАтФАтФАтФАтФАтФАтФАтФАтФАтФАтФАтФАтФАтФАтФАтФАтФАтФАтФАтФАтФАтФАтФАтФАтФАтФАтФАтФАтФАтФАтФАтФАтФАтФАтФАтФАтФАтФАтФАтФАтФАтФАтФАтФАтФАтФАтФАтФАтФАтФАтФАтФАтФАтФАтФАтФАтФАтФАтФАтФАтФАтФАтФАтФАтФАтФАтФАтФАтФАтФАтФАтФАтФАтФАтФАтФАтФАтФАтФАтФАтФАтФАтФАтФАтФАтФАтФА[0m
[38;5;208mтФМтФАтФАтФАтФАтФАтФАтФАтФАтФАтФАтФАтФАтФАтФАтФАтФАтФАтФАтФАтФАтФАтФАтФАтФАтФАтФАтФАтФАтФАтФАтФАтФАтФАтФАтФАтФАтФАтФАтФАтФАтФАтФАтФАтФАтФАтФАтФАтФАтФАтФАтФАтФАтФАтФАтФАтФАтФАтФАтФАтФАтФАтФАтФАтФАтФАтФАтФАтФАтФАтФАтФАтФАтФАтФАтФАтФАтФАтФАтФАтФАтФАтФАтФАтФАтФАтФАтФАтФАтФАтФАтФАтФАтФАтФАтФАтФАтФАтФАтФАтФАтФАтФАтФАтФАтФАтФАтФАтФАтФАтФАтФАтФАтФАтФАтФАтФАтФАтФАтФА[0m
[38;5;208mтФВ #0   TestService.validateResponseQuality (package:psycho_tests/services/test_service.dart:780:17)[0m
[38;5;208mтФВ #1   main.<anonymous closure>.<anonymous closure> (file:///D:/Work/psycho_app/0.0.1.x_dev/test/services/test_service_test.dart:352:38)[0m
[38;5;208mтФЬтФДтФДтФДтФДтФДтФДтФДтФДтФДтФДтФДтФДтФДтФДтФДтФДтФДтФДтФДтФДтФДтФДтФДтФДтФДтФДтФДтФДтФДтФДтФДтФДтФДтФДтФДтФДтФДтФДтФДтФДтФДтФДтФДтФДтФДтФДтФДтФДтФДтФДтФДтФДтФДтФДтФДтФДтФДтФДтФДтФДтФДтФДтФДтФДтФДтФДтФДтФДтФДтФДтФДтФДтФДтФДтФДтФДтФДтФДтФДтФДтФДтФДтФДтФДтФДтФДтФДтФДтФДтФДтФДтФДтФДтФДтФДтФДтФДтФДтФДтФДтФДтФДтФДтФДтФДтФДтФДтФДтФДтФДтФДтФДтФДтФДтФДтФДтФДтФДтФД[0m
[38;5;208mтФВ тЪая╕П OVERALL QUALITY: CRITICAL[0m
[38;5;208mтФФтФАтФАтФАтФАтФАтФАтФАтФАтФАтФАтФАтФАтФАтФАтФАтФАтФАтФАтФАтФАтФАтФАтФАтФАтФАтФАтФАтФАтФАтФАтФАтФАтФАтФАтФАтФАтФАтФАтФАтФАтФАтФАтФАтФАтФАтФАтФАтФАтФАтФАтФАтФАтФАтФАтФАтФАтФАтФАтФАтФАтФАтФАтФАтФАтФАтФАтФАтФАтФАтФАтФАтФАтФАтФАтФАтФАтФАтФАтФАтФАтФАтФАтФАтФАтФАтФАтФАтФАтФАтФАтФАтФАтФАтФАтФАтФАтФАтФАтФАтФАтФАтФАтФАтФАтФАтФАтФАтФАтФАтФАтФАтФАтФАтФАтФАтФАтФАтФАтФА[0m
00:01 +22 -16: D:/Work/psycho_app/0.0.1.x_dev/test/services/test_service_test.dart: validateResponseQuality() detects excessive neutral responses
тФМтФАтФАтФАтФАтФАтФАтФАтФАтФАтФАтФАтФАтФАтФАтФАтФАтФАтФАтФАтФАтФАтФАтФАтФАтФАтФАтФАтФАтФАтФАтФАтФАтФАтФАтФАтФАтФАтФАтФАтФАтФАтФАтФАтФАтФАтФАтФАтФАтФАтФАтФАтФАтФАтФАтФАтФАтФАтФАтФАтФАтФАтФАтФАтФАтФАтФАтФАтФАтФАтФАтФАтФАтФАтФАтФАтФАтФАтФАтФАтФАтФАтФАтФАтФАтФАтФАтФАтФАтФАтФАтФАтФАтФАтФАтФАтФАтФАтФАтФАтФАтФАтФАтФАтФАтФАтФАтФАтФАтФАтФАтФАтФАтФАтФАтФАтФАтФАтФАтФА
тФВ #0   TestService.validateResponseQuality (package:psycho_tests/services/test_service.dart:634:15)
тФВ #1   main.<anonymous closure>.<anonymous closure> (file:///D:/Work/psycho_app/0.0.1.x_dev/test/services/test_service_test.dart:369:38)
тФЬтФДтФДтФДтФДтФДтФДтФДтФДтФДтФДтФДтФДтФДтФДтФДтФДтФДтФДтФДтФДтФДтФДтФДтФДтФДтФДтФДтФДтФДтФДтФДтФДтФДтФДтФДтФДтФДтФДтФДтФДтФДтФДтФДтФДтФДтФДтФДтФДтФДтФДтФДтФДтФДтФДтФДтФДтФДтФДтФДтФДтФДтФДтФДтФДтФДтФДтФДтФДтФДтФДтФДтФДтФДтФДтФДтФДтФДтФДтФДтФДтФДтФДтФДтФДтФДтФДтФДтФДтФДтФДтФДтФДтФДтФДтФДтФДтФДтФДтФДтФДтФДтФДтФДтФДтФДтФДтФДтФДтФДтФДтФДтФДтФДтФДтФДтФДтФДтФДтФД
тФВ ЁЯРЫ Starting validation of 20 answers
тФФтФАтФАтФАтФАтФАтФАтФАтФАтФАтФАтФАтФАтФАтФАтФАтФАтФАтФАтФАтФАтФАтФАтФАтФАтФАтФАтФАтФАтФАтФАтФАтФАтФАтФАтФАтФАтФАтФАтФАтФАтФАтФАтФАтФАтФАтФАтФАтФАтФАтФАтФАтФАтФАтФАтФАтФАтФАтФАтФАтФАтФАтФАтФАтФАтФАтФАтФАтФАтФАтФАтФАтФАтФАтФАтФАтФАтФАтФАтФАтФАтФАтФАтФАтФАтФАтФАтФАтФАтФАтФАтФАтФАтФАтФАтФАтФАтФАтФАтФАтФАтФАтФАтФАтФАтФАтФАтФАтФАтФАтФАтФАтФАтФАтФАтФАтФАтФАтФАтФА
тФМтФАтФАтФАтФАтФАтФАтФАтФАтФАтФАтФАтФАтФАтФАтФАтФАтФАтФАтФАтФАтФАтФАтФАтФАтФАтФАтФАтФАтФАтФАтФАтФАтФАтФАтФАтФАтФАтФАтФАтФАтФАтФАтФАтФАтФАтФАтФАтФАтФАтФАтФАтФАтФАтФАтФАтФАтФАтФАтФАтФАтФАтФАтФАтФАтФАтФАтФАтФАтФАтФАтФАтФАтФАтФАтФАтФАтФАтФАтФАтФАтФАтФАтФАтФАтФАтФАтФАтФАтФАтФАтФАтФАтФАтФАтФАтФАтФАтФАтФАтФАтФАтФАтФАтФАтФАтФАтФАтФАтФАтФАтФАтФАтФАтФАтФАтФАтФАтФАтФА
тФВ #0   TestService.validateResponseQuality (package:psycho_tests/services/test_service.dart:647:15)
тФВ #1   main.<anonymous closure>.<anonymous closure> (file:///D:/Work/psycho_app/0.0.1.x_dev/test/services/test_service_test.dart:369:38)
тФЬтФДтФДтФДтФДтФДтФДтФДтФДтФДтФДтФДтФДтФДтФДтФДтФДтФДтФДтФДтФДтФДтФДтФДтФДтФДтФДтФДтФДтФДтФДтФДтФДтФДтФДтФДтФДтФДтФДтФДтФДтФДтФДтФДтФДтФДтФДтФДтФДтФДтФДтФДтФДтФДтФДтФДтФДтФДтФДтФДтФДтФДтФДтФДтФДтФДтФДтФДтФДтФДтФДтФДтФДтФДтФДтФДтФДтФДтФДтФДтФДтФДтФДтФДтФДтФДтФДтФДтФДтФДтФДтФДтФДтФДтФДтФДтФДтФДтФДтФДтФДтФДтФДтФДтФДтФДтФДтФДтФДтФДтФДтФДтФДтФДтФДтФДтФДтФДтФДтФД
тФВ ЁЯРЫ Answer mean: 3.00
тФФтФАтФАтФАтФАтФАтФАтФАтФАтФАтФАтФАтФАтФАтФАтФАтФАтФАтФАтФАтФАтФАтФАтФАтФАтФАтФАтФАтФАтФАтФАтФАтФАтФАтФАтФАтФАтФАтФАтФАтФАтФАтФАтФАтФАтФАтФАтФАтФАтФАтФАтФАтФАтФАтФАтФАтФАтФАтФАтФАтФАтФАтФАтФАтФАтФАтФАтФАтФАтФАтФАтФАтФАтФАтФАтФАтФАтФАтФАтФАтФАтФАтФАтФАтФАтФАтФАтФАтФАтФАтФАтФАтФАтФАтФАтФАтФАтФАтФАтФАтФАтФАтФАтФАтФАтФАтФАтФАтФАтФАтФАтФАтФАтФАтФАтФАтФАтФАтФАтФА
тФМтФАтФАтФАтФАтФАтФАтФАтФАтФАтФАтФАтФАтФАтФАтФАтФАтФАтФАтФАтФАтФАтФАтФАтФАтФАтФАтФАтФАтФАтФАтФАтФАтФАтФАтФАтФАтФАтФАтФАтФАтФАтФАтФАтФАтФАтФАтФАтФАтФАтФАтФАтФАтФАтФАтФАтФАтФАтФАтФАтФАтФАтФАтФАтФАтФАтФАтФАтФАтФАтФАтФАтФАтФАтФАтФАтФАтФАтФАтФАтФАтФАтФАтФАтФАтФАтФАтФАтФАтФАтФАтФАтФАтФАтФАтФАтФАтФАтФАтФАтФАтФАтФАтФАтФАтФАтФАтФАтФАтФАтФАтФАтФАтФАтФАтФАтФАтФАтФАтФА
тФВ #0   TestService.validateResponseQuality (package:psycho_tests/services/test_service.dart:648:15)
тФВ #1   main.<anonymous closure>.<anonymous closure> (file:///D:/Work/psycho_app/0.0.1.x_dev/test/services/test_service_test.dart:369:38)
тФЬтФДтФДтФДтФДтФДтФДтФДтФДтФДтФДтФДтФДтФДтФДтФДтФДтФДтФДтФДтФДтФДтФДтФДтФДтФДтФДтФДтФДтФДтФДтФДтФДтФДтФДтФДтФДтФДтФДтФДтФДтФДтФДтФДтФДтФДтФДтФДтФДтФДтФДтФДтФДтФДтФДтФДтФДтФДтФДтФДтФДтФДтФДтФДтФДтФДтФДтФДтФДтФДтФДтФДтФДтФДтФДтФДтФДтФДтФДтФДтФДтФДтФДтФДтФДтФДтФДтФДтФДтФДтФДтФДтФДтФДтФДтФДтФДтФДтФДтФДтФДтФДтФДтФДтФДтФДтФДтФДтФДтФДтФДтФДтФДтФДтФДтФДтФДтФДтФДтФД
тФВ ЁЯРЫ Standard deviation: 0.00
тФФтФАтФАтФАтФАтФАтФАтФАтФАтФАтФАтФАтФАтФАтФАтФАтФАтФАтФАтФАтФАтФАтФАтФАтФАтФАтФАтФАтФАтФАтФАтФАтФАтФАтФАтФАтФАтФАтФАтФАтФАтФАтФАтФАтФАтФАтФАтФАтФАтФАтФАтФАтФАтФАтФАтФАтФАтФАтФАтФАтФАтФАтФАтФАтФАтФАтФАтФАтФАтФАтФАтФАтФАтФАтФАтФАтФАтФАтФАтФАтФАтФАтФАтФАтФАтФАтФАтФАтФАтФАтФАтФАтФАтФАтФАтФАтФАтФАтФАтФАтФАтФАтФАтФАтФАтФАтФАтФАтФАтФАтФАтФАтФАтФАтФАтФАтФАтФАтФАтФА
[38;5;208mтФМтФАтФАтФАтФАтФАтФАтФАтФАтФАтФАтФАтФАтФАтФАтФАтФАтФАтФАтФАтФАтФАтФАтФАтФАтФАтФАтФАтФАтФАтФАтФАтФАтФАтФАтФАтФАтФАтФАтФАтФАтФАтФАтФАтФАтФАтФАтФАтФАтФАтФАтФАтФАтФАтФАтФАтФАтФАтФАтФАтФАтФАтФАтФАтФАтФАтФАтФАтФАтФАтФАтФАтФАтФАтФАтФАтФАтФАтФАтФАтФАтФАтФАтФАтФАтФАтФАтФАтФАтФАтФАтФАтФАтФАтФАтФАтФАтФАтФАтФАтФАтФАтФАтФАтФАтФАтФАтФАтФАтФАтФАтФАтФАтФАтФАтФАтФАтФАтФАтФА[0m
[38;5;208mтФВ #0   TestService.validateResponseQuality (package:psycho_tests/services/test_service.dart:656:17)[0m
[38;5;208mтФВ #1   main.<anonymous closure>.<anonymous closure> (file:///D:/Work/psycho_app/0.0.1.x_dev/test/services/test_service_test.dart:369:38)[0m
[38;5;208mтФЬтФДтФДтФДтФДтФДтФДтФДтФДтФДтФДтФДтФДтФДтФДтФДтФДтФДтФДтФДтФДтФДтФДтФДтФДтФДтФДтФДтФДтФДтФДтФДтФДтФДтФДтФДтФДтФДтФДтФДтФДтФДтФДтФДтФДтФДтФДтФДтФДтФДтФДтФДтФДтФДтФДтФДтФДтФДтФДтФДтФДтФДтФДтФДтФДтФДтФДтФДтФДтФДтФДтФДтФДтФДтФДтФДтФДтФДтФДтФДтФДтФДтФДтФДтФДтФДтФДтФДтФДтФДтФДтФДтФДтФДтФДтФДтФДтФДтФДтФДтФДтФДтФДтФДтФДтФДтФДтФДтФДтФДтФДтФДтФДтФДтФДтФДтФДтФДтФДтФД[0m
[38;5;208mтФВ тЪая╕П ISSUE: Very low response variance (0.00). You may not have been thoughtful.[0m
[38;5;208mтФФтФАтФАтФАтФАтФАтФАтФАтФАтФАтФАтФАтФАтФАтФАтФАтФАтФАтФАтФАтФАтФАтФАтФАтФАтФАтФАтФАтФАтФАтФАтФАтФАтФАтФАтФАтФАтФАтФАтФАтФАтФАтФАтФАтФАтФАтФАтФАтФАтФАтФАтФАтФАтФАтФАтФАтФАтФАтФАтФАтФАтФАтФАтФАтФАтФАтФАтФАтФАтФАтФАтФАтФАтФАтФАтФАтФАтФАтФАтФАтФАтФАтФАтФАтФАтФАтФАтФАтФАтФАтФАтФАтФАтФАтФАтФАтФАтФАтФАтФАтФАтФАтФАтФАтФАтФАтФАтФАтФАтФАтФАтФАтФАтФАтФАтФАтФАтФАтФАтФА[0m
тФМтФАтФАтФАтФАтФАтФАтФАтФАтФАтФАтФАтФАтФАтФАтФАтФАтФАтФАтФАтФАтФАтФАтФАтФАтФАтФАтФАтФАтФАтФАтФАтФАтФАтФАтФАтФАтФАтФАтФАтФАтФАтФАтФАтФАтФАтФАтФАтФАтФАтФАтФАтФАтФАтФАтФАтФАтФАтФАтФАтФАтФАтФАтФАтФАтФАтФАтФАтФАтФАтФАтФАтФАтФАтФАтФАтФАтФАтФАтФАтФАтФАтФАтФАтФАтФАтФАтФАтФАтФАтФАтФАтФАтФАтФАтФАтФАтФАтФАтФАтФАтФАтФАтФАтФАтФАтФАтФАтФАтФАтФАтФАтФАтФАтФАтФАтФАтФАтФАтФА
тФВ #0   TestService.validateResponseQuality (package:psycho_tests/services/test_service.dart:669:15)
тФВ #1   main.<anonymous closure>.<anonymous closure> (file:///D:/Work/psycho_app/0.0.1.x_dev/test/services/test_service_test.dart:369:38)
тФЬтФДтФДтФДтФДтФДтФДтФДтФДтФДтФДтФДтФДтФДтФДтФДтФДтФДтФДтФДтФДтФДтФДтФДтФДтФДтФДтФДтФДтФДтФДтФДтФДтФДтФДтФДтФДтФДтФДтФДтФДтФДтФДтФДтФДтФДтФДтФДтФДтФДтФДтФДтФДтФДтФДтФДтФДтФДтФДтФДтФДтФДтФДтФДтФДтФДтФДтФДтФДтФДтФДтФДтФДтФДтФДтФДтФДтФДтФДтФДтФДтФДтФДтФДтФДтФДтФДтФДтФДтФДтФДтФДтФДтФДтФДтФДтФДтФДтФДтФДтФДтФДтФДтФДтФДтФДтФДтФДтФДтФДтФДтФДтФДтФДтФДтФДтФДтФДтФДтФД
тФВ ЁЯРЫ Neutral answers: 20 of 20 (100.0%)
тФФтФАтФАтФАтФАтФАтФАтФАтФАтФАтФАтФАтФАтФАтФАтФАтФАтФАтФАтФАтФАтФАтФАтФАтФАтФАтФАтФАтФАтФАтФАтФАтФАтФАтФАтФАтФАтФАтФАтФАтФАтФАтФАтФАтФАтФАтФАтФАтФАтФАтФАтФАтФАтФАтФАтФАтФАтФАтФАтФАтФАтФАтФАтФАтФАтФАтФАтФАтФАтФАтФАтФАтФАтФАтФАтФАтФАтФАтФАтФАтФАтФАтФАтФАтФАтФАтФАтФАтФАтФАтФАтФАтФАтФАтФАтФАтФАтФАтФАтФАтФАтФАтФАтФАтФАтФАтФАтФАтФАтФАтФАтФАтФАтФАтФАтФАтФАтФАтФАтФА
[38;5;208mтФМтФАтФАтФАтФАтФАтФАтФАтФАтФАтФАтФАтФАтФАтФАтФАтФАтФАтФАтФАтФАтФАтФАтФАтФАтФАтФАтФАтФАтФАтФАтФАтФАтФАтФАтФАтФАтФАтФАтФАтФАтФАтФАтФАтФАтФАтФАтФАтФАтФАтФАтФАтФАтФАтФАтФАтФАтФАтФАтФАтФАтФАтФАтФАтФАтФАтФАтФАтФАтФАтФАтФАтФАтФАтФАтФАтФАтФАтФАтФАтФАтФАтФАтФАтФАтФАтФАтФАтФАтФАтФАтФАтФАтФАтФАтФАтФАтФАтФАтФАтФАтФАтФАтФАтФАтФАтФАтФАтФАтФАтФАтФАтФАтФАтФАтФАтФАтФАтФАтФА[0m
[38;5;208mтФВ #0   TestService.validateResponseQuality (package:psycho_tests/services/test_service.dart:678:17)[0m
[38;5;208mтФВ #1   main.<anonymous closure>.<anonymous closure> (file:///D:/Work/psycho_app/0.0.1.x_dev/test/services/test_service_test.dart:369:38)[0m
[38;5;208mтФЬтФДтФДтФДтФДтФДтФДтФДтФДтФДтФДтФДтФДтФДтФДтФДтФДтФДтФДтФДтФДтФДтФДтФДтФДтФДтФДтФДтФДтФДтФДтФДтФДтФДтФДтФДтФДтФДтФДтФДтФДтФДтФДтФДтФДтФДтФДтФДтФДтФДтФДтФДтФДтФДтФДтФДтФДтФДтФДтФДтФДтФДтФДтФДтФДтФДтФДтФДтФДтФДтФДтФДтФДтФДтФДтФДтФДтФДтФДтФДтФДтФДтФДтФДтФДтФДтФДтФДтФДтФДтФДтФДтФДтФДтФДтФДтФДтФДтФДтФДтФДтФДтФДтФДтФДтФДтФДтФДтФДтФДтФДтФДтФДтФДтФДтФДтФДтФДтФДтФД[0m
[38;5;208mтФВ тЪая╕П ISSUE: Too many neutral answers (100%). Try to be more decisive.[0m
[38;5;208mтФФтФАтФАтФАтФАтФАтФАтФАтФАтФАтФАтФАтФАтФАтФАтФАтФАтФАтФАтФАтФАтФАтФАтФАтФАтФАтФАтФАтФАтФАтФАтФАтФАтФАтФАтФАтФАтФАтФАтФАтФАтФАтФАтФАтФАтФАтФАтФАтФАтФАтФАтФАтФАтФАтФАтФАтФАтФАтФАтФАтФАтФАтФАтФАтФАтФАтФАтФАтФАтФАтФАтФАтФАтФАтФАтФАтФАтФАтФАтФАтФАтФАтФАтФАтФАтФАтФАтФАтФАтФАтФАтФАтФАтФАтФАтФАтФАтФАтФАтФАтФАтФАтФАтФАтФАтФАтФАтФАтФАтФАтФАтФАтФАтФАтФАтФАтФАтФАтФАтФА[0m
тФМтФАтФАтФАтФАтФАтФАтФАтФАтФАтФАтФАтФАтФАтФАтФАтФАтФАтФАтФАтФАтФАтФАтФАтФАтФАтФАтФАтФАтФАтФАтФАтФАтФАтФАтФАтФАтФАтФАтФАтФАтФАтФАтФАтФАтФАтФАтФАтФАтФАтФАтФАтФАтФАтФАтФАтФАтФАтФАтФАтФАтФАтФАтФАтФАтФАтФАтФАтФАтФАтФАтФАтФАтФАтФАтФАтФАтФАтФАтФАтФАтФАтФАтФАтФАтФАтФАтФАтФАтФАтФАтФАтФАтФАтФАтФАтФАтФАтФАтФАтФАтФАтФАтФАтФАтФАтФАтФАтФАтФАтФАтФАтФАтФАтФАтФАтФАтФАтФАтФА
тФВ #0   TestService.validateResponseQuality (package:psycho_tests/services/test_service.dart:691:15)
тФВ #1   main.<anonymous closure>.<anonymous closure> (file:///D:/Work/psycho_app/0.0.1.x_dev/test/services/test_service_test.dart:369:38)
тФЬтФДтФДтФДтФДтФДтФДтФДтФДтФДтФДтФДтФДтФДтФДтФДтФДтФДтФДтФДтФДтФДтФДтФДтФДтФДтФДтФДтФДтФДтФДтФДтФДтФДтФДтФДтФДтФДтФДтФДтФДтФДтФДтФДтФДтФДтФДтФДтФДтФДтФДтФДтФДтФДтФДтФДтФДтФДтФДтФДтФДтФДтФДтФДтФДтФДтФДтФДтФДтФДтФДтФДтФДтФДтФДтФДтФДтФДтФДтФДтФДтФДтФДтФДтФДтФДтФДтФДтФДтФДтФДтФДтФДтФДтФДтФДтФДтФДтФДтФДтФДтФДтФДтФДтФДтФДтФДтФДтФДтФДтФДтФДтФДтФДтФДтФДтФДтФДтФДтФД
тФВ ЁЯРЫ Extreme answers: 0 of 20 (0.0%)
тФФтФАтФАтФАтФАтФАтФАтФАтФАтФАтФАтФАтФАтФАтФАтФАтФАтФАтФАтФАтФАтФАтФАтФАтФАтФАтФАтФАтФАтФАтФАтФАтФАтФАтФАтФАтФАтФАтФАтФАтФАтФАтФАтФАтФАтФАтФАтФАтФАтФАтФАтФАтФАтФАтФАтФАтФАтФАтФАтФАтФАтФАтФАтФАтФАтФАтФАтФАтФАтФАтФАтФАтФАтФАтФАтФАтФАтФАтФАтФАтФАтФАтФАтФАтФАтФАтФАтФАтФАтФАтФАтФАтФАтФАтФАтФАтФАтФАтФАтФАтФАтФАтФАтФАтФАтФАтФАтФАтФАтФАтФАтФАтФАтФАтФАтФАтФАтФАтФАтФА
тФМтФАтФАтФАтФАтФАтФАтФАтФАтФАтФАтФАтФАтФАтФАтФАтФАтФАтФАтФАтФАтФАтФАтФАтФАтФАтФАтФАтФАтФАтФАтФАтФАтФАтФАтФАтФАтФАтФАтФАтФАтФАтФАтФАтФАтФАтФАтФАтФАтФАтФАтФАтФАтФАтФАтФАтФАтФАтФАтФАтФАтФАтФАтФАтФАтФАтФАтФАтФАтФАтФАтФАтФАтФАтФАтФАтФАтФАтФАтФАтФАтФАтФАтФАтФАтФАтФАтФАтФАтФАтФАтФАтФАтФАтФАтФАтФАтФАтФАтФАтФАтФАтФАтФАтФАтФАтФАтФАтФАтФАтФАтФАтФАтФАтФАтФАтФАтФАтФАтФА
тФВ #0   TestService.validateResponseQuality (package:psycho_tests/services/test_service.dart:751:15)
тФВ #1   main.<anonymous closure>.<anonymous closure> (file:///D:/Work/psycho_app/0.0.1.x_dev/test/services/test_service_test.dart:369:38)
тФЬтФДтФДтФДтФДтФДтФДтФДтФДтФДтФДтФДтФДтФДтФДтФДтФДтФДтФДтФДтФДтФДтФДтФДтФДтФДтФДтФДтФДтФДтФДтФДтФДтФДтФДтФДтФДтФДтФДтФДтФДтФДтФДтФДтФДтФДтФДтФДтФДтФДтФДтФДтФДтФДтФДтФДтФДтФДтФДтФДтФДтФДтФДтФДтФДтФДтФДтФДтФДтФДтФДтФДтФДтФДтФДтФДтФДтФДтФДтФДтФДтФДтФДтФДтФДтФДтФДтФДтФДтФДтФДтФДтФДтФДтФДтФДтФДтФДтФДтФДтФДтФДтФДтФДтФДтФДтФДтФДтФДтФДтФДтФДтФДтФДтФДтФДтФДтФДтФДтФД
тФВ ЁЯРЫ Consistency score: 0.0%
тФФтФАтФАтФАтФАтФАтФАтФАтФАтФАтФАтФАтФАтФАтФАтФАтФАтФАтФАтФАтФАтФАтФАтФАтФАтФАтФАтФАтФАтФАтФАтФАтФАтФАтФАтФАтФАтФАтФАтФАтФАтФАтФАтФАтФАтФАтФАтФАтФАтФАтФАтФАтФАтФАтФАтФАтФАтФАтФАтФАтФАтФАтФАтФАтФАтФАтФАтФАтФАтФАтФАтФАтФАтФАтФАтФАтФАтФАтФАтФАтФАтФАтФАтФАтФАтФАтФАтФАтФАтФАтФАтФАтФАтФАтФАтФАтФАтФАтФАтФАтФАтФАтФАтФАтФАтФАтФАтФАтФАтФАтФАтФАтФАтФАтФАтФАтФАтФАтФАтФА
[38;5;208mтФМтФАтФАтФАтФАтФАтФАтФАтФАтФАтФАтФАтФАтФАтФАтФАтФАтФАтФАтФАтФАтФАтФАтФАтФАтФАтФАтФАтФАтФАтФАтФАтФАтФАтФАтФАтФАтФАтФАтФАтФАтФАтФАтФАтФАтФАтФАтФАтФАтФАтФАтФАтФАтФАтФАтФАтФАтФАтФАтФАтФАтФАтФАтФАтФАтФАтФАтФАтФАтФАтФАтФАтФАтФАтФАтФАтФАтФАтФАтФАтФАтФАтФАтФАтФАтФАтФАтФАтФАтФАтФАтФАтФАтФАтФАтФАтФАтФАтФАтФАтФАтФАтФАтФАтФАтФАтФАтФАтФАтФАтФАтФАтФАтФАтФАтФАтФАтФАтФАтФА[0m
[38;5;208mтФВ #0   TestService.validateResponseQuality (package:psycho_tests/services/test_service.dart:760:17)[0m
[38;5;208mтФВ #1   main.<anonymous closure>.<anonymous closure> (file:///D:/Work/psycho_app/0.0.1.x_dev/test/services/test_service_test.dart:369:38)[0m
[38;5;208mтФЬтФДтФДтФДтФДтФДтФДтФДтФДтФДтФДтФДтФДтФДтФДтФДтФДтФДтФДтФДтФДтФДтФДтФДтФДтФДтФДтФДтФДтФДтФДтФДтФДтФДтФДтФДтФДтФДтФДтФДтФДтФДтФДтФДтФДтФДтФДтФДтФДтФДтФДтФДтФДтФДтФДтФДтФДтФДтФДтФДтФДтФДтФДтФДтФДтФДтФДтФДтФДтФДтФДтФДтФДтФДтФДтФДтФДтФДтФДтФДтФДтФДтФДтФДтФДтФДтФДтФДтФДтФДтФДтФДтФДтФДтФДтФДтФДтФДтФДтФДтФДтФДтФДтФДтФДтФДтФДтФДтФДтФДтФДтФДтФДтФДтФДтФДтФДтФДтФДтФД[0m
[38;5;208mтФВ тЪая╕П ISSUE: Very low answer consistency (0%). You may have answered randomly.[0m
[38;5;208mтФФтФАтФАтФАтФАтФАтФАтФАтФАтФАтФАтФАтФАтФАтФАтФАтФАтФАтФАтФАтФАтФАтФАтФАтФАтФАтФАтФАтФАтФАтФАтФАтФАтФАтФАтФАтФАтФАтФАтФАтФАтФАтФАтФАтФАтФАтФАтФАтФАтФАтФАтФАтФАтФАтФАтФАтФАтФАтФАтФАтФАтФАтФАтФАтФАтФАтФАтФАтФАтФАтФАтФАтФАтФАтФАтФАтФАтФАтФАтФАтФАтФАтФАтФАтФАтФАтФАтФАтФАтФАтФАтФАтФАтФАтФАтФАтФАтФАтФАтФАтФАтФАтФАтФАтФАтФАтФАтФАтФАтФАтФАтФАтФАтФАтФАтФАтФАтФАтФАтФА[0m
[38;5;208mтФМтФАтФАтФАтФАтФАтФАтФАтФАтФАтФАтФАтФАтФАтФАтФАтФАтФАтФАтФАтФАтФАтФАтФАтФАтФАтФАтФАтФАтФАтФАтФАтФАтФАтФАтФАтФАтФАтФАтФАтФАтФАтФАтФАтФАтФАтФАтФАтФАтФАтФАтФАтФАтФАтФАтФАтФАтФАтФАтФАтФАтФАтФАтФАтФАтФАтФАтФАтФАтФАтФАтФАтФАтФАтФАтФАтФАтФАтФАтФАтФАтФАтФАтФАтФАтФАтФАтФАтФАтФАтФАтФАтФАтФАтФАтФАтФАтФАтФАтФАтФАтФАтФАтФАтФАтФАтФАтФАтФАтФАтФАтФАтФАтФАтФАтФАтФАтФАтФАтФА[0m
[38;5;208mтФВ #0   TestService.validateResponseQuality (package:psycho_tests/services/test_service.dart:780:17)[0m
[38;5;208mтФВ #1   main.<anonymous closure>.<anonymous closure> (file:///D:/Work/psycho_app/0.0.1.x_dev/test/services/test_service_test.dart:369:38)[0m
[38;5;208mтФЬтФДтФДтФДтФДтФДтФДтФДтФДтФДтФДтФДтФДтФДтФДтФДтФДтФДтФДтФДтФДтФДтФДтФДтФДтФДтФДтФДтФДтФДтФДтФДтФДтФДтФДтФДтФДтФДтФДтФДтФДтФДтФДтФДтФДтФДтФДтФДтФДтФДтФДтФДтФДтФДтФДтФДтФДтФДтФДтФДтФДтФДтФДтФДтФДтФДтФДтФДтФДтФДтФДтФДтФДтФДтФДтФДтФДтФДтФДтФДтФДтФДтФДтФДтФДтФДтФДтФДтФДтФДтФДтФДтФДтФДтФДтФДтФДтФДтФДтФДтФДтФДтФДтФДтФДтФДтФДтФДтФДтФДтФДтФДтФДтФДтФДтФДтФДтФДтФДтФД[0m
[38;5;208mтФВ тЪая╕П OVERALL QUALITY: CRITICAL[0m
[38;5;208mтФФтФАтФАтФАтФАтФАтФАтФАтФАтФАтФАтФАтФАтФАтФАтФАтФАтФАтФАтФАтФАтФАтФАтФАтФАтФАтФАтФАтФАтФАтФАтФАтФАтФАтФАтФАтФАтФАтФАтФАтФАтФАтФАтФАтФАтФАтФАтФАтФАтФАтФАтФАтФАтФАтФАтФАтФАтФАтФАтФАтФАтФАтФАтФАтФАтФАтФАтФАтФАтФАтФАтФАтФАтФАтФАтФАтФАтФАтФАтФАтФАтФАтФАтФАтФАтФАтФАтФАтФАтФАтФАтФАтФАтФАтФАтФАтФАтФАтФАтФАтФАтФАтФАтФАтФАтФАтФАтФАтФАтФАтФАтФАтФАтФАтФАтФАтФАтФАтФАтФА[0m
00:01 +23 -16: D:/Work/psycho_app/0.0.1.x_dev/test/services/test_service_test.dart: validateResponseQuality() detects excessive extreme responses
тФМтФАтФАтФАтФАтФАтФАтФАтФАтФАтФАтФАтФАтФАтФАтФАтФАтФАтФАтФАтФАтФАтФАтФАтФАтФАтФАтФАтФАтФАтФАтФАтФАтФАтФАтФАтФАтФАтФАтФАтФАтФАтФАтФАтФАтФАтФАтФАтФАтФАтФАтФАтФАтФАтФАтФАтФАтФАтФАтФАтФАтФАтФАтФАтФАтФАтФАтФАтФАтФАтФАтФАтФАтФАтФАтФАтФАтФАтФАтФАтФАтФАтФАтФАтФАтФАтФАтФАтФАтФАтФАтФАтФАтФАтФАтФАтФАтФАтФАтФАтФАтФАтФАтФАтФАтФАтФАтФАтФАтФАтФАтФАтФАтФАтФАтФАтФАтФАтФАтФА
тФВ #0   TestService.validateResponseQuality (package:psycho_tests/services/test_service.dart:634:15)
тФВ #1   main.<anonymous closure>.<anonymous closure> (file:///D:/Work/psycho_app/0.0.1.x_dev/test/services/test_service_test.dart:386:38)
тФЬтФДтФДтФДтФДтФДтФДтФДтФДтФДтФДтФДтФДтФДтФДтФДтФДтФДтФДтФДтФДтФДтФДтФДтФДтФДтФДтФДтФДтФДтФДтФДтФДтФДтФДтФДтФДтФДтФДтФДтФДтФДтФДтФДтФДтФДтФДтФДтФДтФДтФДтФДтФДтФДтФДтФДтФДтФДтФДтФДтФДтФДтФДтФДтФДтФДтФДтФДтФДтФДтФДтФДтФДтФДтФДтФДтФДтФДтФДтФДтФДтФДтФДтФДтФДтФДтФДтФДтФДтФДтФДтФДтФДтФДтФДтФДтФДтФДтФДтФДтФДтФДтФДтФДтФДтФДтФДтФДтФДтФДтФДтФДтФДтФДтФДтФДтФДтФДтФДтФД
тФВ ЁЯРЫ Starting validation of 20 answers
тФФтФАтФАтФАтФАтФАтФАтФАтФАтФАтФАтФАтФАтФАтФАтФАтФАтФАтФАтФАтФАтФАтФАтФАтФАтФАтФАтФАтФАтФАтФАтФАтФАтФАтФАтФАтФАтФАтФАтФАтФАтФАтФАтФАтФАтФАтФАтФАтФАтФАтФАтФАтФАтФАтФАтФАтФАтФАтФАтФАтФАтФАтФАтФАтФАтФАтФАтФАтФАтФАтФАтФАтФАтФАтФАтФАтФАтФАтФАтФАтФАтФАтФАтФАтФАтФАтФАтФАтФАтФАтФАтФАтФАтФАтФАтФАтФАтФАтФАтФАтФАтФАтФАтФАтФАтФАтФАтФАтФАтФАтФАтФАтФАтФАтФАтФАтФАтФАтФАтФА
тФМтФАтФАтФАтФАтФАтФАтФАтФАтФАтФАтФАтФАтФАтФАтФАтФАтФАтФАтФАтФАтФАтФАтФАтФАтФАтФАтФАтФАтФАтФАтФАтФАтФАтФАтФАтФАтФАтФАтФАтФАтФАтФАтФАтФАтФАтФАтФАтФАтФАтФАтФАтФАтФАтФАтФАтФАтФАтФАтФАтФАтФАтФАтФАтФАтФАтФАтФАтФАтФАтФАтФАтФАтФАтФАтФАтФАтФАтФАтФАтФАтФАтФАтФАтФАтФАтФАтФАтФАтФАтФАтФАтФАтФАтФАтФАтФАтФАтФАтФАтФАтФАтФАтФАтФАтФАтФАтФАтФАтФАтФАтФАтФАтФАтФАтФАтФАтФАтФАтФА
тФВ #0   TestService.validateResponseQuality (package:psycho_tests/services/test_service.dart:647:15)
тФВ #1   main.<anonymous closure>.<anonymous closure> (file:///D:/Work/psycho_app/0.0.1.x_dev/test/services/test_service_test.dart:386:38)
тФЬтФДтФДтФДтФДтФДтФДтФДтФДтФДтФДтФДтФДтФДтФДтФДтФДтФДтФДтФДтФДтФДтФДтФДтФДтФДтФДтФДтФДтФДтФДтФДтФДтФДтФДтФДтФДтФДтФДтФДтФДтФДтФДтФДтФДтФДтФДтФДтФДтФДтФДтФДтФДтФДтФДтФДтФДтФДтФДтФДтФДтФДтФДтФДтФДтФДтФДтФДтФДтФДтФДтФДтФДтФДтФДтФДтФДтФДтФДтФДтФДтФДтФДтФДтФДтФДтФДтФДтФДтФДтФДтФДтФДтФДтФДтФДтФДтФДтФДтФДтФДтФДтФДтФДтФДтФДтФДтФДтФДтФДтФДтФДтФДтФДтФДтФДтФДтФДтФДтФД
тФВ ЁЯРЫ Answer mean: 3.00
тФФтФАтФАтФАтФАтФАтФАтФАтФАтФАтФАтФАтФАтФАтФАтФАтФАтФАтФАтФАтФАтФАтФАтФАтФАтФАтФАтФАтФАтФАтФАтФАтФАтФАтФАтФАтФАтФАтФАтФАтФАтФАтФАтФАтФАтФАтФАтФАтФАтФАтФАтФАтФАтФАтФАтФАтФАтФАтФАтФАтФАтФАтФАтФАтФАтФАтФАтФАтФАтФАтФАтФАтФАтФАтФАтФАтФАтФАтФАтФАтФАтФАтФАтФАтФАтФАтФАтФАтФАтФАтФАтФАтФАтФАтФАтФАтФАтФАтФАтФАтФАтФАтФАтФАтФАтФАтФАтФАтФАтФАтФАтФАтФАтФАтФАтФАтФАтФАтФАтФА
тФМтФАтФАтФАтФАтФАтФАтФАтФАтФАтФАтФАтФАтФАтФАтФАтФАтФАтФАтФАтФАтФАтФАтФАтФАтФАтФАтФАтФАтФАтФАтФАтФАтФАтФАтФАтФАтФАтФАтФАтФАтФАтФАтФАтФАтФАтФАтФАтФАтФАтФАтФАтФАтФАтФАтФАтФАтФАтФАтФАтФАтФАтФАтФАтФАтФАтФАтФАтФАтФАтФАтФАтФАтФАтФАтФАтФАтФАтФАтФАтФАтФАтФАтФАтФАтФАтФАтФАтФАтФАтФАтФАтФАтФАтФАтФАтФАтФАтФАтФАтФАтФАтФАтФАтФАтФАтФАтФАтФАтФАтФАтФАтФАтФАтФАтФАтФАтФАтФАтФА
тФВ #0   TestService.validateResponseQuality (package:psycho_tests/services/test_service.dart:648:15)
тФВ #1   main.<anonymous closure>.<anonymous closure> (file:///D:/Work/psycho_app/0.0.1.x_dev/test/services/test_service_test.dart:386:38)
тФЬтФДтФДтФДтФДтФДтФДтФДтФДтФДтФДтФДтФДтФДтФДтФДтФДтФДтФДтФДтФДтФДтФДтФДтФДтФДтФДтФДтФДтФДтФДтФДтФДтФДтФДтФДтФДтФДтФДтФДтФДтФДтФДтФДтФДтФДтФДтФДтФДтФДтФДтФДтФДтФДтФДтФДтФДтФДтФДтФДтФДтФДтФДтФДтФДтФДтФДтФДтФДтФДтФДтФДтФДтФДтФДтФДтФДтФДтФДтФДтФДтФДтФДтФДтФДтФДтФДтФДтФДтФДтФДтФДтФДтФДтФДтФДтФДтФДтФДтФДтФДтФДтФДтФДтФДтФДтФДтФДтФДтФДтФДтФДтФДтФДтФДтФДтФДтФДтФДтФД
тФВ ЁЯРЫ Standard deviation: 2.00
тФФтФАтФАтФАтФАтФАтФАтФАтФАтФАтФАтФАтФАтФАтФАтФАтФАтФАтФАтФАтФАтФАтФАтФАтФАтФАтФАтФАтФАтФАтФАтФАтФАтФАтФАтФАтФАтФАтФАтФАтФАтФАтФАтФАтФАтФАтФАтФАтФАтФАтФАтФАтФАтФАтФАтФАтФАтФАтФАтФАтФАтФАтФАтФАтФАтФАтФАтФАтФАтФАтФАтФАтФАтФАтФАтФАтФАтФАтФАтФАтФАтФАтФАтФАтФАтФАтФАтФАтФАтФАтФАтФАтФАтФАтФАтФАтФАтФАтФАтФАтФАтФАтФАтФАтФАтФАтФАтФАтФАтФАтФАтФАтФАтФАтФАтФАтФАтФАтФАтФА
тФМтФАтФАтФАтФАтФАтФАтФАтФАтФАтФАтФАтФАтФАтФАтФАтФАтФАтФАтФАтФАтФАтФАтФАтФАтФАтФАтФАтФАтФАтФАтФАтФАтФАтФАтФАтФАтФАтФАтФАтФАтФАтФАтФАтФАтФАтФАтФАтФАтФАтФАтФАтФАтФАтФАтФАтФАтФАтФАтФАтФАтФАтФАтФАтФАтФАтФАтФАтФАтФАтФАтФАтФАтФАтФАтФАтФАтФАтФАтФАтФАтФАтФАтФАтФАтФАтФАтФАтФАтФАтФАтФАтФАтФАтФАтФАтФАтФАтФАтФАтФАтФАтФАтФАтФАтФАтФАтФАтФАтФАтФАтФАтФАтФАтФАтФАтФАтФАтФАтФА
тФВ #0   TestService.validateResponseQuality (package:psycho_tests/services/test_service.dart:669:15)
тФВ #1   main.<anonymous closure>.<anonymous closure> (file:///D:/Work/psycho_app/0.0.1.x_dev/test/services/test_service_test.dart:386:38)
тФЬтФДтФДтФДтФДтФДтФДтФДтФДтФДтФДтФДтФДтФДтФДтФДтФДтФДтФДтФДтФДтФДтФДтФДтФДтФДтФДтФДтФДтФДтФДтФДтФДтФДтФДтФДтФДтФДтФДтФДтФДтФДтФДтФДтФДтФДтФДтФДтФДтФДтФДтФДтФДтФДтФДтФДтФДтФДтФДтФДтФДтФДтФДтФДтФДтФДтФДтФДтФДтФДтФДтФДтФДтФДтФДтФДтФДтФДтФДтФДтФДтФДтФДтФДтФДтФДтФДтФДтФДтФДтФДтФДтФДтФДтФДтФДтФДтФДтФДтФДтФДтФДтФДтФДтФДтФДтФДтФДтФДтФДтФДтФДтФДтФДтФДтФДтФДтФДтФДтФД
тФВ ЁЯРЫ Neutral answers: 0 of 20 (0.0%)
тФФтФАтФАтФАтФАтФАтФАтФАтФАтФАтФАтФАтФАтФАтФАтФАтФАтФАтФАтФАтФАтФАтФАтФАтФАтФАтФАтФАтФАтФАтФАтФАтФАтФАтФАтФАтФАтФАтФАтФАтФАтФАтФАтФАтФАтФАтФАтФАтФАтФАтФАтФАтФАтФАтФАтФАтФАтФАтФАтФАтФАтФАтФАтФАтФАтФАтФАтФАтФАтФАтФАтФАтФАтФАтФАтФАтФАтФАтФАтФАтФАтФАтФАтФАтФАтФАтФАтФАтФАтФАтФАтФАтФАтФАтФАтФАтФАтФАтФАтФАтФАтФАтФАтФАтФАтФАтФАтФАтФАтФАтФАтФАтФАтФАтФАтФАтФАтФАтФАтФА
тФМтФАтФАтФАтФАтФАтФАтФАтФАтФАтФАтФАтФАтФАтФАтФАтФАтФАтФАтФАтФАтФАтФАтФАтФАтФАтФАтФАтФАтФАтФАтФАтФАтФАтФАтФАтФАтФАтФАтФАтФАтФАтФАтФАтФАтФАтФАтФАтФАтФАтФАтФАтФАтФАтФАтФАтФАтФАтФАтФАтФАтФАтФАтФАтФАтФАтФАтФАтФАтФАтФАтФАтФАтФАтФАтФАтФАтФАтФАтФАтФАтФАтФАтФАтФАтФАтФАтФАтФАтФАтФАтФАтФАтФАтФАтФАтФАтФАтФАтФАтФАтФАтФАтФАтФАтФАтФАтФАтФАтФАтФАтФАтФАтФАтФАтФАтФАтФАтФАтФА
тФВ #0   TestService.validateResponseQuality (package:psycho_tests/services/test_service.dart:691:15)
тФВ #1   main.<anonymous closure>.<anonymous closure> (file:///D:/Work/psycho_app/0.0.1.x_dev/test/services/test_service_test.dart:386:38)
тФЬтФДтФДтФДтФДтФДтФДтФДтФДтФДтФДтФДтФДтФДтФДтФДтФДтФДтФДтФДтФДтФДтФДтФДтФДтФДтФДтФДтФДтФДтФДтФДтФДтФДтФДтФДтФДтФДтФДтФДтФДтФДтФДтФДтФДтФДтФДтФДтФДтФДтФДтФДтФДтФДтФДтФДтФДтФДтФДтФДтФДтФДтФДтФДтФДтФДтФДтФДтФДтФДтФДтФДтФДтФДтФДтФДтФДтФДтФДтФДтФДтФДтФДтФДтФДтФДтФДтФДтФДтФДтФДтФДтФДтФДтФДтФДтФДтФДтФДтФДтФДтФДтФДтФДтФДтФДтФДтФДтФДтФДтФДтФДтФДтФДтФДтФДтФДтФДтФДтФД
тФВ ЁЯРЫ Extreme answers: 20 of 20 (100.0%)
тФФтФАтФАтФАтФАтФАтФАтФАтФАтФАтФАтФАтФАтФАтФАтФАтФАтФАтФАтФАтФАтФАтФАтФАтФАтФАтФАтФАтФАтФАтФАтФАтФАтФАтФАтФАтФАтФАтФАтФАтФАтФАтФАтФАтФАтФАтФАтФАтФАтФАтФАтФАтФАтФАтФАтФАтФАтФАтФАтФАтФАтФАтФАтФАтФАтФАтФАтФАтФАтФАтФАтФАтФАтФАтФАтФАтФАтФАтФАтФАтФАтФАтФАтФАтФАтФАтФАтФАтФАтФАтФАтФАтФАтФАтФАтФАтФАтФАтФАтФАтФАтФАтФАтФАтФАтФАтФАтФАтФАтФАтФАтФАтФАтФАтФАтФАтФАтФАтФАтФА
[38;5;208mтФМтФАтФАтФАтФАтФАтФАтФАтФАтФАтФАтФАтФАтФАтФАтФАтФАтФАтФАтФАтФАтФАтФАтФАтФАтФАтФАтФАтФАтФАтФАтФАтФАтФАтФАтФАтФАтФАтФАтФАтФАтФАтФАтФАтФАтФАтФАтФАтФАтФАтФАтФАтФАтФАтФАтФАтФАтФАтФАтФАтФАтФАтФАтФАтФАтФАтФАтФАтФАтФАтФАтФАтФАтФАтФАтФАтФАтФАтФАтФАтФАтФАтФАтФАтФАтФАтФАтФАтФАтФАтФАтФАтФАтФАтФАтФАтФАтФАтФАтФАтФАтФАтФАтФАтФАтФАтФАтФАтФАтФАтФАтФАтФАтФАтФАтФАтФАтФАтФАтФА[0m
[38;5;208mтФВ #0   TestService.validateResponseQuality (package:psycho_tests/services/test_service.dart:700:17)[0m
[38;5;208mтФВ #1   main.<anonymous closure>.<anonymous closure> (file:///D:/Work/psycho_app/0.0.1.x_dev/test/services/test_service_test.dart:386:38)[0m
[38;5;208mтФЬтФДтФДтФДтФДтФДтФДтФДтФДтФДтФДтФДтФДтФДтФДтФДтФДтФДтФДтФДтФДтФДтФДтФДтФДтФДтФДтФДтФДтФДтФДтФДтФДтФДтФДтФДтФДтФДтФДтФДтФДтФДтФДтФДтФДтФДтФДтФДтФДтФДтФДтФДтФДтФДтФДтФДтФДтФДтФДтФДтФДтФДтФДтФДтФДтФДтФДтФДтФДтФДтФДтФДтФДтФДтФДтФДтФДтФДтФДтФДтФДтФДтФДтФДтФДтФДтФДтФДтФДтФДтФДтФДтФДтФДтФДтФДтФДтФДтФДтФДтФДтФДтФДтФДтФДтФДтФДтФДтФДтФДтФДтФДтФДтФДтФДтФДтФДтФДтФДтФД[0m
[38;5;208mтФВ тЪая╕П ISSUE: Too many extreme answers (100%). Social desirability possible.[0m
[38;5;208mтФФтФАтФАтФАтФАтФАтФАтФАтФАтФАтФАтФАтФАтФАтФАтФАтФАтФАтФАтФАтФАтФАтФАтФАтФАтФАтФАтФАтФАтФАтФАтФАтФАтФАтФАтФАтФАтФАтФАтФАтФАтФАтФАтФАтФАтФАтФАтФАтФАтФАтФАтФАтФАтФАтФАтФАтФАтФАтФАтФАтФАтФАтФАтФАтФАтФАтФАтФАтФАтФАтФАтФАтФАтФАтФАтФАтФАтФАтФАтФАтФАтФАтФАтФАтФАтФАтФАтФАтФАтФАтФАтФАтФАтФАтФАтФАтФАтФАтФАтФАтФАтФАтФАтФАтФАтФАтФАтФАтФАтФАтФАтФАтФАтФАтФАтФАтФАтФАтФАтФА[0m
тФМтФАтФАтФАтФАтФАтФАтФАтФАтФАтФАтФАтФАтФАтФАтФАтФАтФАтФАтФАтФАтФАтФАтФАтФАтФАтФАтФАтФАтФАтФАтФАтФАтФАтФАтФАтФАтФАтФАтФАтФАтФАтФАтФАтФАтФАтФАтФАтФАтФАтФАтФАтФАтФАтФАтФАтФАтФАтФАтФАтФАтФАтФАтФАтФАтФАтФАтФАтФАтФАтФАтФАтФАтФАтФАтФАтФАтФАтФАтФАтФАтФАтФАтФАтФАтФАтФАтФАтФАтФАтФАтФАтФАтФАтФАтФАтФАтФАтФАтФАтФАтФАтФАтФАтФАтФАтФАтФАтФАтФАтФАтФАтФАтФАтФАтФАтФАтФАтФАтФА
тФВ #0   TestService.validateResponseQuality (package:psycho_tests/services/test_service.dart:751:15)
тФВ #1   main.<anonymous closure>.<anonymous closure> (file:///D:/Work/psycho_app/0.0.1.x_dev/test/services/test_service_test.dart:386:38)
тФЬтФДтФДтФДтФДтФДтФДтФДтФДтФДтФДтФДтФДтФДтФДтФДтФДтФДтФДтФДтФДтФДтФДтФДтФДтФДтФДтФДтФДтФДтФДтФДтФДтФДтФДтФДтФДтФДтФДтФДтФДтФДтФДтФДтФДтФДтФДтФДтФДтФДтФДтФДтФДтФДтФДтФДтФДтФДтФДтФДтФДтФДтФДтФДтФДтФДтФДтФДтФДтФДтФДтФДтФДтФДтФДтФДтФДтФДтФДтФДтФДтФДтФДтФДтФДтФДтФДтФДтФДтФДтФДтФДтФДтФДтФДтФДтФДтФДтФДтФДтФДтФДтФДтФДтФДтФДтФДтФДтФДтФДтФДтФДтФДтФДтФДтФДтФДтФДтФДтФД
тФВ ЁЯРЫ Consistency score: 0.0%
тФФтФАтФАтФАтФАтФАтФАтФАтФАтФАтФАтФАтФАтФАтФАтФАтФАтФАтФАтФАтФАтФАтФАтФАтФАтФАтФАтФАтФАтФАтФАтФАтФАтФАтФАтФАтФАтФАтФАтФАтФАтФАтФАтФАтФАтФАтФАтФАтФАтФАтФАтФАтФАтФАтФАтФАтФАтФАтФАтФАтФАтФАтФАтФАтФАтФАтФАтФАтФАтФАтФАтФАтФАтФАтФАтФАтФАтФАтФАтФАтФАтФАтФАтФАтФАтФАтФАтФАтФАтФАтФАтФАтФАтФАтФАтФАтФАтФАтФАтФАтФАтФАтФАтФАтФАтФАтФАтФАтФАтФАтФАтФАтФАтФАтФАтФАтФАтФАтФАтФА
[38;5;208mтФМтФАтФАтФАтФАтФАтФАтФАтФАтФАтФАтФАтФАтФАтФАтФАтФАтФАтФАтФАтФАтФАтФАтФАтФАтФАтФАтФАтФАтФАтФАтФАтФАтФАтФАтФАтФАтФАтФАтФАтФАтФАтФАтФАтФАтФАтФАтФАтФАтФАтФАтФАтФАтФАтФАтФАтФАтФАтФАтФАтФАтФАтФАтФАтФАтФАтФАтФАтФАтФАтФАтФАтФАтФАтФАтФАтФАтФАтФАтФАтФАтФАтФАтФАтФАтФАтФАтФАтФАтФАтФАтФАтФАтФАтФАтФАтФАтФАтФАтФАтФАтФАтФАтФАтФАтФАтФАтФАтФАтФАтФАтФАтФАтФАтФАтФАтФАтФАтФАтФА[0m
[38;5;208mтФВ #0   TestService.validateResponseQuality (package:psycho_tests/services/test_service.dart:760:17)[0m
[38;5;208mтФВ #1   main.<anonymous closure>.<anonymous closure> (file:///D:/Work/psycho_app/0.0.1.x_dev/test/services/test_service_test.dart:386:38)[0m
[38;5;208mтФЬтФДтФДтФДтФДтФДтФДтФДтФДтФДтФДтФДтФДтФДтФДтФДтФДтФДтФДтФДтФДтФДтФДтФДтФДтФДтФДтФДтФДтФДтФДтФДтФДтФДтФДтФДтФДтФДтФДтФДтФДтФДтФДтФДтФДтФДтФДтФДтФДтФДтФДтФДтФДтФДтФДтФДтФДтФДтФДтФДтФДтФДтФДтФДтФДтФДтФДтФДтФДтФДтФДтФДтФДтФДтФДтФДтФДтФДтФДтФДтФДтФДтФДтФДтФДтФДтФДтФДтФДтФДтФДтФДтФДтФДтФДтФДтФДтФДтФДтФДтФДтФДтФДтФДтФДтФДтФДтФДтФДтФДтФДтФДтФДтФДтФДтФДтФДтФДтФДтФД[0m
[38;5;208mтФВ тЪая╕П ISSUE: Very low answer consistency (0%). You may have answered randomly.[0m
[38;5;208mтФФтФАтФАтФАтФАтФАтФАтФАтФАтФАтФАтФАтФАтФАтФАтФАтФАтФАтФАтФАтФАтФАтФАтФАтФАтФАтФАтФАтФАтФАтФАтФАтФАтФАтФАтФАтФАтФАтФАтФАтФАтФАтФАтФАтФАтФАтФАтФАтФАтФАтФАтФАтФАтФАтФАтФАтФАтФАтФАтФАтФАтФАтФАтФАтФАтФАтФАтФАтФАтФАтФАтФАтФАтФАтФАтФАтФАтФАтФАтФАтФАтФАтФАтФАтФАтФАтФАтФАтФАтФАтФАтФАтФАтФАтФАтФАтФАтФАтФАтФАтФАтФАтФАтФАтФАтФАтФАтФАтФАтФАтФАтФАтФАтФАтФАтФАтФАтФАтФАтФА[0m
[38;5;208mтФМтФАтФАтФАтФАтФАтФАтФАтФАтФАтФАтФАтФАтФАтФАтФАтФАтФАтФАтФАтФАтФАтФАтФАтФАтФАтФАтФАтФАтФАтФАтФАтФАтФАтФАтФАтФАтФАтФАтФАтФАтФАтФАтФАтФАтФАтФАтФАтФАтФАтФАтФАтФАтФАтФАтФАтФАтФАтФАтФАтФАтФАтФАтФАтФАтФАтФАтФАтФАтФАтФАтФАтФАтФАтФАтФАтФАтФАтФАтФАтФАтФАтФАтФАтФАтФАтФАтФАтФАтФАтФАтФАтФАтФАтФАтФАтФАтФАтФАтФАтФАтФАтФАтФАтФАтФАтФАтФАтФАтФАтФАтФАтФАтФАтФАтФАтФАтФАтФАтФА[0m
[38;5;208mтФВ #0   TestService.validateResponseQuality (package:psycho_tests/services/test_service.dart:780:17)[0m
[38;5;208mтФВ #1   main.<anonymous closure>.<anonymous closure> (file:///D:/Work/psycho_app/0.0.1.x_dev/test/services/test_service_test.dart:386:38)[0m
[38;5;208mтФЬтФДтФДтФДтФДтФДтФДтФДтФДтФДтФДтФДтФДтФДтФДтФДтФДтФДтФДтФДтФДтФДтФДтФДтФДтФДтФДтФДтФДтФДтФДтФДтФДтФДтФДтФДтФДтФДтФДтФДтФДтФДтФДтФДтФДтФДтФДтФДтФДтФДтФДтФДтФДтФДтФДтФДтФДтФДтФДтФДтФДтФДтФДтФДтФДтФДтФДтФДтФДтФДтФДтФДтФДтФДтФДтФДтФДтФДтФДтФДтФДтФДтФДтФДтФДтФДтФДтФДтФДтФДтФДтФДтФДтФДтФДтФДтФДтФДтФДтФДтФДтФДтФДтФДтФДтФДтФДтФДтФДтФДтФДтФДтФДтФДтФДтФДтФДтФДтФДтФД[0m
[38;5;208mтФВ тЪая╕П OVERALL QUALITY: CRITICAL[0m
[38;5;208mтФФтФАтФАтФАтФАтФАтФАтФАтФАтФАтФАтФАтФАтФАтФАтФАтФАтФАтФАтФАтФАтФАтФАтФАтФАтФАтФАтФАтФАтФАтФАтФАтФАтФАтФАтФАтФАтФАтФАтФАтФАтФАтФАтФАтФАтФАтФАтФАтФАтФАтФАтФАтФАтФАтФАтФАтФАтФАтФАтФАтФАтФАтФАтФАтФАтФАтФАтФАтФАтФАтФАтФАтФАтФАтФАтФАтФАтФАтФАтФАтФАтФАтФАтФАтФАтФАтФАтФАтФАтФАтФАтФАтФАтФАтФАтФАтФАтФАтФАтФАтФАтФАтФАтФАтФАтФАтФАтФАтФАтФАтФАтФАтФАтФАтФАтФАтФАтФАтФАтФА[0m
00:01 +24 -16: D:/Work/psycho_app/0.0.1.x_dev/test/services/test_service_test.dart: validateResponseQuality() calculates consistency score correctly
тФМтФАтФАтФАтФАтФАтФАтФАтФАтФАтФАтФАтФАтФАтФАтФАтФАтФАтФАтФАтФАтФАтФАтФАтФАтФАтФАтФАтФАтФАтФАтФАтФАтФАтФАтФАтФАтФАтФАтФАтФАтФАтФАтФАтФАтФАтФАтФАтФАтФАтФАтФАтФАтФАтФАтФАтФАтФАтФАтФАтФАтФАтФАтФАтФАтФАтФАтФАтФАтФАтФАтФАтФАтФАтФАтФАтФАтФАтФАтФАтФАтФАтФАтФАтФАтФАтФАтФАтФАтФАтФАтФАтФАтФАтФАтФАтФАтФАтФАтФАтФАтФАтФАтФАтФАтФАтФАтФАтФАтФАтФАтФАтФАтФАтФАтФАтФАтФАтФАтФА
тФВ #0   TestService.validateResponseQuality (package:psycho_tests/services/test_service.dart:634:15)
тФВ #1   main.<anonymous closure>.<anonymous closure> (file:///D:/Work/psycho_app/0.0.1.x_dev/test/services/test_service_test.dart:400:38)
тФЬтФДтФДтФДтФДтФДтФДтФДтФДтФДтФДтФДтФДтФДтФДтФДтФДтФДтФДтФДтФДтФДтФДтФДтФДтФДтФДтФДтФДтФДтФДтФДтФДтФДтФДтФДтФДтФДтФДтФДтФДтФДтФДтФДтФДтФДтФДтФДтФДтФДтФДтФДтФДтФДтФДтФДтФДтФДтФДтФДтФДтФДтФДтФДтФДтФДтФДтФДтФДтФДтФДтФДтФДтФДтФДтФДтФДтФДтФДтФДтФДтФДтФДтФДтФДтФДтФДтФДтФДтФДтФДтФДтФДтФДтФДтФДтФДтФДтФДтФДтФДтФДтФДтФДтФДтФДтФДтФДтФДтФДтФДтФДтФДтФДтФДтФДтФДтФДтФДтФД
тФВ ЁЯРЫ Starting validation of 80 answers
тФФтФАтФАтФАтФАтФАтФАтФАтФАтФАтФАтФАтФАтФАтФАтФАтФАтФАтФАтФАтФАтФАтФАтФАтФАтФАтФАтФАтФАтФАтФАтФАтФАтФАтФАтФАтФАтФАтФАтФАтФАтФАтФАтФАтФАтФАтФАтФАтФАтФАтФАтФАтФАтФАтФАтФАтФАтФАтФАтФАтФАтФАтФАтФАтФАтФАтФАтФАтФАтФАтФАтФАтФАтФАтФАтФАтФАтФАтФАтФАтФАтФАтФАтФАтФАтФАтФАтФАтФАтФАтФАтФАтФАтФАтФАтФАтФАтФАтФАтФАтФАтФАтФАтФАтФАтФАтФАтФАтФАтФАтФАтФАтФАтФАтФАтФАтФАтФАтФАтФА
тФМтФАтФАтФАтФАтФАтФАтФАтФАтФАтФАтФАтФАтФАтФАтФАтФАтФАтФАтФАтФАтФАтФАтФАтФАтФАтФАтФАтФАтФАтФАтФАтФАтФАтФАтФАтФАтФАтФАтФАтФАтФАтФАтФАтФАтФАтФАтФАтФАтФАтФАтФАтФАтФАтФАтФАтФАтФАтФАтФАтФАтФАтФАтФАтФАтФАтФАтФАтФАтФАтФАтФАтФАтФАтФАтФАтФАтФАтФАтФАтФАтФАтФАтФАтФАтФАтФАтФАтФАтФАтФАтФАтФАтФАтФАтФАтФАтФАтФАтФАтФАтФАтФАтФАтФАтФАтФАтФАтФАтФАтФАтФАтФАтФАтФАтФАтФАтФАтФАтФА
тФВ #0   TestService.validateResponseQuality (package:psycho_tests/services/test_service.dart:647:15)
тФВ #1   main.<anonymous closure>.<anonymous closure> (file:///D:/Work/psycho_app/0.0.1.x_dev/test/services/test_service_test.dart:400:38)
тФЬтФДтФДтФДтФДтФДтФДтФДтФДтФДтФДтФДтФДтФДтФДтФДтФДтФДтФДтФДтФДтФДтФДтФДтФДтФДтФДтФДтФДтФДтФДтФДтФДтФДтФДтФДтФДтФДтФДтФДтФДтФДтФДтФДтФДтФДтФДтФДтФДтФДтФДтФДтФДтФДтФДтФДтФДтФДтФДтФДтФДтФДтФДтФДтФДтФДтФДтФДтФДтФДтФДтФДтФДтФДтФДтФДтФДтФДтФДтФДтФДтФДтФДтФДтФДтФДтФДтФДтФДтФДтФДтФДтФДтФДтФДтФДтФДтФДтФДтФДтФДтФДтФДтФДтФДтФДтФДтФДтФДтФДтФДтФДтФДтФДтФДтФДтФДтФДтФДтФД
тФВ ЁЯРЫ Answer mean: 3.00
тФФтФАтФАтФАтФАтФАтФАтФАтФАтФАтФАтФАтФАтФАтФАтФАтФАтФАтФАтФАтФАтФАтФАтФАтФАтФАтФАтФАтФАтФАтФАтФАтФАтФАтФАтФАтФАтФАтФАтФАтФАтФАтФАтФАтФАтФАтФАтФАтФАтФАтФАтФАтФАтФАтФАтФАтФАтФАтФАтФАтФАтФАтФАтФАтФАтФАтФАтФАтФАтФАтФАтФАтФАтФАтФАтФАтФАтФАтФАтФАтФАтФАтФАтФАтФАтФАтФАтФАтФАтФАтФАтФАтФАтФАтФАтФАтФАтФАтФАтФАтФАтФАтФАтФАтФАтФАтФАтФАтФАтФАтФАтФАтФАтФАтФАтФАтФАтФАтФАтФА
тФМтФАтФАтФАтФАтФАтФАтФАтФАтФАтФАтФАтФАтФАтФАтФАтФАтФАтФАтФАтФАтФАтФАтФАтФАтФАтФАтФАтФАтФАтФАтФАтФАтФАтФАтФАтФАтФАтФАтФАтФАтФАтФАтФАтФАтФАтФАтФАтФАтФАтФАтФАтФАтФАтФАтФАтФАтФАтФАтФАтФАтФАтФАтФАтФАтФАтФАтФАтФАтФАтФАтФАтФАтФАтФАтФАтФАтФАтФАтФАтФАтФАтФАтФАтФАтФАтФАтФАтФАтФАтФАтФАтФАтФАтФАтФАтФАтФАтФАтФАтФАтФАтФАтФАтФАтФАтФАтФАтФАтФАтФАтФАтФАтФАтФАтФАтФАтФАтФАтФА
тФВ #0   TestService.validateResponseQuality (package:psycho_tests/services/test_service.dart:648:15)
тФВ #1   main.<anonymous closure>.<anonymous closure> (file:///D:/Work/psycho_app/0.0.1.x_dev/test/services/test_service_test.dart:400:38)
тФЬтФДтФДтФДтФДтФДтФДтФДтФДтФДтФДтФДтФДтФДтФДтФДтФДтФДтФДтФДтФДтФДтФДтФДтФДтФДтФДтФДтФДтФДтФДтФДтФДтФДтФДтФДтФДтФДтФДтФДтФДтФДтФДтФДтФДтФДтФДтФДтФДтФДтФДтФДтФДтФДтФДтФДтФДтФДтФДтФДтФДтФДтФДтФДтФДтФДтФДтФДтФДтФДтФДтФДтФДтФДтФДтФДтФДтФДтФДтФДтФДтФДтФДтФДтФДтФДтФДтФДтФДтФДтФДтФДтФДтФДтФДтФДтФДтФДтФДтФДтФДтФДтФДтФДтФДтФДтФДтФДтФДтФДтФДтФДтФДтФДтФДтФДтФДтФДтФДтФД
тФВ ЁЯРЫ Standard deviation: 0.00
тФФтФАтФАтФАтФАтФАтФАтФАтФАтФАтФАтФАтФАтФАтФАтФАтФАтФАтФАтФАтФАтФАтФАтФАтФАтФАтФАтФАтФАтФАтФАтФАтФАтФАтФАтФАтФАтФАтФАтФАтФАтФАтФАтФАтФАтФАтФАтФАтФАтФАтФАтФАтФАтФАтФАтФАтФАтФАтФАтФАтФАтФАтФАтФАтФАтФАтФАтФАтФАтФАтФАтФАтФАтФАтФАтФАтФАтФАтФАтФАтФАтФАтФАтФАтФАтФАтФАтФАтФАтФАтФАтФАтФАтФАтФАтФАтФАтФАтФАтФАтФАтФАтФАтФАтФАтФАтФАтФАтФАтФАтФАтФАтФАтФАтФАтФАтФАтФАтФАтФА
[38;5;208mтФМтФАтФАтФАтФАтФАтФАтФАтФАтФАтФАтФАтФАтФАтФАтФАтФАтФАтФАтФАтФАтФАтФАтФАтФАтФАтФАтФАтФАтФАтФАтФАтФАтФАтФАтФАтФАтФАтФАтФАтФАтФАтФАтФАтФАтФАтФАтФАтФАтФАтФАтФАтФАтФАтФАтФАтФАтФАтФАтФАтФАтФАтФАтФАтФАтФАтФАтФАтФАтФАтФАтФАтФАтФАтФАтФАтФАтФАтФАтФАтФАтФАтФАтФАтФАтФАтФАтФАтФАтФАтФАтФАтФАтФАтФАтФАтФАтФАтФАтФАтФАтФАтФАтФАтФАтФАтФАтФАтФАтФАтФАтФАтФАтФАтФАтФАтФАтФАтФАтФА[0m
[38;5;208mтФВ #0   TestService.validateResponseQuality (package:psycho_tests/services/test_service.dart:656:17)[0m
[38;5;208mтФВ #1   main.<anonymous closure>.<anonymous closure> (file:///D:/Work/psycho_app/0.0.1.x_dev/test/services/test_service_test.dart:400:38)[0m
[38;5;208mтФЬтФДтФДтФДтФДтФДтФДтФДтФДтФДтФДтФДтФДтФДтФДтФДтФДтФДтФДтФДтФДтФДтФДтФДтФДтФДтФДтФДтФДтФДтФДтФДтФДтФДтФДтФДтФДтФДтФДтФДтФДтФДтФДтФДтФДтФДтФДтФДтФДтФДтФДтФДтФДтФДтФДтФДтФДтФДтФДтФДтФДтФДтФДтФДтФДтФДтФДтФДтФДтФДтФДтФДтФДтФДтФДтФДтФДтФДтФДтФДтФДтФДтФДтФДтФДтФДтФДтФДтФДтФДтФДтФДтФДтФДтФДтФДтФДтФДтФДтФДтФДтФДтФДтФДтФДтФДтФДтФДтФДтФДтФДтФДтФДтФДтФДтФДтФДтФДтФДтФД[0m
[38;5;208mтФВ тЪая╕П ISSUE: Very low response variance (0.00). You may not have been thoughtful.[0m
[38;5;208mтФФтФАтФАтФАтФАтФАтФАтФАтФАтФАтФАтФАтФАтФАтФАтФАтФАтФАтФАтФАтФАтФАтФАтФАтФАтФАтФАтФАтФАтФАтФАтФАтФАтФАтФАтФАтФАтФАтФАтФАтФАтФАтФАтФАтФАтФАтФАтФАтФАтФАтФАтФАтФАтФАтФАтФАтФАтФАтФАтФАтФАтФАтФАтФАтФАтФАтФАтФАтФАтФАтФАтФАтФАтФАтФАтФАтФАтФАтФАтФАтФАтФАтФАтФАтФАтФАтФАтФАтФАтФАтФАтФАтФАтФАтФАтФАтФАтФАтФАтФАтФАтФАтФАтФАтФАтФАтФАтФАтФАтФАтФАтФАтФАтФАтФАтФАтФАтФАтФАтФА[0m
тФМтФАтФАтФАтФАтФАтФАтФАтФАтФАтФАтФАтФАтФАтФАтФАтФАтФАтФАтФАтФАтФАтФАтФАтФАтФАтФАтФАтФАтФАтФАтФАтФАтФАтФАтФАтФАтФАтФАтФАтФАтФАтФАтФАтФАтФАтФАтФАтФАтФАтФАтФАтФАтФАтФАтФАтФАтФАтФАтФАтФАтФАтФАтФАтФАтФАтФАтФАтФАтФАтФАтФАтФАтФАтФАтФАтФАтФАтФАтФАтФАтФАтФАтФАтФАтФАтФАтФАтФАтФАтФАтФАтФАтФАтФАтФАтФАтФАтФАтФАтФАтФАтФАтФАтФАтФАтФАтФАтФАтФАтФАтФАтФАтФАтФАтФАтФАтФАтФАтФА
тФВ #0   TestService.validateResponseQuality (package:psycho_tests/services/test_service.dart:669:15)
тФВ #1   main.<anonymous closure>.<anonymous closure> (file:///D:/Work/psycho_app/0.0.1.x_dev/test/services/test_service_test.dart:400:38)
тФЬтФДтФДтФДтФДтФДтФДтФДтФДтФДтФДтФДтФДтФДтФДтФДтФДтФДтФДтФДтФДтФДтФДтФДтФДтФДтФДтФДтФДтФДтФДтФДтФДтФДтФДтФДтФДтФДтФДтФДтФДтФДтФДтФДтФДтФДтФДтФДтФДтФДтФДтФДтФДтФДтФДтФДтФДтФДтФДтФДтФДтФДтФДтФДтФДтФДтФДтФДтФДтФДтФДтФДтФДтФДтФДтФДтФДтФДтФДтФДтФДтФДтФДтФДтФДтФДтФДтФДтФДтФДтФДтФДтФДтФДтФДтФДтФДтФДтФДтФДтФДтФДтФДтФДтФДтФДтФДтФДтФДтФДтФДтФДтФДтФДтФДтФДтФДтФДтФДтФД
тФВ ЁЯРЫ Neutral answers: 80 of 80 (100.0%)
тФФтФАтФАтФАтФАтФАтФАтФАтФАтФАтФАтФАтФАтФАтФАтФАтФАтФАтФАтФАтФАтФАтФАтФАтФАтФАтФАтФАтФАтФАтФАтФАтФАтФАтФАтФАтФАтФАтФАтФАтФАтФАтФАтФАтФАтФАтФАтФАтФАтФАтФАтФАтФАтФАтФАтФАтФАтФАтФАтФАтФАтФАтФАтФАтФАтФАтФАтФАтФАтФАтФАтФАтФАтФАтФАтФАтФАтФАтФАтФАтФАтФАтФАтФАтФАтФАтФАтФАтФАтФАтФАтФАтФАтФАтФАтФАтФАтФАтФАтФАтФАтФАтФАтФАтФАтФАтФАтФАтФАтФАтФАтФАтФАтФАтФАтФАтФАтФАтФАтФА
[38;5;208mтФМтФАтФАтФАтФАтФАтФАтФАтФАтФАтФАтФАтФАтФАтФАтФАтФАтФАтФАтФАтФАтФАтФАтФАтФАтФАтФАтФАтФАтФАтФАтФАтФАтФАтФАтФАтФАтФАтФАтФАтФАтФАтФАтФАтФАтФАтФАтФАтФАтФАтФАтФАтФАтФАтФАтФАтФАтФАтФАтФАтФАтФАтФАтФАтФАтФАтФАтФАтФАтФАтФАтФАтФАтФАтФАтФАтФАтФАтФАтФАтФАтФАтФАтФАтФАтФАтФАтФАтФАтФАтФАтФАтФАтФАтФАтФАтФАтФАтФАтФАтФАтФАтФАтФАтФАтФАтФАтФАтФАтФАтФАтФАтФАтФАтФАтФАтФАтФАтФАтФА[0m
[38;5;208mтФВ #0   TestService.validateResponseQuality (package:psycho_tests/services/test_service.dart:678:17)[0m
[38;5;208mтФВ #1   main.<anonymous closure>.<anonymous closure> (file:///D:/Work/psycho_app/0.0.1.x_dev/test/services/test_service_test.dart:400:38)[0m
[38;5;208mтФЬтФДтФДтФДтФДтФДтФДтФДтФДтФДтФДтФДтФДтФДтФДтФДтФДтФДтФДтФДтФДтФДтФДтФДтФДтФДтФДтФДтФДтФДтФДтФДтФДтФДтФДтФДтФДтФДтФДтФДтФДтФДтФДтФДтФДтФДтФДтФДтФДтФДтФДтФДтФДтФДтФДтФДтФДтФДтФДтФДтФДтФДтФДтФДтФДтФДтФДтФДтФДтФДтФДтФДтФДтФДтФДтФДтФДтФДтФДтФДтФДтФДтФДтФДтФДтФДтФДтФДтФДтФДтФДтФДтФДтФДтФДтФДтФДтФДтФДтФДтФДтФДтФДтФДтФДтФДтФДтФДтФДтФДтФДтФДтФДтФДтФДтФДтФДтФДтФДтФД[0m
[38;5;208mтФВ тЪая╕П ISSUE: Too many neutral answers (100%). Try to be more decisive.[0m
[38;5;208mтФФтФАтФАтФАтФАтФАтФАтФАтФАтФАтФАтФАтФАтФАтФАтФАтФАтФАтФАтФАтФАтФАтФАтФАтФАтФАтФАтФАтФАтФАтФАтФАтФАтФАтФАтФАтФАтФАтФАтФАтФАтФАтФАтФАтФАтФАтФАтФАтФАтФАтФАтФАтФАтФАтФАтФАтФАтФАтФАтФАтФАтФАтФАтФАтФАтФАтФАтФАтФАтФАтФАтФАтФАтФАтФАтФАтФАтФАтФАтФАтФАтФАтФАтФАтФАтФАтФАтФАтФАтФАтФАтФАтФАтФАтФАтФАтФАтФАтФАтФАтФАтФАтФАтФАтФАтФАтФАтФАтФАтФАтФАтФАтФАтФАтФАтФАтФАтФАтФАтФА[0m
тФМтФАтФАтФАтФАтФАтФАтФАтФАтФАтФАтФАтФАтФАтФАтФАтФАтФАтФАтФАтФАтФАтФАтФАтФАтФАтФАтФАтФАтФАтФАтФАтФАтФАтФАтФАтФАтФАтФАтФАтФАтФАтФАтФАтФАтФАтФАтФАтФАтФАтФАтФАтФАтФАтФАтФАтФАтФАтФАтФАтФАтФАтФАтФАтФАтФАтФАтФАтФАтФАтФАтФАтФАтФАтФАтФАтФАтФАтФАтФАтФАтФАтФАтФАтФАтФАтФАтФАтФАтФАтФАтФАтФАтФАтФАтФАтФАтФАтФАтФАтФАтФАтФАтФАтФАтФАтФАтФАтФАтФАтФАтФАтФАтФАтФАтФАтФАтФАтФАтФА
тФВ #0   TestService.validateResponseQuality (package:psycho_tests/services/test_service.dart:691:15)
тФВ #1   main.<anonymous closure>.<anonymous closure> (file:///D:/Work/psycho_app/0.0.1.x_dev/test/services/test_service_test.dart:400:38)
тФЬтФДтФДтФДтФДтФДтФДтФДтФДтФДтФДтФДтФДтФДтФДтФДтФДтФДтФДтФДтФДтФДтФДтФДтФДтФДтФДтФДтФДтФДтФДтФДтФДтФДтФДтФДтФДтФДтФДтФДтФДтФДтФДтФДтФДтФДтФДтФДтФДтФДтФДтФДтФДтФДтФДтФДтФДтФДтФДтФДтФДтФДтФДтФДтФДтФДтФДтФДтФДтФДтФДтФДтФДтФДтФДтФДтФДтФДтФДтФДтФДтФДтФДтФДтФДтФДтФДтФДтФДтФДтФДтФДтФДтФДтФДтФДтФДтФДтФДтФДтФДтФДтФДтФДтФДтФДтФДтФДтФДтФДтФДтФДтФДтФДтФДтФДтФДтФДтФДтФД
тФВ ЁЯРЫ Extreme answers: 0 of 80 (0.0%)
тФФтФАтФАтФАтФАтФАтФАтФАтФАтФАтФАтФАтФАтФАтФАтФАтФАтФАтФАтФАтФАтФАтФАтФАтФАтФАтФАтФАтФАтФАтФАтФАтФАтФАтФАтФАтФАтФАтФАтФАтФАтФАтФАтФАтФАтФАтФАтФАтФАтФАтФАтФАтФАтФАтФАтФАтФАтФАтФАтФАтФАтФАтФАтФАтФАтФАтФАтФАтФАтФАтФАтФАтФАтФАтФАтФАтФАтФАтФАтФАтФАтФАтФАтФАтФАтФАтФАтФАтФАтФАтФАтФАтФАтФАтФАтФАтФАтФАтФАтФАтФАтФАтФАтФАтФАтФАтФАтФАтФАтФАтФАтФАтФАтФАтФАтФАтФАтФАтФАтФА
тФМтФАтФАтФАтФАтФАтФАтФАтФАтФАтФАтФАтФАтФАтФАтФАтФАтФАтФАтФАтФАтФАтФАтФАтФАтФАтФАтФАтФАтФАтФАтФАтФАтФАтФАтФАтФАтФАтФАтФАтФАтФАтФАтФАтФАтФАтФАтФАтФАтФАтФАтФАтФАтФАтФАтФАтФАтФАтФАтФАтФАтФАтФАтФАтФАтФАтФАтФАтФАтФАтФАтФАтФАтФАтФАтФАтФАтФАтФАтФАтФАтФАтФАтФАтФАтФАтФАтФАтФАтФАтФАтФАтФАтФАтФАтФАтФАтФАтФАтФАтФАтФАтФАтФАтФАтФАтФАтФАтФАтФАтФАтФАтФАтФАтФАтФАтФАтФАтФАтФА
тФВ #0   TestService.validateResponseQuality (package:psycho_tests/services/test_service.dart:751:15)
тФВ #1   main.<anonymous closure>.<anonymous closure> (file:///D:/Work/psycho_app/0.0.1.x_dev/test/services/test_service_test.dart:400:38)
тФЬтФДтФДтФДтФДтФДтФДтФДтФДтФДтФДтФДтФДтФДтФДтФДтФДтФДтФДтФДтФДтФДтФДтФДтФДтФДтФДтФДтФДтФДтФДтФДтФДтФДтФДтФДтФДтФДтФДтФДтФДтФДтФДтФДтФДтФДтФДтФДтФДтФДтФДтФДтФДтФДтФДтФДтФДтФДтФДтФДтФДтФДтФДтФДтФДтФДтФДтФДтФДтФДтФДтФДтФДтФДтФДтФДтФДтФДтФДтФДтФДтФДтФДтФДтФДтФДтФДтФДтФДтФДтФДтФДтФДтФДтФДтФДтФДтФДтФДтФДтФДтФДтФДтФДтФДтФДтФДтФДтФДтФДтФДтФДтФДтФДтФДтФДтФДтФДтФДтФД
тФВ ЁЯРЫ Consistency score: 100.0%
тФФтФАтФАтФАтФАтФАтФАтФАтФАтФАтФАтФАтФАтФАтФАтФАтФАтФАтФАтФАтФАтФАтФАтФАтФАтФАтФАтФАтФАтФАтФАтФАтФАтФАтФАтФАтФАтФАтФАтФАтФАтФАтФАтФАтФАтФАтФАтФАтФАтФАтФАтФАтФАтФАтФАтФАтФАтФАтФАтФАтФАтФАтФАтФАтФАтФАтФАтФАтФАтФАтФАтФАтФАтФАтФАтФАтФАтФАтФАтФАтФАтФАтФАтФАтФАтФАтФАтФАтФАтФАтФАтФАтФАтФАтФАтФАтФАтФАтФАтФАтФАтФАтФАтФАтФАтФАтФАтФАтФАтФАтФАтФАтФАтФАтФАтФАтФАтФАтФАтФА
[38;5;208mтФМтФАтФАтФАтФАтФАтФАтФАтФАтФАтФАтФАтФАтФАтФАтФАтФАтФАтФАтФАтФАтФАтФАтФАтФАтФАтФАтФАтФАтФАтФАтФАтФАтФАтФАтФАтФАтФАтФАтФАтФАтФАтФАтФАтФАтФАтФАтФАтФАтФАтФАтФАтФАтФАтФАтФАтФАтФАтФАтФАтФАтФАтФАтФАтФАтФАтФАтФАтФАтФАтФАтФАтФАтФАтФАтФАтФАтФАтФАтФАтФАтФАтФАтФАтФАтФАтФАтФАтФАтФАтФАтФАтФАтФАтФАтФАтФАтФАтФАтФАтФАтФАтФАтФАтФАтФАтФАтФАтФАтФАтФАтФАтФАтФАтФАтФАтФАтФАтФАтФА[0m
[38;5;208mтФВ #0   TestService.validateResponseQuality (package:psycho_tests/services/test_service.dart:780:17)[0m
[38;5;208mтФВ #1   main.<anonymous closure>.<anonymous closure> (file:///D:/Work/psycho_app/0.0.1.x_dev/test/services/test_service_test.dart:400:38)[0m
[38;5;208mтФЬтФДтФДтФДтФДтФДтФДтФДтФДтФДтФДтФДтФДтФДтФДтФДтФДтФДтФДтФДтФДтФДтФДтФДтФДтФДтФДтФДтФДтФДтФДтФДтФДтФДтФДтФДтФДтФДтФДтФДтФДтФДтФДтФДтФДтФДтФДтФДтФДтФДтФДтФДтФДтФДтФДтФДтФДтФДтФДтФДтФДтФДтФДтФДтФДтФДтФДтФДтФДтФДтФДтФДтФДтФДтФДтФДтФДтФДтФДтФДтФДтФДтФДтФДтФДтФДтФДтФДтФДтФДтФДтФДтФДтФДтФДтФДтФДтФДтФДтФДтФДтФДтФДтФДтФДтФДтФДтФДтФДтФДтФДтФДтФДтФДтФДтФДтФДтФДтФДтФД[0m
[38;5;208mтФВ тЪая╕П OVERALL QUALITY: CRITICAL[0m
[38;5;208mтФФтФАтФАтФАтФАтФАтФАтФАтФАтФАтФАтФАтФАтФАтФАтФАтФАтФАтФАтФАтФАтФАтФАтФАтФАтФАтФАтФАтФАтФАтФАтФАтФАтФАтФАтФАтФАтФАтФАтФАтФАтФАтФАтФАтФАтФАтФАтФАтФАтФАтФАтФАтФАтФАтФАтФАтФАтФАтФАтФАтФАтФАтФАтФАтФАтФАтФАтФАтФАтФАтФАтФАтФАтФАтФАтФАтФАтФАтФАтФАтФАтФАтФАтФАтФАтФАтФАтФАтФАтФАтФАтФАтФАтФАтФАтФАтФАтФАтФАтФАтФАтФАтФАтФАтФАтФАтФАтФАтФАтФАтФАтФАтФАтФАтФАтФАтФАтФАтФАтФА[0m
00:01 +25 -16: D:/Work/psycho_app/0.0.1.x_dev/test/services/test_service_test.dart: validateResponseQuality() detects low consistency (random responding)
тФМтФАтФАтФАтФАтФАтФАтФАтФАтФАтФАтФАтФАтФАтФАтФАтФАтФАтФАтФАтФАтФАтФАтФАтФАтФАтФАтФАтФАтФАтФАтФАтФАтФАтФАтФАтФАтФАтФАтФАтФАтФАтФАтФАтФАтФАтФАтФАтФАтФАтФАтФАтФАтФАтФАтФАтФАтФАтФАтФАтФАтФАтФАтФАтФАтФАтФАтФАтФАтФАтФАтФАтФАтФАтФАтФАтФАтФАтФАтФАтФАтФАтФАтФАтФАтФАтФАтФАтФАтФАтФАтФАтФАтФАтФАтФАтФАтФАтФАтФАтФАтФАтФАтФАтФАтФАтФАтФАтФАтФАтФАтФАтФАтФАтФАтФАтФАтФАтФАтФА
тФВ #0   TestService.validateResponseQuality (package:psycho_tests/services/test_service.dart:634:15)
тФВ #1   main.<anonymous closure>.<anonymous closure> (file:///D:/Work/psycho_app/0.0.1.x_dev/test/services/test_service_test.dart:414:38)
тФЬтФДтФДтФДтФДтФДтФДтФДтФДтФДтФДтФДтФДтФДтФДтФДтФДтФДтФДтФДтФДтФДтФДтФДтФДтФДтФДтФДтФДтФДтФДтФДтФДтФДтФДтФДтФДтФДтФДтФДтФДтФДтФДтФДтФДтФДтФДтФДтФДтФДтФДтФДтФДтФДтФДтФДтФДтФДтФДтФДтФДтФДтФДтФДтФДтФДтФДтФДтФДтФДтФДтФДтФДтФДтФДтФДтФДтФДтФДтФДтФДтФДтФДтФДтФДтФДтФДтФДтФДтФДтФДтФДтФДтФДтФДтФДтФДтФДтФДтФДтФДтФДтФДтФДтФДтФДтФДтФДтФДтФДтФДтФДтФДтФДтФДтФДтФДтФДтФДтФД
тФВ ЁЯРЫ Starting validation of 80 answers
тФФтФАтФАтФАтФАтФАтФАтФАтФАтФАтФАтФАтФАтФАтФАтФАтФАтФАтФАтФАтФАтФАтФАтФАтФАтФАтФАтФАтФАтФАтФАтФАтФАтФАтФАтФАтФАтФАтФАтФАтФАтФАтФАтФАтФАтФАтФАтФАтФАтФАтФАтФАтФАтФАтФАтФАтФАтФАтФАтФАтФАтФАтФАтФАтФАтФАтФАтФАтФАтФАтФАтФАтФАтФАтФАтФАтФАтФАтФАтФАтФАтФАтФАтФАтФАтФАтФАтФАтФАтФАтФАтФАтФАтФАтФАтФАтФАтФАтФАтФАтФАтФАтФАтФАтФАтФАтФАтФАтФАтФАтФАтФАтФАтФАтФАтФАтФАтФАтФАтФА
тФМтФАтФАтФАтФАтФАтФАтФАтФАтФАтФАтФАтФАтФАтФАтФАтФАтФАтФАтФАтФАтФАтФАтФАтФАтФАтФАтФАтФАтФАтФАтФАтФАтФАтФАтФАтФАтФАтФАтФАтФАтФАтФАтФАтФАтФАтФАтФАтФАтФАтФАтФАтФАтФАтФАтФАтФАтФАтФАтФАтФАтФАтФАтФАтФАтФАтФАтФАтФАтФАтФАтФАтФАтФАтФАтФАтФАтФАтФАтФАтФАтФАтФАтФАтФАтФАтФАтФАтФАтФАтФАтФАтФАтФАтФАтФАтФАтФАтФАтФАтФАтФАтФАтФАтФАтФАтФАтФАтФАтФАтФАтФАтФАтФАтФАтФАтФАтФАтФАтФА
тФВ #0   TestService.validateResponseQuality (package:psycho_tests/services/test_service.dart:647:15)
тФВ #1   main.<anonymous closure>.<anonymous closure> (file:///D:/Work/psycho_app/0.0.1.x_dev/test/services/test_service_test.dart:414:38)
тФЬтФДтФДтФДтФДтФДтФДтФДтФДтФДтФДтФДтФДтФДтФДтФДтФДтФДтФДтФДтФДтФДтФДтФДтФДтФДтФДтФДтФДтФДтФДтФДтФДтФДтФДтФДтФДтФДтФДтФДтФДтФДтФДтФДтФДтФДтФДтФДтФДтФДтФДтФДтФДтФДтФДтФДтФДтФДтФДтФДтФДтФДтФДтФДтФДтФДтФДтФДтФДтФДтФДтФДтФДтФДтФДтФДтФДтФДтФДтФДтФДтФДтФДтФДтФДтФДтФДтФДтФДтФДтФДтФДтФДтФДтФДтФДтФДтФДтФДтФДтФДтФДтФДтФДтФДтФДтФДтФДтФДтФДтФДтФДтФДтФДтФДтФДтФДтФДтФДтФД
тФВ ЁЯРЫ Answer mean: 3.00
тФФтФАтФАтФАтФАтФАтФАтФАтФАтФАтФАтФАтФАтФАтФАтФАтФАтФАтФАтФАтФАтФАтФАтФАтФАтФАтФАтФАтФАтФАтФАтФАтФАтФАтФАтФАтФАтФАтФАтФАтФАтФАтФАтФАтФАтФАтФАтФАтФАтФАтФАтФАтФАтФАтФАтФАтФАтФАтФАтФАтФАтФАтФАтФАтФАтФАтФАтФАтФАтФАтФАтФАтФАтФАтФАтФАтФАтФАтФАтФАтФАтФАтФАтФАтФАтФАтФАтФАтФАтФАтФАтФАтФАтФАтФАтФАтФАтФАтФАтФАтФАтФАтФАтФАтФАтФАтФАтФАтФАтФАтФАтФАтФАтФАтФАтФАтФАтФАтФАтФА
тФМтФАтФАтФАтФАтФАтФАтФАтФАтФАтФАтФАтФАтФАтФАтФАтФАтФАтФАтФАтФАтФАтФАтФАтФАтФАтФАтФАтФАтФАтФАтФАтФАтФАтФАтФАтФАтФАтФАтФАтФАтФАтФАтФАтФАтФАтФАтФАтФАтФАтФАтФАтФАтФАтФАтФАтФАтФАтФАтФАтФАтФАтФАтФАтФАтФАтФАтФАтФАтФАтФАтФАтФАтФАтФАтФАтФАтФАтФАтФАтФАтФАтФАтФАтФАтФАтФАтФАтФАтФАтФАтФАтФАтФАтФАтФАтФАтФАтФАтФАтФАтФАтФАтФАтФАтФАтФАтФАтФАтФАтФАтФАтФАтФАтФАтФАтФАтФАтФАтФА
тФВ #0   TestService.validateResponseQuality (package:psycho_tests/services/test_service.dart:648:15)
тФВ #1   main.<anonymous closure>.<anonymous closure> (file:///D:/Work/psycho_app/0.0.1.x_dev/test/services/test_service_test.dart:414:38)
тФЬтФДтФДтФДтФДтФДтФДтФДтФДтФДтФДтФДтФДтФДтФДтФДтФДтФДтФДтФДтФДтФДтФДтФДтФДтФДтФДтФДтФДтФДтФДтФДтФДтФДтФДтФДтФДтФДтФДтФДтФДтФДтФДтФДтФДтФДтФДтФДтФДтФДтФДтФДтФДтФДтФДтФДтФДтФДтФДтФДтФДтФДтФДтФДтФДтФДтФДтФДтФДтФДтФДтФДтФДтФДтФДтФДтФДтФДтФДтФДтФДтФДтФДтФДтФДтФДтФДтФДтФДтФДтФДтФДтФДтФДтФДтФДтФДтФДтФДтФДтФДтФДтФДтФДтФДтФДтФДтФДтФДтФДтФДтФДтФДтФДтФДтФДтФДтФДтФДтФД
тФВ ЁЯРЫ Standard deviation: 1.41
тФФтФАтФАтФАтФАтФАтФАтФАтФАтФАтФАтФАтФАтФАтФАтФАтФАтФАтФАтФАтФАтФАтФАтФАтФАтФАтФАтФАтФАтФАтФАтФАтФАтФАтФАтФАтФАтФАтФАтФАтФАтФАтФАтФАтФАтФАтФАтФАтФАтФАтФАтФАтФАтФАтФАтФАтФАтФАтФАтФАтФАтФАтФАтФАтФАтФАтФАтФАтФАтФАтФАтФАтФАтФАтФАтФАтФАтФАтФАтФАтФАтФАтФАтФАтФАтФАтФАтФАтФАтФАтФАтФАтФАтФАтФАтФАтФАтФАтФАтФАтФАтФАтФАтФАтФАтФАтФАтФАтФАтФАтФАтФАтФАтФАтФАтФАтФАтФАтФАтФА
тФМтФАтФАтФАтФАтФАтФАтФАтФАтФАтФАтФАтФАтФАтФАтФАтФАтФАтФАтФАтФАтФАтФАтФАтФАтФАтФАтФАтФАтФАтФАтФАтФАтФАтФАтФАтФАтФАтФАтФАтФАтФАтФАтФАтФАтФАтФАтФАтФАтФАтФАтФАтФАтФАтФАтФАтФАтФАтФАтФАтФАтФАтФАтФАтФАтФАтФАтФАтФАтФАтФАтФАтФАтФАтФАтФАтФАтФАтФАтФАтФАтФАтФАтФАтФАтФАтФАтФАтФАтФАтФАтФАтФАтФАтФАтФАтФАтФАтФАтФАтФАтФАтФАтФАтФАтФАтФАтФАтФАтФАтФАтФАтФАтФАтФАтФАтФАтФАтФАтФА
тФВ #0   TestService.validateResponseQuality (package:psycho_tests/services/test_service.dart:669:15)
тФВ #1   main.<anonymous closure>.<anonymous closure> (file:///D:/Work/psycho_app/0.0.1.x_dev/test/services/test_service_test.dart:414:38)
тФЬтФДтФДтФДтФДтФДтФДтФДтФДтФДтФДтФДтФДтФДтФДтФДтФДтФДтФДтФДтФДтФДтФДтФДтФДтФДтФДтФДтФДтФДтФДтФДтФДтФДтФДтФДтФДтФДтФДтФДтФДтФДтФДтФДтФДтФДтФДтФДтФДтФДтФДтФДтФДтФДтФДтФДтФДтФДтФДтФДтФДтФДтФДтФДтФДтФДтФДтФДтФДтФДтФДтФДтФДтФДтФДтФДтФДтФДтФДтФДтФДтФДтФДтФДтФДтФДтФДтФДтФДтФДтФДтФДтФДтФДтФДтФДтФДтФДтФДтФДтФДтФДтФДтФДтФДтФДтФДтФДтФДтФДтФДтФДтФДтФДтФДтФДтФДтФДтФДтФД
тФВ ЁЯРЫ Neutral answers: 16 of 80 (20.0%)
тФФтФАтФАтФАтФАтФАтФАтФАтФАтФАтФАтФАтФАтФАтФАтФАтФАтФАтФАтФАтФАтФАтФАтФАтФАтФАтФАтФАтФАтФАтФАтФАтФАтФАтФАтФАтФАтФАтФАтФАтФАтФАтФАтФАтФАтФАтФАтФАтФАтФАтФАтФАтФАтФАтФАтФАтФАтФАтФАтФАтФАтФАтФАтФАтФАтФАтФАтФАтФАтФАтФАтФАтФАтФАтФАтФАтФАтФАтФАтФАтФАтФАтФАтФАтФАтФАтФАтФАтФАтФАтФАтФАтФАтФАтФАтФАтФАтФАтФАтФАтФАтФАтФАтФАтФАтФАтФАтФАтФАтФАтФАтФАтФАтФАтФАтФАтФАтФАтФАтФА
тФМтФАтФАтФАтФАтФАтФАтФАтФАтФАтФАтФАтФАтФАтФАтФАтФАтФАтФАтФАтФАтФАтФАтФАтФАтФАтФАтФАтФАтФАтФАтФАтФАтФАтФАтФАтФАтФАтФАтФАтФАтФАтФАтФАтФАтФАтФАтФАтФАтФАтФАтФАтФАтФАтФАтФАтФАтФАтФАтФАтФАтФАтФАтФАтФАтФАтФАтФАтФАтФАтФАтФАтФАтФАтФАтФАтФАтФАтФАтФАтФАтФАтФАтФАтФАтФАтФАтФАтФАтФАтФАтФАтФАтФАтФАтФАтФАтФАтФАтФАтФАтФАтФАтФАтФАтФАтФАтФАтФАтФАтФАтФАтФАтФАтФАтФАтФАтФАтФАтФА
тФВ #0   TestService.validateResponseQuality (package:psycho_tests/services/test_service.dart:691:15)
тФВ #1   main.<anonymous closure>.<anonymous closure> (file:///D:/Work/psycho_app/0.0.1.x_dev/test/services/test_service_test.dart:414:38)
тФЬтФДтФДтФДтФДтФДтФДтФДтФДтФДтФДтФДтФДтФДтФДтФДтФДтФДтФДтФДтФДтФДтФДтФДтФДтФДтФДтФДтФДтФДтФДтФДтФДтФДтФДтФДтФДтФДтФДтФДтФДтФДтФДтФДтФДтФДтФДтФДтФДтФДтФДтФДтФДтФДтФДтФДтФДтФДтФДтФДтФДтФДтФДтФДтФДтФДтФДтФДтФДтФДтФДтФДтФДтФДтФДтФДтФДтФДтФДтФДтФДтФДтФДтФДтФДтФДтФДтФДтФДтФДтФДтФДтФДтФДтФДтФДтФДтФДтФДтФДтФДтФДтФДтФДтФДтФДтФДтФДтФДтФДтФДтФДтФДтФДтФДтФДтФДтФДтФДтФД
тФВ ЁЯРЫ Extreme answers: 32 of 80 (40.0%)
тФФтФАтФАтФАтФАтФАтФАтФАтФАтФАтФАтФАтФАтФАтФАтФАтФАтФАтФАтФАтФАтФАтФАтФАтФАтФАтФАтФАтФАтФАтФАтФАтФАтФАтФАтФАтФАтФАтФАтФАтФАтФАтФАтФАтФАтФАтФАтФАтФАтФАтФАтФАтФАтФАтФАтФАтФАтФАтФАтФАтФАтФАтФАтФАтФАтФАтФАтФАтФАтФАтФАтФАтФАтФАтФАтФАтФАтФАтФАтФАтФАтФАтФАтФАтФАтФАтФАтФАтФАтФАтФАтФАтФАтФАтФАтФАтФАтФАтФАтФАтФАтФАтФАтФАтФАтФАтФАтФАтФАтФАтФАтФАтФАтФАтФАтФАтФАтФАтФАтФА
тФМтФАтФАтФАтФАтФАтФАтФАтФАтФАтФАтФАтФАтФАтФАтФАтФАтФАтФАтФАтФАтФАтФАтФАтФАтФАтФАтФАтФАтФАтФАтФАтФАтФАтФАтФАтФАтФАтФАтФАтФАтФАтФАтФАтФАтФАтФАтФАтФАтФАтФАтФАтФАтФАтФАтФАтФАтФАтФАтФАтФАтФАтФАтФАтФАтФАтФАтФАтФАтФАтФАтФАтФАтФАтФАтФАтФАтФАтФАтФАтФАтФАтФАтФАтФАтФАтФАтФАтФАтФАтФАтФАтФАтФАтФАтФАтФАтФАтФАтФАтФАтФАтФАтФАтФАтФАтФАтФАтФАтФАтФАтФАтФАтФАтФАтФАтФАтФАтФАтФА
тФВ #0   TestService.validateResponseQuality (package:psycho_tests/services/test_service.dart:751:15)
тФВ #1   main.<anonymous closure>.<anonymous closure> (file:///D:/Work/psycho_app/0.0.1.x_dev/test/services/test_service_test.dart:414:38)
тФЬтФДтФДтФДтФДтФДтФДтФДтФДтФДтФДтФДтФДтФДтФДтФДтФДтФДтФДтФДтФДтФДтФДтФДтФДтФДтФДтФДтФДтФДтФДтФДтФДтФДтФДтФДтФДтФДтФДтФДтФДтФДтФДтФДтФДтФДтФДтФДтФДтФДтФДтФДтФДтФДтФДтФДтФДтФДтФДтФДтФДтФДтФДтФДтФДтФДтФДтФДтФДтФДтФДтФДтФДтФДтФДтФДтФДтФДтФДтФДтФДтФДтФДтФДтФДтФДтФДтФДтФДтФДтФДтФДтФДтФДтФДтФДтФДтФДтФДтФДтФДтФДтФДтФДтФДтФДтФДтФДтФДтФДтФДтФДтФДтФДтФДтФДтФДтФДтФДтФД
тФВ ЁЯРЫ Consistency score: 50.0%
тФФтФАтФАтФАтФАтФАтФАтФАтФАтФАтФАтФАтФАтФАтФАтФАтФАтФАтФАтФАтФАтФАтФАтФАтФАтФАтФАтФАтФАтФАтФАтФАтФАтФАтФАтФАтФАтФАтФАтФАтФАтФАтФАтФАтФАтФАтФАтФАтФАтФАтФАтФАтФАтФАтФАтФАтФАтФАтФАтФАтФАтФАтФАтФАтФАтФАтФАтФАтФАтФАтФАтФАтФАтФАтФАтФАтФАтФАтФАтФАтФАтФАтФАтФАтФАтФАтФАтФАтФАтФАтФАтФАтФАтФАтФАтФАтФАтФАтФАтФАтФАтФАтФАтФАтФАтФАтФАтФАтФАтФАтФАтФАтФАтФАтФАтФАтФАтФАтФАтФА
[38;5;208mтФМтФАтФАтФАтФАтФАтФАтФАтФАтФАтФАтФАтФАтФАтФАтФАтФАтФАтФАтФАтФАтФАтФАтФАтФАтФАтФАтФАтФАтФАтФАтФАтФАтФАтФАтФАтФАтФАтФАтФАтФАтФАтФАтФАтФАтФАтФАтФАтФАтФАтФАтФАтФАтФАтФАтФАтФАтФАтФАтФАтФАтФАтФАтФАтФАтФАтФАтФАтФАтФАтФАтФАтФАтФАтФАтФАтФАтФАтФАтФАтФАтФАтФАтФАтФАтФАтФАтФАтФАтФАтФАтФАтФАтФАтФАтФАтФАтФАтФАтФАтФАтФАтФАтФАтФАтФАтФАтФАтФАтФАтФАтФАтФАтФАтФАтФАтФАтФАтФАтФА[0m
[38;5;208mтФВ #0   TestService.validateResponseQuality (package:psycho_tests/services/test_service.dart:766:17)[0m
[38;5;208mтФВ #1   main.<anonymous closure>.<anonymous closure> (file:///D:/Work/psycho_app/0.0.1.x_dev/test/services/test_service_test.dart:414:38)[0m
[38;5;208mтФЬтФДтФДтФДтФДтФДтФДтФДтФДтФДтФДтФДтФДтФДтФДтФДтФДтФДтФДтФДтФДтФДтФДтФДтФДтФДтФДтФДтФДтФДтФДтФДтФДтФДтФДтФДтФДтФДтФДтФДтФДтФДтФДтФДтФДтФДтФДтФДтФДтФДтФДтФДтФДтФДтФДтФДтФДтФДтФДтФДтФДтФДтФДтФДтФДтФДтФДтФДтФДтФДтФДтФДтФДтФДтФДтФДтФДтФДтФДтФДтФДтФДтФДтФДтФДтФДтФДтФДтФДтФДтФДтФДтФДтФДтФДтФДтФДтФДтФДтФДтФДтФДтФДтФДтФДтФДтФДтФДтФДтФДтФДтФДтФДтФДтФДтФДтФДтФДтФДтФД[0m
[38;5;208mтФВ тЪая╕П WARNING: Low answer consistency (50%). Results may be unreliable.[0m
[38;5;208mтФФтФАтФАтФАтФАтФАтФАтФАтФАтФАтФАтФАтФАтФАтФАтФАтФАтФАтФАтФАтФАтФАтФАтФАтФАтФАтФАтФАтФАтФАтФАтФАтФАтФАтФАтФАтФАтФАтФАтФАтФАтФАтФАтФАтФАтФАтФАтФАтФАтФАтФАтФАтФАтФАтФАтФАтФАтФАтФАтФАтФАтФАтФАтФАтФАтФАтФАтФАтФАтФАтФАтФАтФАтФАтФАтФАтФАтФАтФАтФАтФАтФАтФАтФАтФАтФАтФАтФАтФАтФАтФАтФАтФАтФАтФАтФАтФАтФАтФАтФАтФАтФАтФАтФАтФАтФАтФАтФАтФАтФАтФАтФАтФАтФАтФАтФАтФАтФАтФАтФА[0m
[38;5;208mтФМтФАтФАтФАтФАтФАтФАтФАтФАтФАтФАтФАтФАтФАтФАтФАтФАтФАтФАтФАтФАтФАтФАтФАтФАтФАтФАтФАтФАтФАтФАтФАтФАтФАтФАтФАтФАтФАтФАтФАтФАтФАтФАтФАтФАтФАтФАтФАтФАтФАтФАтФАтФАтФАтФАтФАтФАтФАтФАтФАтФАтФАтФАтФАтФАтФАтФАтФАтФАтФАтФАтФАтФАтФАтФАтФАтФАтФАтФАтФАтФАтФАтФАтФАтФАтФАтФАтФАтФАтФАтФАтФАтФАтФАтФАтФАтФАтФАтФАтФАтФАтФАтФАтФАтФАтФАтФАтФАтФАтФАтФАтФАтФАтФАтФАтФАтФАтФАтФАтФА[0m
[38;5;208mтФВ #0   TestService.validateResponseQuality (package:psycho_tests/services/test_service.dart:783:17)[0m
[38;5;208mтФВ #1   main.<anonymous closure>.<anonymous closure> (file:///D:/Work/psycho_app/0.0.1.x_dev/test/services/test_service_test.dart:414:38)[0m
[38;5;208mтФЬтФДтФДтФДтФДтФДтФДтФДтФДтФДтФДтФДтФДтФДтФДтФДтФДтФДтФДтФДтФДтФДтФДтФДтФДтФДтФДтФДтФДтФДтФДтФДтФДтФДтФДтФДтФДтФДтФДтФДтФДтФДтФДтФДтФДтФДтФДтФДтФДтФДтФДтФДтФДтФДтФДтФДтФДтФДтФДтФДтФДтФДтФДтФДтФДтФДтФДтФДтФДтФДтФДтФДтФДтФДтФДтФДтФДтФДтФДтФДтФДтФДтФДтФДтФДтФДтФДтФДтФДтФДтФДтФДтФДтФДтФДтФДтФДтФДтФДтФДтФДтФДтФДтФДтФДтФДтФДтФДтФДтФДтФДтФДтФДтФДтФДтФДтФДтФДтФДтФД[0m
[38;5;208mтФВ тЪая╕П OVERALL QUALITY: WARNING[0m
[38;5;208mтФФтФАтФАтФАтФАтФАтФАтФАтФАтФАтФАтФАтФАтФАтФАтФАтФАтФАтФАтФАтФАтФАтФАтФАтФАтФАтФАтФАтФАтФАтФАтФАтФАтФАтФАтФАтФАтФАтФАтФАтФАтФАтФАтФАтФАтФАтФАтФАтФАтФАтФАтФАтФАтФАтФАтФАтФАтФАтФАтФАтФАтФАтФАтФАтФАтФАтФАтФАтФАтФАтФАтФАтФАтФАтФАтФАтФАтФАтФАтФАтФАтФАтФАтФАтФАтФАтФАтФАтФАтФАтФАтФАтФАтФАтФАтФАтФАтФАтФАтФАтФАтФАтФАтФАтФАтФАтФАтФАтФАтФАтФАтФАтФАтФАтФАтФАтФАтФАтФАтФА[0m
00:01 +26 -16: D:/Work/psycho_app/0.0.1.x_dev/test/services/test_service_test.dart: validateResponseQuality() returns localized issues in Russian
тФМтФАтФАтФАтФАтФАтФАтФАтФАтФАтФАтФАтФАтФАтФАтФАтФАтФАтФАтФАтФАтФАтФАтФАтФАтФАтФАтФАтФАтФАтФАтФАтФАтФАтФАтФАтФАтФАтФАтФАтФАтФАтФАтФАтФАтФАтФАтФАтФАтФАтФАтФАтФАтФАтФАтФАтФАтФАтФАтФАтФАтФАтФАтФАтФАтФАтФАтФАтФАтФАтФАтФАтФАтФАтФАтФАтФАтФАтФАтФАтФАтФАтФАтФАтФАтФАтФАтФАтФАтФАтФАтФАтФАтФАтФАтФАтФАтФАтФАтФАтФАтФАтФАтФАтФАтФАтФАтФАтФАтФАтФАтФАтФАтФАтФАтФАтФАтФАтФАтФА
тФВ #0   TestService.validateResponseQuality (package:psycho_tests/services/test_service.dart:634:15)
тФВ #1   main.<anonymous closure>.<anonymous closure> (file:///D:/Work/psycho_app/0.0.1.x_dev/test/services/test_service_test.dart:430:38)
тФЬтФДтФДтФДтФДтФДтФДтФДтФДтФДтФДтФДтФДтФДтФДтФДтФДтФДтФДтФДтФДтФДтФДтФДтФДтФДтФДтФДтФДтФДтФДтФДтФДтФДтФДтФДтФДтФДтФДтФДтФДтФДтФДтФДтФДтФДтФДтФДтФДтФДтФДтФДтФДтФДтФДтФДтФДтФДтФДтФДтФДтФДтФДтФДтФДтФДтФДтФДтФДтФДтФДтФДтФДтФДтФДтФДтФДтФДтФДтФДтФДтФДтФДтФДтФДтФДтФДтФДтФДтФДтФДтФДтФДтФДтФДтФДтФДтФДтФДтФДтФДтФДтФДтФДтФДтФДтФДтФДтФДтФДтФДтФДтФДтФДтФДтФДтФДтФДтФДтФД
тФВ ЁЯРЫ Starting validation of 20 answers
тФФтФАтФАтФАтФАтФАтФАтФАтФАтФАтФАтФАтФАтФАтФАтФАтФАтФАтФАтФАтФАтФАтФАтФАтФАтФАтФАтФАтФАтФАтФАтФАтФАтФАтФАтФАтФАтФАтФАтФАтФАтФАтФАтФАтФАтФАтФАтФАтФАтФАтФАтФАтФАтФАтФАтФАтФАтФАтФАтФАтФАтФАтФАтФАтФАтФАтФАтФАтФАтФАтФАтФАтФАтФАтФАтФАтФАтФАтФАтФАтФАтФАтФАтФАтФАтФАтФАтФАтФАтФАтФАтФАтФАтФАтФАтФАтФАтФАтФАтФАтФАтФАтФАтФАтФАтФАтФАтФАтФАтФАтФАтФАтФАтФАтФАтФАтФАтФАтФАтФА
тФМтФАтФАтФАтФАтФАтФАтФАтФАтФАтФАтФАтФАтФАтФАтФАтФАтФАтФАтФАтФАтФАтФАтФАтФАтФАтФАтФАтФАтФАтФАтФАтФАтФАтФАтФАтФАтФАтФАтФАтФАтФАтФАтФАтФАтФАтФАтФАтФАтФАтФАтФАтФАтФАтФАтФАтФАтФАтФАтФАтФАтФАтФАтФАтФАтФАтФАтФАтФАтФАтФАтФАтФАтФАтФАтФАтФАтФАтФАтФАтФАтФАтФАтФАтФАтФАтФАтФАтФАтФАтФАтФАтФАтФАтФАтФАтФАтФАтФАтФАтФАтФАтФАтФАтФАтФАтФАтФАтФАтФАтФАтФАтФАтФАтФАтФАтФАтФАтФАтФА
тФВ #0   TestService.validateResponseQuality (package:psycho_tests/services/test_service.dart:647:15)
тФВ #1   main.<anonymous closure>.<anonymous closure> (file:///D:/Work/psycho_app/0.0.1.x_dev/test/services/test_service_test.dart:430:38)
тФЬтФДтФДтФДтФДтФДтФДтФДтФДтФДтФДтФДтФДтФДтФДтФДтФДтФДтФДтФДтФДтФДтФДтФДтФДтФДтФДтФДтФДтФДтФДтФДтФДтФДтФДтФДтФДтФДтФДтФДтФДтФДтФДтФДтФДтФДтФДтФДтФДтФДтФДтФДтФДтФДтФДтФДтФДтФДтФДтФДтФДтФДтФДтФДтФДтФДтФДтФДтФДтФДтФДтФДтФДтФДтФДтФДтФДтФДтФДтФДтФДтФДтФДтФДтФДтФДтФДтФДтФДтФДтФДтФДтФДтФДтФДтФДтФДтФДтФДтФДтФДтФДтФДтФДтФДтФДтФДтФДтФДтФДтФДтФДтФДтФДтФДтФДтФДтФДтФДтФД
тФВ ЁЯРЫ Answer mean: 3.00
тФФтФАтФАтФАтФАтФАтФАтФАтФАтФАтФАтФАтФАтФАтФАтФАтФАтФАтФАтФАтФАтФАтФАтФАтФАтФАтФАтФАтФАтФАтФАтФАтФАтФАтФАтФАтФАтФАтФАтФАтФАтФАтФАтФАтФАтФАтФАтФАтФАтФАтФАтФАтФАтФАтФАтФАтФАтФАтФАтФАтФАтФАтФАтФАтФАтФАтФАтФАтФАтФАтФАтФАтФАтФАтФАтФАтФАтФАтФАтФАтФАтФАтФАтФАтФАтФАтФАтФАтФАтФАтФАтФАтФАтФАтФАтФАтФАтФАтФАтФАтФАтФАтФАтФАтФАтФАтФАтФАтФАтФАтФАтФАтФАтФАтФАтФАтФАтФАтФАтФА
тФМтФАтФАтФАтФАтФАтФАтФАтФАтФАтФАтФАтФАтФАтФАтФАтФАтФАтФАтФАтФАтФАтФАтФАтФАтФАтФАтФАтФАтФАтФАтФАтФАтФАтФАтФАтФАтФАтФАтФАтФАтФАтФАтФАтФАтФАтФАтФАтФАтФАтФАтФАтФАтФАтФАтФАтФАтФАтФАтФАтФАтФАтФАтФАтФАтФАтФАтФАтФАтФАтФАтФАтФАтФАтФАтФАтФАтФАтФАтФАтФАтФАтФАтФАтФАтФАтФАтФАтФАтФАтФАтФАтФАтФАтФАтФАтФАтФАтФАтФАтФАтФАтФАтФАтФАтФАтФАтФАтФАтФАтФАтФАтФАтФАтФАтФАтФАтФАтФАтФА
тФВ #0   TestService.validateResponseQuality (package:psycho_tests/services/test_service.dart:648:15)
тФВ #1   main.<anonymous closure>.<anonymous closure> (file:///D:/Work/psycho_app/0.0.1.x_dev/test/services/test_service_test.dart:430:38)
тФЬтФДтФДтФДтФДтФДтФДтФДтФДтФДтФДтФДтФДтФДтФДтФДтФДтФДтФДтФДтФДтФДтФДтФДтФДтФДтФДтФДтФДтФДтФДтФДтФДтФДтФДтФДтФДтФДтФДтФДтФДтФДтФДтФДтФДтФДтФДтФДтФДтФДтФДтФДтФДтФДтФДтФДтФДтФДтФДтФДтФДтФДтФДтФДтФДтФДтФДтФДтФДтФДтФДтФДтФДтФДтФДтФДтФДтФДтФДтФДтФДтФДтФДтФДтФДтФДтФДтФДтФДтФДтФДтФДтФДтФДтФДтФДтФДтФДтФДтФДтФДтФДтФДтФДтФДтФДтФДтФДтФДтФДтФДтФДтФДтФДтФДтФДтФДтФДтФДтФД
тФВ ЁЯРЫ Standard deviation: 0.00
тФФтФАтФАтФАтФАтФАтФАтФАтФАтФАтФАтФАтФАтФАтФАтФАтФАтФАтФАтФАтФАтФАтФАтФАтФАтФАтФАтФАтФАтФАтФАтФАтФАтФАтФАтФАтФАтФАтФАтФАтФАтФАтФАтФАтФАтФАтФАтФАтФАтФАтФАтФАтФАтФАтФАтФАтФАтФАтФАтФАтФАтФАтФАтФАтФАтФАтФАтФАтФАтФАтФАтФАтФАтФАтФАтФАтФАтФАтФАтФАтФАтФАтФАтФАтФАтФАтФАтФАтФАтФАтФАтФАтФАтФАтФАтФАтФАтФАтФАтФАтФАтФАтФАтФАтФАтФАтФАтФАтФАтФАтФАтФАтФАтФАтФАтФАтФАтФАтФАтФА
[38;5;208mтФМтФАтФАтФАтФАтФАтФАтФАтФАтФАтФАтФАтФАтФАтФАтФАтФАтФАтФАтФАтФАтФАтФАтФАтФАтФАтФАтФАтФАтФАтФАтФАтФАтФАтФАтФАтФАтФАтФАтФАтФАтФАтФАтФАтФАтФАтФАтФАтФАтФАтФАтФАтФАтФАтФАтФАтФАтФАтФАтФАтФАтФАтФАтФАтФАтФАтФАтФАтФАтФАтФАтФАтФАтФАтФАтФАтФАтФАтФАтФАтФАтФАтФАтФАтФАтФАтФАтФАтФАтФАтФАтФАтФАтФАтФАтФАтФАтФАтФАтФАтФАтФАтФАтФАтФАтФАтФАтФАтФАтФАтФАтФАтФАтФАтФАтФАтФАтФАтФАтФА[0m
[38;5;208mтФВ #0   TestService.validateResponseQuality (package:psycho_tests/services/test_service.dart:656:17)[0m
[38;5;208mтФВ #1   main.<anonymous closure>.<anonymous closure> (file:///D:/Work/psycho_app/0.0.1.x_dev/test/services/test_service_test.dart:430:38)[0m
[38;5;208mтФЬтФДтФДтФДтФДтФДтФДтФДтФДтФДтФДтФДтФДтФДтФДтФДтФДтФДтФДтФДтФДтФДтФДтФДтФДтФДтФДтФДтФДтФДтФДтФДтФДтФДтФДтФДтФДтФДтФДтФДтФДтФДтФДтФДтФДтФДтФДтФДтФДтФДтФДтФДтФДтФДтФДтФДтФДтФДтФДтФДтФДтФДтФДтФДтФДтФДтФДтФДтФДтФДтФДтФДтФДтФДтФДтФДтФДтФДтФДтФДтФДтФДтФДтФДтФДтФДтФДтФДтФДтФДтФДтФДтФДтФДтФДтФДтФДтФДтФДтФДтФДтФДтФДтФДтФДтФДтФДтФДтФДтФДтФДтФДтФДтФДтФДтФДтФДтФДтФДтФД[0m
[38;5;208mтФВ тЪая╕П ISSUE: ╨Ю╤З╨╡╨╜╤М ╨╜╨╕╨╖╨║╨░╤П ╨▓╨░╤А╨╕╨░╤В╨╕╨▓╨╜╨╛╤Б╤В╤М ╨╛╤В╨▓╨╡╤В╨╛╨▓ (0.00). ╨Т╨╛╨╖╨╝╨╛╨╢╨╜╨╛, ╨▓╤Л ╨╛╤В╨▓╨╡╤З╨░╨╗╨╕ ╨╜╨╡ ╨▓╨┤╤Г╨╝╤Л╨▓╨░╤П╤Б╤М.[0m
[38;5;208mтФФтФАтФАтФАтФАтФАтФАтФАтФАтФАтФАтФАтФАтФАтФАтФАтФАтФАтФАтФАтФАтФАтФАтФАтФАтФАтФАтФАтФАтФАтФАтФАтФАтФАтФАтФАтФАтФАтФАтФАтФАтФАтФАтФАтФАтФАтФАтФАтФАтФАтФАтФАтФАтФАтФАтФАтФАтФАтФАтФАтФАтФАтФАтФАтФАтФАтФАтФАтФАтФАтФАтФАтФАтФАтФАтФАтФАтФАтФАтФАтФАтФАтФАтФАтФАтФАтФАтФАтФАтФАтФАтФАтФАтФАтФАтФАтФАтФАтФАтФАтФАтФАтФАтФАтФАтФАтФАтФАтФАтФАтФАтФАтФАтФАтФАтФАтФАтФАтФАтФА[0m
тФМтФАтФАтФАтФАтФАтФАтФАтФАтФАтФАтФАтФАтФАтФАтФАтФАтФАтФАтФАтФАтФАтФАтФАтФАтФАтФАтФАтФАтФАтФАтФАтФАтФАтФАтФАтФАтФАтФАтФАтФАтФАтФАтФАтФАтФАтФАтФАтФАтФАтФАтФАтФАтФАтФАтФАтФАтФАтФАтФАтФАтФАтФАтФАтФАтФАтФАтФАтФАтФАтФАтФАтФАтФАтФАтФАтФАтФАтФАтФАтФАтФАтФАтФАтФАтФАтФАтФАтФАтФАтФАтФАтФАтФАтФАтФАтФАтФАтФАтФАтФАтФАтФАтФАтФАтФАтФАтФАтФАтФАтФАтФАтФАтФАтФАтФАтФАтФАтФАтФА
тФВ #0   TestService.validateResponseQuality (package:psycho_tests/services/test_service.dart:669:15)
тФВ #1   main.<anonymous closure>.<anonymous closure> (file:///D:/Work/psycho_app/0.0.1.x_dev/test/services/test_service_test.dart:430:38)
тФЬтФДтФДтФДтФДтФДтФДтФДтФДтФДтФДтФДтФДтФДтФДтФДтФДтФДтФДтФДтФДтФДтФДтФДтФДтФДтФДтФДтФДтФДтФДтФДтФДтФДтФДтФДтФДтФДтФДтФДтФДтФДтФДтФДтФДтФДтФДтФДтФДтФДтФДтФДтФДтФДтФДтФДтФДтФДтФДтФДтФДтФДтФДтФДтФДтФДтФДтФДтФДтФДтФДтФДтФДтФДтФДтФДтФДтФДтФДтФДтФДтФДтФДтФДтФДтФДтФДтФДтФДтФДтФДтФДтФДтФДтФДтФДтФДтФДтФДтФДтФДтФДтФДтФДтФДтФДтФДтФДтФДтФДтФДтФДтФДтФДтФДтФДтФДтФДтФДтФД
тФВ ЁЯРЫ Neutral answers: 20 of 20 (100.0%)
тФФтФАтФАтФАтФАтФАтФАтФАтФАтФАтФАтФАтФАтФАтФАтФАтФАтФАтФАтФАтФАтФАтФАтФАтФАтФАтФАтФАтФАтФАтФАтФАтФАтФАтФАтФАтФАтФАтФАтФАтФАтФАтФАтФАтФАтФАтФАтФАтФАтФАтФАтФАтФАтФАтФАтФАтФАтФАтФАтФАтФАтФАтФАтФАтФАтФАтФАтФАтФАтФАтФАтФАтФАтФАтФАтФАтФАтФАтФАтФАтФАтФАтФАтФАтФАтФАтФАтФАтФАтФАтФАтФАтФАтФАтФАтФАтФАтФАтФАтФАтФАтФАтФАтФАтФАтФАтФАтФАтФАтФАтФАтФАтФАтФАтФАтФАтФАтФАтФАтФА
[38;5;208mтФМтФАтФАтФАтФАтФАтФАтФАтФАтФАтФАтФАтФАтФАтФАтФАтФАтФАтФАтФАтФАтФАтФАтФАтФАтФАтФАтФАтФАтФАтФАтФАтФАтФАтФАтФАтФАтФАтФАтФАтФАтФАтФАтФАтФАтФАтФАтФАтФАтФАтФАтФАтФАтФАтФАтФАтФАтФАтФАтФАтФАтФАтФАтФАтФАтФАтФАтФАтФАтФАтФАтФАтФАтФАтФАтФАтФАтФАтФАтФАтФАтФАтФАтФАтФАтФАтФАтФАтФАтФАтФАтФАтФАтФАтФАтФАтФАтФАтФАтФАтФАтФАтФАтФАтФАтФАтФАтФАтФАтФАтФАтФАтФАтФАтФАтФАтФАтФАтФАтФА[0m
[38;5;208mтФВ #0   TestService.validateResponseQuality (package:psycho_tests/services/test_service.dart:678:17)[0m
[38;5;208mтФВ #1   main.<anonymous closure>.<anonymous closure> (file:///D:/Work/psycho_app/0.0.1.x_dev/test/services/test_service_test.dart:430:38)[0m
[38;5;208mтФЬтФДтФДтФДтФДтФДтФДтФДтФДтФДтФДтФДтФДтФДтФДтФДтФДтФДтФДтФДтФДтФДтФДтФДтФДтФДтФДтФДтФДтФДтФДтФДтФДтФДтФДтФДтФДтФДтФДтФДтФДтФДтФДтФДтФДтФДтФДтФДтФДтФДтФДтФДтФДтФДтФДтФДтФДтФДтФДтФДтФДтФДтФДтФДтФДтФДтФДтФДтФДтФДтФДтФДтФДтФДтФДтФДтФДтФДтФДтФДтФДтФДтФДтФДтФДтФДтФДтФДтФДтФДтФДтФДтФДтФДтФДтФДтФДтФДтФДтФДтФДтФДтФДтФДтФДтФДтФДтФДтФДтФДтФДтФДтФДтФДтФДтФДтФДтФДтФДтФД[0m
[38;5;208mтФВ тЪая╕П ISSUE: ╨б╨╗╨╕╤И╨║╨╛╨╝ ╨╝╨╜╨╛╨│╨╛ ╨╜╨╡╨╣╤В╤А╨░╨╗╤М╨╜╤Л╤Е ╨╛╤В╨▓╨╡╤В╨╛╨▓ (100%). ╨Я╨╛╨┐╤А╨╛╨▒╤Г╨╣╤В╨╡ ╨▒╤Л╤В╤М ╨▒╨╛╨╗╨╡╨╡ ╨╛╨┐╤А╨╡╨┤╨╡╨╗╤С╨╜╨╜╤Л╨╝.[0m
[38;5;208mтФФтФАтФАтФАтФАтФАтФАтФАтФАтФАтФАтФАтФАтФАтФАтФАтФАтФАтФАтФАтФАтФАтФАтФАтФАтФАтФАтФАтФАтФАтФАтФАтФАтФАтФАтФАтФАтФАтФАтФАтФАтФАтФАтФАтФАтФАтФАтФАтФАтФАтФАтФАтФАтФАтФАтФАтФАтФАтФАтФАтФАтФАтФАтФАтФАтФАтФАтФАтФАтФАтФАтФАтФАтФАтФАтФАтФАтФАтФАтФАтФАтФАтФАтФАтФАтФАтФАтФАтФАтФАтФАтФАтФАтФАтФАтФАтФАтФАтФАтФАтФАтФАтФАтФАтФАтФАтФАтФАтФАтФАтФАтФАтФАтФАтФАтФАтФАтФАтФАтФА[0m
тФМтФАтФАтФАтФАтФАтФАтФАтФАтФАтФАтФАтФАтФАтФАтФАтФАтФАтФАтФАтФАтФАтФАтФАтФАтФАтФАтФАтФАтФАтФАтФАтФАтФАтФАтФАтФАтФАтФАтФАтФАтФАтФАтФАтФАтФАтФАтФАтФАтФАтФАтФАтФАтФАтФАтФАтФАтФАтФАтФАтФАтФАтФАтФАтФАтФАтФАтФАтФАтФАтФАтФАтФАтФАтФАтФАтФАтФАтФАтФАтФАтФАтФАтФАтФАтФАтФАтФАтФАтФАтФАтФАтФАтФАтФАтФАтФАтФАтФАтФАтФАтФАтФАтФАтФАтФАтФАтФАтФАтФАтФАтФАтФАтФАтФАтФАтФАтФАтФАтФА
тФВ #0   TestService.validateResponseQuality (package:psycho_tests/services/test_service.dart:691:15)
тФВ #1   main.<anonymous closure>.<anonymous closure> (file:///D:/Work/psycho_app/0.0.1.x_dev/test/services/test_service_test.dart:430:38)
тФЬтФДтФДтФДтФДтФДтФДтФДтФДтФДтФДтФДтФДтФДтФДтФДтФДтФДтФДтФДтФДтФДтФДтФДтФДтФДтФДтФДтФДтФДтФДтФДтФДтФДтФДтФДтФДтФДтФДтФДтФДтФДтФДтФДтФДтФДтФДтФДтФДтФДтФДтФДтФДтФДтФДтФДтФДтФДтФДтФДтФДтФДтФДтФДтФДтФДтФДтФДтФДтФДтФДтФДтФДтФДтФДтФДтФДтФДтФДтФДтФДтФДтФДтФДтФДтФДтФДтФДтФДтФДтФДтФДтФДтФДтФДтФДтФДтФДтФДтФДтФДтФДтФДтФДтФДтФДтФДтФДтФДтФДтФДтФДтФДтФДтФДтФДтФДтФДтФДтФД
тФВ ЁЯРЫ Extreme answers: 0 of 20 (0.0%)
тФФтФАтФАтФАтФАтФАтФАтФАтФАтФАтФАтФАтФАтФАтФАтФАтФАтФАтФАтФАтФАтФАтФАтФАтФАтФАтФАтФАтФАтФАтФАтФАтФАтФАтФАтФАтФАтФАтФАтФАтФАтФАтФАтФАтФАтФАтФАтФАтФАтФАтФАтФАтФАтФАтФАтФАтФАтФАтФАтФАтФАтФАтФАтФАтФАтФАтФАтФАтФАтФАтФАтФАтФАтФАтФАтФАтФАтФАтФАтФАтФАтФАтФАтФАтФАтФАтФАтФАтФАтФАтФАтФАтФАтФАтФАтФАтФАтФАтФАтФАтФАтФАтФАтФАтФАтФАтФАтФАтФАтФАтФАтФАтФАтФАтФАтФАтФАтФАтФАтФА
тФМтФАтФАтФАтФАтФАтФАтФАтФАтФАтФАтФАтФАтФАтФАтФАтФАтФАтФАтФАтФАтФАтФАтФАтФАтФАтФАтФАтФАтФАтФАтФАтФАтФАтФАтФАтФАтФАтФАтФАтФАтФАтФАтФАтФАтФАтФАтФАтФАтФАтФАтФАтФАтФАтФАтФАтФАтФАтФАтФАтФАтФАтФАтФАтФАтФАтФАтФАтФАтФАтФАтФАтФАтФАтФАтФАтФАтФАтФАтФАтФАтФАтФАтФАтФАтФАтФАтФАтФАтФАтФАтФАтФАтФАтФАтФАтФАтФАтФАтФАтФАтФАтФАтФАтФАтФАтФАтФАтФАтФАтФАтФАтФАтФАтФАтФАтФАтФАтФАтФА
тФВ #0   TestService.validateResponseQuality (package:psycho_tests/services/test_service.dart:751:15)
тФВ #1   main.<anonymous closure>.<anonymous closure> (file:///D:/Work/psycho_app/0.0.1.x_dev/test/services/test_service_test.dart:430:38)
тФЬтФДтФДтФДтФДтФДтФДтФДтФДтФДтФДтФДтФДтФДтФДтФДтФДтФДтФДтФДтФДтФДтФДтФДтФДтФДтФДтФДтФДтФДтФДтФДтФДтФДтФДтФДтФДтФДтФДтФДтФДтФДтФДтФДтФДтФДтФДтФДтФДтФДтФДтФДтФДтФДтФДтФДтФДтФДтФДтФДтФДтФДтФДтФДтФДтФДтФДтФДтФДтФДтФДтФДтФДтФДтФДтФДтФДтФДтФДтФДтФДтФДтФДтФДтФДтФДтФДтФДтФДтФДтФДтФДтФДтФДтФДтФДтФДтФДтФДтФДтФДтФДтФДтФДтФДтФДтФДтФДтФДтФДтФДтФДтФДтФДтФДтФДтФДтФДтФДтФД
тФВ ЁЯРЫ Consistency score: 0.0%
тФФтФАтФАтФАтФАтФАтФАтФАтФАтФАтФАтФАтФАтФАтФАтФАтФАтФАтФАтФАтФАтФАтФАтФАтФАтФАтФАтФАтФАтФАтФАтФАтФАтФАтФАтФАтФАтФАтФАтФАтФАтФАтФАтФАтФАтФАтФАтФАтФАтФАтФАтФАтФАтФАтФАтФАтФАтФАтФАтФАтФАтФАтФАтФАтФАтФАтФАтФАтФАтФАтФАтФАтФАтФАтФАтФАтФАтФАтФАтФАтФАтФАтФАтФАтФАтФАтФАтФАтФАтФАтФАтФАтФАтФАтФАтФАтФАтФАтФАтФАтФАтФАтФАтФАтФАтФАтФАтФАтФАтФАтФАтФАтФАтФАтФАтФАтФАтФАтФАтФА
[38;5;208mтФМтФАтФАтФАтФАтФАтФАтФАтФАтФАтФАтФАтФАтФАтФАтФАтФАтФАтФАтФАтФАтФАтФАтФАтФАтФАтФАтФАтФАтФАтФАтФАтФАтФАтФАтФАтФАтФАтФАтФАтФАтФАтФАтФАтФАтФАтФАтФАтФАтФАтФАтФАтФАтФАтФАтФАтФАтФАтФАтФАтФАтФАтФАтФАтФАтФАтФАтФАтФАтФАтФАтФАтФАтФАтФАтФАтФАтФАтФАтФАтФАтФАтФАтФАтФАтФАтФАтФАтФАтФАтФАтФАтФАтФАтФАтФАтФАтФАтФАтФАтФАтФАтФАтФАтФАтФАтФАтФАтФАтФАтФАтФАтФАтФАтФАтФАтФАтФАтФАтФА[0m
[38;5;208mтФВ #0   TestService.validateResponseQuality (package:psycho_tests/services/test_service.dart:760:17)[0m
[38;5;208mтФВ #1   main.<anonymous closure>.<anonymous closure> (file:///D:/Work/psycho_app/0.0.1.x_dev/test/services/test_service_test.dart:430:38)[0m
[38;5;208mтФЬтФДтФДтФДтФДтФДтФДтФДтФДтФДтФДтФДтФДтФДтФДтФДтФДтФДтФДтФДтФДтФДтФДтФДтФДтФДтФДтФДтФДтФДтФДтФДтФДтФДтФДтФДтФДтФДтФДтФДтФДтФДтФДтФДтФДтФДтФДтФДтФДтФДтФДтФДтФДтФДтФДтФДтФДтФДтФДтФДтФДтФДтФДтФДтФДтФДтФДтФДтФДтФДтФДтФДтФДтФДтФДтФДтФДтФДтФДтФДтФДтФДтФДтФДтФДтФДтФДтФДтФДтФДтФДтФДтФДтФДтФДтФДтФДтФДтФДтФДтФДтФДтФДтФДтФДтФДтФДтФДтФДтФДтФДтФДтФДтФДтФДтФДтФДтФДтФДтФД[0m
[38;5;208mтФВ тЪая╕П ISSUE: ╨Ю╤З╨╡╨╜╤М ╨╜╨╕╨╖╨║╨░╤П ╤Б╨╛╨│╨╗╨░╤Б╨╛╨▓╨░╨╜╨╜╨╛╤Б╤В╤М ╨╛╤В╨▓╨╡╤В╨╛╨▓ (0%). ╨Т╨╛╨╖╨╝╨╛╨╢╨╜╨╛, ╨▓╤Л ╨╛╤В╨▓╨╡╤З╨░╨╗╨╕ ╤Б╨╗╤Г╤З╨░╨╣╨╜╨╛.[0m
[38;5;208mтФФтФАтФАтФАтФАтФАтФАтФАтФАтФАтФАтФАтФАтФАтФАтФАтФАтФАтФАтФАтФАтФАтФАтФАтФАтФАтФАтФАтФАтФАтФАтФАтФАтФАтФАтФАтФАтФАтФАтФАтФАтФАтФАтФАтФАтФАтФАтФАтФАтФАтФАтФАтФАтФАтФАтФАтФАтФАтФАтФАтФАтФАтФАтФАтФАтФАтФАтФАтФАтФАтФАтФАтФАтФАтФАтФАтФАтФАтФАтФАтФАтФАтФАтФАтФАтФАтФАтФАтФАтФАтФАтФАтФАтФАтФАтФАтФАтФАтФАтФАтФАтФАтФАтФАтФАтФАтФАтФАтФАтФАтФАтФАтФАтФАтФАтФАтФАтФАтФАтФА[0m
[38;5;208mтФМтФАтФАтФАтФАтФАтФАтФАтФАтФАтФАтФАтФАтФАтФАтФАтФАтФАтФАтФАтФАтФАтФАтФАтФАтФАтФАтФАтФАтФАтФАтФАтФАтФАтФАтФАтФАтФАтФАтФАтФАтФАтФАтФАтФАтФАтФАтФАтФАтФАтФАтФАтФАтФАтФАтФАтФАтФАтФАтФАтФАтФАтФАтФАтФАтФАтФАтФАтФАтФАтФАтФАтФАтФАтФАтФАтФАтФАтФАтФАтФАтФАтФАтФАтФАтФАтФАтФАтФАтФАтФАтФАтФАтФАтФАтФАтФАтФАтФАтФАтФАтФАтФАтФАтФАтФАтФАтФАтФАтФАтФАтФАтФАтФАтФАтФАтФАтФАтФАтФА[0m
[38;5;208mтФВ #0   TestService.validateResponseQuality (package:psycho_tests/services/test_service.dart:780:17)[0m
[38;5;208mтФВ #1   main.<anonymous closure>.<anonymous closure> (file:///D:/Work/psycho_app/0.0.1.x_dev/test/services/test_service_test.dart:430:38)[0m
[38;5;208mтФЬтФДтФДтФДтФДтФДтФДтФДтФДтФДтФДтФДтФДтФДтФДтФДтФДтФДтФДтФДтФДтФДтФДтФДтФДтФДтФДтФДтФДтФДтФДтФДтФДтФДтФДтФДтФДтФДтФДтФДтФДтФДтФДтФДтФДтФДтФДтФДтФДтФДтФДтФДтФДтФДтФДтФДтФДтФДтФДтФДтФДтФДтФДтФДтФДтФДтФДтФДтФДтФДтФДтФДтФДтФДтФДтФДтФДтФДтФДтФДтФДтФДтФДтФДтФДтФДтФДтФДтФДтФДтФДтФДтФДтФДтФДтФДтФДтФДтФДтФДтФДтФДтФДтФДтФДтФДтФДтФДтФДтФДтФДтФДтФДтФДтФДтФДтФДтФДтФДтФД[0m
[38;5;208mтФВ тЪая╕П OVERALL QUALITY: CRITICAL[0m
[38;5;208mтФФтФАтФАтФАтФАтФАтФАтФАтФАтФАтФАтФАтФАтФАтФАтФАтФАтФАтФАтФАтФАтФАтФАтФАтФАтФАтФАтФАтФАтФАтФАтФАтФАтФАтФАтФАтФАтФАтФАтФАтФАтФАтФАтФАтФАтФАтФАтФАтФАтФАтФАтФАтФАтФАтФАтФАтФАтФАтФАтФАтФАтФАтФАтФАтФАтФАтФАтФАтФАтФАтФАтФАтФАтФАтФАтФАтФАтФАтФАтФАтФАтФАтФАтФАтФАтФАтФАтФАтФАтФАтФАтФАтФАтФАтФАтФАтФАтФАтФАтФАтФАтФАтФАтФАтФАтФАтФАтФАтФАтФАтФАтФАтФАтФАтФАтФАтФАтФАтФАтФА[0m
00:01 +27 -16: D:/Work/psycho_app/0.0.1.x_dev/test/services/test_service_test.dart: validateResponseQuality() returns localized issues in English
тФМтФАтФАтФАтФАтФАтФАтФАтФАтФАтФАтФАтФАтФАтФАтФАтФАтФАтФАтФАтФАтФАтФАтФАтФАтФАтФАтФАтФАтФАтФАтФАтФАтФАтФАтФАтФАтФАтФАтФАтФАтФАтФАтФАтФАтФАтФАтФАтФАтФАтФАтФАтФАтФАтФАтФАтФАтФАтФАтФАтФАтФАтФАтФАтФАтФАтФАтФАтФАтФАтФАтФАтФАтФАтФАтФАтФАтФАтФАтФАтФАтФАтФАтФАтФАтФАтФАтФАтФАтФАтФАтФАтФАтФАтФАтФАтФАтФАтФАтФАтФАтФАтФАтФАтФАтФАтФАтФАтФАтФАтФАтФАтФАтФАтФАтФАтФАтФАтФАтФА
тФВ #0   TestService.validateResponseQuality (package:psycho_tests/services/test_service.dart:634:15)
тФВ #1   main.<anonymous closure>.<anonymous closure> (file:///D:/Work/psycho_app/0.0.1.x_dev/test/services/test_service_test.dart:448:38)
тФЬтФДтФДтФДтФДтФДтФДтФДтФДтФДтФДтФДтФДтФДтФДтФДтФДтФДтФДтФДтФДтФДтФДтФДтФДтФДтФДтФДтФДтФДтФДтФДтФДтФДтФДтФДтФДтФДтФДтФДтФДтФДтФДтФДтФДтФДтФДтФДтФДтФДтФДтФДтФДтФДтФДтФДтФДтФДтФДтФДтФДтФДтФДтФДтФДтФДтФДтФДтФДтФДтФДтФДтФДтФДтФДтФДтФДтФДтФДтФДтФДтФДтФДтФДтФДтФДтФДтФДтФДтФДтФДтФДтФДтФДтФДтФДтФДтФДтФДтФДтФДтФДтФДтФДтФДтФДтФДтФДтФДтФДтФДтФДтФДтФДтФДтФДтФДтФДтФДтФД
тФВ ЁЯРЫ Starting validation of 20 answers
тФФтФАтФАтФАтФАтФАтФАтФАтФАтФАтФАтФАтФАтФАтФАтФАтФАтФАтФАтФАтФАтФАтФАтФАтФАтФАтФАтФАтФАтФАтФАтФАтФАтФАтФАтФАтФАтФАтФАтФАтФАтФАтФАтФАтФАтФАтФАтФАтФАтФАтФАтФАтФАтФАтФАтФАтФАтФАтФАтФАтФАтФАтФАтФАтФАтФАтФАтФАтФАтФАтФАтФАтФАтФАтФАтФАтФАтФАтФАтФАтФАтФАтФАтФАтФАтФАтФАтФАтФАтФАтФАтФАтФАтФАтФАтФАтФАтФАтФАтФАтФАтФАтФАтФАтФАтФАтФАтФАтФАтФАтФАтФАтФАтФАтФАтФАтФАтФАтФАтФА
тФМтФАтФАтФАтФАтФАтФАтФАтФАтФАтФАтФАтФАтФАтФАтФАтФАтФАтФАтФАтФАтФАтФАтФАтФАтФАтФАтФАтФАтФАтФАтФАтФАтФАтФАтФАтФАтФАтФАтФАтФАтФАтФАтФАтФАтФАтФАтФАтФАтФАтФАтФАтФАтФАтФАтФАтФАтФАтФАтФАтФАтФАтФАтФАтФАтФАтФАтФАтФАтФАтФАтФАтФАтФАтФАтФАтФАтФАтФАтФАтФАтФАтФАтФАтФАтФАтФАтФАтФАтФАтФАтФАтФАтФАтФАтФАтФАтФАтФАтФАтФАтФАтФАтФАтФАтФАтФАтФАтФАтФАтФАтФАтФАтФАтФАтФАтФАтФАтФАтФА
тФВ #0   TestService.validateResponseQuality (package:psycho_tests/services/test_service.dart:647:15)
тФВ #1   main.<anonymous closure>.<anonymous closure> (file:///D:/Work/psycho_app/0.0.1.x_dev/test/services/test_service_test.dart:448:38)
тФЬтФДтФДтФДтФДтФДтФДтФДтФДтФДтФДтФДтФДтФДтФДтФДтФДтФДтФДтФДтФДтФДтФДтФДтФДтФДтФДтФДтФДтФДтФДтФДтФДтФДтФДтФДтФДтФДтФДтФДтФДтФДтФДтФДтФДтФДтФДтФДтФДтФДтФДтФДтФДтФДтФДтФДтФДтФДтФДтФДтФДтФДтФДтФДтФДтФДтФДтФДтФДтФДтФДтФДтФДтФДтФДтФДтФДтФДтФДтФДтФДтФДтФДтФДтФДтФДтФДтФДтФДтФДтФДтФДтФДтФДтФДтФДтФДтФДтФДтФДтФДтФДтФДтФДтФДтФДтФДтФДтФДтФДтФДтФДтФДтФДтФДтФДтФДтФДтФДтФД
тФВ ЁЯРЫ Answer mean: 3.00
тФФтФАтФАтФАтФАтФАтФАтФАтФАтФАтФАтФАтФАтФАтФАтФАтФАтФАтФАтФАтФАтФАтФАтФАтФАтФАтФАтФАтФАтФАтФАтФАтФАтФАтФАтФАтФАтФАтФАтФАтФАтФАтФАтФАтФАтФАтФАтФАтФАтФАтФАтФАтФАтФАтФАтФАтФАтФАтФАтФАтФАтФАтФАтФАтФАтФАтФАтФАтФАтФАтФАтФАтФАтФАтФАтФАтФАтФАтФАтФАтФАтФАтФАтФАтФАтФАтФАтФАтФАтФАтФАтФАтФАтФАтФАтФАтФАтФАтФАтФАтФАтФАтФАтФАтФАтФАтФАтФАтФАтФАтФАтФАтФАтФАтФАтФАтФАтФАтФАтФА
тФМтФАтФАтФАтФАтФАтФАтФАтФАтФАтФАтФАтФАтФАтФАтФАтФАтФАтФАтФАтФАтФАтФАтФАтФАтФАтФАтФАтФАтФАтФАтФАтФАтФАтФАтФАтФАтФАтФАтФАтФАтФАтФАтФАтФАтФАтФАтФАтФАтФАтФАтФАтФАтФАтФАтФАтФАтФАтФАтФАтФАтФАтФАтФАтФАтФАтФАтФАтФАтФАтФАтФАтФАтФАтФАтФАтФАтФАтФАтФАтФАтФАтФАтФАтФАтФАтФАтФАтФАтФАтФАтФАтФАтФАтФАтФАтФАтФАтФАтФАтФАтФАтФАтФАтФАтФАтФАтФАтФАтФАтФАтФАтФАтФАтФАтФАтФАтФАтФАтФА
тФВ #0   TestService.validateResponseQuality (package:psycho_tests/services/test_service.dart:648:15)
тФВ #1   main.<anonymous closure>.<anonymous closure> (file:///D:/Work/psycho_app/0.0.1.x_dev/test/services/test_service_test.dart:448:38)
тФЬтФДтФДтФДтФДтФДтФДтФДтФДтФДтФДтФДтФДтФДтФДтФДтФДтФДтФДтФДтФДтФДтФДтФДтФДтФДтФДтФДтФДтФДтФДтФДтФДтФДтФДтФДтФДтФДтФДтФДтФДтФДтФДтФДтФДтФДтФДтФДтФДтФДтФДтФДтФДтФДтФДтФДтФДтФДтФДтФДтФДтФДтФДтФДтФДтФДтФДтФДтФДтФДтФДтФДтФДтФДтФДтФДтФДтФДтФДтФДтФДтФДтФДтФДтФДтФДтФДтФДтФДтФДтФДтФДтФДтФДтФДтФДтФДтФДтФДтФДтФДтФДтФДтФДтФДтФДтФДтФДтФДтФДтФДтФДтФДтФДтФДтФДтФДтФДтФДтФД
тФВ ЁЯРЫ Standard deviation: 0.00
тФФтФАтФАтФАтФАтФАтФАтФАтФАтФАтФАтФАтФАтФАтФАтФАтФАтФАтФАтФАтФАтФАтФАтФАтФАтФАтФАтФАтФАтФАтФАтФАтФАтФАтФАтФАтФАтФАтФАтФАтФАтФАтФАтФАтФАтФАтФАтФАтФАтФАтФАтФАтФАтФАтФАтФАтФАтФАтФАтФАтФАтФАтФАтФАтФАтФАтФАтФАтФАтФАтФАтФАтФАтФАтФАтФАтФАтФАтФАтФАтФАтФАтФАтФАтФАтФАтФАтФАтФАтФАтФАтФАтФАтФАтФАтФАтФАтФАтФАтФАтФАтФАтФАтФАтФАтФАтФАтФАтФАтФАтФАтФАтФАтФАтФАтФАтФАтФАтФАтФА
[38;5;208mтФМтФАтФАтФАтФАтФАтФАтФАтФАтФАтФАтФАтФАтФАтФАтФАтФАтФАтФАтФАтФАтФАтФАтФАтФАтФАтФАтФАтФАтФАтФАтФАтФАтФАтФАтФАтФАтФАтФАтФАтФАтФАтФАтФАтФАтФАтФАтФАтФАтФАтФАтФАтФАтФАтФАтФАтФАтФАтФАтФАтФАтФАтФАтФАтФАтФАтФАтФАтФАтФАтФАтФАтФАтФАтФАтФАтФАтФАтФАтФАтФАтФАтФАтФАтФАтФАтФАтФАтФАтФАтФАтФАтФАтФАтФАтФАтФАтФАтФАтФАтФАтФАтФАтФАтФАтФАтФАтФАтФАтФАтФАтФАтФАтФАтФАтФАтФАтФАтФАтФА[0m
[38;5;208mтФВ #0   TestService.validateResponseQuality (package:psycho_tests/services/test_service.dart:656:17)[0m
[38;5;208mтФВ #1   main.<anonymous closure>.<anonymous closure> (file:///D:/Work/psycho_app/0.0.1.x_dev/test/services/test_service_test.dart:448:38)[0m
[38;5;208mтФЬтФДтФДтФДтФДтФДтФДтФДтФДтФДтФДтФДтФДтФДтФДтФДтФДтФДтФДтФДтФДтФДтФДтФДтФДтФДтФДтФДтФДтФДтФДтФДтФДтФДтФДтФДтФДтФДтФДтФДтФДтФДтФДтФДтФДтФДтФДтФДтФДтФДтФДтФДтФДтФДтФДтФДтФДтФДтФДтФДтФДтФДтФДтФДтФДтФДтФДтФДтФДтФДтФДтФДтФДтФДтФДтФДтФДтФДтФДтФДтФДтФДтФДтФДтФДтФДтФДтФДтФДтФДтФДтФДтФДтФДтФДтФДтФДтФДтФДтФДтФДтФДтФДтФДтФДтФДтФДтФДтФДтФДтФДтФДтФДтФДтФДтФДтФДтФДтФДтФД[0m
[38;5;208mтФВ тЪая╕П ISSUE: Very low response variance (0.00). You may not have been thoughtful.[0m
[38;5;208mтФФтФАтФАтФАтФАтФАтФАтФАтФАтФАтФАтФАтФАтФАтФАтФАтФАтФАтФАтФАтФАтФАтФАтФАтФАтФАтФАтФАтФАтФАтФАтФАтФАтФАтФАтФАтФАтФАтФАтФАтФАтФАтФАтФАтФАтФАтФАтФАтФАтФАтФАтФАтФАтФАтФАтФАтФАтФАтФАтФАтФАтФАтФАтФАтФАтФАтФАтФАтФАтФАтФАтФАтФАтФАтФАтФАтФАтФАтФАтФАтФАтФАтФАтФАтФАтФАтФАтФАтФАтФАтФАтФАтФАтФАтФАтФАтФАтФАтФАтФАтФАтФАтФАтФАтФАтФАтФАтФАтФАтФАтФАтФАтФАтФАтФАтФАтФАтФАтФАтФА[0m
тФМтФАтФАтФАтФАтФАтФАтФАтФАтФАтФАтФАтФАтФАтФАтФАтФАтФАтФАтФАтФАтФАтФАтФАтФАтФАтФАтФАтФАтФАтФАтФАтФАтФАтФАтФАтФАтФАтФАтФАтФАтФАтФАтФАтФАтФАтФАтФАтФАтФАтФАтФАтФАтФАтФАтФАтФАтФАтФАтФАтФАтФАтФАтФАтФАтФАтФАтФАтФАтФАтФАтФАтФАтФАтФАтФАтФАтФАтФАтФАтФАтФАтФАтФАтФАтФАтФАтФАтФАтФАтФАтФАтФАтФАтФАтФАтФАтФАтФАтФАтФАтФАтФАтФАтФАтФАтФАтФАтФАтФАтФАтФАтФАтФАтФАтФАтФАтФАтФАтФА
тФВ #0   TestService.validateResponseQuality (package:psycho_tests/services/test_service.dart:669:15)
тФВ #1   main.<anonymous closure>.<anonymous closure> (file:///D:/Work/psycho_app/0.0.1.x_dev/test/services/test_service_test.dart:448:38)
тФЬтФДтФДтФДтФДтФДтФДтФДтФДтФДтФДтФДтФДтФДтФДтФДтФДтФДтФДтФДтФДтФДтФДтФДтФДтФДтФДтФДтФДтФДтФДтФДтФДтФДтФДтФДтФДтФДтФДтФДтФДтФДтФДтФДтФДтФДтФДтФДтФДтФДтФДтФДтФДтФДтФДтФДтФДтФДтФДтФДтФДтФДтФДтФДтФДтФДтФДтФДтФДтФДтФДтФДтФДтФДтФДтФДтФДтФДтФДтФДтФДтФДтФДтФДтФДтФДтФДтФДтФДтФДтФДтФДтФДтФДтФДтФДтФДтФДтФДтФДтФДтФДтФДтФДтФДтФДтФДтФДтФДтФДтФДтФДтФДтФДтФДтФДтФДтФДтФДтФД
тФВ ЁЯРЫ Neutral answers: 20 of 20 (100.0%)
тФФтФАтФАтФАтФАтФАтФАтФАтФАтФАтФАтФАтФАтФАтФАтФАтФАтФАтФАтФАтФАтФАтФАтФАтФАтФАтФАтФАтФАтФАтФАтФАтФАтФАтФАтФАтФАтФАтФАтФАтФАтФАтФАтФАтФАтФАтФАтФАтФАтФАтФАтФАтФАтФАтФАтФАтФАтФАтФАтФАтФАтФАтФАтФАтФАтФАтФАтФАтФАтФАтФАтФАтФАтФАтФАтФАтФАтФАтФАтФАтФАтФАтФАтФАтФАтФАтФАтФАтФАтФАтФАтФАтФАтФАтФАтФАтФАтФАтФАтФАтФАтФАтФАтФАтФАтФАтФАтФАтФАтФАтФАтФАтФАтФАтФАтФАтФАтФАтФАтФА
[38;5;208mтФМтФАтФАтФАтФАтФАтФАтФАтФАтФАтФАтФАтФАтФАтФАтФАтФАтФАтФАтФАтФАтФАтФАтФАтФАтФАтФАтФАтФАтФАтФАтФАтФАтФАтФАтФАтФАтФАтФАтФАтФАтФАтФАтФАтФАтФАтФАтФАтФАтФАтФАтФАтФАтФАтФАтФАтФАтФАтФАтФАтФАтФАтФАтФАтФАтФАтФАтФАтФАтФАтФАтФАтФАтФАтФАтФАтФАтФАтФАтФАтФАтФАтФАтФАтФАтФАтФАтФАтФАтФАтФАтФАтФАтФАтФАтФАтФАтФАтФАтФАтФАтФАтФАтФАтФАтФАтФАтФАтФАтФАтФАтФАтФАтФАтФАтФАтФАтФАтФАтФА[0m
[38;5;208mтФВ #0   TestService.validateResponseQuality (package:psycho_tests/services/test_service.dart:678:17)[0m
[38;5;208mтФВ #1   main.<anonymous closure>.<anonymous closure> (file:///D:/Work/psycho_app/0.0.1.x_dev/test/services/test_service_test.dart:448:38)[0m
[38;5;208mтФЬтФДтФДтФДтФДтФДтФДтФДтФДтФДтФДтФДтФДтФДтФДтФДтФДтФДтФДтФДтФДтФДтФДтФДтФДтФДтФДтФДтФДтФДтФДтФДтФДтФДтФДтФДтФДтФДтФДтФДтФДтФДтФДтФДтФДтФДтФДтФДтФДтФДтФДтФДтФДтФДтФДтФДтФДтФДтФДтФДтФДтФДтФДтФДтФДтФДтФДтФДтФДтФДтФДтФДтФДтФДтФДтФДтФДтФДтФДтФДтФДтФДтФДтФДтФДтФДтФДтФДтФДтФДтФДтФДтФДтФДтФДтФДтФДтФДтФДтФДтФДтФДтФДтФДтФДтФДтФДтФДтФДтФДтФДтФДтФДтФДтФДтФДтФДтФДтФДтФД[0m
[38;5;208mтФВ тЪая╕П ISSUE: Too many neutral answers (100%). Try to be more decisive.[0m
[38;5;208mтФФтФАтФАтФАтФАтФАтФАтФАтФАтФАтФАтФАтФАтФАтФАтФАтФАтФАтФАтФАтФАтФАтФАтФАтФАтФАтФАтФАтФАтФАтФАтФАтФАтФАтФАтФАтФАтФАтФАтФАтФАтФАтФАтФАтФАтФАтФАтФАтФАтФАтФАтФАтФАтФАтФАтФАтФАтФАтФАтФАтФАтФАтФАтФАтФАтФАтФАтФАтФАтФАтФАтФАтФАтФАтФАтФАтФАтФАтФАтФАтФАтФАтФАтФАтФАтФАтФАтФАтФАтФАтФАтФАтФАтФАтФАтФАтФАтФАтФАтФАтФАтФАтФАтФАтФАтФАтФАтФАтФАтФАтФАтФАтФАтФАтФАтФАтФАтФАтФАтФА[0m
тФМтФАтФАтФАтФАтФАтФАтФАтФАтФАтФАтФАтФАтФАтФАтФАтФАтФАтФАтФАтФАтФАтФАтФАтФАтФАтФАтФАтФАтФАтФАтФАтФАтФАтФАтФАтФАтФАтФАтФАтФАтФАтФАтФАтФАтФАтФАтФАтФАтФАтФАтФАтФАтФАтФАтФАтФАтФАтФАтФАтФАтФАтФАтФАтФАтФАтФАтФАтФАтФАтФАтФАтФАтФАтФАтФАтФАтФАтФАтФАтФАтФАтФАтФАтФАтФАтФАтФАтФАтФАтФАтФАтФАтФАтФАтФАтФАтФАтФАтФАтФАтФАтФАтФАтФАтФАтФАтФАтФАтФАтФАтФАтФАтФАтФАтФАтФАтФАтФАтФА
тФВ #0   TestService.validateResponseQuality (package:psycho_tests/services/test_service.dart:691:15)
тФВ #1   main.<anonymous closure>.<anonymous closure> (file:///D:/Work/psycho_app/0.0.1.x_dev/test/services/test_service_test.dart:448:38)
тФЬтФДтФДтФДтФДтФДтФДтФДтФДтФДтФДтФДтФДтФДтФДтФДтФДтФДтФДтФДтФДтФДтФДтФДтФДтФДтФДтФДтФДтФДтФДтФДтФДтФДтФДтФДтФДтФДтФДтФДтФДтФДтФДтФДтФДтФДтФДтФДтФДтФДтФДтФДтФДтФДтФДтФДтФДтФДтФДтФДтФДтФДтФДтФДтФДтФДтФДтФДтФДтФДтФДтФДтФДтФДтФДтФДтФДтФДтФДтФДтФДтФДтФДтФДтФДтФДтФДтФДтФДтФДтФДтФДтФДтФДтФДтФДтФДтФДтФДтФДтФДтФДтФДтФДтФДтФДтФДтФДтФДтФДтФДтФДтФДтФДтФДтФДтФДтФДтФДтФД
тФВ ЁЯРЫ Extreme answers: 0 of 20 (0.0%)
тФФтФАтФАтФАтФАтФАтФАтФАтФАтФАтФАтФАтФАтФАтФАтФАтФАтФАтФАтФАтФАтФАтФАтФАтФАтФАтФАтФАтФАтФАтФАтФАтФАтФАтФАтФАтФАтФАтФАтФАтФАтФАтФАтФАтФАтФАтФАтФАтФАтФАтФАтФАтФАтФАтФАтФАтФАтФАтФАтФАтФАтФАтФАтФАтФАтФАтФАтФАтФАтФАтФАтФАтФАтФАтФАтФАтФАтФАтФАтФАтФАтФАтФАтФАтФАтФАтФАтФАтФАтФАтФАтФАтФАтФАтФАтФАтФАтФАтФАтФАтФАтФАтФАтФАтФАтФАтФАтФАтФАтФАтФАтФАтФАтФАтФАтФАтФАтФАтФАтФА
тФМтФАтФАтФАтФАтФАтФАтФАтФАтФАтФАтФАтФАтФАтФАтФАтФАтФАтФАтФАтФАтФАтФАтФАтФАтФАтФАтФАтФАтФАтФАтФАтФАтФАтФАтФАтФАтФАтФАтФАтФАтФАтФАтФАтФАтФАтФАтФАтФАтФАтФАтФАтФАтФАтФАтФАтФАтФАтФАтФАтФАтФАтФАтФАтФАтФАтФАтФАтФАтФАтФАтФАтФАтФАтФАтФАтФАтФАтФАтФАтФАтФАтФАтФАтФАтФАтФАтФАтФАтФАтФАтФАтФАтФАтФАтФАтФАтФАтФАтФАтФАтФАтФАтФАтФАтФАтФАтФАтФАтФАтФАтФАтФАтФАтФАтФАтФАтФАтФАтФА
тФВ #0   TestService.validateResponseQuality (package:psycho_tests/services/test_service.dart:751:15)
тФВ #1   main.<anonymous closure>.<anonymous closure> (file:///D:/Work/psycho_app/0.0.1.x_dev/test/services/test_service_test.dart:448:38)
тФЬтФДтФДтФДтФДтФДтФДтФДтФДтФДтФДтФДтФДтФДтФДтФДтФДтФДтФДтФДтФДтФДтФДтФДтФДтФДтФДтФДтФДтФДтФДтФДтФДтФДтФДтФДтФДтФДтФДтФДтФДтФДтФДтФДтФДтФДтФДтФДтФДтФДтФДтФДтФДтФДтФДтФДтФДтФДтФДтФДтФДтФДтФДтФДтФДтФДтФДтФДтФДтФДтФДтФДтФДтФДтФДтФДтФДтФДтФДтФДтФДтФДтФДтФДтФДтФДтФДтФДтФДтФДтФДтФДтФДтФДтФДтФДтФДтФДтФДтФДтФДтФДтФДтФДтФДтФДтФДтФДтФДтФДтФДтФДтФДтФДтФДтФДтФДтФДтФДтФД
тФВ ЁЯРЫ Consistency score: 0.0%
тФФтФАтФАтФАтФАтФАтФАтФАтФАтФАтФАтФАтФАтФАтФАтФАтФАтФАтФАтФАтФАтФАтФАтФАтФАтФАтФАтФАтФАтФАтФАтФАтФАтФАтФАтФАтФАтФАтФАтФАтФАтФАтФАтФАтФАтФАтФАтФАтФАтФАтФАтФАтФАтФАтФАтФАтФАтФАтФАтФАтФАтФАтФАтФАтФАтФАтФАтФАтФАтФАтФАтФАтФАтФАтФАтФАтФАтФАтФАтФАтФАтФАтФАтФАтФАтФАтФАтФАтФАтФАтФАтФАтФАтФАтФАтФАтФАтФАтФАтФАтФАтФАтФАтФАтФАтФАтФАтФАтФАтФАтФАтФАтФАтФАтФАтФАтФАтФАтФАтФА
[38;5;208mтФМтФАтФАтФАтФАтФАтФАтФАтФАтФАтФАтФАтФАтФАтФАтФАтФАтФАтФАтФАтФАтФАтФАтФАтФАтФАтФАтФАтФАтФАтФАтФАтФАтФАтФАтФАтФАтФАтФАтФАтФАтФАтФАтФАтФАтФАтФАтФАтФАтФАтФАтФАтФАтФАтФАтФАтФАтФАтФАтФАтФАтФАтФАтФАтФАтФАтФАтФАтФАтФАтФАтФАтФАтФАтФАтФАтФАтФАтФАтФАтФАтФАтФАтФАтФАтФАтФАтФАтФАтФАтФАтФАтФАтФАтФАтФАтФАтФАтФАтФАтФАтФАтФАтФАтФАтФАтФАтФАтФАтФАтФАтФАтФАтФАтФАтФАтФАтФАтФАтФА[0m
[38;5;208mтФВ #0   TestService.validateResponseQuality (package:psycho_tests/services/test_service.dart:760:17)[0m
[38;5;208mтФВ #1   main.<anonymous closure>.<anonymous closure> (file:///D:/Work/psycho_app/0.0.1.x_dev/test/services/test_service_test.dart:448:38)[0m
[38;5;208mтФЬтФДтФДтФДтФДтФДтФДтФДтФДтФДтФДтФДтФДтФДтФДтФДтФДтФДтФДтФДтФДтФДтФДтФДтФДтФДтФДтФДтФДтФДтФДтФДтФДтФДтФДтФДтФДтФДтФДтФДтФДтФДтФДтФДтФДтФДтФДтФДтФДтФДтФДтФДтФДтФДтФДтФДтФДтФДтФДтФДтФДтФДтФДтФДтФДтФДтФДтФДтФДтФДтФДтФДтФДтФДтФДтФДтФДтФДтФДтФДтФДтФДтФДтФДтФДтФДтФДтФДтФДтФДтФДтФДтФДтФДтФДтФДтФДтФДтФДтФДтФДтФДтФДтФДтФДтФДтФДтФДтФДтФДтФДтФДтФДтФДтФДтФДтФДтФДтФДтФД[0m
[38;5;208mтФВ тЪая╕П ISSUE: Very low answer consistency (0%). You may have answered randomly.[0m
[38;5;208mтФФтФАтФАтФАтФАтФАтФАтФАтФАтФАтФАтФАтФАтФАтФАтФАтФАтФАтФАтФАтФАтФАтФАтФАтФАтФАтФАтФАтФАтФАтФАтФАтФАтФАтФАтФАтФАтФАтФАтФАтФАтФАтФАтФАтФАтФАтФАтФАтФАтФАтФАтФАтФАтФАтФАтФАтФАтФАтФАтФАтФАтФАтФАтФАтФАтФАтФАтФАтФАтФАтФАтФАтФАтФАтФАтФАтФАтФАтФАтФАтФАтФАтФАтФАтФАтФАтФАтФАтФАтФАтФАтФАтФАтФАтФАтФАтФАтФАтФАтФАтФАтФАтФАтФАтФАтФАтФАтФАтФАтФАтФАтФАтФАтФАтФАтФАтФАтФАтФАтФА[0m
[38;5;208mтФМтФАтФАтФАтФАтФАтФАтФАтФАтФАтФАтФАтФАтФАтФАтФАтФАтФАтФАтФАтФАтФАтФАтФАтФАтФАтФАтФАтФАтФАтФАтФАтФАтФАтФАтФАтФАтФАтФАтФАтФАтФАтФАтФАтФАтФАтФАтФАтФАтФАтФАтФАтФАтФАтФАтФАтФАтФАтФАтФАтФАтФАтФАтФАтФАтФАтФАтФАтФАтФАтФАтФАтФАтФАтФАтФАтФАтФАтФАтФАтФАтФАтФАтФАтФАтФАтФАтФАтФАтФАтФАтФАтФАтФАтФАтФАтФАтФАтФАтФАтФАтФАтФАтФАтФАтФАтФАтФАтФАтФАтФАтФАтФАтФАтФАтФАтФАтФАтФАтФА[0m
[38;5;208mтФВ #0   TestService.validateResponseQuality (package:psycho_tests/services/test_service.dart:780:17)[0m
[38;5;208mтФВ #1   main.<anonymous closure>.<anonymous closure> (file:///D:/Work/psycho_app/0.0.1.x_dev/test/services/test_service_test.dart:448:38)[0m
[38;5;208mтФЬтФДтФДтФДтФДтФДтФДтФДтФДтФДтФДтФДтФДтФДтФДтФДтФДтФДтФДтФДтФДтФДтФДтФДтФДтФДтФДтФДтФДтФДтФДтФДтФДтФДтФДтФДтФДтФДтФДтФДтФДтФДтФДтФДтФДтФДтФДтФДтФДтФДтФДтФДтФДтФДтФДтФДтФДтФДтФДтФДтФДтФДтФДтФДтФДтФДтФДтФДтФДтФДтФДтФДтФДтФДтФДтФДтФДтФДтФДтФДтФДтФДтФДтФДтФДтФДтФДтФДтФДтФДтФДтФДтФДтФДтФДтФДтФДтФДтФДтФДтФДтФДтФДтФДтФДтФДтФДтФДтФДтФДтФДтФДтФДтФДтФДтФДтФДтФДтФДтФД[0m
[38;5;208mтФВ тЪая╕П OVERALL QUALITY: CRITICAL[0m
[38;5;208mтФФтФАтФАтФАтФАтФАтФАтФАтФАтФАтФАтФАтФАтФАтФАтФАтФАтФАтФАтФАтФАтФАтФАтФАтФАтФАтФАтФАтФАтФАтФАтФАтФАтФАтФАтФАтФАтФАтФАтФАтФАтФАтФАтФАтФАтФАтФАтФАтФАтФАтФАтФАтФАтФАтФАтФАтФАтФАтФАтФАтФАтФАтФАтФАтФАтФАтФАтФАтФАтФАтФАтФАтФАтФАтФАтФАтФАтФАтФАтФАтФАтФАтФАтФАтФАтФАтФАтФАтФАтФАтФАтФАтФАтФАтФАтФАтФАтФАтФАтФАтФАтФАтФАтФАтФАтФАтФАтФАтФАтФАтФАтФАтФАтФАтФАтФАтФАтФАтФАтФА[0m
00:01 +28 -16: D:/Work/psycho_app/0.0.1.x_dev/test/services/test_service_test.dart: validateResponseQuality() handles edge case with minimum number of answers
тФМтФАтФАтФАтФАтФАтФАтФАтФАтФАтФАтФАтФАтФАтФАтФАтФАтФАтФАтФАтФАтФАтФАтФАтФАтФАтФАтФАтФАтФАтФАтФАтФАтФАтФАтФАтФАтФАтФАтФАтФАтФАтФАтФАтФАтФАтФАтФАтФАтФАтФАтФАтФАтФАтФАтФАтФАтФАтФАтФАтФАтФАтФАтФАтФАтФАтФАтФАтФАтФАтФАтФАтФАтФАтФАтФАтФАтФАтФАтФАтФАтФАтФАтФАтФАтФАтФАтФАтФАтФАтФАтФАтФАтФАтФАтФАтФАтФАтФАтФАтФАтФАтФАтФАтФАтФАтФАтФАтФАтФАтФАтФАтФАтФАтФАтФАтФАтФАтФАтФА
тФВ #0   TestService.validateResponseQuality (package:psycho_tests/services/test_service.dart:634:15)
тФВ #1   main.<anonymous closure>.<anonymous closure> (file:///D:/Work/psycho_app/0.0.1.x_dev/test/services/test_service_test.dart:467:38)
тФЬтФДтФДтФДтФДтФДтФДтФДтФДтФДтФДтФДтФДтФДтФДтФДтФДтФДтФДтФДтФДтФДтФДтФДтФДтФДтФДтФДтФДтФДтФДтФДтФДтФДтФДтФДтФДтФДтФДтФДтФДтФДтФДтФДтФДтФДтФДтФДтФДтФДтФДтФДтФДтФДтФДтФДтФДтФДтФДтФДтФДтФДтФДтФДтФДтФДтФДтФДтФДтФДтФДтФДтФДтФДтФДтФДтФДтФДтФДтФДтФДтФДтФДтФДтФДтФДтФДтФДтФДтФДтФДтФДтФДтФДтФДтФДтФДтФДтФДтФДтФДтФДтФДтФДтФДтФДтФДтФДтФДтФДтФДтФДтФДтФДтФДтФДтФДтФДтФДтФД
тФВ ЁЯРЫ Starting validation of 2 answers
тФФтФАтФАтФАтФАтФАтФАтФАтФАтФАтФАтФАтФАтФАтФАтФАтФАтФАтФАтФАтФАтФАтФАтФАтФАтФАтФАтФАтФАтФАтФАтФАтФАтФАтФАтФАтФАтФАтФАтФАтФАтФАтФАтФАтФАтФАтФАтФАтФАтФАтФАтФАтФАтФАтФАтФАтФАтФАтФАтФАтФАтФАтФАтФАтФАтФАтФАтФАтФАтФАтФАтФАтФАтФАтФАтФАтФАтФАтФАтФАтФАтФАтФАтФАтФАтФАтФАтФАтФАтФАтФАтФАтФАтФАтФАтФАтФАтФАтФАтФАтФАтФАтФАтФАтФАтФАтФАтФАтФАтФАтФАтФАтФАтФАтФАтФАтФАтФАтФАтФА
тФМтФАтФАтФАтФАтФАтФАтФАтФАтФАтФАтФАтФАтФАтФАтФАтФАтФАтФАтФАтФАтФАтФАтФАтФАтФАтФАтФАтФАтФАтФАтФАтФАтФАтФАтФАтФАтФАтФАтФАтФАтФАтФАтФАтФАтФАтФАтФАтФАтФАтФАтФАтФАтФАтФАтФАтФАтФАтФАтФАтФАтФАтФАтФАтФАтФАтФАтФАтФАтФАтФАтФАтФАтФАтФАтФАтФАтФАтФАтФАтФАтФАтФАтФАтФАтФАтФАтФАтФАтФАтФАтФАтФАтФАтФАтФАтФАтФАтФАтФАтФАтФАтФАтФАтФАтФАтФАтФАтФАтФАтФАтФАтФАтФАтФАтФАтФАтФАтФАтФА
тФВ #0   TestService.validateResponseQuality (package:psycho_tests/services/test_service.dart:647:15)
тФВ #1   main.<anonymous closure>.<anonymous closure> (file:///D:/Work/psycho_app/0.0.1.x_dev/test/services/test_service_test.dart:467:38)
тФЬтФДтФДтФДтФДтФДтФДтФДтФДтФДтФДтФДтФДтФДтФДтФДтФДтФДтФДтФДтФДтФДтФДтФДтФДтФДтФДтФДтФДтФДтФДтФДтФДтФДтФДтФДтФДтФДтФДтФДтФДтФДтФДтФДтФДтФДтФДтФДтФДтФДтФДтФДтФДтФДтФДтФДтФДтФДтФДтФДтФДтФДтФДтФДтФДтФДтФДтФДтФДтФДтФДтФДтФДтФДтФДтФДтФДтФДтФДтФДтФДтФДтФДтФДтФДтФДтФДтФДтФДтФДтФДтФДтФДтФДтФДтФДтФДтФДтФДтФДтФДтФДтФДтФДтФДтФДтФДтФДтФДтФДтФДтФДтФДтФДтФДтФДтФДтФДтФДтФД
тФВ ЁЯРЫ Answer mean: 3.00
тФФтФАтФАтФАтФАтФАтФАтФАтФАтФАтФАтФАтФАтФАтФАтФАтФАтФАтФАтФАтФАтФАтФАтФАтФАтФАтФАтФАтФАтФАтФАтФАтФАтФАтФАтФАтФАтФАтФАтФАтФАтФАтФАтФАтФАтФАтФАтФАтФАтФАтФАтФАтФАтФАтФАтФАтФАтФАтФАтФАтФАтФАтФАтФАтФАтФАтФАтФАтФАтФАтФАтФАтФАтФАтФАтФАтФАтФАтФАтФАтФАтФАтФАтФАтФАтФАтФАтФАтФАтФАтФАтФАтФАтФАтФАтФАтФАтФАтФАтФАтФАтФАтФАтФАтФАтФАтФАтФАтФАтФАтФАтФАтФАтФАтФАтФАтФАтФАтФАтФА
тФМтФАтФАтФАтФАтФАтФАтФАтФАтФАтФАтФАтФАтФАтФАтФАтФАтФАтФАтФАтФАтФАтФАтФАтФАтФАтФАтФАтФАтФАтФАтФАтФАтФАтФАтФАтФАтФАтФАтФАтФАтФАтФАтФАтФАтФАтФАтФАтФАтФАтФАтФАтФАтФАтФАтФАтФАтФАтФАтФАтФАтФАтФАтФАтФАтФАтФАтФАтФАтФАтФАтФАтФАтФАтФАтФАтФАтФАтФАтФАтФАтФАтФАтФАтФАтФАтФАтФАтФАтФАтФАтФАтФАтФАтФАтФАтФАтФАтФАтФАтФАтФАтФАтФАтФАтФАтФАтФАтФАтФАтФАтФАтФАтФАтФАтФАтФАтФАтФАтФА
тФВ #0   TestService.validateResponseQuality (package:psycho_tests/services/test_service.dart:648:15)
тФВ #1   main.<anonymous closure>.<anonymous closure> (file:///D:/Work/psycho_app/0.0.1.x_dev/test/services/test_service_test.dart:467:38)
тФЬтФДтФДтФДтФДтФДтФДтФДтФДтФДтФДтФДтФДтФДтФДтФДтФДтФДтФДтФДтФДтФДтФДтФДтФДтФДтФДтФДтФДтФДтФДтФДтФДтФДтФДтФДтФДтФДтФДтФДтФДтФДтФДтФДтФДтФДтФДтФДтФДтФДтФДтФДтФДтФДтФДтФДтФДтФДтФДтФДтФДтФДтФДтФДтФДтФДтФДтФДтФДтФДтФДтФДтФДтФДтФДтФДтФДтФДтФДтФДтФДтФДтФДтФДтФДтФДтФДтФДтФДтФДтФДтФДтФДтФДтФДтФДтФДтФДтФДтФДтФДтФДтФДтФДтФДтФДтФДтФДтФДтФДтФДтФДтФДтФДтФДтФДтФДтФДтФДтФД
тФВ ЁЯРЫ Standard deviation: 2.00
тФФтФАтФАтФАтФАтФАтФАтФАтФАтФАтФАтФАтФАтФАтФАтФАтФАтФАтФАтФАтФАтФАтФАтФАтФАтФАтФАтФАтФАтФАтФАтФАтФАтФАтФАтФАтФАтФАтФАтФАтФАтФАтФАтФАтФАтФАтФАтФАтФАтФАтФАтФАтФАтФАтФАтФАтФАтФАтФАтФАтФАтФАтФАтФАтФАтФАтФАтФАтФАтФАтФАтФАтФАтФАтФАтФАтФАтФАтФАтФАтФАтФАтФАтФАтФАтФАтФАтФАтФАтФАтФАтФАтФАтФАтФАтФАтФАтФАтФАтФАтФАтФАтФАтФАтФАтФАтФАтФАтФАтФАтФАтФАтФАтФАтФАтФАтФАтФАтФАтФА
тФМтФАтФАтФАтФАтФАтФАтФАтФАтФАтФАтФАтФАтФАтФАтФАтФАтФАтФАтФАтФАтФАтФАтФАтФАтФАтФАтФАтФАтФАтФАтФАтФАтФАтФАтФАтФАтФАтФАтФАтФАтФАтФАтФАтФАтФАтФАтФАтФАтФАтФАтФАтФАтФАтФАтФАтФАтФАтФАтФАтФАтФАтФАтФАтФАтФАтФАтФАтФАтФАтФАтФАтФАтФАтФАтФАтФАтФАтФАтФАтФАтФАтФАтФАтФАтФАтФАтФАтФАтФАтФАтФАтФАтФАтФАтФАтФАтФАтФАтФАтФАтФАтФАтФАтФАтФАтФАтФАтФАтФАтФАтФАтФАтФАтФАтФАтФАтФАтФАтФА
тФВ #0   TestService.validateResponseQuality (package:psycho_tests/services/test_service.dart:669:15)
тФВ #1   main.<anonymous closure>.<anonymous closure> (file:///D:/Work/psycho_app/0.0.1.x_dev/test/services/test_service_test.dart:467:38)
тФЬтФДтФДтФДтФДтФДтФДтФДтФДтФДтФДтФДтФДтФДтФДтФДтФДтФДтФДтФДтФДтФДтФДтФДтФДтФДтФДтФДтФДтФДтФДтФДтФДтФДтФДтФДтФДтФДтФДтФДтФДтФДтФДтФДтФДтФДтФДтФДтФДтФДтФДтФДтФДтФДтФДтФДтФДтФДтФДтФДтФДтФДтФДтФДтФДтФДтФДтФДтФДтФДтФДтФДтФДтФДтФДтФДтФДтФДтФДтФДтФДтФДтФДтФДтФДтФДтФДтФДтФДтФДтФДтФДтФДтФДтФДтФДтФДтФДтФДтФДтФДтФДтФДтФДтФДтФДтФДтФДтФДтФДтФДтФДтФДтФДтФДтФДтФДтФДтФДтФД
тФВ ЁЯРЫ Neutral answers: 0 of 2 (0.0%)
тФФтФАтФАтФАтФАтФАтФАтФАтФАтФАтФАтФАтФАтФАтФАтФАтФАтФАтФАтФАтФАтФАтФАтФАтФАтФАтФАтФАтФАтФАтФАтФАтФАтФАтФАтФАтФАтФАтФАтФАтФАтФАтФАтФАтФАтФАтФАтФАтФАтФАтФАтФАтФАтФАтФАтФАтФАтФАтФАтФАтФАтФАтФАтФАтФАтФАтФАтФАтФАтФАтФАтФАтФАтФАтФАтФАтФАтФАтФАтФАтФАтФАтФАтФАтФАтФАтФАтФАтФАтФАтФАтФАтФАтФАтФАтФАтФАтФАтФАтФАтФАтФАтФАтФАтФАтФАтФАтФАтФАтФАтФАтФАтФАтФАтФАтФАтФАтФАтФАтФА
тФМтФАтФАтФАтФАтФАтФАтФАтФАтФАтФАтФАтФАтФАтФАтФАтФАтФАтФАтФАтФАтФАтФАтФАтФАтФАтФАтФАтФАтФАтФАтФАтФАтФАтФАтФАтФАтФАтФАтФАтФАтФАтФАтФАтФАтФАтФАтФАтФАтФАтФАтФАтФАтФАтФАтФАтФАтФАтФАтФАтФАтФАтФАтФАтФАтФАтФАтФАтФАтФАтФАтФАтФАтФАтФАтФАтФАтФАтФАтФАтФАтФАтФАтФАтФАтФАтФАтФАтФАтФАтФАтФАтФАтФАтФАтФАтФАтФАтФАтФАтФАтФАтФАтФАтФАтФАтФАтФАтФАтФАтФАтФАтФАтФАтФАтФАтФАтФАтФАтФА
тФВ #0   TestService.validateResponseQuality (package:psycho_tests/services/test_service.dart:691:15)
тФВ #1   main.<anonymous closure>.<anonymous closure> (file:///D:/Work/psycho_app/0.0.1.x_dev/test/services/test_service_test.dart:467:38)
тФЬтФДтФДтФДтФДтФДтФДтФДтФДтФДтФДтФДтФДтФДтФДтФДтФДтФДтФДтФДтФДтФДтФДтФДтФДтФДтФДтФДтФДтФДтФДтФДтФДтФДтФДтФДтФДтФДтФДтФДтФДтФДтФДтФДтФДтФДтФДтФДтФДтФДтФДтФДтФДтФДтФДтФДтФДтФДтФДтФДтФДтФДтФДтФДтФДтФДтФДтФДтФДтФДтФДтФДтФДтФДтФДтФДтФДтФДтФДтФДтФДтФДтФДтФДтФДтФДтФДтФДтФДтФДтФДтФДтФДтФДтФДтФДтФДтФДтФДтФДтФДтФДтФДтФДтФДтФДтФДтФДтФДтФДтФДтФДтФДтФДтФДтФДтФДтФДтФДтФД
тФВ ЁЯРЫ Extreme answers: 2 of 2 (100.0%)
тФФтФАтФАтФАтФАтФАтФАтФАтФАтФАтФАтФАтФАтФАтФАтФАтФАтФАтФАтФАтФАтФАтФАтФАтФАтФАтФАтФАтФАтФАтФАтФАтФАтФАтФАтФАтФАтФАтФАтФАтФАтФАтФАтФАтФАтФАтФАтФАтФАтФАтФАтФАтФАтФАтФАтФАтФАтФАтФАтФАтФАтФАтФАтФАтФАтФАтФАтФАтФАтФАтФАтФАтФАтФАтФАтФАтФАтФАтФАтФАтФАтФАтФАтФАтФАтФАтФАтФАтФАтФАтФАтФАтФАтФАтФАтФАтФАтФАтФАтФАтФАтФАтФАтФАтФАтФАтФАтФАтФАтФАтФАтФАтФАтФАтФАтФАтФАтФАтФАтФА
[38;5;208mтФМтФАтФАтФАтФАтФАтФАтФАтФАтФАтФАтФАтФАтФАтФАтФАтФАтФАтФАтФАтФАтФАтФАтФАтФАтФАтФАтФАтФАтФАтФАтФАтФАтФАтФАтФАтФАтФАтФАтФАтФАтФАтФАтФАтФАтФАтФАтФАтФАтФАтФАтФАтФАтФАтФАтФАтФАтФАтФАтФАтФАтФАтФАтФАтФАтФАтФАтФАтФАтФАтФАтФАтФАтФАтФАтФАтФАтФАтФАтФАтФАтФАтФАтФАтФАтФАтФАтФАтФАтФАтФАтФАтФАтФАтФАтФАтФАтФАтФАтФАтФАтФАтФАтФАтФАтФАтФАтФАтФАтФАтФАтФАтФАтФАтФАтФАтФАтФАтФАтФА[0m
[38;5;208mтФВ #0   TestService.validateResponseQuality (package:psycho_tests/services/test_service.dart:700:17)[0m
[38;5;208mтФВ #1   main.<anonymous closure>.<anonymous closure> (file:///D:/Work/psycho_app/0.0.1.x_dev/test/services/test_service_test.dart:467:38)[0m
[38;5;208mтФЬтФДтФДтФДтФДтФДтФДтФДтФДтФДтФДтФДтФДтФДтФДтФДтФДтФДтФДтФДтФДтФДтФДтФДтФДтФДтФДтФДтФДтФДтФДтФДтФДтФДтФДтФДтФДтФДтФДтФДтФДтФДтФДтФДтФДтФДтФДтФДтФДтФДтФДтФДтФДтФДтФДтФДтФДтФДтФДтФДтФДтФДтФДтФДтФДтФДтФДтФДтФДтФДтФДтФДтФДтФДтФДтФДтФДтФДтФДтФДтФДтФДтФДтФДтФДтФДтФДтФДтФДтФДтФДтФДтФДтФДтФДтФДтФДтФДтФДтФДтФДтФДтФДтФДтФДтФДтФДтФДтФДтФДтФДтФДтФДтФДтФДтФДтФДтФДтФДтФД[0m
[38;5;208mтФВ тЪая╕П ISSUE: Too many extreme answers (100%). Social desirability possible.[0m
[38;5;208mтФФтФАтФАтФАтФАтФАтФАтФАтФАтФАтФАтФАтФАтФАтФАтФАтФАтФАтФАтФАтФАтФАтФАтФАтФАтФАтФАтФАтФАтФАтФАтФАтФАтФАтФАтФАтФАтФАтФАтФАтФАтФАтФАтФАтФАтФАтФАтФАтФАтФАтФАтФАтФАтФАтФАтФАтФАтФАтФАтФАтФАтФАтФАтФАтФАтФАтФАтФАтФАтФАтФАтФАтФАтФАтФАтФАтФАтФАтФАтФАтФАтФАтФАтФАтФАтФАтФАтФАтФАтФАтФАтФАтФАтФАтФАтФАтФАтФАтФАтФАтФАтФАтФАтФАтФАтФАтФАтФАтФАтФАтФАтФАтФАтФАтФАтФАтФАтФАтФАтФА[0m
тФМтФАтФАтФАтФАтФАтФАтФАтФАтФАтФАтФАтФАтФАтФАтФАтФАтФАтФАтФАтФАтФАтФАтФАтФАтФАтФАтФАтФАтФАтФАтФАтФАтФАтФАтФАтФАтФАтФАтФАтФАтФАтФАтФАтФАтФАтФАтФАтФАтФАтФАтФАтФАтФАтФАтФАтФАтФАтФАтФАтФАтФАтФАтФАтФАтФАтФАтФАтФАтФАтФАтФАтФАтФАтФАтФАтФАтФАтФАтФАтФАтФАтФАтФАтФАтФАтФАтФАтФАтФАтФАтФАтФАтФАтФАтФАтФАтФАтФАтФАтФАтФАтФАтФАтФАтФАтФАтФАтФАтФАтФАтФАтФАтФАтФАтФАтФАтФАтФАтФА
тФВ #0   TestService.validateResponseQuality (package:psycho_tests/services/test_service.dart:751:15)
тФВ #1   main.<anonymous closure>.<anonymous closure> (file:///D:/Work/psycho_app/0.0.1.x_dev/test/services/test_service_test.dart:467:38)
тФЬтФДтФДтФДтФДтФДтФДтФДтФДтФДтФДтФДтФДтФДтФДтФДтФДтФДтФДтФДтФДтФДтФДтФДтФДтФДтФДтФДтФДтФДтФДтФДтФДтФДтФДтФДтФДтФДтФДтФДтФДтФДтФДтФДтФДтФДтФДтФДтФДтФДтФДтФДтФДтФДтФДтФДтФДтФДтФДтФДтФДтФДтФДтФДтФДтФДтФДтФДтФДтФДтФДтФДтФДтФДтФДтФДтФДтФДтФДтФДтФДтФДтФДтФДтФДтФДтФДтФДтФДтФДтФДтФДтФДтФДтФДтФДтФДтФДтФДтФДтФДтФДтФДтФДтФДтФДтФДтФДтФДтФДтФДтФДтФДтФДтФДтФДтФДтФДтФДтФД
тФВ ЁЯРЫ Consistency score: 0.0%
тФФтФАтФАтФАтФАтФАтФАтФАтФАтФАтФАтФАтФАтФАтФАтФАтФАтФАтФАтФАтФАтФАтФАтФАтФАтФАтФАтФАтФАтФАтФАтФАтФАтФАтФАтФАтФАтФАтФАтФАтФАтФАтФАтФАтФАтФАтФАтФАтФАтФАтФАтФАтФАтФАтФАтФАтФАтФАтФАтФАтФАтФАтФАтФАтФАтФАтФАтФАтФАтФАтФАтФАтФАтФАтФАтФАтФАтФАтФАтФАтФАтФАтФАтФАтФАтФАтФАтФАтФАтФАтФАтФАтФАтФАтФАтФАтФАтФАтФАтФАтФАтФАтФАтФАтФАтФАтФАтФАтФАтФАтФАтФАтФАтФАтФАтФАтФАтФАтФАтФА
[38;5;208mтФМтФАтФАтФАтФАтФАтФАтФАтФАтФАтФАтФАтФАтФАтФАтФАтФАтФАтФАтФАтФАтФАтФАтФАтФАтФАтФАтФАтФАтФАтФАтФАтФАтФАтФАтФАтФАтФАтФАтФАтФАтФАтФАтФАтФАтФАтФАтФАтФАтФАтФАтФАтФАтФАтФАтФАтФАтФАтФАтФАтФАтФАтФАтФАтФАтФАтФАтФАтФАтФАтФАтФАтФАтФАтФАтФАтФАтФАтФАтФАтФАтФАтФАтФАтФАтФАтФАтФАтФАтФАтФАтФАтФАтФАтФАтФАтФАтФАтФАтФАтФАтФАтФАтФАтФАтФАтФАтФАтФАтФАтФАтФАтФАтФАтФАтФАтФАтФАтФАтФА[0m
[38;5;208mтФВ #0   TestService.validateResponseQuality (package:psycho_tests/services/test_service.dart:760:17)[0m
[38;5;208mтФВ #1   main.<anonymous closure>.<anonymous closure> (file:///D:/Work/psycho_app/0.0.1.x_dev/test/services/test_service_test.dart:467:38)[0m
[38;5;208mтФЬтФДтФДтФДтФДтФДтФДтФДтФДтФДтФДтФДтФДтФДтФДтФДтФДтФДтФДтФДтФДтФДтФДтФДтФДтФДтФДтФДтФДтФДтФДтФДтФДтФДтФДтФДтФДтФДтФДтФДтФДтФДтФДтФДтФДтФДтФДтФДтФДтФДтФДтФДтФДтФДтФДтФДтФДтФДтФДтФДтФДтФДтФДтФДтФДтФДтФДтФДтФДтФДтФДтФДтФДтФДтФДтФДтФДтФДтФДтФДтФДтФДтФДтФДтФДтФДтФДтФДтФДтФДтФДтФДтФДтФДтФДтФДтФДтФДтФДтФДтФДтФДтФДтФДтФДтФДтФДтФДтФДтФДтФДтФДтФДтФДтФДтФДтФДтФДтФДтФД[0m
[38;5;208mтФВ тЪая╕П ISSUE: Very low answer consistency (0%). You may have answered randomly.[0m
[38;5;208mтФФтФАтФАтФАтФАтФАтФАтФАтФАтФАтФАтФАтФАтФАтФАтФАтФАтФАтФАтФАтФАтФАтФАтФАтФАтФАтФАтФАтФАтФАтФАтФАтФАтФАтФАтФАтФАтФАтФАтФАтФАтФАтФАтФАтФАтФАтФАтФАтФАтФАтФАтФАтФАтФАтФАтФАтФАтФАтФАтФАтФАтФАтФАтФАтФАтФАтФАтФАтФАтФАтФАтФАтФАтФАтФАтФАтФАтФАтФАтФАтФАтФАтФАтФАтФАтФАтФАтФАтФАтФАтФАтФАтФАтФАтФАтФАтФАтФАтФАтФАтФАтФАтФАтФАтФАтФАтФАтФАтФАтФАтФАтФАтФАтФАтФАтФАтФАтФАтФАтФА[0m
[38;5;208mтФМтФАтФАтФАтФАтФАтФАтФАтФАтФАтФАтФАтФАтФАтФАтФАтФАтФАтФАтФАтФАтФАтФАтФАтФАтФАтФАтФАтФАтФАтФАтФАтФАтФАтФАтФАтФАтФАтФАтФАтФАтФАтФАтФАтФАтФАтФАтФАтФАтФАтФАтФАтФАтФАтФАтФАтФАтФАтФАтФАтФАтФАтФАтФАтФАтФАтФАтФАтФАтФАтФАтФАтФАтФАтФАтФАтФАтФАтФАтФАтФАтФАтФАтФАтФАтФАтФАтФАтФАтФАтФАтФАтФАтФАтФАтФАтФАтФАтФАтФАтФАтФАтФАтФАтФАтФАтФАтФАтФАтФАтФАтФАтФАтФАтФАтФАтФАтФАтФАтФА[0m
[38;5;208mтФВ #0   TestService.validateResponseQuality (package:psycho_tests/services/test_service.dart:780:17)[0m
[38;5;208mтФВ #1   main.<anonymous closure>.<anonymous closure> (file:///D:/Work/psycho_app/0.0.1.x_dev/test/services/test_service_test.dart:467:38)[0m
[38;5;208mтФЬтФДтФДтФДтФДтФДтФДтФДтФДтФДтФДтФДтФДтФДтФДтФДтФДтФДтФДтФДтФДтФДтФДтФДтФДтФДтФДтФДтФДтФДтФДтФДтФДтФДтФДтФДтФДтФДтФДтФДтФДтФДтФДтФДтФДтФДтФДтФДтФДтФДтФДтФДтФДтФДтФДтФДтФДтФДтФДтФДтФДтФДтФДтФДтФДтФДтФДтФДтФДтФДтФДтФДтФДтФДтФДтФДтФДтФДтФДтФДтФДтФДтФДтФДтФДтФДтФДтФДтФДтФДтФДтФДтФДтФДтФДтФДтФДтФДтФДтФДтФДтФДтФДтФДтФДтФДтФДтФДтФДтФДтФДтФДтФДтФДтФДтФДтФДтФДтФДтФД[0m
[38;5;208mтФВ тЪая╕П OVERALL QUALITY: CRITICAL[0m
[38;5;208mтФФтФАтФАтФАтФАтФАтФАтФАтФАтФАтФАтФАтФАтФАтФАтФАтФАтФАтФАтФАтФАтФАтФАтФАтФАтФАтФАтФАтФАтФАтФАтФАтФАтФАтФАтФАтФАтФАтФАтФАтФАтФАтФАтФАтФАтФАтФАтФАтФАтФАтФАтФАтФАтФАтФАтФАтФАтФАтФАтФАтФАтФАтФАтФАтФАтФАтФАтФАтФАтФАтФАтФАтФАтФАтФАтФАтФАтФАтФАтФАтФАтФАтФАтФАтФАтФАтФАтФАтФАтФАтФАтФАтФАтФАтФАтФАтФАтФАтФАтФАтФАтФАтФАтФАтФАтФАтФАтФАтФАтФАтФАтФАтФАтФАтФАтФАтФАтФАтФАтФА[0m
00:01 +29 -16: D:/Work/psycho_app/0.0.1.x_dev/test/services/test_service_test.dart: Edge Cases and Error Handling handles empty answers map gracefully
тФМтФАтФАтФАтФАтФАтФАтФАтФАтФАтФАтФАтФАтФАтФАтФАтФАтФАтФАтФАтФАтФАтФАтФАтФАтФАтФАтФАтФАтФАтФАтФАтФАтФАтФАтФАтФАтФАтФАтФАтФАтФАтФАтФАтФАтФАтФАтФАтФАтФАтФАтФАтФАтФАтФАтФАтФАтФАтФАтФАтФАтФАтФАтФАтФАтФАтФАтФАтФАтФАтФАтФАтФАтФАтФАтФАтФАтФАтФАтФАтФАтФАтФАтФАтФАтФАтФАтФАтФАтФАтФАтФАтФАтФАтФАтФАтФАтФАтФАтФАтФАтФАтФАтФАтФАтФАтФАтФАтФАтФАтФАтФАтФАтФАтФАтФАтФАтФАтФАтФА
тФВ #0   TestService.completeTest (package:psycho_tests/services/test_service.dart:43:15)
тФВ #1   main.<anonymous closure>.<anonymous closure>.<anonymous closure> (file:///D:/Work/psycho_app/0.0.1.x_dev/test/services/test_service_test.dart:484:27)
тФЬтФДтФДтФДтФДтФДтФДтФДтФДтФДтФДтФДтФДтФДтФДтФДтФДтФДтФДтФДтФДтФДтФДтФДтФДтФДтФДтФДтФДтФДтФДтФДтФДтФДтФДтФДтФДтФДтФДтФДтФДтФДтФДтФДтФДтФДтФДтФДтФДтФДтФДтФДтФДтФДтФДтФДтФДтФДтФДтФДтФДтФДтФДтФДтФДтФДтФДтФДтФДтФДтФДтФДтФДтФДтФДтФДтФДтФДтФДтФДтФДтФДтФДтФДтФДтФДтФДтФДтФДтФДтФДтФДтФДтФДтФДтФДтФДтФДтФДтФДтФДтФДтФДтФДтФДтФДтФДтФДтФДтФДтФДтФДтФДтФДтФДтФДтФДтФДтФДтФД
тФВ ЁЯРЫ ===== completeTest() CALLED =====
тФФтФАтФАтФАтФАтФАтФАтФАтФАтФАтФАтФАтФАтФАтФАтФАтФАтФАтФАтФАтФАтФАтФАтФАтФАтФАтФАтФАтФАтФАтФАтФАтФАтФАтФАтФАтФАтФАтФАтФАтФАтФАтФАтФАтФАтФАтФАтФАтФАтФАтФАтФАтФАтФАтФАтФАтФАтФАтФАтФАтФАтФАтФАтФАтФАтФАтФАтФАтФАтФАтФАтФАтФАтФАтФАтФАтФАтФАтФАтФАтФАтФАтФАтФАтФАтФАтФАтФАтФАтФАтФАтФАтФАтФАтФАтФАтФАтФАтФАтФАтФАтФАтФАтФАтФАтФАтФАтФАтФАтФАтФАтФАтФАтФАтФАтФАтФАтФАтФАтФА
тФМтФАтФАтФАтФАтФАтФАтФАтФАтФАтФАтФАтФАтФАтФАтФАтФАтФАтФАтФАтФАтФАтФАтФАтФАтФАтФАтФАтФАтФАтФАтФАтФАтФАтФАтФАтФАтФАтФАтФАтФАтФАтФАтФАтФАтФАтФАтФАтФАтФАтФАтФАтФАтФАтФАтФАтФАтФАтФАтФАтФАтФАтФАтФАтФАтФАтФАтФАтФАтФАтФАтФАтФАтФАтФАтФАтФАтФАтФАтФАтФАтФАтФАтФАтФАтФАтФАтФАтФАтФАтФАтФАтФАтФАтФАтФАтФАтФАтФАтФАтФАтФАтФАтФАтФАтФАтФАтФАтФАтФАтФАтФАтФАтФАтФАтФАтФАтФАтФАтФА
тФВ #0   TestService.completeTest (package:psycho_tests/services/test_service.dart:44:15)
тФВ #1   main.<anonymous closure>.<anonymous closure>.<anonymous closure> (file:///D:/Work/psycho_app/0.0.1.x_dev/test/services/test_service_test.dart:484:27)
тФЬтФДтФДтФДтФДтФДтФДтФДтФДтФДтФДтФДтФДтФДтФДтФДтФДтФДтФДтФДтФДтФДтФДтФДтФДтФДтФДтФДтФДтФДтФДтФДтФДтФДтФДтФДтФДтФДтФДтФДтФДтФДтФДтФДтФДтФДтФДтФДтФДтФДтФДтФДтФДтФДтФДтФДтФДтФДтФДтФДтФДтФДтФДтФДтФДтФДтФДтФДтФДтФДтФДтФДтФДтФДтФДтФДтФДтФДтФДтФДтФДтФДтФДтФДтФДтФДтФДтФДтФДтФДтФДтФДтФДтФДтФДтФДтФДтФДтФДтФДтФДтФДтФДтФДтФДтФДтФДтФДтФДтФДтФДтФДтФДтФДтФДтФДтФДтФДтФДтФД
тФВ ЁЯРЫ testId: simple_test
тФФтФАтФАтФАтФАтФАтФАтФАтФАтФАтФАтФАтФАтФАтФАтФАтФАтФАтФАтФАтФАтФАтФАтФАтФАтФАтФАтФАтФАтФАтФАтФАтФАтФАтФАтФАтФАтФАтФАтФАтФАтФАтФАтФАтФАтФАтФАтФАтФАтФАтФАтФАтФАтФАтФАтФАтФАтФАтФАтФАтФАтФАтФАтФАтФАтФАтФАтФАтФАтФАтФАтФАтФАтФАтФАтФАтФАтФАтФАтФАтФАтФАтФАтФАтФАтФАтФАтФАтФАтФАтФАтФАтФАтФАтФАтФАтФАтФАтФАтФАтФАтФАтФАтФАтФАтФАтФАтФАтФАтФАтФАтФАтФАтФАтФАтФАтФАтФАтФАтФА
тФМтФАтФАтФАтФАтФАтФАтФАтФАтФАтФАтФАтФАтФАтФАтФАтФАтФАтФАтФАтФАтФАтФАтФАтФАтФАтФАтФАтФАтФАтФАтФАтФАтФАтФАтФАтФАтФАтФАтФАтФАтФАтФАтФАтФАтФАтФАтФАтФАтФАтФАтФАтФАтФАтФАтФАтФАтФАтФАтФАтФАтФАтФАтФАтФАтФАтФАтФАтФАтФАтФАтФАтФАтФАтФАтФАтФАтФАтФАтФАтФАтФАтФАтФАтФАтФАтФАтФАтФАтФАтФАтФАтФАтФАтФАтФАтФАтФАтФАтФАтФАтФАтФАтФАтФАтФАтФАтФАтФАтФАтФАтФАтФАтФАтФАтФАтФАтФАтФАтФА
тФВ #0   TestService.completeTest (package:psycho_tests/services/test_service.dart:45:15)
тФВ #1   main.<anonymous closure>.<anonymous closure>.<anonymous closure> (file:///D:/Work/psycho_app/0.0.1.x_dev/test/services/test_service_test.dart:484:27)
тФЬтФДтФДтФДтФДтФДтФДтФДтФДтФДтФДтФДтФДтФДтФДтФДтФДтФДтФДтФДтФДтФДтФДтФДтФДтФДтФДтФДтФДтФДтФДтФДтФДтФДтФДтФДтФДтФДтФДтФДтФДтФДтФДтФДтФДтФДтФДтФДтФДтФДтФДтФДтФДтФДтФДтФДтФДтФДтФДтФДтФДтФДтФДтФДтФДтФДтФДтФДтФДтФДтФДтФДтФДтФДтФДтФДтФДтФДтФДтФДтФДтФДтФДтФДтФДтФДтФДтФДтФДтФДтФДтФДтФДтФДтФДтФДтФДтФДтФДтФДтФДтФДтФДтФДтФДтФДтФДтФДтФДтФДтФДтФДтФДтФДтФДтФДтФДтФДтФДтФД
тФВ ЁЯРЫ type: TestType.simple
тФФтФАтФАтФАтФАтФАтФАтФАтФАтФАтФАтФАтФАтФАтФАтФАтФАтФАтФАтФАтФАтФАтФАтФАтФАтФАтФАтФАтФАтФАтФАтФАтФАтФАтФАтФАтФАтФАтФАтФАтФАтФАтФАтФАтФАтФАтФАтФАтФАтФАтФАтФАтФАтФАтФАтФАтФАтФАтФАтФАтФАтФАтФАтФАтФАтФАтФАтФАтФАтФАтФАтФАтФАтФАтФАтФАтФАтФАтФАтФАтФАтФАтФАтФАтФАтФАтФАтФАтФАтФАтФАтФАтФАтФАтФАтФАтФАтФАтФАтФАтФАтФАтФАтФАтФАтФАтФАтФАтФАтФАтФАтФАтФАтФАтФАтФАтФАтФАтФАтФА
тФМтФАтФАтФАтФАтФАтФАтФАтФАтФАтФАтФАтФАтФАтФАтФАтФАтФАтФАтФАтФАтФАтФАтФАтФАтФАтФАтФАтФАтФАтФАтФАтФАтФАтФАтФАтФАтФАтФАтФАтФАтФАтФАтФАтФАтФАтФАтФАтФАтФАтФАтФАтФАтФАтФАтФАтФАтФАтФАтФАтФАтФАтФАтФАтФАтФАтФАтФАтФАтФАтФАтФАтФАтФАтФАтФАтФАтФАтФАтФАтФАтФАтФАтФАтФАтФАтФАтФАтФАтФАтФАтФАтФАтФАтФАтФАтФАтФАтФАтФАтФАтФАтФАтФАтФАтФАтФАтФАтФАтФАтФАтФАтФАтФАтФАтФАтФАтФАтФАтФА
тФВ #0   TestService.completeTest (package:psycho_tests/services/test_service.dart:46:15)
тФВ #1   main.<anonymous closure>.<anonymous closure>.<anonymous closure> (file:///D:/Work/psycho_app/0.0.1.x_dev/test/services/test_service_test.dart:484:27)
тФЬтФДтФДтФДтФДтФДтФДтФДтФДтФДтФДтФДтФДтФДтФДтФДтФДтФДтФДтФДтФДтФДтФДтФДтФДтФДтФДтФДтФДтФДтФДтФДтФДтФДтФДтФДтФДтФДтФДтФДтФДтФДтФДтФДтФДтФДтФДтФДтФДтФДтФДтФДтФДтФДтФДтФДтФДтФДтФДтФДтФДтФДтФДтФДтФДтФДтФДтФДтФДтФДтФДтФДтФДтФДтФДтФДтФДтФДтФДтФДтФДтФДтФДтФДтФДтФДтФДтФДтФДтФДтФДтФДтФДтФДтФДтФДтФДтФДтФДтФДтФДтФДтФДтФДтФДтФДтФДтФДтФДтФДтФДтФДтФДтФДтФДтФДтФДтФДтФДтФД
тФВ ЁЯРЫ isBipolar: false
тФФтФАтФАтФАтФАтФАтФАтФАтФАтФАтФАтФАтФАтФАтФАтФАтФАтФАтФАтФАтФАтФАтФАтФАтФАтФАтФАтФАтФАтФАтФАтФАтФАтФАтФАтФАтФАтФАтФАтФАтФАтФАтФАтФАтФАтФАтФАтФАтФАтФАтФАтФАтФАтФАтФАтФАтФАтФАтФАтФАтФАтФАтФАтФАтФАтФАтФАтФАтФАтФАтФАтФАтФАтФАтФАтФАтФАтФАтФАтФАтФАтФАтФАтФАтФАтФАтФАтФАтФАтФАтФАтФАтФАтФАтФАтФАтФАтФАтФАтФАтФАтФАтФАтФАтФАтФАтФАтФАтФАтФАтФАтФАтФАтФАтФАтФАтФАтФАтФАтФА
тФМтФАтФАтФАтФАтФАтФАтФАтФАтФАтФАтФАтФАтФАтФАтФАтФАтФАтФАтФАтФАтФАтФАтФАтФАтФАтФАтФАтФАтФАтФАтФАтФАтФАтФАтФАтФАтФАтФАтФАтФАтФАтФАтФАтФАтФАтФАтФАтФАтФАтФАтФАтФАтФАтФАтФАтФАтФАтФАтФАтФАтФАтФАтФАтФАтФАтФАтФАтФАтФАтФАтФАтФАтФАтФАтФАтФАтФАтФАтФАтФАтФАтФАтФАтФАтФАтФАтФАтФАтФАтФАтФАтФАтФАтФАтФАтФАтФАтФАтФАтФАтФАтФАтФАтФАтФАтФАтФАтФАтФАтФАтФАтФАтФАтФАтФАтФАтФАтФАтФА
тФВ #0   TestService.completeTest (package:psycho_tests/services/test_service.dart:47:15)
тФВ #1   main.<anonymous closure>.<anonymous closure>.<anonymous closure> (file:///D:/Work/psycho_app/0.0.1.x_dev/test/services/test_service_test.dart:484:27)
тФЬтФДтФДтФДтФДтФДтФДтФДтФДтФДтФДтФДтФДтФДтФДтФДтФДтФДтФДтФДтФДтФДтФДтФДтФДтФДтФДтФДтФДтФДтФДтФДтФДтФДтФДтФДтФДтФДтФДтФДтФДтФДтФДтФДтФДтФДтФДтФДтФДтФДтФДтФДтФДтФДтФДтФДтФДтФДтФДтФДтФДтФДтФДтФДтФДтФДтФДтФДтФДтФДтФДтФДтФДтФДтФДтФДтФДтФДтФДтФДтФДтФДтФДтФДтФДтФДтФДтФДтФДтФДтФДтФДтФДтФДтФДтФДтФДтФДтФДтФДтФДтФДтФДтФДтФДтФДтФДтФДтФДтФДтФДтФДтФДтФДтФДтФДтФДтФДтФДтФД
тФВ ЁЯРЫ bipolarDimensions: null
тФФтФАтФАтФАтФАтФАтФАтФАтФАтФАтФАтФАтФАтФАтФАтФАтФАтФАтФАтФАтФАтФАтФАтФАтФАтФАтФАтФАтФАтФАтФАтФАтФАтФАтФАтФАтФАтФАтФАтФАтФАтФАтФАтФАтФАтФАтФАтФАтФАтФАтФАтФАтФАтФАтФАтФАтФАтФАтФАтФАтФАтФАтФАтФАтФАтФАтФАтФАтФАтФАтФАтФАтФАтФАтФАтФАтФАтФАтФАтФАтФАтФАтФАтФАтФАтФАтФАтФАтФАтФАтФАтФАтФАтФАтФАтФАтФАтФАтФАтФАтФАтФАтФАтФАтФАтФАтФАтФАтФАтФАтФАтФАтФАтФАтФАтФАтФАтФАтФАтФА
тФМтФАтФАтФАтФАтФАтФАтФАтФАтФАтФАтФАтФАтФАтФАтФАтФАтФАтФАтФАтФАтФАтФАтФАтФАтФАтФАтФАтФАтФАтФАтФАтФАтФАтФАтФАтФАтФАтФАтФАтФАтФАтФАтФАтФАтФАтФАтФАтФАтФАтФАтФАтФАтФАтФАтФАтФАтФАтФАтФАтФАтФАтФАтФАтФАтФАтФАтФАтФАтФАтФАтФАтФАтФАтФАтФАтФАтФАтФАтФАтФАтФАтФАтФАтФАтФАтФАтФАтФАтФАтФАтФАтФАтФАтФАтФАтФАтФАтФАтФАтФАтФАтФАтФАтФАтФАтФАтФАтФАтФАтФАтФАтФАтФАтФАтФАтФАтФАтФАтФА
тФВ #0   TestService.completeTest (package:psycho_tests/services/test_service.dart:62:17)
тФВ #1   main.<anonymous closure>.<anonymous closure>.<anonymous closure> (file:///D:/Work/psycho_app/0.0.1.x_dev/test/services/test_service_test.dart:484:27)
тФЬтФДтФДтФДтФДтФДтФДтФДтФДтФДтФДтФДтФДтФДтФДтФДтФДтФДтФДтФДтФДтФДтФДтФДтФДтФДтФДтФДтФДтФДтФДтФДтФДтФДтФДтФДтФДтФДтФДтФДтФДтФДтФДтФДтФДтФДтФДтФДтФДтФДтФДтФДтФДтФДтФДтФДтФДтФДтФДтФДтФДтФДтФДтФДтФДтФДтФДтФДтФДтФДтФДтФДтФДтФДтФДтФДтФДтФДтФДтФДтФДтФДтФДтФДтФДтФДтФДтФДтФДтФДтФДтФДтФДтФДтФДтФДтФДтФДтФДтФДтФДтФДтФДтФДтФДтФДтФДтФДтФДтФДтФДтФДтФДтФДтФДтФДтФДтФДтФДтФД
тФВ ЁЯРЫ Calling _completeSimpleTest()
тФФтФАтФАтФАтФАтФАтФАтФАтФАтФАтФАтФАтФАтФАтФАтФАтФАтФАтФАтФАтФАтФАтФАтФАтФАтФАтФАтФАтФАтФАтФАтФАтФАтФАтФАтФАтФАтФАтФАтФАтФАтФАтФАтФАтФАтФАтФАтФАтФАтФАтФАтФАтФАтФАтФАтФАтФАтФАтФАтФАтФАтФАтФАтФАтФАтФАтФАтФАтФАтФАтФАтФАтФАтФАтФАтФАтФАтФАтФАтФАтФАтФАтФАтФАтФАтФАтФАтФАтФАтФАтФАтФАтФАтФАтФАтФАтФАтФАтФАтФАтФАтФАтФАтФАтФАтФАтФАтФАтФАтФАтФАтФАтФАтФАтФАтФАтФАтФАтФАтФА
тФМтФАтФАтФАтФАтФАтФАтФАтФАтФАтФАтФАтФАтФАтФАтФАтФАтФАтФАтФАтФАтФАтФАтФАтФАтФАтФАтФАтФАтФАтФАтФАтФАтФАтФАтФАтФАтФАтФАтФАтФАтФАтФАтФАтФАтФАтФАтФАтФАтФАтФАтФАтФАтФАтФАтФАтФАтФАтФАтФАтФАтФАтФАтФАтФАтФАтФАтФАтФАтФАтФАтФАтФАтФАтФАтФАтФАтФАтФАтФАтФАтФАтФАтФАтФАтФАтФАтФАтФАтФАтФАтФАтФАтФАтФАтФАтФАтФАтФАтФАтФАтФАтФАтФАтФАтФАтФАтФАтФАтФАтФАтФАтФАтФАтФАтФАтФАтФАтФАтФА
тФВ #0   TestService._completeSimpleTest (package:psycho_tests/services/test_service.dart:325:15)
тФВ #1   TestService.completeTest (package:psycho_tests/services/test_service.dart:63:14)
тФЬтФДтФДтФДтФДтФДтФДтФДтФДтФДтФДтФДтФДтФДтФДтФДтФДтФДтФДтФДтФДтФДтФДтФДтФДтФДтФДтФДтФДтФДтФДтФДтФДтФДтФДтФДтФДтФДтФДтФДтФДтФДтФДтФДтФДтФДтФДтФДтФДтФДтФДтФДтФДтФДтФДтФДтФДтФДтФДтФДтФДтФДтФДтФДтФДтФДтФДтФДтФДтФДтФДтФДтФДтФДтФДтФДтФДтФДтФДтФДтФДтФДтФДтФДтФДтФДтФДтФДтФДтФДтФДтФДтФДтФДтФДтФДтФДтФДтФДтФДтФДтФДтФДтФДтФДтФДтФДтФДтФДтФДтФДтФДтФДтФДтФДтФДтФДтФДтФДтФД
тФВ ЁЯРЫ Simple test - Created 0 scale scores
тФФтФАтФАтФАтФАтФАтФАтФАтФАтФАтФАтФАтФАтФАтФАтФАтФАтФАтФАтФАтФАтФАтФАтФАтФАтФАтФАтФАтФАтФАтФАтФАтФАтФАтФАтФАтФАтФАтФАтФАтФАтФАтФАтФАтФАтФАтФАтФАтФАтФАтФАтФАтФАтФАтФАтФАтФАтФАтФАтФАтФАтФАтФАтФАтФАтФАтФАтФАтФАтФАтФАтФАтФАтФАтФАтФАтФАтФАтФАтФАтФАтФАтФАтФАтФАтФАтФАтФАтФАтФАтФАтФАтФАтФАтФАтФАтФАтФАтФАтФАтФАтФАтФАтФАтФАтФАтФАтФАтФАтФАтФАтФАтФАтФАтФАтФАтФАтФАтФАтФА
тФМтФАтФАтФАтФАтФАтФАтФАтФАтФАтФАтФАтФАтФАтФАтФАтФАтФАтФАтФАтФАтФАтФАтФАтФАтФАтФАтФАтФАтФАтФАтФАтФАтФАтФАтФАтФАтФАтФАтФАтФАтФАтФАтФАтФАтФАтФАтФАтФАтФАтФАтФАтФАтФАтФАтФАтФАтФАтФАтФАтФАтФАтФАтФАтФАтФАтФАтФАтФАтФАтФАтФАтФАтФАтФАтФАтФАтФАтФАтФАтФАтФАтФАтФАтФАтФАтФАтФАтФАтФАтФАтФАтФАтФАтФАтФАтФАтФАтФАтФАтФАтФАтФАтФАтФАтФАтФАтФАтФАтФАтФАтФАтФАтФАтФАтФАтФАтФАтФАтФА
тФВ #0   TestService._completeSimpleTest (package:psycho_tests/services/test_service.dart:326:15)
тФВ #1   TestService.completeTest (package:psycho_tests/services/test_service.dart:63:14)
тФЬтФДтФДтФДтФДтФДтФДтФДтФДтФДтФДтФДтФДтФДтФДтФДтФДтФДтФДтФДтФДтФДтФДтФДтФДтФДтФДтФДтФДтФДтФДтФДтФДтФДтФДтФДтФДтФДтФДтФДтФДтФДтФДтФДтФДтФДтФДтФДтФДтФДтФДтФДтФДтФДтФДтФДтФДтФДтФДтФДтФДтФДтФДтФДтФДтФДтФДтФДтФДтФДтФДтФДтФДтФДтФДтФДтФДтФДтФДтФДтФДтФДтФДтФДтФДтФДтФДтФДтФДтФДтФДтФДтФДтФДтФДтФДтФДтФДтФДтФДтФДтФДтФДтФДтФДтФДтФДтФДтФДтФДтФДтФДтФДтФДтФДтФДтФДтФДтФДтФД
тФВ ЁЯРЫ Simple test - Created 0 scales with contributions
тФФтФАтФАтФАтФАтФАтФАтФАтФАтФАтФАтФАтФАтФАтФАтФАтФАтФАтФАтФАтФАтФАтФАтФАтФАтФАтФАтФАтФАтФАтФАтФАтФАтФАтФАтФАтФАтФАтФАтФАтФАтФАтФАтФАтФАтФАтФАтФАтФАтФАтФАтФАтФАтФАтФАтФАтФАтФАтФАтФАтФАтФАтФАтФАтФАтФАтФАтФАтФАтФАтФАтФАтФАтФАтФАтФАтФАтФАтФАтФАтФАтФАтФАтФАтФАтФАтФАтФАтФАтФАтФАтФАтФАтФАтФАтФАтФАтФАтФАтФАтФАтФАтФАтФАтФАтФАтФАтФАтФАтФАтФАтФАтФАтФАтФАтФАтФАтФАтФАтФА
00:01 +29 -17: D:/Work/psycho_app/0.0.1.x_dev/test/services/test_service_test.dart: Edge Cases and Error Handling handles empty answers map gracefully [E]
  Expected: throws anything
    Actual: <Closure: () => Future<TestResult>>
     Which: returned a Future that emitted <Instance of 'TestResult'>
  
  package:matcher                                     expect
  package:flutter_test/src/widget_tester.dart 473:18  expect
  test\services\test_service_test.dart 483:7          main.<fn>.<fn>
  
00:01 +29 -17: D:/Work/psycho_app/0.0.1.x_dev/test/services/test_service_test.dart: Edge Cases and Error Handling handles partial answers (some questions answered)
тФМтФАтФАтФАтФАтФАтФАтФАтФАтФАтФАтФАтФАтФАтФАтФАтФАтФАтФАтФАтФАтФАтФАтФАтФАтФАтФАтФАтФАтФАтФАтФАтФАтФАтФАтФАтФАтФАтФАтФАтФАтФАтФАтФАтФАтФАтФАтФАтФАтФАтФАтФАтФАтФАтФАтФАтФАтФАтФАтФАтФАтФАтФАтФАтФАтФАтФАтФАтФАтФАтФАтФАтФАтФАтФАтФАтФАтФАтФАтФАтФАтФАтФАтФАтФАтФАтФАтФАтФАтФАтФАтФАтФАтФАтФАтФАтФАтФАтФАтФАтФАтФАтФАтФАтФАтФАтФАтФАтФАтФАтФАтФАтФАтФАтФАтФАтФАтФАтФАтФА
тФВ #0   TestService.completeTest (package:psycho_tests/services/test_service.dart:43:15)
тФВ #1   main.<anonymous closure>.<anonymous closure> (file:///D:/Work/psycho_app/0.0.1.x_dev/test/services/test_service_test.dart:499:42)
тФЬтФДтФДтФДтФДтФДтФДтФДтФДтФДтФДтФДтФДтФДтФДтФДтФДтФДтФДтФДтФДтФДтФДтФДтФДтФДтФДтФДтФДтФДтФДтФДтФДтФДтФДтФДтФДтФДтФДтФДтФДтФДтФДтФДтФДтФДтФДтФДтФДтФДтФДтФДтФДтФДтФДтФДтФДтФДтФДтФДтФДтФДтФДтФДтФДтФДтФДтФДтФДтФДтФДтФДтФДтФДтФДтФДтФДтФДтФДтФДтФДтФДтФДтФДтФДтФДтФДтФДтФДтФДтФДтФДтФДтФДтФДтФДтФДтФДтФДтФДтФДтФДтФДтФДтФДтФДтФДтФДтФДтФДтФДтФДтФДтФДтФДтФДтФДтФДтФДтФД
тФВ ЁЯРЫ ===== completeTest() CALLED =====
тФФтФАтФАтФАтФАтФАтФАтФАтФАтФАтФАтФАтФАтФАтФАтФАтФАтФАтФАтФАтФАтФАтФАтФАтФАтФАтФАтФАтФАтФАтФАтФАтФАтФАтФАтФАтФАтФАтФАтФАтФАтФАтФАтФАтФАтФАтФАтФАтФАтФАтФАтФАтФАтФАтФАтФАтФАтФАтФАтФАтФАтФАтФАтФАтФАтФАтФАтФАтФАтФАтФАтФАтФАтФАтФАтФАтФАтФАтФАтФАтФАтФАтФАтФАтФАтФАтФАтФАтФАтФАтФАтФАтФАтФАтФАтФАтФАтФАтФАтФАтФАтФАтФАтФАтФАтФАтФАтФАтФАтФАтФАтФАтФАтФАтФАтФАтФАтФАтФАтФА
тФМтФАтФАтФАтФАтФАтФАтФАтФАтФАтФАтФАтФАтФАтФАтФАтФАтФАтФАтФАтФАтФАтФАтФАтФАтФАтФАтФАтФАтФАтФАтФАтФАтФАтФАтФАтФАтФАтФАтФАтФАтФАтФАтФАтФАтФАтФАтФАтФАтФАтФАтФАтФАтФАтФАтФАтФАтФАтФАтФАтФАтФАтФАтФАтФАтФАтФАтФАтФАтФАтФАтФАтФАтФАтФАтФАтФАтФАтФАтФАтФАтФАтФАтФАтФАтФАтФАтФАтФАтФАтФАтФАтФАтФАтФАтФАтФАтФАтФАтФАтФАтФАтФАтФАтФАтФАтФАтФАтФАтФАтФАтФАтФАтФАтФАтФАтФАтФАтФАтФА
тФВ #0   TestService.completeTest (package:psycho_tests/services/test_service.dart:44:15)
тФВ #1   main.<anonymous closure>.<anonymous closure> (file:///D:/Work/psycho_app/0.0.1.x_dev/test/services/test_service_test.dart:499:42)
тФЬтФДтФДтФДтФДтФДтФДтФДтФДтФДтФДтФДтФДтФДтФДтФДтФДтФДтФДтФДтФДтФДтФДтФДтФДтФДтФДтФДтФДтФДтФДтФДтФДтФДтФДтФДтФДтФДтФДтФДтФДтФДтФДтФДтФДтФДтФДтФДтФДтФДтФДтФДтФДтФДтФДтФДтФДтФДтФДтФДтФДтФДтФДтФДтФДтФДтФДтФДтФДтФДтФДтФДтФДтФДтФДтФДтФДтФДтФДтФДтФДтФДтФДтФДтФДтФДтФДтФДтФДтФДтФДтФДтФДтФДтФДтФДтФДтФДтФДтФДтФДтФДтФДтФДтФДтФДтФДтФДтФДтФДтФДтФДтФДтФДтФДтФДтФДтФДтФДтФД
тФВ ЁЯРЫ testId: simple_test
тФФтФАтФАтФАтФАтФАтФАтФАтФАтФАтФАтФАтФАтФАтФАтФАтФАтФАтФАтФАтФАтФАтФАтФАтФАтФАтФАтФАтФАтФАтФАтФАтФАтФАтФАтФАтФАтФАтФАтФАтФАтФАтФАтФАтФАтФАтФАтФАтФАтФАтФАтФАтФАтФАтФАтФАтФАтФАтФАтФАтФАтФАтФАтФАтФАтФАтФАтФАтФАтФАтФАтФАтФАтФАтФАтФАтФАтФАтФАтФАтФАтФАтФАтФАтФАтФАтФАтФАтФАтФАтФАтФАтФАтФАтФАтФАтФАтФАтФАтФАтФАтФАтФАтФАтФАтФАтФАтФАтФАтФАтФАтФАтФАтФАтФАтФАтФАтФАтФАтФА
тФМтФАтФАтФАтФАтФАтФАтФАтФАтФАтФАтФАтФАтФАтФАтФАтФАтФАтФАтФАтФАтФАтФАтФАтФАтФАтФАтФАтФАтФАтФАтФАтФАтФАтФАтФАтФАтФАтФАтФАтФАтФАтФАтФАтФАтФАтФАтФАтФАтФАтФАтФАтФАтФАтФАтФАтФАтФАтФАтФАтФАтФАтФАтФАтФАтФАтФАтФАтФАтФАтФАтФАтФАтФАтФАтФАтФАтФАтФАтФАтФАтФАтФАтФАтФАтФАтФАтФАтФАтФАтФАтФАтФАтФАтФАтФАтФАтФАтФАтФАтФАтФАтФАтФАтФАтФАтФАтФАтФАтФАтФАтФАтФАтФАтФАтФАтФАтФАтФАтФА
тФВ #0   TestService.completeTest (package:psycho_tests/services/test_service.dart:45:15)
тФВ #1   main.<anonymous closure>.<anonymous closure> (file:///D:/Work/psycho_app/0.0.1.x_dev/test/services/test_service_test.dart:499:42)
тФЬтФДтФДтФДтФДтФДтФДтФДтФДтФДтФДтФДтФДтФДтФДтФДтФДтФДтФДтФДтФДтФДтФДтФДтФДтФДтФДтФДтФДтФДтФДтФДтФДтФДтФДтФДтФДтФДтФДтФДтФДтФДтФДтФДтФДтФДтФДтФДтФДтФДтФДтФДтФДтФДтФДтФДтФДтФДтФДтФДтФДтФДтФДтФДтФДтФДтФДтФДтФДтФДтФДтФДтФДтФДтФДтФДтФДтФДтФДтФДтФДтФДтФДтФДтФДтФДтФДтФДтФДтФДтФДтФДтФДтФДтФДтФДтФДтФДтФДтФДтФДтФДтФДтФДтФДтФДтФДтФДтФДтФДтФДтФДтФДтФДтФДтФДтФДтФДтФДтФД
тФВ ЁЯРЫ type: TestType.simple
тФФтФАтФАтФАтФАтФАтФАтФАтФАтФАтФАтФАтФАтФАтФАтФАтФАтФАтФАтФАтФАтФАтФАтФАтФАтФАтФАтФАтФАтФАтФАтФАтФАтФАтФАтФАтФАтФАтФАтФАтФАтФАтФАтФАтФАтФАтФАтФАтФАтФАтФАтФАтФАтФАтФАтФАтФАтФАтФАтФАтФАтФАтФАтФАтФАтФАтФАтФАтФАтФАтФАтФАтФАтФАтФАтФАтФАтФАтФАтФАтФАтФАтФАтФАтФАтФАтФАтФАтФАтФАтФАтФАтФАтФАтФАтФАтФАтФАтФАтФАтФАтФАтФАтФАтФАтФАтФАтФАтФАтФАтФАтФАтФАтФАтФАтФАтФАтФАтФАтФА
тФМтФАтФАтФАтФАтФАтФАтФАтФАтФАтФАтФАтФАтФАтФАтФАтФАтФАтФАтФАтФАтФАтФАтФАтФАтФАтФАтФАтФАтФАтФАтФАтФАтФАтФАтФАтФАтФАтФАтФАтФАтФАтФАтФАтФАтФАтФАтФАтФАтФАтФАтФАтФАтФАтФАтФАтФАтФАтФАтФАтФАтФАтФАтФАтФАтФАтФАтФАтФАтФАтФАтФАтФАтФАтФАтФАтФАтФАтФАтФАтФАтФАтФАтФАтФАтФАтФАтФАтФАтФАтФАтФАтФАтФАтФАтФАтФАтФАтФАтФАтФАтФАтФАтФАтФАтФАтФАтФАтФАтФАтФАтФАтФАтФАтФАтФАтФАтФАтФАтФА
тФВ #0   TestService.completeTest (package:psycho_tests/services/test_service.dart:46:15)
тФВ #1   main.<anonymous closure>.<anonymous closure> (file:///D:/Work/psycho_app/0.0.1.x_dev/test/services/test_service_test.dart:499:42)
тФЬтФДтФДтФДтФДтФДтФДтФДтФДтФДтФДтФДтФДтФДтФДтФДтФДтФДтФДтФДтФДтФДтФДтФДтФДтФДтФДтФДтФДтФДтФДтФДтФДтФДтФДтФДтФДтФДтФДтФДтФДтФДтФДтФДтФДтФДтФДтФДтФДтФДтФДтФДтФДтФДтФДтФДтФДтФДтФДтФДтФДтФДтФДтФДтФДтФДтФДтФДтФДтФДтФДтФДтФДтФДтФДтФДтФДтФДтФДтФДтФДтФДтФДтФДтФДтФДтФДтФДтФДтФДтФДтФДтФДтФДтФДтФДтФДтФДтФДтФДтФДтФДтФДтФДтФДтФДтФДтФДтФДтФДтФДтФДтФДтФДтФДтФДтФДтФДтФДтФД
тФВ ЁЯРЫ isBipolar: false
тФФтФАтФАтФАтФАтФАтФАтФАтФАтФАтФАтФАтФАтФАтФАтФАтФАтФАтФАтФАтФАтФАтФАтФАтФАтФАтФАтФАтФАтФАтФАтФАтФАтФАтФАтФАтФАтФАтФАтФАтФАтФАтФАтФАтФАтФАтФАтФАтФАтФАтФАтФАтФАтФАтФАтФАтФАтФАтФАтФАтФАтФАтФАтФАтФАтФАтФАтФАтФАтФАтФАтФАтФАтФАтФАтФАтФАтФАтФАтФАтФАтФАтФАтФАтФАтФАтФАтФАтФАтФАтФАтФАтФАтФАтФАтФАтФАтФАтФАтФАтФАтФАтФАтФАтФАтФАтФАтФАтФАтФАтФАтФАтФАтФАтФАтФАтФАтФАтФАтФА
тФМтФАтФАтФАтФАтФАтФАтФАтФАтФАтФАтФАтФАтФАтФАтФАтФАтФАтФАтФАтФАтФАтФАтФАтФАтФАтФАтФАтФАтФАтФАтФАтФАтФАтФАтФАтФАтФАтФАтФАтФАтФАтФАтФАтФАтФАтФАтФАтФАтФАтФАтФАтФАтФАтФАтФАтФАтФАтФАтФАтФАтФАтФАтФАтФАтФАтФАтФАтФАтФАтФАтФАтФАтФАтФАтФАтФАтФАтФАтФАтФАтФАтФАтФАтФАтФАтФАтФАтФАтФАтФАтФАтФАтФАтФАтФАтФАтФАтФАтФАтФАтФАтФАтФАтФАтФАтФАтФАтФАтФАтФАтФАтФАтФАтФАтФАтФАтФАтФАтФА
тФВ #0   TestService.completeTest (package:psycho_tests/services/test_service.dart:47:15)
тФВ #1   main.<anonymous closure>.<anonymous closure> (file:///D:/Work/psycho_app/0.0.1.x_dev/test/services/test_service_test.dart:499:42)
тФЬтФДтФДтФДтФДтФДтФДтФДтФДтФДтФДтФДтФДтФДтФДтФДтФДтФДтФДтФДтФДтФДтФДтФДтФДтФДтФДтФДтФДтФДтФДтФДтФДтФДтФДтФДтФДтФДтФДтФДтФДтФДтФДтФДтФДтФДтФДтФДтФДтФДтФДтФДтФДтФДтФДтФДтФДтФДтФДтФДтФДтФДтФДтФДтФДтФДтФДтФДтФДтФДтФДтФДтФДтФДтФДтФДтФДтФДтФДтФДтФДтФДтФДтФДтФДтФДтФДтФДтФДтФДтФДтФДтФДтФДтФДтФДтФДтФДтФДтФДтФДтФДтФДтФДтФДтФДтФДтФДтФДтФДтФДтФДтФДтФДтФДтФДтФДтФДтФДтФД
тФВ ЁЯРЫ bipolarDimensions: null
тФФтФАтФАтФАтФАтФАтФАтФАтФАтФАтФАтФАтФАтФАтФАтФАтФАтФАтФАтФАтФАтФАтФАтФАтФАтФАтФАтФАтФАтФАтФАтФАтФАтФАтФАтФАтФАтФАтФАтФАтФАтФАтФАтФАтФАтФАтФАтФАтФАтФАтФАтФАтФАтФАтФАтФАтФАтФАтФАтФАтФАтФАтФАтФАтФАтФАтФАтФАтФАтФАтФАтФАтФАтФАтФАтФАтФАтФАтФАтФАтФАтФАтФАтФАтФАтФАтФАтФАтФАтФАтФАтФАтФАтФАтФАтФАтФАтФАтФАтФАтФАтФАтФАтФАтФАтФАтФАтФАтФАтФАтФАтФАтФАтФАтФАтФАтФАтФАтФАтФА
тФМтФАтФАтФАтФАтФАтФАтФАтФАтФАтФАтФАтФАтФАтФАтФАтФАтФАтФАтФАтФАтФАтФАтФАтФАтФАтФАтФАтФАтФАтФАтФАтФАтФАтФАтФАтФАтФАтФАтФАтФАтФАтФАтФАтФАтФАтФАтФАтФАтФАтФАтФАтФАтФАтФАтФАтФАтФАтФАтФАтФАтФАтФАтФАтФАтФАтФАтФАтФАтФАтФАтФАтФАтФАтФАтФАтФАтФАтФАтФАтФАтФАтФАтФАтФАтФАтФАтФАтФАтФАтФАтФАтФАтФАтФАтФАтФАтФАтФАтФАтФАтФАтФАтФАтФАтФАтФАтФАтФАтФАтФАтФАтФАтФАтФАтФАтФАтФАтФАтФА
тФВ #0   TestService.completeTest (package:psycho_tests/services/test_service.dart:62:17)
тФВ #1   main.<anonymous closure>.<anonymous closure> (file:///D:/Work/psycho_app/0.0.1.x_dev/test/services/test_service_test.dart:499:42)
тФЬтФДтФДтФДтФДтФДтФДтФДтФДтФДтФДтФДтФДтФДтФДтФДтФДтФДтФДтФДтФДтФДтФДтФДтФДтФДтФДтФДтФДтФДтФДтФДтФДтФДтФДтФДтФДтФДтФДтФДтФДтФДтФДтФДтФДтФДтФДтФДтФДтФДтФДтФДтФДтФДтФДтФДтФДтФДтФДтФДтФДтФДтФДтФДтФДтФДтФДтФДтФДтФДтФДтФДтФДтФДтФДтФДтФДтФДтФДтФДтФДтФДтФДтФДтФДтФДтФДтФДтФДтФДтФДтФДтФДтФДтФДтФДтФДтФДтФДтФДтФДтФДтФДтФДтФДтФДтФДтФДтФДтФДтФДтФДтФДтФДтФДтФДтФДтФДтФДтФД
тФВ ЁЯРЫ Calling _completeSimpleTest()
тФФтФАтФАтФАтФАтФАтФАтФАтФАтФАтФАтФАтФАтФАтФАтФАтФАтФАтФАтФАтФАтФАтФАтФАтФАтФАтФАтФАтФАтФАтФАтФАтФАтФАтФАтФАтФАтФАтФАтФАтФАтФАтФАтФАтФАтФАтФАтФАтФАтФАтФАтФАтФАтФАтФАтФАтФАтФАтФАтФАтФАтФАтФАтФАтФАтФАтФАтФАтФАтФАтФАтФАтФАтФАтФАтФАтФАтФАтФАтФАтФАтФАтФАтФАтФАтФАтФАтФАтФАтФАтФАтФАтФАтФАтФАтФАтФАтФАтФАтФАтФАтФАтФАтФАтФАтФАтФАтФАтФАтФАтФАтФАтФАтФАтФАтФАтФАтФАтФАтФА
тФМтФАтФАтФАтФАтФАтФАтФАтФАтФАтФАтФАтФАтФАтФАтФАтФАтФАтФАтФАтФАтФАтФАтФАтФАтФАтФАтФАтФАтФАтФАтФАтФАтФАтФАтФАтФАтФАтФАтФАтФАтФАтФАтФАтФАтФАтФАтФАтФАтФАтФАтФАтФАтФАтФАтФАтФАтФАтФАтФАтФАтФАтФАтФАтФАтФАтФАтФАтФАтФАтФАтФАтФАтФАтФАтФАтФАтФАтФАтФАтФАтФАтФАтФАтФАтФАтФАтФАтФАтФАтФАтФАтФАтФАтФАтФАтФАтФАтФАтФАтФАтФАтФАтФАтФАтФАтФАтФАтФАтФАтФАтФАтФАтФАтФАтФАтФАтФАтФАтФА
тФВ #0   TestService._completeSimpleTest (package:psycho_tests/services/test_service.dart:325:15)
тФВ #1   TestService.completeTest (package:psycho_tests/services/test_service.dart:63:14)
тФЬтФДтФДтФДтФДтФДтФДтФДтФДтФДтФДтФДтФДтФДтФДтФДтФДтФДтФДтФДтФДтФДтФДтФДтФДтФДтФДтФДтФДтФДтФДтФДтФДтФДтФДтФДтФДтФДтФДтФДтФДтФДтФДтФДтФДтФДтФДтФДтФДтФДтФДтФДтФДтФДтФДтФДтФДтФДтФДтФДтФДтФДтФДтФДтФДтФДтФДтФДтФДтФДтФДтФДтФДтФДтФДтФДтФДтФДтФДтФДтФДтФДтФДтФДтФДтФДтФДтФДтФДтФДтФДтФДтФДтФДтФДтФДтФДтФДтФДтФДтФДтФДтФДтФДтФДтФДтФДтФДтФДтФДтФДтФДтФДтФДтФДтФДтФДтФДтФДтФД
тФВ ЁЯРЫ Simple test - Created 0 scale scores
тФФтФАтФАтФАтФАтФАтФАтФАтФАтФАтФАтФАтФАтФАтФАтФАтФАтФАтФАтФАтФАтФАтФАтФАтФАтФАтФАтФАтФАтФАтФАтФАтФАтФАтФАтФАтФАтФАтФАтФАтФАтФАтФАтФАтФАтФАтФАтФАтФАтФАтФАтФАтФАтФАтФАтФАтФАтФАтФАтФАтФАтФАтФАтФАтФАтФАтФАтФАтФАтФАтФАтФАтФАтФАтФАтФАтФАтФАтФАтФАтФАтФАтФАтФАтФАтФАтФАтФАтФАтФАтФАтФАтФАтФАтФАтФАтФАтФАтФАтФАтФАтФАтФАтФАтФАтФАтФАтФАтФАтФАтФАтФАтФАтФАтФАтФАтФАтФАтФАтФА
тФМтФАтФАтФАтФАтФАтФАтФАтФАтФАтФАтФАтФАтФАтФАтФАтФАтФАтФАтФАтФАтФАтФАтФАтФАтФАтФАтФАтФАтФАтФАтФАтФАтФАтФАтФАтФАтФАтФАтФАтФАтФАтФАтФАтФАтФАтФАтФАтФАтФАтФАтФАтФАтФАтФАтФАтФАтФАтФАтФАтФАтФАтФАтФАтФАтФАтФАтФАтФАтФАтФАтФАтФАтФАтФАтФАтФАтФАтФАтФАтФАтФАтФАтФАтФАтФАтФАтФАтФАтФАтФАтФАтФАтФАтФАтФАтФАтФАтФАтФАтФАтФАтФАтФАтФАтФАтФАтФАтФАтФАтФАтФАтФАтФАтФАтФАтФАтФАтФАтФА
тФВ #0   TestService._completeSimpleTest (package:psycho_tests/services/test_service.dart:326:15)
тФВ #1   TestService.completeTest (package:psycho_tests/services/test_service.dart:63:14)
тФЬтФДтФДтФДтФДтФДтФДтФДтФДтФДтФДтФДтФДтФДтФДтФДтФДтФДтФДтФДтФДтФДтФДтФДтФДтФДтФДтФДтФДтФДтФДтФДтФДтФДтФДтФДтФДтФДтФДтФДтФДтФДтФДтФДтФДтФДтФДтФДтФДтФДтФДтФДтФДтФДтФДтФДтФДтФДтФДтФДтФДтФДтФДтФДтФДтФДтФДтФДтФДтФДтФДтФДтФДтФДтФДтФДтФДтФДтФДтФДтФДтФДтФДтФДтФДтФДтФДтФДтФДтФДтФДтФДтФДтФДтФДтФДтФДтФДтФДтФДтФДтФДтФДтФДтФДтФДтФДтФДтФДтФДтФДтФДтФДтФДтФДтФДтФДтФДтФДтФД
тФВ ЁЯРЫ Simple test - Created 0 scales with contributions
тФФтФАтФАтФАтФАтФАтФАтФАтФАтФАтФАтФАтФАтФАтФАтФАтФАтФАтФАтФАтФАтФАтФАтФАтФАтФАтФАтФАтФАтФАтФАтФАтФАтФАтФАтФАтФАтФАтФАтФАтФАтФАтФАтФАтФАтФАтФАтФАтФАтФАтФАтФАтФАтФАтФАтФАтФАтФАтФАтФАтФАтФАтФАтФАтФАтФАтФАтФАтФАтФАтФАтФАтФАтФАтФАтФАтФАтФАтФАтФАтФАтФАтФАтФАтФАтФАтФАтФАтФАтФАтФАтФАтФАтФАтФАтФАтФАтФАтФАтФАтФАтФАтФАтФАтФАтФАтФАтФАтФАтФАтФАтФАтФАтФАтФАтФАтФАтФАтФАтФА
00:01 +30 -17: D:/Work/psycho_app/0.0.1.x_dev/test/services/test_service_test.dart: Edge Cases and Error Handling handles test with no questions
00:01 +31 -17: D:/Work/psycho_app/0.0.1.x_dev/test/services/test_service_test.dart: Edge Cases and Error Handling calculates correct max score for different test types
тФМтФАтФАтФАтФАтФАтФАтФАтФАтФАтФАтФАтФАтФАтФАтФАтФАтФАтФАтФАтФАтФАтФАтФАтФАтФАтФАтФАтФАтФАтФАтФАтФАтФАтФАтФАтФАтФАтФАтФАтФАтФАтФАтФАтФАтФАтФАтФАтФАтФАтФАтФАтФАтФАтФАтФАтФАтФАтФАтФАтФАтФАтФАтФАтФАтФАтФАтФАтФАтФАтФАтФАтФАтФАтФАтФАтФАтФАтФАтФАтФАтФАтФАтФАтФАтФАтФАтФАтФАтФАтФАтФАтФАтФАтФАтФАтФАтФАтФАтФАтФАтФАтФАтФАтФАтФАтФАтФАтФАтФАтФАтФАтФАтФАтФАтФАтФАтФАтФАтФА
тФВ #0   TestService.completeTest (package:psycho_tests/services/test_service.dart:43:15)
тФВ #1   main.<anonymous closure>.<anonymous closure> (file:///D:/Work/psycho_app/0.0.1.x_dev/test/services/test_service_test.dart:527:46)
тФЬтФДтФДтФДтФДтФДтФДтФДтФДтФДтФДтФДтФДтФДтФДтФДтФДтФДтФДтФДтФДтФДтФДтФДтФДтФДтФДтФДтФДтФДтФДтФДтФДтФДтФДтФДтФДтФДтФДтФДтФДтФДтФДтФДтФДтФДтФДтФДтФДтФДтФДтФДтФДтФДтФДтФДтФДтФДтФДтФДтФДтФДтФДтФДтФДтФДтФДтФДтФДтФДтФДтФДтФДтФДтФДтФДтФДтФДтФДтФДтФДтФДтФДтФДтФДтФДтФДтФДтФДтФДтФДтФДтФДтФДтФДтФДтФДтФДтФДтФДтФДтФДтФДтФДтФДтФДтФДтФДтФДтФДтФДтФДтФДтФДтФДтФДтФДтФДтФДтФД
тФВ ЁЯРЫ ===== completeTest() CALLED =====
тФФтФАтФАтФАтФАтФАтФАтФАтФАтФАтФАтФАтФАтФАтФАтФАтФАтФАтФАтФАтФАтФАтФАтФАтФАтФАтФАтФАтФАтФАтФАтФАтФАтФАтФАтФАтФАтФАтФАтФАтФАтФАтФАтФАтФАтФАтФАтФАтФАтФАтФАтФАтФАтФАтФАтФАтФАтФАтФАтФАтФАтФАтФАтФАтФАтФАтФАтФАтФАтФАтФАтФАтФАтФАтФАтФАтФАтФАтФАтФАтФАтФАтФАтФАтФАтФАтФАтФАтФАтФАтФАтФАтФАтФАтФАтФАтФАтФАтФАтФАтФАтФАтФАтФАтФАтФАтФАтФАтФАтФАтФАтФАтФАтФАтФАтФАтФАтФАтФАтФА
тФМтФАтФАтФАтФАтФАтФАтФАтФАтФАтФАтФАтФАтФАтФАтФАтФАтФАтФАтФАтФАтФАтФАтФАтФАтФАтФАтФАтФАтФАтФАтФАтФАтФАтФАтФАтФАтФАтФАтФАтФАтФАтФАтФАтФАтФАтФАтФАтФАтФАтФАтФАтФАтФАтФАтФАтФАтФАтФАтФАтФАтФАтФАтФАтФАтФАтФАтФАтФАтФАтФАтФАтФАтФАтФАтФАтФАтФАтФАтФАтФАтФАтФАтФАтФАтФАтФАтФАтФАтФАтФАтФАтФАтФАтФАтФАтФАтФАтФАтФАтФАтФАтФАтФАтФАтФАтФАтФАтФАтФАтФАтФАтФАтФАтФАтФАтФАтФАтФАтФА
тФВ #0   TestService.completeTest (package:psycho_tests/services/test_service.dart:44:15)
тФВ #1   main.<anonymous closure>.<anonymous closure> (file:///D:/Work/psycho_app/0.0.1.x_dev/test/services/test_service_test.dart:527:46)
тФЬтФДтФДтФДтФДтФДтФДтФДтФДтФДтФДтФДтФДтФДтФДтФДтФДтФДтФДтФДтФДтФДтФДтФДтФДтФДтФДтФДтФДтФДтФДтФДтФДтФДтФДтФДтФДтФДтФДтФДтФДтФДтФДтФДтФДтФДтФДтФДтФДтФДтФДтФДтФДтФДтФДтФДтФДтФДтФДтФДтФДтФДтФДтФДтФДтФДтФДтФДтФДтФДтФДтФДтФДтФДтФДтФДтФДтФДтФДтФДтФДтФДтФДтФДтФДтФДтФДтФДтФДтФДтФДтФДтФДтФДтФДтФДтФДтФДтФДтФДтФДтФДтФДтФДтФДтФДтФДтФДтФДтФДтФДтФДтФДтФДтФДтФДтФДтФДтФДтФД
тФВ ЁЯРЫ testId: fisher_temperament
тФФтФАтФАтФАтФАтФАтФАтФАтФАтФАтФАтФАтФАтФАтФАтФАтФАтФАтФАтФАтФАтФАтФАтФАтФАтФАтФАтФАтФАтФАтФАтФАтФАтФАтФАтФАтФАтФАтФАтФАтФАтФАтФАтФАтФАтФАтФАтФАтФАтФАтФАтФАтФАтФАтФАтФАтФАтФАтФАтФАтФАтФАтФАтФАтФАтФАтФАтФАтФАтФАтФАтФАтФАтФАтФАтФАтФАтФАтФАтФАтФАтФАтФАтФАтФАтФАтФАтФАтФАтФАтФАтФАтФАтФАтФАтФАтФАтФАтФАтФАтФАтФАтФАтФАтФАтФАтФАтФАтФАтФАтФАтФАтФАтФАтФАтФАтФАтФАтФАтФА
тФМтФАтФАтФАтФАтФАтФАтФАтФАтФАтФАтФАтФАтФАтФАтФАтФАтФАтФАтФАтФАтФАтФАтФАтФАтФАтФАтФАтФАтФАтФАтФАтФАтФАтФАтФАтФАтФАтФАтФАтФАтФАтФАтФАтФАтФАтФАтФАтФАтФАтФАтФАтФАтФАтФАтФАтФАтФАтФАтФАтФАтФАтФАтФАтФАтФАтФАтФАтФАтФАтФАтФАтФАтФАтФАтФАтФАтФАтФАтФАтФАтФАтФАтФАтФАтФАтФАтФАтФАтФАтФАтФАтФАтФАтФАтФАтФАтФАтФАтФАтФАтФАтФАтФАтФАтФАтФАтФАтФАтФАтФАтФАтФАтФАтФАтФАтФАтФАтФАтФА
тФВ #0   TestService.completeTest (package:psycho_tests/services/test_service.dart:45:15)
тФВ #1   main.<anonymous closure>.<anonymous closure> (file:///D:/Work/psycho_app/0.0.1.x_dev/test/services/test_service_test.dart:527:46)
тФЬтФДтФДтФДтФДтФДтФДтФДтФДтФДтФДтФДтФДтФДтФДтФДтФДтФДтФДтФДтФДтФДтФДтФДтФДтФДтФДтФДтФДтФДтФДтФДтФДтФДтФДтФДтФДтФДтФДтФДтФДтФДтФДтФДтФДтФДтФДтФДтФДтФДтФДтФДтФДтФДтФДтФДтФДтФДтФДтФДтФДтФДтФДтФДтФДтФДтФДтФДтФДтФДтФДтФДтФДтФДтФДтФДтФДтФДтФДтФДтФДтФДтФДтФДтФДтФДтФДтФДтФДтФДтФДтФДтФДтФДтФДтФДтФДтФДтФДтФДтФДтФДтФДтФДтФДтФДтФДтФДтФДтФДтФДтФДтФДтФДтФДтФДтФДтФДтФДтФД
тФВ ЁЯРЫ type: TestType.multiFactor
тФФтФАтФАтФАтФАтФАтФАтФАтФАтФАтФАтФАтФАтФАтФАтФАтФАтФАтФАтФАтФАтФАтФАтФАтФАтФАтФАтФАтФАтФАтФАтФАтФАтФАтФАтФАтФАтФАтФАтФАтФАтФАтФАтФАтФАтФАтФАтФАтФАтФАтФАтФАтФАтФАтФАтФАтФАтФАтФАтФАтФАтФАтФАтФАтФАтФАтФАтФАтФАтФАтФАтФАтФАтФАтФАтФАтФАтФАтФАтФАтФАтФАтФАтФАтФАтФАтФАтФАтФАтФАтФАтФАтФАтФАтФАтФАтФАтФАтФАтФАтФАтФАтФАтФАтФАтФАтФАтФАтФАтФАтФАтФАтФАтФАтФАтФАтФАтФАтФАтФА
тФМтФАтФАтФАтФАтФАтФАтФАтФАтФАтФАтФАтФАтФАтФАтФАтФАтФАтФАтФАтФАтФАтФАтФАтФАтФАтФАтФАтФАтФАтФАтФАтФАтФАтФАтФАтФАтФАтФАтФАтФАтФАтФАтФАтФАтФАтФАтФАтФАтФАтФАтФАтФАтФАтФАтФАтФАтФАтФАтФАтФАтФАтФАтФАтФАтФАтФАтФАтФАтФАтФАтФАтФАтФАтФАтФАтФАтФАтФАтФАтФАтФАтФАтФАтФАтФАтФАтФАтФАтФАтФАтФАтФАтФАтФАтФАтФАтФАтФАтФАтФАтФАтФАтФАтФАтФАтФАтФАтФАтФАтФАтФАтФАтФАтФАтФАтФАтФАтФАтФА
тФВ #0   TestService.completeTest (package:psycho_tests/services/test_service.dart:46:15)
тФВ #1   main.<anonymous closure>.<anonymous closure> (file:///D:/Work/psycho_app/0.0.1.x_dev/test/services/test_service_test.dart:527:46)
тФЬтФДтФДтФДтФДтФДтФДтФДтФДтФДтФДтФДтФДтФДтФДтФДтФДтФДтФДтФДтФДтФДтФДтФДтФДтФДтФДтФДтФДтФДтФДтФДтФДтФДтФДтФДтФДтФДтФДтФДтФДтФДтФДтФДтФДтФДтФДтФДтФДтФДтФДтФДтФДтФДтФДтФДтФДтФДтФДтФДтФДтФДтФДтФДтФДтФДтФДтФДтФДтФДтФДтФДтФДтФДтФДтФДтФДтФДтФДтФДтФДтФДтФДтФДтФДтФДтФДтФДтФДтФДтФДтФДтФДтФДтФДтФДтФДтФДтФДтФДтФДтФДтФДтФДтФДтФДтФДтФДтФДтФДтФДтФДтФДтФДтФДтФДтФДтФДтФДтФД
тФВ ЁЯРЫ isBipolar: false
тФФтФАтФАтФАтФАтФАтФАтФАтФАтФАтФАтФАтФАтФАтФАтФАтФАтФАтФАтФАтФАтФАтФАтФАтФАтФАтФАтФАтФАтФАтФАтФАтФАтФАтФАтФАтФАтФАтФАтФАтФАтФАтФАтФАтФАтФАтФАтФАтФАтФАтФАтФАтФАтФАтФАтФАтФАтФАтФАтФАтФАтФАтФАтФАтФАтФАтФАтФАтФАтФАтФАтФАтФАтФАтФАтФАтФАтФАтФАтФАтФАтФАтФАтФАтФАтФАтФАтФАтФАтФАтФАтФАтФАтФАтФАтФАтФАтФАтФАтФАтФАтФАтФАтФАтФАтФАтФАтФАтФАтФАтФАтФАтФАтФАтФАтФАтФАтФАтФАтФА
тФМтФАтФАтФАтФАтФАтФАтФАтФАтФАтФАтФАтФАтФАтФАтФАтФАтФАтФАтФАтФАтФАтФАтФАтФАтФАтФАтФАтФАтФАтФАтФАтФАтФАтФАтФАтФАтФАтФАтФАтФАтФАтФАтФАтФАтФАтФАтФАтФАтФАтФАтФАтФАтФАтФАтФАтФАтФАтФАтФАтФАтФАтФАтФАтФАтФАтФАтФАтФАтФАтФАтФАтФАтФАтФАтФАтФАтФАтФАтФАтФАтФАтФАтФАтФАтФАтФАтФАтФАтФАтФАтФАтФАтФАтФАтФАтФАтФАтФАтФАтФАтФАтФАтФАтФАтФАтФАтФАтФАтФАтФАтФАтФАтФАтФАтФАтФАтФАтФАтФА
тФВ #0   TestService.completeTest (package:psycho_tests/services/test_service.dart:47:15)
тФВ #1   main.<anonymous closure>.<anonymous closure> (file:///D:/Work/psycho_app/0.0.1.x_dev/test/services/test_service_test.dart:527:46)
тФЬтФДтФДтФДтФДтФДтФДтФДтФДтФДтФДтФДтФДтФДтФДтФДтФДтФДтФДтФДтФДтФДтФДтФДтФДтФДтФДтФДтФДтФДтФДтФДтФДтФДтФДтФДтФДтФДтФДтФДтФДтФДтФДтФДтФДтФДтФДтФДтФДтФДтФДтФДтФДтФДтФДтФДтФДтФДтФДтФДтФДтФДтФДтФДтФДтФДтФДтФДтФДтФДтФДтФДтФДтФДтФДтФДтФДтФДтФДтФДтФДтФДтФДтФДтФДтФДтФДтФДтФДтФДтФДтФДтФДтФДтФДтФДтФДтФДтФДтФДтФДтФДтФДтФДтФДтФДтФДтФДтФДтФДтФДтФДтФДтФДтФДтФДтФДтФДтФДтФД
тФВ ЁЯРЫ bipolarDimensions: null
тФФтФАтФАтФАтФАтФАтФАтФАтФАтФАтФАтФАтФАтФАтФАтФАтФАтФАтФАтФАтФАтФАтФАтФАтФАтФАтФАтФАтФАтФАтФАтФАтФАтФАтФАтФАтФАтФАтФАтФАтФАтФАтФАтФАтФАтФАтФАтФАтФАтФАтФАтФАтФАтФАтФАтФАтФАтФАтФАтФАтФАтФАтФАтФАтФАтФАтФАтФАтФАтФАтФАтФАтФАтФАтФАтФАтФАтФАтФАтФАтФАтФАтФАтФАтФАтФАтФАтФАтФАтФАтФАтФАтФАтФАтФАтФАтФАтФАтФАтФАтФАтФАтФАтФАтФАтФАтФАтФАтФАтФАтФАтФАтФАтФАтФАтФАтФАтФАтФАтФА
тФМтФАтФАтФАтФАтФАтФАтФАтФАтФАтФАтФАтФАтФАтФАтФАтФАтФАтФАтФАтФАтФАтФАтФАтФАтФАтФАтФАтФАтФАтФАтФАтФАтФАтФАтФАтФАтФАтФАтФАтФАтФАтФАтФАтФАтФАтФАтФАтФАтФАтФАтФАтФАтФАтФАтФАтФАтФАтФАтФАтФАтФАтФАтФАтФАтФАтФАтФАтФАтФАтФАтФАтФАтФАтФАтФАтФАтФАтФАтФАтФАтФАтФАтФАтФАтФАтФАтФАтФАтФАтФАтФАтФАтФАтФАтФАтФАтФАтФАтФАтФАтФАтФАтФАтФАтФАтФАтФАтФАтФАтФАтФАтФАтФАтФАтФАтФАтФАтФАтФА
тФВ #0   TestService.completeTest (package:psycho_tests/services/test_service.dart:51:17)
тФВ #1   main.<anonymous closure>.<anonymous closure> (file:///D:/Work/psycho_app/0.0.1.x_dev/test/services/test_service_test.dart:527:46)
тФЬтФДтФДтФДтФДтФДтФДтФДтФДтФДтФДтФДтФДтФДтФДтФДтФДтФДтФДтФДтФДтФДтФДтФДтФДтФДтФДтФДтФДтФДтФДтФДтФДтФДтФДтФДтФДтФДтФДтФДтФДтФДтФДтФДтФДтФДтФДтФДтФДтФДтФДтФДтФДтФДтФДтФДтФДтФДтФДтФДтФДтФДтФДтФДтФДтФДтФДтФДтФДтФДтФДтФДтФДтФДтФДтФДтФДтФДтФДтФДтФДтФДтФДтФДтФДтФДтФДтФДтФДтФДтФДтФДтФДтФДтФДтФДтФДтФДтФДтФДтФДтФДтФДтФДтФДтФДтФДтФДтФДтФДтФДтФДтФДтФДтФДтФДтФДтФДтФДтФД
тФВ ЁЯРЫ Multi-factor test detected
тФФтФАтФАтФАтФАтФАтФАтФАтФАтФАтФАтФАтФАтФАтФАтФАтФАтФАтФАтФАтФАтФАтФАтФАтФАтФАтФАтФАтФАтФАтФАтФАтФАтФАтФАтФАтФАтФАтФАтФАтФАтФАтФАтФАтФАтФАтФАтФАтФАтФАтФАтФАтФАтФАтФАтФАтФАтФАтФАтФАтФАтФАтФАтФАтФАтФАтФАтФАтФАтФАтФАтФАтФАтФАтФАтФАтФАтФАтФАтФАтФАтФАтФАтФАтФАтФАтФАтФАтФАтФАтФАтФАтФАтФАтФАтФАтФАтФАтФАтФАтФАтФАтФАтФАтФАтФАтФАтФАтФАтФАтФАтФАтФАтФАтФАтФАтФАтФАтФАтФА
тФМтФАтФАтФАтФАтФАтФАтФАтФАтФАтФАтФАтФАтФАтФАтФАтФАтФАтФАтФАтФАтФАтФАтФАтФАтФАтФАтФАтФАтФАтФАтФАтФАтФАтФАтФАтФАтФАтФАтФАтФАтФАтФАтФАтФАтФАтФАтФАтФАтФАтФАтФАтФАтФАтФАтФАтФАтФАтФАтФАтФАтФАтФАтФАтФАтФАтФАтФАтФАтФАтФАтФАтФАтФАтФАтФАтФАтФАтФАтФАтФАтФАтФАтФАтФАтФАтФАтФАтФАтФАтФАтФАтФАтФАтФАтФАтФАтФАтФАтФАтФАтФАтФАтФАтФАтФАтФАтФАтФАтФАтФАтФАтФАтФАтФАтФАтФАтФАтФАтФА
тФВ #0   TestService.completeTest (package:psycho_tests/services/test_service.dart:57:19)
тФВ #1   main.<anonymous closure>.<anonymous closure> (file:///D:/Work/psycho_app/0.0.1.x_dev/test/services/test_service_test.dart:527:46)
тФЬтФДтФДтФДтФДтФДтФДтФДтФДтФДтФДтФДтФДтФДтФДтФДтФДтФДтФДтФДтФДтФДтФДтФДтФДтФДтФДтФДтФДтФДтФДтФДтФДтФДтФДтФДтФДтФДтФДтФДтФДтФДтФДтФДтФДтФДтФДтФДтФДтФДтФДтФДтФДтФДтФДтФДтФДтФДтФДтФДтФДтФДтФДтФДтФДтФДтФДтФДтФДтФДтФДтФДтФДтФДтФДтФДтФДтФДтФДтФДтФДтФДтФДтФДтФДтФДтФДтФДтФДтФДтФДтФДтФДтФДтФДтФДтФДтФДтФДтФДтФДтФДтФДтФДтФДтФДтФДтФДтФДтФДтФДтФДтФДтФДтФДтФДтФДтФДтФДтФД
тФВ ЁЯРЫ Calling _completeMultiFactorTest()
тФФтФАтФАтФАтФАтФАтФАтФАтФАтФАтФАтФАтФАтФАтФАтФАтФАтФАтФАтФАтФАтФАтФАтФАтФАтФАтФАтФАтФАтФАтФАтФАтФАтФАтФАтФАтФАтФАтФАтФАтФАтФАтФАтФАтФАтФАтФАтФАтФАтФАтФАтФАтФАтФАтФАтФАтФАтФАтФАтФАтФАтФАтФАтФАтФАтФАтФАтФАтФАтФАтФАтФАтФАтФАтФАтФАтФАтФАтФАтФАтФАтФАтФАтФАтФАтФАтФАтФАтФАтФАтФАтФАтФАтФАтФАтФАтФАтФАтФАтФАтФАтФАтФАтФАтФАтФАтФАтФАтФАтФАтФАтФАтФАтФАтФАтФАтФАтФАтФАтФА
00:01 +31 -18: D:/Work/psycho_app/0.0.1.x_dev/test/services/test_service_test.dart: Edge Cases and Error Handling calculates correct max score for different test types [E]
  Bad state: No element
  dart:collection                                        ListBase.firstWhere
  package:psycho_tests/services/test_service.dart 92:49  TestService._completeMultiFactorTest
  package:psycho_tests/services/test_service.dart 59:16  TestService.completeTest
  test\services\test_service_test.dart 527:46            main.<fn>.<fn>
  
test/widget_test.dart:16:35: Error: Couldn't find constructor 'MyApp'.
    await tester.pumpWidget(const MyApp());
                                  ^^^^^
00:08 +31 -19: loading D:/Work/psycho_app/0.0.1.x_dev/test/widget_test.dart [E]
  Failed to load "D:/Work/psycho_app/0.0.1.x_dev/test/widget_test.dart":
  Compilation failed for testPath=D:/Work/psycho_app/0.0.1.x_dev/test/widget_test.dart: test/widget_test.dart:16:35: Error: Couldn't find constructor 'MyApp'.
      await tester.pumpWidget(const MyApp());
                                    ^^^^^
  .
00:08 +31 -19: Some tests failed.
