тФВ #0   TestService._completeMultiFactorTest.<anonymous closure> (package:psycho_app/services/test_service.dart:185:17)
тФВ #1   _LinkedHashMapMixin.forEach (dart:_compact_hash:764:13)
тФЬтФДтФДтФДтФДтФДтФДтФДтФДтФДтФДтФДтФДтФДтФДтФДтФДтФДтФДтФДтФДтФДтФДтФДтФДтФДтФДтФДтФДтФДтФДтФДтФДтФДтФДтФДтФДтФДтФДтФДтФДтФДтФДтФДтФДтФДтФДтФДтФДтФДтФДтФДтФДтФДтФДтФДтФДтФДтФДтФДтФДтФДтФДтФДтФДтФДтФДтФДтФДтФДтФДтФДтФДтФДтФДтФДтФДтФДтФДтФДтФДтФДтФДтФДтФДтФДтФДтФДтФДтФДтФДтФДтФДтФДтФДтФДтФДтФДтФДтФДтФДтФДтФДтФДтФДтФДтФДтФДтФДтФДтФДтФДтФДтФДтФДтФДтФДтФДтФДтФД
тФВ ЁЯРЫ   - Scale intellectual_curiosity: 7 questions
тФФтФАтФАтФАтФАтФАтФАтФАтФАтФАтФАтФАтФАтФАтФАтФАтФАтФАтФАтФАтФАтФАтФАтФАтФАтФАтФАтФАтФАтФАтФАтФАтФАтФАтФАтФАтФАтФАтФАтФАтФАтФАтФАтФАтФАтФАтФАтФАтФАтФАтФАтФАтФАтФАтФАтФАтФАтФАтФАтФАтФАтФАтФАтФАтФАтФАтФАтФАтФАтФАтФАтФАтФАтФАтФАтФАтФАтФАтФАтФАтФАтФАтФАтФАтФАтФАтФАтФАтФАтФАтФАтФАтФАтФАтФАтФАтФАтФАтФАтФАтФАтФАтФАтФАтФАтФАтФАтФАтФАтФАтФАтФАтФАтФАтФАтФАтФАтФАтФАтФА
тФМтФАтФАтФАтФАтФАтФАтФАтФАтФАтФАтФАтФАтФАтФАтФАтФАтФАтФАтФАтФАтФАтФАтФАтФАтФАтФАтФАтФАтФАтФАтФАтФАтФАтФАтФАтФАтФАтФАтФАтФАтФАтФАтФАтФАтФАтФАтФАтФАтФАтФАтФАтФАтФАтФАтФАтФАтФАтФАтФАтФАтФАтФАтФАтФАтФАтФАтФАтФАтФАтФАтФАтФАтФАтФАтФАтФАтФАтФАтФАтФАтФАтФАтФАтФАтФАтФАтФАтФАтФАтФАтФАтФАтФАтФАтФАтФАтФАтФАтФАтФАтФАтФАтФАтФАтФАтФАтФАтФАтФАтФАтФАтФАтФАтФАтФАтФАтФАтФАтФА
тФВ #0   TestService._completeMultiFactorTest.<anonymous closure> (package:psycho_app/services/test_service.dart:185:17)
тФВ #1   _LinkedHashMapMixin.forEach (dart:_compact_hash:764:13)
тФЬтФДтФДтФДтФДтФДтФДтФДтФДтФДтФДтФДтФДтФДтФДтФДтФДтФДтФДтФДтФДтФДтФДтФДтФДтФДтФДтФДтФДтФДтФДтФДтФДтФДтФДтФДтФДтФДтФДтФДтФДтФДтФДтФДтФДтФДтФДтФДтФДтФДтФДтФДтФДтФДтФДтФДтФДтФДтФДтФДтФДтФДтФДтФДтФДтФДтФДтФДтФДтФДтФДтФДтФДтФДтФДтФДтФДтФДтФДтФДтФДтФДтФДтФДтФДтФДтФДтФДтФДтФДтФДтФДтФДтФДтФДтФДтФДтФДтФДтФДтФДтФДтФДтФДтФДтФДтФДтФДтФДтФДтФДтФДтФДтФДтФДтФДтФДтФДтФДтФД
тФВ ЁЯРЫ   - Scale learning_ability: 4 questions
тФФтФАтФАтФАтФАтФАтФАтФАтФАтФАтФАтФАтФАтФАтФАтФАтФАтФАтФАтФАтФАтФАтФАтФАтФАтФАтФАтФАтФАтФАтФАтФАтФАтФАтФАтФАтФАтФАтФАтФАтФАтФАтФАтФАтФАтФАтФАтФАтФАтФАтФАтФАтФАтФАтФАтФАтФАтФАтФАтФАтФАтФАтФАтФАтФАтФАтФАтФАтФАтФАтФАтФАтФАтФАтФАтФАтФАтФАтФАтФАтФАтФАтФАтФАтФАтФАтФАтФАтФАтФАтФАтФАтФАтФАтФАтФАтФАтФАтФАтФАтФАтФАтФАтФАтФАтФАтФАтФАтФАтФАтФАтФАтФАтФАтФАтФАтФАтФАтФАтФА
тФМтФАтФАтФАтФАтФАтФАтФАтФАтФАтФАтФАтФАтФАтФАтФАтФАтФАтФАтФАтФАтФАтФАтФАтФАтФАтФАтФАтФАтФАтФАтФАтФАтФАтФАтФАтФАтФАтФАтФАтФАтФАтФАтФАтФАтФАтФАтФАтФАтФАтФАтФАтФАтФАтФАтФАтФАтФАтФАтФАтФАтФАтФАтФАтФАтФАтФАтФАтФАтФАтФАтФАтФАтФАтФАтФАтФАтФАтФАтФАтФАтФАтФАтФАтФАтФАтФАтФАтФАтФАтФАтФАтФАтФАтФАтФАтФАтФАтФАтФАтФАтФАтФАтФАтФАтФАтФАтФАтФАтФАтФАтФАтФАтФАтФАтФАтФАтФАтФАтФА
тФВ #0   TestService._completeMultiFactorTest.<anonymous closure> (package:psycho_app/services/test_service.dart:185:17)
тФВ #1   _LinkedHashMapMixin.forEach (dart:_compact_hash:764:13)
тФЬтФДтФДтФДтФДтФДтФДтФДтФДтФДтФДтФДтФДтФДтФДтФДтФДтФДтФДтФДтФДтФДтФДтФДтФДтФДтФДтФДтФДтФДтФДтФДтФДтФДтФДтФДтФДтФДтФДтФДтФДтФДтФДтФДтФДтФДтФДтФДтФДтФДтФДтФДтФДтФДтФДтФДтФДтФДтФДтФДтФДтФДтФДтФДтФДтФДтФДтФДтФДтФДтФДтФДтФДтФДтФДтФДтФДтФДтФДтФДтФДтФДтФДтФДтФДтФДтФДтФДтФДтФДтФДтФДтФДтФДтФДтФДтФДтФДтФДтФДтФДтФДтФДтФДтФДтФДтФДтФДтФДтФДтФДтФДтФДтФДтФДтФДтФДтФДтФДтФД
тФВ ЁЯРЫ   - Scale ideas: 6 questions
тФФтФАтФАтФАтФАтФАтФАтФАтФАтФАтФАтФАтФАтФАтФАтФАтФАтФАтФАтФАтФАтФАтФАтФАтФАтФАтФАтФАтФАтФАтФАтФАтФАтФАтФАтФАтФАтФАтФАтФАтФАтФАтФАтФАтФАтФАтФАтФАтФАтФАтФАтФАтФАтФАтФАтФАтФАтФАтФАтФАтФАтФАтФАтФАтФАтФАтФАтФАтФАтФАтФАтФАтФАтФАтФАтФАтФАтФАтФАтФАтФАтФАтФАтФАтФАтФАтФАтФАтФАтФАтФАтФАтФАтФАтФАтФАтФАтФАтФАтФАтФАтФАтФАтФАтФАтФАтФАтФАтФАтФАтФАтФАтФАтФАтФАтФАтФАтФАтФАтФА
тФМтФАтФАтФАтФАтФАтФАтФАтФАтФАтФАтФАтФАтФАтФАтФАтФАтФАтФАтФАтФАтФАтФАтФАтФАтФАтФАтФАтФАтФАтФАтФАтФАтФАтФАтФАтФАтФАтФАтФАтФАтФАтФАтФАтФАтФАтФАтФАтФАтФАтФАтФАтФАтФАтФАтФАтФАтФАтФАтФАтФАтФАтФАтФАтФАтФАтФАтФАтФАтФАтФАтФАтФАтФАтФАтФАтФАтФАтФАтФАтФАтФАтФАтФАтФАтФАтФАтФАтФАтФАтФАтФАтФАтФАтФАтФАтФАтФАтФАтФАтФАтФАтФАтФАтФАтФАтФАтФАтФАтФАтФАтФАтФАтФАтФАтФАтФАтФАтФАтФА
тФВ #0   TestService._completeMultiFactorTest.<anonymous closure> (package:psycho_app/services/test_service.dart:185:17)
тФВ #1   _LinkedHashMapMixin.forEach (dart:_compact_hash:764:13)
тФЬтФДтФДтФДтФДтФДтФДтФДтФДтФДтФДтФДтФДтФДтФДтФДтФДтФДтФДтФДтФДтФДтФДтФДтФДтФДтФДтФДтФДтФДтФДтФДтФДтФДтФДтФДтФДтФДтФДтФДтФДтФДтФДтФДтФДтФДтФДтФДтФДтФДтФДтФДтФДтФДтФДтФДтФДтФДтФДтФДтФДтФДтФДтФДтФДтФДтФДтФДтФДтФДтФДтФДтФДтФДтФДтФДтФДтФДтФДтФДтФДтФДтФДтФДтФДтФДтФДтФДтФДтФДтФДтФДтФДтФДтФДтФДтФДтФДтФДтФДтФДтФДтФДтФДтФДтФДтФДтФДтФДтФДтФДтФДтФДтФДтФДтФДтФДтФДтФДтФД
тФВ ЁЯРЫ   - Scale verbal_communication: 2 questions
тФФтФАтФАтФАтФАтФАтФАтФАтФАтФАтФАтФАтФАтФАтФАтФАтФАтФАтФАтФАтФАтФАтФАтФАтФАтФАтФАтФАтФАтФАтФАтФАтФАтФАтФАтФАтФАтФАтФАтФАтФАтФАтФАтФАтФАтФАтФАтФАтФАтФАтФАтФАтФАтФАтФАтФАтФАтФАтФАтФАтФАтФАтФАтФАтФАтФАтФАтФАтФАтФАтФАтФАтФАтФАтФАтФАтФАтФАтФАтФАтФАтФАтФАтФАтФАтФАтФАтФАтФАтФАтФАтФАтФАтФАтФАтФАтФАтФАтФАтФАтФАтФАтФАтФАтФАтФАтФАтФАтФАтФАтФАтФАтФАтФАтФАтФАтФАтФАтФАтФА
тФМтФАтФАтФАтФАтФАтФАтФАтФАтФАтФАтФАтФАтФАтФАтФАтФАтФАтФАтФАтФАтФАтФАтФАтФАтФАтФАтФАтФАтФАтФАтФАтФАтФАтФАтФАтФАтФАтФАтФАтФАтФАтФАтФАтФАтФАтФАтФАтФАтФАтФАтФАтФАтФАтФАтФАтФАтФАтФАтФАтФАтФАтФАтФАтФАтФАтФАтФАтФАтФАтФАтФАтФАтФАтФАтФАтФАтФАтФАтФАтФАтФАтФАтФАтФАтФАтФАтФАтФАтФАтФАтФАтФАтФАтФАтФАтФАтФАтФАтФАтФАтФАтФАтФАтФАтФАтФАтФАтФАтФАтФАтФАтФАтФАтФАтФАтФАтФАтФАтФА
тФВ #0   TestService._completeMultiFactorTest.<anonymous closure> (package:psycho_app/services/test_service.dart:185:17)
тФВ #1   _LinkedHashMapMixin.forEach (dart:_compact_hash:764:13)
тФЬтФДтФДтФДтФДтФДтФДтФДтФДтФДтФДтФДтФДтФДтФДтФДтФДтФДтФДтФДтФДтФДтФДтФДтФДтФДтФДтФДтФДтФДтФДтФДтФДтФДтФДтФДтФДтФДтФДтФДтФДтФДтФДтФДтФДтФДтФДтФДтФДтФДтФДтФДтФДтФДтФДтФДтФДтФДтФДтФДтФДтФДтФДтФДтФДтФДтФДтФДтФДтФДтФДтФДтФДтФДтФДтФДтФДтФДтФДтФДтФДтФДтФДтФДтФДтФДтФДтФДтФДтФДтФДтФДтФДтФДтФДтФДтФДтФДтФДтФДтФДтФДтФДтФДтФДтФДтФДтФДтФДтФДтФДтФДтФДтФДтФДтФДтФДтФДтФДтФД
тФВ ЁЯРЫ   - Scale self_consciousness: 7 questions
тФФтФАтФАтФАтФАтФАтФАтФАтФАтФАтФАтФАтФАтФАтФАтФАтФАтФАтФАтФАтФАтФАтФАтФАтФАтФАтФАтФАтФАтФАтФАтФАтФАтФАтФАтФАтФАтФАтФАтФАтФАтФАтФАтФАтФАтФАтФАтФАтФАтФАтФАтФАтФАтФАтФАтФАтФАтФАтФАтФАтФАтФАтФАтФАтФАтФАтФАтФАтФАтФАтФАтФАтФАтФАтФАтФАтФАтФАтФАтФАтФАтФАтФАтФАтФАтФАтФАтФАтФАтФАтФАтФАтФАтФАтФАтФАтФАтФАтФАтФАтФАтФАтФАтФАтФАтФАтФАтФАтФАтФАтФАтФАтФАтФАтФАтФАтФАтФАтФАтФА
тФМтФАтФАтФАтФАтФАтФАтФАтФАтФАтФАтФАтФАтФАтФАтФАтФАтФАтФАтФАтФАтФАтФАтФАтФАтФАтФАтФАтФАтФАтФАтФАтФАтФАтФАтФАтФАтФАтФАтФАтФАтФАтФАтФАтФАтФАтФАтФАтФАтФАтФАтФАтФАтФАтФАтФАтФАтФАтФАтФАтФАтФАтФАтФАтФАтФАтФАтФАтФАтФАтФАтФАтФАтФАтФАтФАтФАтФАтФАтФАтФАтФАтФАтФАтФАтФАтФАтФАтФАтФАтФАтФАтФАтФАтФАтФАтФАтФАтФАтФАтФАтФАтФАтФАтФАтФАтФАтФАтФАтФАтФАтФАтФАтФАтФАтФАтФАтФАтФАтФА
тФВ #0   TestService._completeMultiFactorTest.<anonymous closure> (package:psycho_app/services/test_service.dart:185:17)
тФВ #1   _LinkedHashMapMixin.forEach (dart:_compact_hash:764:13)
тФЬтФДтФДтФДтФДтФДтФДтФДтФДтФДтФДтФДтФДтФДтФДтФДтФДтФДтФДтФДтФДтФДтФДтФДтФДтФДтФДтФДтФДтФДтФДтФДтФДтФДтФДтФДтФДтФДтФДтФДтФДтФДтФДтФДтФДтФДтФДтФДтФДтФДтФДтФДтФДтФДтФДтФДтФДтФДтФДтФДтФДтФДтФДтФДтФДтФДтФДтФДтФДтФДтФДтФДтФДтФДтФДтФДтФДтФДтФДтФДтФДтФДтФДтФДтФДтФДтФДтФДтФДтФДтФДтФДтФДтФДтФДтФДтФДтФДтФДтФДтФДтФДтФДтФДтФДтФДтФДтФДтФДтФДтФДтФДтФДтФДтФДтФДтФДтФДтФДтФД
тФВ ЁЯРЫ   - Scale social_perception: 6 questions
тФФтФАтФАтФАтФАтФАтФАтФАтФАтФАтФАтФАтФАтФАтФАтФАтФАтФАтФАтФАтФАтФАтФАтФАтФАтФАтФАтФАтФАтФАтФАтФАтФАтФАтФАтФАтФАтФАтФАтФАтФАтФАтФАтФАтФАтФАтФАтФАтФАтФАтФАтФАтФАтФАтФАтФАтФАтФАтФАтФАтФАтФАтФАтФАтФАтФАтФАтФАтФАтФАтФАтФАтФАтФАтФАтФАтФАтФАтФАтФАтФАтФАтФАтФАтФАтФАтФАтФАтФАтФАтФАтФАтФАтФАтФАтФАтФАтФАтФАтФАтФАтФАтФАтФАтФАтФАтФАтФАтФАтФАтФАтФАтФАтФАтФАтФАтФАтФАтФАтФА
тФМтФАтФАтФАтФАтФАтФАтФАтФАтФАтФАтФАтФАтФАтФАтФАтФАтФАтФАтФАтФАтФАтФАтФАтФАтФАтФАтФАтФАтФАтФАтФАтФАтФАтФАтФАтФАтФАтФАтФАтФАтФАтФАтФАтФАтФАтФАтФАтФАтФАтФАтФАтФАтФАтФАтФАтФАтФАтФАтФАтФАтФАтФАтФАтФАтФАтФАтФАтФАтФАтФАтФАтФАтФАтФАтФАтФАтФАтФАтФАтФАтФАтФАтФАтФАтФАтФАтФАтФАтФАтФАтФАтФАтФАтФАтФАтФАтФАтФАтФАтФАтФАтФАтФАтФАтФАтФАтФАтФАтФАтФАтФАтФАтФАтФАтФАтФАтФАтФАтФА
тФВ #0   TestService._completeMultiFactorTest.<anonymous closure> (package:psycho_app/services/test_service.dart:185:17)
тФВ #1   _LinkedHashMapMixin.forEach (dart:_compact_hash:764:13)
тФЬтФДтФДтФДтФДтФДтФДтФДтФДтФДтФДтФДтФДтФДтФДтФДтФДтФДтФДтФДтФДтФДтФДтФДтФДтФДтФДтФДтФДтФДтФДтФДтФДтФДтФДтФДтФДтФДтФДтФДтФДтФДтФДтФДтФДтФДтФДтФДтФДтФДтФДтФДтФДтФДтФДтФДтФДтФДтФДтФДтФДтФДтФДтФДтФДтФДтФДтФДтФДтФДтФДтФДтФДтФДтФДтФДтФДтФДтФДтФДтФДтФДтФДтФДтФДтФДтФДтФДтФДтФДтФДтФДтФДтФДтФДтФДтФДтФДтФДтФДтФДтФДтФДтФДтФДтФДтФДтФДтФДтФДтФДтФДтФДтФДтФДтФДтФДтФДтФДтФД
тФВ ЁЯРЫ   - Scale curiosity: 2 questions
тФФтФАтФАтФАтФАтФАтФАтФАтФАтФАтФАтФАтФАтФАтФАтФАтФАтФАтФАтФАтФАтФАтФАтФАтФАтФАтФАтФАтФАтФАтФАтФАтФАтФАтФАтФАтФАтФАтФАтФАтФАтФАтФАтФАтФАтФАтФАтФАтФАтФАтФАтФАтФАтФАтФАтФАтФАтФАтФАтФАтФАтФАтФАтФАтФАтФАтФАтФАтФАтФАтФАтФАтФАтФАтФАтФАтФАтФАтФАтФАтФАтФАтФАтФАтФАтФАтФАтФАтФАтФАтФАтФАтФАтФАтФАтФАтФАтФАтФАтФАтФАтФАтФАтФАтФАтФАтФАтФАтФАтФАтФАтФАтФАтФАтФАтФАтФАтФАтФАтФА
тФМтФАтФАтФАтФАтФАтФАтФАтФАтФАтФАтФАтФАтФАтФАтФАтФАтФАтФАтФАтФАтФАтФАтФАтФАтФАтФАтФАтФАтФАтФАтФАтФАтФАтФАтФАтФАтФАтФАтФАтФАтФАтФАтФАтФАтФАтФАтФАтФАтФАтФАтФАтФАтФАтФАтФАтФАтФАтФАтФАтФАтФАтФАтФАтФАтФАтФАтФАтФАтФАтФАтФАтФАтФАтФАтФАтФАтФАтФАтФАтФАтФАтФАтФАтФАтФАтФАтФАтФАтФАтФАтФАтФАтФАтФАтФАтФАтФАтФАтФАтФАтФАтФАтФАтФАтФАтФАтФАтФАтФАтФАтФАтФАтФАтФАтФАтФАтФАтФАтФА
тФВ #0   TestService._completeMultiFactorTest.<anonymous closure> (package:psycho_app/services/test_service.dart:185:17)
тФВ #1   _LinkedHashMapMixin.forEach (dart:_compact_hash:764:13)
тФЬтФДтФДтФДтФДтФДтФДтФДтФДтФДтФДтФДтФДтФДтФДтФДтФДтФДтФДтФДтФДтФДтФДтФДтФДтФДтФДтФДтФДтФДтФДтФДтФДтФДтФДтФДтФДтФДтФДтФДтФДтФДтФДтФДтФДтФДтФДтФДтФДтФДтФДтФДтФДтФДтФДтФДтФДтФДтФДтФДтФДтФДтФДтФДтФДтФДтФДтФДтФДтФДтФДтФДтФДтФДтФДтФДтФДтФДтФДтФДтФДтФДтФДтФДтФДтФДтФДтФДтФДтФДтФДтФДтФДтФДтФДтФДтФДтФДтФДтФДтФДтФДтФДтФДтФДтФДтФДтФДтФДтФДтФДтФДтФДтФДтФДтФДтФДтФДтФДтФД
тФВ ЁЯРЫ   - Scale order: 5 questions
тФФтФАтФАтФАтФАтФАтФАтФАтФАтФАтФАтФАтФАтФАтФАтФАтФАтФАтФАтФАтФАтФАтФАтФАтФАтФАтФАтФАтФАтФАтФАтФАтФАтФАтФАтФАтФАтФАтФАтФАтФАтФАтФАтФАтФАтФАтФАтФАтФАтФАтФАтФАтФАтФАтФАтФАтФАтФАтФАтФАтФАтФАтФАтФАтФАтФАтФАтФАтФАтФАтФАтФАтФАтФАтФАтФАтФАтФАтФАтФАтФАтФАтФАтФАтФАтФАтФАтФАтФАтФАтФАтФАтФАтФАтФАтФАтФАтФАтФАтФАтФАтФАтФАтФАтФАтФАтФАтФАтФАтФАтФАтФАтФАтФАтФАтФАтФАтФАтФАтФА
тФМтФАтФАтФАтФАтФАтФАтФАтФАтФАтФАтФАтФАтФАтФАтФАтФАтФАтФАтФАтФАтФАтФАтФАтФАтФАтФАтФАтФАтФАтФАтФАтФАтФАтФАтФАтФАтФАтФАтФАтФАтФАтФАтФАтФАтФАтФАтФАтФАтФАтФАтФАтФАтФАтФАтФАтФАтФАтФАтФАтФАтФАтФАтФАтФАтФАтФАтФАтФАтФАтФАтФАтФАтФАтФАтФАтФАтФАтФАтФАтФАтФАтФАтФАтФАтФАтФАтФАтФАтФАтФАтФАтФАтФАтФАтФАтФАтФАтФАтФАтФАтФАтФАтФАтФАтФАтФАтФАтФАтФАтФАтФАтФАтФАтФАтФАтФАтФАтФАтФА
тФВ #0   TestService._completeMultiFactorTest.<anonymous closure> (package:psycho_app/services/test_service.dart:185:17)
тФВ #1   _LinkedHashMapMixin.forEach (dart:_compact_hash:764:13)
тФЬтФДтФДтФДтФДтФДтФДтФДтФДтФДтФДтФДтФДтФДтФДтФДтФДтФДтФДтФДтФДтФДтФДтФДтФДтФДтФДтФДтФДтФДтФДтФДтФДтФДтФДтФДтФДтФДтФДтФДтФДтФДтФДтФДтФДтФДтФДтФДтФДтФДтФДтФДтФДтФДтФДтФДтФДтФДтФДтФДтФДтФДтФДтФДтФДтФДтФДтФДтФДтФДтФДтФДтФДтФДтФДтФДтФДтФДтФДтФДтФДтФДтФДтФДтФДтФДтФДтФДтФДтФДтФДтФДтФДтФДтФДтФДтФДтФДтФДтФДтФДтФДтФДтФДтФДтФДтФДтФДтФДтФДтФДтФДтФДтФДтФДтФДтФДтФДтФДтФД
тФВ ЁЯРЫ   - Scale mood_stability: 5 questions
тФФтФАтФАтФАтФАтФАтФАтФАтФАтФАтФАтФАтФАтФАтФАтФАтФАтФАтФАтФАтФАтФАтФАтФАтФАтФАтФАтФАтФАтФАтФАтФАтФАтФАтФАтФАтФАтФАтФАтФАтФАтФАтФАтФАтФАтФАтФАтФАтФАтФАтФАтФАтФАтФАтФАтФАтФАтФАтФАтФАтФАтФАтФАтФАтФАтФАтФАтФАтФАтФАтФАтФАтФАтФАтФАтФАтФАтФАтФАтФАтФАтФАтФАтФАтФАтФАтФАтФАтФАтФАтФАтФАтФАтФАтФАтФАтФАтФАтФАтФАтФАтФАтФАтФАтФАтФАтФАтФАтФАтФАтФАтФАтФАтФАтФАтФАтФАтФАтФАтФА
тФМтФАтФАтФАтФАтФАтФАтФАтФАтФАтФАтФАтФАтФАтФАтФАтФАтФАтФАтФАтФАтФАтФАтФАтФАтФАтФАтФАтФАтФАтФАтФАтФАтФАтФАтФАтФАтФАтФАтФАтФАтФАтФАтФАтФАтФАтФАтФАтФАтФАтФАтФАтФАтФАтФАтФАтФАтФАтФАтФАтФАтФАтФАтФАтФАтФАтФАтФАтФАтФАтФАтФАтФАтФАтФАтФАтФАтФАтФАтФАтФАтФАтФАтФАтФАтФАтФАтФАтФАтФАтФАтФАтФАтФАтФАтФАтФАтФАтФАтФАтФАтФАтФАтФАтФАтФАтФАтФАтФАтФАтФАтФАтФАтФАтФАтФАтФАтФАтФАтФА
тФВ #0   TestService._completeMultiFactorTest.<anonymous closure> (package:psycho_app/services/test_service.dart:185:17)
тФВ #1   _LinkedHashMapMixin.forEach (dart:_compact_hash:764:13)
тФЬтФДтФДтФДтФДтФДтФДтФДтФДтФДтФДтФДтФДтФДтФДтФДтФДтФДтФДтФДтФДтФДтФДтФДтФДтФДтФДтФДтФДтФДтФДтФДтФДтФДтФДтФДтФДтФДтФДтФДтФДтФДтФДтФДтФДтФДтФДтФДтФДтФДтФДтФДтФДтФДтФДтФДтФДтФДтФДтФДтФДтФДтФДтФДтФДтФДтФДтФДтФДтФДтФДтФДтФДтФДтФДтФДтФДтФДтФДтФДтФДтФДтФДтФДтФДтФДтФДтФДтФДтФДтФДтФДтФДтФДтФДтФДтФДтФДтФДтФДтФДтФДтФДтФДтФДтФДтФДтФДтФДтФДтФДтФДтФДтФДтФДтФДтФДтФДтФДтФД
тФВ ЁЯРЫ   - Scale abstract_reasoning: 3 questions
тФФтФАтФАтФАтФАтФАтФАтФАтФАтФАтФАтФАтФАтФАтФАтФАтФАтФАтФАтФАтФАтФАтФАтФАтФАтФАтФАтФАтФАтФАтФАтФАтФАтФАтФАтФАтФАтФАтФАтФАтФАтФАтФАтФАтФАтФАтФАтФАтФАтФАтФАтФАтФАтФАтФАтФАтФАтФАтФАтФАтФАтФАтФАтФАтФАтФАтФАтФАтФАтФАтФАтФАтФАтФАтФАтФАтФАтФАтФАтФАтФАтФАтФАтФАтФАтФАтФАтФАтФАтФАтФАтФАтФАтФАтФАтФАтФАтФАтФАтФАтФАтФАтФАтФАтФАтФАтФАтФАтФАтФАтФАтФАтФАтФАтФАтФАтФАтФАтФАтФА
тФМтФАтФАтФАтФАтФАтФАтФАтФАтФАтФАтФАтФАтФАтФАтФАтФАтФАтФАтФАтФАтФАтФАтФАтФАтФАтФАтФАтФАтФАтФАтФАтФАтФАтФАтФАтФАтФАтФАтФАтФАтФАтФАтФАтФАтФАтФАтФАтФАтФАтФАтФАтФАтФАтФАтФАтФАтФАтФАтФАтФАтФАтФАтФАтФАтФАтФАтФАтФАтФАтФАтФАтФАтФАтФАтФАтФАтФАтФАтФАтФАтФАтФАтФАтФАтФАтФАтФАтФАтФАтФАтФАтФАтФАтФАтФАтФАтФАтФАтФАтФАтФАтФАтФАтФАтФАтФАтФАтФАтФАтФАтФАтФАтФАтФАтФАтФАтФАтФАтФА
тФВ #0   TestService._completeMultiFactorTest.<anonymous closure> (package:psycho_app/services/test_service.dart:185:17)
тФВ #1   _LinkedHashMapMixin.forEach (dart:_compact_hash:764:13)
тФЬтФДтФДтФДтФДтФДтФДтФДтФДтФДтФДтФДтФДтФДтФДтФДтФДтФДтФДтФДтФДтФДтФДтФДтФДтФДтФДтФДтФДтФДтФДтФДтФДтФДтФДтФДтФДтФДтФДтФДтФДтФДтФДтФДтФДтФДтФДтФДтФДтФДтФДтФДтФДтФДтФДтФДтФДтФДтФДтФДтФДтФДтФДтФДтФДтФДтФДтФДтФДтФДтФДтФДтФДтФДтФДтФДтФДтФДтФДтФДтФДтФДтФДтФДтФДтФДтФДтФДтФДтФДтФДтФДтФДтФДтФДтФДтФДтФДтФДтФДтФДтФДтФДтФДтФДтФДтФДтФДтФДтФДтФДтФДтФДтФДтФДтФДтФДтФДтФДтФД
тФВ ЁЯРЫ   - Scale cognitive_flexibility: 3 questions
тФФтФАтФАтФАтФАтФАтФАтФАтФАтФАтФАтФАтФАтФАтФАтФАтФАтФАтФАтФАтФАтФАтФАтФАтФАтФАтФАтФАтФАтФАтФАтФАтФАтФАтФАтФАтФАтФАтФАтФАтФАтФАтФАтФАтФАтФАтФАтФАтФАтФАтФАтФАтФАтФАтФАтФАтФАтФАтФАтФАтФАтФАтФАтФАтФАтФАтФАтФАтФАтФАтФАтФАтФАтФАтФАтФАтФАтФАтФАтФАтФАтФАтФАтФАтФАтФАтФАтФАтФАтФАтФАтФАтФАтФАтФАтФАтФАтФАтФАтФАтФАтФАтФАтФАтФАтФАтФАтФАтФАтФАтФАтФАтФАтФАтФАтФАтФАтФАтФАтФА
тФМтФАтФАтФАтФАтФАтФАтФАтФАтФАтФАтФАтФАтФАтФАтФАтФАтФАтФАтФАтФАтФАтФАтФАтФАтФАтФАтФАтФАтФАтФАтФАтФАтФАтФАтФАтФАтФАтФАтФАтФАтФАтФАтФАтФАтФАтФАтФАтФАтФАтФАтФАтФАтФАтФАтФАтФАтФАтФАтФАтФАтФАтФАтФАтФАтФАтФАтФАтФАтФАтФАтФАтФАтФАтФАтФАтФАтФАтФАтФАтФАтФАтФАтФАтФАтФАтФАтФАтФАтФАтФАтФАтФАтФАтФАтФАтФАтФАтФАтФАтФАтФАтФАтФАтФАтФАтФАтФАтФАтФАтФАтФАтФАтФАтФАтФАтФАтФАтФАтФА
тФВ #0   TestService._completeMultiFactorTest.<anonymous closure> (package:psycho_app/services/test_service.dart:185:17)
тФВ #1   _LinkedHashMapMixin.forEach (dart:_compact_hash:764:13)
тФЬтФДтФДтФДтФДтФДтФДтФДтФДтФДтФДтФДтФДтФДтФДтФДтФДтФДтФДтФДтФДтФДтФДтФДтФДтФДтФДтФДтФДтФДтФДтФДтФДтФДтФДтФДтФДтФДтФДтФДтФДтФДтФДтФДтФДтФДтФДтФДтФДтФДтФДтФДтФДтФДтФДтФДтФДтФДтФДтФДтФДтФДтФДтФДтФДтФДтФДтФДтФДтФДтФДтФДтФДтФДтФДтФДтФДтФДтФДтФДтФДтФДтФДтФДтФДтФДтФДтФДтФДтФДтФДтФДтФДтФДтФДтФДтФДтФДтФДтФДтФДтФДтФДтФДтФДтФДтФДтФДтФДтФДтФДтФДтФДтФДтФДтФДтФДтФДтФДтФД
тФВ ЁЯРЫ   - Scale politeness: 2 questions
тФФтФАтФАтФАтФАтФАтФАтФАтФАтФАтФАтФАтФАтФАтФАтФАтФАтФАтФАтФАтФАтФАтФАтФАтФАтФАтФАтФАтФАтФАтФАтФАтФАтФАтФАтФАтФАтФАтФАтФАтФАтФАтФАтФАтФАтФАтФАтФАтФАтФАтФАтФАтФАтФАтФАтФАтФАтФАтФАтФАтФАтФАтФАтФАтФАтФАтФАтФАтФАтФАтФАтФАтФАтФАтФАтФАтФАтФАтФАтФАтФАтФАтФАтФАтФАтФАтФАтФАтФАтФАтФАтФАтФАтФАтФАтФАтФАтФАтФАтФАтФАтФАтФАтФАтФАтФАтФАтФАтФАтФАтФАтФАтФАтФАтФАтФАтФАтФАтФАтФА
тФМтФАтФАтФАтФАтФАтФАтФАтФАтФАтФАтФАтФАтФАтФАтФАтФАтФАтФАтФАтФАтФАтФАтФАтФАтФАтФАтФАтФАтФАтФАтФАтФАтФАтФАтФАтФАтФАтФАтФАтФАтФАтФАтФАтФАтФАтФАтФАтФАтФАтФАтФАтФАтФАтФАтФАтФАтФАтФАтФАтФАтФАтФАтФАтФАтФАтФАтФАтФАтФАтФАтФАтФАтФАтФАтФАтФАтФАтФАтФАтФАтФАтФАтФАтФАтФАтФАтФАтФАтФАтФАтФАтФАтФАтФАтФАтФАтФАтФАтФАтФАтФАтФАтФАтФАтФАтФАтФАтФАтФАтФАтФАтФАтФАтФАтФАтФАтФАтФАтФА
тФВ #0   TestService._completeMultiFactorTest.<anonymous closure> (package:psycho_app/services/test_service.dart:185:17)
тФВ #1   _LinkedHashMapMixin.forEach (dart:_compact_hash:764:13)
тФЬтФДтФДтФДтФДтФДтФДтФДтФДтФДтФДтФДтФДтФДтФДтФДтФДтФДтФДтФДтФДтФДтФДтФДтФДтФДтФДтФДтФДтФДтФДтФДтФДтФДтФДтФДтФДтФДтФДтФДтФДтФДтФДтФДтФДтФДтФДтФДтФДтФДтФДтФДтФДтФДтФДтФДтФДтФДтФДтФДтФДтФДтФДтФДтФДтФДтФДтФДтФДтФДтФДтФДтФДтФДтФДтФДтФДтФДтФДтФДтФДтФДтФДтФДтФДтФДтФДтФДтФДтФДтФДтФДтФДтФДтФДтФДтФДтФДтФДтФДтФДтФДтФДтФДтФДтФДтФДтФДтФДтФДтФДтФДтФДтФДтФДтФДтФДтФДтФДтФД
тФВ ЁЯРЫ   - Scale straightforwardness: 1 questions
тФФтФАтФАтФАтФАтФАтФАтФАтФАтФАтФАтФАтФАтФАтФАтФАтФАтФАтФАтФАтФАтФАтФАтФАтФАтФАтФАтФАтФАтФАтФАтФАтФАтФАтФАтФАтФАтФАтФАтФАтФАтФАтФАтФАтФАтФАтФАтФАтФАтФАтФАтФАтФАтФАтФАтФАтФАтФАтФАтФАтФАтФАтФАтФАтФАтФАтФАтФАтФАтФАтФАтФАтФАтФАтФАтФАтФАтФАтФАтФАтФАтФАтФАтФАтФАтФАтФАтФАтФАтФАтФАтФАтФАтФАтФАтФАтФАтФАтФАтФАтФАтФАтФАтФАтФАтФАтФАтФАтФАтФАтФАтФАтФАтФАтФАтФАтФАтФАтФАтФА
тФМтФАтФАтФАтФАтФАтФАтФАтФАтФАтФАтФАтФАтФАтФАтФАтФАтФАтФАтФАтФАтФАтФАтФАтФАтФАтФАтФАтФАтФАтФАтФАтФАтФАтФАтФАтФАтФАтФАтФАтФАтФАтФАтФАтФАтФАтФАтФАтФАтФАтФАтФАтФАтФАтФАтФАтФАтФАтФАтФАтФАтФАтФАтФАтФАтФАтФАтФАтФАтФАтФАтФАтФАтФАтФАтФАтФАтФАтФАтФАтФАтФАтФАтФАтФАтФАтФАтФАтФАтФАтФАтФАтФАтФАтФАтФАтФАтФАтФАтФАтФАтФАтФАтФАтФАтФАтФАтФАтФАтФАтФАтФАтФАтФАтФАтФАтФАтФАтФАтФА
тФВ #0   TestService._completeMultiFactorTest.<anonymous closure> (package:psycho_app/services/test_service.dart:185:17)
тФВ #1   _LinkedHashMapMixin.forEach (dart:_compact_hash:764:13)
тФЬтФДтФДтФДтФДтФДтФДтФДтФДтФДтФДтФДтФДтФДтФДтФДтФДтФДтФДтФДтФДтФДтФДтФДтФДтФДтФДтФДтФДтФДтФДтФДтФДтФДтФДтФДтФДтФДтФДтФДтФДтФДтФДтФДтФДтФДтФДтФДтФДтФДтФДтФДтФДтФДтФДтФДтФДтФДтФДтФДтФДтФДтФДтФДтФДтФДтФДтФДтФДтФДтФДтФДтФДтФДтФДтФДтФДтФДтФДтФДтФДтФДтФДтФДтФДтФДтФДтФДтФДтФДтФДтФДтФДтФДтФДтФДтФДтФДтФДтФДтФДтФДтФДтФДтФДтФДтФДтФДтФДтФДтФДтФДтФДтФДтФДтФДтФДтФДтФДтФД
тФВ ЁЯРЫ   - Scale anger: 3 questions
тФФтФАтФАтФАтФАтФАтФАтФАтФАтФАтФАтФАтФАтФАтФАтФАтФАтФАтФАтФАтФАтФАтФАтФАтФАтФАтФАтФАтФАтФАтФАтФАтФАтФАтФАтФАтФАтФАтФАтФАтФАтФАтФАтФАтФАтФАтФАтФАтФАтФАтФАтФАтФАтФАтФАтФАтФАтФАтФАтФАтФАтФАтФАтФАтФАтФАтФАтФАтФАтФАтФАтФАтФАтФАтФАтФАтФАтФАтФАтФАтФАтФАтФАтФАтФАтФАтФАтФАтФАтФАтФАтФАтФАтФАтФАтФАтФАтФАтФАтФАтФАтФАтФАтФАтФАтФАтФАтФАтФАтФАтФАтФАтФАтФАтФАтФАтФАтФАтФАтФА
тФМтФАтФАтФАтФАтФАтФАтФАтФАтФАтФАтФАтФАтФАтФАтФАтФАтФАтФАтФАтФАтФАтФАтФАтФАтФАтФАтФАтФАтФАтФАтФАтФАтФАтФАтФАтФАтФАтФАтФАтФАтФАтФАтФАтФАтФАтФАтФАтФАтФАтФАтФАтФАтФАтФАтФАтФАтФАтФАтФАтФАтФАтФАтФАтФАтФАтФАтФАтФАтФАтФАтФАтФАтФАтФАтФАтФАтФАтФАтФАтФАтФАтФАтФАтФАтФАтФАтФАтФАтФАтФАтФАтФАтФАтФАтФАтФАтФАтФАтФАтФАтФАтФАтФАтФАтФАтФАтФАтФАтФАтФАтФАтФАтФАтФАтФАтФАтФАтФАтФА
тФВ #0   TestService._completeMultiFactorTest.<anonymous closure> (package:psycho_app/services/test_service.dart:185:17)
тФВ #1   _LinkedHashMapMixin.forEach (dart:_compact_hash:764:13)
тФЬтФДтФДтФДтФДтФДтФДтФДтФДтФДтФДтФДтФДтФДтФДтФДтФДтФДтФДтФДтФДтФДтФДтФДтФДтФДтФДтФДтФДтФДтФДтФДтФДтФДтФДтФДтФДтФДтФДтФДтФДтФДтФДтФДтФДтФДтФДтФДтФДтФДтФДтФДтФДтФДтФДтФДтФДтФДтФДтФДтФДтФДтФДтФДтФДтФДтФДтФДтФДтФДтФДтФДтФДтФДтФДтФДтФДтФДтФДтФДтФДтФДтФДтФДтФДтФДтФДтФДтФДтФДтФДтФДтФДтФДтФДтФДтФДтФДтФДтФДтФДтФДтФДтФДтФДтФДтФДтФДтФДтФДтФДтФДтФДтФДтФДтФДтФДтФДтФДтФД
тФВ ЁЯРЫ   - Scale impulsiveness: 5 questions
тФФтФАтФАтФАтФАтФАтФАтФАтФАтФАтФАтФАтФАтФАтФАтФАтФАтФАтФАтФАтФАтФАтФАтФАтФАтФАтФАтФАтФАтФАтФАтФАтФАтФАтФАтФАтФАтФАтФАтФАтФАтФАтФАтФАтФАтФАтФАтФАтФАтФАтФАтФАтФАтФАтФАтФАтФАтФАтФАтФАтФАтФАтФАтФАтФАтФАтФАтФАтФАтФАтФАтФАтФАтФАтФАтФАтФАтФАтФАтФАтФАтФАтФАтФАтФАтФАтФАтФАтФАтФАтФАтФАтФАтФАтФАтФАтФАтФАтФАтФАтФАтФАтФАтФАтФАтФАтФАтФАтФАтФАтФАтФАтФАтФАтФАтФАтФАтФАтФАтФА
тФМтФАтФАтФАтФАтФАтФАтФАтФАтФАтФАтФАтФАтФАтФАтФАтФАтФАтФАтФАтФАтФАтФАтФАтФАтФАтФАтФАтФАтФАтФАтФАтФАтФАтФАтФАтФАтФАтФАтФАтФАтФАтФАтФАтФАтФАтФАтФАтФАтФАтФАтФАтФАтФАтФАтФАтФАтФАтФАтФАтФАтФАтФАтФАтФАтФАтФАтФАтФАтФАтФАтФАтФАтФАтФАтФАтФАтФАтФАтФАтФАтФАтФАтФАтФАтФАтФАтФАтФАтФАтФАтФАтФАтФАтФАтФАтФАтФАтФАтФАтФАтФАтФАтФАтФАтФАтФАтФАтФАтФАтФАтФАтФАтФАтФАтФАтФАтФАтФАтФА
тФВ #0   TestService._completeMultiFactorTest.<anonymous closure> (package:psycho_app/services/test_service.dart:185:17)
тФВ #1   _LinkedHashMapMixin.forEach (dart:_compact_hash:764:13)
тФЬтФДтФДтФДтФДтФДтФДтФДтФДтФДтФДтФДтФДтФДтФДтФДтФДтФДтФДтФДтФДтФДтФДтФДтФДтФДтФДтФДтФДтФДтФДтФДтФДтФДтФДтФДтФДтФДтФДтФДтФДтФДтФДтФДтФДтФДтФДтФДтФДтФДтФДтФДтФДтФДтФДтФДтФДтФДтФДтФДтФДтФДтФДтФДтФДтФДтФДтФДтФДтФДтФДтФДтФДтФДтФДтФДтФДтФДтФДтФДтФДтФДтФДтФДтФДтФДтФДтФДтФДтФДтФДтФДтФДтФДтФДтФДтФДтФДтФДтФДтФДтФДтФДтФДтФДтФДтФДтФДтФДтФДтФДтФДтФДтФДтФДтФДтФДтФДтФДтФД
тФВ ЁЯРЫ   - Scale perfectionism: 3 questions
тФФтФАтФАтФАтФАтФАтФАтФАтФАтФАтФАтФАтФАтФАтФАтФАтФАтФАтФАтФАтФАтФАтФАтФАтФАтФАтФАтФАтФАтФАтФАтФАтФАтФАтФАтФАтФАтФАтФАтФАтФАтФАтФАтФАтФАтФАтФАтФАтФАтФАтФАтФАтФАтФАтФАтФАтФАтФАтФАтФАтФАтФАтФАтФАтФАтФАтФАтФАтФАтФАтФАтФАтФАтФАтФАтФАтФАтФАтФАтФАтФАтФАтФАтФАтФАтФАтФАтФАтФАтФАтФАтФАтФАтФАтФАтФАтФАтФАтФАтФАтФАтФАтФАтФАтФАтФАтФАтФАтФАтФАтФАтФАтФАтФАтФАтФАтФАтФАтФАтФА
тФМтФАтФАтФАтФАтФАтФАтФАтФАтФАтФАтФАтФАтФАтФАтФАтФАтФАтФАтФАтФАтФАтФАтФАтФАтФАтФАтФАтФАтФАтФАтФАтФАтФАтФАтФАтФАтФАтФАтФАтФАтФАтФАтФАтФАтФАтФАтФАтФАтФАтФАтФАтФАтФАтФАтФАтФАтФАтФАтФАтФАтФАтФАтФАтФАтФАтФАтФАтФАтФАтФАтФАтФАтФАтФАтФАтФАтФАтФАтФАтФАтФАтФАтФАтФАтФАтФАтФАтФАтФАтФАтФАтФАтФАтФАтФАтФАтФАтФАтФАтФАтФАтФАтФАтФАтФАтФАтФАтФАтФАтФАтФАтФАтФАтФАтФАтФАтФАтФАтФА
тФВ #0   TestService._completeMultiFactorTest.<anonymous closure> (package:psycho_app/services/test_service.dart:185:17)
тФВ #1   _LinkedHashMapMixin.forEach (dart:_compact_hash:764:13)
тФЬтФДтФДтФДтФДтФДтФДтФДтФДтФДтФДтФДтФДтФДтФДтФДтФДтФДтФДтФДтФДтФДтФДтФДтФДтФДтФДтФДтФДтФДтФДтФДтФДтФДтФДтФДтФДтФДтФДтФДтФДтФДтФДтФДтФДтФДтФДтФДтФДтФДтФДтФДтФДтФДтФДтФДтФДтФДтФДтФДтФДтФДтФДтФДтФДтФДтФДтФДтФДтФДтФДтФДтФДтФДтФДтФДтФДтФДтФДтФДтФДтФДтФДтФДтФДтФДтФДтФДтФДтФДтФДтФДтФДтФДтФДтФДтФДтФДтФДтФДтФДтФДтФДтФДтФДтФДтФДтФДтФДтФДтФДтФДтФДтФДтФДтФДтФДтФДтФДтФД
тФВ ЁЯРЫ   - Scale diligence: 2 questions
тФФтФАтФАтФАтФАтФАтФАтФАтФАтФАтФАтФАтФАтФАтФАтФАтФАтФАтФАтФАтФАтФАтФАтФАтФАтФАтФАтФАтФАтФАтФАтФАтФАтФАтФАтФАтФАтФАтФАтФАтФАтФАтФАтФАтФАтФАтФАтФАтФАтФАтФАтФАтФАтФАтФАтФАтФАтФАтФАтФАтФАтФАтФАтФАтФАтФАтФАтФАтФАтФАтФАтФАтФАтФАтФАтФАтФАтФАтФАтФАтФАтФАтФАтФАтФАтФАтФАтФАтФАтФАтФАтФАтФАтФАтФАтФАтФАтФАтФАтФАтФАтФАтФАтФАтФАтФАтФАтФАтФАтФАтФАтФАтФАтФАтФАтФАтФАтФАтФАтФА
тФМтФАтФАтФАтФАтФАтФАтФАтФАтФАтФАтФАтФАтФАтФАтФАтФАтФАтФАтФАтФАтФАтФАтФАтФАтФАтФАтФАтФАтФАтФАтФАтФАтФАтФАтФАтФАтФАтФАтФАтФАтФАтФАтФАтФАтФАтФАтФАтФАтФАтФАтФАтФАтФАтФАтФАтФАтФАтФАтФАтФАтФАтФАтФАтФАтФАтФАтФАтФАтФАтФАтФАтФАтФАтФАтФАтФАтФАтФАтФАтФАтФАтФАтФАтФАтФАтФАтФАтФАтФАтФАтФАтФАтФАтФАтФАтФАтФАтФАтФАтФАтФАтФАтФАтФАтФАтФАтФАтФАтФАтФАтФАтФАтФАтФАтФАтФАтФАтФАтФА
тФВ #0   TestService._completeMultiFactorTest.<anonymous closure> (package:psycho_app/services/test_service.dart:185:17)
тФВ #1   _LinkedHashMapMixin.forEach (dart:_compact_hash:764:13)
тФЬтФДтФДтФДтФДтФДтФДтФДтФДтФДтФДтФДтФДтФДтФДтФДтФДтФДтФДтФДтФДтФДтФДтФДтФДтФДтФДтФДтФДтФДтФДтФДтФДтФДтФДтФДтФДтФДтФДтФДтФДтФДтФДтФДтФДтФДтФДтФДтФДтФДтФДтФДтФДтФДтФДтФДтФДтФДтФДтФДтФДтФДтФДтФДтФДтФДтФДтФДтФДтФДтФДтФДтФДтФДтФДтФДтФДтФДтФДтФДтФДтФДтФДтФДтФДтФДтФДтФДтФДтФДтФДтФДтФДтФДтФДтФДтФДтФДтФДтФДтФДтФДтФДтФДтФДтФДтФДтФДтФДтФДтФДтФДтФДтФДтФДтФДтФДтФДтФДтФД
тФВ ЁЯРЫ   - Scale attention_control: 4 questions
тФФтФАтФАтФАтФАтФАтФАтФАтФАтФАтФАтФАтФАтФАтФАтФАтФАтФАтФАтФАтФАтФАтФАтФАтФАтФАтФАтФАтФАтФАтФАтФАтФАтФАтФАтФАтФАтФАтФАтФАтФАтФАтФАтФАтФАтФАтФАтФАтФАтФАтФАтФАтФАтФАтФАтФАтФАтФАтФАтФАтФАтФАтФАтФАтФАтФАтФАтФАтФАтФАтФАтФАтФАтФАтФАтФАтФАтФАтФАтФАтФАтФАтФАтФАтФАтФАтФАтФАтФАтФАтФАтФАтФАтФАтФАтФАтФАтФАтФАтФАтФАтФАтФАтФАтФАтФАтФАтФАтФАтФАтФАтФАтФАтФАтФАтФАтФАтФАтФАтФА
тФМтФАтФАтФАтФАтФАтФАтФАтФАтФАтФАтФАтФАтФАтФАтФАтФАтФАтФАтФАтФАтФАтФАтФАтФАтФАтФАтФАтФАтФАтФАтФАтФАтФАтФАтФАтФАтФАтФАтФАтФАтФАтФАтФАтФАтФАтФАтФАтФАтФАтФАтФАтФАтФАтФАтФАтФАтФАтФАтФАтФАтФАтФАтФАтФАтФАтФАтФАтФАтФАтФАтФАтФАтФАтФАтФАтФАтФАтФАтФАтФАтФАтФАтФАтФАтФАтФАтФАтФАтФАтФАтФАтФАтФАтФАтФАтФАтФАтФАтФАтФАтФАтФАтФАтФАтФАтФАтФАтФАтФАтФАтФАтФАтФАтФАтФАтФАтФАтФАтФА
тФВ #0   TestService._completeMultiFactorTest.<anonymous closure> (package:psycho_app/services/test_service.dart:185:17)
тФВ #1   _LinkedHashMapMixin.forEach (dart:_compact_hash:764:13)
тФЬтФДтФДтФДтФДтФДтФДтФДтФДтФДтФДтФДтФДтФДтФДтФДтФДтФДтФДтФДтФДтФДтФДтФДтФДтФДтФДтФДтФДтФДтФДтФДтФДтФДтФДтФДтФДтФДтФДтФДтФДтФДтФДтФДтФДтФДтФДтФДтФДтФДтФДтФДтФДтФДтФДтФДтФДтФДтФДтФДтФДтФДтФДтФДтФДтФДтФДтФДтФДтФДтФДтФДтФДтФДтФДтФДтФДтФДтФДтФДтФДтФДтФДтФДтФДтФДтФДтФДтФДтФДтФДтФДтФДтФДтФДтФДтФДтФДтФДтФДтФДтФДтФДтФДтФДтФДтФДтФДтФДтФДтФДтФДтФДтФДтФДтФДтФДтФДтФДтФД
тФВ ЁЯРЫ   - Scale dutifulness: 3 questions
тФФтФАтФАтФАтФАтФАтФАтФАтФАтФАтФАтФАтФАтФАтФАтФАтФАтФАтФАтФАтФАтФАтФАтФАтФАтФАтФАтФАтФАтФАтФАтФАтФАтФАтФАтФАтФАтФАтФАтФАтФАтФАтФАтФАтФАтФАтФАтФАтФАтФАтФАтФАтФАтФАтФАтФАтФАтФАтФАтФАтФАтФАтФАтФАтФАтФАтФАтФАтФАтФАтФАтФАтФАтФАтФАтФАтФАтФАтФАтФАтФАтФАтФАтФАтФАтФАтФАтФАтФАтФАтФАтФАтФАтФАтФАтФАтФАтФАтФАтФАтФАтФАтФАтФАтФАтФАтФАтФАтФАтФАтФАтФАтФАтФАтФАтФАтФАтФАтФАтФА
тФМтФАтФАтФАтФАтФАтФАтФАтФАтФАтФАтФАтФАтФАтФАтФАтФАтФАтФАтФАтФАтФАтФАтФАтФАтФАтФАтФАтФАтФАтФАтФАтФАтФАтФАтФАтФАтФАтФАтФАтФАтФАтФАтФАтФАтФАтФАтФАтФАтФАтФАтФАтФАтФАтФАтФАтФАтФАтФАтФАтФАтФАтФАтФАтФАтФАтФАтФАтФАтФАтФАтФАтФАтФАтФАтФАтФАтФАтФАтФАтФАтФАтФАтФАтФАтФАтФАтФАтФАтФАтФАтФАтФАтФАтФАтФАтФАтФАтФАтФАтФАтФАтФАтФАтФАтФАтФАтФАтФАтФАтФАтФАтФАтФАтФАтФАтФАтФАтФАтФА
тФВ #0   TestService._completeMultiFactorTest.<anonymous closure> (package:psycho_app/services/test_service.dart:185:17)
тФВ #1   _LinkedHashMapMixin.forEach (dart:_compact_hash:764:13)
тФЬтФДтФДтФДтФДтФДтФДтФДтФДтФДтФДтФДтФДтФДтФДтФДтФДтФДтФДтФДтФДтФДтФДтФДтФДтФДтФДтФДтФДтФДтФДтФДтФДтФДтФДтФДтФДтФДтФДтФДтФДтФДтФДтФДтФДтФДтФДтФДтФДтФДтФДтФДтФДтФДтФДтФДтФДтФДтФДтФДтФДтФДтФДтФДтФДтФДтФДтФДтФДтФДтФДтФДтФДтФДтФДтФДтФДтФДтФДтФДтФДтФДтФДтФДтФДтФДтФДтФДтФДтФДтФДтФДтФДтФДтФДтФДтФДтФДтФДтФДтФДтФДтФДтФДтФДтФДтФДтФДтФДтФДтФДтФДтФДтФДтФДтФДтФДтФДтФДтФД
тФВ ЁЯРЫ   - Scale critical_thinking: 2 questions
тФФтФАтФАтФАтФАтФАтФАтФАтФАтФАтФАтФАтФАтФАтФАтФАтФАтФАтФАтФАтФАтФАтФАтФАтФАтФАтФАтФАтФАтФАтФАтФАтФАтФАтФАтФАтФАтФАтФАтФАтФАтФАтФАтФАтФАтФАтФАтФАтФАтФАтФАтФАтФАтФАтФАтФАтФАтФАтФАтФАтФАтФАтФАтФАтФАтФАтФАтФАтФАтФАтФАтФАтФАтФАтФАтФАтФАтФАтФАтФАтФАтФАтФАтФАтФАтФАтФАтФАтФАтФАтФАтФАтФАтФАтФАтФАтФАтФАтФАтФАтФАтФАтФАтФАтФАтФАтФАтФАтФАтФАтФАтФАтФАтФАтФАтФАтФАтФАтФАтФА
тФМтФАтФАтФАтФАтФАтФАтФАтФАтФАтФАтФАтФАтФАтФАтФАтФАтФАтФАтФАтФАтФАтФАтФАтФАтФАтФАтФАтФАтФАтФАтФАтФАтФАтФАтФАтФАтФАтФАтФАтФАтФАтФАтФАтФАтФАтФАтФАтФАтФАтФАтФАтФАтФАтФАтФАтФАтФАтФАтФАтФАтФАтФАтФАтФАтФАтФАтФАтФАтФАтФАтФАтФАтФАтФАтФАтФАтФАтФАтФАтФАтФАтФАтФАтФАтФАтФАтФАтФАтФАтФАтФАтФАтФАтФАтФАтФАтФАтФАтФАтФАтФАтФАтФАтФАтФАтФАтФАтФАтФАтФАтФАтФАтФАтФАтФАтФАтФАтФАтФА
тФВ #0   TestService._completeMultiFactorTest.<anonymous closure> (package:psycho_app/services/test_service.dart:185:17)
тФВ #1   _LinkedHashMapMixin.forEach (dart:_compact_hash:764:13)
тФЬтФДтФДтФДтФДтФДтФДтФДтФДтФДтФДтФДтФДтФДтФДтФДтФДтФДтФДтФДтФДтФДтФДтФДтФДтФДтФДтФДтФДтФДтФДтФДтФДтФДтФДтФДтФДтФДтФДтФДтФДтФДтФДтФДтФДтФДтФДтФДтФДтФДтФДтФДтФДтФДтФДтФДтФДтФДтФДтФДтФДтФДтФДтФДтФДтФДтФДтФДтФДтФДтФДтФДтФДтФДтФДтФДтФДтФДтФДтФДтФДтФДтФДтФДтФДтФДтФДтФДтФДтФДтФДтФДтФДтФДтФДтФДтФДтФДтФДтФДтФДтФДтФДтФДтФДтФДтФДтФДтФДтФДтФДтФДтФДтФДтФДтФДтФДтФДтФДтФД
тФВ ЁЯРЫ   - Scale worry_tendency: 1 questions
тФФтФАтФАтФАтФАтФАтФАтФАтФАтФАтФАтФАтФАтФАтФАтФАтФАтФАтФАтФАтФАтФАтФАтФАтФАтФАтФАтФАтФАтФАтФАтФАтФАтФАтФАтФАтФАтФАтФАтФАтФАтФАтФАтФАтФАтФАтФАтФАтФАтФАтФАтФАтФАтФАтФАтФАтФАтФАтФАтФАтФАтФАтФАтФАтФАтФАтФАтФАтФАтФАтФАтФАтФАтФАтФАтФАтФАтФАтФАтФАтФАтФАтФАтФАтФАтФАтФАтФАтФАтФАтФАтФАтФАтФАтФАтФАтФАтФАтФАтФАтФАтФАтФАтФАтФАтФАтФАтФАтФАтФАтФАтФАтФАтФАтФАтФАтФАтФАтФАтФА
тФМтФАтФАтФАтФАтФАтФАтФАтФАтФАтФАтФАтФАтФАтФАтФАтФАтФАтФАтФАтФАтФАтФАтФАтФАтФАтФАтФАтФАтФАтФАтФАтФАтФАтФАтФАтФАтФАтФАтФАтФАтФАтФАтФАтФАтФАтФАтФАтФАтФАтФАтФАтФАтФАтФАтФАтФАтФАтФАтФАтФАтФАтФАтФАтФАтФАтФАтФАтФАтФАтФАтФАтФАтФАтФАтФАтФАтФАтФАтФАтФАтФАтФАтФАтФАтФАтФАтФАтФАтФАтФАтФАтФАтФАтФАтФАтФАтФАтФАтФАтФАтФАтФАтФАтФАтФАтФАтФАтФАтФАтФАтФАтФАтФАтФАтФАтФАтФАтФАтФА
тФВ #0   TestService._completeMultiFactorTest.<anonymous closure> (package:psycho_app/services/test_service.dart:185:17)
тФВ #1   _LinkedHashMapMixin.forEach (dart:_compact_hash:764:13)
тФЬтФДтФДтФДтФДтФДтФДтФДтФДтФДтФДтФДтФДтФДтФДтФДтФДтФДтФДтФДтФДтФДтФДтФДтФДтФДтФДтФДтФДтФДтФДтФДтФДтФДтФДтФДтФДтФДтФДтФДтФДтФДтФДтФДтФДтФДтФДтФДтФДтФДтФДтФДтФДтФДтФДтФДтФДтФДтФДтФДтФДтФДтФДтФДтФДтФДтФДтФДтФДтФДтФДтФДтФДтФДтФДтФДтФДтФДтФДтФДтФДтФДтФДтФДтФДтФДтФДтФДтФДтФДтФДтФДтФДтФДтФДтФДтФДтФДтФДтФДтФДтФДтФДтФДтФДтФДтФДтФДтФДтФДтФДтФДтФДтФДтФДтФДтФДтФДтФДтФД
тФВ ЁЯРЫ   - Scale rumination: 1 questions
тФФтФАтФАтФАтФАтФАтФАтФАтФАтФАтФАтФАтФАтФАтФАтФАтФАтФАтФАтФАтФАтФАтФАтФАтФАтФАтФАтФАтФАтФАтФАтФАтФАтФАтФАтФАтФАтФАтФАтФАтФАтФАтФАтФАтФАтФАтФАтФАтФАтФАтФАтФАтФАтФАтФАтФАтФАтФАтФАтФАтФАтФАтФАтФАтФАтФАтФАтФАтФАтФАтФАтФАтФАтФАтФАтФАтФАтФАтФАтФАтФАтФАтФАтФАтФАтФАтФАтФАтФАтФАтФАтФАтФАтФАтФАтФАтФАтФАтФАтФАтФАтФАтФАтФАтФАтФАтФАтФАтФАтФАтФАтФАтФАтФАтФАтФАтФАтФАтФАтФА
тФМтФАтФАтФАтФАтФАтФАтФАтФАтФАтФАтФАтФАтФАтФАтФАтФАтФАтФАтФАтФАтФАтФАтФАтФАтФАтФАтФАтФАтФАтФАтФАтФАтФАтФАтФАтФАтФАтФАтФАтФАтФАтФАтФАтФАтФАтФАтФАтФАтФАтФАтФАтФАтФАтФАтФАтФАтФАтФАтФАтФАтФАтФАтФАтФАтФАтФАтФАтФАтФАтФАтФАтФАтФАтФАтФАтФАтФАтФАтФАтФАтФАтФАтФАтФАтФАтФАтФАтФАтФАтФАтФАтФАтФАтФАтФАтФАтФАтФАтФАтФАтФАтФАтФАтФАтФАтФАтФАтФАтФАтФАтФАтФАтФАтФАтФАтФАтФАтФАтФА
тФВ #0   TestService._completeMultiFactorTest.<anonymous closure> (package:psycho_app/services/test_service.dart:185:17)
тФВ #1   _LinkedHashMapMixin.forEach (dart:_compact_hash:764:13)
тФЬтФДтФДтФДтФДтФДтФДтФДтФДтФДтФДтФДтФДтФДтФДтФДтФДтФДтФДтФДтФДтФДтФДтФДтФДтФДтФДтФДтФДтФДтФДтФДтФДтФДтФДтФДтФДтФДтФДтФДтФДтФДтФДтФДтФДтФДтФДтФДтФДтФДтФДтФДтФДтФДтФДтФДтФДтФДтФДтФДтФДтФДтФДтФДтФДтФДтФДтФДтФДтФДтФДтФДтФДтФДтФДтФДтФДтФДтФДтФДтФДтФДтФДтФДтФДтФДтФДтФДтФДтФДтФДтФДтФДтФДтФДтФДтФДтФДтФДтФДтФДтФДтФДтФДтФДтФДтФДтФДтФДтФДтФДтФДтФДтФДтФДтФДтФДтФДтФДтФД
тФВ ЁЯРЫ   - Scale catastrophizing: 1 questions
тФФтФАтФАтФАтФАтФАтФАтФАтФАтФАтФАтФАтФАтФАтФАтФАтФАтФАтФАтФАтФАтФАтФАтФАтФАтФАтФАтФАтФАтФАтФАтФАтФАтФАтФАтФАтФАтФАтФАтФАтФАтФАтФАтФАтФАтФАтФАтФАтФАтФАтФАтФАтФАтФАтФАтФАтФАтФАтФАтФАтФАтФАтФАтФАтФАтФАтФАтФАтФАтФАтФАтФАтФАтФАтФАтФАтФАтФАтФАтФАтФАтФАтФАтФАтФАтФАтФАтФАтФАтФАтФАтФАтФАтФАтФАтФАтФАтФАтФАтФАтФАтФАтФАтФАтФАтФАтФАтФАтФАтФАтФАтФАтФАтФАтФАтФАтФАтФАтФАтФА
тФМтФАтФАтФАтФАтФАтФАтФАтФАтФАтФАтФАтФАтФАтФАтФАтФАтФАтФАтФАтФАтФАтФАтФАтФАтФАтФАтФАтФАтФАтФАтФАтФАтФАтФАтФАтФАтФАтФАтФАтФАтФАтФАтФАтФАтФАтФАтФАтФАтФАтФАтФАтФАтФАтФАтФАтФАтФАтФАтФАтФАтФАтФАтФАтФАтФАтФАтФАтФАтФАтФАтФАтФАтФАтФАтФАтФАтФАтФАтФАтФАтФАтФАтФАтФАтФАтФАтФАтФАтФАтФАтФАтФАтФАтФАтФАтФАтФАтФАтФАтФАтФАтФАтФАтФАтФАтФАтФАтФАтФАтФАтФАтФАтФАтФАтФАтФАтФАтФАтФА
тФВ #0   TestService._completeMultiFactorTest.<anonymous closure> (package:psycho_app/services/test_service.dart:185:17)
тФВ #1   _LinkedHashMapMixin.forEach (dart:_compact_hash:764:13)
тФЬтФДтФДтФДтФДтФДтФДтФДтФДтФДтФДтФДтФДтФДтФДтФДтФДтФДтФДтФДтФДтФДтФДтФДтФДтФДтФДтФДтФДтФДтФДтФДтФДтФДтФДтФДтФДтФДтФДтФДтФДтФДтФДтФДтФДтФДтФДтФДтФДтФДтФДтФДтФДтФДтФДтФДтФДтФДтФДтФДтФДтФДтФДтФДтФДтФДтФДтФДтФДтФДтФДтФДтФДтФДтФДтФДтФДтФДтФДтФДтФДтФДтФДтФДтФДтФДтФДтФДтФДтФДтФДтФДтФДтФДтФДтФДтФДтФДтФДтФДтФДтФДтФДтФДтФДтФДтФДтФДтФДтФДтФДтФДтФДтФДтФДтФДтФДтФДтФДтФД
тФВ ЁЯРЫ   - Scale fantasy: 2 questions
тФФтФАтФАтФАтФАтФАтФАтФАтФАтФАтФАтФАтФАтФАтФАтФАтФАтФАтФАтФАтФАтФАтФАтФАтФАтФАтФАтФАтФАтФАтФАтФАтФАтФАтФАтФАтФАтФАтФАтФАтФАтФАтФАтФАтФАтФАтФАтФАтФАтФАтФАтФАтФАтФАтФАтФАтФАтФАтФАтФАтФАтФАтФАтФАтФАтФАтФАтФАтФАтФАтФАтФАтФАтФАтФАтФАтФАтФАтФАтФАтФАтФАтФАтФАтФАтФАтФАтФАтФАтФАтФАтФАтФАтФАтФАтФАтФАтФАтФАтФАтФАтФАтФАтФАтФАтФАтФАтФАтФАтФАтФАтФАтФАтФАтФАтФАтФАтФАтФАтФА
тФМтФАтФАтФАтФАтФАтФАтФАтФАтФАтФАтФАтФАтФАтФАтФАтФАтФАтФАтФАтФАтФАтФАтФАтФАтФАтФАтФАтФАтФАтФАтФАтФАтФАтФАтФАтФАтФАтФАтФАтФАтФАтФАтФАтФАтФАтФАтФАтФАтФАтФАтФАтФАтФАтФАтФАтФАтФАтФАтФАтФАтФАтФАтФАтФАтФАтФАтФАтФАтФАтФАтФАтФАтФАтФАтФАтФАтФАтФАтФАтФАтФАтФАтФАтФАтФАтФАтФАтФАтФАтФАтФАтФАтФАтФАтФАтФАтФАтФАтФАтФАтФАтФАтФАтФАтФАтФАтФАтФАтФАтФАтФАтФАтФАтФАтФАтФАтФАтФАтФА
тФВ #0   TestService._completeMultiFactorTest.<anonymous closure> (package:psycho_app/services/test_service.dart:185:17)
тФВ #1   _LinkedHashMapMixin.forEach (dart:_compact_hash:764:13)
тФЬтФДтФДтФДтФДтФДтФДтФДтФДтФДтФДтФДтФДтФДтФДтФДтФДтФДтФДтФДтФДтФДтФДтФДтФДтФДтФДтФДтФДтФДтФДтФДтФДтФДтФДтФДтФДтФДтФДтФДтФДтФДтФДтФДтФДтФДтФДтФДтФДтФДтФДтФДтФДтФДтФДтФДтФДтФДтФДтФДтФДтФДтФДтФДтФДтФДтФДтФДтФДтФДтФДтФДтФДтФДтФДтФДтФДтФДтФДтФДтФДтФДтФДтФДтФДтФДтФДтФДтФДтФДтФДтФДтФДтФДтФДтФДтФДтФДтФДтФДтФДтФДтФДтФДтФДтФДтФДтФДтФДтФДтФДтФДтФДтФДтФДтФДтФДтФДтФДтФД
тФВ ЁЯРЫ   - Scale originality: 4 questions
тФФтФАтФАтФАтФАтФАтФАтФАтФАтФАтФАтФАтФАтФАтФАтФАтФАтФАтФАтФАтФАтФАтФАтФАтФАтФАтФАтФАтФАтФАтФАтФАтФАтФАтФАтФАтФАтФАтФАтФАтФАтФАтФАтФАтФАтФАтФАтФАтФАтФАтФАтФАтФАтФАтФАтФАтФАтФАтФАтФАтФАтФАтФАтФАтФАтФАтФАтФАтФАтФАтФАтФАтФАтФАтФАтФАтФАтФАтФАтФАтФАтФАтФАтФАтФАтФАтФАтФАтФАтФАтФАтФАтФАтФАтФАтФАтФАтФАтФАтФАтФАтФАтФАтФАтФАтФАтФАтФАтФАтФАтФАтФАтФАтФАтФАтФАтФАтФАтФАтФА
тФМтФАтФАтФАтФАтФАтФАтФАтФАтФАтФАтФАтФАтФАтФАтФАтФАтФАтФАтФАтФАтФАтФАтФАтФАтФАтФАтФАтФАтФАтФАтФАтФАтФАтФАтФАтФАтФАтФАтФАтФАтФАтФАтФАтФАтФАтФАтФАтФАтФАтФАтФАтФАтФАтФАтФАтФАтФАтФАтФАтФАтФАтФАтФАтФАтФАтФАтФАтФАтФАтФАтФАтФАтФАтФАтФАтФАтФАтФАтФАтФАтФАтФАтФАтФАтФАтФАтФАтФАтФАтФАтФАтФАтФАтФАтФАтФАтФАтФАтФАтФАтФАтФАтФАтФАтФАтФАтФАтФАтФАтФАтФАтФАтФАтФАтФАтФАтФАтФАтФА
тФВ #0   TestService._completeMultiFactorTest.<anonymous closure> (package:psycho_app/services/test_service.dart:185:17)
тФВ #1   _LinkedHashMapMixin.forEach (dart:_compact_hash:764:13)
тФЬтФДтФДтФДтФДтФДтФДтФДтФДтФДтФДтФДтФДтФДтФДтФДтФДтФДтФДтФДтФДтФДтФДтФДтФДтФДтФДтФДтФДтФДтФДтФДтФДтФДтФДтФДтФДтФДтФДтФДтФДтФДтФДтФДтФДтФДтФДтФДтФДтФДтФДтФДтФДтФДтФДтФДтФДтФДтФДтФДтФДтФДтФДтФДтФДтФДтФДтФДтФДтФДтФДтФДтФДтФДтФДтФДтФДтФДтФДтФДтФДтФДтФДтФДтФДтФДтФДтФДтФДтФДтФДтФДтФДтФДтФДтФДтФДтФДтФДтФДтФДтФДтФДтФДтФДтФДтФДтФДтФДтФДтФДтФДтФДтФДтФДтФДтФДтФДтФДтФД
тФВ ЁЯРЫ   - Scale divergent_thinking: 4 questions
тФФтФАтФАтФАтФАтФАтФАтФАтФАтФАтФАтФАтФАтФАтФАтФАтФАтФАтФАтФАтФАтФАтФАтФАтФАтФАтФАтФАтФАтФАтФАтФАтФАтФАтФАтФАтФАтФАтФАтФАтФАтФАтФАтФАтФАтФАтФАтФАтФАтФАтФАтФАтФАтФАтФАтФАтФАтФАтФАтФАтФАтФАтФАтФАтФАтФАтФАтФАтФАтФАтФАтФАтФАтФАтФАтФАтФАтФАтФАтФАтФАтФАтФАтФАтФАтФАтФАтФАтФАтФАтФАтФАтФАтФАтФАтФАтФАтФАтФАтФАтФАтФАтФАтФАтФАтФАтФАтФАтФАтФАтФАтФАтФАтФАтФАтФАтФАтФАтФАтФА
тФМтФАтФАтФАтФАтФАтФАтФАтФАтФАтФАтФАтФАтФАтФАтФАтФАтФАтФАтФАтФАтФАтФАтФАтФАтФАтФАтФАтФАтФАтФАтФАтФАтФАтФАтФАтФАтФАтФАтФАтФАтФАтФАтФАтФАтФАтФАтФАтФАтФАтФАтФАтФАтФАтФАтФАтФАтФАтФАтФАтФАтФАтФАтФАтФАтФАтФАтФАтФАтФАтФАтФАтФАтФАтФАтФАтФАтФАтФАтФАтФАтФАтФАтФАтФАтФАтФАтФАтФАтФАтФАтФАтФАтФАтФАтФАтФАтФАтФАтФАтФАтФАтФАтФАтФАтФАтФАтФАтФАтФАтФАтФАтФАтФАтФАтФАтФАтФАтФАтФА
тФВ #0   TestService._completeMultiFactorTest.<anonymous closure> (package:psycho_app/services/test_service.dart:185:17)
тФВ #1   _LinkedHashMapMixin.forEach (dart:_compact_hash:764:13)
тФЬтФДтФДтФДтФДтФДтФДтФДтФДтФДтФДтФДтФДтФДтФДтФДтФДтФДтФДтФДтФДтФДтФДтФДтФДтФДтФДтФДтФДтФДтФДтФДтФДтФДтФДтФДтФДтФДтФДтФДтФДтФДтФДтФДтФДтФДтФДтФДтФДтФДтФДтФДтФДтФДтФДтФДтФДтФДтФДтФДтФДтФДтФДтФДтФДтФДтФДтФДтФДтФДтФДтФДтФДтФДтФДтФДтФДтФДтФДтФДтФДтФДтФДтФДтФДтФДтФДтФДтФДтФДтФДтФДтФДтФДтФДтФДтФДтФДтФДтФДтФДтФДтФДтФДтФДтФДтФДтФДтФДтФДтФДтФДтФДтФДтФДтФДтФДтФДтФДтФД
тФВ ЁЯРЫ   - Scale creativity: 4 questions
тФФтФАтФАтФАтФАтФАтФАтФАтФАтФАтФАтФАтФАтФАтФАтФАтФАтФАтФАтФАтФАтФАтФАтФАтФАтФАтФАтФАтФАтФАтФАтФАтФАтФАтФАтФАтФАтФАтФАтФАтФАтФАтФАтФАтФАтФАтФАтФАтФАтФАтФАтФАтФАтФАтФАтФАтФАтФАтФАтФАтФАтФАтФАтФАтФАтФАтФАтФАтФАтФАтФАтФАтФАтФАтФАтФАтФАтФАтФАтФАтФАтФАтФАтФАтФАтФАтФАтФАтФАтФАтФАтФАтФАтФАтФАтФАтФАтФАтФАтФАтФАтФАтФАтФАтФАтФАтФАтФАтФАтФАтФАтФАтФАтФАтФАтФАтФАтФАтФАтФА
тФМтФАтФАтФАтФАтФАтФАтФАтФАтФАтФАтФАтФАтФАтФАтФАтФАтФАтФАтФАтФАтФАтФАтФАтФАтФАтФАтФАтФАтФАтФАтФАтФАтФАтФАтФАтФАтФАтФАтФАтФАтФАтФАтФАтФАтФАтФАтФАтФАтФАтФАтФАтФАтФАтФАтФАтФАтФАтФАтФАтФАтФАтФАтФАтФАтФАтФАтФАтФАтФАтФАтФАтФАтФАтФАтФАтФАтФАтФАтФАтФАтФАтФАтФАтФАтФАтФАтФАтФАтФАтФАтФАтФАтФАтФАтФАтФАтФАтФАтФАтФАтФАтФАтФАтФАтФАтФАтФАтФАтФАтФАтФАтФАтФАтФАтФАтФАтФАтФАтФА
тФВ #0   TestService._completeMultiFactorTest.<anonymous closure> (package:psycho_app/services/test_service.dart:185:17)
тФВ #1   _LinkedHashMapMixin.forEach (dart:_compact_hash:764:13)
тФЬтФДтФДтФДтФДтФДтФДтФДтФДтФДтФДтФДтФДтФДтФДтФДтФДтФДтФДтФДтФДтФДтФДтФДтФДтФДтФДтФДтФДтФДтФДтФДтФДтФДтФДтФДтФДтФДтФДтФДтФДтФДтФДтФДтФДтФДтФДтФДтФДтФДтФДтФДтФДтФДтФДтФДтФДтФДтФДтФДтФДтФДтФДтФДтФДтФДтФДтФДтФДтФДтФДтФДтФДтФДтФДтФДтФДтФДтФДтФДтФДтФДтФДтФДтФДтФДтФДтФДтФДтФДтФДтФДтФДтФДтФДтФДтФДтФДтФДтФДтФДтФДтФДтФДтФДтФДтФДтФДтФДтФДтФДтФДтФДтФДтФДтФДтФДтФДтФДтФД
тФВ ЁЯРЫ   - Scale feelings: 4 questions
тФФтФАтФАтФАтФАтФАтФАтФАтФАтФАтФАтФАтФАтФАтФАтФАтФАтФАтФАтФАтФАтФАтФАтФАтФАтФАтФАтФАтФАтФАтФАтФАтФАтФАтФАтФАтФАтФАтФАтФАтФАтФАтФАтФАтФАтФАтФАтФАтФАтФАтФАтФАтФАтФАтФАтФАтФАтФАтФАтФАтФАтФАтФАтФАтФАтФАтФАтФАтФАтФАтФАтФАтФАтФАтФАтФАтФАтФАтФАтФАтФАтФАтФАтФАтФАтФАтФАтФАтФАтФАтФАтФАтФАтФАтФАтФАтФАтФАтФАтФАтФАтФАтФАтФАтФАтФАтФАтФАтФАтФАтФАтФАтФАтФАтФАтФАтФАтФАтФАтФА
тФМтФАтФАтФАтФАтФАтФАтФАтФАтФАтФАтФАтФАтФАтФАтФАтФАтФАтФАтФАтФАтФАтФАтФАтФАтФАтФАтФАтФАтФАтФАтФАтФАтФАтФАтФАтФАтФАтФАтФАтФАтФАтФАтФАтФАтФАтФАтФАтФАтФАтФАтФАтФАтФАтФАтФАтФАтФАтФАтФАтФАтФАтФАтФАтФАтФАтФАтФАтФАтФАтФАтФАтФАтФАтФАтФАтФАтФАтФАтФАтФАтФАтФАтФАтФАтФАтФАтФАтФАтФАтФАтФАтФАтФАтФАтФАтФАтФАтФАтФАтФАтФАтФАтФАтФАтФАтФАтФАтФАтФАтФАтФАтФАтФАтФАтФАтФАтФАтФАтФА
тФВ #0   TestService._completeMultiFactorTest.<anonymous closure> (package:psycho_app/services/test_service.dart:185:17)
тФВ #1   _LinkedHashMapMixin.forEach (dart:_compact_hash:764:13)
тФЬтФДтФДтФДтФДтФДтФДтФДтФДтФДтФДтФДтФДтФДтФДтФДтФДтФДтФДтФДтФДтФДтФДтФДтФДтФДтФДтФДтФДтФДтФДтФДтФДтФДтФДтФДтФДтФДтФДтФДтФДтФДтФДтФДтФДтФДтФДтФДтФДтФДтФДтФДтФДтФДтФДтФДтФДтФДтФДтФДтФДтФДтФДтФДтФДтФДтФДтФДтФДтФДтФДтФДтФДтФДтФДтФДтФДтФДтФДтФДтФДтФДтФДтФДтФДтФДтФДтФДтФДтФДтФДтФДтФДтФДтФДтФДтФДтФДтФДтФДтФДтФДтФДтФДтФДтФДтФДтФДтФДтФДтФДтФДтФДтФДтФДтФДтФДтФДтФДтФД
тФВ ЁЯРЫ   - Scale artistic_appreciation: 2 questions
тФФтФАтФАтФАтФАтФАтФАтФАтФАтФАтФАтФАтФАтФАтФАтФАтФАтФАтФАтФАтФАтФАтФАтФАтФАтФАтФАтФАтФАтФАтФАтФАтФАтФАтФАтФАтФАтФАтФАтФАтФАтФАтФАтФАтФАтФАтФАтФАтФАтФАтФАтФАтФАтФАтФАтФАтФАтФАтФАтФАтФАтФАтФАтФАтФАтФАтФАтФАтФАтФАтФАтФАтФАтФАтФАтФАтФАтФАтФАтФАтФАтФАтФАтФАтФАтФАтФАтФАтФАтФАтФАтФАтФАтФАтФАтФАтФАтФАтФАтФАтФАтФАтФАтФАтФАтФАтФАтФАтФАтФАтФАтФАтФАтФАтФАтФАтФАтФАтФАтФА
тФМтФАтФАтФАтФАтФАтФАтФАтФАтФАтФАтФАтФАтФАтФАтФАтФАтФАтФАтФАтФАтФАтФАтФАтФАтФАтФАтФАтФАтФАтФАтФАтФАтФАтФАтФАтФАтФАтФАтФАтФАтФАтФАтФАтФАтФАтФАтФАтФАтФАтФАтФАтФАтФАтФАтФАтФАтФАтФАтФАтФАтФАтФАтФАтФАтФАтФАтФАтФАтФАтФАтФАтФАтФАтФАтФАтФАтФАтФАтФАтФАтФАтФАтФАтФАтФАтФАтФАтФАтФАтФАтФАтФАтФАтФАтФАтФАтФАтФАтФАтФАтФАтФАтФАтФАтФАтФАтФАтФАтФАтФАтФАтФАтФАтФАтФАтФАтФАтФАтФА
тФВ #0   TestService._completeMultiFactorTest.<anonymous closure> (package:psycho_app/services/test_service.dart:185:17)
тФВ #1   _LinkedHashMapMixin.forEach (dart:_compact_hash:764:13)
тФЬтФДтФДтФДтФДтФДтФДтФДтФДтФДтФДтФДтФДтФДтФДтФДтФДтФДтФДтФДтФДтФДтФДтФДтФДтФДтФДтФДтФДтФДтФДтФДтФДтФДтФДтФДтФДтФДтФДтФДтФДтФДтФДтФДтФДтФДтФДтФДтФДтФДтФДтФДтФДтФДтФДтФДтФДтФДтФДтФДтФДтФДтФДтФДтФДтФДтФДтФДтФДтФДтФДтФДтФДтФДтФДтФДтФДтФДтФДтФДтФДтФДтФДтФДтФДтФДтФДтФДтФДтФДтФДтФДтФДтФДтФДтФДтФДтФДтФДтФДтФДтФДтФДтФДтФДтФДтФДтФДтФДтФДтФДтФДтФДтФДтФДтФДтФДтФДтФДтФД
тФВ ЁЯРЫ   - Scale dominance: 3 questions
тФФтФАтФАтФАтФАтФАтФАтФАтФАтФАтФАтФАтФАтФАтФАтФАтФАтФАтФАтФАтФАтФАтФАтФАтФАтФАтФАтФАтФАтФАтФАтФАтФАтФАтФАтФАтФАтФАтФАтФАтФАтФАтФАтФАтФАтФАтФАтФАтФАтФАтФАтФАтФАтФАтФАтФАтФАтФАтФАтФАтФАтФАтФАтФАтФАтФАтФАтФАтФАтФАтФАтФАтФАтФАтФАтФАтФАтФАтФАтФАтФАтФАтФАтФАтФАтФАтФАтФАтФАтФАтФАтФАтФАтФАтФАтФАтФАтФАтФАтФАтФАтФАтФАтФАтФАтФАтФАтФАтФАтФАтФАтФАтФАтФАтФАтФАтФАтФАтФАтФА
тФМтФАтФАтФАтФАтФАтФАтФАтФАтФАтФАтФАтФАтФАтФАтФАтФАтФАтФАтФАтФАтФАтФАтФАтФАтФАтФАтФАтФАтФАтФАтФАтФАтФАтФАтФАтФАтФАтФАтФАтФАтФАтФАтФАтФАтФАтФАтФАтФАтФАтФАтФАтФАтФАтФАтФАтФАтФАтФАтФАтФАтФАтФАтФАтФАтФАтФАтФАтФАтФАтФАтФАтФАтФАтФАтФАтФАтФАтФАтФАтФАтФАтФАтФАтФАтФАтФАтФАтФАтФАтФАтФАтФАтФАтФАтФАтФАтФАтФАтФАтФАтФАтФАтФАтФАтФАтФАтФАтФАтФАтФАтФАтФАтФАтФАтФАтФАтФАтФАтФА
тФВ #0   TestService._completeMultiFactorTest.<anonymous closure> (package:psycho_app/services/test_service.dart:185:17)
тФВ #1   _LinkedHashMapMixin.forEach (dart:_compact_hash:764:13)
тФЬтФДтФДтФДтФДтФДтФДтФДтФДтФДтФДтФДтФДтФДтФДтФДтФДтФДтФДтФДтФДтФДтФДтФДтФДтФДтФДтФДтФДтФДтФДтФДтФДтФДтФДтФДтФДтФДтФДтФДтФДтФДтФДтФДтФДтФДтФДтФДтФДтФДтФДтФДтФДтФДтФДтФДтФДтФДтФДтФДтФДтФДтФДтФДтФДтФДтФДтФДтФДтФДтФДтФДтФДтФДтФДтФДтФДтФДтФДтФДтФДтФДтФДтФДтФДтФДтФДтФДтФДтФДтФДтФДтФДтФДтФДтФДтФДтФДтФДтФДтФДтФДтФДтФДтФДтФДтФДтФДтФДтФДтФДтФДтФДтФДтФДтФДтФДтФДтФДтФД
тФВ ЁЯРЫ   - Scale assertiveness: 4 questions
тФФтФАтФАтФАтФАтФАтФАтФАтФАтФАтФАтФАтФАтФАтФАтФАтФАтФАтФАтФАтФАтФАтФАтФАтФАтФАтФАтФАтФАтФАтФАтФАтФАтФАтФАтФАтФАтФАтФАтФАтФАтФАтФАтФАтФАтФАтФАтФАтФАтФАтФАтФАтФАтФАтФАтФАтФАтФАтФАтФАтФАтФАтФАтФАтФАтФАтФАтФАтФАтФАтФАтФАтФАтФАтФАтФАтФАтФАтФАтФАтФАтФАтФАтФАтФАтФАтФАтФАтФАтФАтФАтФАтФАтФАтФАтФАтФАтФАтФАтФАтФАтФАтФАтФАтФАтФАтФАтФАтФАтФАтФАтФАтФАтФАтФАтФАтФАтФАтФАтФА
тФМтФАтФАтФАтФАтФАтФАтФАтФАтФАтФАтФАтФАтФАтФАтФАтФАтФАтФАтФАтФАтФАтФАтФАтФАтФАтФАтФАтФАтФАтФАтФАтФАтФАтФАтФАтФАтФАтФАтФАтФАтФАтФАтФАтФАтФАтФАтФАтФАтФАтФАтФАтФАтФАтФАтФАтФАтФАтФАтФАтФАтФАтФАтФАтФАтФАтФАтФАтФАтФАтФАтФАтФАтФАтФАтФАтФАтФАтФАтФАтФАтФАтФАтФАтФАтФАтФАтФАтФАтФАтФАтФАтФАтФАтФАтФАтФАтФАтФАтФАтФАтФАтФАтФАтФАтФАтФАтФАтФАтФАтФАтФАтФАтФАтФАтФАтФАтФАтФАтФА
тФВ #0   TestService._completeMultiFactorTest.<anonymous closure> (package:psycho_app/services/test_service.dart:185:17)
тФВ #1   _LinkedHashMapMixin.forEach (dart:_compact_hash:764:13)
тФЬтФДтФДтФДтФДтФДтФДтФДтФДтФДтФДтФДтФДтФДтФДтФДтФДтФДтФДтФДтФДтФДтФДтФДтФДтФДтФДтФДтФДтФДтФДтФДтФДтФДтФДтФДтФДтФДтФДтФДтФДтФДтФДтФДтФДтФДтФДтФДтФДтФДтФДтФДтФДтФДтФДтФДтФДтФДтФДтФДтФДтФДтФДтФДтФДтФДтФДтФДтФДтФДтФДтФДтФДтФДтФДтФДтФДтФДтФДтФДтФДтФДтФДтФДтФДтФДтФДтФДтФДтФДтФДтФДтФДтФДтФДтФДтФДтФДтФДтФДтФДтФДтФДтФДтФДтФДтФДтФДтФДтФДтФДтФДтФДтФДтФДтФДтФДтФДтФДтФД
тФВ ЁЯРЫ   - Scale depression: 4 questions
тФФтФАтФАтФАтФАтФАтФАтФАтФАтФАтФАтФАтФАтФАтФАтФАтФАтФАтФАтФАтФАтФАтФАтФАтФАтФАтФАтФАтФАтФАтФАтФАтФАтФАтФАтФАтФАтФАтФАтФАтФАтФАтФАтФАтФАтФАтФАтФАтФАтФАтФАтФАтФАтФАтФАтФАтФАтФАтФАтФАтФАтФАтФАтФАтФАтФАтФАтФАтФАтФАтФАтФАтФАтФАтФАтФАтФАтФАтФАтФАтФАтФАтФАтФАтФАтФАтФАтФАтФАтФАтФАтФАтФАтФАтФАтФАтФАтФАтФАтФАтФАтФАтФАтФАтФАтФАтФАтФАтФАтФАтФАтФАтФАтФАтФАтФАтФАтФАтФАтФА
тФМтФАтФАтФАтФАтФАтФАтФАтФАтФАтФАтФАтФАтФАтФАтФАтФАтФАтФАтФАтФАтФАтФАтФАтФАтФАтФАтФАтФАтФАтФАтФАтФАтФАтФАтФАтФАтФАтФАтФАтФАтФАтФАтФАтФАтФАтФАтФАтФАтФАтФАтФАтФАтФАтФАтФАтФАтФАтФАтФАтФАтФАтФАтФАтФАтФАтФАтФАтФАтФАтФАтФАтФАтФАтФАтФАтФАтФАтФАтФАтФАтФАтФАтФАтФАтФАтФАтФАтФАтФАтФАтФАтФАтФАтФАтФАтФАтФАтФАтФАтФАтФАтФАтФАтФАтФАтФАтФАтФАтФАтФАтФАтФАтФАтФАтФАтФАтФАтФАтФА
тФВ #0   TestService._completeMultiFactorTest.<anonymous closure> (package:psycho_app/services/test_service.dart:185:17)
тФВ #1   _LinkedHashMapMixin.forEach (dart:_compact_hash:764:13)
тФЬтФДтФДтФДтФДтФДтФДтФДтФДтФДтФДтФДтФДтФДтФДтФДтФДтФДтФДтФДтФДтФДтФДтФДтФДтФДтФДтФДтФДтФДтФДтФДтФДтФДтФДтФДтФДтФДтФДтФДтФДтФДтФДтФДтФДтФДтФДтФДтФДтФДтФДтФДтФДтФДтФДтФДтФДтФДтФДтФДтФДтФДтФДтФДтФДтФДтФДтФДтФДтФДтФДтФДтФДтФДтФДтФДтФДтФДтФДтФДтФДтФДтФДтФДтФДтФДтФДтФДтФДтФДтФДтФДтФДтФДтФДтФДтФДтФДтФДтФДтФДтФДтФДтФДтФДтФДтФДтФДтФДтФДтФДтФДтФДтФДтФДтФДтФДтФДтФДтФД
тФВ ЁЯРЫ   - Scale happiness: 2 questions
тФФтФАтФАтФАтФАтФАтФАтФАтФАтФАтФАтФАтФАтФАтФАтФАтФАтФАтФАтФАтФАтФАтФАтФАтФАтФАтФАтФАтФАтФАтФАтФАтФАтФАтФАтФАтФАтФАтФАтФАтФАтФАтФАтФАтФАтФАтФАтФАтФАтФАтФАтФАтФАтФАтФАтФАтФАтФАтФАтФАтФАтФАтФАтФАтФАтФАтФАтФАтФАтФАтФАтФАтФАтФАтФАтФАтФАтФАтФАтФАтФАтФАтФАтФАтФАтФАтФАтФАтФАтФАтФАтФАтФАтФАтФАтФАтФАтФАтФАтФАтФАтФАтФАтФАтФАтФАтФАтФАтФАтФАтФАтФАтФАтФАтФАтФАтФАтФАтФАтФА
тФМтФАтФАтФАтФАтФАтФАтФАтФАтФАтФАтФАтФАтФАтФАтФАтФАтФАтФАтФАтФАтФАтФАтФАтФАтФАтФАтФАтФАтФАтФАтФАтФАтФАтФАтФАтФАтФАтФАтФАтФАтФАтФАтФАтФАтФАтФАтФАтФАтФАтФАтФАтФАтФАтФАтФАтФАтФАтФАтФАтФАтФАтФАтФАтФАтФАтФАтФАтФАтФАтФАтФАтФАтФАтФАтФАтФАтФАтФАтФАтФАтФАтФАтФАтФАтФАтФАтФАтФАтФАтФАтФАтФАтФАтФАтФАтФАтФАтФАтФАтФАтФАтФАтФАтФАтФАтФАтФАтФАтФАтФАтФАтФАтФАтФАтФАтФАтФАтФАтФА
тФВ #0   TestService._completeMultiFactorTest.<anonymous closure> (package:psycho_app/services/test_service.dart:185:17)
тФВ #1   _LinkedHashMapMixin.forEach (dart:_compact_hash:764:13)
тФЬтФДтФДтФДтФДтФДтФДтФДтФДтФДтФДтФДтФДтФДтФДтФДтФДтФДтФДтФДтФДтФДтФДтФДтФДтФДтФДтФДтФДтФДтФДтФДтФДтФДтФДтФДтФДтФДтФДтФДтФДтФДтФДтФДтФДтФДтФДтФДтФДтФДтФДтФДтФДтФДтФДтФДтФДтФДтФДтФДтФДтФДтФДтФДтФДтФДтФДтФДтФДтФДтФДтФДтФДтФДтФДтФДтФДтФДтФДтФДтФДтФДтФДтФДтФДтФДтФДтФДтФДтФДтФДтФДтФДтФДтФДтФДтФДтФДтФДтФДтФДтФДтФДтФДтФДтФДтФДтФДтФДтФДтФДтФДтФДтФДтФДтФДтФДтФДтФДтФД
тФВ ЁЯРЫ   - Scale vitality: 2 questions
тФФтФАтФАтФАтФАтФАтФАтФАтФАтФАтФАтФАтФАтФАтФАтФАтФАтФАтФАтФАтФАтФАтФАтФАтФАтФАтФАтФАтФАтФАтФАтФАтФАтФАтФАтФАтФАтФАтФАтФАтФАтФАтФАтФАтФАтФАтФАтФАтФАтФАтФАтФАтФАтФАтФАтФАтФАтФАтФАтФАтФАтФАтФАтФАтФАтФАтФАтФАтФАтФАтФАтФАтФАтФАтФАтФАтФАтФАтФАтФАтФАтФАтФАтФАтФАтФАтФАтФАтФАтФАтФАтФАтФАтФАтФАтФАтФАтФАтФАтФАтФАтФАтФАтФАтФАтФАтФАтФАтФАтФАтФАтФАтФАтФАтФАтФАтФАтФАтФАтФА
тФМтФАтФАтФАтФАтФАтФАтФАтФАтФАтФАтФАтФАтФАтФАтФАтФАтФАтФАтФАтФАтФАтФАтФАтФАтФАтФАтФАтФАтФАтФАтФАтФАтФАтФАтФАтФАтФАтФАтФАтФАтФАтФАтФАтФАтФАтФАтФАтФАтФАтФАтФАтФАтФАтФАтФАтФАтФАтФАтФАтФАтФАтФАтФАтФАтФАтФАтФАтФАтФАтФАтФАтФАтФАтФАтФАтФАтФАтФАтФАтФАтФАтФАтФАтФАтФАтФАтФАтФАтФАтФАтФАтФАтФАтФАтФАтФАтФАтФАтФАтФАтФАтФАтФАтФАтФАтФАтФАтФАтФАтФАтФАтФАтФАтФАтФАтФАтФАтФАтФА
тФВ #0   TestService._completeMultiFactorTest.<anonymous closure> (package:psycho_app/services/test_service.dart:185:17)
тФВ #1   _LinkedHashMapMixin.forEach (dart:_compact_hash:764:13)
тФЬтФДтФДтФДтФДтФДтФДтФДтФДтФДтФДтФДтФДтФДтФДтФДтФДтФДтФДтФДтФДтФДтФДтФДтФДтФДтФДтФДтФДтФДтФДтФДтФДтФДтФДтФДтФДтФДтФДтФДтФДтФДтФДтФДтФДтФДтФДтФДтФДтФДтФДтФДтФДтФДтФДтФДтФДтФДтФДтФДтФДтФДтФДтФДтФДтФДтФДтФДтФДтФДтФДтФДтФДтФДтФДтФДтФДтФДтФДтФДтФДтФДтФДтФДтФДтФДтФДтФДтФДтФДтФДтФДтФДтФДтФДтФДтФДтФДтФДтФДтФДтФДтФДтФДтФДтФДтФДтФДтФДтФДтФДтФДтФДтФДтФДтФДтФДтФДтФДтФД
тФВ ЁЯРЫ   - Scale support_giving: 2 questions
тФФтФАтФАтФАтФАтФАтФАтФАтФАтФАтФАтФАтФАтФАтФАтФАтФАтФАтФАтФАтФАтФАтФАтФАтФАтФАтФАтФАтФАтФАтФАтФАтФАтФАтФАтФАтФАтФАтФАтФАтФАтФАтФАтФАтФАтФАтФАтФАтФАтФАтФАтФАтФАтФАтФАтФАтФАтФАтФАтФАтФАтФАтФАтФАтФАтФАтФАтФАтФАтФАтФАтФАтФАтФАтФАтФАтФАтФАтФАтФАтФАтФАтФАтФАтФАтФАтФАтФАтФАтФАтФАтФАтФАтФАтФАтФАтФАтФАтФАтФАтФАтФАтФАтФАтФАтФАтФАтФАтФАтФАтФАтФАтФАтФАтФАтФАтФАтФАтФАтФА
тФМтФАтФАтФАтФАтФАтФАтФАтФАтФАтФАтФАтФАтФАтФАтФАтФАтФАтФАтФАтФАтФАтФАтФАтФАтФАтФАтФАтФАтФАтФАтФАтФАтФАтФАтФАтФАтФАтФАтФАтФАтФАтФАтФАтФАтФАтФАтФАтФАтФАтФАтФАтФАтФАтФАтФАтФАтФАтФАтФАтФАтФАтФАтФАтФАтФАтФАтФАтФАтФАтФАтФАтФАтФАтФАтФАтФАтФАтФАтФАтФАтФАтФАтФАтФАтФАтФАтФАтФАтФАтФАтФАтФАтФАтФАтФАтФАтФАтФАтФАтФАтФАтФАтФАтФАтФАтФАтФАтФАтФАтФАтФАтФАтФАтФАтФАтФАтФАтФАтФА
тФВ #0   TestService._completeMultiFactorTest.<anonymous closure> (package:psycho_app/services/test_service.dart:185:17)
тФВ #1   _LinkedHashMapMixin.forEach (dart:_compact_hash:764:13)
тФЬтФДтФДтФДтФДтФДтФДтФДтФДтФДтФДтФДтФДтФДтФДтФДтФДтФДтФДтФДтФДтФДтФДтФДтФДтФДтФДтФДтФДтФДтФДтФДтФДтФДтФДтФДтФДтФДтФДтФДтФДтФДтФДтФДтФДтФДтФДтФДтФДтФДтФДтФДтФДтФДтФДтФДтФДтФДтФДтФДтФДтФДтФДтФДтФДтФДтФДтФДтФДтФДтФДтФДтФДтФДтФДтФДтФДтФДтФДтФДтФДтФДтФДтФДтФДтФДтФДтФДтФДтФДтФДтФДтФДтФДтФДтФДтФДтФДтФДтФДтФДтФДтФДтФДтФДтФДтФДтФДтФДтФДтФДтФДтФДтФДтФДтФДтФДтФДтФДтФД
тФВ ЁЯРЫ   - Scale frustration_tolerance: 3 questions
тФФтФАтФАтФАтФАтФАтФАтФАтФАтФАтФАтФАтФАтФАтФАтФАтФАтФАтФАтФАтФАтФАтФАтФАтФАтФАтФАтФАтФАтФАтФАтФАтФАтФАтФАтФАтФАтФАтФАтФАтФАтФАтФАтФАтФАтФАтФАтФАтФАтФАтФАтФАтФАтФАтФАтФАтФАтФАтФАтФАтФАтФАтФАтФАтФАтФАтФАтФАтФАтФАтФАтФАтФАтФАтФАтФАтФАтФАтФАтФАтФАтФАтФАтФАтФАтФАтФАтФАтФАтФАтФАтФАтФАтФАтФАтФАтФАтФАтФАтФАтФАтФАтФАтФАтФАтФАтФАтФАтФАтФАтФАтФАтФАтФАтФАтФАтФАтФАтФАтФА
тФМтФАтФАтФАтФАтФАтФАтФАтФАтФАтФАтФАтФАтФАтФАтФАтФАтФАтФАтФАтФАтФАтФАтФАтФАтФАтФАтФАтФАтФАтФАтФАтФАтФАтФАтФАтФАтФАтФАтФАтФАтФАтФАтФАтФАтФАтФАтФАтФАтФАтФАтФАтФАтФАтФАтФАтФАтФАтФАтФАтФАтФАтФАтФАтФАтФАтФАтФАтФАтФАтФАтФАтФАтФАтФАтФАтФАтФАтФАтФАтФАтФАтФАтФАтФАтФАтФАтФАтФАтФАтФАтФАтФАтФАтФАтФАтФАтФАтФАтФАтФАтФАтФАтФАтФАтФАтФАтФАтФАтФАтФАтФАтФАтФАтФАтФАтФАтФАтФАтФА
тФВ #0   TestService._completeMultiFactorTest.<anonymous closure> (package:psycho_app/services/test_service.dart:185:17)
тФВ #1   _LinkedHashMapMixin.forEach (dart:_compact_hash:764:13)
тФЬтФДтФДтФДтФДтФДтФДтФДтФДтФДтФДтФДтФДтФДтФДтФДтФДтФДтФДтФДтФДтФДтФДтФДтФДтФДтФДтФДтФДтФДтФДтФДтФДтФДтФДтФДтФДтФДтФДтФДтФДтФДтФДтФДтФДтФДтФДтФДтФДтФДтФДтФДтФДтФДтФДтФДтФДтФДтФДтФДтФДтФДтФДтФДтФДтФДтФДтФДтФДтФДтФДтФДтФДтФДтФДтФДтФДтФДтФДтФДтФДтФДтФДтФДтФДтФДтФДтФДтФДтФДтФДтФДтФДтФДтФДтФДтФДтФДтФДтФДтФДтФДтФДтФДтФДтФДтФДтФДтФДтФДтФДтФДтФДтФДтФДтФДтФДтФДтФДтФД
тФВ ЁЯРЫ   - Scale self_efficacy: 3 questions
тФФтФАтФАтФАтФАтФАтФАтФАтФАтФАтФАтФАтФАтФАтФАтФАтФАтФАтФАтФАтФАтФАтФАтФАтФАтФАтФАтФАтФАтФАтФАтФАтФАтФАтФАтФАтФАтФАтФАтФАтФАтФАтФАтФАтФАтФАтФАтФАтФАтФАтФАтФАтФАтФАтФАтФАтФАтФАтФАтФАтФАтФАтФАтФАтФАтФАтФАтФАтФАтФАтФАтФАтФАтФАтФАтФАтФАтФАтФАтФАтФАтФАтФАтФАтФАтФАтФАтФАтФАтФАтФАтФАтФАтФАтФАтФАтФАтФАтФАтФАтФАтФАтФАтФАтФАтФАтФАтФАтФАтФАтФАтФАтФАтФАтФАтФАтФАтФАтФАтФА
тФМтФАтФАтФАтФАтФАтФАтФАтФАтФАтФАтФАтФАтФАтФАтФАтФАтФАтФАтФАтФАтФАтФАтФАтФАтФАтФАтФАтФАтФАтФАтФАтФАтФАтФАтФАтФАтФАтФАтФАтФАтФАтФАтФАтФАтФАтФАтФАтФАтФАтФАтФАтФАтФАтФАтФАтФАтФАтФАтФАтФАтФАтФАтФАтФАтФАтФАтФАтФАтФАтФАтФАтФАтФАтФАтФАтФАтФАтФАтФАтФАтФАтФАтФАтФАтФАтФАтФАтФАтФАтФАтФАтФАтФАтФАтФАтФАтФАтФАтФАтФАтФАтФАтФАтФАтФАтФАтФАтФАтФАтФАтФАтФАтФАтФАтФАтФАтФАтФАтФА
тФВ #0   TestService._completeMultiFactorTest.<anonymous closure> (package:psycho_app/services/test_service.dart:185:17)
тФВ #1   _LinkedHashMapMixin.forEach (dart:_compact_hash:764:13)
тФЬтФДтФДтФДтФДтФДтФДтФДтФДтФДтФДтФДтФДтФДтФДтФДтФДтФДтФДтФДтФДтФДтФДтФДтФДтФДтФДтФДтФДтФДтФДтФДтФДтФДтФДтФДтФДтФДтФДтФДтФДтФДтФДтФДтФДтФДтФДтФДтФДтФДтФДтФДтФДтФДтФДтФДтФДтФДтФДтФДтФДтФДтФДтФДтФДтФДтФДтФДтФДтФДтФДтФДтФДтФДтФДтФДтФДтФДтФДтФДтФДтФДтФДтФДтФДтФДтФДтФДтФДтФДтФДтФДтФДтФДтФДтФДтФДтФДтФДтФДтФДтФДтФДтФДтФДтФДтФДтФДтФДтФДтФДтФДтФДтФДтФДтФДтФДтФДтФДтФД
тФВ ЁЯРЫ   - Scale working_memory: 1 questions
тФФтФАтФАтФАтФАтФАтФАтФАтФАтФАтФАтФАтФАтФАтФАтФАтФАтФАтФАтФАтФАтФАтФАтФАтФАтФАтФАтФАтФАтФАтФАтФАтФАтФАтФАтФАтФАтФАтФАтФАтФАтФАтФАтФАтФАтФАтФАтФАтФАтФАтФАтФАтФАтФАтФАтФАтФАтФАтФАтФАтФАтФАтФАтФАтФАтФАтФАтФАтФАтФАтФАтФАтФАтФАтФАтФАтФАтФАтФАтФАтФАтФАтФАтФАтФАтФАтФАтФАтФАтФАтФАтФАтФАтФАтФАтФАтФАтФАтФАтФАтФАтФАтФАтФАтФАтФАтФАтФАтФАтФАтФАтФАтФАтФАтФАтФАтФАтФАтФАтФА
тФМтФАтФАтФАтФАтФАтФАтФАтФАтФАтФАтФАтФАтФАтФАтФАтФАтФАтФАтФАтФАтФАтФАтФАтФАтФАтФАтФАтФАтФАтФАтФАтФАтФАтФАтФАтФАтФАтФАтФАтФАтФАтФАтФАтФАтФАтФАтФАтФАтФАтФАтФАтФАтФАтФАтФАтФАтФАтФАтФАтФАтФАтФАтФАтФАтФАтФАтФАтФАтФАтФАтФАтФАтФАтФАтФАтФАтФАтФАтФАтФАтФАтФАтФАтФАтФАтФАтФАтФАтФАтФАтФАтФАтФАтФАтФАтФАтФАтФАтФАтФАтФАтФАтФАтФАтФАтФАтФАтФАтФАтФАтФАтФАтФАтФАтФАтФАтФАтФАтФА
тФВ #0   TestService._completeMultiFactorTest.<anonymous closure> (package:psycho_app/services/test_service.dart:185:17)
тФВ #1   _LinkedHashMapMixin.forEach (dart:_compact_hash:764:13)
тФЬтФДтФДтФДтФДтФДтФДтФДтФДтФДтФДтФДтФДтФДтФДтФДтФДтФДтФДтФДтФДтФДтФДтФДтФДтФДтФДтФДтФДтФДтФДтФДтФДтФДтФДтФДтФДтФДтФДтФДтФДтФДтФДтФДтФДтФДтФДтФДтФДтФДтФДтФДтФДтФДтФДтФДтФДтФДтФДтФДтФДтФДтФДтФДтФДтФДтФДтФДтФДтФДтФДтФДтФДтФДтФДтФДтФДтФДтФДтФДтФДтФДтФДтФДтФДтФДтФДтФДтФДтФДтФДтФДтФДтФДтФДтФДтФДтФДтФДтФДтФДтФДтФДтФДтФДтФДтФДтФДтФДтФДтФДтФДтФДтФДтФДтФДтФДтФДтФДтФД
тФВ ЁЯРЫ   - Scale affiliation_motivation: 1 questions
тФФтФАтФАтФАтФАтФАтФАтФАтФАтФАтФАтФАтФАтФАтФАтФАтФАтФАтФАтФАтФАтФАтФАтФАтФАтФАтФАтФАтФАтФАтФАтФАтФАтФАтФАтФАтФАтФАтФАтФАтФАтФАтФАтФАтФАтФАтФАтФАтФАтФАтФАтФАтФАтФАтФАтФАтФАтФАтФАтФАтФАтФАтФАтФАтФАтФАтФАтФАтФАтФАтФАтФАтФАтФАтФАтФАтФАтФАтФАтФАтФАтФАтФАтФАтФАтФАтФАтФАтФАтФАтФАтФАтФАтФАтФАтФАтФАтФАтФАтФАтФАтФАтФАтФАтФАтФАтФАтФАтФАтФАтФАтФАтФАтФАтФАтФАтФАтФАтФАтФА
тФМтФАтФАтФАтФАтФАтФАтФАтФАтФАтФАтФАтФАтФАтФАтФАтФАтФАтФАтФАтФАтФАтФАтФАтФАтФАтФАтФАтФАтФАтФАтФАтФАтФАтФАтФАтФАтФАтФАтФАтФАтФАтФАтФАтФАтФАтФАтФАтФАтФАтФАтФАтФАтФАтФАтФАтФАтФАтФАтФАтФАтФАтФАтФАтФАтФАтФАтФАтФАтФАтФАтФАтФАтФАтФАтФАтФАтФАтФАтФАтФАтФАтФАтФАтФАтФАтФАтФАтФАтФАтФАтФАтФАтФАтФАтФАтФАтФАтФАтФАтФАтФАтФАтФАтФАтФАтФАтФАтФАтФАтФАтФАтФАтФАтФАтФАтФАтФАтФАтФА
тФВ #0   TestService._completeMultiFactorTest.<anonymous closure> (package:psycho_app/services/test_service.dart:185:17)
тФВ #1   _LinkedHashMapMixin.forEach (dart:_compact_hash:764:13)
тФЬтФДтФДтФДтФДтФДтФДтФДтФДтФДтФДтФДтФДтФДтФДтФДтФДтФДтФДтФДтФДтФДтФДтФДтФДтФДтФДтФДтФДтФДтФДтФДтФДтФДтФДтФДтФДтФДтФДтФДтФДтФДтФДтФДтФДтФДтФДтФДтФДтФДтФДтФДтФДтФДтФДтФДтФДтФДтФДтФДтФДтФДтФДтФДтФДтФДтФДтФДтФДтФДтФДтФДтФДтФДтФДтФДтФДтФДтФДтФДтФДтФДтФДтФДтФДтФДтФДтФДтФДтФДтФДтФДтФДтФДтФДтФДтФДтФДтФДтФДтФДтФДтФДтФДтФДтФДтФДтФДтФДтФДтФДтФДтФДтФДтФДтФДтФДтФДтФДтФД
тФВ ЁЯРЫ   - Scale processing_speed: 1 questions
тФФтФАтФАтФАтФАтФАтФАтФАтФАтФАтФАтФАтФАтФАтФАтФАтФАтФАтФАтФАтФАтФАтФАтФАтФАтФАтФАтФАтФАтФАтФАтФАтФАтФАтФАтФАтФАтФАтФАтФАтФАтФАтФАтФАтФАтФАтФАтФАтФАтФАтФАтФАтФАтФАтФАтФАтФАтФАтФАтФАтФАтФАтФАтФАтФАтФАтФАтФАтФАтФАтФАтФАтФАтФАтФАтФАтФАтФАтФАтФАтФАтФАтФАтФАтФАтФАтФАтФАтФАтФАтФАтФАтФАтФАтФАтФАтФАтФАтФАтФАтФАтФАтФАтФАтФАтФАтФАтФАтФАтФАтФАтФАтФАтФАтФАтФАтФАтФАтФАтФА
тФМтФАтФАтФАтФАтФАтФАтФАтФАтФАтФАтФАтФАтФАтФАтФАтФАтФАтФАтФАтФАтФАтФАтФАтФАтФАтФАтФАтФАтФАтФАтФАтФАтФАтФАтФАтФАтФАтФАтФАтФАтФАтФАтФАтФАтФАтФАтФАтФАтФАтФАтФАтФАтФАтФАтФАтФАтФАтФАтФАтФАтФАтФАтФАтФАтФАтФАтФАтФАтФАтФАтФАтФАтФАтФАтФАтФАтФАтФАтФАтФАтФАтФАтФАтФАтФАтФАтФАтФАтФАтФАтФАтФАтФАтФАтФАтФАтФАтФАтФАтФАтФАтФАтФАтФАтФАтФАтФАтФАтФАтФАтФАтФАтФАтФАтФАтФАтФАтФАтФА
тФВ #0   TestService._completeMultiFactorTest.<anonymous closure> (package:psycho_app/services/test_service.dart:185:17)
тФВ #1   _LinkedHashMapMixin.forEach (dart:_compact_hash:764:13)
тФЬтФДтФДтФДтФДтФДтФДтФДтФДтФДтФДтФДтФДтФДтФДтФДтФДтФДтФДтФДтФДтФДтФДтФДтФДтФДтФДтФДтФДтФДтФДтФДтФДтФДтФДтФДтФДтФДтФДтФДтФДтФДтФДтФДтФДтФДтФДтФДтФДтФДтФДтФДтФДтФДтФДтФДтФДтФДтФДтФДтФДтФДтФДтФДтФДтФДтФДтФДтФДтФДтФДтФДтФДтФДтФДтФДтФДтФДтФДтФДтФДтФДтФДтФДтФДтФДтФДтФДтФДтФДтФДтФДтФДтФДтФДтФДтФДтФДтФДтФДтФДтФДтФДтФДтФДтФДтФДтФДтФДтФДтФДтФДтФДтФДтФДтФДтФДтФДтФДтФД
тФВ ЁЯРЫ   - Scale intelligence: 1 questions
тФФтФАтФАтФАтФАтФАтФАтФАтФАтФАтФАтФАтФАтФАтФАтФАтФАтФАтФАтФАтФАтФАтФАтФАтФАтФАтФАтФАтФАтФАтФАтФАтФАтФАтФАтФАтФАтФАтФАтФАтФАтФАтФАтФАтФАтФАтФАтФАтФАтФАтФАтФАтФАтФАтФАтФАтФАтФАтФАтФАтФАтФАтФАтФАтФАтФАтФАтФАтФАтФАтФАтФАтФАтФАтФАтФАтФАтФАтФАтФАтФАтФАтФАтФАтФАтФАтФАтФАтФАтФАтФАтФАтФАтФАтФАтФАтФАтФАтФАтФАтФАтФАтФАтФАтФАтФАтФАтФАтФАтФАтФАтФАтФАтФАтФАтФАтФАтФАтФАтФА
тФМтФАтФАтФАтФАтФАтФАтФАтФАтФАтФАтФАтФАтФАтФАтФАтФАтФАтФАтФАтФАтФАтФАтФАтФАтФАтФАтФАтФАтФАтФАтФАтФАтФАтФАтФАтФАтФАтФАтФАтФАтФАтФАтФАтФАтФАтФАтФАтФАтФАтФАтФАтФАтФАтФАтФАтФАтФАтФАтФАтФАтФАтФАтФАтФАтФАтФАтФАтФАтФАтФАтФАтФАтФАтФАтФАтФАтФАтФАтФАтФАтФАтФАтФАтФАтФАтФАтФАтФАтФАтФАтФАтФАтФАтФАтФАтФАтФАтФАтФАтФАтФАтФАтФАтФАтФАтФАтФАтФАтФАтФАтФАтФАтФАтФАтФАтФАтФАтФАтФА
тФВ #0   TestService._completeMultiFactorTest.<anonymous closure> (package:psycho_app/services/test_service.dart:185:17)
тФВ #1   _LinkedHashMapMixin.forEach (dart:_compact_hash:764:13)
тФЬтФДтФДтФДтФДтФДтФДтФДтФДтФДтФДтФДтФДтФДтФДтФДтФДтФДтФДтФДтФДтФДтФДтФДтФДтФДтФДтФДтФДтФДтФДтФДтФДтФДтФДтФДтФДтФДтФДтФДтФДтФДтФДтФДтФДтФДтФДтФДтФДтФДтФДтФДтФДтФДтФДтФДтФДтФДтФДтФДтФДтФДтФДтФДтФДтФДтФДтФДтФДтФДтФДтФДтФДтФДтФДтФДтФДтФДтФДтФДтФДтФДтФДтФДтФДтФДтФДтФДтФДтФДтФДтФДтФДтФДтФДтФДтФДтФДтФДтФДтФДтФДтФДтФДтФДтФДтФДтФДтФДтФДтФДтФДтФДтФДтФДтФДтФДтФДтФДтФД
тФВ ЁЯРЫ   - Scale modesty: 1 questions
тФФтФАтФАтФАтФАтФАтФАтФАтФАтФАтФАтФАтФАтФАтФАтФАтФАтФАтФАтФАтФАтФАтФАтФАтФАтФАтФАтФАтФАтФАтФАтФАтФАтФАтФАтФАтФАтФАтФАтФАтФАтФАтФАтФАтФАтФАтФАтФАтФАтФАтФАтФАтФАтФАтФАтФАтФАтФАтФАтФАтФАтФАтФАтФАтФАтФАтФАтФАтФАтФАтФАтФАтФАтФАтФАтФАтФАтФАтФАтФАтФАтФАтФАтФАтФАтФАтФАтФАтФАтФАтФАтФАтФАтФАтФАтФАтФАтФАтФАтФАтФАтФАтФАтФАтФАтФАтФАтФАтФАтФАтФАтФАтФАтФАтФАтФАтФАтФАтФАтФА
тФМтФАтФАтФАтФАтФАтФАтФАтФАтФАтФАтФАтФАтФАтФАтФАтФАтФАтФАтФАтФАтФАтФАтФАтФАтФАтФАтФАтФАтФАтФАтФАтФАтФАтФАтФАтФАтФАтФАтФАтФАтФАтФАтФАтФАтФАтФАтФАтФАтФАтФАтФАтФАтФАтФАтФАтФАтФАтФАтФАтФАтФАтФАтФАтФАтФАтФАтФАтФАтФАтФАтФАтФАтФАтФАтФАтФАтФАтФАтФАтФАтФАтФАтФАтФАтФАтФАтФАтФАтФАтФАтФАтФАтФАтФАтФАтФАтФАтФАтФАтФАтФАтФАтФАтФАтФАтФАтФАтФАтФАтФАтФАтФАтФАтФАтФАтФАтФАтФАтФА
тФВ #0   TestService._completeMultiFactorTest.<anonymous closure> (package:psycho_app/services/test_service.dart:185:17)
тФВ #1   _LinkedHashMapMixin.forEach (dart:_compact_hash:764:13)
тФЬтФДтФДтФДтФДтФДтФДтФДтФДтФДтФДтФДтФДтФДтФДтФДтФДтФДтФДтФДтФДтФДтФДтФДтФДтФДтФДтФДтФДтФДтФДтФДтФДтФДтФДтФДтФДтФДтФДтФДтФДтФДтФДтФДтФДтФДтФДтФДтФДтФДтФДтФДтФДтФДтФДтФДтФДтФДтФДтФДтФДтФДтФДтФДтФДтФДтФДтФДтФДтФДтФДтФДтФДтФДтФДтФДтФДтФДтФДтФДтФДтФДтФДтФДтФДтФДтФДтФДтФДтФДтФДтФДтФДтФДтФДтФДтФДтФДтФДтФДтФДтФДтФДтФДтФДтФДтФДтФДтФДтФДтФДтФДтФДтФДтФДтФДтФДтФДтФДтФД
тФВ ЁЯРЫ   - Scale cooperativeness: 1 questions
тФФтФАтФАтФАтФАтФАтФАтФАтФАтФАтФАтФАтФАтФАтФАтФАтФАтФАтФАтФАтФАтФАтФАтФАтФАтФАтФАтФАтФАтФАтФАтФАтФАтФАтФАтФАтФАтФАтФАтФАтФАтФАтФАтФАтФАтФАтФАтФАтФАтФАтФАтФАтФАтФАтФАтФАтФАтФАтФАтФАтФАтФАтФАтФАтФАтФАтФАтФАтФАтФАтФАтФАтФАтФАтФАтФАтФАтФАтФАтФАтФАтФАтФАтФАтФАтФАтФАтФАтФАтФАтФАтФАтФАтФАтФАтФАтФАтФАтФАтФАтФАтФАтФАтФАтФАтФАтФАтФАтФАтФАтФАтФАтФАтФАтФАтФАтФАтФАтФАтФА
тФМтФАтФАтФАтФАтФАтФАтФАтФАтФАтФАтФАтФАтФАтФАтФАтФАтФАтФАтФАтФАтФАтФАтФАтФАтФАтФАтФАтФАтФАтФАтФАтФАтФАтФАтФАтФАтФАтФАтФАтФАтФАтФАтФАтФАтФАтФАтФАтФАтФАтФАтФАтФАтФАтФАтФАтФАтФАтФАтФАтФАтФАтФАтФАтФАтФАтФАтФАтФАтФАтФАтФАтФАтФАтФАтФАтФАтФАтФАтФАтФАтФАтФАтФАтФАтФАтФАтФАтФАтФАтФАтФАтФАтФАтФАтФАтФАтФАтФАтФАтФАтФАтФАтФАтФАтФАтФАтФАтФАтФАтФАтФАтФАтФАтФАтФАтФАтФАтФАтФА
тФВ #0   TestService._completeMultiFactorTest.<anonymous closure> (package:psycho_app/services/test_service.dart:185:17)
тФВ #1   _LinkedHashMapMixin.forEach (dart:_compact_hash:764:13)
тФЬтФДтФДтФДтФДтФДтФДтФДтФДтФДтФДтФДтФДтФДтФДтФДтФДтФДтФДтФДтФДтФДтФДтФДтФДтФДтФДтФДтФДтФДтФДтФДтФДтФДтФДтФДтФДтФДтФДтФДтФДтФДтФДтФДтФДтФДтФДтФДтФДтФДтФДтФДтФДтФДтФДтФДтФДтФДтФДтФДтФДтФДтФДтФДтФДтФДтФДтФДтФДтФДтФДтФДтФДтФДтФДтФДтФДтФДтФДтФДтФДтФДтФДтФДтФДтФДтФДтФДтФДтФДтФДтФДтФДтФДтФДтФДтФДтФДтФДтФДтФДтФДтФДтФДтФДтФДтФДтФДтФДтФДтФДтФДтФДтФДтФДтФДтФДтФДтФДтФД
тФВ ЁЯРЫ   - Scale punctuality: 1 questions
тФФтФАтФАтФАтФАтФАтФАтФАтФАтФАтФАтФАтФАтФАтФАтФАтФАтФАтФАтФАтФАтФАтФАтФАтФАтФАтФАтФАтФАтФАтФАтФАтФАтФАтФАтФАтФАтФАтФАтФАтФАтФАтФАтФАтФАтФАтФАтФАтФАтФАтФАтФАтФАтФАтФАтФАтФАтФАтФАтФАтФАтФАтФАтФАтФАтФАтФАтФАтФАтФАтФАтФАтФАтФАтФАтФАтФАтФАтФАтФАтФАтФАтФАтФАтФАтФАтФАтФАтФАтФАтФАтФАтФАтФАтФАтФАтФАтФАтФАтФАтФАтФАтФАтФАтФАтФАтФАтФАтФАтФАтФАтФАтФАтФАтФАтФАтФАтФАтФАтФА
тФМтФАтФАтФАтФАтФАтФАтФАтФАтФАтФАтФАтФАтФАтФАтФАтФАтФАтФАтФАтФАтФАтФАтФАтФАтФАтФАтФАтФАтФАтФАтФАтФАтФАтФАтФАтФАтФАтФАтФАтФАтФАтФАтФАтФАтФАтФАтФАтФАтФАтФАтФАтФАтФАтФАтФАтФАтФАтФАтФАтФАтФАтФАтФАтФАтФАтФАтФАтФАтФАтФАтФАтФАтФАтФАтФАтФАтФАтФАтФАтФАтФАтФАтФАтФАтФАтФАтФАтФАтФАтФАтФАтФАтФАтФАтФАтФАтФАтФАтФАтФАтФАтФАтФАтФАтФАтФАтФАтФАтФАтФАтФАтФАтФАтФАтФАтФАтФАтФАтФА
тФВ #0   TestService._completeMultiFactorTest.<anonymous closure> (package:psycho_app/services/test_service.dart:185:17)
тФВ #1   _LinkedHashMapMixin.forEach (dart:_compact_hash:764:13)
тФЬтФДтФДтФДтФДтФДтФДтФДтФДтФДтФДтФДтФДтФДтФДтФДтФДтФДтФДтФДтФДтФДтФДтФДтФДтФДтФДтФДтФДтФДтФДтФДтФДтФДтФДтФДтФДтФДтФДтФДтФДтФДтФДтФДтФДтФДтФДтФДтФДтФДтФДтФДтФДтФДтФДтФДтФДтФДтФДтФДтФДтФДтФДтФДтФДтФДтФДтФДтФДтФДтФДтФДтФДтФДтФДтФДтФДтФДтФДтФДтФДтФДтФДтФДтФДтФДтФДтФДтФДтФДтФДтФДтФДтФДтФДтФДтФДтФДтФДтФДтФДтФДтФДтФДтФДтФДтФДтФДтФДтФДтФДтФДтФДтФДтФДтФДтФДтФДтФДтФД
тФВ ЁЯРЫ   - Scale self_awareness: 1 questions
тФФтФАтФАтФАтФАтФАтФАтФАтФАтФАтФАтФАтФАтФАтФАтФАтФАтФАтФАтФАтФАтФАтФАтФАтФАтФАтФАтФАтФАтФАтФАтФАтФАтФАтФАтФАтФАтФАтФАтФАтФАтФАтФАтФАтФАтФАтФАтФАтФАтФАтФАтФАтФАтФАтФАтФАтФАтФАтФАтФАтФАтФАтФАтФАтФАтФАтФАтФАтФАтФАтФАтФАтФАтФАтФАтФАтФАтФАтФАтФАтФАтФАтФАтФАтФАтФАтФАтФАтФАтФАтФАтФАтФАтФАтФАтФАтФАтФАтФАтФАтФАтФАтФАтФАтФАтФАтФАтФАтФАтФАтФАтФАтФАтФАтФАтФАтФАтФАтФАтФА
тФМтФАтФАтФАтФАтФАтФАтФАтФАтФАтФАтФАтФАтФАтФАтФАтФАтФАтФАтФАтФАтФАтФАтФАтФАтФАтФАтФАтФАтФАтФАтФАтФАтФАтФАтФАтФАтФАтФАтФАтФАтФАтФАтФАтФАтФАтФАтФАтФАтФАтФАтФАтФАтФАтФАтФАтФАтФАтФАтФАтФАтФАтФАтФАтФАтФАтФАтФАтФАтФАтФАтФАтФАтФАтФАтФАтФАтФАтФАтФАтФАтФАтФАтФАтФАтФАтФАтФАтФАтФАтФАтФАтФАтФАтФАтФАтФАтФАтФАтФАтФАтФАтФАтФАтФАтФАтФАтФАтФАтФАтФАтФАтФАтФАтФАтФАтФАтФАтФАтФА
тФВ #0   TestService._completeMultiFactorTest.<anonymous closure> (package:psycho_app/services/test_service.dart:185:17)
тФВ #1   _LinkedHashMapMixin.forEach (dart:_compact_hash:764:13)
тФЬтФДтФДтФДтФДтФДтФДтФДтФДтФДтФДтФДтФДтФДтФДтФДтФДтФДтФДтФДтФДтФДтФДтФДтФДтФДтФДтФДтФДтФДтФДтФДтФДтФДтФДтФДтФДтФДтФДтФДтФДтФДтФДтФДтФДтФДтФДтФДтФДтФДтФДтФДтФДтФДтФДтФДтФДтФДтФДтФДтФДтФДтФДтФДтФДтФДтФДтФДтФДтФДтФДтФДтФДтФДтФДтФДтФДтФДтФДтФДтФДтФДтФДтФДтФДтФДтФДтФДтФДтФДтФДтФДтФДтФДтФДтФДтФДтФДтФДтФДтФДтФДтФДтФДтФДтФДтФДтФДтФДтФДтФДтФДтФДтФДтФДтФДтФДтФДтФДтФД
тФВ ЁЯРЫ   - Scale cognitive_reappraisal: 1 questions
тФФтФАтФАтФАтФАтФАтФАтФАтФАтФАтФАтФАтФАтФАтФАтФАтФАтФАтФАтФАтФАтФАтФАтФАтФАтФАтФАтФАтФАтФАтФАтФАтФАтФАтФАтФАтФАтФАтФАтФАтФАтФАтФАтФАтФАтФАтФАтФАтФАтФАтФАтФАтФАтФАтФАтФАтФАтФАтФАтФАтФАтФАтФАтФАтФАтФАтФАтФАтФАтФАтФАтФАтФАтФАтФАтФАтФАтФАтФАтФАтФАтФАтФАтФАтФАтФАтФАтФАтФАтФАтФАтФАтФАтФАтФАтФАтФАтФАтФАтФАтФАтФАтФАтФАтФАтФАтФАтФАтФАтФАтФАтФАтФАтФАтФАтФАтФАтФАтФАтФА
тФМтФАтФАтФАтФАтФАтФАтФАтФАтФАтФАтФАтФАтФАтФАтФАтФАтФАтФАтФАтФАтФАтФАтФАтФАтФАтФАтФАтФАтФАтФАтФАтФАтФАтФАтФАтФАтФАтФАтФАтФАтФАтФАтФАтФАтФАтФАтФАтФАтФАтФАтФАтФАтФАтФАтФАтФАтФАтФАтФАтФАтФАтФАтФАтФАтФАтФАтФАтФАтФАтФАтФАтФАтФАтФАтФАтФАтФАтФАтФАтФАтФАтФАтФАтФАтФАтФАтФАтФАтФАтФАтФАтФАтФАтФАтФАтФАтФАтФАтФАтФАтФАтФАтФАтФАтФАтФАтФАтФАтФАтФАтФАтФАтФАтФАтФАтФАтФАтФАтФА
тФВ #0   TestService._completeMultiFactorTest.<anonymous closure> (package:psycho_app/services/test_service.dart:185:17)
тФВ #1   _LinkedHashMapMixin.forEach (dart:_compact_hash:764:13)
тФЬтФДтФДтФДтФДтФДтФДтФДтФДтФДтФДтФДтФДтФДтФДтФДтФДтФДтФДтФДтФДтФДтФДтФДтФДтФДтФДтФДтФДтФДтФДтФДтФДтФДтФДтФДтФДтФДтФДтФДтФДтФДтФДтФДтФДтФДтФДтФДтФДтФДтФДтФДтФДтФДтФДтФДтФДтФДтФДтФДтФДтФДтФДтФДтФДтФДтФДтФДтФДтФДтФДтФДтФДтФДтФДтФДтФДтФДтФДтФДтФДтФДтФДтФДтФДтФДтФДтФДтФДтФДтФДтФДтФДтФДтФДтФДтФДтФДтФДтФДтФДтФДтФДтФДтФДтФДтФДтФДтФДтФДтФДтФДтФДтФДтФДтФДтФДтФДтФДтФД
тФВ ЁЯРЫ   - Scale charisma: 1 questions
тФФтФАтФАтФАтФАтФАтФАтФАтФАтФАтФАтФАтФАтФАтФАтФАтФАтФАтФАтФАтФАтФАтФАтФАтФАтФАтФАтФАтФАтФАтФАтФАтФАтФАтФАтФАтФАтФАтФАтФАтФАтФАтФАтФАтФАтФАтФАтФАтФАтФАтФАтФАтФАтФАтФАтФАтФАтФАтФАтФАтФАтФАтФАтФАтФАтФАтФАтФАтФАтФАтФАтФАтФАтФАтФАтФАтФАтФАтФАтФАтФАтФАтФАтФАтФАтФАтФАтФАтФАтФАтФАтФАтФАтФАтФАтФАтФАтФАтФАтФАтФАтФАтФАтФАтФАтФАтФАтФАтФАтФАтФАтФАтФАтФАтФАтФАтФАтФАтФАтФА
тФМтФАтФАтФАтФАтФАтФАтФАтФАтФАтФАтФАтФАтФАтФАтФАтФАтФАтФАтФАтФАтФАтФАтФАтФАтФАтФАтФАтФАтФАтФАтФАтФАтФАтФАтФАтФАтФАтФАтФАтФАтФАтФАтФАтФАтФАтФАтФАтФАтФАтФАтФАтФАтФАтФАтФАтФАтФАтФАтФАтФАтФАтФАтФАтФАтФАтФАтФАтФАтФАтФАтФАтФАтФАтФАтФАтФАтФАтФАтФАтФАтФАтФАтФАтФАтФАтФАтФАтФАтФАтФАтФАтФАтФАтФАтФАтФАтФАтФАтФАтФАтФАтФАтФАтФАтФАтФАтФАтФАтФАтФАтФАтФАтФАтФАтФАтФАтФАтФАтФА
тФВ #0   TestService._completeMultiFactorTest.<anonymous closure> (package:psycho_app/services/test_service.dart:185:17)
тФВ #1   _LinkedHashMapMixin.forEach (dart:_compact_hash:764:13)
тФЬтФДтФДтФДтФДтФДтФДтФДтФДтФДтФДтФДтФДтФДтФДтФДтФДтФДтФДтФДтФДтФДтФДтФДтФДтФДтФДтФДтФДтФДтФДтФДтФДтФДтФДтФДтФДтФДтФДтФДтФДтФДтФДтФДтФДтФДтФДтФДтФДтФДтФДтФДтФДтФДтФДтФДтФДтФДтФДтФДтФДтФДтФДтФДтФДтФДтФДтФДтФДтФДтФДтФДтФДтФДтФДтФДтФДтФДтФДтФДтФДтФДтФДтФДтФДтФДтФДтФДтФДтФДтФДтФДтФДтФДтФДтФДтФДтФДтФДтФДтФДтФДтФДтФДтФДтФДтФДтФДтФДтФДтФДтФДтФДтФДтФДтФДтФДтФДтФДтФД
тФВ ЁЯРЫ   - Scale fluency: 1 questions
тФФтФАтФАтФАтФАтФАтФАтФАтФАтФАтФАтФАтФАтФАтФАтФАтФАтФАтФАтФАтФАтФАтФАтФАтФАтФАтФАтФАтФАтФАтФАтФАтФАтФАтФАтФАтФАтФАтФАтФАтФАтФАтФАтФАтФАтФАтФАтФАтФАтФАтФАтФАтФАтФАтФАтФАтФАтФАтФАтФАтФАтФАтФАтФАтФАтФАтФАтФАтФАтФАтФАтФАтФАтФАтФАтФАтФАтФАтФАтФАтФАтФАтФАтФАтФАтФАтФАтФАтФАтФАтФАтФАтФАтФАтФАтФАтФАтФАтФАтФАтФАтФАтФАтФАтФАтФАтФАтФАтФАтФАтФАтФАтФАтФАтФАтФАтФАтФАтФАтФА
тФМтФАтФАтФАтФАтФАтФАтФАтФАтФАтФАтФАтФАтФАтФАтФАтФАтФАтФАтФАтФАтФАтФАтФАтФАтФАтФАтФАтФАтФАтФАтФАтФАтФАтФАтФАтФАтФАтФАтФАтФАтФАтФАтФАтФАтФАтФАтФАтФАтФАтФАтФАтФАтФАтФАтФАтФАтФАтФАтФАтФАтФАтФАтФАтФАтФАтФАтФАтФАтФАтФАтФАтФАтФАтФАтФАтФАтФАтФАтФАтФАтФАтФАтФАтФАтФАтФАтФАтФАтФАтФАтФАтФАтФАтФАтФАтФАтФАтФАтФАтФАтФАтФАтФАтФАтФАтФАтФАтФАтФАтФАтФАтФАтФАтФАтФАтФАтФАтФАтФА
тФВ #0   TestService._completeMultiFactorTest (package:psycho_app/services/test_service.dart:252:15)
тФВ #1   TestService.completeTest (package:psycho_app/services/test_service.dart:59:16)
тФЬтФДтФДтФДтФДтФДтФДтФДтФДтФДтФДтФДтФДтФДтФДтФДтФДтФДтФДтФДтФДтФДтФДтФДтФДтФДтФДтФДтФДтФДтФДтФДтФДтФДтФДтФДтФДтФДтФДтФДтФДтФДтФДтФДтФДтФДтФДтФДтФДтФДтФДтФДтФДтФДтФДтФДтФДтФДтФДтФДтФДтФДтФДтФДтФДтФДтФДтФДтФДтФДтФДтФДтФДтФДтФДтФДтФДтФДтФДтФДтФДтФДтФДтФДтФДтФДтФДтФДтФДтФДтФДтФДтФДтФДтФДтФДтФДтФДтФДтФДтФДтФДтФДтФДтФДтФДтФДтФДтФДтФДтФДтФДтФДтФДтФДтФДтФДтФДтФДтФД
тФВ ЁЯРЫ Created TestResult for ipip_big_five
тФФтФАтФАтФАтФАтФАтФАтФАтФАтФАтФАтФАтФАтФАтФАтФАтФАтФАтФАтФАтФАтФАтФАтФАтФАтФАтФАтФАтФАтФАтФАтФАтФАтФАтФАтФАтФАтФАтФАтФАтФАтФАтФАтФАтФАтФАтФАтФАтФАтФАтФАтФАтФАтФАтФАтФАтФАтФАтФАтФАтФАтФАтФАтФАтФАтФАтФАтФАтФАтФАтФАтФАтФАтФАтФАтФАтФАтФАтФАтФАтФАтФАтФАтФАтФАтФАтФАтФАтФАтФАтФАтФАтФАтФАтФАтФАтФАтФАтФАтФАтФАтФАтФАтФАтФАтФАтФАтФАтФАтФАтФАтФАтФАтФАтФАтФАтФАтФАтФАтФА
тФМтФАтФАтФАтФАтФАтФАтФАтФАтФАтФАтФАтФАтФАтФАтФАтФАтФАтФАтФАтФАтФАтФАтФАтФАтФАтФАтФАтФАтФАтФАтФАтФАтФАтФАтФАтФАтФАтФАтФАтФАтФАтФАтФАтФАтФАтФАтФАтФАтФАтФАтФАтФАтФАтФАтФАтФАтФАтФАтФАтФАтФАтФАтФАтФАтФАтФАтФАтФАтФАтФАтФАтФАтФАтФАтФАтФАтФАтФАтФАтФАтФАтФАтФАтФАтФАтФАтФАтФАтФАтФАтФАтФАтФАтФАтФАтФАтФАтФАтФАтФАтФАтФАтФАтФАтФАтФАтФАтФАтФАтФАтФАтФАтФАтФАтФАтФАтФАтФАтФА
тФВ #0   TestService._completeMultiFactorTest (package:psycho_app/services/test_service.dart:253:15)
тФВ #1   TestService.completeTest (package:psycho_app/services/test_service.dart:59:16)
тФЬтФДтФДтФДтФДтФДтФДтФДтФДтФДтФДтФДтФДтФДтФДтФДтФДтФДтФДтФДтФДтФДтФДтФДтФДтФДтФДтФДтФДтФДтФДтФДтФДтФДтФДтФДтФДтФДтФДтФДтФДтФДтФДтФДтФДтФДтФДтФДтФДтФДтФДтФДтФДтФДтФДтФДтФДтФДтФДтФДтФДтФДтФДтФДтФДтФДтФДтФДтФДтФДтФДтФДтФДтФДтФДтФДтФДтФДтФДтФДтФДтФДтФДтФДтФДтФДтФДтФДтФДтФДтФДтФДтФДтФДтФДтФДтФДтФДтФДтФДтФДтФДтФДтФДтФДтФДтФДтФДтФДтФДтФДтФДтФДтФДтФДтФДтФДтФДтФДтФД
тФВ ЁЯРЫ   - questionContributions is not null (78 scales)
тФФтФАтФАтФАтФАтФАтФАтФАтФАтФАтФАтФАтФАтФАтФАтФАтФАтФАтФАтФАтФАтФАтФАтФАтФАтФАтФАтФАтФАтФАтФАтФАтФАтФАтФАтФАтФАтФАтФАтФАтФАтФАтФАтФАтФАтФАтФАтФАтФАтФАтФАтФАтФАтФАтФАтФАтФАтФАтФАтФАтФАтФАтФАтФАтФАтФАтФАтФАтФАтФАтФАтФАтФАтФАтФАтФАтФАтФАтФАтФАтФАтФАтФАтФАтФАтФАтФАтФАтФАтФАтФАтФАтФАтФАтФАтФАтФАтФАтФАтФАтФАтФАтФАтФАтФАтФАтФАтФАтФАтФАтФАтФАтФАтФАтФАтФАтФАтФАтФАтФА
00:02 +139 -11: Some tests failed.
